       Step     Time          Energy          fmax
MDMin:    0 01:02:02    -2393.888387        8.643345
MDMin:    1 01:02:04    -2393.892176        8.699310
MDMin:    2 01:02:06    -2393.903015        8.409152
MDMin:    3 01:02:08    -2393.919366        7.685050
MDMin:    4 01:02:10    -2393.939320        8.260593
MDMin:    5 01:02:11    -2393.954879        5.671386
MDMin:    6 01:02:13    -2393.969237        5.915588
MDMin:    7 01:02:15    -2393.981553        6.223723
MDMin:    8 01:02:17    -2393.992423        2.798614
MDMin:    9 01:02:19    -2394.003626        3.389285
MDMin:   10 01:02:21    -2394.013679        4.382315
MDMin:   11 01:02:22    -2394.022376        2.785644
MDMin:   12 01:02:24    -2394.031531        1.532452
MDMin:   13 01:02:26    -2394.041826        1.610660
MDMin:   14 01:02:28    -2394.051081        2.035478
MDMin:   15 01:02:30    -2394.057827        2.230068
MDMin:   16 01:02:32    -2394.062267        2.123689
MDMin:   17 01:02:33    -2394.066585        1.940805
MDMin:   18 01:02:35    -2394.071608        1.685389
MDMin:   19 01:02:36    -2394.077689        1.271585
MDMin:   20 01:02:37    -2394.085125        1.172238
MDMin:   21 01:02:38    -2394.094047        1.170302
MDMin:   22 01:02:40    -2394.104469        1.150624
MDMin:   23 01:02:42    -2394.116458        1.105317
MDMin:   24 01:02:44    -2394.130023        1.047555
MDMin:   25 01:02:46    -2394.144545        1.180076
MDMin:   26 01:02:48    -2394.157277        1.288558
MDMin:   27 01:02:50    -2394.166824        1.037324
MDMin:   28 01:02:51    -2394.176898        1.020126
MDMin:   29 01:02:53    -2394.188858        1.011927
MDMin:   30 01:02:55    -2394.203468        0.970516
MDMin:   31 01:02:57    -2394.221721        0.899389
MDMin:   32 01:02:59    -2394.245120        0.817354
MDMin:   33 01:03:01    -2394.275958        0.767349
MDMin:   34 01:03:02    -2394.317588        0.855191
MDMin:   35 01:03:04    -2394.374813        0.978227
MDMin:   36 01:03:06    -2394.454069        1.158046
MDMin:   37 01:03:08    -2394.562377        1.416494
MDMin:   38 01:03:10    -2394.703183        1.758565
MDMin:   39 01:03:12    -2394.884190        2.178494
MDMin:   40 01:03:14    -2395.131646        2.668958
MDMin:   41 01:03:15    -2395.387994        3.148910
MDMin:   42 01:03:16    -2395.586236        3.187566
MDMin:   43 01:03:18    -2395.808467        2.251046
MDMin:   44 01:03:20    -2395.906850        2.420497
MDMin:   45 01:03:22    -2395.994593        2.234715
MDMin:   46 01:03:24    -2396.101749        1.776306
MDMin:   47 01:03:26    -2396.229536        1.588805
MDMin:   48 01:03:28    -2396.395266        1.604775
MDMin:   49 01:03:30    -2396.565316        1.447425
MDMin:   50 01:03:31    -2396.694207        1.670801
MDMin:   51 01:03:33    -2396.736015        1.144216
MDMin:   52 01:03:35    -2396.751252        1.113899
MDMin:   53 01:03:37    -2396.770667        1.074876
MDMin:   54 01:03:38    -2396.792566        1.030453
MDMin:   55 01:03:40    -2396.816119        0.982229
MDMin:   56 01:03:42    -2396.840752        0.931247
MDMin:   57 01:03:44    -2396.865915        0.878462
MDMin:   58 01:03:46    -2396.891127        0.824815
MDMin:   59 01:03:48    -2396.916011        0.771372
MDMin:   60 01:03:50    -2396.940340        0.719420
MDMin:   61 01:03:52    -2396.964046        0.670376
MDMin:   62 01:03:53    -2396.987187        0.644814
MDMin:   63 01:03:55    -2397.009879        0.664609
MDMin:   64 01:03:57    -2397.032219        0.687334
MDMin:   65 01:03:59    -2397.054231        0.713417
MDMin:   66 01:04:01    -2397.075854        0.757754
MDMin:   67 01:04:02    -2397.096963        0.795962
MDMin:   68 01:04:04    -2397.117374        0.822525
MDMin:   69 01:04:05    -2397.136621        0.833755
MDMin:   70 01:04:07    -2397.152272        1.220873
MDMin:   71 01:04:09    -2397.159103        0.828853
MDMin:   72 01:04:11    -2397.163680        0.825984
MDMin:   73 01:04:13    -2397.168815        0.822068
MDMin:   74 01:04:15    -2397.174538        0.816916
MDMin:   75 01:04:17    -2397.180802        0.810441
MDMin:   76 01:04:19    -2397.187556        0.802618
MDMin:   77 01:04:21    -2397.194743        0.809453
MDMin:   78 01:04:23    -2397.202308        0.833829
MDMin:   79 01:04:25    -2397.210195        0.853872
MDMin:   80 01:04:26    -2397.218349        0.864524
MDMin:   81 01:04:28    -2397.226726        0.859997
MDMin:   82 01:04:29    -2397.235293        0.834899
MDMin:   83 01:04:31    -2397.244027        0.784987
MDMin:   84 01:04:33    -2397.252896        0.709061
MDMin:   85 01:04:35    -2397.261710        0.672975
MDMin:   86 01:04:37    -2397.268970        1.131992
MDMin:   87 01:04:39    -2397.271453        0.651928
MDMin:   88 01:04:41    -2397.273887        0.646601
MDMin:   89 01:04:43    -2397.276630        0.640578
MDMin:   90 01:04:45    -2397.279677        0.633879
MDMin:   91 01:04:47    -2397.283017        0.626566
MDMin:   92 01:04:49    -2397.286632        0.618703
MDMin:   93 01:04:51    -2397.290505        0.610319
MDMin:   94 01:04:53    -2397.294619        0.601344
MDMin:   95 01:04:55    -2397.298955        0.591511
MDMin:   96 01:04:57    -2397.303496        0.580239
MDMin:   97 01:04:59    -2397.308227        0.566556
MDMin:   98 01:05:00    -2397.313123        0.549129
MDMin:   99 01:05:02    -2397.318130        0.533987
MDMin:  100 01:05:03    -2397.323007        0.558563
MDMin:  101 01:05:05    -2397.326896        0.758394
MDMin:  102 01:05:07    -2397.328884        0.582338
MDMin:  103 01:05:09    -2397.330652        0.587404
MDMin:  104 01:05:10    -2397.332654        0.591661
MDMin:  105 01:05:12    -2397.334910        0.594324
MDMin:  106 01:05:14    -2397.337420        0.594320
MDMin:  107 01:05:16    -2397.340187        0.590378
MDMin:  108 01:05:18    -2397.343213        0.581114
MDMin:  109 01:05:19    -2397.346506        0.565207
MDMin:  110 01:05:21    -2397.350073        0.541643
MDMin:  111 01:05:22    -2397.353927        0.527102
MDMin:  112 01:05:24    -2397.358085        0.532697
MDMin:  113 01:05:25    -2397.362565        0.539290
MDMin:  114 01:05:27    -2397.367381        0.546994
MDMin:  115 01:05:28    -2397.372507        0.555767
MDMin:  116 01:05:30    -2397.377666        0.564938
MDMin:  117 01:05:31    -2397.381662        0.775728
MDMin:  118 01:05:33    -2397.383460        0.574960
MDMin:  119 01:05:34    -2397.385360        0.578113
MDMin:  120 01:05:36    -2397.387568        0.581732
MDMin:  121 01:05:38    -2397.390096        0.585787
MDMin:  122 01:05:40    -2397.392958        0.590205
MDMin:  123 01:05:42    -2397.396166        0.594876
MDMin:  124 01:05:44    -2397.399735        0.599637
MDMin:  125 01:05:46    -2397.403683        0.604267
MDMin:  126 01:05:48    -2397.408029        0.608493
MDMin:  127 01:05:50    -2397.412558        0.611991
MDMin:  128 01:05:51    -2397.415650        0.614070
MDMin:  129 01:05:52    -2397.419796        0.615174
MDMin:  130 01:05:53    -2397.424463        0.615188
MDMin:  131 01:05:54    -2397.429213        0.613924
MDMin:  132 01:05:55    -2397.432420        0.611711
MDMin:  133 01:05:57    -2397.437088        0.608575
MDMin:  134 01:05:59    -2397.442355        0.604440
MDMin:  135 01:06:00    -2397.445979        0.599405
MDMin:  136 01:06:02    -2397.450811        0.594488
MDMin:  137 01:06:03    -2397.455610        0.589543
MDMin:  138 01:06:05    -2397.460230        0.584538
MDMin:  139 01:06:07    -2397.462206        0.580185
MDMin:  140 01:06:09    -2397.466010        0.575707
MDMin:  141 01:06:10    -2397.470259        0.570484
MDMin:  142 01:06:12    -2397.471347        0.564192
MDMin:  143 01:06:14    -2397.477115        0.557403
MDMin:  144 01:06:16    -2397.481148        0.549426
MDMin:  145 01:06:18    -2397.484149        0.540658
MDMin:  146 01:06:20    -2397.489373        0.530391
MDMin:  147 01:06:22    -2397.491027        0.517704
MDMin:  148 01:06:24    -2397.498010        0.503931
MDMin:  149 01:06:26    -2397.500745        0.494185
MDMin:  150 01:06:28    -2397.507343        0.496354
MDMin:  151 01:06:30    -2397.509541        0.520722
MDMin:  152 01:06:32    -2397.513171        0.619551
MDMin:  153 01:06:34    -2397.512670        0.581871
MDMin:  154 01:06:35    -2397.512277        0.581458
MDMin:  155 01:06:37    -2397.512021        0.600534
MDMin:  156 01:06:39    -2397.511922        0.618795
MDMin:  157 01:06:41    -2397.511990        0.634789
MDMin:  158 01:06:43    -2397.512225        0.646482
MDMin:  159 01:06:46    -2397.512617        0.650980
MDMin:  160 01:06:48    -2397.513154        0.650484
MDMin:  161 01:06:49    -2397.513814        0.702415
MDMin:  162 01:06:51    -2397.512778        0.766594
MDMin:  163 01:06:53    -2397.513495        0.842524
MDMin:  164 01:06:55    -2397.513920        0.919132
MDMin:  165 01:06:57    -2397.514123        0.975019
MDMin:  166 01:06:59    -2397.514232        1.013710
MDMin:  167 01:07:01    -2397.514319        1.048259
MDMin:  168 01:07:03    -2397.514392        1.077595
MDMin:  169 01:07:05    -2397.514446        1.095490
MDMin:  170 01:07:07    -2397.514480        1.094466
MDMin:  171 01:07:09    -2397.514489        1.068442
MDMin:  172 01:07:11    -2397.514471        1.045072
MDMin:  173 01:07:12    -2397.514426        1.118723
MDMin:  174 01:07:14    -2397.514350        1.190372
MDMin:  175 01:07:16    -2397.514244        1.243688
MDMin:  176 01:07:18    -2397.514105        1.255897
MDMin:  177 01:07:20    -2397.513932        1.205737
MDMin:  178 01:07:22    -2397.513729        1.092762
MDMin:  179 01:07:24    -2397.513533        1.110938
MDMin:  180 01:07:26    -2397.513433        0.919211
MDMin:  181 01:07:28    -2397.513343        0.875299
MDMin:  182 01:07:30    -2397.513234        0.826462
MDMin:  183 01:07:32    -2397.513105        0.775518
MDMin:  184 01:07:33    -2397.512951        0.753721
MDMin:  185 01:07:35    -2397.512773        0.727893
MDMin:  186 01:07:36    -2397.512566        0.697507
MDMin:  187 01:07:38    -2397.512329        0.662446
MDMin:  188 01:07:40    -2397.512060        0.623360
MDMin:  189 01:07:42    -2397.511757        0.604251
MDMin:  190 01:07:44    -2397.511420        0.608752
MDMin:  191 01:07:46    -2397.511049        0.614500
MDMin:  192 01:07:48    -2397.510652        0.621182
MDMin:  193 01:07:50    -2397.510276        0.775432
MDMin:  194 01:07:52    -2397.510084        0.629205
MDMin:  195 01:07:54    -2397.509997        0.629896
MDMin:  196 01:07:56    -2397.509884        0.630549
MDMin:  197 01:07:58    -2397.509752        0.630864
MDMin:  198 01:08:00    -2397.509599        0.630480
MDMin:  199 01:08:02    -2397.509428        0.628879
MDMin:  200 01:08:04    -2397.509237        0.625369
MDMin:  201 01:08:05    -2397.509028        0.619098
MDMin:  202 01:08:07    -2397.508801        0.609136
MDMin:  203 01:08:08    -2397.508557        0.594629
MDMin:  204 01:08:09    -2397.508298        0.575029
MDMin:  205 01:08:11    -2397.508025        0.550333
MDMin:  206 01:08:12    -2397.507740        0.521240
MDMin:  207 01:08:14    -2397.507446        0.489119
MDMin:  208 01:08:16    -2397.507145        0.494559
MDMin:  209 01:08:18    -2397.506840        0.500418
MDMin:  210 01:08:20    -2397.506535        0.503785
MDMin:  211 01:08:22    -2397.506235        0.501764
MDMin:  212 01:08:23    -2397.505949        0.491536
MDMin:  213 01:08:25    -2397.505749        0.885034
MDMin:  214 01:08:27    -2397.505709        0.474306
MDMin:  215 01:08:28    -2397.505648        0.468662
MDMin:  216 01:08:31    -2397.505579        0.461564
MDMin:  217 01:08:33    -2397.505501        0.452791
MDMin:  218 01:08:35    -2397.505417        0.442172
MDMin:  219 01:08:37    -2397.505326        0.429588
MDMin:  220 01:08:38    -2397.505230        0.415007
MDMin:  221 01:08:39    -2397.505131        0.398515
MDMin:  222 01:08:41    -2397.505029        0.380332
MDMin:  223 01:08:43    -2397.504928        0.360812
MDMin:  224 01:08:45    -2397.504828        0.356651
MDMin:  225 01:08:47    -2397.504733        0.353753
MDMin:  226 01:08:48    -2397.504645        0.350642
MDMin:  227 01:08:49    -2397.504565        0.347388
MDMin:  228 01:08:51    -2397.504498        0.344097
MDMin:  229 01:08:52    -2397.504448        0.340956
MDMin:  230 01:08:53    -2397.504421        0.626473
MDMin:  231 01:08:55    -2397.504417        0.337984
MDMin:  232 01:08:56    -2397.504411        0.337132
MDMin:  233 01:08:57    -2397.504406        0.336212
MDMin:  234 01:08:59    -2397.504402        0.335239
MDMin:  235 01:09:02    -2397.504400        0.334237
MDMin:  236 01:09:04    -2397.504401        0.333233
MDMin:  237 01:09:06    -2397.504406        0.332248
MDMin:  238 01:09:08    -2397.504415        0.331302
MDMin:  239 01:09:10    -2397.504430        0.330403
MDMin:  240 01:09:12    -2397.504451        0.329545
MDMin:  241 01:09:14    -2397.504481        0.328696
MDMin:  242 01:09:16    -2397.504518        0.327790
MDMin:  243 01:09:18    -2397.504566        0.326710
MDMin:  244 01:09:19    -2397.504623        0.325285
MDMin:  245 01:09:21    -2397.504688        0.323335
MDMin:  246 01:09:23    -2397.504748        0.420641
MDMin:  247 01:09:25    -2397.504777        0.319846
MDMin:  248 01:09:27    -2397.504803        0.318655
MDMin:  249 01:09:30    -2397.504833        0.317160
MDMin:  250 01:09:31    -2397.504869        0.315275
MDMin:  251 01:09:33    -2397.504910        0.312907
MDMin:  252 01:09:35    -2397.504957        0.309938
MDMin:  253 01:09:37    -2397.505011        0.306232
MDMin:  254 01:09:38    -2397.505071        0.301629
MDMin:  255 01:09:40    -2397.505138        0.302205
MDMin:  256 01:09:42    -2397.505213        0.308555
MDMin:  257 01:09:44    -2397.505295        0.313134
MDMin:  258 01:09:46    -2397.505386        0.313576
MDMin:  259 01:09:48    -2397.505486        0.307864
MDMin:  260 01:09:49    -2397.505596        0.297092
MDMin:  261 01:09:50    -2397.505716        0.291640
MDMin:  262 01:09:51    -2397.505840        0.291339
MDMin:  263 01:09:52    -2397.505944        0.417696
MDMin:  264 01:09:54    -2397.505996        0.290141
MDMin:  265 01:09:55    -2397.506044        0.289587
MDMin:  266 01:09:56    -2397.506100        0.288905
MDMin:  267 01:09:57    -2397.506164        0.288068
MDMin:  268 01:09:59    -2397.506237        0.287049
MDMin:  269 01:10:00    -2397.506318        0.287553
MDMin:  270 01:10:01    -2397.506409        0.289423
MDMin:  271 01:10:03    -2397.506510        0.291393
MDMin:  272 01:10:04    -2397.506622        0.293447
MDMin:  273 01:10:06    -2397.506744        0.295558
MDMin:  274 01:10:08    -2397.506879        0.297684
MDMin:  275 01:10:10    -2397.507025        0.299770
MDMin:  276 01:10:11    -2397.507181        0.301727
MDMin:  277 01:10:13    -2397.507340        0.303390
MDMin:  278 01:10:14    -2397.507468        0.378014
MDMin:  279 01:10:16    -2397.507537        0.304914
MDMin:  280 01:10:18    -2397.507603        0.305289
MDMin:  281 01:10:20    -2397.507678        0.305655
MDMin:  282 01:10:22    -2397.507765        0.305988
MDMin:  283 01:10:24    -2397.507862        0.306258
MDMin:  284 01:10:26    -2397.507972        0.306425
MDMin:  285 01:10:28    -2397.508093        0.306445
MDMin:  286 01:10:30    -2397.508227        0.306264
MDMin:  287 01:10:32    -2397.508374        0.305821
MDMin:  288 01:10:34    -2397.508535        0.305053
MDMin:  289 01:10:36    -2397.508710        0.303899
MDMin:  290 01:10:38    -2397.508899        0.302324
MDMin:  291 01:10:40    -2397.509100        0.300306
MDMin:  292 01:10:42    -2397.509299        0.297989
MDMin:  293 01:10:44    -2397.509449        0.359604
MDMin:  294 01:10:46    -2397.509527        0.294980
MDMin:  295 01:10:48    -2397.509610        0.293804
MDMin:  296 01:10:50    -2397.509706        0.292433
MDMin:  297 01:10:51    -2397.509815        0.290856
MDMin:  298 01:10:53    -2397.509937        0.289074
MDMin:  299 01:10:55    -2397.510072        0.287096
MDMin:  300 01:10:57    -2397.510221        0.284942
MDMin:  301 01:10:59    -2397.510385        0.282645
MDMin:  302 01:11:00    -2397.510562        0.280259
MDMin:  303 01:11:01    -2397.510755        0.277853
MDMin:  304 01:11:02    -2397.510962        0.275534
MDMin:  305 01:11:04    -2397.511184        0.273438
MDMin:  306 01:11:05    -2397.511417        0.271728
MDMin:  307 01:11:07    -2397.511642        0.286566
MDMin:  308 01:11:10    -2397.511804        0.342905
MDMin:  309 01:11:11    -2397.511890        0.269996
MDMin:  310 01:11:13    -2397.511981        0.269963
MDMin:  311 01:11:15    -2397.512086        0.270072
MDMin:  312 01:11:17    -2397.512205        0.270396
MDMin:  313 01:11:19    -2397.512338        0.271021
MDMin:  314 01:11:21    -2397.512485        0.272059
MDMin:  315 01:11:23    -2397.512647        0.273648
MDMin:  316 01:11:25    -2397.512823        0.275960
MDMin:  317 01:11:27    -2397.513014        0.279208
MDMin:  318 01:11:29    -2397.513219        0.283655
MDMin:  319 01:11:31    -2397.513440        0.289599
MDMin:  320 01:11:33    -2397.513675        0.297327
MDMin:  321 01:11:34    -2397.513923        0.306946
MDMin:  322 01:11:36    -2397.514180        0.317887
MDMin:  323 01:11:37    -2397.514425        0.327842
MDMin:  324 01:11:38    -2397.514600        0.344940
MDMin:  325 01:11:40    -2397.514696        0.335160
MDMin:  326 01:11:42    -2397.514798        0.336000
MDMin:  327 01:11:44    -2397.514914        0.335277
MDMin:  328 01:11:46    -2397.515045        0.332181
MDMin:  329 01:11:48    -2397.515193        0.326156
MDMin:  330 01:11:50    -2397.515356        0.317489
MDMin:  331 01:11:52    -2397.515536        0.307746
MDMin:  332 01:11:54    -2397.515733        0.299266
MDMin:  333 01:11:55    -2397.515946        0.293609
MDMin:  334 01:11:58    -2397.516178        0.291191
MDMin:  335 01:12:00    -2397.516426        0.289767
MDMin:  336 01:12:02    -2397.516692        0.289483
MDMin:  337 01:12:04    -2397.516973        0.289904
MDMin:  338 01:12:05    -2397.517257        0.290532
MDMin:  339 01:12:07    -2397.517488        0.378798
MDMin:  340 01:12:08    -2397.517609        0.291194
MDMin:  341 01:12:10    -2397.517723        0.291336
MDMin:  342 01:12:12    -2397.517851        0.291454
MDMin:  343 01:12:13    -2397.517997        0.291509
MDMin:  344 01:12:15    -2397.518160        0.291442
MDMin:  345 01:12:17    -2397.518340        0.291172
MDMin:  346 01:12:19    -2397.518539        0.290594
MDMin:  347 01:12:21    -2397.518756        0.289595
MDMin:  348 01:12:23    -2397.518991        0.288011
MDMin:  349 01:12:24    -2397.519246        0.285798
MDMin:  350 01:12:26    -2397.519521        0.286479
MDMin:  351 01:12:28    -2397.519814        0.287189
MDMin:  352 01:12:30    -2397.520120        0.288056
MDMin:  353 01:12:31    -2397.520418        0.290042
MDMin:  354 01:12:33    -2397.520642        0.335201
MDMin:  355 01:12:35    -2397.520773        0.292265
MDMin:  356 01:12:36    -2397.520905        0.293062
MDMin:  357 01:12:38    -2397.521056        0.293959
MDMin:  358 01:12:40    -2397.521226        0.294962
MDMin:  359 01:12:42    -2397.521416        0.296061
MDMin:  360 01:12:44    -2397.521627        0.297244
MDMin:  361 01:12:46    -2397.521859        0.298491
MDMin:  362 01:12:48    -2397.522114        0.299773
MDMin:  363 01:12:50    -2397.522135        0.301048
MDMin:  364 01:12:52    -2397.522141        0.302259
MDMin:  365 01:12:54    -2397.522139        0.303324
MDMin:  366 01:12:56    -2397.522130        0.304132
MDMin:  367 01:12:58    -2397.522111        0.304542
MDMin:  368 01:13:00    -2397.522085        0.327286
MDMin:  369 01:13:02    -2397.522064        0.304073
MDMin:  370 01:13:04    -2397.522048        0.303694
MDMin:  371 01:13:06    -2397.522030        0.303167
MDMin:  372 01:13:08    -2397.522008        0.302421
MDMin:  373 01:13:10    -2397.521982        0.301386
MDMin:  374 01:13:11    -2397.521951        0.299973
MDMin:  375 01:13:13    -2397.521914        0.298079
MDMin:  376 01:13:15    -2397.521871        0.295577
MDMin:  377 01:13:17    -2397.521823        0.292324
MDMin:  378 01:13:19    -2397.521767        0.288153
MDMin:  379 01:13:21    -2397.521704        0.282885
MDMin:  380 01:13:22    -2397.521634        0.276335
MDMin:  381 01:13:23    -2397.521557        0.268366
MDMin:  382 01:13:24    -2397.521474        0.259036
MDMin:  383 01:13:25    -2397.521393        0.296004
MDMin:  384 01:13:27    -2397.521332        0.348030
MDMin:  385 01:13:28    -2397.521300        0.260634
MDMin:  386 01:13:30    -2397.521265        0.261487
MDMin:  387 01:13:31    -2397.521226        0.262642
MDMin:  388 01:13:32    -2397.521181        0.264187
MDMin:  389 01:13:33    -2397.521131        0.266225
MDMin:  390 01:13:34    -2397.521076        0.268875
MDMin:  391 01:13:37    -2397.521015        0.272272
MDMin:  392 01:13:38    -2397.520950        0.276552
MDMin:  393 01:13:40    -2397.520881        0.281802
MDMin:  394 01:13:42    -2397.520807        0.287967
MDMin:  395 01:13:43    -2397.520729        0.294621
MDMin:  396 01:13:45    -2397.520649        0.300573
MDMin:  397 01:13:47    -2397.520565        0.303430
MDMin:  398 01:13:49    -2397.520482        0.300120
MDMin:  399 01:13:50    -2397.520406        0.327093
MDMin:  400 01:13:52    -2397.520359        0.309095
MDMin:  401 01:13:54    -2397.520333        0.280683
MDMin:  402 01:13:56    -2397.520304        0.277037
MDMin:  403 01:13:58    -2397.520271        0.273491
MDMin:  404 01:13:59    -2397.520235        0.270409
MDMin:  405 01:14:01    -2397.520196        0.268041
MDMin:  406 01:14:03    -2397.520154        0.267015
MDMin:  407 01:14:05    -2397.520110        0.265789
MDMin:  408 01:14:07    -2397.520063        0.265006
MDMin:  409 01:14:09    -2397.520015        0.264911
MDMin:  410 01:14:10    -2397.519966        0.265153
MDMin:  411 01:14:12    -2397.519917        0.265741
MDMin:  412 01:14:14    -2397.519868        0.266691
MDMin:  413 01:14:16    -2397.519820        0.267979
MDMin:  414 01:14:18    -2397.519775        0.269520
MDMin:  415 01:14:20    -2397.519735        0.271099
MDMin:  416 01:14:21    -2397.519706        0.391409
MDMin:  417 01:14:23    -2397.519694        0.272670
MDMin:  418 01:14:25    -2397.519683        0.273070
MDMin:  419 01:14:26    -2397.519670        0.273468
MDMin:  420 01:14:28    -2397.519657        0.273819
MDMin:  421 01:14:30    -2397.519644        0.274058
MDMin:  422 01:14:32    -2397.519630        0.274097
MDMin:  423 01:14:33    -2397.519617        0.273814
MDMin:  424 01:14:35    -2397.519604        0.273054
MDMin:  425 01:14:37    -2397.519592        0.272514
MDMin:  426 01:14:39    -2397.519582        0.274381
MDMin:  427 01:14:41    -2397.519574        0.276347
MDMin:  428 01:14:43    -2397.519569        0.278351
MDMin:  429 01:14:45    -2397.519566        0.280306
MDMin:  430 01:14:47    -2397.519567        0.282103
MDMin:  431 01:14:48    -2397.519571        0.283597
MDMin:  432 01:14:50    -2397.519579        0.321062
MDMin:  433 01:14:51    -2397.519585        0.307663
MDMin:  434 01:14:52    -2397.519589        0.284970
MDMin:  435 01:14:53    -2397.519593        0.284996
MDMin:  436 01:14:55    -2397.519600        0.284956
MDMin:  437 01:14:56    -2397.519607        0.284822
MDMin:  438 01:14:57    -2397.519616        0.284564
MDMin:  439 01:14:58    -2397.519628        0.284149
MDMin:  440 01:14:59    -2397.519641        0.283549
MDMin:  441 01:15:01    -2397.519657        0.282736
MDMin:  442 01:15:02    -2397.519677        0.281693
MDMin:  443 01:15:04    -2397.519699        0.280413
MDMin:  444 01:15:06    -2397.519725        0.278906
MDMin:  445 01:15:08    -2397.519755        0.277200
MDMin:  446 01:15:10    -2397.519789        0.275342
MDMin:  447 01:15:12    -2397.519828        0.273404
MDMin:  448 01:15:14    -2397.519872        0.271476
MDMin:  449 01:15:16    -2397.519921        0.269668
MDMin:  450 01:15:18    -2397.519976        0.268098
MDMin:  451 01:15:20    -2397.520032        0.294585
MDMin:  452 01:15:22    -2397.520073        0.447985
MDMin:  453 01:15:24    -2397.520087        0.275539
MDMin:  454 01:15:26    -2397.520106        0.280934
MDMin:  455 01:15:28    -2397.520127        0.287317
MDMin:  456 01:15:30    -2397.520152        0.294750
MDMin:  457 01:15:32    -2397.520181        0.303297
MDMin:  458 01:15:33    -2397.520213        0.313022
MDMin:  459 01:15:35    -2397.520249        0.323988
MDMin:  460 01:15:37    -2397.520289        0.336255
MDMin:  461 01:15:39    -2397.520334        0.349866
MDMin:  462 01:15:41    -2397.520383        0.364845
MDMin:  463 01:15:43    -2397.520436        0.381176
MDMin:  464 01:15:45    -2397.520495        0.398798
MDMin:  465 01:15:47    -2397.520558        0.417581
MDMin:  466 01:15:49    -2397.520627        0.437303
MDMin:  467 01:15:51    -2397.520701        0.457629
MDMin:  468 01:15:53    -2397.520780        0.478109
MDMin:  469 01:15:54    -2397.520866        0.498171
MDMin:  470 01:15:56    -2397.520957        0.517120
MDMin:  471 01:15:58    -2397.521053        0.534086
MDMin:  472 01:15:59    -2397.521148        0.547714
MDMin:  473 01:16:01    -2397.521221        0.556022
MDMin:  474 01:16:03    -2397.521262        0.559704
MDMin:  475 01:16:05    -2397.521302        0.562857
MDMin:  476 01:16:06    -2397.521349        0.565905
MDMin:  477 01:16:07    -2397.521401        0.568695
MDMin:  478 01:16:09    -2397.521461        0.571050
MDMin:  479 01:16:11    -2397.521527        0.572816
MDMin:  480 01:16:13    -2397.521601        0.573857
MDMin:  481 01:16:15    -2397.521682        0.574088
MDMin:  482 01:16:17    -2397.521772        0.573497
MDMin:  483 01:16:19    -2397.521871        0.572159
MDMin:  484 01:16:20    -2397.521979        0.570232
MDMin:  485 01:16:22    -2397.522097        0.567930
MDMin:  486 01:16:24    -2397.522225        0.565451
MDMin:  487 01:16:26    -2397.522362        0.562881
MDMin:  488 01:16:28    -2397.522505        0.560065
MDMin:  489 01:16:30    -2397.522630        0.556942
MDMin:  490 01:16:32    -2397.522704        0.554515
MDMin:  491 01:16:34    -2397.522763        0.552251
MDMin:  492 01:16:36    -2397.522830        0.549293
MDMin:  493 01:16:37    -2397.522905        0.545295
MDMin:  494 01:16:38    -2397.522991        0.539852
MDMin:  495 01:16:39    -2397.523088        0.532479
MDMin:  496 01:16:41    -2397.523195        0.522636
MDMin:  497 01:16:42    -2397.523314        0.509798
MDMin:  498 01:16:44    -2397.523446        0.493572
MDMin:  499 01:16:46    -2397.523591        0.473832
MDMin:  500 01:16:48    -2397.523751        0.450843
MDMin:  501 01:16:50    -2397.523926        0.425314
MDMin:  502 01:16:52    -2397.524116        0.399470
MDMin:  503 01:16:53    -2397.524320        0.380436
MDMin:  504 01:16:55    -2397.524517        0.436027
MDMin:  505 01:16:57    -2397.524646        0.413618
MDMin:  506 01:16:59    -2397.524717        0.348037
MDMin:  507 01:17:00    -2397.524799        0.348376
MDMin:  508 01:17:02    -2397.524894        0.348614
MDMin:  509 01:17:04    -2397.525002        0.348686
MDMin:  510 01:17:05    -2397.525124        0.348518
MDMin:  511 01:17:07    -2397.525262        0.348028
MDMin:  512 01:17:09    -2397.525415        0.347130
MDMin:  513 01:17:11    -2397.525586        0.345736
MDMin:  514 01:17:13    -2397.525774        0.343764
MDMin:  515 01:17:15    -2397.525980        0.341502
MDMin:  516 01:17:16    -2397.526207        0.342629
MDMin:  517 01:17:18    -2397.526455        0.343608
MDMin:  518 01:17:20    -2397.526725        0.344444
MDMin:  519 01:17:22    -2397.527001        0.345142
MDMin:  520 01:17:24    -2397.526919        0.345655
MDMin:  521 01:17:25    -2397.526858        0.511170
MDMin:  522 01:17:27    -2397.526836        0.345728
MDMin:  523 01:17:29    -2397.526808        0.345675
MDMin:  524 01:17:31    -2397.526776        0.345628
MDMin:  525 01:17:33    -2397.526739        0.345588
MDMin:  526 01:17:34    -2397.526696        0.345554
MDMin:  527 01:17:36    -2397.526648        0.345520
MDMin:  528 01:17:38    -2397.526595        0.345475
MDMin:  529 01:17:40    -2397.526536        0.345402
MDMin:  530 01:17:41    -2397.526471        0.345276
MDMin:  531 01:17:43    -2397.526399        0.345066
MDMin:  532 01:17:45    -2397.526322        0.344732
MDMin:  533 01:17:47    -2397.526238        0.344234
MDMin:  534 01:17:48    -2397.526148        0.343530
MDMin:  535 01:17:50    -2397.526052        0.342589
MDMin:  536 01:17:52    -2397.525951        0.365263
MDMin:  537 01:17:54    -2397.525845        0.392867
MDMin:  538 01:17:56    -2397.525737        0.424536
MDMin:  539 01:17:58    -2397.525637        0.457463
MDMin:  540 01:17:59    -2397.525572        0.480361
MDMin:  541 01:18:01    -2397.525540        0.492054
MDMin:  542 01:18:03    -2397.525504        0.505937
MDMin:  543 01:18:06    -2397.525463        0.522492
MDMin:  544 01:18:07    -2397.525417        0.541973
MDMin:  545 01:18:09    -2397.525367        0.564647
MDMin:  546 01:18:10    -2397.525313        0.590789
MDMin:  547 01:18:12    -2397.525255        0.620657
MDMin:  548 01:18:14    -2397.525194        0.654469
MDMin:  549 01:18:16    -2397.525130        0.692360
MDMin:  550 01:18:18    -2397.525063        0.734324
MDMin:  551 01:18:20    -2397.524995        0.780150
MDMin:  552 01:18:21    -2397.524925        0.829341
MDMin:  553 01:18:23    -2397.524854        0.881037
MDMin:  554 01:18:25    -2397.524782        0.933971
MDMin:  555 01:18:27    -2397.524710        0.986467
MDMin:  556 01:18:29    -2397.524637        1.036489
MDMin:  557 01:18:31    -2397.524565        1.081833
MDMin:  558 01:18:33    -2397.524493        1.120458
MDMin:  559 01:18:35    -2397.524421        1.151003
MDMin:  560 01:18:37    -2397.524349        1.173608
MDMin:  561 01:18:39    -2397.524277        1.191004
MDMin:  562 01:18:41    -2397.524207        1.208859
MDMin:  563 01:18:43    -2397.524142        1.232398
MDMin:  564 01:18:44    -2397.524091        1.256049
MDMin:  565 01:18:45    -2397.524060        1.271296
MDMin:  566 01:18:47    -2397.524031        1.286244
MDMin:  567 01:18:48    -2397.524001        1.303046
MDMin:  568 01:18:50    -2397.523968        1.319632
MDMin:  569 01:18:52    -2397.523932        1.331195
MDMin:  570 01:18:54    -2397.523894        1.329859
MDMin:  571 01:18:56    -2397.523854        1.304377
MDMin:  572 01:18:58    -2397.523812        1.241500
MDMin:  573 01:19:00    -2397.523766        1.134573
MDMin:  574 01:19:01    -2397.523718        1.007578
MDMin:  575 01:19:02    -2397.523666        0.897837
MDMin:  576 01:19:03    -2397.523616        0.858613
MDMin:  577 01:19:05    -2397.523577        0.848393
MDMin:  578 01:19:07    -2397.523561        0.843617
MDMin:  579 01:19:09    -2397.523544        0.837822
MDMin:  580 01:19:11    -2397.523525        0.830698
MDMin:  581 01:19:12    -2397.523504        0.822230
MDMin:  582 01:19:13    -2397.523480        0.812424
MDMin:  583 01:19:15    -2397.523454        0.801322
MDMin:  584 01:19:16    -2397.523427        0.789003
MDMin:  585 01:19:17    -2397.523398        0.775572
MDMin:  586 01:19:18    -2397.523367        0.761149
MDMin:  587 01:19:19    -2397.523336        0.745855
MDMin:  588 01:19:20    -2397.523304        0.729840
MDMin:  589 01:19:22    -2397.523271        0.713395
MDMin:  590 01:19:23    -2397.523239        0.697102
MDMin:  591 01:19:24    -2397.523209        0.682215
MDMin:  592 01:19:25    -2397.523186        0.692404
MDMin:  593 01:19:27    -2397.523178        0.668331
MDMin:  594 01:19:29    -2397.523169        0.664667
MDMin:  595 01:19:31    -2397.523159        0.660892
MDMin:  596 01:19:32    -2397.523149        0.657160
MDMin:  597 01:19:34    -2397.523137        0.653608
MDMin:  598 01:19:35    -2397.523125        0.650273
MDMin:  599 01:19:36    -2397.523112        0.647051
MDMin:  600 01:19:38    -2397.523100        0.643584
MDMin:  601 01:19:40    -2397.523087        0.639117
MDMin:  602 01:19:42    -2397.523075        0.632394
MDMin:  603 01:19:43    -2397.523063        0.621790
MDMin:  604 01:19:44    -2397.523052        0.606019
MDMin:  605 01:19:45    -2397.523042        0.603279
MDMin:  606 01:19:47    -2397.523034        0.650888
MDMin:  607 01:19:48    -2397.523028        0.698276
MDMin:  608 01:19:50    -2397.523026        0.726063
MDMin:  609 01:19:51    -2397.523025        0.739208
MDMin:  610 01:19:52    -2397.523024        0.754806
MDMin:  611 01:19:54    -2397.523023        0.771948
MDMin:  612 01:19:56    -2397.523023        0.789891
MDMin:  613 01:19:57    -2397.523022        0.807452
MDMin:  614 01:19:59    -2397.523022        0.822854
MDMin:  615 01:20:00    -2397.523023        0.833626
MDMin:  616 01:20:01    -2397.523025        0.836743
MDMin:  617 01:20:02    -2397.523028        0.828643
MDMin:  618 01:20:04    -2397.523031        0.805743
MDMin:  619 01:20:05    -2397.523037        0.765028
MDMin:  620 01:20:07    -2397.523044        0.704305
MDMin:  621 01:20:08    -2397.523054        0.622828
MDMin:  622 01:20:10    -2397.523068        0.523767
MDMin:  623 01:20:12    -2397.523088        0.419702
MDMin:  624 01:20:14    -2397.523114        0.333788
MDMin:  625 01:20:16    -2397.523134        0.640369
MDMin:  626 01:20:17    -2397.523135        0.589021
MDMin:  627 01:20:19    -2397.523137        0.443004
MDMin:  628 01:20:21    -2397.523140        0.333619
MDMin:  629 01:20:23    -2397.523145        0.336526
MDMin:  630 01:20:25    -2397.523152        0.339042
MDMin:  631 01:20:27    -2397.523160        0.340352
MDMin:  632 01:20:29    -2397.523169        0.339875
MDMin:  633 01:20:31    -2397.523181        0.337088
MDMin:  634 01:20:33    -2397.523194        0.331579
MDMin:  635 01:20:35    -2397.523210        0.323078
MDMin:  636 01:20:37    -2397.523228        0.311492
MDMin:  637 01:20:38    -2397.523250        0.296917
MDMin:  638 01:20:39    -2397.523274        0.279647
MDMin:  639 01:20:41    -2397.523303        0.260174
MDMin:  640 01:20:42    -2397.523335        0.239157
MDMin:  641 01:20:43    -2397.523374        0.217381
MDMin:  642 01:20:45    -2397.523418        0.195700
MDMin:  643 01:20:46    -2397.523469        0.174962
MDMin:  644 01:20:48    -2397.523527        0.171602
MDMin:  645 01:20:50    -2397.523588        0.219386
MDMin:  646 01:20:52    -2397.523620        0.264609
MDMin:  647 01:20:53    -2397.523623        0.210134
MDMin:  648 01:20:55    -2397.523629        0.168583
MDMin:  649 01:20:56    -2397.523638        0.168443
MDMin:  650 01:20:58    -2397.523651        0.168281
MDMin:  651 01:21:00    -2397.523666        0.168125
MDMin:  652 01:21:01    -2397.523684        0.167996
MDMin:  653 01:21:02    -2397.523706        0.167921
MDMin:  654 01:21:03    -2397.523730        0.167929
MDMin:  655 01:21:04    -2397.523758        0.168055
MDMin:  656 01:21:06    -2397.523790        0.168335
MDMin:  657 01:21:07    -2397.523825        0.168810
MDMin:  658 01:21:08    -2397.523864        0.169522
MDMin:  659 01:21:10    -2397.523907        0.170517
MDMin:  660 01:21:12    -2397.523954        0.171841
MDMin:  661 01:21:14    -2397.524006        0.173541
MDMin:  662 01:21:16    -2397.524063        0.175663
MDMin:  663 01:21:18    -2397.524124        0.178250
MDMin:  664 01:21:20    -2397.524191        0.181341
MDMin:  665 01:21:22    -2397.524263        0.184967
MDMin:  666 01:21:23    -2397.524339        0.189150
MDMin:  667 01:21:25    -2397.524422        0.193896
MDMin:  668 01:21:26    -2397.524509        0.199190
MDMin:  669 01:21:28    -2397.524601        0.204925
MDMin:  670 01:21:30    -2397.524687        0.212130
MDMin:  671 01:21:32    -2397.524729        0.213128
MDMin:  672 01:21:34    -2397.524750        0.214476
MDMin:  673 01:21:36    -2397.524776        0.216185
MDMin:  674 01:21:38    -2397.524806        0.218189
MDMin:  675 01:21:40    -2397.524842        0.220490
MDMin:  676 01:21:41    -2397.524882        0.223089
MDMin:  677 01:21:43    -2397.524926        0.225985
MDMin:  678 01:21:44    -2397.524976        0.229174
MDMin:  679 01:21:46    -2397.525031        0.232647
MDMin:  680 01:21:48    -2397.525092        0.236396
MDMin:  681 01:21:50    -2397.525158        0.240404
MDMin:  682 01:21:52    -2397.525229        0.244651
MDMin:  683 01:21:54    -2397.525307        0.249114
MDMin:  684 01:21:55    -2397.525391        0.253762
MDMin:  685 01:21:57    -2397.525481        0.258559
MDMin:  686 01:21:58    -2397.525578        0.263460
MDMin:  687 01:22:00    -2397.525683        0.268407
MDMin:  688 01:22:02    -2397.525795        0.273326
MDMin:  689 01:22:04    -2397.525914        0.278113
MDMin:  690 01:22:05    -2397.526041        0.282610
MDMin:  691 01:22:06    -2397.526167        0.286471
MDMin:  692 01:22:07    -2397.526250        0.288746
MDMin:  693 01:22:09    -2397.526274        0.289397
MDMin:  694 01:22:11    -2397.526308        0.290261
MDMin:  695 01:22:12    -2397.526348        0.291197
MDMin:  696 01:22:13    -2397.526395        0.292158
MDMin:  697 01:22:14    -2397.526448        0.293091
MDMin:  698 01:22:16    -2397.526508        0.293928
MDMin:  699 01:22:17    -2397.526575        0.294588
MDMin:  700 01:22:18    -2397.526649        0.294972
MDMin:  701 01:22:20    -2397.526730        0.294963
MDMin:  702 01:22:22    -2397.526819        0.294422
MDMin:  703 01:22:24    -2397.526915        0.293189
MDMin:  704 01:22:26    -2397.527020        0.291082
MDMin:  705 01:22:28    -2397.527134        0.287896
MDMin:  706 01:22:30    -2397.527257        0.283409
MDMin:  707 01:22:32    -2397.527391        0.277391
MDMin:  708 01:22:34    -2397.527465        0.269608
MDMin:  709 01:22:36    -2397.527446        0.259892
MDMin:  710 01:22:38    -2397.527423        0.248002
MDMin:  711 01:22:40    -2397.527393        0.234029
MDMin:  712 01:22:42    -2397.527362        0.245157
MDMin:  713 01:22:43    -2397.527353        0.217303
MDMin:  714 01:22:45    -2397.527342        0.213428
MDMin:  715 01:22:47    -2397.527329        0.208875
MDMin:  716 01:22:49    -2397.527314        0.203612
MDMin:  717 01:22:51    -2397.527296        0.197612
MDMin:  718 01:22:53    -2397.527275        0.190852
MDMin:  719 01:22:55    -2397.527251        0.183318
MDMin:  720 01:22:56    -2397.527224        0.175007
MDMin:  721 01:22:58    -2397.527192        0.165933
MDMin:  722 01:23:00    -2397.527156        0.156129
MDMin:  723 01:23:03    -2397.527115        0.145649
