       Step     Time          Energy          fmax
MDMin:    0 11:02:03    -2397.368596        0.148849
MDMin:    1 11:02:05    -2397.368596        0.148837
MDMin:    2 11:02:06    -2397.368597        0.148803
MDMin:    3 11:02:08    -2397.368597        0.148745
MDMin:    4 11:02:09    -2397.368598        0.148663
MDMin:    5 11:02:11    -2397.368599        0.148556
MDMin:    6 11:02:13    -2397.368600        0.148424
MDMin:    7 11:02:15    -2397.368602        0.148267
MDMin:    8 11:02:17    -2397.368604        0.148081
MDMin:    9 11:02:19    -2397.368606        0.147868
MDMin:   10 11:02:20    -2397.368608        0.147625
MDMin:   11 11:02:22    -2397.368610        0.147350
MDMin:   12 11:02:24    -2397.368613        0.147042
MDMin:   13 11:02:25    -2397.368616        0.146700
MDMin:   14 11:02:27    -2397.368619        0.146321
MDMin:   15 11:02:29    -2397.368623        0.145904
MDMin:   16 11:02:31    -2397.368626        0.145447
MDMin:   17 11:02:33    -2397.368630        0.144948
MDMin:   18 11:02:35    -2397.368634        0.144405
MDMin:   19 11:02:37    -2397.368639        0.143816
MDMin:   20 11:02:39    -2397.368643        0.143179
MDMin:   21 11:02:41    -2397.368648        0.142494
MDMin:   22 11:02:42    -2397.368653        0.141758
MDMin:   23 11:02:44    -2397.368659        0.140972
MDMin:   24 11:02:45    -2397.368665        0.140135
MDMin:   25 11:02:46    -2397.368671        0.139246
MDMin:   26 11:02:47    -2397.368677        0.138306
MDMin:   27 11:02:49    -2397.368683        0.137317
MDMin:   28 11:02:50    -2397.368690        0.136279
MDMin:   29 11:02:52    -2397.368697        0.135197
MDMin:   30 11:02:53    -2397.368705        0.134656
MDMin:   31 11:02:54    -2397.368712        0.134173
MDMin:   32 11:02:56    -2397.368720        0.133652
MDMin:   33 11:02:57    -2397.368728        0.133092
MDMin:   34 11:02:59    -2397.368737        0.133200
MDMin:   35 11:03:00    -2397.368746        0.133531
MDMin:   36 11:03:02    -2397.368755        0.133847
MDMin:   37 11:03:04    -2397.368764        0.134148
MDMin:   38 11:03:06    -2397.368774        0.134430
MDMin:   39 11:03:08    -2397.368784        0.134691
MDMin:   40 11:03:09    -2397.368794        0.134927
MDMin:   41 11:03:11    -2397.368805        0.135138
MDMin:   42 11:03:12    -2397.368816        0.135319
MDMin:   43 11:03:14    -2397.368827        0.135469
MDMin:   44 11:03:16    -2397.368838        0.135585
MDMin:   45 11:03:18    -2397.368850        0.135666
MDMin:   46 11:03:20    -2397.368862        0.135711
MDMin:   47 11:03:22    -2397.368874        0.135717
MDMin:   48 11:03:23    -2397.368887        0.135683
MDMin:   49 11:03:25    -2397.368900        0.135609
MDMin:   50 11:03:27    -2397.368913        0.135493
MDMin:   51 11:03:28    -2397.368926        0.135335
MDMin:   52 11:03:29    -2397.368940        0.135135
MDMin:   53 11:03:30    -2397.368953        0.134892
MDMin:   54 11:03:32    -2397.368967        0.134607
MDMin:   55 11:03:33    -2397.368982        0.134280
MDMin:   56 11:03:34    -2397.368996        0.136707
MDMin:   57 11:03:35    -2397.369011        0.140247
MDMin:   58 11:03:37    -2397.369025        0.144032
MDMin:   59 11:03:38    -2397.369040        0.148065
MDMin:   60 11:03:40    -2397.369055        0.152345
MDMin:   61 11:03:42    -2397.369070        0.156868
MDMin:   62 11:03:44    -2397.369085        0.161625
MDMin:   63 11:03:46    -2397.369101        0.166600
MDMin:   64 11:03:48    -2397.369116        0.171769
MDMin:   65 11:03:49    -2397.369131        0.177103
MDMin:   66 11:03:51    -2397.369146        0.182560
MDMin:   67 11:03:52    -2397.369162        0.188092
MDMin:   68 11:03:54    -2397.369177        0.193639
MDMin:   69 11:03:55    -2397.369192        0.199133
MDMin:   70 11:03:56    -2397.369207        0.204497
MDMin:   71 11:03:58    -2397.369222        0.209646
MDMin:   72 11:04:00    -2397.369237        0.214489
MDMin:   73 11:04:02    -2397.369252        0.218936
MDMin:   74 11:04:04    -2397.369266        0.222894
MDMin:   75 11:04:06    -2397.369281        0.226276
MDMin:   76 11:04:08    -2397.369296        0.229005
MDMin:   77 11:04:10    -2397.369310        0.231013
MDMin:   78 11:04:11    -2397.369325        0.232249
MDMin:   79 11:04:13    -2397.369339        0.232678
MDMin:   80 11:04:15    -2397.369353        0.232285
MDMin:   81 11:04:17    -2397.369367        0.231075
MDMin:   82 11:04:18    -2397.369381        0.229068
MDMin:   83 11:04:20    -2397.369396        0.226304
MDMin:   84 11:04:22    -2397.369410        0.222836
MDMin:   85 11:04:24    -2397.369423        0.218727
MDMin:   86 11:04:25    -2397.369437        0.214048
MDMin:   87 11:04:26    -2397.369451        0.208874
MDMin:   88 11:04:28    -2397.369465        0.203281
MDMin:   89 11:04:30    -2397.369478        0.197345
MDMin:   90 11:04:32    -2397.369492        0.191138
MDMin:   91 11:04:34    -2397.369506        0.184727
MDMin:   92 11:04:35    -2397.369519        0.178176
MDMin:   93 11:04:36    -2397.369532        0.171541
MDMin:   94 11:04:37    -2397.369546        0.164874
MDMin:   95 11:04:39    -2397.369559        0.158219
MDMin:   96 11:04:40    -2397.369572        0.151618
MDMin:   97 11:04:41    -2397.369585        0.145106
MDMin:   98 11:04:43    -2397.369598        0.138716
MDMin:   99 11:04:45    -2397.369611        0.132482
MDMin:  100 11:04:46    -2397.369624        0.126471
MDMin:  101 11:04:48    -2397.369636        0.132903
MDMin:  102 11:04:50    -2397.369645        0.190729
MDMin:  103 11:04:52    -2397.369649        0.123884
MDMin:  104 11:04:54    -2397.369653        0.124180
MDMin:  105 11:04:56    -2397.369657        0.124471
MDMin:  106 11:04:58    -2397.369661        0.124756
MDMin:  107 11:05:00    -2397.369666        0.125032
MDMin:  108 11:05:01    -2397.369670        0.125294
MDMin:  109 11:05:03    -2397.369674        0.125538
MDMin:  110 11:05:05    -2397.369678        0.125758
MDMin:  111 11:05:06    -2397.369683        0.125948
MDMin:  112 11:05:08    -2397.369687        0.126102
MDMin:  113 11:05:10    -2397.369692        0.126212
MDMin:  114 11:05:13    -2397.369697        0.126268
MDMin:  115 11:05:14    -2397.369701        0.126263
MDMin:  116 11:05:16    -2397.369706        0.126187
MDMin:  117 11:05:18    -2397.369711        0.126029
MDMin:  118 11:05:20    -2397.369716        0.125781
MDMin:  119 11:05:22    -2397.369721        0.125433
MDMin:  120 11:05:24    -2397.369726        0.124976
MDMin:  121 11:05:26    -2397.369731        0.124403
MDMin:  122 11:05:28    -2397.369736        0.123709
MDMin:  123 11:05:30    -2397.369741        0.122892
MDMin:  124 11:05:31    -2397.369746        0.121952
MDMin:  125 11:05:33    -2397.369751        0.120892
MDMin:  126 11:05:35    -2397.369756        0.119720
MDMin:  127 11:05:37    -2397.369762        0.118444
MDMin:  128 11:05:39    -2397.369767        0.117077
MDMin:  129 11:05:41    -2397.369772        0.115632
MDMin:  130 11:05:43    -2397.369778        0.114124
MDMin:  131 11:05:45    -2397.369783        0.113760
MDMin:  132 11:05:47    -2397.369789        0.114094
MDMin:  133 11:05:48    -2397.369795        0.114361
MDMin:  134 11:05:49    -2397.369800        0.114555
MDMin:  135 11:05:51    -2397.369806        0.114674
MDMin:  136 11:05:52    -2397.369812        0.114716
MDMin:  137 11:05:54    -2397.369817        0.114682
MDMin:  138 11:05:55    -2397.369823        0.114572
MDMin:  139 11:05:57    -2397.369829        0.114388
MDMin:  140 11:05:59    -2397.369835        0.114132
MDMin:  141 11:06:01    -2397.369841        0.113810
MDMin:  142 11:06:02    -2397.369847        0.113424
MDMin:  143 11:06:04    -2397.369853        0.112980
MDMin:  144 11:06:06    -2397.369859        0.112482
MDMin:  145 11:06:07    -2397.369865        0.111935
MDMin:  146 11:06:09    -2397.369871        0.111343
MDMin:  147 11:06:10    -2397.369877        0.110712
MDMin:  148 11:06:11    -2397.369883        0.110045
MDMin:  149 11:06:12    -2397.369889        0.109345
MDMin:  150 11:06:14    -2397.369895        0.108616
MDMin:  151 11:06:15    -2397.369901        0.107861
MDMin:  152 11:06:16    -2397.369907        0.107081
MDMin:  153 11:06:17    -2397.369913        0.106278
MDMin:  154 11:06:19    -2397.369919        0.105454
MDMin:  155 11:06:20    -2397.369925        0.104609
MDMin:  156 11:06:21    -2397.369931        0.103745
MDMin:  157 11:06:23    -2397.369937        0.102860
MDMin:  158 11:06:25    -2397.369944        0.101957
MDMin:  159 11:06:26    -2397.369949        0.101035
MDMin:  160 11:06:28    -2397.369955        0.100094
MDMin:  161 11:06:29    -2397.369961        0.099134
MDMin:  162 11:06:30    -2397.369967        0.098157
MDMin:  163 11:06:32    -2397.369973        0.097176
MDMin:  164 11:06:33    -2397.369978        0.130753
MDMin:  165 11:06:34    -2397.369980        0.103285
MDMin:  166 11:06:36    -2397.369981        0.095615
MDMin:  167 11:06:38    -2397.369983        0.095385
MDMin:  168 11:06:39    -2397.369984        0.095146
MDMin:  169 11:06:41    -2397.369985        0.094900
MDMin:  170 11:06:43    -2397.369987        0.094645
MDMin:  171 11:06:44    -2397.369988        0.094383
MDMin:  172 11:06:46    -2397.369989        0.094113
MDMin:  173 11:06:47    -2397.369991        0.093835
MDMin:  174 11:06:48    -2397.369992        0.093551
MDMin:  175 11:06:49    -2397.369994        0.093258
MDMin:  176 11:06:51    -2397.369995        0.092959
MDMin:  177 11:06:53    -2397.369997        0.092652
MDMin:  178 11:06:55    -2397.369998        0.092337
MDMin:  179 11:06:57    -2397.370000        0.092015
MDMin:  180 11:06:59    -2397.370001        0.091685
MDMin:  181 11:07:01    -2397.370003        0.091348
MDMin:  182 11:07:03    -2397.370005        0.091003
MDMin:  183 11:07:05    -2397.370006        0.090650
MDMin:  184 11:07:07    -2397.370008        0.090290
MDMin:  185 11:07:08    -2397.370010        0.089921
MDMin:  186 11:07:10    -2397.370012        0.089545
MDMin:  187 11:07:12    -2397.370013        0.089162
MDMin:  188 11:07:14    -2397.370015        0.088770
MDMin:  189 11:07:15    -2397.370017        0.088706
MDMin:  190 11:07:17    -2397.370019        0.089256
MDMin:  191 11:07:18    -2397.370021        0.089822
MDMin:  192 11:07:20    -2397.370022        0.090402
MDMin:  193 11:07:21    -2397.370024        0.090995
MDMin:  194 11:07:23    -2397.370026        0.091600
MDMin:  195 11:07:25    -2397.370028        0.092214
MDMin:  196 11:07:26    -2397.370030        0.092836
MDMin:  197 11:07:28    -2397.370032        0.093465
MDMin:  198 11:07:30    -2397.370034        0.094098
MDMin:  199 11:07:32    -2397.370036        0.094733
MDMin:  200 11:07:34    -2397.370038        0.095370
MDMin:  201 11:07:36    -2397.370039        0.096006
MDMin:  202 11:07:37    -2397.370041        0.096639
MDMin:  203 11:07:38    -2397.370043        0.097267
MDMin:  204 11:07:40    -2397.370045        0.097890
MDMin:  205 11:07:42    -2397.370047        0.098506
MDMin:  206 11:07:44    -2397.370049        0.099113
MDMin:  207 11:07:45    -2397.370051        0.099712
MDMin:  208 11:07:47    -2397.370053        0.100300
MDMin:  209 11:07:48    -2397.370055        0.100878
MDMin:  210 11:07:50    -2397.370057        0.101445
MDMin:  211 11:07:52    -2397.370059        0.102002
MDMin:  212 11:07:53    -2397.370061        0.102547
MDMin:  213 11:07:54    -2397.370063        0.103082
MDMin:  214 11:07:56    -2397.370065        0.103606
MDMin:  215 11:07:58    -2397.370067        0.104119
MDMin:  216 11:08:00    -2397.370069        0.104622
MDMin:  217 11:08:01    -2397.370071        0.105116
MDMin:  218 11:08:03    -2397.370073        0.105600
MDMin:  219 11:08:05    -2397.370075        0.106075
MDMin:  220 11:08:06    -2397.370076        0.106538
MDMin:  221 11:08:07    -2397.370078        0.106987
MDMin:  222 11:08:09    -2397.370080        0.107419
MDMin:  223 11:08:11    -2397.370082        0.107831
MDMin:  224 11:08:12    -2397.370084        0.108217
MDMin:  225 11:08:13    -2397.370086        0.108573
MDMin:  226 11:08:14    -2397.370088        0.108889
MDMin:  227 11:08:16    -2397.370090        0.109159
MDMin:  228 11:08:18    -2397.370091        0.109370
MDMin:  229 11:08:20    -2397.370093        0.109511
MDMin:  230 11:08:22    -2397.370095        0.109567
MDMin:  231 11:08:24    -2397.370097        0.109524
MDMin:  232 11:08:25    -2397.370099        0.109364
MDMin:  233 11:08:26    -2397.370101        0.109071
MDMin:  234 11:08:28    -2397.370102        0.108628
MDMin:  235 11:08:30    -2397.370104        0.108020
MDMin:  236 11:08:32    -2397.370106        0.107237
MDMin:  237 11:08:34    -2397.370108        0.106269
MDMin:  238 11:08:36    -2397.370109        0.105116
MDMin:  239 11:08:38    -2397.370111        0.103782
MDMin:  240 11:08:40    -2397.370113        0.102277
MDMin:  241 11:08:42    -2397.370115        0.100618
MDMin:  242 11:08:43    -2397.370116        0.098828
MDMin:  243 11:08:45    -2397.370118        0.097998
MDMin:  244 11:08:47    -2397.370120        0.098095
MDMin:  245 11:08:49    -2397.370122        0.098079
MDMin:  246 11:08:51    -2397.370123        0.097950
MDMin:  247 11:08:52    -2397.370125        0.097708
MDMin:  248 11:08:53    -2397.370127        0.097357
MDMin:  249 11:08:55    -2397.370129        0.096904
MDMin:  250 11:08:57    -2397.370130        0.096357
MDMin:  251 11:08:59    -2397.370132        0.095727
MDMin:  252 11:09:01    -2397.370134        0.095026
MDMin:  253 11:09:03    -2397.370135        0.094266
MDMin:  254 11:09:04    -2397.370137        0.093458
MDMin:  255 11:09:06    -2397.370139        0.092614
MDMin:  256 11:09:07    -2397.370140        0.091744
MDMin:  257 11:09:08    -2397.370142        0.090858
MDMin:  258 11:09:09    -2397.370144        0.089963
MDMin:  259 11:09:11    -2397.370145        0.089069
MDMin:  260 11:09:12    -2397.370147        0.088187
MDMin:  261 11:09:13    -2397.370149        0.093213
MDMin:  262 11:09:14    -2397.370149        0.112356
MDMin:  263 11:09:16    -2397.370150        0.086687
MDMin:  264 11:09:17    -2397.370150        0.086483
MDMin:  265 11:09:18    -2397.370150        0.086273
MDMin:  266 11:09:20    -2397.370151        0.086058
MDMin:  267 11:09:21    -2397.370151        0.085838
MDMin:  268 11:09:22    -2397.370152        0.085613
MDMin:  269 11:09:23    -2397.370152        0.085384
MDMin:  270 11:09:25    -2397.370152        0.085150
MDMin:  271 11:09:26    -2397.370153        0.085789
MDMin:  272 11:09:28    -2397.370153        0.086456
MDMin:  273 11:09:29    -2397.370154        0.087148
MDMin:  274 11:09:31    -2397.370154        0.087865
MDMin:  275 11:09:33    -2397.370155        0.088607
MDMin:  276 11:09:35    -2397.370155        0.089376
MDMin:  277 11:09:36    -2397.370156        0.090171
MDMin:  278 11:09:38    -2397.370156        0.090994
MDMin:  279 11:09:40    -2397.370157        0.091846
MDMin:  280 11:09:41    -2397.370157        0.092726
MDMin:  281 11:09:43    -2397.370158        0.093636
MDMin:  282 11:09:45    -2397.370158        0.094576
MDMin:  283 11:09:46    -2397.370159        0.095547
MDMin:  284 11:09:48    -2397.370159        0.096550
MDMin:  285 11:09:50    -2397.370160        0.097587
MDMin:  286 11:09:52    -2397.370160        0.098657
MDMin:  287 11:09:53    -2397.370161        0.099762
MDMin:  288 11:09:55    -2397.370161        0.100902
MDMin:  289 11:09:57    -2397.370162        0.102080
MDMin:  290 11:09:59    -2397.370162        0.103296
MDMin:  291 11:10:01    -2397.370163        0.104552
MDMin:  292 11:10:03    -2397.370164        0.105848
MDMin:  293 11:10:05    -2397.370164        0.107187
MDMin:  294 11:10:07    -2397.370165        0.108570
MDMin:  295 11:10:08    -2397.370165        0.110000
MDMin:  296 11:10:10    -2397.370166        0.111477
MDMin:  297 11:10:11    -2397.370166        0.113004
MDMin:  298 11:10:12    -2397.370167        0.114583
MDMin:  299 11:10:13    -2397.370168        0.116216
MDMin:  300 11:10:15    -2397.370168        0.117905
MDMin:  301 11:10:16    -2397.370169        0.119653
MDMin:  302 11:10:18    -2397.370169        0.121463
MDMin:  303 11:10:19    -2397.370170        0.123337
MDMin:  304 11:10:20    -2397.370171        0.125279
MDMin:  305 11:10:21    -2397.370171        0.127291
MDMin:  306 11:10:23    -2397.370172        0.129378
MDMin:  307 11:10:25    -2397.370172        0.131542
MDMin:  308 11:10:26    -2397.370173        0.133788
MDMin:  309 11:10:27    -2397.370173        0.136120
MDMin:  310 11:10:29    -2397.370174        0.138542
MDMin:  311 11:10:32    -2397.370175        0.141058
MDMin:  312 11:10:33    -2397.370175        0.143673
MDMin:  313 11:10:34    -2397.370176        0.146391
MDMin:  314 11:10:36    -2397.370176        0.149217
MDMin:  315 11:10:38    -2397.370177        0.152154
MDMin:  316 11:10:40    -2397.370177        0.155208
MDMin:  317 11:10:42    -2397.370178        0.158383
MDMin:  318 11:10:44    -2397.370179        0.161682
MDMin:  319 11:10:46    -2397.370179        0.165109
MDMin:  320 11:10:48    -2397.370180        0.168668
MDMin:  321 11:10:50    -2397.370180        0.172360
MDMin:  322 11:10:52    -2397.370181        0.176188
MDMin:  323 11:10:54    -2397.370181        0.180152
MDMin:  324 11:10:56    -2397.370182        0.184252
MDMin:  325 11:10:58    -2397.370182        0.188487
MDMin:  326 11:11:00    -2397.370183        0.192853
MDMin:  327 11:11:02    -2397.370183        0.197346
MDMin:  328 11:11:04    -2397.370184        0.201960
MDMin:  329 11:11:06    -2397.370184        0.206685
MDMin:  330 11:11:07    -2397.370185        0.211510
MDMin:  331 11:11:09    -2397.370185        0.216423
MDMin:  332 11:11:11    -2397.370186        0.221407
MDMin:  333 11:11:13    -2397.370186        0.226442
MDMin:  334 11:11:15    -2397.370187        0.231507
MDMin:  335 11:11:17    -2397.370187        0.236577
MDMin:  336 11:11:19    -2397.370188        0.241624
MDMin:  337 11:11:21    -2397.370188        0.246614
MDMin:  338 11:11:22    -2397.370188        0.251514
MDMin:  339 11:11:24    -2397.370189        0.256285
MDMin:  340 11:11:26    -2397.370189        0.260885
MDMin:  341 11:11:28    -2397.370190        0.265268
MDMin:  342 11:11:30    -2397.370190        0.269386
MDMin:  343 11:11:32    -2397.370190        0.273187
MDMin:  344 11:11:34    -2397.370191        0.276619
MDMin:  345 11:11:36    -2397.370191        0.279625
MDMin:  346 11:11:37    -2397.370192        0.282150
MDMin:  347 11:11:39    -2397.370192        0.284138
MDMin:  348 11:11:40    -2397.370192        0.285536
MDMin:  349 11:11:41    -2397.370193        0.286292
MDMin:  350 11:11:42    -2397.370193        0.286361
MDMin:  351 11:11:43    -2397.370194        0.285706
MDMin:  352 11:11:45    -2397.370194        0.284298
MDMin:  353 11:11:47    -2397.370194        0.282119
MDMin:  354 11:11:49    -2397.370195        0.279164
MDMin:  355 11:11:51    -2397.370195        0.275442
MDMin:  356 11:11:52    -2397.370196        0.270976
MDMin:  357 11:11:54    -2397.370196        0.265801
MDMin:  358 11:11:55    -2397.370196        0.259967
MDMin:  359 11:11:57    -2397.370197        0.261995
MDMin:  360 11:11:59    -2397.370197        0.269133
MDMin:  361 11:12:01    -2397.370197        0.275872
MDMin:  362 11:12:04    -2397.370198        0.282082
MDMin:  363 11:12:05    -2397.370198        0.287628
MDMin:  364 11:12:07    -2397.370198        0.292377
MDMin:  365 11:12:08    -2397.370199        0.296205
MDMin:  366 11:12:09    -2397.370199        0.299001
MDMin:  367 11:12:10    -2397.370200        0.300676
MDMin:  368 11:12:11    -2397.370200        0.301167
MDMin:  369 11:12:13    -2397.370200        0.300440
MDMin:  370 11:12:14    -2397.370201        0.298495
MDMin:  371 11:12:16    -2397.370201        0.295362
MDMin:  372 11:12:18    -2397.370201        0.291099
MDMin:  373 11:12:19    -2397.370202        0.285793
MDMin:  374 11:12:21    -2397.370202        0.279546
MDMin:  375 11:12:23    -2397.370203        0.272477
MDMin:  376 11:12:25    -2397.370203        0.264710
MDMin:  377 11:12:26    -2397.370203        0.256370
MDMin:  378 11:12:28    -2397.370204        0.247581
MDMin:  379 11:12:29    -2397.370204        0.238459
MDMin:  380 11:12:31    -2397.370205        0.229110
MDMin:  381 11:12:33    -2397.370205        0.219632
MDMin:  382 11:12:35    -2397.370206        0.210109
MDMin:  383 11:12:37    -2397.370206        0.200618
MDMin:  384 11:12:39    -2397.370206        0.191225
MDMin:  385 11:12:41    -2397.370207        0.181988
MDMin:  386 11:12:42    -2397.370207        0.172957
MDMin:  387 11:12:43    -2397.370208        0.164172
MDMin:  388 11:12:44    -2397.370208        0.155668
MDMin:  389 11:12:46    -2397.370209        0.147470
MDMin:  390 11:12:48    -2397.370209        0.139602
MDMin:  391 11:12:49    -2397.370210        0.132101
MDMin:  392 11:12:50    -2397.370210        0.143441
MDMin:  393 11:12:52    -2397.370210        0.253118
MDMin:  394 11:12:54    -2397.370211        0.197867
MDMin:  395 11:12:56    -2397.370211        0.143108
MDMin:  396 11:12:57    -2397.370211        0.120169
MDMin:  397 11:12:58    -2397.370211        0.119625
MDMin:  398 11:13:00    -2397.370211        0.119017
MDMin:  399 11:13:01    -2397.370211        0.118361
MDMin:  400 11:13:02    -2397.370211        0.117665
MDMin:  401 11:13:04    -2397.370211        0.116933
MDMin:  402 11:13:06    -2397.370211        0.116166
MDMin:  403 11:13:08    -2397.370211        0.115367
MDMin:  404 11:13:09    -2397.370211        0.114535
MDMin:  405 11:13:10    -2397.370211        0.113672
MDMin:  406 11:13:12    -2397.370211        0.112780
MDMin:  407 11:13:14    -2397.370211        0.111858
MDMin:  408 11:13:16    -2397.370211        0.110909
MDMin:  409 11:13:18    -2397.370211        0.109933
MDMin:  410 11:13:20    -2397.370212        0.108932
MDMin:  411 11:13:21    -2397.370212        0.107906
MDMin:  412 11:13:23    -2397.370212        0.107062
MDMin:  413 11:13:25    -2397.370212        0.106562
MDMin:  414 11:13:27    -2397.370212        0.106038
MDMin:  415 11:13:29    -2397.370212        0.105488
MDMin:  416 11:13:31    -2397.370212        0.104914
MDMin:  417 11:13:32    -2397.370212        0.104314
MDMin:  418 11:13:34    -2397.370212        0.103688
MDMin:  419 11:13:35    -2397.370212        0.103036
MDMin:  420 11:13:37    -2397.370213        0.102357
MDMin:  421 11:13:38    -2397.370213        0.101652
MDMin:  422 11:13:39    -2397.370213        0.100920
MDMin:  423 11:13:41    -2397.370213        0.100160
MDMin:  424 11:13:43    -2397.370213        0.099374
MDMin:  425 11:13:45    -2397.370213        0.098561
MDMin:  426 11:13:47    -2397.370213        0.097721
MDMin:  427 11:13:49    -2397.370213        0.096854
MDMin:  428 11:13:50    -2397.370214        0.095961
MDMin:  429 11:13:52    -2397.370214        0.095043
MDMin:  430 11:13:54    -2397.370214        0.094099
MDMin:  431 11:13:56    -2397.370214        0.093131
MDMin:  432 11:13:58    -2397.370214        0.092139
MDMin:  433 11:14:00    -2397.370214        0.091124
MDMin:  434 11:14:02    -2397.370215        0.090087
MDMin:  435 11:14:03    -2397.370215        0.089030
MDMin:  436 11:14:05    -2397.370215        0.087953
MDMin:  437 11:14:07    -2397.370215        0.086858
MDMin:  438 11:14:09    -2397.370215        0.085747
MDMin:  439 11:14:11    -2397.370215        0.084622
MDMin:  440 11:14:12    -2397.370216        0.083484
MDMin:  441 11:14:13    -2397.370216        0.082335
MDMin:  442 11:14:14    -2397.370216        0.081177
MDMin:  443 11:14:16    -2397.370216        0.080014
MDMin:  444 11:14:17    -2397.370216        0.078846
MDMin:  445 11:14:19    -2397.370217        0.077676
MDMin:  446 11:14:21    -2397.370217        0.076508
MDMin:  447 11:14:23    -2397.370217        0.075343
MDMin:  448 11:14:24    -2397.370217        0.074185
MDMin:  449 11:14:26    -2397.370218        0.073037
MDMin:  450 11:14:28    -2397.370218        0.071901
MDMin:  451 11:14:29    -2397.370218        0.070780
MDMin:  452 11:14:31    -2397.370218        0.069678
MDMin:  453 11:14:33    -2397.370218        0.068597
MDMin:  454 11:14:35    -2397.370219        0.067541
MDMin:  455 11:14:36    -2397.370219        0.066513
MDMin:  456 11:14:38    -2397.370219        0.065610
MDMin:  457 11:14:40    -2397.370219        0.065168
MDMin:  458 11:14:42    -2397.370220        0.064729
MDMin:  459 11:14:44    -2397.370220        0.064293
MDMin:  460 11:14:46    -2397.370220        0.063859
MDMin:  461 11:14:47    -2397.370220        0.063428
MDMin:  462 11:14:49    -2397.370221        0.062998
MDMin:  463 11:14:51    -2397.370221        0.062568
MDMin:  464 11:14:53    -2397.370221        0.062138
MDMin:  465 11:14:55    -2397.370221        0.061706
MDMin:  466 11:14:57    -2397.370222        0.061273
MDMin:  467 11:14:58    -2397.370222        0.060837
MDMin:  468 11:15:00    -2397.370222        0.060398
MDMin:  469 11:15:02    -2397.370222        0.059954
MDMin:  470 11:15:04    -2397.370223        0.059505
MDMin:  471 11:15:05    -2397.370223        0.059049
MDMin:  472 11:15:06    -2397.370223        0.058591
MDMin:  473 11:15:09    -2397.370223        0.094863
MDMin:  474 11:15:11    -2397.370223        0.058029
MDMin:  475 11:15:13    -2397.370223        0.057933
MDMin:  476 11:15:15    -2397.370223        0.057830
MDMin:  477 11:15:17    -2397.370223        0.057724
MDMin:  478 11:15:18    -2397.370223        0.057615
MDMin:  479 11:15:20    -2397.370224        0.057501
MDMin:  480 11:15:22    -2397.370224        0.057384
MDMin:  481 11:15:24    -2397.370224        0.057264
MDMin:  482 11:15:26    -2397.370224        0.057139
MDMin:  483 11:15:27    -2397.370224        0.057012
MDMin:  484 11:15:29    -2397.370224        0.056880
MDMin:  485 11:15:31    -2397.370224        0.056744
MDMin:  486 11:15:33    -2397.370224        0.056605
MDMin:  487 11:15:34    -2397.370224        0.056462
MDMin:  488 11:15:36    -2397.370224        0.056358
MDMin:  489 11:15:38    -2397.370224        0.056427
MDMin:  490 11:15:40    -2397.370224        0.056504
MDMin:  491 11:15:41    -2397.370224        0.056589
MDMin:  492 11:15:43    -2397.370224        0.056682
MDMin:  493 11:15:45    -2397.370224        0.056783
MDMin:  494 11:15:47    -2397.370224        0.056895
MDMin:  495 11:15:48    -2397.370225        0.057015
MDMin:  496 11:15:50    -2397.370225        0.057146
MDMin:  497 11:15:52    -2397.370225        0.057288
MDMin:  498 11:15:54    -2397.370225        0.057440
MDMin:  499 11:15:56    -2397.370225        0.057603
MDMin:  500 11:15:58    -2397.370225        0.057778
MDMin:  501 11:15:59    -2397.370225        0.057966
MDMin:  502 11:16:01    -2397.370225        0.058166
MDMin:  503 11:16:03    -2397.370225        0.058378
MDMin:  504 11:16:05    -2397.370225        0.058604
MDMin:  505 11:16:06    -2397.370225        0.058843
MDMin:  506 11:16:08    -2397.370225        0.059096
MDMin:  507 11:16:10    -2397.370225        0.059364
MDMin:  508 11:16:12    -2397.370226        0.059645
MDMin:  509 11:16:14    -2397.370226        0.059941
MDMin:  510 11:16:16    -2397.370226        0.060252
MDMin:  511 11:16:17    -2397.370226        0.060577
MDMin:  512 11:16:19    -2397.370226        0.060918
MDMin:  513 11:16:20    -2397.370226        0.061273
MDMin:  514 11:16:22    -2397.370226        0.061643
MDMin:  515 11:16:24    -2397.370226        0.062027
MDMin:  516 11:16:26    -2397.370226        0.062427
MDMin:  517 11:16:27    -2397.370226        0.062879
MDMin:  518 11:16:29    -2397.370226        0.063460
MDMin:  519 11:16:31    -2397.370227        0.064048
MDMin:  520 11:16:33    -2397.370227        0.064643
MDMin:  521 11:16:35    -2397.370227        0.065244
MDMin:  522 11:16:37    -2397.370227        0.065849
MDMin:  523 11:16:39    -2397.370227        0.066458
MDMin:  524 11:16:41    -2397.370227        0.067156
MDMin:  525 11:16:43    -2397.370227        0.067852
MDMin:  526 11:16:45    -2397.370227        0.068532
MDMin:  527 11:16:47    -2397.370227        0.069193
MDMin:  528 11:16:48    -2397.370227        0.069831
MDMin:  529 11:16:50    -2397.370227        0.070443
MDMin:  530 11:16:51    -2397.370228        0.071027
MDMin:  531 11:16:53    -2397.370228        0.071578
MDMin:  532 11:16:55    -2397.370228        0.072095
MDMin:  533 11:16:57    -2397.370228        0.072574
MDMin:  534 11:16:58    -2397.370228        0.073160
MDMin:  535 11:17:00    -2397.370228        0.073763
MDMin:  536 11:17:01    -2397.370228        0.074365
MDMin:  537 11:17:03    -2397.370228        0.074968
MDMin:  538 11:17:05    -2397.370228        0.075572
MDMin:  539 11:17:07    -2397.370228        0.076177
MDMin:  540 11:17:08    -2397.370228        0.076785
MDMin:  541 11:17:10    -2397.370228        0.077396
MDMin:  542 11:17:12    -2397.370229        0.078011
MDMin:  543 11:17:13    -2397.370229        0.078630
MDMin:  544 11:17:15    -2397.370229        0.079253
MDMin:  545 11:17:17    -2397.370229        0.079882
MDMin:  546 11:17:18    -2397.370229        0.080515
MDMin:  547 11:17:20    -2397.370229        0.081154
MDMin:  548 11:17:22    -2397.370229        0.081797
MDMin:  549 11:17:24    -2397.370229        0.082444
MDMin:  550 11:17:26    -2397.370229        0.083094
MDMin:  551 11:17:28    -2397.370229        0.083746
MDMin:  552 11:17:30    -2397.370229        0.084399
MDMin:  553 11:17:31    -2397.370230        0.085049
MDMin:  554 11:17:33    -2397.370230        0.085695
MDMin:  555 11:17:35    -2397.370230        0.086333
MDMin:  556 11:17:37    -2397.370230        0.086959
MDMin:  557 11:17:39    -2397.370230        0.087568
MDMin:  558 11:17:41    -2397.370230        0.088153
MDMin:  559 11:17:43    -2397.370230        0.088706
MDMin:  560 11:17:45    -2397.370230        0.089218
MDMin:  561 11:17:47    -2397.370230        0.089678
MDMin:  562 11:17:49    -2397.370230        0.090073
MDMin:  563 11:17:51    -2397.370230        0.090388
MDMin:  564 11:17:53    -2397.370230        0.090606
MDMin:  565 11:17:55    -2397.370231        0.090710
MDMin:  566 11:17:56    -2397.370231        0.090681
MDMin:  567 11:17:58    -2397.370231        0.090501
MDMin:  568 11:18:00    -2397.370231        0.090152
MDMin:  569 11:18:01    -2397.370231        0.089620
MDMin:  570 11:18:03    -2397.370231        0.088892
MDMin:  571 11:18:05    -2397.370231        0.087963
MDMin:  572 11:18:06    -2397.370231        0.086830
MDMin:  573 11:18:08    -2397.370231        0.085500
MDMin:  574 11:18:09    -2397.370231        0.083982
MDMin:  575 11:18:11    -2397.370231        0.082293
MDMin:  576 11:18:13    -2397.370232        0.080453
MDMin:  577 11:18:14    -2397.370232        0.078627
MDMin:  578 11:18:16    -2397.370232        0.077431
MDMin:  579 11:18:18    -2397.370232        0.076113
MDMin:  580 11:18:19    -2397.370232        0.078116
MDMin:  581 11:18:21    -2397.370232        0.074435
MDMin:  582 11:18:23    -2397.370232        0.074229
MDMin:  583 11:18:25    -2397.370232        0.074012
MDMin:  584 11:18:27    -2397.370232        0.073781
MDMin:  585 11:18:29    -2397.370232        0.073536
MDMin:  586 11:18:31    -2397.370232        0.073277
MDMin:  587 11:18:33    -2397.370232        0.073005
MDMin:  588 11:18:35    -2397.370232        0.072719
MDMin:  589 11:18:37    -2397.370232        0.072418
MDMin:  590 11:18:39    -2397.370232        0.072104
MDMin:  591 11:18:40    -2397.370232        0.071775
MDMin:  592 11:18:42    -2397.370232        0.071433
MDMin:  593 11:18:43    -2397.370232        0.071078
MDMin:  594 11:18:44    -2397.370232        0.070709
MDMin:  595 11:18:45    -2397.370232        0.070328
MDMin:  596 11:18:46    -2397.370232        0.069935
MDMin:  597 11:18:47    -2397.370233        0.069531
MDMin:  598 11:18:49    -2397.370233        0.069115
MDMin:  599 11:18:50    -2397.370233        0.068690
MDMin:  600 11:18:51    -2397.370233        0.068255
MDMin:  601 11:18:53    -2397.370233        0.067812
MDMin:  602 11:18:55    -2397.370233        0.067361
MDMin:  603 11:18:57    -2397.370233        0.066904
MDMin:  604 11:18:58    -2397.370233        0.066442
MDMin:  605 11:19:00    -2397.370233        0.065975
MDMin:  606 11:19:02    -2397.370233        0.065505
MDMin:  607 11:19:04    -2397.370233        0.065033
MDMin:  608 11:19:06    -2397.370233        0.064560
MDMin:  609 11:19:07    -2397.370233        0.064087
MDMin:  610 11:19:09    -2397.370233        0.063615
MDMin:  611 11:19:11    -2397.370233        0.063146
MDMin:  612 11:19:13    -2397.370233        0.062680
MDMin:  613 11:19:15    -2397.370233        0.062218
MDMin:  614 11:19:17    -2397.370233        0.061761
MDMin:  615 11:19:18    -2397.370233        0.061311
MDMin:  616 11:19:20    -2397.370233        0.060868
MDMin:  617 11:19:22    -2397.370234        0.060433
MDMin:  618 11:19:24    -2397.370234        0.060007
MDMin:  619 11:19:25    -2397.370234        0.059589
MDMin:  620 11:19:26    -2397.370234        0.059182
MDMin:  621 11:19:27    -2397.370234        0.058785
MDMin:  622 11:19:29    -2397.370234        0.058399
MDMin:  623 11:19:30    -2397.370234        0.058024
MDMin:  624 11:19:31    -2397.370234        0.057660
MDMin:  625 11:19:33    -2397.370234        0.057308
MDMin:  626 11:19:34    -2397.370234        0.056967
MDMin:  627 11:19:35    -2397.370234        0.056638
MDMin:  628 11:19:37    -2397.370234        0.056320
MDMin:  629 11:19:39    -2397.370234        0.056014
MDMin:  630 11:19:41    -2397.370234        0.055718
MDMin:  631 11:19:43    -2397.370234        0.055434
MDMin:  632 11:19:45    -2397.370235        0.055161
MDMin:  633 11:19:46    -2397.370235        0.054898
MDMin:  634 11:19:48    -2397.370235        0.054645
MDMin:  635 11:19:49    -2397.370235        0.054402
MDMin:  636 11:19:50    -2397.370235        0.054167
MDMin:  637 11:19:52    -2397.370235        0.053940
MDMin:  638 11:19:53    -2397.370235        0.053720
MDMin:  639 11:19:55    -2397.370235        0.053505
MDMin:  640 11:19:56    -2397.370235        0.053296
MDMin:  641 11:19:58    -2397.370235        0.053092
MDMin:  642 11:20:00    -2397.370235        0.062138
MDMin:  643 11:20:01    -2397.370235        0.052825
MDMin:  644 11:20:03    -2397.370235        0.052784
MDMin:  645 11:20:04    -2397.370235        0.052738
MDMin:  646 11:20:06    -2397.370235        0.052692
MDMin:  647 11:20:08    -2397.370235        0.052644
MDMin:  648 11:20:10    -2397.370235        0.052594
MDMin:  649 11:20:12    -2397.370235        0.052544
MDMin:  650 11:20:13    -2397.370235        0.052492
MDMin:  651 11:20:15    -2397.370236        0.052439
MDMin:  652 11:20:17    -2397.370236        0.052384
MDMin:  653 11:20:19    -2397.370236        0.052329
MDMin:  654 11:20:21    -2397.370236        0.052272
MDMin:  655 11:20:23    -2397.370236        0.052213
MDMin:  656 11:20:24    -2397.370236        0.052154
MDMin:  657 11:20:26    -2397.370236        0.052093
MDMin:  658 11:20:28    -2397.370236        0.052030
MDMin:  659 11:20:30    -2397.370236        0.051966
MDMin:  660 11:20:32    -2397.370236        0.051901
MDMin:  661 11:20:34    -2397.370236        0.051833
MDMin:  662 11:20:35    -2397.370236        0.051764
MDMin:  663 11:20:37    -2397.370236        0.051693
MDMin:  664 11:20:39    -2397.370236        0.051621
MDMin:  665 11:20:41    -2397.370236        0.051546
MDMin:  666 11:20:42    -2397.370236        0.051469
MDMin:  667 11:20:44    -2397.370236        0.051389
MDMin:  668 11:20:45    -2397.370236        0.051308
MDMin:  669 11:20:47    -2397.370236        0.051224
MDMin:  670 11:20:48    -2397.370236        0.051137
MDMin:  671 11:20:50    -2397.370236        0.051047
MDMin:  672 11:20:52    -2397.370236        0.050954
MDMin:  673 11:20:54    -2397.370236        0.050858
MDMin:  674 11:20:56    -2397.370236        0.050759
MDMin:  675 11:20:57    -2397.370236        0.050656
MDMin:  676 11:20:59    -2397.370236        0.050549
MDMin:  677 11:21:01    -2397.370236        0.050438
MDMin:  678 11:21:02    -2397.370236        0.050323
MDMin:  679 11:21:04    -2397.370236        0.050203
MDMin:  680 11:21:06    -2397.370236        0.050079
MDMin:  681 11:21:08    -2397.370236        0.049949
       Step     Time          Energy          fmax
MDMin:    0 14:36:26    -2397.368608        0.149868
MDMin:    1 14:36:28    -2397.368608        0.149857
MDMin:    2 14:36:30    -2397.368608        0.149826
MDMin:    3 14:36:32    -2397.368609        0.149773
MDMin:    4 14:36:34    -2397.368610        0.149699
MDMin:    5 14:36:36    -2397.368611        0.149603
MDMin:    6 14:36:38    -2397.368612        0.149483
MDMin:    7 14:36:40    -2397.368613        0.149340
MDMin:    8 14:36:42    -2397.368615        0.149171
MDMin:    9 14:36:44    -2397.368617        0.148976
MDMin:   10 14:36:46    -2397.368619        0.148754
MDMin:   11 14:36:48    -2397.368621        0.148502
MDMin:   12 14:36:50    -2397.368624        0.148219
MDMin:   13 14:36:52    -2397.368626        0.147903
MDMin:   14 14:36:54    -2397.368629        0.147553
MDMin:   15 14:36:56    -2397.368632        0.147166
MDMin:   16 14:36:58    -2397.368636        0.146740
MDMin:   17 14:36:59    -2397.368639        0.146272
MDMin:   18 14:37:01    -2397.368643        0.145762
MDMin:   19 14:37:02    -2397.368647        0.145206
MDMin:   20 14:37:04    -2397.368652        0.144603
MDMin:   21 14:37:05    -2397.368656        0.143951
MDMin:   22 14:37:06    -2397.368661        0.143247
MDMin:   23 14:37:08    -2397.368666        0.142491
MDMin:   24 14:37:09    -2397.368671        0.141682
MDMin:   25 14:37:10    -2397.368677        0.140818
MDMin:   26 14:37:11    -2397.368683        0.139900
MDMin:   27 14:37:13    -2397.368689        0.138929
MDMin:   28 14:37:14    -2397.368695        0.137905
MDMin:   29 14:37:15    -2397.368702        0.136830
MDMin:   30 14:37:16    -2397.368709        0.135707
MDMin:   31 14:37:17    -2397.368716        0.134844
MDMin:   32 14:37:19    -2397.368724        0.134351
MDMin:   33 14:37:20    -2397.368731        0.133820
MDMin:   34 14:37:21    -2397.368739        0.133249
MDMin:   35 14:37:23    -2397.368748        0.133062
MDMin:   36 14:37:24    -2397.368756        0.133404
MDMin:   37 14:37:26    -2397.368765        0.133732
MDMin:   38 14:37:28    -2397.368775        0.134043
MDMin:   39 14:37:30    -2397.368784        0.134333
MDMin:   40 14:37:32    -2397.368794        0.134600
MDMin:   41 14:37:33    -2397.368804        0.134842
MDMin:   42 14:37:35    -2397.368815        0.135055
MDMin:   43 14:37:37    -2397.368825        0.135237
MDMin:   44 14:37:39    -2397.368836        0.135387
MDMin:   45 14:37:42    -2397.368848        0.135501
MDMin:   46 14:37:44    -2397.368859        0.135578
MDMin:   47 14:37:45    -2397.368871        0.135616
MDMin:   48 14:37:46    -2397.368883        0.135614
MDMin:   49 14:37:48    -2397.368896        0.135571
MDMin:   50 14:37:49    -2397.368909        0.135486
MDMin:   51 14:37:51    -2397.368922        0.135357
MDMin:   52 14:37:53    -2397.368935        0.135186
MDMin:   53 14:37:55    -2397.368949        0.134970
MDMin:   54 14:37:57    -2397.368962        0.134711
MDMin:   55 14:37:59    -2397.368976        0.134409
MDMin:   56 14:38:01    -2397.368990        0.134403
MDMin:   57 14:38:03    -2397.369005        0.137835
MDMin:   58 14:38:05    -2397.369019        0.141513
MDMin:   59 14:38:07    -2397.369034        0.145442
MDMin:   60 14:38:09    -2397.369049        0.149626
MDMin:   61 14:38:11    -2397.369064        0.154061
MDMin:   62 14:38:13    -2397.369079        0.158742
MDMin:   63 14:38:15    -2397.369094        0.163655
MDMin:   64 14:38:17    -2397.369109        0.168780
MDMin:   65 14:38:19    -2397.369125        0.174092
MDMin:   66 14:38:21    -2397.369140        0.179553
MDMin:   67 14:38:23    -2397.369155        0.185117
MDMin:   68 14:38:24    -2397.369170        0.190729
MDMin:   69 14:38:26    -2397.369185        0.196323
MDMin:   70 14:38:28    -2397.369200        0.201824
MDMin:   71 14:38:30    -2397.369216        0.207147
MDMin:   72 14:38:32    -2397.369231        0.212204
MDMin:   73 14:38:34    -2397.369245        0.216899
MDMin:   74 14:38:36    -2397.369260        0.221138
MDMin:   75 14:38:38    -2397.369275        0.224829
MDMin:   76 14:38:40    -2397.369290        0.227888
MDMin:   77 14:38:42    -2397.369304        0.230241
MDMin:   78 14:38:44    -2397.369319        0.231827
MDMin:   79 14:38:46    -2397.369333        0.232605
MDMin:   80 14:38:48    -2397.369348        0.232550
MDMin:   81 14:38:49    -2397.369362        0.231660
MDMin:   82 14:38:51    -2397.369376        0.229949
MDMin:   83 14:38:52    -2397.369390        0.227453
MDMin:   84 14:38:54    -2397.369404        0.224219
MDMin:   85 14:38:56    -2397.369418        0.220309
MDMin:   86 14:38:58    -2397.369432        0.215794
MDMin:   87 14:39:00    -2397.369446        0.210750
MDMin:   88 14:39:02    -2397.369460        0.205255
MDMin:   89 14:39:03    -2397.369474        0.199387
MDMin:   90 14:39:04    -2397.369487        0.193220
MDMin:   91 14:39:06    -2397.369501        0.186825
MDMin:   92 14:39:08    -2397.369515        0.180270
MDMin:   93 14:39:11    -2397.369528        0.173612
MDMin:   94 14:39:12    -2397.369542        0.166907
MDMin:   95 14:39:13    -2397.369555        0.160202
MDMin:   96 14:39:15    -2397.369568        0.153541
MDMin:   97 14:39:16    -2397.369581        0.146963
MDMin:   98 14:39:18    -2397.369595        0.140513
MDMin:   99 14:39:20    -2397.369607        0.134279
MDMin:  100 14:39:22    -2397.369619        0.142027
MDMin:  101 14:39:24    -2397.369628        0.184061
MDMin:  102 14:39:26    -2397.369632        0.122475
MDMin:  103 14:39:28    -2397.369636        0.122801
MDMin:  104 14:39:30    -2397.369641        0.123131
MDMin:  105 14:39:32    -2397.369645        0.123463
MDMin:  106 14:39:34    -2397.369649        0.123796
MDMin:  107 14:39:36    -2397.369654        0.124126
MDMin:  108 14:39:38    -2397.369658        0.124450
MDMin:  109 14:39:40    -2397.369663        0.124765
MDMin:  110 14:39:42    -2397.369667        0.125066
MDMin:  111 14:39:44    -2397.369672        0.125347
MDMin:  112 14:39:46    -2397.369677        0.125602
MDMin:  113 14:39:48    -2397.369681        0.125824
MDMin:  114 14:39:50    -2397.369686        0.126005
MDMin:  115 14:39:51    -2397.369691        0.126136
MDMin:  116 14:39:53    -2397.369696        0.126207
MDMin:  117 14:39:55    -2397.369701        0.126207
MDMin:  118 14:39:57    -2397.369706        0.126126
MDMin:  119 14:39:59    -2397.369711        0.125951
MDMin:  120 14:40:01    -2397.369717        0.125672
MDMin:  121 14:40:03    -2397.369722        0.125279
MDMin:  122 14:40:05    -2397.369727        0.124763
MDMin:  123 14:40:07    -2397.369732        0.124115
MDMin:  124 14:40:09    -2397.369738        0.123333
MDMin:  125 14:40:11    -2397.369743        0.122414
MDMin:  126 14:40:13    -2397.369749        0.121362
MDMin:  127 14:40:15    -2397.369754        0.120183
MDMin:  128 14:40:17    -2397.369760        0.118887
MDMin:  129 14:40:19    -2397.369765        0.117487
MDMin:  130 14:40:21    -2397.369771        0.116000
MDMin:  131 14:40:23    -2397.369777        0.114442
MDMin:  132 14:40:25    -2397.369782        0.113687
MDMin:  133 14:40:27    -2397.369788        0.114049
MDMin:  134 14:40:29    -2397.369794        0.114338
MDMin:  135 14:40:31    -2397.369800        0.114548
MDMin:  136 14:40:32    -2397.369806        0.114677
MDMin:  137 14:40:33    -2397.369812        0.114723
MDMin:  138 14:40:34    -2397.369818        0.114686
MDMin:  139 14:40:36    -2397.369824        0.114567
MDMin:  140 14:40:38    -2397.369830        0.114370
MDMin:  141 14:40:39    -2397.369836        0.114096
MDMin:  142 14:40:41    -2397.369842        0.113752
MDMin:  143 14:40:43    -2397.369848        0.113341
MDMin:  144 14:40:45    -2397.369854        0.112869
MDMin:  145 14:40:47    -2397.369860        0.112341
MDMin:  146 14:40:49    -2397.369866        0.111764
MDMin:  147 14:40:51    -2397.369873        0.111141
MDMin:  148 14:40:53    -2397.369879        0.110477
MDMin:  149 14:40:55    -2397.369885        0.109778
MDMin:  150 14:40:57    -2397.369891        0.109046
MDMin:  151 14:40:59    -2397.369898        0.108284
MDMin:  152 14:41:01    -2397.369904        0.107497
MDMin:  153 14:41:03    -2397.369910        0.106684
MDMin:  154 14:41:05    -2397.369917        0.105849
MDMin:  155 14:41:07    -2397.369923        0.104992
MDMin:  156 14:41:09    -2397.369929        0.104115
MDMin:  157 14:41:11    -2397.369935        0.103217
MDMin:  158 14:41:13    -2397.369941        0.102299
MDMin:  159 14:41:15    -2397.369948        0.101362
MDMin:  160 14:41:17    -2397.369954        0.100405
MDMin:  161 14:41:19    -2397.369960        0.099430
MDMin:  162 14:41:21    -2397.369966        0.098445
MDMin:  163 14:41:23    -2397.369971        0.116901
MDMin:  164 14:41:25    -2397.369974        0.139212
MDMin:  165 14:41:27    -2397.369975        0.096761
MDMin:  166 14:41:29    -2397.369976        0.096546
MDMin:  167 14:41:31    -2397.369978        0.096321
MDMin:  168 14:41:33    -2397.369979        0.096087
MDMin:  169 14:41:35    -2397.369980        0.095846
MDMin:  170 14:41:37    -2397.369981        0.095597
MDMin:  171 14:41:39    -2397.369983        0.095341
MDMin:  172 14:41:41    -2397.369984        0.095076
MDMin:  173 14:41:43    -2397.369986        0.094805
MDMin:  174 14:41:45    -2397.369987        0.094526
MDMin:  175 14:41:47    -2397.369989        0.094239
MDMin:  176 14:41:49    -2397.369990        0.093946
MDMin:  177 14:41:51    -2397.369992        0.093644
MDMin:  178 14:41:52    -2397.369993        0.093335
MDMin:  179 14:41:54    -2397.369995        0.093019
MDMin:  180 14:41:56    -2397.369996        0.092694
MDMin:  181 14:41:58    -2397.369998        0.092363
MDMin:  182 14:42:00    -2397.370000        0.092023
MDMin:  183 14:42:01    -2397.370001        0.091676
MDMin:  184 14:42:03    -2397.370003        0.091321
MDMin:  185 14:42:05    -2397.370005        0.090959
MDMin:  186 14:42:06    -2397.370007        0.090588
MDMin:  187 14:42:07    -2397.370008        0.090210
MDMin:  188 14:42:08    -2397.370010        0.089823
MDMin:  189 14:42:10    -2397.370012        0.089429
MDMin:  190 14:42:11    -2397.370014        0.089027
MDMin:  191 14:42:12    -2397.370016        0.088617
MDMin:  192 14:42:13    -2397.370018        0.088909
MDMin:  193 14:42:15    -2397.370020        0.089488
MDMin:  194 14:42:16    -2397.370022        0.090083
MDMin:  195 14:42:17    -2397.370023        0.090691
MDMin:  196 14:42:18    -2397.370025        0.091312
MDMin:  197 14:42:19    -2397.370027        0.091943
MDMin:  198 14:42:20    -2397.370029        0.092582
MDMin:  199 14:42:21    -2397.370031        0.093229
MDMin:  200 14:42:23    -2397.370033        0.093880
MDMin:  201 14:42:25    -2397.370035        0.094534
MDMin:  202 14:42:27    -2397.370037        0.095188
MDMin:  203 14:42:29    -2397.370039        0.095842
MDMin:  204 14:42:30    -2397.370041        0.096493
MDMin:  205 14:42:32    -2397.370043        0.097139
MDMin:  206 14:42:34    -2397.370045        0.097778
MDMin:  207 14:42:36    -2397.370047        0.098410
MDMin:  208 14:42:38    -2397.370049        0.099033
MDMin:  209 14:42:40    -2397.370051        0.099646
MDMin:  210 14:42:42    -2397.370053        0.100248
MDMin:  211 14:42:44    -2397.370055        0.100840
MDMin:  212 14:42:46    -2397.370057        0.101419
MDMin:  213 14:42:48    -2397.370059        0.101987
MDMin:  214 14:42:50    -2397.370061        0.102544
MDMin:  215 14:42:51    -2397.370063        0.103089
MDMin:  216 14:42:52    -2397.370065        0.103623
MDMin:  217 14:42:53    -2397.370067        0.104145
MDMin:  218 14:42:54    -2397.370069        0.104656
MDMin:  219 14:42:56    -2397.370071        0.105157
MDMin:  220 14:42:58    -2397.370073        0.105650
MDMin:  221 14:43:00    -2397.370075        0.106131
MDMin:  222 14:43:02    -2397.370077        0.106600
MDMin:  223 14:43:04    -2397.370079        0.107053
MDMin:  224 14:43:06    -2397.370081        0.107489
MDMin:  225 14:43:08    -2397.370083        0.107902
MDMin:  226 14:43:09    -2397.370084        0.108288
MDMin:  227 14:43:11    -2397.370086        0.108641
MDMin:  228 14:43:13    -2397.370088        0.108951
MDMin:  229 14:43:15    -2397.370090        0.109211
MDMin:  230 14:43:17    -2397.370092        0.109407
MDMin:  231 14:43:19    -2397.370094        0.109528
MDMin:  232 14:43:21    -2397.370096        0.109558
MDMin:  233 14:43:23    -2397.370098        0.109480
MDMin:  234 14:43:25    -2397.370099        0.109278
MDMin:  235 14:43:27    -2397.370101        0.108935
MDMin:  236 14:43:29    -2397.370103        0.108433
MDMin:  237 14:43:31    -2397.370105        0.107759
MDMin:  238 14:43:33    -2397.370107        0.106901
MDMin:  239 14:43:35    -2397.370108        0.105855
MDMin:  240 14:43:37    -2397.370110        0.104621
MDMin:  241 14:43:39    -2397.370112        0.103205
MDMin:  242 14:43:41    -2397.370114        0.101622
MDMin:  243 14:43:44    -2397.370115        0.099891
MDMin:  244 14:43:46    -2397.370117        0.098036
MDMin:  245 14:43:47    -2397.370119        0.098063
MDMin:  246 14:43:50    -2397.370121        0.098111
MDMin:  247 14:43:51    -2397.370122        0.098045
MDMin:  248 14:43:53    -2397.370124        0.097863
MDMin:  249 14:43:55    -2397.370126        0.097567
MDMin:  250 14:43:57    -2397.370128        0.097164
MDMin:  251 14:43:59    -2397.370129        0.096660
MDMin:  252 14:44:01    -2397.370131        0.096067
MDMin:  253 14:44:03    -2397.370133        0.095395
MDMin:  254 14:44:05    -2397.370135        0.094657
MDMin:  255 14:44:07    -2397.370136        0.093865
MDMin:  256 14:44:08    -2397.370138        0.093031
MDMin:  257 14:44:10    -2397.370140        0.092172
MDMin:  258 14:44:12    -2397.370141        0.091334
MDMin:  259 14:44:14    -2397.370142        0.129187
MDMin:  260 14:44:16    -2397.370143        0.090460
MDMin:  261 14:44:18    -2397.370143        0.090208
MDMin:  262 14:44:20    -2397.370144        0.089949
MDMin:  263 14:44:21    -2397.370144        0.089684
MDMin:  264 14:44:23    -2397.370145        0.089414
MDMin:  265 14:44:25    -2397.370145        0.089137
MDMin:  266 14:44:27    -2397.370146        0.088856
MDMin:  267 14:44:29    -2397.370146        0.088569
MDMin:  268 14:44:31    -2397.370147        0.088278
MDMin:  269 14:44:33    -2397.370147        0.087981
MDMin:  270 14:44:35    -2397.370148        0.087681
MDMin:  271 14:44:36    -2397.370148        0.087376
MDMin:  272 14:44:38    -2397.370149        0.087068
MDMin:  273 14:44:40    -2397.370149        0.086756
MDMin:  274 14:44:42    -2397.370150        0.086440
MDMin:  275 14:44:44    -2397.370151        0.086121
MDMin:  276 14:44:46    -2397.370151        0.085798
MDMin:  277 14:44:48    -2397.370152        0.085473
MDMin:  278 14:44:49    -2397.370152        0.085145
MDMin:  279 14:44:51    -2397.370153        0.085938
MDMin:  280 14:44:53    -2397.370154        0.086897
MDMin:  281 14:44:55    -2397.370154        0.087886
MDMin:  282 14:44:57    -2397.370155        0.088907
MDMin:  283 14:44:59    -2397.370155        0.089960
MDMin:  284 14:45:01    -2397.370156        0.091047
MDMin:  285 14:45:03    -2397.370157        0.092168
MDMin:  286 14:45:05    -2397.370157        0.093325
MDMin:  287 14:45:07    -2397.370158        0.094518
MDMin:  288 14:45:09    -2397.370159        0.095749
MDMin:  289 14:45:11    -2397.370159        0.097018
MDMin:  290 14:45:13    -2397.370160        0.098327
MDMin:  291 14:45:15    -2397.370161        0.099677
MDMin:  292 14:45:17    -2397.370161        0.101070
MDMin:  293 14:45:19    -2397.370162        0.102508
MDMin:  294 14:45:21    -2397.370163        0.103991
MDMin:  295 14:45:23    -2397.370163        0.105522
MDMin:  296 14:45:25    -2397.370164        0.107102
MDMin:  297 14:45:27    -2397.370165        0.108735
MDMin:  298 14:45:29    -2397.370165        0.110423
MDMin:  299 14:45:31    -2397.370166        0.112167
MDMin:  300 14:45:32    -2397.370167        0.113971
MDMin:  301 14:45:34    -2397.370167        0.115837
MDMin:  302 14:45:36    -2397.370168        0.117768
MDMin:  303 14:45:38    -2397.370169        0.119768
MDMin:  304 14:45:40    -2397.370169        0.121839
MDMin:  305 14:45:42    -2397.370170        0.123986
MDMin:  306 14:45:44    -2397.370171        0.126213
MDMin:  307 14:45:46    -2397.370171        0.128523
MDMin:  308 14:45:48    -2397.370172        0.130920
MDMin:  309 14:45:50    -2397.370173        0.133411
MDMin:  310 14:45:51    -2397.370173        0.136000
MDMin:  311 14:45:53    -2397.370174        0.138691
MDMin:  312 14:45:55    -2397.370175        0.141490
MDMin:  313 14:45:56    -2397.370175        0.144403
MDMin:  314 14:45:58    -2397.370176        0.147434
MDMin:  315 14:46:00    -2397.370177        0.150588
MDMin:  316 14:46:02    -2397.370177        0.153871
MDMin:  317 14:46:04    -2397.370178        0.157288
MDMin:  318 14:46:05    -2397.370178        0.160842
MDMin:  319 14:46:07    -2397.370179        0.164539
MDMin:  320 14:46:09    -2397.370180        0.168381
MDMin:  321 14:46:11    -2397.370180        0.172372
MDMin:  322 14:46:13    -2397.370181        0.176511
MDMin:  323 14:46:15    -2397.370181        0.180801
MDMin:  324 14:46:17    -2397.370182        0.185239
MDMin:  325 14:46:18    -2397.370182        0.189823
MDMin:  326 14:46:20    -2397.370183        0.194547
MDMin:  327 14:46:21    -2397.370184        0.199405
MDMin:  328 14:46:22    -2397.370184        0.204387
MDMin:  329 14:46:23    -2397.370185        0.209481
MDMin:  330 14:46:25    -2397.370185        0.214672
MDMin:  331 14:46:26    -2397.370186        0.219940
MDMin:  332 14:46:28    -2397.370186        0.225265
MDMin:  333 14:46:30    -2397.370187        0.230621
MDMin:  334 14:46:32    -2397.370187        0.235979
MDMin:  335 14:46:34    -2397.370187        0.241307
MDMin:  336 14:46:36    -2397.370188        0.246568
MDMin:  337 14:46:38    -2397.370188        0.251722
MDMin:  338 14:46:40    -2397.370189        0.256724
MDMin:  339 14:46:42    -2397.370189        0.261527
MDMin:  340 14:46:44    -2397.370190        0.266079
MDMin:  341 14:46:46    -2397.370190        0.270325
MDMin:  342 14:46:47    -2397.370191        0.274207
MDMin:  343 14:46:49    -2397.370191        0.277665
MDMin:  344 14:46:51    -2397.370191        0.280638
MDMin:  345 14:46:53    -2397.370192        0.283065
MDMin:  346 14:46:55    -2397.370192        0.284884
MDMin:  347 14:46:57    -2397.370193        0.286039
MDMin:  348 14:46:59    -2397.370193        0.286479
MDMin:  349 14:47:01    -2397.370193        0.286157
MDMin:  350 14:47:03    -2397.370194        0.285040
MDMin:  351 14:47:05    -2397.370194        0.283105
MDMin:  352 14:47:07    -2397.370195        0.280343
MDMin:  353 14:47:09    -2397.370195        0.276759
MDMin:  354 14:47:10    -2397.370195        0.272375
MDMin:  355 14:47:11    -2397.370196        0.267230
MDMin:  356 14:47:12    -2397.370196        0.261374
MDMin:  357 14:47:13    -2397.370197        0.260272
MDMin:  358 14:47:14    -2397.370197        0.267686
MDMin:  359 14:47:16    -2397.370197        0.274703
MDMin:  360 14:47:17    -2397.370198        0.281183
MDMin:  361 14:47:18    -2397.370198        0.286982
MDMin:  362 14:47:19    -2397.370198        0.291958
MDMin:  363 14:47:20    -2397.370199        0.295976
MDMin:  364 14:47:22    -2397.370199        0.298919
MDMin:  365 14:47:23    -2397.370200        0.300690
MDMin:  366 14:47:25    -2397.370200        0.301222
MDMin:  367 14:47:26    -2397.370200        0.300482
MDMin:  368 14:47:28    -2397.370201        0.298470
MDMin:  369 14:47:31    -2397.370201        0.295220
MDMin:  370 14:47:33    -2397.370202        0.290799
MDMin:  371 14:47:34    -2397.370202        0.285300
MDMin:  372 14:47:36    -2397.370202        0.278836
MDMin:  373 14:47:38    -2397.370203        0.271535
MDMin:  374 14:47:40    -2397.370203        0.263528
MDMin:  375 14:47:42    -2397.370204        0.254951
MDMin:  376 14:47:44    -2397.370204        0.245931
MDMin:  377 14:47:46    -2397.370204        0.236592
MDMin:  378 14:47:48    -2397.370205        0.227042
MDMin:  379 14:47:50    -2397.370205        0.217382
MDMin:  380 14:47:51    -2397.370206        0.207699
MDMin:  381 14:47:52    -2397.370206        0.198071
MDMin:  382 14:47:54    -2397.370207        0.188574
MDMin:  383 14:47:56    -2397.370207        0.179317
MDMin:  384 14:47:58    -2397.370207        0.170736
MDMin:  385 14:48:01    -2397.370208        0.219905
MDMin:  386 14:48:03    -2397.370208        0.163139
MDMin:  387 14:48:05    -2397.370208        0.161158
MDMin:  388 14:48:06    -2397.370208        0.159132
MDMin:  389 14:48:08    -2397.370208        0.157066
MDMin:  390 14:48:10    -2397.370208        0.154964
MDMin:  391 14:48:11    -2397.370208        0.152826
MDMin:  392 14:48:13    -2397.370209        0.150657
MDMin:  393 14:48:15    -2397.370209        0.148458
MDMin:  394 14:48:17    -2397.370209        0.146233
MDMin:  395 14:48:19    -2397.370209        0.143984
MDMin:  396 14:48:20    -2397.370209        0.141713
MDMin:  397 14:48:22    -2397.370209        0.139425
MDMin:  398 14:48:24    -2397.370209        0.137120
MDMin:  399 14:48:25    -2397.370210        0.134803
MDMin:  400 14:48:26    -2397.370210        0.132476
MDMin:  401 14:48:27    -2397.370210        0.130140
MDMin:  402 14:48:29    -2397.370210        0.127800
MDMin:  403 14:48:30    -2397.370210        0.125458
MDMin:  404 14:48:31    -2397.370210        0.123115
MDMin:  405 14:48:32    -2397.370211        0.120775
MDMin:  406 14:48:34    -2397.370211        0.118440
MDMin:  407 14:48:35    -2397.370211        0.116113
MDMin:  408 14:48:36    -2397.370211        0.113795
MDMin:  409 14:48:38    -2397.370211        0.111488
MDMin:  410 14:48:39    -2397.370212        0.109196
MDMin:  411 14:48:41    -2397.370212        0.106919
MDMin:  412 14:48:43    -2397.370212        0.105533
MDMin:  413 14:48:45    -2397.370212        0.104435
MDMin:  414 14:48:47    -2397.370212        0.103284
MDMin:  415 14:48:49    -2397.370213        0.102080
MDMin:  416 14:48:51    -2397.370213        0.100825
MDMin:  417 14:48:54    -2397.370213        0.099519
MDMin:  418 14:48:56    -2397.370213        0.098164
MDMin:  419 14:48:58    -2397.370214        0.096763
MDMin:  420 14:48:59    -2397.370214        0.095317
MDMin:  421 14:49:01    -2397.370214        0.093829
MDMin:  422 14:49:03    -2397.370214        0.092303
MDMin:  423 14:49:05    -2397.370215        0.090742
MDMin:  424 14:49:07    -2397.370215        0.089151
MDMin:  425 14:49:09    -2397.370215        0.087533
MDMin:  426 14:49:10    -2397.370215        0.085895
MDMin:  427 14:49:12    -2397.370216        0.084241
MDMin:  428 14:49:14    -2397.370216        0.082576
MDMin:  429 14:49:15    -2397.370216        0.080908
MDMin:  430 14:49:16    -2397.370216        0.079241
MDMin:  431 14:49:18    -2397.370217        0.077582
MDMin:  432 14:49:19    -2397.370217        0.075938
MDMin:  433 14:49:21    -2397.370217        0.074316
MDMin:  434 14:49:23    -2397.370218        0.072722
MDMin:  435 14:49:25    -2397.370218        0.071164
MDMin:  436 14:49:26    -2397.370218        0.069648
MDMin:  437 14:49:28    -2397.370219        0.068181
MDMin:  438 14:49:29    -2397.370219        0.066769
MDMin:  439 14:49:30    -2397.370219        0.065614
MDMin:  440 14:49:32    -2397.370219        0.065024
MDMin:  441 14:49:33    -2397.370220        0.064443
MDMin:  442 14:49:34    -2397.370220        0.063869
MDMin:  443 14:49:36    -2397.370220        0.063303
MDMin:  444 14:49:38    -2397.370221        0.062755
MDMin:  445 14:49:40    -2397.370221        0.138744
MDMin:  446 14:49:42    -2397.370221        0.102565
MDMin:  447 14:49:44    -2397.370221        0.068093
MDMin:  448 14:49:45    -2397.370221        0.062252
MDMin:  449 14:49:47    -2397.370221        0.062193
MDMin:  450 14:49:49    -2397.370221        0.062128
MDMin:  451 14:49:51    -2397.370221        0.062058
MDMin:  452 14:49:53    -2397.370221        0.061986
MDMin:  453 14:49:55    -2397.370221        0.061910
MDMin:  454 14:49:57    -2397.370221        0.061830
MDMin:  455 14:49:59    -2397.370221        0.061747
MDMin:  456 14:50:00    -2397.370221        0.061661
MDMin:  457 14:50:02    -2397.370221        0.061572
MDMin:  458 14:50:04    -2397.370221        0.061479
MDMin:  459 14:50:06    -2397.370221        0.061384
MDMin:  460 14:50:07    -2397.370221        0.061286
MDMin:  461 14:50:09    -2397.370222        0.061184
MDMin:  462 14:50:11    -2397.370222        0.061079
MDMin:  463 14:50:13    -2397.370222        0.060972
MDMin:  464 14:50:15    -2397.370222        0.060861
MDMin:  465 14:50:17    -2397.370222        0.060748
MDMin:  466 14:50:19    -2397.370222        0.060631
MDMin:  467 14:50:21    -2397.370222        0.060512
MDMin:  468 14:50:23    -2397.370222        0.060389
MDMin:  469 14:50:24    -2397.370222        0.060264
MDMin:  470 14:50:26    -2397.370222        0.060135
MDMin:  471 14:50:27    -2397.370222        0.060003
MDMin:  472 14:50:29    -2397.370222        0.059868
MDMin:  473 14:50:31    -2397.370222        0.059730
MDMin:  474 14:50:33    -2397.370222        0.059589
MDMin:  475 14:50:35    -2397.370222        0.059444
MDMin:  476 14:50:37    -2397.370223        0.059297
MDMin:  477 14:50:39    -2397.370223        0.059145
MDMin:  478 14:50:41    -2397.370223        0.058990
MDMin:  479 14:50:43    -2397.370223        0.058832
MDMin:  480 14:50:44    -2397.370223        0.058670
MDMin:  481 14:50:46    -2397.370223        0.058504
MDMin:  482 14:50:48    -2397.370223        0.058334
MDMin:  483 14:50:51    -2397.370223        0.058161
MDMin:  484 14:50:52    -2397.370223        0.057983
MDMin:  485 14:50:54    -2397.370223        0.057801
MDMin:  486 14:50:56    -2397.370223        0.057615
MDMin:  487 14:50:58    -2397.370224        0.057425
MDMin:  488 14:51:00    -2397.370224        0.057230
MDMin:  489 14:51:02    -2397.370224        0.057030
MDMin:  490 14:51:04    -2397.370224        0.056825
MDMin:  491 14:51:06    -2397.370224        0.056615
MDMin:  492 14:51:08    -2397.370224        0.056401
MDMin:  493 14:51:10    -2397.370224        0.056412
MDMin:  494 14:51:12    -2397.370224        0.056521
MDMin:  495 14:51:14    -2397.370224        0.056646
MDMin:  496 14:51:15    -2397.370224        0.056787
MDMin:  497 14:51:17    -2397.370225        0.056945
MDMin:  498 14:51:18    -2397.370225        0.057120
MDMin:  499 14:51:20    -2397.370225        0.057313
MDMin:  500 14:51:22    -2397.370225        0.057524
MDMin:  501 14:51:24    -2397.370225        0.057753
MDMin:  502 14:51:26    -2397.370225        0.058002
MDMin:  503 14:51:28    -2397.370225        0.058270
MDMin:  504 14:51:30    -2397.370225        0.058558
MDMin:  505 14:51:32    -2397.370225        0.058865
MDMin:  506 14:51:33    -2397.370225        0.059193
MDMin:  507 14:51:34    -2397.370226        0.059541
MDMin:  508 14:51:35    -2397.370226        0.059909
MDMin:  509 14:51:36    -2397.370226        0.060297
MDMin:  510 14:51:37    -2397.370226        0.060706
MDMin:  511 14:51:38    -2397.370226        0.061135
MDMin:  512 14:51:40    -2397.370226        0.061583
MDMin:  513 14:51:41    -2397.370226        0.062050
MDMin:  514 14:51:43    -2397.370226        0.062535
MDMin:  515 14:51:44    -2397.370226        0.063188
MDMin:  516 14:51:46    -2397.370227        0.063888
MDMin:  517 14:51:49    -2397.370227        0.064594
MDMin:  518 14:51:51    -2397.370227        0.065304
MDMin:  519 14:51:53    -2397.370227        0.066017
MDMin:  520 14:51:55    -2397.370227        0.066759
MDMin:  521 14:51:57    -2397.370227        0.067576
MDMin:  522 14:51:59    -2397.370227        0.068370
MDMin:  523 14:52:01    -2397.370227        0.069136
MDMin:  524 14:52:03    -2397.370227        0.069870
MDMin:  525 14:52:05    -2397.370227        0.070567
MDMin:  526 14:52:07    -2397.370228        0.071223
MDMin:  527 14:52:09    -2397.370228        0.071834
MDMin:  528 14:52:11    -2397.370228        0.072396
MDMin:  529 14:52:13    -2397.370228        0.073027
MDMin:  530 14:52:15    -2397.370228        0.073708
MDMin:  531 14:52:17    -2397.370228        0.074385
MDMin:  532 14:52:19    -2397.370228        0.075061
MDMin:  533 14:52:22    -2397.370228        0.075736
MDMin:  534 14:52:24    -2397.370228        0.076412
MDMin:  535 14:52:26    -2397.370228        0.077089
MDMin:  536 14:52:28    -2397.370229        0.077768
MDMin:  537 14:52:29    -2397.370229        0.078450
MDMin:  538 14:52:30    -2397.370229        0.079136
MDMin:  539 14:52:33    -2397.370229        0.079826
MDMin:  540 14:52:35    -2397.370229        0.080521
MDMin:  541 14:52:36    -2397.370229        0.081220
MDMin:  542 14:52:38    -2397.370229        0.081923
MDMin:  543 14:52:39    -2397.370229        0.082629
MDMin:  544 14:52:41    -2397.370229        0.083336
MDMin:  545 14:52:43    -2397.370229        0.084044
MDMin:  546 14:52:45    -2397.370230        0.084750
MDMin:  547 14:52:47    -2397.370230        0.085451
MDMin:  548 14:52:49    -2397.370230        0.086143
MDMin:  549 14:52:50    -2397.370230        0.086822
MDMin:  550 14:52:52    -2397.370230        0.087481
MDMin:  551 14:52:54    -2397.370230        0.088113
MDMin:  552 14:52:56    -2397.370230        0.088709
MDMin:  553 14:52:58    -2397.370230        0.089258
MDMin:  554 14:53:00    -2397.370230        0.089746
MDMin:  555 14:53:02    -2397.370230        0.090158
MDMin:  556 14:53:04    -2397.370230        0.090475
MDMin:  557 14:53:05    -2397.370231        0.090678
MDMin:  558 14:53:07    -2397.370231        0.090750
MDMin:  559 14:53:09    -2397.370231        0.090699
MDMin:  560 14:53:11    -2397.370231        0.090582
MDMin:  561 14:53:12    -2397.370231        0.090445
MDMin:  562 14:53:14    -2397.370231        0.090275
MDMin:  563 14:53:16    -2397.370231        0.090064
MDMin:  564 14:53:17    -2397.370231        0.089807
MDMin:  565 14:53:19    -2397.370231        0.089499
MDMin:  566 14:53:21    -2397.370231        0.089140
MDMin:  567 14:53:23    -2397.370231        0.088724
MDMin:  568 14:53:25    -2397.370231        0.088250
MDMin:  569 14:53:27    -2397.370231        0.087715
MDMin:  570 14:53:29    -2397.370231        0.087117
MDMin:  571 14:53:31    -2397.370231        0.086455
MDMin:  572 14:53:32    -2397.370231        0.085728
MDMin:  573 14:53:33    -2397.370231        0.084936
MDMin:  574 14:53:35    -2397.370231        0.084079
MDMin:  575 14:53:36    -2397.370231        0.083158
MDMin:  576 14:53:37    -2397.370231        0.082175
MDMin:  577 14:53:38    -2397.370232        0.081132
MDMin:  578 14:53:40    -2397.370232        0.080033
MDMin:  579 14:53:42    -2397.370232        0.078881
MDMin:  580 14:53:43    -2397.370232        0.078037
MDMin:  581 14:53:45    -2397.370232        0.077299
MDMin:  582 14:53:47    -2397.370232        0.076499
MDMin:  583 14:53:49    -2397.370232        0.075637
MDMin:  584 14:53:51    -2397.370232        0.074715
MDMin:  585 14:53:53    -2397.370232        0.074175
MDMin:  586 14:53:54    -2397.370232        0.073756
MDMin:  587 14:53:56    -2397.370232        0.073293
MDMin:  588 14:53:58    -2397.370232        0.072790
MDMin:  589 14:53:59    -2397.370232        0.072249
MDMin:  590 14:54:01    -2397.370232        0.071672
MDMin:  591 14:54:03    -2397.370232        0.071062
MDMin:  592 14:54:04    -2397.370232        0.070424
MDMin:  593 14:54:05    -2397.370232        0.069761
MDMin:  594 14:54:07    -2397.370233        0.069076
MDMin:  595 14:54:09    -2397.370233        0.068376
MDMin:  596 14:54:11    -2397.370233        0.067662
MDMin:  597 14:54:12    -2397.370233        0.066941
MDMin:  598 14:54:15    -2397.370233        0.066216
MDMin:  599 14:54:17    -2397.370233        0.065490
MDMin:  600 14:54:19    -2397.370233        0.064769
MDMin:  601 14:54:20    -2397.370233        0.064057
MDMin:  602 14:54:22    -2397.370233        0.063363
MDMin:  603 14:54:23    -2397.370233        0.062720
MDMin:  604 14:54:25    -2397.370233        0.065311
MDMin:  605 14:54:27    -2397.370233        0.062018
MDMin:  606 14:54:28    -2397.370233        0.061808
MDMin:  607 14:54:29    -2397.370233        0.061596
MDMin:  608 14:54:31    -2397.370233        0.061381
MDMin:  609 14:54:33    -2397.370233        0.061164
MDMin:  610 14:54:34    -2397.370233        0.060945
MDMin:  611 14:54:35    -2397.370233        0.060724
MDMin:  612 14:54:36    -2397.370234        0.060502
MDMin:  613 14:54:38    -2397.370234        0.060278
MDMin:  614 14:54:40    -2397.370234        0.060054
MDMin:  615 14:54:41    -2397.370234        0.059830
MDMin:  616 14:54:43    -2397.370234        0.059605
MDMin:  617 14:54:45    -2397.370234        0.059380
MDMin:  618 14:54:47    -2397.370234        0.059155
MDMin:  619 14:54:49    -2397.370234        0.058931
MDMin:  620 14:54:51    -2397.370234        0.058708
MDMin:  621 14:54:53    -2397.370234        0.058485
MDMin:  622 14:54:54    -2397.370234        0.058264
MDMin:  623 14:54:56    -2397.370234        0.058044
MDMin:  624 14:54:58    -2397.370234        0.057826
MDMin:  625 14:55:00    -2397.370234        0.057610
MDMin:  626 14:55:02    -2397.370234        0.057396
MDMin:  627 14:55:04    -2397.370234        0.057184
MDMin:  628 14:55:06    -2397.370234        0.056974
MDMin:  629 14:55:07    -2397.370234        0.056767
MDMin:  630 14:55:08    -2397.370234        0.056563
MDMin:  631 14:55:10    -2397.370234        0.056361
MDMin:  632 14:55:12    -2397.370234        0.056163
MDMin:  633 14:55:14    -2397.370234        0.055967
MDMin:  634 14:55:16    -2397.370234        0.055774
MDMin:  635 14:55:17    -2397.370234        0.055585
MDMin:  636 14:55:18    -2397.370234        0.055399
MDMin:  637 14:55:20    -2397.370235        0.055217
MDMin:  638 14:55:21    -2397.370235        0.055038
MDMin:  639 14:55:22    -2397.370235        0.054863
MDMin:  640 14:55:23    -2397.370235        0.054691
MDMin:  641 14:55:25    -2397.370235        0.054522
MDMin:  642 14:55:26    -2397.370235        0.054357
MDMin:  643 14:55:28    -2397.370235        0.054194
MDMin:  644 14:55:30    -2397.370235        0.054035
MDMin:  645 14:55:32    -2397.370235        0.053878
MDMin:  646 14:55:33    -2397.370235        0.053724
MDMin:  647 14:55:34    -2397.370235        0.053571
MDMin:  648 14:55:36    -2397.370235        0.053421
MDMin:  649 14:55:37    -2397.370235        0.053272
MDMin:  650 14:55:39    -2397.370235        0.053124
MDMin:  651 14:55:40    -2397.370235        0.052977
MDMin:  652 14:55:42    -2397.370235        0.052830
MDMin:  653 14:55:44    -2397.370235        0.052683
MDMin:  654 14:55:46    -2397.370235        0.052535
MDMin:  655 14:55:48    -2397.370236        0.052386
MDMin:  656 14:55:50    -2397.370236        0.052234
MDMin:  657 14:55:51    -2397.370236        0.052080
MDMin:  658 14:55:53    -2397.370236        0.051922
MDMin:  659 14:55:55    -2397.370236        0.051760
MDMin:  660 14:55:56    -2397.370236        0.051593
MDMin:  661 14:55:58    -2397.370236        0.051421
MDMin:  662 14:55:59    -2397.370236        0.051241
MDMin:  663 14:56:00    -2397.370236        0.051055
MDMin:  664 14:56:01    -2397.370236        0.050866
MDMin:  665 14:56:02    -2397.370236        0.050695
MDMin:  666 14:56:04    -2397.370236        0.050596
MDMin:  667 14:56:06    -2397.370236        0.050529
MDMin:  668 14:56:08    -2397.370236        0.050460
MDMin:  669 14:56:10    -2397.370236        0.050387
MDMin:  670 14:56:12    -2397.370236        0.050313
MDMin:  671 14:56:13    -2397.370236        0.050235
MDMin:  672 14:56:14    -2397.370236        0.050155
MDMin:  673 14:56:15    -2397.370236        0.050072
MDMin:  674 14:56:17    -2397.370236        0.049985
