       Step     Time          Energy          fmax
MDMin:    0 03:41:38    -2397.719539        0.146916
MDMin:    1 03:41:40    -2397.719538        0.146900
MDMin:    2 03:41:42    -2397.719533        0.146854
MDMin:    3 03:41:44    -2397.719526        0.146776
MDMin:    4 03:41:46    -2397.719515        0.146667
MDMin:    5 03:41:47    -2397.719502        0.146527
MDMin:    6 03:41:49    -2397.719485        0.146386
MDMin:    7 03:41:51    -2397.719465        0.146344
MDMin:    8 03:41:53    -2397.719443        0.146296
MDMin:    9 03:41:54    -2397.719418        0.146240
MDMin:   10 03:41:56    -2397.719389        0.146177
MDMin:   11 03:41:57    -2397.719358        0.146106
MDMin:   12 03:41:58    -2397.719324        0.146027
MDMin:   13 03:42:01    -2397.719288        0.145939
MDMin:   14 03:42:03    -2397.719248        0.145842
MDMin:   15 03:42:04    -2397.719206        0.145736
MDMin:   16 03:42:06    -2397.719162        0.145620
MDMin:   17 03:42:08    -2397.719114        0.145494
MDMin:   18 03:42:09    -2397.719065        0.145357
MDMin:   19 03:42:10    -2397.719013        0.145208
MDMin:   20 03:42:11    -2397.718958        0.145048
MDMin:   21 03:42:13    -2397.718901        0.144876
MDMin:   22 03:42:15    -2397.718842        0.144691
MDMin:   23 03:42:16    -2397.718781        0.144493
MDMin:   24 03:42:18    -2397.718718        0.144281
MDMin:   25 03:42:20    -2397.718653        0.144056
MDMin:   26 03:42:21    -2397.718586        0.143816
MDMin:   27 03:42:23    -2397.718517        0.143561
MDMin:   28 03:42:24    -2397.718446        0.143291
MDMin:   29 03:42:25    -2397.718374        0.143005
MDMin:   30 03:42:27    -2397.718300        0.142704
MDMin:   31 03:42:29    -2397.718225        0.142386
MDMin:   32 03:42:31    -2397.718149        0.142052
MDMin:   33 03:42:32    -2397.718071        0.141702
MDMin:   34 03:42:34    -2397.717992        0.141334
MDMin:   35 03:42:35    -2397.717912        0.140951
MDMin:   36 03:42:37    -2397.717831        0.140550
MDMin:   37 03:42:38    -2397.717749        0.140133
MDMin:   38 03:42:40    -2397.717666        0.139699
MDMin:   39 03:42:43    -2397.717583        0.139248
MDMin:   40 03:42:44    -2397.717499        0.138781
MDMin:   41 03:42:46    -2397.717414        0.138299
MDMin:   42 03:42:48    -2397.717329        0.137800
MDMin:   43 03:42:50    -2397.717244        0.137287
MDMin:   44 03:42:52    -2397.717158        0.136759
MDMin:   45 03:42:54    -2397.717072        0.136217
MDMin:   46 03:42:56    -2397.716987        0.135662
MDMin:   47 03:42:58    -2397.716901        0.135094
MDMin:   48 03:43:00    -2397.716815        0.134514
MDMin:   49 03:43:02    -2397.716729        0.133925
MDMin:   50 03:43:04    -2397.716643        0.133325
MDMin:   51 03:43:06    -2397.716558        0.132718
MDMin:   52 03:43:08    -2397.716473        0.132103
MDMin:   53 03:43:10    -2397.716389        0.131483
MDMin:   54 03:43:11    -2397.716305        0.130860
MDMin:   55 03:43:13    -2397.716221        0.130234
MDMin:   56 03:43:16    -2397.716138        0.129608
MDMin:   57 03:43:18    -2397.716056        0.128985
MDMin:   58 03:43:19    -2397.715975        0.128365
MDMin:   59 03:43:20    -2397.715894        0.127752
MDMin:   60 03:43:22    -2397.715815        0.127149
MDMin:   61 03:43:24    -2397.715736        0.126558
MDMin:   62 03:43:25    -2397.715658        0.125983
MDMin:   63 03:43:26    -2397.715582        0.125426
MDMin:   64 03:43:29    -2397.715507        0.124892
MDMin:   65 03:43:31    -2397.715433        0.124384
MDMin:   66 03:43:33    -2397.715360        0.123908
MDMin:   67 03:43:34    -2397.715289        0.123467
MDMin:   68 03:43:35    -2397.715220        0.123066
MDMin:   69 03:43:36    -2397.715152        0.122712
MDMin:   70 03:43:38    -2397.715085        0.122410
MDMin:   71 03:43:39    -2397.715021        0.122165
MDMin:   72 03:43:40    -2397.714958        0.121986
MDMin:   73 03:43:42    -2397.714897        0.121878
MDMin:   74 03:43:44    -2397.714838        0.121849
MDMin:   75 03:43:45    -2397.714781        0.121906
MDMin:   76 03:43:46    -2397.714726        0.122056
MDMin:   77 03:43:48    -2397.714673        0.122306
MDMin:   78 03:43:49    -2397.714623        0.122662
MDMin:   79 03:43:51    -2397.714574        0.123130
MDMin:   80 03:43:53    -2397.714528        0.123713
MDMin:   81 03:43:55    -2397.714485        0.124412
MDMin:   82 03:43:56    -2397.714443        0.125226
MDMin:   83 03:43:57    -2397.714405        0.126148
MDMin:   84 03:43:58    -2397.714368        0.127168
MDMin:   85 03:44:00    -2397.714334        0.128268
MDMin:   86 03:44:02    -2397.714302        0.129422
MDMin:   87 03:44:04    -2397.714272        0.130595
MDMin:   88 03:44:06    -2397.714244        0.131745
MDMin:   89 03:44:08    -2397.714219        0.132814
MDMin:   90 03:44:10    -2397.714196        0.133737
MDMin:   91 03:44:12    -2397.714174        0.134437
MDMin:   92 03:44:14    -2397.714154        0.134828
MDMin:   93 03:44:16    -2397.714136        0.134820
MDMin:   94 03:44:17    -2397.714120        0.134318
MDMin:   95 03:44:19    -2397.714105        0.133233
MDMin:   96 03:44:20    -2397.714092        0.131484
MDMin:   97 03:44:22    -2397.714080        0.129035
MDMin:   98 03:44:24    -2397.714071        0.126176
MDMin:   99 03:44:26    -2397.714066        0.124580
MDMin:  100 03:44:27    -2397.714065        0.124075
MDMin:  101 03:44:29    -2397.714064        0.123472
MDMin:  102 03:44:31    -2397.714062        0.122816
MDMin:  103 03:44:33    -2397.714061        0.122116
MDMin:  104 03:44:35    -2397.714059        0.121370
MDMin:  105 03:44:36    -2397.714058        0.120576
MDMin:  106 03:44:37    -2397.714056        0.119734
MDMin:  107 03:44:38    -2397.714055        0.118841
MDMin:  108 03:44:40    -2397.714053        0.117896
MDMin:  109 03:44:41    -2397.714051        0.116898
MDMin:  110 03:44:43    -2397.714050        0.115845
MDMin:  111 03:44:45    -2397.714048        0.114736
MDMin:  112 03:44:47    -2397.714047        0.113570
MDMin:  113 03:44:49    -2397.714045        0.112346
MDMin:  114 03:44:50    -2397.714044        0.111064
MDMin:  115 03:44:52    -2397.714042        0.109724
MDMin:  116 03:44:54    -2397.714041        0.108326
MDMin:  117 03:44:56    -2397.714039        0.106870
MDMin:  118 03:44:58    -2397.714038        0.105356
MDMin:  119 03:44:59    -2397.714037        0.103786
MDMin:  120 03:45:00    -2397.714035        0.102162
MDMin:  121 03:45:02    -2397.714034        0.100484
MDMin:  122 03:45:03    -2397.714033        0.098756
MDMin:  123 03:45:05    -2397.714032        0.096980
MDMin:  124 03:45:07    -2397.714030        0.095159
MDMin:  125 03:45:09    -2397.714029        0.093297
MDMin:  126 03:45:11    -2397.714028        0.091397
MDMin:  127 03:45:13    -2397.714027        0.089463
MDMin:  128 03:45:15    -2397.714026        0.087502
MDMin:  129 03:45:17    -2397.714026        0.085518
MDMin:  130 03:45:19    -2397.714025        0.083517
MDMin:  131 03:45:21    -2397.714024        0.081502
MDMin:  132 03:45:23    -2397.714024        0.079481
MDMin:  133 03:45:25    -2397.714023        0.077457
MDMin:  134 03:45:28    -2397.714023        0.075437
MDMin:  135 03:45:30    -2397.714022        0.073427
MDMin:  136 03:45:32    -2397.714022        0.071431
MDMin:  137 03:45:33    -2397.714022        0.069454
MDMin:  138 03:45:36    -2397.714022        0.067501
MDMin:  139 03:45:38    -2397.714022        0.067069
MDMin:  140 03:45:40    -2397.714022        0.067848
MDMin:  141 03:45:42    -2397.714022        0.068659
MDMin:  142 03:45:44    -2397.714022        0.069504
MDMin:  143 03:45:45    -2397.714022        0.070381
MDMin:  144 03:45:47    -2397.714023        0.071290
MDMin:  145 03:45:49    -2397.714023        0.072230
MDMin:  146 03:45:51    -2397.714023        0.073200
MDMin:  147 03:45:53    -2397.714024        0.074198
MDMin:  148 03:45:55    -2397.714025        0.075221
MDMin:  149 03:45:57    -2397.714025        0.076269
MDMin:  150 03:45:59    -2397.714026        0.077337
MDMin:  151 03:46:01    -2397.714027        0.078421
MDMin:  152 03:46:03    -2397.714028        0.079518
MDMin:  153 03:46:05    -2397.714029        0.080623
MDMin:  154 03:46:07    -2397.714030        0.081730
MDMin:  155 03:46:08    -2397.714031        0.082833
MDMin:  156 03:46:10    -2397.714032        0.083926
MDMin:  157 03:46:12    -2397.714033        0.084999
MDMin:  158 03:46:14    -2397.714034        0.086046
MDMin:  159 03:46:16    -2397.714035        0.087056
MDMin:  160 03:46:18    -2397.714036        0.088020
MDMin:  161 03:46:20    -2397.714037        0.088927
MDMin:  162 03:46:22    -2397.714038        0.089765
MDMin:  163 03:46:24    -2397.714039        0.090523
MDMin:  164 03:46:26    -2397.714040        0.091188
MDMin:  165 03:46:28    -2397.714041        0.091746
MDMin:  166 03:46:30    -2397.714043        0.092183
MDMin:  167 03:46:32    -2397.714044        0.092487
MDMin:  168 03:46:34    -2397.714045        0.092644
MDMin:  169 03:46:36    -2397.714046        0.092639
MDMin:  170 03:46:37    -2397.714047        0.092459
MDMin:  171 03:46:39    -2397.714048        0.092092
MDMin:  172 03:46:41    -2397.714050        0.091527
MDMin:  173 03:46:44    -2397.714051        0.090753
MDMin:  174 03:46:46    -2397.714052        0.089761
MDMin:  175 03:46:48    -2397.714053        0.088544
MDMin:  176 03:46:49    -2397.714054        0.087098
MDMin:  177 03:46:51    -2397.714055        0.085420
MDMin:  178 03:46:53    -2397.714056        0.083513
MDMin:  179 03:46:54    -2397.714058        0.081379
MDMin:  180 03:46:55    -2397.714059        0.079026
MDMin:  181 03:46:56    -2397.714060        0.076465
MDMin:  182 03:46:58    -2397.714061        0.076415
MDMin:  183 03:46:59    -2397.714062        0.078443
MDMin:  184 03:47:01    -2397.714063        0.080235
MDMin:  185 03:47:03    -2397.714064        0.081767
MDMin:  186 03:47:05    -2397.714065        0.083013
MDMin:  187 03:47:07    -2397.714066        0.083954
MDMin:  188 03:47:09    -2397.714067        0.084570
MDMin:  189 03:47:11    -2397.714068        0.084851
MDMin:  190 03:47:12    -2397.714069        0.084786
MDMin:  191 03:47:13    -2397.714070        0.084372
MDMin:  192 03:47:15    -2397.714071        0.083612
MDMin:  193 03:47:17    -2397.714072        0.082515
MDMin:  194 03:47:19    -2397.714073        0.081094
MDMin:  195 03:47:21    -2397.714074        0.079370
MDMin:  196 03:47:23    -2397.714075        0.077368
MDMin:  197 03:47:25    -2397.714076        0.075118
MDMin:  198 03:47:26    -2397.714077        0.075369
MDMin:  199 03:47:27    -2397.714078        0.076442
MDMin:  200 03:47:28    -2397.714079        0.077537
MDMin:  201 03:47:30    -2397.714080        0.078653
MDMin:  202 03:47:31    -2397.714081        0.079789
MDMin:  203 03:47:33    -2397.714082        0.080946
MDMin:  204 03:47:34    -2397.714083        0.082123
MDMin:  205 03:47:36    -2397.714084        0.083316
MDMin:  206 03:47:38    -2397.714085        0.084525
MDMin:  207 03:47:40    -2397.714086        0.085742
MDMin:  208 03:47:42    -2397.714087        0.086952
MDMin:  209 03:47:45    -2397.714088        0.088095
MDMin:  210 03:47:46    -2397.714088        0.089020
MDMin:  211 03:47:48    -2397.714089        0.089630
MDMin:  212 03:47:50    -2397.714089        0.090134
MDMin:  213 03:47:51    -2397.714089        0.090633
MDMin:  214 03:47:52    -2397.714090        0.091139
MDMin:  215 03:47:53    -2397.714090        0.091654
MDMin:  216 03:47:55    -2397.714090        0.092177
MDMin:  217 03:47:56    -2397.714091        0.092706
MDMin:  218 03:47:58    -2397.714091        0.093243
MDMin:  219 03:48:00    -2397.714091        0.093785
MDMin:  220 03:48:02    -2397.714092        0.094333
MDMin:  221 03:48:04    -2397.714092        0.094886
MDMin:  222 03:48:06    -2397.714093        0.095442
MDMin:  223 03:48:07    -2397.714093        0.096002
MDMin:  224 03:48:08    -2397.714093        0.096563
MDMin:  225 03:48:10    -2397.714094        0.097125
MDMin:  226 03:48:12    -2397.714094        0.097687
MDMin:  227 03:48:14    -2397.714094        0.098247
MDMin:  228 03:48:15    -2397.714095        0.098804
MDMin:  229 03:48:16    -2397.714095        0.099357
MDMin:  230 03:48:17    -2397.714096        0.099903
MDMin:  231 03:48:19    -2397.714096        0.100441
MDMin:  232 03:48:20    -2397.714096        0.100969
MDMin:  233 03:48:22    -2397.714097        0.101486
MDMin:  234 03:48:23    -2397.714097        0.101988
MDMin:  235 03:48:25    -2397.714097        0.102474
MDMin:  236 03:48:26    -2397.714098        0.102940
MDMin:  237 03:48:27    -2397.714098        0.103386
MDMin:  238 03:48:29    -2397.714099        0.103807
MDMin:  239 03:48:30    -2397.714099        0.104201
MDMin:  240 03:48:32    -2397.714099        0.104566
MDMin:  241 03:48:34    -2397.714100        0.104897
MDMin:  242 03:48:35    -2397.714100        0.105193
MDMin:  243 03:48:37    -2397.714101        0.105449
MDMin:  244 03:48:39    -2397.714101        0.105663
MDMin:  245 03:48:41    -2397.714101        0.105831
MDMin:  246 03:48:42    -2397.714102        0.105948
MDMin:  247 03:48:44    -2397.714102        0.106013
MDMin:  248 03:48:47    -2397.714103        0.106020
MDMin:  249 03:48:49    -2397.714103        0.105966
MDMin:  250 03:48:51    -2397.714103        0.105848
MDMin:  251 03:48:52    -2397.714104        0.105661
MDMin:  252 03:48:54    -2397.714104        0.105401
MDMin:  253 03:48:56    -2397.714105        0.105065
MDMin:  254 03:48:58    -2397.714105        0.104649
MDMin:  255 03:49:00    -2397.714105        0.104149
MDMin:  256 03:49:02    -2397.714106        0.103561
MDMin:  257 03:49:04    -2397.714106        0.102882
MDMin:  258 03:49:06    -2397.714107        0.102108
MDMin:  259 03:49:07    -2397.714107        0.101235
MDMin:  260 03:49:09    -2397.714107        0.100261
MDMin:  261 03:49:10    -2397.714108        0.099183
MDMin:  262 03:49:11    -2397.714108        0.097998
MDMin:  263 03:49:13    -2397.714109        0.096703
MDMin:  264 03:49:15    -2397.714109        0.095296
MDMin:  265 03:49:17    -2397.714110        0.093775
MDMin:  266 03:49:19    -2397.714110        0.092140
MDMin:  267 03:49:20    -2397.714111        0.090388
MDMin:  268 03:49:22    -2397.714111        0.088519
MDMin:  269 03:49:24    -2397.714111        0.086534
MDMin:  270 03:49:26    -2397.714112        0.084433
MDMin:  271 03:49:28    -2397.714112        0.082217
MDMin:  272 03:49:29    -2397.714113        0.079886
MDMin:  273 03:49:31    -2397.714113        0.077445
MDMin:  274 03:49:33    -2397.714114        0.074894
MDMin:  275 03:49:35    -2397.714114        0.072238
MDMin:  276 03:49:36    -2397.714115        0.069482
MDMin:  277 03:49:37    -2397.714116        0.066630
MDMin:  278 03:49:39    -2397.714116        0.063688
MDMin:  279 03:49:41    -2397.714117        0.060665
MDMin:  280 03:49:44    -2397.714117        0.057568
MDMin:  281 03:49:45    -2397.714118        0.054417
MDMin:  282 03:49:46    -2397.714118        0.056331
MDMin:  283 03:49:48    -2397.714119        0.112097
MDMin:  284 03:49:50    -2397.714119        0.075644
MDMin:  285 03:49:52    -2397.714119        0.048734
