       Step     Time          Energy          fmax
MDMin:    0 19:04:48    -2397.321512        0.149653
MDMin:    1 19:04:49    -2397.321512        0.149648
MDMin:    2 19:04:51    -2397.321512        0.149634
MDMin:    3 19:04:53    -2397.321511        0.149610
MDMin:    4 19:04:54    -2397.321509        0.149576
MDMin:    5 19:04:56    -2397.321507        0.149533
MDMin:    6 19:04:58    -2397.321505        0.149481
MDMin:    7 19:05:00    -2397.321503        0.149420
MDMin:    8 19:05:02    -2397.321500        0.149349
MDMin:    9 19:05:04    -2397.321496        0.149269
MDMin:   10 19:05:05    -2397.321492        0.149180
MDMin:   11 19:05:07    -2397.321488        0.149082
MDMin:   12 19:05:08    -2397.321484        0.148975
MDMin:   13 19:05:09    -2397.321479        0.148859
MDMin:   14 19:05:10    -2397.321474        0.148736
MDMin:   15 19:05:12    -2397.321468        0.148604
MDMin:   16 19:05:14    -2397.321462        0.148464
MDMin:   17 19:05:16    -2397.321456        0.148316
MDMin:   18 19:05:18    -2397.321449        0.148161
MDMin:   19 19:05:20    -2397.321442        0.147999
MDMin:   20 19:05:22    -2397.321435        0.147831
MDMin:   21 19:05:24    -2397.321427        0.147656
MDMin:   22 19:05:25    -2397.321419        0.147474
MDMin:   23 19:05:26    -2397.321411        0.147287
MDMin:   24 19:05:28    -2397.321402        0.147095
MDMin:   25 19:05:29    -2397.321393        0.146899
MDMin:   26 19:05:30    -2397.321384        0.146698
MDMin:   27 19:05:32    -2397.321375        0.146493
MDMin:   28 19:05:33    -2397.321365        0.146286
MDMin:   29 19:05:35    -2397.321356        0.146075
MDMin:   30 19:05:36    -2397.321346        0.145863
MDMin:   31 19:05:37    -2397.321335        0.145649
MDMin:   32 19:05:38    -2397.321325        0.145435
MDMin:   33 19:05:40    -2397.321314        0.145220
MDMin:   34 19:05:42    -2397.321303        0.145007
MDMin:   35 19:05:44    -2397.321292        0.144794
MDMin:   36 19:05:46    -2397.321281        0.144584
MDMin:   37 19:05:47    -2397.321270        0.144376
MDMin:   38 19:05:49    -2397.321258        0.144173
MDMin:   39 19:05:51    -2397.321247        0.143974
MDMin:   40 19:05:53    -2397.321235        0.143781
MDMin:   41 19:05:55    -2397.321223        0.143595
MDMin:   42 19:05:57    -2397.321211        0.143417
MDMin:   43 19:05:58    -2397.321200        0.143248
MDMin:   44 19:06:00    -2397.321188        0.143089
MDMin:   45 19:06:02    -2397.321176        0.142941
MDMin:   46 19:06:03    -2397.321164        0.142805
MDMin:   47 19:06:04    -2397.321152        0.142683
MDMin:   48 19:06:06    -2397.321140        0.142577
MDMin:   49 19:06:07    -2397.321128        0.142486
MDMin:   50 19:06:09    -2397.321116        0.142414
MDMin:   51 19:06:11    -2397.321104        0.142360
MDMin:   52 19:06:12    -2397.321092        0.142327
MDMin:   53 19:06:14    -2397.321080        0.142315
MDMin:   54 19:06:16    -2397.321068        0.142327
MDMin:   55 19:06:18    -2397.321057        0.142363
MDMin:   56 19:06:20    -2397.321045        0.142425
MDMin:   57 19:06:22    -2397.321034        0.142514
MDMin:   58 19:06:24    -2397.321022        0.142631
MDMin:   59 19:06:26    -2397.321011        0.142777
MDMin:   60 19:06:28    -2397.321000        0.142953
MDMin:   61 19:06:30    -2397.320989        0.143161
MDMin:   62 19:06:32    -2397.320979        0.143401
MDMin:   63 19:06:34    -2397.320968        0.143674
MDMin:   64 19:06:35    -2397.320958        0.143980
MDMin:   65 19:06:37    -2397.320948        0.144320
MDMin:   66 19:06:39    -2397.320938        0.144693
MDMin:   67 19:06:41    -2397.320928        0.145100
MDMin:   68 19:06:43    -2397.320919        0.145541
MDMin:   69 19:06:44    -2397.320910        0.146015
MDMin:   70 19:06:46    -2397.320901        0.146522
MDMin:   71 19:06:47    -2397.320892        0.147060
MDMin:   72 19:06:48    -2397.320883        0.147629
MDMin:   73 19:06:49    -2397.320875        0.148227
MDMin:   74 19:06:51    -2397.320867        0.148852
MDMin:   75 19:06:53    -2397.320859        0.149503
MDMin:   76 19:06:55    -2397.320852        0.150178
MDMin:   77 19:06:57    -2397.320844        0.150874
MDMin:   78 19:06:59    -2397.320837        0.151589
MDMin:   79 19:07:01    -2397.320830        0.152320
MDMin:   80 19:07:02    -2397.320824        0.153065
MDMin:   81 19:07:03    -2397.320817        0.153820
MDMin:   82 19:07:05    -2397.320811        0.154583
MDMin:   83 19:07:06    -2397.320806        0.155350
MDMin:   84 19:07:08    -2397.320800        0.156118
MDMin:   85 19:07:10    -2397.320794        0.156883
MDMin:   86 19:07:12    -2397.320789        0.157644
MDMin:   87 19:07:14    -2397.320784        0.158395
MDMin:   88 19:07:16    -2397.320780        0.159134
MDMin:   89 19:07:17    -2397.320775        0.159857
MDMin:   90 19:07:19    -2397.320771        0.160559
MDMin:   91 19:07:21    -2397.320767        0.161237
MDMin:   92 19:07:22    -2397.320763        0.161885
MDMin:   93 19:07:23    -2397.320759        0.162499
MDMin:   94 19:07:25    -2397.320755        0.163071
MDMin:   95 19:07:26    -2397.320752        0.163596
MDMin:   96 19:07:28    -2397.320749        0.164065
MDMin:   97 19:07:29    -2397.320746        0.164467
MDMin:   98 19:07:31    -2397.320743        0.164792
MDMin:   99 19:07:32    -2397.320740        0.165026
MDMin:  100 19:07:33    -2397.320737        0.165154
MDMin:  101 19:07:34    -2397.320735        0.165158
MDMin:  102 19:07:35    -2397.320732        0.165022
MDMin:  103 19:07:37    -2397.320730        0.164722
MDMin:  104 19:07:39    -2397.320728        0.164239
MDMin:  105 19:07:41    -2397.320726        0.163552
MDMin:  106 19:07:43    -2397.320724        0.162642
MDMin:  107 19:07:45    -2397.320722        0.161502
MDMin:  108 19:07:46    -2397.320721        0.160173
MDMin:  109 19:07:48    -2397.320720        0.158854
MDMin:  110 19:07:49    -2397.320719        0.157859
MDMin:  111 19:07:51    -2397.320718        0.156998
MDMin:  112 19:07:52    -2397.320718        0.156113
MDMin:  113 19:07:54    -2397.320717        0.155183
MDMin:  114 19:07:56    -2397.320717        0.154205
MDMin:  115 19:07:57    -2397.320716        0.153177
MDMin:  116 19:07:58    -2397.320715        0.152102
MDMin:  117 19:08:00    -2397.320715        0.150979
MDMin:  118 19:08:02    -2397.320714        0.149813
MDMin:  119 19:08:04    -2397.320714        0.148609
MDMin:  120 19:08:06    -2397.320713        0.147371
MDMin:  121 19:08:08    -2397.320713        0.146107
MDMin:  122 19:08:10    -2397.320712        0.144826
MDMin:  123 19:08:12    -2397.320712        0.143538
MDMin:  124 19:08:14    -2397.320711        0.142256
MDMin:  125 19:08:16    -2397.320711        0.140991
MDMin:  126 19:08:17    -2397.320710        0.141809
MDMin:  127 19:08:19    -2397.320710        0.142396
MDMin:  128 19:08:21    -2397.320709        0.142723
MDMin:  129 19:08:22    -2397.320709        0.142762
MDMin:  130 19:08:23    -2397.320708        0.142483
MDMin:  131 19:08:24    -2397.320708        0.141862
MDMin:  132 19:08:26    -2397.320707        0.140870
MDMin:  133 19:08:28    -2397.320707        0.139485
MDMin:  134 19:08:30    -2397.320706        0.137686
MDMin:  135 19:08:32    -2397.320706        0.135455
MDMin:  136 19:08:34    -2397.320706        0.132780
MDMin:  137 19:08:36    -2397.320705        0.130620
MDMin:  138 19:08:38    -2397.320705        0.129989
MDMin:  139 19:08:39    -2397.320704        0.129252
MDMin:  140 19:08:40    -2397.320704        0.128351
MDMin:  141 19:08:42    -2397.320704        0.127225
MDMin:  142 19:08:43    -2397.320703        0.125816
MDMin:  143 19:08:45    -2397.320703        0.124066
MDMin:  144 19:08:47    -2397.320703        0.121923
MDMin:  145 19:08:49    -2397.320702        0.121798
MDMin:  146 19:08:51    -2397.320702        0.122893
MDMin:  147 19:08:53    -2397.320702        0.124018
MDMin:  148 19:08:55    -2397.320701        0.125175
MDMin:  149 19:08:57    -2397.320701        0.126365
MDMin:  150 19:08:59    -2397.320701        0.127591
MDMin:  151 19:09:01    -2397.320701        0.128856
MDMin:  152 19:09:03    -2397.320700        0.130161
MDMin:  153 19:09:05    -2397.320700        0.131509
MDMin:  154 19:09:07    -2397.320700        0.132905
MDMin:  155 19:09:09    -2397.320700        0.134352
MDMin:  156 19:09:11    -2397.320699        0.135855
MDMin:  157 19:09:13    -2397.320699        0.137419
MDMin:  158 19:09:15    -2397.320699        0.139050
MDMin:  159 19:09:16    -2397.320699        0.140753
MDMin:  160 19:09:18    -2397.320699        0.142536
MDMin:  161 19:09:20    -2397.320699        0.144404
MDMin:  162 19:09:22    -2397.320698        0.146366
MDMin:  163 19:09:24    -2397.320698        0.148425
MDMin:  164 19:09:25    -2397.320698        0.150590
MDMin:  165 19:09:27    -2397.320698        0.152863
MDMin:  166 19:09:28    -2397.320698        0.155250
MDMin:  167 19:09:29    -2397.320698        0.157750
MDMin:  168 19:09:31    -2397.320698        0.160364
MDMin:  169 19:09:32    -2397.320698        0.163088
MDMin:  170 19:09:33    -2397.320698        0.165915
MDMin:  171 19:09:35    -2397.320698        0.168825
MDMin:  172 19:09:37    -2397.320698        0.171762
MDMin:  173 19:09:39    -2397.320698        0.174532
MDMin:  174 19:09:41    -2397.320698        0.176691
MDMin:  175 19:09:43    -2397.320698        0.178107
MDMin:  176 19:09:45    -2397.320698        0.179366
MDMin:  177 19:09:46    -2397.320698        0.180641
MDMin:  178 19:09:48    -2397.320698        0.181944
MDMin:  179 19:09:50    -2397.320698        0.183276
MDMin:  180 19:09:52    -2397.320698        0.184633
MDMin:  181 19:09:54    -2397.320698        0.186015
MDMin:  182 19:09:56    -2397.320698        0.187421
MDMin:  183 19:09:57    -2397.320698        0.188848
MDMin:  184 19:09:58    -2397.320698        0.190294
MDMin:  185 19:10:00    -2397.320698        0.191759
MDMin:  186 19:10:01    -2397.320698        0.193240
MDMin:  187 19:10:02    -2397.320698        0.194735
MDMin:  188 19:10:03    -2397.320698        0.196245
MDMin:  189 19:10:04    -2397.320698        0.197767
MDMin:  190 19:10:05    -2397.320698        0.199302
MDMin:  191 19:10:07    -2397.320698        0.200850
MDMin:  192 19:10:08    -2397.320698        0.202412
MDMin:  193 19:10:10    -2397.320698        0.203989
MDMin:  194 19:10:12    -2397.320698        0.205584
MDMin:  195 19:10:14    -2397.320698        0.207200
MDMin:  196 19:10:16    -2397.320698        0.208844
MDMin:  197 19:10:18    -2397.320698        0.210520
MDMin:  198 19:10:20    -2397.320698        0.212237
MDMin:  199 19:10:22    -2397.320698        0.214004
MDMin:  200 19:10:24    -2397.320698        0.215832
MDMin:  201 19:10:25    -2397.320698        0.217734
MDMin:  202 19:10:26    -2397.320698        0.219725
MDMin:  203 19:10:28    -2397.320698        0.221821
MDMin:  204 19:10:30    -2397.320698        0.224041
MDMin:  205 19:10:32    -2397.320698        0.226408
MDMin:  206 19:10:34    -2397.320698        0.228943
MDMin:  207 19:10:36    -2397.320698        0.231674
MDMin:  208 19:10:38    -2397.320699        0.234629
MDMin:  209 19:10:40    -2397.320699        0.237839
MDMin:  210 19:10:41    -2397.320699        0.241339
MDMin:  211 19:10:43    -2397.320699        0.245162
MDMin:  212 19:10:44    -2397.320699        0.249349
MDMin:  213 19:10:46    -2397.320699        0.253935
MDMin:  214 19:10:47    -2397.320699        0.258960
MDMin:  215 19:10:49    -2397.320699        0.264456
MDMin:  216 19:10:51    -2397.320699        0.270449
MDMin:  217 19:10:52    -2397.320699        0.276951
MDMin:  218 19:10:54    -2397.320699        0.283953
MDMin:  219 19:10:56    -2397.320699        0.291406
MDMin:  220 19:10:57    -2397.320699        0.299214
MDMin:  221 19:10:59    -2397.320699        0.307205
MDMin:  222 19:11:01    -2397.320699        0.315111
MDMin:  223 19:11:03    -2397.320699        0.322542
MDMin:  224 19:11:05    -2397.320699        0.328976
MDMin:  225 19:11:07    -2397.320699        0.333761
MDMin:  226 19:11:09    -2397.320699        0.336166
MDMin:  227 19:11:10    -2397.320700        0.335493
MDMin:  228 19:11:11    -2397.320700        0.331237
MDMin:  229 19:11:13    -2397.320700        0.323323
MDMin:  230 19:11:15    -2397.320700        0.312261
MDMin:  231 19:11:17    -2397.320700        0.299101
MDMin:  232 19:11:19    -2397.320700        0.285167
MDMin:  233 19:11:22    -2397.320700        0.271657
MDMin:  234 19:11:23    -2397.320700        0.259350
MDMin:  235 19:11:25    -2397.320700        0.248559
MDMin:  236 19:11:27    -2397.320700        0.239237
MDMin:  237 19:11:29    -2397.320700        0.231160
MDMin:  238 19:11:31    -2397.320700        0.232006
MDMin:  239 19:11:33    -2397.320700        0.237206
MDMin:  240 19:11:35    -2397.320700        0.242516
MDMin:  241 19:11:37    -2397.320700        0.247987
MDMin:  242 19:11:39    -2397.320701        0.253669
MDMin:  243 19:11:42    -2397.320701        0.259602
MDMin:  244 19:11:43    -2397.320701        0.265824
MDMin:  245 19:11:45    -2397.320701        0.272363
MDMin:  246 19:11:46    -2397.320701        0.279243
MDMin:  247 19:11:48    -2397.320701        0.286479
MDMin:  248 19:11:50    -2397.320701        0.294080
MDMin:  249 19:11:52    -2397.320701        0.302046
MDMin:  250 19:11:54    -2397.320701        0.310370
MDMin:  251 19:11:56    -2397.320701        0.319039
MDMin:  252 19:11:57    -2397.320701        0.328031
MDMin:  253 19:11:59    -2397.320701        0.337317
MDMin:  254 19:12:00    -2397.320702        0.346867
MDMin:  255 19:12:02    -2397.320702        0.356647
MDMin:  256 19:12:03    -2397.320702        0.366625
MDMin:  257 19:12:05    -2397.320702        0.376770
MDMin:  258 19:12:06    -2397.320702        0.387054
MDMin:  259 19:12:08    -2397.320702        0.397457
MDMin:  260 19:12:10    -2397.320702        0.407961
MDMin:  261 19:12:11    -2397.320702        0.418555
MDMin:  262 19:12:12    -2397.320702        0.429234
MDMin:  263 19:12:14    -2397.320702        0.439996
MDMin:  264 19:12:16    -2397.320702        0.450841
MDMin:  265 19:12:17    -2397.320702        0.461769
MDMin:  266 19:12:19    -2397.320703        0.472781
MDMin:  267 19:12:21    -2397.320703        0.483876
MDMin:  268 19:12:22    -2397.320703        0.495053
MDMin:  269 19:12:23    -2397.320703        0.506311
MDMin:  270 19:12:24    -2397.320703        0.517653
MDMin:  271 19:12:25    -2397.320703        0.529086
MDMin:  272 19:12:27    -2397.320703        0.540623
MDMin:  273 19:12:28    -2397.320703        0.552288
MDMin:  274 19:12:29    -2397.320703        0.564118
MDMin:  275 19:12:30    -2397.320703        0.576158
MDMin:  276 19:12:32    -2397.320703        0.588466
MDMin:  277 19:12:34    -2397.320703        0.601110
MDMin:  278 19:12:36    -2397.320704        0.614167
MDMin:  279 19:12:38    -2397.320704        0.627716
MDMin:  280 19:12:39    -2397.320704        0.641836
MDMin:  281 19:12:40    -2397.320704        0.656597
MDMin:  282 19:12:41    -2397.320704        0.672046
MDMin:  283 19:12:42    -2397.320704        0.688187
MDMin:  284 19:12:44    -2397.320704        0.704948
MDMin:  285 19:12:45    -2397.320704        0.722134
MDMin:  286 19:12:46    -2397.320704        0.739449
MDMin:  287 19:12:47    -2397.320704        0.756359
MDMin:  288 19:12:48    -2397.320704        0.772055
MDMin:  289 19:12:50    -2397.320704        0.785517
MDMin:  290 19:12:51    -2397.320704        0.795606
MDMin:  291 19:12:52    -2397.320704        0.801228
MDMin:  292 19:12:54    -2397.320705        0.801532
MDMin:  293 19:12:56    -2397.320705        0.796092
MDMin:  294 19:12:58    -2397.320705        0.785014
MDMin:  295 19:13:00    -2397.320705        0.768905
MDMin:  296 19:13:01    -2397.320705        0.748741
MDMin:  297 19:13:03    -2397.320705        0.725667
MDMin:  298 19:13:04    -2397.320705        0.700913
MDMin:  299 19:13:05    -2397.320705        0.675535
MDMin:  300 19:13:07    -2397.320705        0.650324
MDMin:  301 19:13:09    -2397.320705        0.625898
MDMin:  302 19:13:10    -2397.320705        0.602818
MDMin:  303 19:13:12    -2397.320705        0.581736
MDMin:  304 19:13:14    -2397.320705        0.563615
MDMin:  305 19:13:15    -2397.320706        0.549779
MDMin:  306 19:13:17    -2397.320706        0.540362
MDMin:  307 19:13:18    -2397.320706        0.533104
MDMin:  308 19:13:20    -2397.320706        0.526686
MDMin:  309 19:13:22    -2397.320706        0.520881
MDMin:  310 19:13:24    -2397.320706        0.515718
MDMin:  311 19:13:26    -2397.320706        0.511257
MDMin:  312 19:13:28    -2397.320706        0.507569
MDMin:  313 19:13:29    -2397.320706        0.504727
MDMin:  314 19:13:31    -2397.320706        0.502808
MDMin:  315 19:13:32    -2397.320706        0.501891
MDMin:  316 19:13:33    -2397.320706        0.502057
MDMin:  317 19:13:35    -2397.320706        0.503391
MDMin:  318 19:13:37    -2397.320706        0.505992
MDMin:  319 19:13:39    -2397.320706        0.509958
MDMin:  320 19:13:40    -2397.320706        0.515378
MDMin:  321 19:13:41    -2397.320706        0.522346
MDMin:  322 19:13:42    -2397.320706        0.530954
MDMin:  323 19:13:44    -2397.320706        0.541298
MDMin:  324 19:13:46    -2397.320707        0.553470
MDMin:  325 19:13:48    -2397.320707        0.567563
MDMin:  326 19:13:50    -2397.320707        0.583665
MDMin:  327 19:13:51    -2397.320707        0.601860
MDMin:  328 19:13:53    -2397.320707        0.622220
MDMin:  329 19:13:55    -2397.320707        0.644808
MDMin:  330 19:13:57    -2397.320707        0.669671
MDMin:  331 19:13:59    -2397.320707        0.696834
MDMin:  332 19:14:01    -2397.320707        0.726312
MDMin:  333 19:14:03    -2397.320707        0.758111
MDMin:  334 19:14:05    -2397.320707        0.792240
MDMin:  335 19:14:06    -2397.320707        0.828730
MDMin:  336 19:14:08    -2397.320707        0.867666
MDMin:  337 19:14:09    -2397.320707        0.909214
MDMin:  338 19:14:11    -2397.320707        0.953658
MDMin:  339 19:14:13    -2397.320707        1.001417
MDMin:  340 19:14:15    -2397.320707        1.053044
MDMin:  341 19:14:16    -2397.320707        1.109186
MDMin:  342 19:14:18    -2397.320707        1.170482
MDMin:  343 19:14:20    -2397.320708        1.237363
MDMin:  344 19:14:22    -2397.320708        1.309654
MDMin:  345 19:14:24    -2397.320708        1.386223
MDMin:  346 19:14:26    -2397.320708        1.464330
MDMin:  347 19:14:28    -2397.320708        1.539133
MDMin:  348 19:14:30    -2397.320708        1.603780
MDMin:  349 19:14:31    -2397.320708        1.651169
MDMin:  350 19:14:33    -2397.320708        1.677519
MDMin:  351 19:14:35    -2397.320708        1.685319
MDMin:  352 19:14:37    -2397.320708        1.682078
MDMin:  353 19:14:39    -2397.320708        1.675572
MDMin:  354 19:14:41    -2397.320708        1.670462
MDMin:  355 19:14:42    -2397.320708        1.668372
MDMin:  356 19:14:44    -2397.320708        1.669448
MDMin:  357 19:14:46    -2397.320708        1.673551
MDMin:  358 19:14:48    -2397.320708        1.680760
MDMin:  359 19:14:49    -2397.320708        1.691511
MDMin:  360 19:14:51    -2397.320708        1.706670
MDMin:  361 19:14:52    -2397.320708        1.727613
MDMin:  362 19:14:53    -2397.320708        1.756351
MDMin:  363 19:14:55    -2397.320708        1.795752
MDMin:  364 19:14:56    -2397.320708        1.850179
MDMin:  365 19:14:58    -2397.320708        1.928488
MDMin:  366 19:15:00    -2397.320708        2.069906
MDMin:  367 19:15:02    -2397.320708        1.997369
MDMin:  368 19:15:03    -2397.320708        1.969174
MDMin:  369 19:15:05    -2397.320709        1.920756
MDMin:  370 19:15:07    -2397.320709        1.837803
MDMin:  371 19:15:08    -2397.320709        1.730293
MDMin:  372 19:15:09    -2397.320709        1.614319
MDMin:  373 19:15:10    -2397.320709        1.504300
MDMin:  374 19:15:12    -2397.320709        1.408995
MDMin:  375 19:15:14    -2397.320709        1.330419
MDMin:  376 19:15:16    -2397.320709        1.265449
MDMin:  377 19:15:17    -2397.320709        1.209002
MDMin:  378 19:15:19    -2397.320709        1.216853
MDMin:  379 19:15:21    -2397.320709        1.268353
MDMin:  380 19:15:23    -2397.320709        1.316816
MDMin:  381 19:15:25    -2397.320709        1.358469
MDMin:  382 19:15:27    -2397.320709        1.389738
MDMin:  383 19:15:29    -2397.320709        1.407469
MDMin:  384 19:15:32    -2397.320709        1.409221
MDMin:  385 19:15:33    -2397.320709        1.393170
MDMin:  386 19:15:34    -2397.320709        1.358287
MDMin:  387 19:15:36    -2397.320710        1.304171
MDMin:  388 19:15:38    -2397.320710        1.231083
MDMin:  389 19:15:40    -2397.320710        1.139957
MDMin:  390 19:15:42    -2397.320710        1.032398
MDMin:  391 19:15:44    -2397.320710        0.910747
MDMin:  392 19:15:46    -2397.320710        0.778677
MDMin:  393 19:15:48    -2397.320710        0.641521
MDMin:  394 19:15:49    -2397.320710        0.506863
MDMin:  395 19:15:50    -2397.320711        0.385141
MDMin:  396 19:15:52    -2397.320711        0.289859
MDMin:  397 19:15:54    -2397.320711        0.234299
MDMin:  398 19:15:55    -2397.320711        0.228614
MDMin:  399 19:15:57    -2397.320712        0.276932
MDMin:  400 19:15:59    -2397.320712        0.374845
MDMin:  401 19:16:00    -2397.320712        0.417545
MDMin:  402 19:16:01    -2397.320712        0.488529
MDMin:  403 19:16:02    -2397.320712        0.465487
MDMin:  404 19:16:04    -2397.320712        0.474116
MDMin:  405 19:16:06    -2397.320713        0.479379
MDMin:  406 19:16:08    -2397.320713        0.483672
MDMin:  407 19:16:09    -2397.320713        0.487326
MDMin:  408 19:16:11    -2397.320713        0.490492
MDMin:  409 19:16:12    -2397.320713        0.493201
MDMin:  410 19:16:13    -2397.320713        0.495407
MDMin:  411 19:16:15    -2397.320713        0.497010
MDMin:  412 19:16:16    -2397.320713        0.497875
MDMin:  413 19:16:19    -2397.320713        0.497844
MDMin:  414 19:16:20    -2397.320713        0.496749
MDMin:  415 19:16:22    -2397.320713        0.494413
MDMin:  416 19:16:24    -2397.320713        0.490663
MDMin:  417 19:16:26    -2397.320713        0.485338
MDMin:  418 19:16:28    -2397.320713        0.478292
MDMin:  419 19:16:30    -2397.320713        0.469405
MDMin:  420 19:16:31    -2397.320713        0.458587
MDMin:  421 19:16:32    -2397.320713        0.445789
MDMin:  422 19:16:33    -2397.320713        0.431001
MDMin:  423 19:16:35    -2397.320713        0.414260
MDMin:  424 19:16:37    -2397.320713        0.395654
MDMin:  425 19:16:39    -2397.320713        0.375323
MDMin:  426 19:16:40    -2397.320713        0.353457
MDMin:  427 19:16:42    -2397.320713        0.330303
MDMin:  428 19:16:43    -2397.320713        0.306157
MDMin:  429 19:16:45    -2397.320713        0.281369
MDMin:  430 19:16:46    -2397.320713        0.256336
MDMin:  431 19:16:48    -2397.320714        0.231502
MDMin:  432 19:16:50    -2397.320714        0.207350
MDMin:  433 19:16:52    -2397.320714        0.184803
MDMin:  434 19:16:53    -2397.320714        0.173401
MDMin:  435 19:16:55    -2397.320714        0.161020
MDMin:  436 19:16:56    -2397.320714        0.147683
MDMin:  437 19:16:58    -2397.320714        0.133424
MDMin:  438 19:17:00    -2397.320714        0.124549
MDMin:  439 19:17:02    -2397.320714        0.118504
MDMin:  440 19:17:04    -2397.320714        0.112178
MDMin:  441 19:17:05    -2397.320715        0.105633
MDMin:  442 19:17:06    -2397.320715        0.098949
MDMin:  443 19:17:08    -2397.320715        0.092240
MDMin:  444 19:17:09    -2397.320715        0.085676
MDMin:  445 19:17:11    -2397.320715        0.079518
MDMin:  446 19:17:13    -2397.320716        0.074095
MDMin:  447 19:17:15    -2397.320716        0.069700
MDMin:  448 19:17:16    -2397.320716        0.066415
MDMin:  449 19:17:17    -2397.320716        0.126179
MDMin:  450 19:17:19    -2397.320716        0.064109
MDMin:  451 19:17:21    -2397.320716        0.064000
MDMin:  452 19:17:23    -2397.320716        0.063887
MDMin:  453 19:17:25    -2397.320716        0.063771
MDMin:  454 19:17:27    -2397.320716        0.063651
MDMin:  455 19:17:28    -2397.320716        0.063527
MDMin:  456 19:17:29    -2397.320716        0.063401
MDMin:  457 19:17:31    -2397.320716        0.063270
MDMin:  458 19:17:33    -2397.320716        0.063137
MDMin:  459 19:17:35    -2397.320717        0.063000
MDMin:  460 19:17:37    -2397.320717        0.062860
MDMin:  461 19:17:38    -2397.320717        0.062717
MDMin:  462 19:17:40    -2397.320717        0.062571
MDMin:  463 19:17:42    -2397.320717        0.062423
MDMin:  464 19:17:44    -2397.320717        0.062272
MDMin:  465 19:17:45    -2397.320717        0.062118
MDMin:  466 19:17:47    -2397.320717        0.061963
MDMin:  467 19:17:49    -2397.320717        0.061805
MDMin:  468 19:17:50    -2397.320717        0.061646
MDMin:  469 19:17:52    -2397.320717        0.061484
MDMin:  470 19:17:54    -2397.320717        0.061321
MDMin:  471 19:17:56    -2397.320717        0.061156
MDMin:  472 19:17:58    -2397.320717        0.060989
MDMin:  473 19:18:00    -2397.320717        0.060821
MDMin:  474 19:18:02    -2397.320717        0.060651
MDMin:  475 19:18:04    -2397.320717        0.060480
MDMin:  476 19:18:05    -2397.320717        0.060307
MDMin:  477 19:18:07    -2397.320717        0.060133
MDMin:  478 19:18:09    -2397.320717        0.059958
MDMin:  479 19:18:10    -2397.320717        0.059781
MDMin:  480 19:18:12    -2397.320717        0.059603
MDMin:  481 19:18:15    -2397.320717        0.059424
MDMin:  482 19:18:16    -2397.320717        0.059243
MDMin:  483 19:18:18    -2397.320717        0.059061
MDMin:  484 19:18:19    -2397.320717        0.058877
MDMin:  485 19:18:21    -2397.320717        0.058691
MDMin:  486 19:18:23    -2397.320717        0.058504
MDMin:  487 19:18:24    -2397.320717        0.058316
MDMin:  488 19:18:26    -2397.320718        0.058125
MDMin:  489 19:18:27    -2397.320718        0.057933
MDMin:  490 19:18:29    -2397.320718        0.057739
MDMin:  491 19:18:31    -2397.320718        0.057542
MDMin:  492 19:18:33    -2397.320718        0.057344
MDMin:  493 19:18:35    -2397.320718        0.057143
MDMin:  494 19:18:36    -2397.320718        0.056940
MDMin:  495 19:18:37    -2397.320718        0.056735
MDMin:  496 19:18:38    -2397.320718        0.056528
MDMin:  497 19:18:40    -2397.320718        0.056317
MDMin:  498 19:18:42    -2397.320718        0.056105
MDMin:  499 19:18:44    -2397.320718        0.055889
MDMin:  500 19:18:46    -2397.320718        0.055671
MDMin:  501 19:18:48    -2397.320718        0.055450
MDMin:  502 19:18:49    -2397.320718        0.055226
MDMin:  503 19:18:50    -2397.320718        0.054999
MDMin:  504 19:18:51    -2397.320718        0.054769
MDMin:  505 19:18:53    -2397.320718        0.054536
MDMin:  506 19:18:54    -2397.320718        0.054300
MDMin:  507 19:18:56    -2397.320718        0.054060
MDMin:  508 19:18:58    -2397.320719        0.053818
MDMin:  509 19:19:00    -2397.320719        0.053572
MDMin:  510 19:19:02    -2397.320719        0.053323
MDMin:  511 19:19:03    -2397.320719        0.053071
MDMin:  512 19:19:04    -2397.320719        0.052815
MDMin:  513 19:19:06    -2397.320719        0.052632
MDMin:  514 19:19:07    -2397.320719        0.052551
MDMin:  515 19:19:09    -2397.320719        0.052456
MDMin:  516 19:19:11    -2397.320719        0.052348
MDMin:  517 19:19:13    -2397.320719        0.052228
MDMin:  518 19:19:14    -2397.320719        0.052096
MDMin:  519 19:19:16    -2397.320719        0.051952
MDMin:  520 19:19:18    -2397.320719        0.051798
MDMin:  521 19:19:20    -2397.320719        0.051632
MDMin:  522 19:19:22    -2397.320719        0.051457
MDMin:  523 19:19:23    -2397.320719        0.051273
MDMin:  524 19:19:25    -2397.320720        0.051079
MDMin:  525 19:19:26    -2397.320720        0.050877
MDMin:  526 19:19:27    -2397.320720        0.050666
MDMin:  527 19:19:28    -2397.320720        0.050448
MDMin:  528 19:19:30    -2397.320720        0.050223
MDMin:  529 19:19:31    -2397.320720        0.049990
       Step     Time          Energy          fmax
MDMin:    0 22:07:23    -2397.321516        0.149659
MDMin:    1 22:07:24    -2397.321516        0.149654
MDMin:    2 22:07:25    -2397.321515        0.149640
MDMin:    3 22:07:27    -2397.321514        0.149617
MDMin:    4 22:07:28    -2397.321513        0.149584
MDMin:    5 22:07:29    -2397.321511        0.149542
MDMin:    6 22:07:30    -2397.321509        0.149491
MDMin:    7 22:07:32    -2397.321506        0.149431
MDMin:    8 22:07:33    -2397.321503        0.149363
MDMin:    9 22:07:35    -2397.321500        0.149285
MDMin:   10 22:07:37    -2397.321496        0.149198
MDMin:   11 22:07:39    -2397.321492        0.149103
MDMin:   12 22:07:41    -2397.321487        0.148999
MDMin:   13 22:07:43    -2397.321482        0.148887
MDMin:   14 22:07:45    -2397.321477        0.148767
MDMin:   15 22:07:47    -2397.321471        0.148640
MDMin:   16 22:07:49    -2397.321465        0.148504
MDMin:   17 22:07:52    -2397.321459        0.148361
MDMin:   18 22:07:54    -2397.321452        0.148211
MDMin:   19 22:07:56    -2397.321445        0.148054
MDMin:   20 22:07:58    -2397.321438        0.147890
MDMin:   21 22:08:00    -2397.321430        0.147720
MDMin:   22 22:08:02    -2397.321422        0.147544
MDMin:   23 22:08:04    -2397.321414        0.147362
MDMin:   24 22:08:06    -2397.321405        0.147174
MDMin:   25 22:08:08    -2397.321396        0.146982
MDMin:   26 22:08:10    -2397.321387        0.146786
MDMin:   27 22:08:12    -2397.321378        0.146585
MDMin:   28 22:08:14    -2397.321368        0.146382
MDMin:   29 22:08:15    -2397.321358        0.146175
MDMin:   30 22:08:17    -2397.321348        0.145967
MDMin:   31 22:08:18    -2397.321338        0.145756
MDMin:   32 22:08:20    -2397.321328        0.145544
MDMin:   33 22:08:21    -2397.321317        0.145332
MDMin:   34 22:08:23    -2397.321306        0.145121
MDMin:   35 22:08:25    -2397.321295        0.144910
MDMin:   36 22:08:28    -2397.321284        0.144701
MDMin:   37 22:08:30    -2397.321272        0.144495
MDMin:   38 22:08:31    -2397.321261        0.144292
MDMin:   39 22:08:33    -2397.321249        0.144093
MDMin:   40 22:08:35    -2397.321237        0.143900
MDMin:   41 22:08:37    -2397.321226        0.143713
MDMin:   42 22:08:39    -2397.321214        0.143534
MDMin:   43 22:08:41    -2397.321202        0.143363
MDMin:   44 22:08:44    -2397.321190        0.143201
MDMin:   45 22:08:45    -2397.321178        0.143051
MDMin:   46 22:08:47    -2397.321166        0.142913
MDMin:   47 22:08:49    -2397.321154        0.142788
MDMin:   48 22:08:51    -2397.321142        0.142677
MDMin:   49 22:08:53    -2397.321129        0.142583
MDMin:   50 22:08:55    -2397.321117        0.142506
MDMin:   51 22:08:57    -2397.321105        0.142447
MDMin:   52 22:08:58    -2397.321094        0.142409
MDMin:   53 22:09:00    -2397.321082        0.142393
MDMin:   54 22:09:01    -2397.321070        0.142399
MDMin:   55 22:09:03    -2397.321058        0.142429
MDMin:   56 22:09:05    -2397.321047        0.142485
MDMin:   57 22:09:07    -2397.321035        0.142568
MDMin:   58 22:09:09    -2397.321024        0.142678
MDMin:   59 22:09:11    -2397.321013        0.142818
MDMin:   60 22:09:13    -2397.321002        0.142988
MDMin:   61 22:09:15    -2397.320991        0.143190
MDMin:   62 22:09:17    -2397.320980        0.143423
MDMin:   63 22:09:19    -2397.320969        0.143690
MDMin:   64 22:09:20    -2397.320959        0.143989
MDMin:   65 22:09:22    -2397.320949        0.144323
MDMin:   66 22:09:23    -2397.320939        0.144690
MDMin:   67 22:09:24    -2397.320929        0.145091
MDMin:   68 22:09:25    -2397.320920        0.145526
MDMin:   69 22:09:27    -2397.320910        0.145995
MDMin:   70 22:09:28    -2397.320901        0.146496
MDMin:   71 22:09:30    -2397.320893        0.147030
MDMin:   72 22:09:32    -2397.320884        0.147594
MDMin:   73 22:09:34    -2397.320876        0.148187
MDMin:   74 22:09:36    -2397.320868        0.148809
MDMin:   75 22:09:38    -2397.320860        0.149456
MDMin:   76 22:09:40    -2397.320852        0.150128
MDMin:   77 22:09:42    -2397.320845        0.150821
MDMin:   78 22:09:44    -2397.320838        0.151534
MDMin:   79 22:09:46    -2397.320831        0.152263
MDMin:   80 22:09:47    -2397.320824        0.153006
MDMin:   81 22:09:48    -2397.320818        0.153760
MDMin:   82 22:09:50    -2397.320812        0.154522
MDMin:   83 22:09:52    -2397.320806        0.155288
MDMin:   84 22:09:54    -2397.320800        0.156056
MDMin:   85 22:09:56    -2397.320795        0.156823
MDMin:   86 22:09:58    -2397.320790        0.157584
MDMin:   87 22:10:00    -2397.320785        0.158336
MDMin:   88 22:10:02    -2397.320780        0.159077
MDMin:   89 22:10:04    -2397.320775        0.159801
MDMin:   90 22:10:06    -2397.320771        0.160505
MDMin:   91 22:10:08    -2397.320767        0.161186
MDMin:   92 22:10:10    -2397.320763        0.161837
MDMin:   93 22:10:12    -2397.320759        0.162454
MDMin:   94 22:10:14    -2397.320755        0.163031
MDMin:   95 22:10:16    -2397.320752        0.163561
MDMin:   96 22:10:18    -2397.320749        0.164035
MDMin:   97 22:10:20    -2397.320746        0.164443
MDMin:   98 22:10:22    -2397.320743        0.164775
MDMin:   99 22:10:24    -2397.320740        0.165017
MDMin:  100 22:10:26    -2397.320737        0.165154
MDMin:  101 22:10:28    -2397.320735        0.165170
MDMin:  102 22:10:30    -2397.320732        0.165045
MDMin:  103 22:10:32    -2397.320730        0.164760
MDMin:  104 22:10:34    -2397.320728        0.164292
MDMin:  105 22:10:36    -2397.320726        0.163621
MDMin:  106 22:10:38    -2397.320724        0.162731
MDMin:  107 22:10:40    -2397.320723        0.161626
MDMin:  108 22:10:41    -2397.320721        0.160393
MDMin:  109 22:10:43    -2397.320720        0.159315
MDMin:  110 22:10:45    -2397.320719        0.158499
MDMin:  111 22:10:47    -2397.320719        0.157702
MDMin:  112 22:10:49    -2397.320718        0.156863
MDMin:  113 22:10:51    -2397.320718        0.155976
MDMin:  114 22:10:53    -2397.320717        0.155038
MDMin:  115 22:10:55    -2397.320716        0.154048
MDMin:  116 22:10:57    -2397.320716        0.153008
MDMin:  117 22:10:59    -2397.320715        0.151917
MDMin:  118 22:11:01    -2397.320715        0.150779
MDMin:  119 22:11:04    -2397.320714        0.149596
MDMin:  120 22:11:06    -2397.320714        0.148374
MDMin:  121 22:11:07    -2397.320713        0.147119
MDMin:  122 22:11:09    -2397.320713        0.145840
MDMin:  123 22:11:11    -2397.320712        0.144545
MDMin:  124 22:11:13    -2397.320711        0.143245
MDMin:  125 22:11:15    -2397.320711        0.141954
MDMin:  126 22:11:17    -2397.320710        0.141174
MDMin:  127 22:11:18    -2397.320710        0.141954
MDMin:  128 22:11:20    -2397.320709        0.142488
MDMin:  129 22:11:21    -2397.320709        0.142747
MDMin:  130 22:11:23    -2397.320708        0.142704
MDMin:  131 22:11:25    -2397.320708        0.142329
MDMin:  132 22:11:27    -2397.320707        0.141595
MDMin:  133 22:11:29    -2397.320707        0.140476
MDMin:  134 22:11:31    -2397.320707        0.138950
MDMin:  135 22:11:33    -2397.320706        0.136995
MDMin:  136 22:11:35    -2397.320706        0.134597
MDMin:  137 22:11:37    -2397.320705        0.131745
MDMin:  138 22:11:38    -2397.320705        0.130432
MDMin:  139 22:11:39    -2397.320705        0.129765
MDMin:  140 22:11:40    -2397.320704        0.128969
MDMin:  141 22:11:42    -2397.320704        0.127983
MDMin:  142 22:11:44    -2397.320703        0.126747
MDMin:  143 22:11:46    -2397.320703        0.125200
MDMin:  144 22:11:47    -2397.320703        0.123285
MDMin:  145 22:11:48    -2397.320702        0.121157
MDMin:  146 22:11:50    -2397.320702        0.122242
MDMin:  147 22:11:52    -2397.320702        0.123356
MDMin:  148 22:11:54    -2397.320701        0.124501
MDMin:  149 22:11:57    -2397.320701        0.125679
MDMin:  150 22:11:59    -2397.320701        0.126892
MDMin:  151 22:12:00    -2397.320701        0.128141
MDMin:  152 22:12:01    -2397.320700        0.129430
MDMin:  153 22:12:02    -2397.320700        0.130762
MDMin:  154 22:12:04    -2397.320700        0.132139
MDMin:  155 22:12:06    -2397.320700        0.133565
MDMin:  156 22:12:08    -2397.320699        0.135045
MDMin:  157 22:12:10    -2397.320699        0.136583
MDMin:  158 22:12:12    -2397.320699        0.138185
MDMin:  159 22:12:14    -2397.320699        0.139857
MDMin:  160 22:12:16    -2397.320699        0.141606
MDMin:  161 22:12:18    -2397.320699        0.143438
MDMin:  162 22:12:20    -2397.320698        0.145359
MDMin:  163 22:12:22    -2397.320698        0.147377
MDMin:  164 22:12:24    -2397.320698        0.149497
MDMin:  165 22:12:26    -2397.320698        0.151725
MDMin:  166 22:12:28    -2397.320698        0.154065
MDMin:  167 22:12:31    -2397.320698        0.156519
MDMin:  168 22:12:33    -2397.320698        0.159088
MDMin:  169 22:12:35    -2397.320698        0.161770
MDMin:  170 22:12:37    -2397.320698        0.164561
MDMin:  171 22:12:39    -2397.320698        0.167452
MDMin:  172 22:12:41    -2397.320698        0.170426
MDMin:  173 22:12:43    -2397.320698        0.173439
MDMin:  174 22:12:45    -2397.320698        0.176351
MDMin:  175 22:12:47    -2397.320698        0.178773
MDMin:  176 22:12:49    -2397.320698        0.180363
MDMin:  177 22:12:52    -2397.320698        0.181642
MDMin:  178 22:12:54    -2397.320698        0.182917
MDMin:  179 22:12:56    -2397.320698        0.184217
MDMin:  180 22:12:58    -2397.320698        0.185543
MDMin:  181 22:13:00    -2397.320698        0.186893
MDMin:  182 22:13:02    -2397.320698        0.188266
MDMin:  183 22:13:04    -2397.320698        0.189660
MDMin:  184 22:13:06    -2397.320698        0.191073
MDMin:  185 22:13:08    -2397.320698        0.192504
MDMin:  186 22:13:10    -2397.320698        0.193952
MDMin:  187 22:13:12    -2397.320698        0.195415
MDMin:  188 22:13:14    -2397.320698        0.196892
MDMin:  189 22:13:15    -2397.320698        0.198383
MDMin:  190 22:13:17    -2397.320698        0.199887
MDMin:  191 22:13:19    -2397.320698        0.201406
MDMin:  192 22:13:21    -2397.320698        0.202938
MDMin:  193 22:13:23    -2397.320698        0.204488
MDMin:  194 22:13:25    -2397.320698        0.206057
MDMin:  195 22:13:27    -2397.320698        0.207650
MDMin:  196 22:13:29    -2397.320698        0.209271
MDMin:  197 22:13:31    -2397.320698        0.210926
MDMin:  198 22:13:32    -2397.320698        0.212624
MDMin:  199 22:13:34    -2397.320698        0.214373
MDMin:  200 22:13:35    -2397.320698        0.216185
MDMin:  201 22:13:36    -2397.320698        0.218072
MDMin:  202 22:13:39    -2397.320698        0.220048
MDMin:  203 22:13:41    -2397.320698        0.222131
MDMin:  204 22:13:43    -2397.320698        0.224338
MDMin:  205 22:13:45    -2397.320698        0.226691
MDMin:  206 22:13:47    -2397.320698        0.229213
MDMin:  207 22:13:49    -2397.320698        0.231929
MDMin:  208 22:13:51    -2397.320699        0.234867
MDMin:  209 22:13:53    -2397.320699        0.238058
MDMin:  210 22:13:55    -2397.320699        0.241535
MDMin:  211 22:13:57    -2397.320699        0.245332
MDMin:  212 22:13:59    -2397.320699        0.249487
MDMin:  213 22:14:01    -2397.320699        0.254037
MDMin:  214 22:14:03    -2397.320699        0.259018
MDMin:  215 22:14:05    -2397.320699        0.264463
MDMin:  216 22:14:07    -2397.320699        0.270398
MDMin:  217 22:14:09    -2397.320699        0.276834
MDMin:  218 22:14:11    -2397.320699        0.283763
MDMin:  219 22:14:13    -2397.320699        0.291140
MDMin:  220 22:14:15    -2397.320699        0.298872
MDMin:  221 22:14:17    -2397.320699        0.306795
MDMin:  222 22:14:19    -2397.320699        0.314652
MDMin:  223 22:14:21    -2397.320699        0.322071
MDMin:  224 22:14:23    -2397.320699        0.328547
MDMin:  225 22:14:25    -2397.320699        0.333450
MDMin:  226 22:14:27    -2397.320699        0.336066
MDMin:  227 22:14:29    -2397.320699        0.335703
MDMin:  228 22:14:31    -2397.320700        0.331836
MDMin:  229 22:14:33    -2397.320700        0.324342
MDMin:  230 22:14:35    -2397.320700        0.313655
MDMin:  231 22:14:36    -2397.320700        0.300756
MDMin:  232 22:14:38    -2397.320700        0.286932
MDMin:  233 22:14:40    -2397.320700        0.273392
MDMin:  234 22:14:42    -2397.320700        0.260965
MDMin:  235 22:14:44    -2397.320700        0.250015
MDMin:  236 22:14:46    -2397.320700        0.240538
MDMin:  237 22:14:48    -2397.320700        0.232330
MDMin:  238 22:14:50    -2397.320700        0.231196
MDMin:  239 22:14:52    -2397.320700        0.236360
MDMin:  240 22:14:54    -2397.320700        0.241624
MDMin:  241 22:14:56    -2397.320700        0.247041
MDMin:  242 22:14:58    -2397.320701        0.252659
MDMin:  243 22:15:01    -2397.320701        0.258521
MDMin:  244 22:15:03    -2397.320701        0.264664
MDMin:  245 22:15:05    -2397.320701        0.271117
MDMin:  246 22:15:07    -2397.320701        0.277904
MDMin:  247 22:15:09    -2397.320701        0.285044
MDMin:  248 22:15:11    -2397.320701        0.292544
MDMin:  249 22:15:13    -2397.320701        0.300409
MDMin:  250 22:15:15    -2397.320701        0.308631
MDMin:  251 22:15:17    -2397.320701        0.317200
MDMin:  252 22:15:19    -2397.320701        0.326095
MDMin:  253 22:15:21    -2397.320701        0.335290
MDMin:  254 22:15:24    -2397.320702        0.344754
MDMin:  255 22:15:26    -2397.320702        0.354455
MDMin:  256 22:15:27    -2397.320702        0.364360
MDMin:  257 22:15:28    -2397.320702        0.374438
MDMin:  258 22:15:30    -2397.320702        0.384662
MDMin:  259 22:15:32    -2397.320702        0.395008
MDMin:  260 22:15:34    -2397.320702        0.405458
MDMin:  261 22:15:36    -2397.320702        0.416001
MDMin:  262 22:15:38    -2397.320702        0.426631
MDMin:  263 22:15:40    -2397.320702        0.437343
MDMin:  264 22:15:42    -2397.320702        0.448139
MDMin:  265 22:15:44    -2397.320702        0.459017
MDMin:  266 22:15:47    -2397.320703        0.469980
MDMin:  267 22:15:49    -2397.320703        0.481026
MDMin:  268 22:15:51    -2397.320703        0.492155
MDMin:  269 22:15:53    -2397.320703        0.503365
MDMin:  270 22:15:55    -2397.320703        0.514658
MDMin:  271 22:15:57    -2397.320703        0.526039
MDMin:  272 22:15:59    -2397.320703        0.537521
MDMin:  273 22:16:01    -2397.320703        0.549124
MDMin:  274 22:16:03    -2397.320703        0.560879
MDMin:  275 22:16:05    -2397.320703        0.572832
MDMin:  276 22:16:07    -2397.320703        0.585035
MDMin:  277 22:16:09    -2397.320703        0.597554
MDMin:  278 22:16:11    -2397.320704        0.610464
MDMin:  279 22:16:13    -2397.320704        0.623842
MDMin:  280 22:16:15    -2397.320704        0.637768
MDMin:  281 22:16:17    -2397.320704        0.652315
MDMin:  282 22:16:20    -2397.320704        0.667539
MDMin:  283 22:16:22    -2397.320704        0.683459
MDMin:  284 22:16:24    -2397.320704        0.700028
MDMin:  285 22:16:26    -2397.320704        0.717093
MDMin:  286 22:16:28    -2397.320704        0.734382
MDMin:  287 22:16:30    -2397.320704        0.751458
MDMin:  288 22:16:32    -2397.320704        0.767585
MDMin:  289 22:16:35    -2397.320704        0.781801
MDMin:  290 22:16:37    -2397.320704        0.792995
MDMin:  291 22:16:39    -2397.320704        0.800041
MDMin:  292 22:16:41    -2397.320705        0.801998
MDMin:  293 22:16:43    -2397.320705        0.798300
MDMin:  294 22:16:45    -2397.320705        0.788887
MDMin:  295 22:16:47    -2397.320705        0.774225
MDMin:  296 22:16:49    -2397.320705        0.755192
MDMin:  297 22:16:51    -2397.320705        0.732898
MDMin:  298 22:16:54    -2397.320705        0.708540
MDMin:  299 22:16:56    -2397.320705        0.683266
MDMin:  300 22:16:58    -2397.320705        0.657916
MDMin:  301 22:17:00    -2397.320705        0.633132
MDMin:  302 22:17:02    -2397.320705        0.609417
MDMin:  303 22:17:04    -2397.320705        0.587224
MDMin:  304 22:17:06    -2397.320705        0.567037
MDMin:  305 22:17:09    -2397.320706        0.549512
MDMin:  306 22:17:11    -2397.320706        0.535698
MDMin:  307 22:17:13    -2397.320706        0.526542
MDMin:  308 22:17:15    -2397.320706        0.520730
MDMin:  309 22:17:17    -2397.320706        0.516037
MDMin:  310 22:17:19    -2397.320706        0.511951
MDMin:  311 22:17:21    -2397.320706        0.508470
MDMin:  312 22:17:23    -2397.320706        0.505651
MDMin:  313 22:17:25    -2397.320706        0.503556
MDMin:  314 22:17:27    -2397.320706        0.502250
MDMin:  315 22:17:29    -2397.320706        0.501801
MDMin:  316 22:17:31    -2397.320706        0.502279
MDMin:  317 22:17:34    -2397.320706        0.503758
MDMin:  318 22:17:36    -2397.320706        0.506327
MDMin:  319 22:17:38    -2397.320706        0.510066
MDMin:  320 22:17:40    -2397.320706        0.515055
MDMin:  321 22:17:42    -2397.320706        0.521375
MDMin:  322 22:17:44    -2397.320706        0.529110
MDMin:  323 22:17:46    -2397.320706        0.538344
MDMin:  324 22:17:48    -2397.320707        0.549161
MDMin:  325 22:17:50    -2397.320707        0.561648
MDMin:  326 22:17:52    -2397.320707        0.575886
MDMin:  327 22:17:54    -2397.320707        0.591956
MDMin:  328 22:17:56    -2397.320707        0.609932
MDMin:  329 22:17:58    -2397.320707        0.629883
MDMin:  330 22:17:59    -2397.320707        0.651866
MDMin:  331 22:18:01    -2397.320707        0.675925
MDMin:  332 22:18:02    -2397.320707        0.702088
MDMin:  333 22:18:03    -2397.320707        0.730376
MDMin:  334 22:18:05    -2397.320707        0.760804
MDMin:  335 22:18:07    -2397.320707        0.793390
MDMin:  336 22:18:09    -2397.320707        0.828176
MDMin:  337 22:18:10    -2397.320707        0.865244
MDMin:  338 22:18:11    -2397.320707        0.904748
MDMin:  339 22:18:13    -2397.320707        0.946941
MDMin:  340 22:18:16    -2397.320707        0.992189
MDMin:  341 22:18:17    -2397.320707        1.040979
MDMin:  342 22:18:20    -2397.320707        1.093889
MDMin:  343 22:18:21    -2397.320707        1.151522
MDMin:  344 22:18:23    -2397.320707        1.214367
MDMin:  345 22:18:25    -2397.320708        1.282486
MDMin:  346 22:18:26    -2397.320708        1.355229
MDMin:  347 22:18:27    -2397.320708        1.430736
MDMin:  348 22:18:29    -2397.320708        1.505411
MDMin:  349 22:18:30    -2397.320708        1.573682
MDMin:  350 22:18:32    -2397.320708        1.628762
MDMin:  351 22:18:33    -2397.320708        1.665136
MDMin:  352 22:18:35    -2397.320708        1.681883
MDMin:  353 22:18:37    -2397.320708        1.683816
MDMin:  354 22:18:39    -2397.320708        1.678572
MDMin:  355 22:18:41    -2397.320708        1.672385
MDMin:  356 22:18:43    -2397.320708        1.668377
MDMin:  357 22:18:45    -2397.320708        1.667400
MDMin:  358 22:18:46    -2397.320708        1.669413
MDMin:  359 22:18:48    -2397.320708        1.674329
MDMin:  360 22:18:50    -2397.320708        1.682322
MDMin:  361 22:18:52    -2397.320708        1.693926
MDMin:  362 22:18:54    -2397.320708        1.710099
MDMin:  363 22:18:55    -2397.320708        1.732307
MDMin:  364 22:18:57    -2397.320708        1.762659
MDMin:  365 22:18:59    -2397.320708        1.804141
MDMin:  366 22:19:01    -2397.320708        1.861428
MDMin:  367 22:19:03    -2397.320708        1.944868
MDMin:  368 22:19:05    -2397.320708        2.113972
MDMin:  369 22:19:06    -2397.320708        2.104803
MDMin:  370 22:19:07    -2397.320708        2.121670
MDMin:  371 22:19:09    -2397.320709        2.124316
MDMin:  372 22:19:10    -2397.320709        2.098457
MDMin:  373 22:19:11    -2397.320709        2.048350
MDMin:  374 22:19:13    -2397.320709        1.983608
MDMin:  375 22:19:15    -2397.320709        1.913321
MDMin:  376 22:19:17    -2397.320709        1.843796
MDMin:  377 22:19:20    -2397.320709        1.778197
MDMin:  378 22:19:21    -2397.320709        1.717075
MDMin:  379 22:19:22    -2397.320709        1.659650
MDMin:  380 22:19:24    -2397.320709        1.604264
MDMin:  381 22:19:27    -2397.320709        1.595527
MDMin:  382 22:19:28    -2397.320709        1.631754
MDMin:  383 22:19:30    -2397.320709        1.664019
MDMin:  384 22:19:32    -2397.320709        1.690686
MDMin:  385 22:19:35    -2397.320709        1.710121
MDMin:  386 22:19:37    -2397.320709        1.720682
MDMin:  387 22:19:39    -2397.320709        1.720706
MDMin:  388 22:19:41    -2397.320709        1.708278
MDMin:  389 22:19:43    -2397.320709        1.681490
MDMin:  390 22:19:45    -2397.320709        1.638559
MDMin:  391 22:19:48    -2397.320709        1.577941
MDMin:  392 22:19:50    -2397.320710        1.498343
MDMin:  393 22:19:52    -2397.320710        1.398996
MDMin:  394 22:19:54    -2397.320710        1.280076
MDMin:  395 22:19:56    -2397.320710        1.143176
MDMin:  396 22:19:58    -2397.320710        0.991661
MDMin:  397 22:20:00    -2397.320710        0.831062
MDMin:  398 22:20:02    -2397.320710        0.669498
MDMin:  399 22:20:04    -2397.320710        0.518131
MDMin:  400 22:20:06    -2397.320711        0.391098
MDMin:  401 22:20:08    -2397.320711        0.302212
MDMin:  402 22:20:10    -2397.320711        0.255273
MDMin:  403 22:20:13    -2397.320711        0.242311
MDMin:  404 22:20:15    -2397.320712        0.261670
MDMin:  405 22:20:17    -2397.320712        0.328869
MDMin:  406 22:20:19    -2397.320712        0.413695
MDMin:  407 22:20:21    -2397.320712        0.503722
MDMin:  408 22:20:23    -2397.320713        0.541294
MDMin:  409 22:20:25    -2397.320713        0.610517
MDMin:  410 22:20:27    -2397.320713        0.636086
MDMin:  411 22:20:29    -2397.320713        0.655986
MDMin:  412 22:20:32    -2397.320713        0.673588
MDMin:  413 22:20:34    -2397.320713        0.690207
MDMin:  414 22:20:36    -2397.320713        0.705532
MDMin:  415 22:20:38    -2397.320713        0.719172
MDMin:  416 22:20:39    -2397.320713        0.730637
MDMin:  417 22:20:41    -2397.320713        0.739426
MDMin:  418 22:20:44    -2397.320713        0.745082
MDMin:  419 22:20:46    -2397.320713        0.747213
MDMin:  420 22:20:48    -2397.320713        0.745519
MDMin:  421 22:20:50    -2397.320713        0.739816
MDMin:  422 22:20:52    -2397.320713        0.730054
MDMin:  423 22:20:54    -2397.320713        0.716333
MDMin:  424 22:20:56    -2397.320713        0.698901
MDMin:  425 22:20:58    -2397.320713        0.678150
MDMin:  426 22:21:00    -2397.320713        0.654594
MDMin:  427 22:21:02    -2397.320713        0.628840
MDMin:  428 22:21:04    -2397.320713        0.601538
MDMin:  429 22:21:06    -2397.320713        0.573341
MDMin:  430 22:21:08    -2397.320714        0.544850
MDMin:  431 22:21:10    -2397.320714        0.516556
MDMin:  432 22:21:12    -2397.320714        0.488797
MDMin:  433 22:21:14    -2397.320714        0.461851
MDMin:  434 22:21:16    -2397.320714        0.435883
MDMin:  435 22:21:18    -2397.320714        0.410960
MDMin:  436 22:21:20    -2397.320714        0.387083
MDMin:  437 22:21:22    -2397.320714        0.364213
MDMin:  438 22:21:25    -2397.320714        0.342292
MDMin:  439 22:21:27    -2397.320714        0.321246
MDMin:  440 22:21:29    -2397.320714        0.300972
MDMin:  441 22:21:31    -2397.320714        0.281318
MDMin:  442 22:21:33    -2397.320714        0.262047
MDMin:  443 22:21:35    -2397.320715        0.242808
MDMin:  444 22:21:37    -2397.320715        0.223101
MDMin:  445 22:21:39    -2397.320715        0.202264
MDMin:  446 22:21:41    -2397.320715        0.179477
MDMin:  447 22:21:43    -2397.320715        0.153856
MDMin:  448 22:21:46    -2397.320715        0.302374
MDMin:  449 22:21:48    -2397.320715        0.193900
MDMin:  450 22:21:50    -2397.320715        0.124135
MDMin:  451 22:21:52    -2397.320715        0.121473
MDMin:  452 22:21:54    -2397.320715        0.118469
MDMin:  453 22:21:56    -2397.320715        0.115345
MDMin:  454 22:21:58    -2397.320715        0.112108
MDMin:  455 22:22:00    -2397.320716        0.108758
MDMin:  456 22:22:03    -2397.320716        0.105297
MDMin:  457 22:22:05    -2397.320716        0.101726
MDMin:  458 22:22:07    -2397.320716        0.098047
MDMin:  459 22:22:10    -2397.320716        0.094264
MDMin:  460 22:22:12    -2397.320716        0.090381
MDMin:  461 22:22:14    -2397.320716        0.086403
MDMin:  462 22:22:16    -2397.320716        0.082337
MDMin:  463 22:22:18    -2397.320716        0.079280
MDMin:  464 22:22:20    -2397.320716        0.078796
MDMin:  465 22:22:22    -2397.320716        0.078275
MDMin:  466 22:22:24    -2397.320716        0.077716
MDMin:  467 22:22:26    -2397.320716        0.077119
MDMin:  468 22:22:29    -2397.320716        0.076483
MDMin:  469 22:22:30    -2397.320716        0.075810
MDMin:  470 22:22:32    -2397.320716        0.075101
MDMin:  471 22:22:34    -2397.320716        0.074356
MDMin:  472 22:22:36    -2397.320716        0.073578
MDMin:  473 22:22:38    -2397.320716        0.072770
MDMin:  474 22:22:40    -2397.320716        0.071935
MDMin:  475 22:22:43    -2397.320716        0.071077
MDMin:  476 22:22:44    -2397.320716        0.070199
MDMin:  477 22:22:46    -2397.320716        0.069306
MDMin:  478 22:22:48    -2397.320716        0.068402
MDMin:  479 22:22:51    -2397.320717        0.067492
MDMin:  480 22:22:53    -2397.320717        0.066579
MDMin:  481 22:22:55    -2397.320717        0.065667
MDMin:  482 22:22:57    -2397.320717        0.064760
MDMin:  483 22:23:00    -2397.320717        0.063860
MDMin:  484 22:23:02    -2397.320717        0.062970
MDMin:  485 22:23:04    -2397.320717        0.062092
MDMin:  486 22:23:06    -2397.320717        0.061228
MDMin:  487 22:23:08    -2397.320717        0.060378
MDMin:  488 22:23:10    -2397.320717        0.059544
MDMin:  489 22:23:12    -2397.320717        0.058727
MDMin:  490 22:23:14    -2397.320717        0.057926
MDMin:  491 22:23:16    -2397.320717        0.057141
MDMin:  492 22:23:18    -2397.320717        0.056374
MDMin:  493 22:23:20    -2397.320717        0.055623
MDMin:  494 22:23:23    -2397.320717        0.054888
MDMin:  495 22:23:25    -2397.320718        0.054169
MDMin:  496 22:23:27    -2397.320718        0.053465
MDMin:  497 22:23:29    -2397.320718        0.052775
MDMin:  498 22:23:31    -2397.320718        0.052100
MDMin:  499 22:23:33    -2397.320718        0.051947
MDMin:  500 22:23:35    -2397.320718        0.051983
MDMin:  501 22:23:37    -2397.320718        0.052000
MDMin:  502 22:23:39    -2397.320718        0.051996
MDMin:  503 22:23:41    -2397.320718        0.051974
MDMin:  504 22:23:43    -2397.320718        0.051933
MDMin:  505 22:23:45    -2397.320718        0.051873
MDMin:  506 22:23:47    -2397.320718        0.051796
MDMin:  507 22:23:49    -2397.320718        0.051701
MDMin:  508 22:23:52    -2397.320718        0.051590
MDMin:  509 22:23:54    -2397.320719        0.051462
MDMin:  510 22:23:56    -2397.320719        0.051320
MDMin:  511 22:23:58    -2397.320719        0.051163
MDMin:  512 22:24:00    -2397.320719        0.051001
MDMin:  513 22:24:02    -2397.320719        0.050861
MDMin:  514 22:24:04    -2397.320719        0.050783
MDMin:  515 22:24:06    -2397.320719        0.050719
MDMin:  516 22:24:08    -2397.320719        0.050654
MDMin:  517 22:24:10    -2397.320719        0.050585
MDMin:  518 22:24:12    -2397.320719        0.050513
MDMin:  519 22:24:14    -2397.320719        0.050438
MDMin:  520 22:24:16    -2397.320719        0.050360
MDMin:  521 22:24:18    -2397.320719        0.050278
MDMin:  522 22:24:19    -2397.320719        0.050253
MDMin:  523 22:24:21    -2397.320719        0.050258
MDMin:  524 22:24:22    -2397.320719        0.050259
MDMin:  525 22:24:23    -2397.320719        0.050256
MDMin:  526 22:24:25    -2397.320719        0.050248
MDMin:  527 22:24:27    -2397.320719        0.050235
MDMin:  528 22:24:29    -2397.320719        0.050218
MDMin:  529 22:24:31    -2397.320719        0.050195
MDMin:  530 22:24:33    -2397.320719        0.050167
MDMin:  531 22:24:35    -2397.320719        0.050134
MDMin:  532 22:24:37    -2397.320719        0.050096
MDMin:  533 22:24:39    -2397.320719        0.050053
MDMin:  534 22:24:42    -2397.320719        0.050005
MDMin:  535 22:24:44    -2397.320719        0.049951
       Step     Time          Energy          fmax
MDMin:    0 07:33:47    -2397.321561        0.148820
MDMin:    1 07:33:49    -2397.321561        0.148815
MDMin:    2 07:33:50    -2397.321560        0.148802
MDMin:    3 07:33:52    -2397.321559        0.148778
MDMin:    4 07:33:53    -2397.321558        0.148746
MDMin:    5 07:33:54    -2397.321556        0.148705
MDMin:    6 07:33:56    -2397.321554        0.148655
MDMin:    7 07:33:57    -2397.321551        0.148595
MDMin:    8 07:33:59    -2397.321548        0.148527
MDMin:    9 07:34:01    -2397.321544        0.148451
MDMin:   10 07:34:03    -2397.321540        0.148366
MDMin:   11 07:34:04    -2397.321536        0.148272
MDMin:   12 07:34:06    -2397.321531        0.148170
MDMin:   13 07:34:07    -2397.321526        0.148060
MDMin:   14 07:34:08    -2397.321520        0.147943
MDMin:   15 07:34:09    -2397.321514        0.147818
MDMin:   16 07:34:11    -2397.321508        0.147685
MDMin:   17 07:34:13    -2397.321501        0.147545
MDMin:   18 07:34:15    -2397.321494        0.147399
MDMin:   19 07:34:17    -2397.321487        0.147246
MDMin:   20 07:34:19    -2397.321479        0.147088
MDMin:   21 07:34:21    -2397.321471        0.146923
MDMin:   22 07:34:23    -2397.321463        0.146754
MDMin:   23 07:34:25    -2397.321454        0.146579
MDMin:   24 07:34:27    -2397.321445        0.146400
MDMin:   25 07:34:29    -2397.321436        0.146218
MDMin:   26 07:34:31    -2397.321426        0.146031
MDMin:   27 07:34:33    -2397.321416        0.145842
MDMin:   28 07:34:35    -2397.321406        0.145651
MDMin:   29 07:34:37    -2397.321395        0.145457
MDMin:   30 07:34:38    -2397.321385        0.145263
MDMin:   31 07:34:40    -2397.321374        0.145068
MDMin:   32 07:34:42    -2397.321363        0.144872
MDMin:   33 07:34:44    -2397.321352        0.144678
MDMin:   34 07:34:45    -2397.321340        0.144485
MDMin:   35 07:34:46    -2397.321328        0.144294
MDMin:   36 07:34:48    -2397.321317        0.144107
MDMin:   37 07:34:50    -2397.321305        0.143923
MDMin:   38 07:34:52    -2397.321293        0.143744
MDMin:   39 07:34:54    -2397.321280        0.143571
MDMin:   40 07:34:56    -2397.321268        0.143405
MDMin:   41 07:34:57    -2397.321256        0.143246
MDMin:   42 07:34:59    -2397.321243        0.143096
MDMin:   43 07:35:00    -2397.321230        0.142956
MDMin:   44 07:35:02    -2397.321218        0.142827
MDMin:   45 07:35:03    -2397.321205        0.142710
MDMin:   46 07:35:04    -2397.321192        0.142607
MDMin:   47 07:35:05    -2397.321180        0.142518
MDMin:   48 07:35:07    -2397.321167        0.142445
MDMin:   49 07:35:08    -2397.321154        0.142389
MDMin:   50 07:35:09    -2397.321142        0.142352
MDMin:   51 07:35:11    -2397.321129        0.142334
MDMin:   52 07:35:12    -2397.321116        0.142338
MDMin:   53 07:35:14    -2397.321104        0.142363
MDMin:   54 07:35:16    -2397.321091        0.142413
MDMin:   55 07:35:18    -2397.321079        0.142487
MDMin:   56 07:35:20    -2397.321067        0.142586
MDMin:   57 07:35:22    -2397.321055        0.142713
MDMin:   58 07:35:24    -2397.321043        0.142868
MDMin:   59 07:35:25    -2397.321031        0.143052
MDMin:   60 07:35:27    -2397.321020        0.143266
MDMin:   61 07:35:29    -2397.321008        0.143511
MDMin:   62 07:35:30    -2397.320997        0.143787
MDMin:   63 07:35:31    -2397.320986        0.144094
MDMin:   64 07:35:33    -2397.320975        0.144434
MDMin:   65 07:35:34    -2397.320964        0.144807
MDMin:   66 07:35:35    -2397.320954        0.145211
MDMin:   67 07:35:37    -2397.320944        0.145648
MDMin:   68 07:35:39    -2397.320934        0.146116
MDMin:   69 07:35:41    -2397.320924        0.146616
MDMin:   70 07:35:43    -2397.320914        0.147146
MDMin:   71 07:35:45    -2397.320905        0.147705
MDMin:   72 07:35:46    -2397.320896        0.148292
MDMin:   73 07:35:47    -2397.320887        0.148906
MDMin:   74 07:35:49    -2397.320879        0.149544
MDMin:   75 07:35:50    -2397.320871        0.150206
MDMin:   76 07:35:52    -2397.320863        0.150888
MDMin:   77 07:35:54    -2397.320855        0.151588
MDMin:   78 07:35:55    -2397.320847        0.152305
MDMin:   79 07:35:56    -2397.320840        0.153034
MDMin:   80 07:35:58    -2397.320833        0.153775
MDMin:   81 07:36:00    -2397.320826        0.154523
MDMin:   82 07:36:02    -2397.320820        0.155275
MDMin:   83 07:36:03    -2397.320814        0.156029
MDMin:   84 07:36:05    -2397.320808        0.156782
MDMin:   85 07:36:06    -2397.320802        0.157530
MDMin:   86 07:36:08    -2397.320797        0.158270
MDMin:   87 07:36:09    -2397.320791        0.158999
MDMin:   88 07:36:11    -2397.320786        0.159712
MDMin:   89 07:36:12    -2397.320781        0.160407
MDMin:   90 07:36:14    -2397.320777        0.161080
MDMin:   91 07:36:16    -2397.320772        0.161725
MDMin:   92 07:36:17    -2397.320768        0.162338
MDMin:   93 07:36:18    -2397.320764        0.162913
MDMin:   94 07:36:20    -2397.320760        0.163443
MDMin:   95 07:36:22    -2397.320757        0.163921
MDMin:   96 07:36:23    -2397.320753        0.164338
MDMin:   97 07:36:24    -2397.320750        0.164683
MDMin:   98 07:36:25    -2397.320747        0.164945
MDMin:   99 07:36:27    -2397.320744        0.165108
MDMin:  100 07:36:29    -2397.320741        0.165158
MDMin:  101 07:36:31    -2397.320738        0.165077
MDMin:  102 07:36:33    -2397.320736        0.164845
MDMin:  103 07:36:35    -2397.320733        0.164442
MDMin:  104 07:36:36    -2397.320731        0.163848
MDMin:  105 07:36:38    -2397.320729        0.163043
MDMin:  106 07:36:40    -2397.320727        0.162019
MDMin:  107 07:36:41    -2397.320725        0.160804
MDMin:  108 07:36:43    -2397.320724        0.159561
MDMin:  109 07:36:45    -2397.320723        0.158583
MDMin:  110 07:36:47    -2397.320722        0.157759
MDMin:  111 07:36:49    -2397.320721        0.156915
MDMin:  112 07:36:51    -2397.320721        0.156025
MDMin:  113 07:36:53    -2397.320720        0.155086
MDMin:  114 07:36:55    -2397.320720        0.154095
MDMin:  115 07:36:57    -2397.320719        0.153054
MDMin:  116 07:36:59    -2397.320718        0.151962
MDMin:  117 07:37:00    -2397.320718        0.150823
MDMin:  118 07:37:02    -2397.320717        0.149639
MDMin:  119 07:37:04    -2397.320716        0.148416
MDMin:  120 07:37:06    -2397.320716        0.147160
MDMin:  121 07:37:08    -2397.320715        0.145878
MDMin:  122 07:37:10    -2397.320714        0.144581
MDMin:  123 07:37:11    -2397.320714        0.143279
MDMin:  124 07:37:13    -2397.320713        0.141984
MDMin:  125 07:37:15    -2397.320713        0.141047
MDMin:  126 07:37:17    -2397.320712        0.141832
MDMin:  127 07:37:19    -2397.320711        0.142372
MDMin:  128 07:37:21    -2397.320711        0.142639
MDMin:  129 07:37:22    -2397.320710        0.142604
MDMin:  130 07:37:24    -2397.320710        0.142238
MDMin:  131 07:37:26    -2397.320709        0.141515
MDMin:  132 07:37:28    -2397.320709        0.140409
MDMin:  133 07:37:29    -2397.320708        0.138896
MDMin:  134 07:37:31    -2397.320708        0.136957
MDMin:  135 07:37:32    -2397.320707        0.134574
MDMin:  136 07:37:34    -2397.320707        0.131739
MDMin:  137 07:37:36    -2397.320706        0.130372
MDMin:  138 07:37:37    -2397.320706        0.129702
MDMin:  139 07:37:39    -2397.320706        0.128905
MDMin:  140 07:37:41    -2397.320705        0.127922
MDMin:  141 07:37:43    -2397.320705        0.126691
MDMin:  142 07:37:44    -2397.320704        0.125152
MDMin:  143 07:37:45    -2397.320704        0.123249
MDMin:  144 07:37:47    -2397.320703        0.121123
MDMin:  145 07:37:49    -2397.320703        0.122208
MDMin:  146 07:37:51    -2397.320703        0.123322
MDMin:  147 07:37:53    -2397.320702        0.124466
MDMin:  148 07:37:55    -2397.320702        0.125644
MDMin:  149 07:37:56    -2397.320702        0.126856
MDMin:  150 07:37:58    -2397.320701        0.128105
MDMin:  151 07:37:59    -2397.320701        0.129394
MDMin:  152 07:38:01    -2397.320701        0.130724
MDMin:  153 07:38:03    -2397.320701        0.132101
MDMin:  154 07:38:04    -2397.320700        0.133526
MDMin:  155 07:38:05    -2397.320700        0.135005
MDMin:  156 07:38:07    -2397.320700        0.136543
MDMin:  157 07:38:09    -2397.320700        0.138144
MDMin:  158 07:38:10    -2397.320699        0.139816
MDMin:  159 07:38:12    -2397.320699        0.141563
MDMin:  160 07:38:14    -2397.320699        0.143394
MDMin:  161 07:38:16    -2397.320699        0.145314
MDMin:  162 07:38:17    -2397.320699        0.147330
MDMin:  163 07:38:18    -2397.320699        0.149449
MDMin:  164 07:38:20    -2397.320699        0.151675
MDMin:  165 07:38:21    -2397.320698        0.154013
MDMin:  166 07:38:23    -2397.320698        0.156466
MDMin:  167 07:38:24    -2397.320698        0.159033
MDMin:  168 07:38:25    -2397.320698        0.161713
MDMin:  169 07:38:26    -2397.320698        0.164500
MDMin:  170 07:38:27    -2397.320698        0.167375
MDMin:  171 07:38:29    -2397.320698        0.170285
MDMin:  172 07:38:31    -2397.320698        0.173037
MDMin:  173 07:38:33    -2397.320698        0.175173
MDMin:  174 07:38:35    -2397.320698        0.176560
MDMin:  175 07:38:37    -2397.320698        0.177808
MDMin:  176 07:38:39    -2397.320698        0.179075
MDMin:  177 07:38:41    -2397.320698        0.180372
MDMin:  178 07:38:43    -2397.320698        0.181698
MDMin:  179 07:38:45    -2397.320698        0.183053
MDMin:  180 07:38:47    -2397.320698        0.184433
MDMin:  181 07:38:49    -2397.320698        0.185839
MDMin:  182 07:38:51    -2397.320698        0.187267
MDMin:  183 07:38:52    -2397.320698        0.188717
MDMin:  184 07:38:54    -2397.320698        0.190186
MDMin:  185 07:38:55    -2397.320698        0.191672
MDMin:  186 07:38:57    -2397.320698        0.193175
MDMin:  187 07:38:59    -2397.320698        0.194692
MDMin:  188 07:39:01    -2397.320698        0.196222
MDMin:  189 07:39:03    -2397.320698        0.197765
MDMin:  190 07:39:05    -2397.320698        0.199320
MDMin:  191 07:39:07    -2397.320698        0.200888
MDMin:  192 07:39:09    -2397.320698        0.202468
MDMin:  193 07:39:10    -2397.320698        0.204064
MDMin:  194 07:39:11    -2397.320698        0.205678
MDMin:  195 07:39:13    -2397.320698        0.207313
MDMin:  196 07:39:14    -2397.320698        0.208976
MDMin:  197 07:39:15    -2397.320698        0.210672
MDMin:  198 07:39:17    -2397.320698        0.212410
MDMin:  199 07:39:19    -2397.320698        0.214199
MDMin:  200 07:39:21    -2397.320698        0.216051
MDMin:  201 07:39:23    -2397.320698        0.217979
MDMin:  202 07:39:25    -2397.320698        0.219999
MDMin:  203 07:39:26    -2397.320698        0.222128
MDMin:  204 07:39:28    -2397.320698        0.224386
MDMin:  205 07:39:29    -2397.320698        0.226795
MDMin:  206 07:39:30    -2397.320698        0.229378
MDMin:  207 07:39:32    -2397.320699        0.232164
MDMin:  208 07:39:34    -2397.320699        0.235182
MDMin:  209 07:39:35    -2397.320699        0.238464
MDMin:  210 07:39:37    -2397.320699        0.242044
MDMin:  211 07:39:39    -2397.320699        0.245960
MDMin:  212 07:39:41    -2397.320699        0.250249
MDMin:  213 07:39:43    -2397.320699        0.254950
MDMin:  214 07:39:45    -2397.320699        0.260101
MDMin:  215 07:39:47    -2397.320699        0.265734
MDMin:  216 07:39:49    -2397.320699        0.271872
MDMin:  217 07:39:51    -2397.320699        0.278524
MDMin:  218 07:39:53    -2397.320699        0.285671
MDMin:  219 07:39:54    -2397.320699        0.293256
MDMin:  220 07:39:56    -2397.320699        0.301164
MDMin:  221 07:39:58    -2397.320699        0.309198
MDMin:  222 07:40:00    -2397.320699        0.317060
MDMin:  223 07:40:01    -2397.320699        0.324321
MDMin:  224 07:40:03    -2397.320699        0.330417
MDMin:  225 07:40:05    -2397.320699        0.334661
MDMin:  226 07:40:06    -2397.320699        0.336309
MDMin:  227 07:40:08    -2397.320699        0.334691
MDMin:  228 07:40:10    -2397.320700        0.329390
MDMin:  229 07:40:11    -2397.320700        0.320486
MDMin:  230 07:40:13    -2397.320700        0.308663
MDMin:  231 07:40:14    -2397.320700        0.295097
MDMin:  232 07:40:15    -2397.320700        0.281131
MDMin:  233 07:40:16    -2397.320700        0.267872
MDMin:  234 07:40:18    -2397.320700        0.255964
MDMin:  235 07:40:20    -2397.320700        0.245600
MDMin:  236 07:40:22    -2397.320700        0.236657
MDMin:  237 07:40:23    -2397.320700        0.228887
MDMin:  238 07:40:24    -2397.320700        0.233599
MDMin:  239 07:40:26    -2397.320700        0.238841
MDMin:  240 07:40:27    -2397.320700        0.244208
MDMin:  241 07:40:29    -2397.320700        0.249754
MDMin:  242 07:40:31    -2397.320701        0.255524
MDMin:  243 07:40:33    -2397.320701        0.261560
MDMin:  244 07:40:35    -2397.320701        0.267895
MDMin:  245 07:40:36    -2397.320701        0.274557
MDMin:  246 07:40:38    -2397.320701        0.281567
MDMin:  247 07:40:40    -2397.320701        0.288937
MDMin:  248 07:40:42    -2397.320701        0.296674
MDMin:  249 07:40:44    -2397.320701        0.304776
MDMin:  250 07:40:45    -2397.320701        0.313234
MDMin:  251 07:40:47    -2397.320701        0.322031
MDMin:  252 07:40:48    -2397.320701        0.331142
MDMin:  253 07:40:50    -2397.320701        0.340539
MDMin:  254 07:40:52    -2397.320702        0.350188
MDMin:  255 07:40:54    -2397.320702        0.360057
MDMin:  256 07:40:55    -2397.320702        0.370113
MDMin:  257 07:40:56    -2397.320702        0.380326
MDMin:  258 07:40:58    -2397.320702        0.390671
MDMin:  259 07:40:59    -2397.320702        0.401127
MDMin:  260 07:41:01    -2397.320702        0.411680
MDMin:  261 07:41:02    -2397.320702        0.422321
MDMin:  262 07:41:04    -2397.320702        0.433045
MDMin:  263 07:41:06    -2397.320702        0.443852
MDMin:  264 07:41:08    -2397.320702        0.454742
MDMin:  265 07:41:10    -2397.320702        0.465715
MDMin:  266 07:41:11    -2397.320703        0.476772
MDMin:  267 07:41:12    -2397.320703        0.487911
MDMin:  268 07:41:14    -2397.320703        0.499132
MDMin:  269 07:41:16    -2397.320703        0.510435
MDMin:  270 07:41:18    -2397.320703        0.521822
MDMin:  271 07:41:20    -2397.320703        0.533304
MDMin:  272 07:41:21    -2397.320703        0.544899
MDMin:  273 07:41:22    -2397.320703        0.556633
MDMin:  274 07:41:24    -2397.320703        0.568547
MDMin:  275 07:41:26    -2397.320703        0.580692
MDMin:  276 07:41:28    -2397.320703        0.593130
MDMin:  277 07:41:30    -2397.320703        0.605932
MDMin:  278 07:41:31    -2397.320704        0.619177
MDMin:  279 07:41:32    -2397.320704        0.632944
MDMin:  280 07:41:34    -2397.320704        0.647311
MDMin:  281 07:41:36    -2397.320704        0.662341
MDMin:  282 07:41:38    -2397.320704        0.678069
MDMin:  283 07:41:39    -2397.320704        0.694473
MDMin:  284 07:41:41    -2397.320704        0.711440
MDMin:  285 07:41:43    -2397.320704        0.728731
MDMin:  286 07:41:45    -2397.320704        0.745984
MDMin:  287 07:41:47    -2397.320704        0.762551
MDMin:  288 07:41:49    -2397.320704        0.777531
MDMin:  289 07:41:50    -2397.320704        0.789843
MDMin:  290 07:41:51    -2397.320704        0.798340
MDMin:  291 07:41:52    -2397.320704        0.801995
MDMin:  292 07:41:54    -2397.320705        0.800101
MDMin:  293 07:41:55    -2397.320705        0.792433
MDMin:  294 07:41:57    -2397.320705        0.779300
MDMin:  295 07:41:59    -2397.320705        0.761475
MDMin:  296 07:42:01    -2397.320705        0.740028
MDMin:  297 07:42:03    -2397.320705        0.716137
MDMin:  298 07:42:04    -2397.320705        0.691020
MDMin:  299 07:42:06    -2397.320705        0.665613
MDMin:  300 07:42:08    -2397.320705        0.640638
MDMin:  301 07:42:09    -2397.320705        0.616683
MDMin:  302 07:42:11    -2397.320705        0.594345
MDMin:  303 07:42:13    -2397.320705        0.574417
MDMin:  304 07:42:15    -2397.320705        0.558092
MDMin:  305 07:42:16    -2397.320706        0.546432
MDMin:  306 07:42:18    -2397.320706        0.538235
MDMin:  307 07:42:20    -2397.320706        0.531302
MDMin:  308 07:42:22    -2397.320706        0.525021
MDMin:  309 07:42:24    -2397.320706        0.519349
MDMin:  310 07:42:26    -2397.320706        0.514341
MDMin:  311 07:42:27    -2397.320706        0.510065
MDMin:  312 07:42:29    -2397.320706        0.506591
MDMin:  313 07:42:30    -2397.320706        0.503997
MDMin:  314 07:42:31    -2397.320706        0.502359
MDMin:  315 07:42:33    -2397.320706        0.501759
MDMin:  316 07:42:35    -2397.320706        0.502280
MDMin:  317 07:42:37    -2397.320706        0.504008
MDMin:  318 07:42:39    -2397.320706        0.507050
MDMin:  319 07:42:40    -2397.320706        0.511498
MDMin:  320 07:42:42    -2397.320706        0.517444
MDMin:  321 07:42:44    -2397.320706        0.524982
MDMin:  322 07:42:45    -2397.320706        0.534206
MDMin:  323 07:42:46    -2397.320706        0.545211
MDMin:  324 07:42:48    -2397.320707        0.558091
MDMin:  325 07:42:50    -2397.320707        0.572937
MDMin:  326 07:42:52    -2397.320707        0.589836
MDMin:  327 07:42:54    -2397.320707        0.608869
MDMin:  328 07:42:56    -2397.320707        0.630106
MDMin:  329 07:42:58    -2397.320707        0.653603
MDMin:  330 07:43:00    -2397.320707        0.679400
MDMin:  331 07:43:02    -2397.320707        0.707516
MDMin:  332 07:43:04    -2397.320707        0.737962
MDMin:  333 07:43:06    -2397.320707        0.770742
MDMin:  334 07:43:08    -2397.320707        0.805871
MDMin:  335 07:43:10    -2397.320707        0.843396
MDMin:  336 07:43:12    -2397.320707        0.883428
MDMin:  337 07:43:14    -2397.320707        0.926179
MDMin:  338 07:43:15    -2397.320707        0.971985
MDMin:  339 07:43:17    -2397.320707        1.021321
MDMin:  340 07:43:18    -2397.320707        1.074789
MDMin:  341 07:43:20    -2397.320707        1.133052
MDMin:  342 07:43:21    -2397.320707        1.196706
MDMin:  343 07:43:22    -2397.320708        1.265982
MDMin:  344 07:43:24    -2397.320708        1.340374
MDMin:  345 07:43:26    -2397.320708        1.418165
MDMin:  346 07:43:27    -2397.320708        1.495779
MDMin:  347 07:43:29    -2397.320708        1.567441
MDMin:  348 07:43:30    -2397.320708        1.625825
MDMin:  349 07:43:32    -2397.320708        1.664690
MDMin:  350 07:43:34    -2397.320708        1.682673
MDMin:  351 07:43:36    -2397.320708        1.684822
MDMin:  352 07:43:38    -2397.320708        1.679408
MDMin:  353 07:43:39    -2397.320708        1.673125
MDMin:  354 07:43:41    -2397.320708        1.669215
MDMin:  355 07:43:43    -2397.320708        1.668490
MDMin:  356 07:43:45    -2397.320708        1.670873
MDMin:  357 07:43:47    -2397.320708        1.676286
MDMin:  358 07:43:48    -2397.320708        1.684951
MDMin:  359 07:43:50    -2397.320708        1.697481
MDMin:  360 07:43:52    -2397.320708        1.714951
MDMin:  361 07:43:54    -2397.320708        1.738994
MDMin:  362 07:43:56    -2397.320708        1.771960
MDMin:  363 07:43:58    -2397.320708        1.817239
MDMin:  364 07:44:00    -2397.320708        1.880459
MDMin:  365 07:44:02    -2397.320708        1.976229
MDMin:  366 07:44:04    -2397.320708        2.271453
MDMin:  367 07:44:06    -2397.320708        2.316347
MDMin:  368 07:44:08    -2397.320708        2.381118
MDMin:  369 07:44:10    -2397.320709        2.435341
MDMin:  370 07:44:12    -2397.320709        2.456973
MDMin:  371 07:44:14    -2397.320709        2.444482
MDMin:  372 07:44:15    -2397.320709        2.404685
MDMin:  373 07:44:17    -2397.320709        2.345889
MDMin:  374 07:44:18    -2397.320709        2.275141
MDMin:  375 07:44:19    -2397.320709        2.197538
MDMin:  376 07:44:20    -2397.320709        2.116536
MDMin:  377 07:44:22    -2397.320709        2.034256
MDMin:  378 07:44:24    -2397.320709        1.972816
MDMin:  379 07:44:26    -2397.320709        1.975922
MDMin:  380 07:44:27    -2397.320709        1.973819
MDMin:  381 07:44:29    -2397.320709        1.966329
MDMin:  382 07:44:31    -2397.320709        1.952824
MDMin:  383 07:44:33    -2397.320709        1.932903
MDMin:  384 07:44:35    -2397.320709        1.905868
MDMin:  385 07:44:37    -2397.320709        1.870812
MDMin:  386 07:44:39    -2397.320709        1.826686
MDMin:  387 07:44:41    -2397.320709        1.772435
MDMin:  388 07:44:43    -2397.320709        1.706936
MDMin:  389 07:44:45    -2397.320709        1.628966
MDMin:  390 07:44:47    -2397.320709        1.537355
MDMin:  391 07:44:49    -2397.320710        1.431208
MDMin:  392 07:44:50    -2397.320710        1.310304
MDMin:  393 07:44:52    -2397.320710        1.175590
MDMin:  394 07:44:54    -2397.320710        1.029722
MDMin:  395 07:44:56    -2397.320710        0.877558
MDMin:  396 07:44:58    -2397.320710        0.726679
MDMin:  397 07:45:00    -2397.320710        0.587702
MDMin:  398 07:45:02    -2397.320710        0.473596
MDMin:  399 07:45:04    -2397.320711        0.395232
MDMin:  400 07:45:06    -2397.320711        0.351854
MDMin:  401 07:45:07    -2397.320711        0.327329
MDMin:  402 07:45:09    -2397.320711        0.303550
MDMin:  403 07:45:10    -2397.320712        0.267558
MDMin:  404 07:45:12    -2397.320712        0.232393
MDMin:  405 07:45:14    -2397.320712        0.349749
MDMin:  406 07:45:16    -2397.320712        0.288919
MDMin:  407 07:45:18    -2397.320712        0.287147
MDMin:  408 07:45:19    -2397.320712        0.281876
MDMin:  409 07:45:20    -2397.320712        0.273268
MDMin:  410 07:45:21    -2397.320712        0.261607
MDMin:  411 07:45:23    -2397.320712        0.247296
MDMin:  412 07:45:24    -2397.320712        0.230850
MDMin:  413 07:45:26    -2397.320712        0.212891
MDMin:  414 07:45:28    -2397.320712        0.196286
MDMin:  415 07:45:30    -2397.320712        0.193404
MDMin:  416 07:45:32    -2397.320712        0.190506
MDMin:  417 07:45:34    -2397.320712        0.187673
MDMin:  418 07:45:35    -2397.320712        0.184974
MDMin:  419 07:45:37    -2397.320713        0.182457
MDMin:  420 07:45:39    -2397.320713        0.180147
MDMin:  421 07:45:41    -2397.320713        0.178049
MDMin:  422 07:45:43    -2397.320713        0.176154
MDMin:  423 07:45:45    -2397.320713        0.174441
MDMin:  424 07:45:47    -2397.320713        0.172887
MDMin:  425 07:45:49    -2397.320713        0.171468
MDMin:  426 07:45:50    -2397.320713        0.170160
MDMin:  427 07:45:52    -2397.320713        0.168944
MDMin:  428 07:45:53    -2397.320713        0.167804
MDMin:  429 07:45:55    -2397.320713        0.166729
MDMin:  430 07:45:57    -2397.320713        0.165711
MDMin:  431 07:45:59    -2397.320713        0.164746
MDMin:  432 07:46:01    -2397.320713        0.163832
MDMin:  433 07:46:03    -2397.320713        0.162972
MDMin:  434 07:46:04    -2397.320713        0.162171
MDMin:  435 07:46:06    -2397.320713        0.161434
MDMin:  436 07:46:07    -2397.320713        0.160771
MDMin:  437 07:46:09    -2397.320713        0.160452
MDMin:  438 07:46:10    -2397.320713        0.160583
MDMin:  439 07:46:12    -2397.320713        0.160728
MDMin:  440 07:46:14    -2397.320713        0.160889
MDMin:  441 07:46:16    -2397.320713        0.161072
MDMin:  442 07:46:18    -2397.320713        0.161278
MDMin:  443 07:46:20    -2397.320713        0.161511
MDMin:  444 07:46:22    -2397.320713        0.161775
MDMin:  445 07:46:24    -2397.320713        0.162072
MDMin:  446 07:46:25    -2397.320713        0.162407
MDMin:  447 07:46:27    -2397.320713        0.162783
MDMin:  448 07:46:29    -2397.320713        0.163840
MDMin:  449 07:46:31    -2397.320713        0.165647
MDMin:  450 07:46:33    -2397.320713        0.167821
MDMin:  451 07:46:35    -2397.320713        0.170394
MDMin:  452 07:46:36    -2397.320713        0.173401
MDMin:  453 07:46:38    -2397.320713        0.176875
MDMin:  454 07:46:39    -2397.320713        0.180848
MDMin:  455 07:46:41    -2397.320714        0.185350
MDMin:  456 07:46:43    -2397.320714        0.190405
MDMin:  457 07:46:45    -2397.320714        0.196035
MDMin:  458 07:46:47    -2397.320714        0.202251
MDMin:  459 07:46:49    -2397.320714        0.209058
MDMin:  460 07:46:51    -2397.320714        0.216451
MDMin:  461 07:46:52    -2397.320714        0.224415
MDMin:  462 07:46:54    -2397.320714        0.232924
MDMin:  463 07:46:56    -2397.320714        0.241945
MDMin:  464 07:46:59    -2397.320714        0.251439
MDMin:  465 07:47:00    -2397.320714        0.261364
MDMin:  466 07:47:02    -2397.320714        0.271678
MDMin:  467 07:47:04    -2397.320714        0.282344
MDMin:  468 07:47:06    -2397.320714        0.293334
MDMin:  469 07:47:07    -2397.320714        0.304630
MDMin:  470 07:47:08    -2397.320714        0.316232
MDMin:  471 07:47:10    -2397.320714        0.328153
MDMin:  472 07:47:12    -2397.320714        0.340427
MDMin:  473 07:47:14    -2397.320714        0.353104
MDMin:  474 07:47:16    -2397.320714        0.366249
MDMin:  475 07:47:18    -2397.320714        0.379943
MDMin:  476 07:47:20    -2397.320714        0.394279
MDMin:  477 07:47:22    -2397.320714        0.409356
MDMin:  478 07:47:24    -2397.320714        0.425280
MDMin:  479 07:47:26    -2397.320714        0.442157
MDMin:  480 07:47:27    -2397.320714        0.460087
MDMin:  481 07:47:28    -2397.320715        0.479162
MDMin:  482 07:47:30    -2397.320715        0.499460
MDMin:  483 07:47:32    -2397.320715        0.521040
MDMin:  484 07:47:34    -2397.320715        0.543932
MDMin:  485 07:47:35    -2397.320715        0.568136
MDMin:  486 07:47:37    -2397.320715        0.593610
MDMin:  487 07:47:38    -2397.320715        0.620268
MDMin:  488 07:47:40    -2397.320715        0.647969
MDMin:  489 07:47:41    -2397.320715        0.676512
MDMin:  490 07:47:43    -2397.320715        0.705632
MDMin:  491 07:47:45    -2397.320715        0.734996
MDMin:  492 07:47:47    -2397.320715        0.764197
MDMin:  493 07:47:49    -2397.320715        0.792759
MDMin:  494 07:47:51    -2397.320715        0.820137
MDMin:  495 07:47:53    -2397.320715        0.845728
MDMin:  496 07:47:55    -2397.320715        0.868873
MDMin:  497 07:47:56    -2397.320715        0.888878
MDMin:  498 07:47:58    -2397.320715        0.905030
MDMin:  499 07:48:00    -2397.320715        0.916624
MDMin:  500 07:48:02    -2397.320715        0.922986
MDMin:  501 07:48:04    -2397.320715        0.923518
MDMin:  502 07:48:06    -2397.320715        0.917733
MDMin:  503 07:48:08    -2397.320715        0.905305
MDMin:  504 07:48:09    -2397.320715        0.886114
MDMin:  505 07:48:11    -2397.320715        0.860293
MDMin:  506 07:48:13    -2397.320715        0.828316
MDMin:  507 07:48:15    -2397.320715        0.791043
MDMin:  508 07:48:17    -2397.320715        0.749488
MDMin:  509 07:48:18    -2397.320715        0.704915
MDMin:  510 07:48:20    -2397.320715        0.658777
MDMin:  511 07:48:22    -2397.320715        0.612632
MDMin:  512 07:48:24    -2397.320716        0.568045
MDMin:  513 07:48:26    -2397.320716        0.526459
MDMin:  514 07:48:28    -2397.320716        0.489058
MDMin:  515 07:48:30    -2397.320716        0.456719
MDMin:  516 07:48:31    -2397.320716        0.429952
MDMin:  517 07:48:33    -2397.320716        0.408883
MDMin:  518 07:48:35    -2397.320716        0.393266
MDMin:  519 07:48:37    -2397.320716        0.382530
MDMin:  520 07:48:39    -2397.320716        0.375872
MDMin:  521 07:48:40    -2397.320716        0.372355
MDMin:  522 07:48:42    -2397.320716        0.371011
MDMin:  523 07:48:43    -2397.320716        0.370929
MDMin:  524 07:48:45    -2397.320716        0.371303
MDMin:  525 07:48:46    -2397.320716        0.371469
MDMin:  526 07:48:47    -2397.320716        0.370912
MDMin:  527 07:48:48    -2397.320717        0.369271
MDMin:  528 07:48:50    -2397.320717        0.366320
MDMin:  529 07:48:52    -2397.320717        0.361945
MDMin:  530 07:48:54    -2397.320717        0.356094
MDMin:  531 07:48:56    -2397.320717        0.348759
MDMin:  532 07:48:58    -2397.320717        0.339980
MDMin:  533 07:49:00    -2397.320717        0.329783
MDMin:  534 07:49:02    -2397.320717        0.318150
MDMin:  535 07:49:04    -2397.320717        0.305003
MDMin:  536 07:49:06    -2397.320717        0.290184
MDMin:  537 07:49:08    -2397.320718        0.273449
MDMin:  538 07:49:10    -2397.320718        0.254474
MDMin:  539 07:49:12    -2397.320718        0.232866
MDMin:  540 07:49:14    -2397.320718        0.208214
MDMin:  541 07:49:16    -2397.320718        0.180259
MDMin:  542 07:49:18    -2397.320718        0.413191
MDMin:  543 07:49:20    -2397.320718        0.406731
MDMin:  544 07:49:22    -2397.320718        0.387587
MDMin:  545 07:49:24    -2397.320718        0.356519
MDMin:  546 07:49:25    -2397.320718        0.314827
MDMin:  547 07:49:27    -2397.320718        0.264386
MDMin:  548 07:49:29    -2397.320718        0.207806
MDMin:  549 07:49:31    -2397.320718        0.150773
MDMin:  550 07:49:33    -2397.320718        0.149487
MDMin:  551 07:49:34    -2397.320718        0.147853
MDMin:  552 07:49:36    -2397.320718        0.145941
MDMin:  553 07:49:38    -2397.320718        0.143861
MDMin:  554 07:49:39    -2397.320718        0.141661
MDMin:  555 07:49:40    -2397.320718        0.139352
MDMin:  556 07:49:41    -2397.320718        0.136938
MDMin:  557 07:49:43    -2397.320718        0.134418
MDMin:  558 07:49:45    -2397.320718        0.131794
MDMin:  559 07:49:47    -2397.320718        0.129066
MDMin:  560 07:49:48    -2397.320718        0.126236
MDMin:  561 07:49:50    -2397.320718        0.123305
MDMin:  562 07:49:52    -2397.320718        0.120275
MDMin:  563 07:49:54    -2397.320718        0.117148
MDMin:  564 07:49:56    -2397.320719        0.113928
MDMin:  565 07:49:58    -2397.320719        0.110616
MDMin:  566 07:50:00    -2397.320719        0.107218
MDMin:  567 07:50:02    -2397.320719        0.103737
MDMin:  568 07:50:04    -2397.320719        0.100179
MDMin:  569 07:50:06    -2397.320719        0.096550
MDMin:  570 07:50:08    -2397.320719        0.092859
MDMin:  571 07:50:10    -2397.320719        0.089114
MDMin:  572 07:50:12    -2397.320719        0.085327
MDMin:  573 07:50:14    -2397.320719        0.081508
MDMin:  574 07:50:16    -2397.320719        0.077674
MDMin:  575 07:50:17    -2397.320719        0.073842
MDMin:  576 07:50:19    -2397.320719        0.070031
MDMin:  577 07:50:20    -2397.320719        0.066263
MDMin:  578 07:50:21    -2397.320719        0.062566
MDMin:  579 07:50:23    -2397.320719        0.058967
MDMin:  580 07:50:25    -2397.320719        0.055501
MDMin:  581 07:50:27    -2397.320719        0.053687
MDMin:  582 07:50:28    -2397.320719        0.052464
MDMin:  583 07:50:29    -2397.320719        0.051242
MDMin:  584 07:50:31    -2397.320719        0.050029
MDMin:  585 07:50:32    -2397.320719        0.048831
