       Step     Time          Energy          fmax
MDMin:    0 14:30:07    -2394.220389        7.462528
MDMin:    1 14:30:10    -2394.224514        7.419918
MDMin:    2 14:30:12    -2394.236662        6.976835
MDMin:    3 14:30:14    -2394.256286        7.158597
MDMin:    4 14:30:16    -2394.283011        6.274335
MDMin:    5 14:30:17    -2394.317129        6.315939
MDMin:    6 14:30:19    -2394.359591        5.089518
MDMin:    7 14:30:21    -2394.412165        5.144916
MDMin:    8 14:30:23    -2394.476156        2.961300
MDMin:    9 14:30:25    -2394.566158        3.903805
MDMin:   10 14:30:26    -2394.680753        2.824344
MDMin:   11 14:30:27    -2394.846807        1.475340
MDMin:   12 14:30:29    -2395.088096        1.824207
MDMin:   13 14:30:31    -2395.382623        2.246724
MDMin:   14 14:30:32    -2395.621602        2.729856
MDMin:   15 14:30:34    -2395.730626        2.848931
MDMin:   16 14:30:35    -2395.844822        2.652144
MDMin:   17 14:30:37    -2395.965575        2.134098
MDMin:   18 14:30:39    -2396.094175        1.543803
MDMin:   19 14:30:41    -2396.231855        1.515715
MDMin:   20 14:30:43    -2396.374960        1.545167
MDMin:   21 14:30:45    -2396.523405        1.723978
MDMin:   22 14:30:47    -2396.681853        1.970072
MDMin:   23 14:30:49    -2396.856003        2.108133
MDMin:   24 14:30:51    -2397.041213        1.890917
MDMin:   25 14:30:53    -2397.201518        1.775701
MDMin:   26 14:30:55    -2397.245076        1.634943
MDMin:   27 14:30:57    -2397.257894        1.174813
MDMin:   28 14:30:58    -2397.274153        1.084101
MDMin:   29 14:30:59    -2397.291558        0.990853
MDMin:   30 14:31:01    -2397.309497        0.987369
MDMin:   31 14:31:02    -2397.327586        0.982842
MDMin:   32 14:31:04    -2397.345584        0.972583
MDMin:   33 14:31:06    -2397.361766        0.803935
MDMin:   34 14:31:08    -2397.379761        0.701128
MDMin:   35 14:31:10    -2397.398952        0.916722
MDMin:   36 14:31:12    -2397.414938        0.843880
MDMin:   37 14:31:14    -2397.431331        0.817665
MDMin:   38 14:31:16    -2397.448146        0.897232
MDMin:   39 14:31:18    -2397.465379        0.966594
MDMin:   40 14:31:20    -2397.483037        1.022368
MDMin:   41 14:31:22    -2397.501109        1.053699
MDMin:   42 14:31:24    -2397.519126        1.037602
MDMin:   43 14:31:26    -2397.534644        1.132670
MDMin:   44 14:31:28    -2397.542346        0.940877
MDMin:   45 14:31:30    -2397.547580        0.909030
MDMin:   46 14:31:32    -2397.553628        0.870678
MDMin:   47 14:31:34    -2397.560413        0.852455
MDMin:   48 14:31:36    -2397.567855        0.832146
MDMin:   49 14:31:38    -2397.575845        0.808691
MDMin:   50 14:31:40    -2397.584256        0.779794
MDMin:   51 14:31:41    -2397.592940        0.741842
MDMin:   52 14:31:43    -2397.601743        0.690688
MDMin:   53 14:31:45    -2397.610509        0.623632
MDMin:   54 14:31:47    -2397.619083        0.542044
MDMin:   55 14:31:49    -2397.627302        0.498658
MDMin:   56 14:31:51    -2397.634996        0.475826
MDMin:   57 14:31:53    -2397.642001        0.451637
MDMin:   58 14:31:54    -2397.648107        0.423420
MDMin:   59 14:31:55    -2397.652194        1.016624
MDMin:   60 14:31:57    -2397.652764        0.500467
MDMin:   61 14:31:58    -2397.653659        0.385288
MDMin:   62 14:32:00    -2397.654703        0.376183
MDMin:   63 14:32:01    -2397.655851        0.365277
MDMin:   64 14:32:02    -2397.657088        0.352442
MDMin:   65 14:32:04    -2397.658396        0.351023
MDMin:   66 14:32:05    -2397.659757        0.348944
MDMin:   67 14:32:07    -2397.661156        0.345527
MDMin:   68 14:32:09    -2397.662577        0.340559
MDMin:   69 14:32:11    -2397.664008        0.333885
MDMin:   70 14:32:13    -2397.665439        0.325442
MDMin:   71 14:32:15    -2397.666864        0.315274
MDMin:   72 14:32:17    -2397.668278        0.303543
MDMin:   73 14:32:19    -2397.669681        0.290524
MDMin:   74 14:32:21    -2397.671072        0.284779
MDMin:   75 14:32:23    -2397.672430        0.285754
MDMin:   76 14:32:25    -2397.673584        0.571783
MDMin:   77 14:32:27    -2397.674026        0.287911
MDMin:   78 14:32:29    -2397.674340        0.288490
MDMin:   79 14:32:31    -2397.674710        0.289286
MDMin:   80 14:32:32    -2397.675133        0.290352
MDMin:   81 14:32:33    -2397.675608        0.291758
MDMin:   82 14:32:35    -2397.676135        0.293585
MDMin:   83 14:32:36    -2397.676713        0.295926
MDMin:   84 14:32:37    -2397.677342        0.298877
MDMin:   85 14:32:38    -2397.678022        0.302532
MDMin:   86 14:32:40    -2397.678755        0.306964
MDMin:   87 14:32:42    -2397.679539        0.312192
MDMin:   88 14:32:44    -2397.680378        0.318131
MDMin:   89 14:32:46    -2397.681272        0.324514
MDMin:   90 14:32:48    -2397.682224        0.330784
MDMin:   91 14:32:50    -2397.683235        0.335964
MDMin:   92 14:32:52    -2397.684311        0.338549
MDMin:   93 14:32:54    -2397.685450        0.336557
MDMin:   94 14:32:56    -2397.685898        0.354963
MDMin:   95 14:32:58    -2397.685919        0.320930
MDMin:   96 14:33:00    -2397.686119        0.315993
MDMin:   97 14:33:02    -2397.686363        0.310027
MDMin:   98 14:33:03    -2397.686667        0.302527
MDMin:   99 14:33:04    -2397.687041        0.293258
MDMin:  100 14:33:06    -2397.687490        0.282043
MDMin:  101 14:33:07    -2397.688021        0.268794
MDMin:  102 14:33:09    -2397.687106        0.325224
MDMin:  103 14:33:10    -2397.688131        0.243987
MDMin:  104 14:33:11    -2397.688391        0.235330
MDMin:  105 14:33:13    -2397.688712        0.225429
MDMin:  106 14:33:15    -2397.689046        0.320589
MDMin:  107 14:33:17    -2397.688717        0.212579
MDMin:  108 14:33:19    -2397.688908        0.212130
MDMin:  109 14:33:20    -2397.689149        0.211520
MDMin:  110 14:33:22    -2397.689449        0.210711
MDMin:  111 14:33:24    -2397.689183        0.317503
MDMin:  112 14:33:26    -2397.689474        0.208933
MDMin:  113 14:33:28    -2397.689654        0.208212
MDMin:  114 14:33:29    -2397.689884        0.207297
MDMin:  115 14:33:31    -2397.689966        0.314947
MDMin:  116 14:33:33    -2397.689886        0.205414
MDMin:  117 14:33:35    -2397.690039        0.204675
MDMin:  118 14:33:37    -2397.690238        0.203734
MDMin:  119 14:33:39    -2397.690419        0.312984
MDMin:  120 14:33:40    -2397.690235        0.201818
MDMin:  121 14:33:42    -2397.690375        0.201071
MDMin:  122 14:33:43    -2397.690560        0.200114
MDMin:  123 14:33:44    -2397.690716        0.311351
MDMin:  124 14:33:46    -2397.690559        0.198174
MDMin:  125 14:33:47    -2397.690692        0.197424
MDMin:  126 14:33:48    -2397.690869        0.196458
MDMin:  127 14:33:50    -2397.690932        0.309915
MDMin:  128 14:33:52    -2397.690871        0.194507
MDMin:  129 14:33:54    -2397.691000        0.193760
MDMin:  130 14:33:56    -2397.691173        0.192794
MDMin:  131 14:33:57    -2397.691102        0.308611
MDMin:  132 14:33:59    -2397.691180        0.190851
MDMin:  133 14:34:01    -2397.691306        0.190114
MDMin:  134 14:34:03    -2397.691477        0.189157
MDMin:  135 14:34:05    -2397.691242        0.307403
MDMin:  136 14:34:07    -2397.691488        0.187239
MDMin:  137 14:34:09    -2397.691612        0.186517
MDMin:  138 14:34:11    -2397.691780        0.185577
MDMin:  139 14:34:13    -2397.691364        0.306268
MDMin:  140 14:34:15    -2397.691796        0.183700
MDMin:  141 14:34:17    -2397.691919        0.182998
MDMin:  142 14:34:19    -2397.692038        0.304751
MDMin:  143 14:34:21    -2397.691912        0.181473
MDMin:  144 14:34:23    -2397.692019        0.180853
MDMin:  145 14:34:25    -2397.692168        0.180022
MDMin:  146 14:34:27    -2397.691984        0.304081
MDMin:  147 14:34:28    -2397.692177        0.178328
MDMin:  148 14:34:29    -2397.692291        0.177687
MDMin:  149 14:34:31    -2397.692448        0.176840
MDMin:  150 14:34:32    -2397.692007        0.303249
MDMin:  151 14:34:34    -2397.692466        0.175142
MDMin:  152 14:34:36    -2397.692582        0.174513
MDMin:  153 14:34:37    -2397.692601        0.301862
MDMin:  154 14:34:38    -2397.692580        0.173137
MDMin:  155 14:34:40    -2397.692683        0.172580
MDMin:  156 14:34:41    -2397.692827        0.171827
MDMin:  157 14:34:42    -2397.692515        0.301347
MDMin:  158 14:34:44    -2397.692842        0.170297
MDMin:  159 14:34:46    -2397.692953        0.169724
MDMin:  160 14:34:48    -2397.693048        0.300048
MDMin:  161 14:34:50    -2397.692951        0.168458
MDMin:  162 14:34:52    -2397.693050        0.168078
MDMin:  163 14:34:54    -2397.693191        0.168977
MDMin:  164 14:34:55    -2397.692938        0.299653
MDMin:  165 14:34:57    -2397.693208        0.170972
MDMin:  166 14:34:59    -2397.693316        0.171747
MDMin:  167 14:35:01    -2397.693447        0.298380
MDMin:  168 14:35:03    -2397.693316        0.173593
MDMin:  169 14:35:04    -2397.693414        0.174368
MDMin:  170 14:35:06    -2397.693553        0.175479
MDMin:  171 14:35:07    -2397.693329        0.298057
MDMin:  172 14:35:09    -2397.693572        0.177922
MDMin:  173 14:35:11    -2397.693680        0.178869
MDMin:  174 14:35:13    -2397.693825        0.296792
MDMin:  175 14:35:15    -2397.693681        0.181109
MDMin:  176 14:35:16    -2397.693778        0.182049
MDMin:  177 14:35:18    -2397.693917        0.183390
MDMin:  178 14:35:19    -2397.693708        0.296514
MDMin:  179 14:35:20    -2397.693938        0.186318
MDMin:  180 14:35:21    -2397.694045        0.187452
MDMin:  181 14:35:23    -2397.694194        0.189035
MDMin:  182 14:35:25    -2397.693692        0.295970
MDMin:  183 14:35:27    -2397.694224        0.192425
MDMin:  184 14:35:29    -2397.694336        0.193717
MDMin:  185 14:35:31    -2397.694224        0.294636
MDMin:  186 14:35:33    -2397.694344        0.196725
MDMin:  187 14:35:35    -2397.694444        0.197982
MDMin:  188 14:35:37    -2397.694585        0.199756
MDMin:  189 14:35:39    -2397.694146        0.294789
MDMin:  190 14:35:41    -2397.694611        0.203587
MDMin:  191 14:35:43    -2397.694721        0.205075
MDMin:  192 14:35:45    -2397.694655        0.293592
MDMin:  193 14:35:47    -2397.694728        0.208541
MDMin:  194 14:35:48    -2397.694828        0.210001
MDMin:  195 14:35:50    -2397.694969        0.212053
MDMin:  196 14:35:51    -2397.694582        0.297724
MDMin:  197 14:35:53    -2397.694995        0.216480
MDMin:  198 14:35:54    -2397.695105        0.218211
MDMin:  199 14:35:56    -2397.695095        0.296692
MDMin:  200 14:35:58    -2397.695112        0.222227
MDMin:  201 14:36:00    -2397.695213        0.223923
MDMin:  202 14:36:01    -2397.695355        0.226287
MDMin:  203 14:36:03    -2397.695035        0.301155
MDMin:  204 14:36:05    -2397.695381        0.231364
MDMin:  205 14:36:06    -2397.695492        0.233359
MDMin:  206 14:36:07    -2397.695560        0.300247
MDMin:  207 14:36:08    -2397.695500        0.237953
MDMin:  208 14:36:10    -2397.695602        0.239898
MDMin:  209 14:36:11    -2397.695746        0.242580
MDMin:  210 14:36:13    -2397.695518        0.305028
MDMin:  211 14:36:15    -2397.695771        0.248309
MDMin:  212 14:36:17    -2397.695885        0.250570
MDMin:  213 14:36:19    -2397.696041        0.253610
MDMin:  214 14:36:21    -2397.695587        0.309433
MDMin:  215 14:36:22    -2397.696075        0.259970
MDMin:  216 14:36:23    -2397.696195        0.262447
MDMin:  217 14:36:25    -2397.696186        0.308328
MDMin:  218 14:36:26    -2397.696206        0.268017
MDMin:  219 14:36:28    -2397.696316        0.270364
MDMin:  220 14:36:29    -2397.696466        0.273519
MDMin:  221 14:36:30    -2397.696211        0.313363
MDMin:  222 14:36:32    -2397.696494        0.280144
MDMin:  223 14:36:33    -2397.696615        0.282768
MDMin:  224 14:36:34    -2397.696779        0.286200
MDMin:  225 14:36:36    -2397.696347        0.318050
MDMin:  226 14:36:38    -2397.696814        0.293236
MDMin:  227 14:36:40    -2397.696942        0.295974
MDMin:  228 14:36:41    -2397.697008        0.316834
MDMin:  229 14:36:42    -2397.696953        0.301952
MDMin:  230 14:36:44    -2397.697071        0.304442
MDMin:  231 14:36:46    -2397.697230        0.307672
MDMin:  232 14:36:48    -2397.697099        0.322188
MDMin:  233 14:36:50    -2397.697256        0.314242
MDMin:  234 14:36:52    -2397.697386        0.316803
MDMin:  235 14:36:54    -2397.697560        0.320014
MDMin:  236 14:36:56    -2397.697304        0.327145
MDMin:  237 14:36:58    -2397.697594        0.326300
MDMin:  238 14:37:00    -2397.697733        0.328663
MDMin:  239 14:37:02    -2397.697915        0.331536
MDMin:  240 14:37:03    -2397.697583        0.334818
MDMin:  241 14:37:05    -2397.697954        0.336928
MDMin:  242 14:37:06    -2397.698100        0.338861
MDMin:  243 14:37:08    -2397.698290        0.341116
MDMin:  244 14:37:09    -2397.697919        0.343561
MDMin:  245 14:37:11    -2397.698332        0.345059
MDMin:  246 14:37:13    -2397.698484        0.346336
MDMin:  247 14:37:14    -2397.698682        0.347707
MDMin:  248 14:37:16    -2397.698305        0.349017
MDMin:  249 14:37:18    -2397.698727        0.349694
MDMin:  250 14:37:20    -2397.698885        0.350113
MDMin:  251 14:37:22    -2397.699089        0.350379
MDMin:  252 14:37:24    -2397.698737        0.350327
MDMin:  253 14:37:26    -2397.699137        0.350031
MDMin:  254 14:37:28    -2397.699301        0.349457
MDMin:  255 14:37:30    -2397.699512        0.348491
MDMin:  256 14:37:31    -2397.699210        0.347538
MDMin:  257 14:37:33    -2397.699563        0.345655
MDMin:  258 14:37:34    -2397.699733        0.344059
MDMin:  259 14:37:36    -2397.699952        0.341870
MDMin:  260 14:37:38    -2397.699720        0.350355
MDMin:  261 14:37:40    -2397.700007        0.336678
MDMin:  262 14:37:42    -2397.700184        0.334150
MDMin:  263 14:37:44    -2397.700410        0.330886
MDMin:  264 14:37:46    -2397.700260        0.352524
MDMin:  265 14:37:48    -2397.700471        0.323729
MDMin:  266 14:37:50    -2397.700655        0.320464
MDMin:  267 14:37:52    -2397.700889        0.316393
MDMin:  268 14:37:53    -2397.700826        0.353954
MDMin:  269 14:37:54    -2397.700957        0.307874
MDMin:  270 14:37:56    -2397.701149        0.304134
MDMin:  271 14:37:57    -2397.701392        0.299583
MDMin:  272 14:37:58    -2397.701412        0.354576
MDMin:  273 14:38:00    -2397.701470        0.290357
MDMin:  274 14:38:01    -2397.701671        0.286408
MDMin:  275 14:38:02    -2397.701925        0.281689
MDMin:  276 14:38:04    -2397.702015        0.354350
MDMin:  277 14:38:05    -2397.702014        0.272345
MDMin:  278 14:38:07    -2397.702225        0.268411
MDMin:  279 14:38:09    -2397.702493        0.263778
MDMin:  280 14:38:11    -2397.702629        0.353263
MDMin:  281 14:38:12    -2397.702595        0.258763
MDMin:  282 14:38:14    -2397.702820        0.258729
MDMin:  283 14:38:16    -2397.703103        0.258490
MDMin:  284 14:38:18    -2397.703253        0.351325
MDMin:  285 14:38:20    -2397.703223        0.257354
MDMin:  286 14:38:22    -2397.703463        0.256614
MDMin:  287 14:38:24    -2397.703764        0.255543
MDMin:  288 14:38:26    -2397.703884        0.348566
MDMin:  289 14:38:28    -2397.703905        0.252776
MDMin:  290 14:38:29    -2397.704164        0.251376
MDMin:  291 14:38:31    -2397.704487        0.249548
MDMin:  292 14:38:32    -2397.704521        0.345024
MDMin:  293 14:38:34    -2397.704654        0.245348
MDMin:  294 14:38:35    -2397.704934        0.243387
MDMin:  295 14:38:37    -2397.705284        0.240933
MDMin:  296 14:38:39    -2397.705163        0.340743
MDMin:  297 14:38:40    -2397.705480        0.235589
MDMin:  298 14:38:42    -2397.705788        0.233193
MDMin:  299 14:38:43    -2397.706081        0.330487
MDMin:  300 14:38:45    -2397.705957        0.227931
MDMin:  301 14:38:46    -2397.706252        0.225536
MDMin:  302 14:38:48    -2397.706621        0.222615
MDMin:  303 14:38:50    -2397.706551        0.327384
MDMin:  304 14:38:52    -2397.706850        0.226721
MDMin:  305 14:38:53    -2397.707193        0.229910
MDMin:  306 14:38:54    -2397.707338        0.317551
MDMin:  307 14:38:56    -2397.707410        0.236822
MDMin:  308 14:38:57    -2397.707753        0.239952
MDMin:  309 14:38:59    -2397.707984        0.309115
MDMin:  310 14:39:01    -2397.707976        0.246768
MDMin:  311 14:39:03    -2397.708332        0.249867
MDMin:  312 14:39:05    -2397.708548        0.301328
MDMin:  313 14:39:07    -2397.708574        0.256574
MDMin:  314 14:39:09    -2397.708952        0.259601
MDMin:  315 14:39:10    -2397.709056        0.293801
MDMin:  316 14:39:12    -2397.709219        0.266045
MDMin:  317 14:39:14    -2397.709628        0.268900
MDMin:  318 14:39:16    -2397.709524        0.286302
MDMin:  319 14:39:18    -2397.709929        0.274801
MDMin:  320 14:39:20    -2397.710126        0.277324
MDMin:  321 14:39:21    -2397.710190        0.279437
MDMin:  322 14:39:23    -2397.710570        0.281467
MDMin:  323 14:39:25    -2397.710436        0.283186
MDMin:  324 14:39:27    -2397.710855        0.284816
MDMin:  325 14:39:29    -2397.710779        0.286541
MDMin:  326 14:39:31    -2397.711181        0.287844
MDMin:  327 14:39:33    -2397.711160        0.288917
MDMin:  328 14:39:35    -2397.711492        0.289662
MDMin:  329 14:39:37    -2397.711451        0.290168
MDMin:  330 14:39:39    -2397.711777        0.290385
MDMin:  331 14:39:41    -2397.711589        0.290300
MDMin:  332 14:39:43    -2397.711969        0.289809
MDMin:  333 14:39:45    -2397.711981        0.288959
MDMin:  334 14:39:47    -2397.712119        0.287701
MDMin:  335 14:39:48    -2397.712299        0.286118
MDMin:  336 14:39:50    -2397.712147        0.283788
MDMin:  337 14:39:51    -2397.712394        0.280952
MDMin:  338 14:39:53    -2397.712503        0.277773
MDMin:  339 14:39:55    -2397.712391        0.273546
MDMin:  340 14:39:56    -2397.712573        0.268791
MDMin:  341 14:39:58    -2397.712636        0.263732
MDMin:  342 14:40:01    -2397.712668        0.257407
MDMin:  343 14:40:02    -2397.712428        0.249667
MDMin:  344 14:40:04    -2397.712756        0.241543
MDMin:  345 14:40:06    -2397.712786        0.233351
MDMin:  346 14:40:07    -2397.712807        0.223795
MDMin:  347 14:40:09    -2397.712602        0.212874
MDMin:  348 14:40:11    -2397.712914        0.202120
MDMin:  349 14:40:12    -2397.712947        0.198755
MDMin:  350 14:40:14    -2397.712980        0.202086
MDMin:  351 14:40:16    -2397.712871        0.204915
MDMin:  352 14:40:17    -2397.713079        0.206762
MDMin:  353 14:40:19    -2397.713122        0.207791
MDMin:  354 14:40:21    -2397.713167        0.208281
MDMin:  355 14:40:22    -2397.713171        0.208110
MDMin:  356 14:40:24    -2397.713252        0.207274
MDMin:  357 14:40:26    -2397.713303        0.205984
MDMin:  358 14:40:28    -2397.713358        0.204154
MDMin:  359 14:40:30    -2397.713424        0.201740
MDMin:  360 14:40:32    -2397.713114        0.198719
MDMin:  361 14:40:33    -2397.713510        0.195555
MDMin:  362 14:40:35    -2397.713573        0.199337
MDMin:  363 14:40:37    -2397.713641        0.203990
MDMin:  364 14:40:38    -2397.713668        0.208965
MDMin:  365 14:40:39    -2397.713711        0.211313
MDMin:  366 14:40:41    -2397.713776        0.216804
MDMin:  367 14:40:43    -2397.713848        0.222754
MDMin:  368 14:40:45    -2397.713929        0.229067
MDMin:  369 14:40:47    -2397.714018        0.235728
MDMin:  370 14:40:48    -2397.714115        0.242681
MDMin:  371 14:40:50    -2397.714218        0.249760
MDMin:  372 14:40:51    -2397.714326        0.256678
MDMin:  373 14:40:53    -2397.714438        0.262968
MDMin:  374 14:40:54    -2397.714552        0.269370
MDMin:  375 14:40:56    -2397.714669        0.286040
MDMin:  376 14:40:57    -2397.714787        0.304824
MDMin:  377 14:40:59    -2397.714905        0.325710
MDMin:  378 14:41:01    -2397.715022        0.348498
MDMin:  379 14:41:02    -2397.715139        0.372516
MDMin:  380 14:41:04    -2397.715249        0.395728
MDMin:  381 14:41:06    -2397.715332        0.412346
MDMin:  382 14:41:08    -2397.715364        0.418248
MDMin:  383 14:41:10    -2397.715397        0.423934
MDMin:  384 14:41:12    -2397.715434        0.429739
MDMin:  385 14:41:13    -2397.715476        0.435210
MDMin:  386 14:41:15    -2397.715521        0.439695
MDMin:  387 14:41:17    -2397.715571        0.442296
MDMin:  388 14:41:18    -2397.715624        0.448835
MDMin:  389 14:41:20    -2397.715680        0.455313
MDMin:  390 14:41:21    -2397.715740        0.458885
MDMin:  391 14:41:23    -2397.715803        0.457873
MDMin:  392 14:41:24    -2397.715870        0.450130
MDMin:  393 14:41:26    -2397.715942        0.433174
MDMin:  394 14:41:28    -2397.716018        0.404694
MDMin:  395 14:41:30    -2397.716099        0.363562
MDMin:  396 14:41:32    -2397.716187        0.311326
MDMin:  397 14:41:34    -2397.716278        0.320351
MDMin:  398 14:41:36    -2397.716353        0.417851
MDMin:  399 14:41:37    -2397.716372        0.332314
MDMin:  400 14:41:38    -2397.716398        0.334659
MDMin:  401 14:41:40    -2397.716428        0.336846
MDMin:  402 14:41:42    -2397.716462        0.338602
MDMin:  403 14:41:43    -2397.716500        0.339585
MDMin:  404 14:41:45    -2397.716542        0.339385
MDMin:  405 14:41:47    -2397.716588        0.337560
MDMin:  406 14:41:48    -2397.716638        0.333679
MDMin:  407 14:41:50    -2397.716692        0.327370
MDMin:  408 14:41:52    -2397.716749        0.318396
MDMin:  409 14:41:54    -2397.716149        0.999066
MDMin:  410 14:41:55    -2397.716152        0.995757
MDMin:  411 14:41:57    -2397.716165        0.985826
MDMin:  412 14:41:59    -2397.716195        0.969253
MDMin:  413 14:42:01    -2397.716259        0.946032
MDMin:  414 14:42:03    -2397.716380        0.916254
MDMin:  415 14:42:05    -2397.716588        0.880200
MDMin:  416 14:42:06    -2397.716913        0.838435
MDMin:  417 14:42:07    -2397.717292        0.265007
MDMin:  418 14:42:09    -2397.717293        0.265654
MDMin:  419 14:42:11    -2397.717297        0.267584
MDMin:  420 14:42:13    -2397.717305        0.270687
MDMin:  421 14:42:15    -2397.717298        0.803643
MDMin:  422 14:42:17    -2397.717327        0.273447
MDMin:  423 14:42:18    -2397.717330        0.274277
MDMin:  424 14:42:20    -2397.717315        0.803834
MDMin:  425 14:42:22    -2397.717349        0.274672
MDMin:  426 14:42:23    -2397.717352        0.275431
MDMin:  427 14:42:25    -2397.717340        0.803462
MDMin:  428 14:42:26    -2397.717371        0.275702
MDMin:  429 14:42:27    -2397.717374        0.276428
MDMin:  430 14:42:29    -2397.717365        0.803148
MDMin:  431 14:42:30    -2397.717393        0.276623
MDMin:  432 14:42:32    -2397.717396        0.277320
MDMin:  433 14:42:33    -2397.717391        0.802891
MDMin:  434 14:42:35    -2397.717416        0.277452
MDMin:  435 14:42:36    -2397.717419        0.278124
MDMin:  436 14:42:38    -2397.717417        0.802683
MDMin:  437 14:42:40    -2397.717439        0.278203
MDMin:  438 14:42:41    -2397.717442        0.278853
MDMin:  439 14:42:43    -2397.717444        0.802517
MDMin:  440 14:42:45    -2397.717462        0.278888
MDMin:  441 14:42:47    -2397.717465        0.279518
MDMin:  442 14:42:48    -2397.717472        0.280963
MDMin:  443 14:42:50    -2397.717437        0.807236
MDMin:  444 14:42:51    -2397.717490        0.803203
MDMin:  445 14:42:53    -2397.717524        0.278762
MDMin:  446 14:42:55    -2397.717526        0.279208
MDMin:  447 14:42:57    -2397.717533        0.280513
MDMin:  448 14:42:59    -2397.717543        0.282545
MDMin:  449 14:43:01    -2397.717518        0.808409
MDMin:  450 14:43:03    -2397.717567        0.804738
MDMin:  451 14:43:05    -2397.717598        0.281048
MDMin:  452 14:43:06    -2397.717600        0.281459
MDMin:  453 14:43:08    -2397.717607        0.282659
MDMin:  454 14:43:09    -2397.717618        0.284523
MDMin:  455 14:43:11    -2397.717596        0.810598
MDMin:  456 14:43:13    -2397.717645        0.806972
MDMin:  457 14:43:15    -2397.717675        0.282920
MDMin:  458 14:43:17    -2397.717677        0.283303
MDMin:  459 14:43:18    -2397.717684        0.284420
MDMin:  460 14:43:20    -2397.717696        0.286149
MDMin:  461 14:43:22    -2397.717683        0.813084
MDMin:  462 14:43:24    -2397.717724        0.287206
MDMin:  463 14:43:26    -2397.717724        0.810887
MDMin:  464 14:43:27    -2397.717744        0.286182
MDMin:  465 14:43:29    -2397.717747        0.286601
MDMin:  466 14:43:31    -2397.717755        0.287619
MDMin:  467 14:43:33    -2397.717741        0.815463
MDMin:  468 14:43:35    -2397.717782        0.287959
MDMin:  469 14:43:37    -2397.717785        0.288360
MDMin:  470 14:43:39    -2397.717773        0.816110
MDMin:  471 14:43:41    -2397.717809        0.288019
MDMin:  472 14:43:43    -2397.717812        0.288404
MDMin:  473 14:43:44    -2397.717812        0.816204
MDMin:  474 14:43:45    -2397.717836        0.288059
MDMin:  475 14:43:47    -2397.717839        0.288445
MDMin:  476 14:43:48    -2397.717848        0.289359
MDMin:  477 14:43:50    -2397.717830        0.821417
MDMin:  478 14:43:51    -2397.717875        0.289608
MDMin:  479 14:43:53    -2397.717879        0.289959
MDMin:  480 14:43:54    -2397.717865        0.822095
MDMin:  481 14:43:55    -2397.717903        0.289584
MDMin:  482 14:43:57    -2397.717907        0.289921
MDMin:  483 14:43:59    -2397.717909        0.822173
MDMin:  484 14:44:01    -2397.717931        0.289546
MDMin:  485 14:44:03    -2397.717935        0.289886
MDMin:  486 14:44:05    -2397.717943        0.290693
MDMin:  487 14:44:07    -2397.717937        0.827403
MDMin:  488 14:44:08    -2397.717971        0.290854
MDMin:  489 14:44:10    -2397.717975        0.291163
MDMin:  490 14:44:12    -2397.717977        0.828072
MDMin:  491 14:44:14    -2397.718000        0.290769
MDMin:  492 14:44:16    -2397.718004        0.291066
MDMin:  493 14:44:17    -2397.718013        0.291769
MDMin:  494 14:44:19    -2397.718011        0.833340
MDMin:  495 14:44:21    -2397.718041        0.291840
MDMin:  496 14:44:23    -2397.718045        0.292108
MDMin:  497 14:44:24    -2397.718055        0.292718
MDMin:  498 14:44:25    -2397.718042        0.839316
MDMin:  499 14:44:27    -2397.718084        0.292705
MDMin:  500 14:44:29    -2397.718088        0.292931
MDMin:  501 14:44:31    -2397.718088        0.839968
MDMin:  502 14:44:32    -2397.718113        0.292491
MDMin:  503 14:44:34    -2397.718117        0.292712
MDMin:  504 14:44:36    -2397.718126        0.293229
MDMin:  505 14:44:38    -2397.718134        0.845213
MDMin:  506 14:44:40    -2397.718155        0.293155
MDMin:  507 14:44:42    -2397.718159        0.293349
MDMin:  508 14:44:44    -2397.718169        0.293785
MDMin:  509 14:44:45    -2397.718178        0.851156
MDMin:  510 14:44:46    -2397.718199        0.293648
MDMin:  511 14:44:48    -2397.718203        0.293806
MDMin:  512 14:44:50    -2397.718213        0.294155
MDMin:  513 14:44:52    -2397.718227        0.857103
MDMin:  514 14:44:54    -2397.718243        0.293956
MDMin:  515 14:44:55    -2397.718247        0.294080
MDMin:  516 14:44:57    -2397.718257        0.294349
MDMin:  517 14:44:58    -2397.718272        0.294674
MDMin:  518 14:44:59    -2397.718281        0.870414
MDMin:  519 14:45:00    -2397.718307        0.294494
MDMin:  520 14:45:02    -2397.718311        0.294540
MDMin:  521 14:45:04    -2397.718321        0.294616
MDMin:  522 14:45:06    -2397.718337        0.294646
MDMin:  523 14:45:08    -2397.718343        0.884463
MDMin:  524 14:45:10    -2397.718373        0.294239
MDMin:  525 14:45:12    -2397.718377        0.294209
MDMin:  526 14:45:14    -2397.718387        0.294112
MDMin:  527 14:45:16    -2397.718403        0.293878
MDMin:  528 14:45:17    -2397.718422        0.898337
MDMin:  529 14:45:18    -2397.718439        0.293297
MDMin:  530 14:45:20    -2397.718443        0.293198
MDMin:  531 14:45:21    -2397.718454        0.292945
MDMin:  532 14:45:23    -2397.718470        0.292474
MDMin:  533 14:45:24    -2397.718492        0.291693
MDMin:  534 14:45:26    -2397.718520        0.290486
MDMin:  535 14:45:28    -2397.718554        0.288727
MDMin:  536 14:45:30    -2397.718594        0.286286
MDMin:  537 14:45:31    -2397.718639        0.283039
MDMin:  538 14:45:32    -2397.718689        0.278879
MDMin:  539 14:45:34    -2397.718745        0.273728
MDMin:  540 14:45:35    -2397.718804        0.267554
MDMin:  541 14:45:37    -2397.718868        0.260373
MDMin:  542 14:45:39    -2397.718936        0.265408
MDMin:  543 14:45:41    -2397.719006        0.279730
MDMin:  544 14:45:42    -2397.719078        0.294616
MDMin:  545 14:45:43    -2397.719104        0.309472
MDMin:  546 14:45:44    -2397.719012        0.323231
MDMin:  547 14:45:46    -2397.719098        0.335160
MDMin:  548 14:45:47    -2397.719182        0.343867
MDMin:  549 14:45:48    -2397.719244        0.347982
MDMin:  550 14:45:49    -2397.719088        0.346440
MDMin:  551 14:45:51    -2397.719182        0.339021
MDMin:  552 14:45:53    -2397.719267        0.325721
MDMin:  553 14:45:55    -2397.719344        0.307557
MDMin:  554 14:45:57    -2397.719374        0.286136
MDMin:  555 14:45:59    -2397.719142        0.263504
MDMin:  556 14:46:00    -2397.719229        0.240753
MDMin:  557 14:46:02    -2397.719296        0.218392
MDMin:  558 14:46:04    -2397.719341        0.196687
MDMin:  559 14:46:05    -2397.719368        0.175740
MDMin:  560 14:46:07    -2397.719372        0.271070
MDMin:  561 14:46:09    -2397.719075        0.644387
MDMin:  562 14:46:11    -2397.719075        0.600230
MDMin:  563 14:46:13    -2397.719076        0.474182
MDMin:  564 14:46:15    -2397.719078        0.296031
MDMin:  565 14:46:17    -2397.719081        0.157575
MDMin:  566 14:46:19    -2397.719084        0.156481
MDMin:  567 14:46:21    -2397.719087        0.155204
MDMin:  568 14:46:23    -2397.719090        0.153742
MDMin:  569 14:46:24    -2397.719092        0.152089
MDMin:  570 14:46:26    -2397.719093        0.150237
MDMin:  571 14:46:28    -2397.719093        0.148172
       Step     Time          Energy          fmax
MDMin:    0 17:44:03    -2394.220389        7.462528
MDMin:    1 17:44:05    -2394.224514        7.419918
MDMin:    2 17:44:06    -2394.236662        6.976835
MDMin:    3 17:44:07    -2394.256286        7.158597
MDMin:    4 17:44:09    -2394.283011        6.274335
MDMin:    5 17:44:10    -2394.317129        6.315939
MDMin:    6 17:44:12    -2394.359591        5.089518
MDMin:    7 17:44:14    -2394.412165        5.144916
MDMin:    8 17:44:16    -2394.476156        2.961300
MDMin:    9 17:44:17    -2394.566158        3.903805
MDMin:   10 17:44:19    -2394.680753        2.824344
MDMin:   11 17:44:21    -2394.846807        1.475340
MDMin:   12 17:44:23    -2395.088096        1.824207
MDMin:   13 17:44:25    -2395.382623        2.246724
MDMin:   14 17:44:27    -2395.621602        2.729856
MDMin:   15 17:44:28    -2395.730626        2.848931
MDMin:   16 17:44:30    -2395.844822        2.652144
MDMin:   17 17:44:32    -2395.965575        2.134098
MDMin:   18 17:44:33    -2396.094175        1.543803
MDMin:   19 17:44:35    -2396.231855        1.515715
MDMin:   20 17:44:37    -2396.374960        1.545167
MDMin:   21 17:44:39    -2396.523405        1.723978
MDMin:   22 17:44:41    -2396.681853        1.970072
MDMin:   23 17:44:43    -2396.856003        2.108133
MDMin:   24 17:44:44    -2397.041213        1.890917
MDMin:   25 17:44:46    -2397.201518        1.775701
MDMin:   26 17:44:48    -2397.245076        1.634943
MDMin:   27 17:44:50    -2397.257894        1.174813
MDMin:   28 17:44:52    -2397.274153        1.084101
MDMin:   29 17:44:54    -2397.291558        0.990853
MDMin:   30 17:44:56    -2397.309497        0.987369
MDMin:   31 17:44:57    -2397.327586        0.982842
MDMin:   32 17:44:59    -2397.345584        0.972583
MDMin:   33 17:45:01    -2397.361766        0.803935
MDMin:   34 17:45:03    -2397.379761        0.701128
MDMin:   35 17:45:04    -2397.398952        0.916722
MDMin:   36 17:45:06    -2397.414938        0.843880
MDMin:   37 17:45:07    -2397.431331        0.817665
MDMin:   38 17:45:08    -2397.448146        0.897232
MDMin:   39 17:45:10    -2397.465379        0.966594
MDMin:   40 17:45:12    -2397.483037        1.022368
MDMin:   41 17:45:13    -2397.501109        1.053699
MDMin:   42 17:45:15    -2397.519126        1.037602
MDMin:   43 17:45:17    -2397.534644        1.132670
MDMin:   44 17:45:19    -2397.542346        0.940877
MDMin:   45 17:45:21    -2397.547580        0.909030
MDMin:   46 17:45:23    -2397.553628        0.870678
MDMin:   47 17:45:25    -2397.560413        0.852455
MDMin:   48 17:45:27    -2397.567855        0.832146
MDMin:   49 17:45:29    -2397.575845        0.808691
MDMin:   50 17:45:31    -2397.584256        0.779794
MDMin:   51 17:45:33    -2397.592940        0.741842
MDMin:   52 17:45:35    -2397.601743        0.690688
MDMin:   53 17:45:37    -2397.610509        0.623632
MDMin:   54 17:45:38    -2397.619083        0.542044
MDMin:   55 17:45:40    -2397.627302        0.498658
MDMin:   56 17:45:42    -2397.634996        0.475826
MDMin:   57 17:45:44    -2397.642001        0.451637
MDMin:   58 17:45:45    -2397.648107        0.423420
MDMin:   59 17:45:47    -2397.652194        1.016624
MDMin:   60 17:45:49    -2397.652764        0.500467
MDMin:   61 17:45:51    -2397.653659        0.385288
MDMin:   62 17:45:52    -2397.654703        0.376183
MDMin:   63 17:45:54    -2397.655851        0.365277
MDMin:   64 17:45:56    -2397.657088        0.352442
MDMin:   65 17:45:58    -2397.658396        0.351023
MDMin:   66 17:46:00    -2397.659757        0.348944
MDMin:   67 17:46:02    -2397.661156        0.345527
MDMin:   68 17:46:04    -2397.662577        0.340559
MDMin:   69 17:46:05    -2397.664008        0.333885
MDMin:   70 17:46:08    -2397.665439        0.325442
MDMin:   71 17:46:10    -2397.666864        0.315274
MDMin:   72 17:46:11    -2397.668278        0.303543
MDMin:   73 17:46:13    -2397.669681        0.290524
MDMin:   74 17:46:14    -2397.671072        0.284779
MDMin:   75 17:46:16    -2397.672430        0.285754
MDMin:   76 17:46:18    -2397.673584        0.571783
MDMin:   77 17:46:19    -2397.674026        0.287911
MDMin:   78 17:46:21    -2397.674340        0.288490
MDMin:   79 17:46:22    -2397.674710        0.289286
MDMin:   80 17:46:23    -2397.675133        0.290352
MDMin:   81 17:46:25    -2397.675608        0.291758
MDMin:   82 17:46:27    -2397.676135        0.293585
MDMin:   83 17:46:29    -2397.676713        0.295926
MDMin:   84 17:46:31    -2397.677342        0.298877
MDMin:   85 17:46:32    -2397.678022        0.302532
MDMin:   86 17:46:33    -2397.678755        0.306964
MDMin:   87 17:46:35    -2397.679539        0.312192
MDMin:   88 17:46:36    -2397.680378        0.318131
MDMin:   89 17:46:38    -2397.681272        0.324514
MDMin:   90 17:46:39    -2397.682224        0.330784
MDMin:   91 17:46:41    -2397.683235        0.335964
MDMin:   92 17:46:43    -2397.684311        0.338549
MDMin:   93 17:46:45    -2397.685450        0.336557
MDMin:   94 17:46:47    -2397.685898        0.354963
MDMin:   95 17:46:49    -2397.685919        0.320930
MDMin:   96 17:46:51    -2397.686119        0.315993
MDMin:   97 17:46:53    -2397.686363        0.310027
MDMin:   98 17:46:55    -2397.686667        0.302527
MDMin:   99 17:46:57    -2397.687041        0.293258
MDMin:  100 17:46:59    -2397.687490        0.282043
MDMin:  101 17:47:01    -2397.688021        0.268794
MDMin:  102 17:47:03    -2397.687106        0.325224
MDMin:  103 17:47:05    -2397.688131        0.243987
MDMin:  104 17:47:06    -2397.688391        0.235330
MDMin:  105 17:47:07    -2397.688712        0.225429
MDMin:  106 17:47:09    -2397.689046        0.320589
MDMin:  107 17:47:11    -2397.688717        0.212579
MDMin:  108 17:47:13    -2397.688908        0.212130
MDMin:  109 17:47:14    -2397.689149        0.211520
MDMin:  110 17:47:16    -2397.689449        0.210711
MDMin:  111 17:47:17    -2397.689183        0.317503
MDMin:  112 17:47:18    -2397.689474        0.208933
MDMin:  113 17:47:19    -2397.689654        0.208212
MDMin:  114 17:47:21    -2397.689884        0.207297
MDMin:  115 17:47:23    -2397.689966        0.314947
MDMin:  116 17:47:25    -2397.689886        0.205414
MDMin:  117 17:47:26    -2397.690039        0.204675
MDMin:  118 17:47:28    -2397.690238        0.203734
MDMin:  119 17:47:29    -2397.690419        0.312984
MDMin:  120 17:47:31    -2397.690235        0.201818
MDMin:  121 17:47:32    -2397.690375        0.201071
MDMin:  122 17:47:33    -2397.690560        0.200114
MDMin:  123 17:47:34    -2397.690716        0.311351
MDMin:  124 17:47:36    -2397.690559        0.198174
MDMin:  125 17:47:37    -2397.690692        0.197424
MDMin:  126 17:47:38    -2397.690869        0.196458
MDMin:  127 17:47:40    -2397.690932        0.309915
MDMin:  128 17:47:42    -2397.690871        0.194507
MDMin:  129 17:47:44    -2397.691000        0.193760
MDMin:  130 17:47:46    -2397.691173        0.192794
MDMin:  131 17:47:48    -2397.691102        0.308611
MDMin:  132 17:47:50    -2397.691180        0.190851
MDMin:  133 17:47:52    -2397.691306        0.190114
MDMin:  134 17:47:54    -2397.691477        0.189157
MDMin:  135 17:47:55    -2397.691242        0.307403
MDMin:  136 17:47:57    -2397.691488        0.187239
MDMin:  137 17:47:59    -2397.691612        0.186517
MDMin:  138 17:48:01    -2397.691780        0.185577
MDMin:  139 17:48:03    -2397.691364        0.306268
MDMin:  140 17:48:05    -2397.691796        0.183700
MDMin:  141 17:48:07    -2397.691919        0.182998
MDMin:  142 17:48:08    -2397.692038        0.304751
MDMin:  143 17:48:10    -2397.691912        0.181473
MDMin:  144 17:48:12    -2397.692019        0.180853
MDMin:  145 17:48:14    -2397.692168        0.180022
MDMin:  146 17:48:16    -2397.691984        0.304081
MDMin:  147 17:48:19    -2397.692177        0.178328
MDMin:  148 17:48:21    -2397.692291        0.177687
MDMin:  149 17:48:23    -2397.692448        0.176840
MDMin:  150 17:48:25    -2397.692007        0.303249
MDMin:  151 17:48:27    -2397.692466        0.175142
MDMin:  152 17:48:28    -2397.692582        0.174513
MDMin:  153 17:48:30    -2397.692601        0.301862
MDMin:  154 17:48:33    -2397.692580        0.173137
MDMin:  155 17:48:34    -2397.692683        0.172580
MDMin:  156 17:48:36    -2397.692827        0.171827
MDMin:  157 17:48:38    -2397.692515        0.301347
MDMin:  158 17:48:39    -2397.692842        0.170297
MDMin:  159 17:48:40    -2397.692953        0.169724
MDMin:  160 17:48:42    -2397.693048        0.300048
MDMin:  161 17:48:44    -2397.692951        0.168458
MDMin:  162 17:48:46    -2397.693050        0.168078
MDMin:  163 17:48:47    -2397.693191        0.168977
MDMin:  164 17:48:50    -2397.692938        0.299653
MDMin:  165 17:48:51    -2397.693208        0.170972
MDMin:  166 17:48:53    -2397.693316        0.171747
MDMin:  167 17:48:54    -2397.693447        0.298380
MDMin:  168 17:48:56    -2397.693316        0.173593
MDMin:  169 17:48:59    -2397.693414        0.174368
MDMin:  170 17:49:00    -2397.693553        0.175479
MDMin:  171 17:49:01    -2397.693329        0.298057
MDMin:  172 17:49:03    -2397.693572        0.177922
MDMin:  173 17:49:05    -2397.693680        0.178869
MDMin:  174 17:49:07    -2397.693825        0.296792
MDMin:  175 17:49:09    -2397.693681        0.181109
MDMin:  176 17:49:11    -2397.693778        0.182049
MDMin:  177 17:49:13    -2397.693917        0.183390
MDMin:  178 17:49:14    -2397.693708        0.296514
MDMin:  179 17:49:15    -2397.693938        0.186318
MDMin:  180 17:49:16    -2397.694045        0.187452
MDMin:  181 17:49:18    -2397.694194        0.189035
MDMin:  182 17:49:19    -2397.693692        0.295970
MDMin:  183 17:49:21    -2397.694224        0.192425
MDMin:  184 17:49:23    -2397.694336        0.193717
MDMin:  185 17:49:26    -2397.694224        0.294636
MDMin:  186 17:49:28    -2397.694344        0.196725
MDMin:  187 17:49:30    -2397.694444        0.197982
MDMin:  188 17:49:32    -2397.694585        0.199756
MDMin:  189 17:49:34    -2397.694146        0.294789
MDMin:  190 17:49:36    -2397.694611        0.203587
MDMin:  191 17:49:38    -2397.694721        0.205075
MDMin:  192 17:49:39    -2397.694655        0.293592
MDMin:  193 17:49:41    -2397.694728        0.208541
MDMin:  194 17:49:42    -2397.694828        0.210001
MDMin:  195 17:49:44    -2397.694969        0.212053
MDMin:  196 17:49:46    -2397.694582        0.297724
MDMin:  197 17:49:47    -2397.694995        0.216480
MDMin:  198 17:49:48    -2397.695105        0.218211
MDMin:  199 17:49:50    -2397.695095        0.296692
MDMin:  200 17:49:51    -2397.695112        0.222227
MDMin:  201 17:49:53    -2397.695213        0.223923
MDMin:  202 17:49:54    -2397.695355        0.226287
MDMin:  203 17:49:56    -2397.695035        0.301155
MDMin:  204 17:49:58    -2397.695381        0.231364
MDMin:  205 17:50:00    -2397.695492        0.233359
MDMin:  206 17:50:01    -2397.695560        0.300247
MDMin:  207 17:50:02    -2397.695500        0.237953
MDMin:  208 17:50:04    -2397.695602        0.239898
MDMin:  209 17:50:06    -2397.695746        0.242580
MDMin:  210 17:50:08    -2397.695518        0.305028
MDMin:  211 17:50:10    -2397.695771        0.248309
MDMin:  212 17:50:12    -2397.695885        0.250570
MDMin:  213 17:50:14    -2397.696041        0.253610
MDMin:  214 17:50:16    -2397.695587        0.309433
MDMin:  215 17:50:18    -2397.696075        0.259970
MDMin:  216 17:50:20    -2397.696195        0.262447
MDMin:  217 17:50:22    -2397.696186        0.308328
MDMin:  218 17:50:24    -2397.696206        0.268017
MDMin:  219 17:50:26    -2397.696316        0.270364
MDMin:  220 17:50:28    -2397.696466        0.273519
MDMin:  221 17:50:30    -2397.696211        0.313363
MDMin:  222 17:50:32    -2397.696494        0.280144
MDMin:  223 17:50:34    -2397.696615        0.282768
MDMin:  224 17:50:35    -2397.696779        0.286200
MDMin:  225 17:50:37    -2397.696347        0.318050
MDMin:  226 17:50:39    -2397.696814        0.293236
MDMin:  227 17:50:41    -2397.696942        0.295974
MDMin:  228 17:50:43    -2397.697008        0.316834
MDMin:  229 17:50:44    -2397.696953        0.301952
MDMin:  230 17:50:46    -2397.697071        0.304442
MDMin:  231 17:50:48    -2397.697230        0.307672
MDMin:  232 17:50:50    -2397.697099        0.322188
MDMin:  233 17:50:52    -2397.697256        0.314242
MDMin:  234 17:50:55    -2397.697386        0.316803
MDMin:  235 17:50:56    -2397.697560        0.320014
MDMin:  236 17:50:58    -2397.697304        0.327145
MDMin:  237 17:50:59    -2397.697594        0.326300
MDMin:  238 17:51:01    -2397.697733        0.328663
MDMin:  239 17:51:02    -2397.697915        0.331536
MDMin:  240 17:51:03    -2397.697583        0.334818
MDMin:  241 17:51:05    -2397.697954        0.336928
MDMin:  242 17:51:07    -2397.698100        0.338861
MDMin:  243 17:51:09    -2397.698290        0.341116
MDMin:  244 17:51:11    -2397.697919        0.343561
MDMin:  245 17:51:12    -2397.698332        0.345059
MDMin:  246 17:51:14    -2397.698484        0.346336
MDMin:  247 17:51:15    -2397.698682        0.347707
MDMin:  248 17:51:16    -2397.698305        0.349017
MDMin:  249 17:51:18    -2397.698727        0.349694
MDMin:  250 17:51:20    -2397.698885        0.350113
MDMin:  251 17:51:22    -2397.699089        0.350379
MDMin:  252 17:51:24    -2397.698737        0.350327
MDMin:  253 17:51:26    -2397.699137        0.350031
MDMin:  254 17:51:28    -2397.699301        0.349457
MDMin:  255 17:51:30    -2397.699512        0.348491
MDMin:  256 17:51:32    -2397.699210        0.347538
MDMin:  257 17:51:34    -2397.699563        0.345655
MDMin:  258 17:51:35    -2397.699733        0.344059
MDMin:  259 17:51:37    -2397.699952        0.341870
MDMin:  260 17:51:39    -2397.699720        0.350355
MDMin:  261 17:51:41    -2397.700007        0.336678
MDMin:  262 17:51:43    -2397.700184        0.334150
MDMin:  263 17:51:44    -2397.700410        0.330886
MDMin:  264 17:51:46    -2397.700260        0.352524
MDMin:  265 17:51:47    -2397.700471        0.323729
MDMin:  266 17:51:48    -2397.700655        0.320464
MDMin:  267 17:51:51    -2397.700889        0.316393
MDMin:  268 17:51:53    -2397.700826        0.353954
MDMin:  269 17:51:55    -2397.700957        0.307874
MDMin:  270 17:51:56    -2397.701149        0.304134
MDMin:  271 17:51:58    -2397.701392        0.299583
MDMin:  272 17:52:00    -2397.701412        0.354576
MDMin:  273 17:52:02    -2397.701470        0.290357
MDMin:  274 17:52:04    -2397.701671        0.286408
MDMin:  275 17:52:06    -2397.701925        0.281689
MDMin:  276 17:52:08    -2397.702015        0.354350
MDMin:  277 17:52:09    -2397.702014        0.272345
MDMin:  278 17:52:11    -2397.702225        0.268411
MDMin:  279 17:52:12    -2397.702493        0.263778
MDMin:  280 17:52:13    -2397.702629        0.353263
MDMin:  281 17:52:15    -2397.702595        0.258763
MDMin:  282 17:52:16    -2397.702820        0.258729
MDMin:  283 17:52:17    -2397.703103        0.258490
MDMin:  284 17:52:19    -2397.703253        0.351325
MDMin:  285 17:52:21    -2397.703223        0.257354
MDMin:  286 17:52:23    -2397.703463        0.256614
MDMin:  287 17:52:25    -2397.703764        0.255543
MDMin:  288 17:52:27    -2397.703884        0.348566
MDMin:  289 17:52:29    -2397.703905        0.252776
MDMin:  290 17:52:31    -2397.704164        0.251376
MDMin:  291 17:52:33    -2397.704487        0.249548
MDMin:  292 17:52:35    -2397.704521        0.345024
MDMin:  293 17:52:36    -2397.704654        0.245348
MDMin:  294 17:52:38    -2397.704934        0.243387
MDMin:  295 17:52:40    -2397.705284        0.240933
MDMin:  296 17:52:42    -2397.705163        0.340743
MDMin:  297 17:52:44    -2397.705480        0.235589
MDMin:  298 17:52:46    -2397.705788        0.233193
MDMin:  299 17:52:48    -2397.706081        0.330487
MDMin:  300 17:52:50    -2397.705957        0.227931
MDMin:  301 17:52:52    -2397.706252        0.225536
MDMin:  302 17:52:55    -2397.706621        0.222615
MDMin:  303 17:52:56    -2397.706551        0.327384
MDMin:  304 17:52:59    -2397.706850        0.226721
MDMin:  305 17:53:00    -2397.707193        0.229910
MDMin:  306 17:53:02    -2397.707338        0.317551
MDMin:  307 17:53:03    -2397.707410        0.236822
MDMin:  308 17:53:04    -2397.707753        0.239952
MDMin:  309 17:53:05    -2397.707984        0.309115
MDMin:  310 17:53:07    -2397.707976        0.246768
MDMin:  311 17:53:09    -2397.708332        0.249867
MDMin:  312 17:53:11    -2397.708548        0.301328
MDMin:  313 17:53:13    -2397.708574        0.256574
MDMin:  314 17:53:14    -2397.708952        0.259601
MDMin:  315 17:53:16    -2397.709056        0.293801
MDMin:  316 17:53:17    -2397.709219        0.266045
MDMin:  317 17:53:18    -2397.709628        0.268900
MDMin:  318 17:53:19    -2397.709524        0.286302
MDMin:  319 17:53:21    -2397.709929        0.274801
MDMin:  320 17:53:22    -2397.710126        0.277324
MDMin:  321 17:53:24    -2397.710190        0.279437
MDMin:  322 17:53:25    -2397.710570        0.281467
MDMin:  323 17:53:27    -2397.710436        0.283186
MDMin:  324 17:53:29    -2397.710855        0.284816
MDMin:  325 17:53:31    -2397.710779        0.286541
MDMin:  326 17:53:33    -2397.711181        0.287844
MDMin:  327 17:53:35    -2397.711160        0.288917
MDMin:  328 17:53:37    -2397.711492        0.289662
MDMin:  329 17:53:39    -2397.711451        0.290168
MDMin:  330 17:53:41    -2397.711777        0.290385
MDMin:  331 17:53:43    -2397.711589        0.290300
MDMin:  332 17:53:45    -2397.711969        0.289809
MDMin:  333 17:53:46    -2397.711981        0.288959
MDMin:  334 17:53:47    -2397.712119        0.287701
MDMin:  335 17:53:49    -2397.712299        0.286118
MDMin:  336 17:53:50    -2397.712147        0.283788
MDMin:  337 17:53:51    -2397.712394        0.280952
MDMin:  338 17:53:52    -2397.712503        0.277773
MDMin:  339 17:53:54    -2397.712391        0.273546
MDMin:  340 17:53:55    -2397.712573        0.268791
MDMin:  341 17:53:56    -2397.712636        0.263732
MDMin:  342 17:53:58    -2397.712668        0.257407
MDMin:  343 17:54:00    -2397.712428        0.249667
MDMin:  344 17:54:02    -2397.712756        0.241543
MDMin:  345 17:54:04    -2397.712786        0.233351
MDMin:  346 17:54:06    -2397.712807        0.223795
MDMin:  347 17:54:07    -2397.712602        0.212874
MDMin:  348 17:54:08    -2397.712914        0.202120
MDMin:  349 17:54:10    -2397.712947        0.198755
MDMin:  350 17:54:12    -2397.712980        0.202086
MDMin:  351 17:54:14    -2397.712871        0.204915
MDMin:  352 17:54:16    -2397.713079        0.206762
MDMin:  353 17:54:18    -2397.713122        0.207791
MDMin:  354 17:54:20    -2397.713167        0.208281
MDMin:  355 17:54:22    -2397.713171        0.208110
MDMin:  356 17:54:24    -2397.713252        0.207274
MDMin:  357 17:54:26    -2397.713303        0.205984
MDMin:  358 17:54:28    -2397.713358        0.204154
MDMin:  359 17:54:30    -2397.713424        0.201740
MDMin:  360 17:54:32    -2397.713114        0.198719
MDMin:  361 17:54:34    -2397.713510        0.195555
MDMin:  362 17:54:36    -2397.713573        0.199337
MDMin:  363 17:54:38    -2397.713641        0.203990
MDMin:  364 17:54:40    -2397.713668        0.208965
MDMin:  365 17:54:42    -2397.713711        0.211313
MDMin:  366 17:54:44    -2397.713776        0.216804
MDMin:  367 17:54:46    -2397.713848        0.222754
MDMin:  368 17:54:48    -2397.713929        0.229067
MDMin:  369 17:54:49    -2397.714018        0.235728
MDMin:  370 17:54:50    -2397.714115        0.242681
MDMin:  371 17:54:51    -2397.714218        0.249760
MDMin:  372 17:54:53    -2397.714326        0.256678
MDMin:  373 17:54:55    -2397.714438        0.262968
MDMin:  374 17:54:57    -2397.714552        0.269370
MDMin:  375 17:54:59    -2397.714669        0.286040
MDMin:  376 17:55:01    -2397.714787        0.304824
MDMin:  377 17:55:03    -2397.714905        0.325710
MDMin:  378 17:55:05    -2397.715022        0.348498
MDMin:  379 17:55:07    -2397.715139        0.372516
MDMin:  380 17:55:09    -2397.715249        0.395728
MDMin:  381 17:55:11    -2397.715332        0.412346
MDMin:  382 17:55:13    -2397.715364        0.418248
MDMin:  383 17:55:15    -2397.715397        0.423934
MDMin:  384 17:55:16    -2397.715434        0.429738
MDMin:  385 17:55:17    -2397.715476        0.435210
MDMin:  386 17:55:19    -2397.715521        0.439695
MDMin:  387 17:55:20    -2397.715571        0.442296
MDMin:  388 17:55:22    -2397.715624        0.448835
MDMin:  389 17:55:24    -2397.715680        0.455313
MDMin:  390 17:55:26    -2397.715740        0.458885
MDMin:  391 17:55:28    -2397.715803        0.457873
MDMin:  392 17:55:29    -2397.715870        0.450130
MDMin:  393 17:55:31    -2397.715942        0.433174
MDMin:  394 17:55:33    -2397.716018        0.404694
MDMin:  395 17:55:35    -2397.716099        0.363562
MDMin:  396 17:55:37    -2397.716187        0.311326
MDMin:  397 17:55:39    -2397.716278        0.320351
MDMin:  398 17:55:41    -2397.716353        0.417850
MDMin:  399 17:55:43    -2397.716372        0.332314
MDMin:  400 17:55:45    -2397.716398        0.334659
MDMin:  401 17:55:47    -2397.716428        0.336846
MDMin:  402 17:55:49    -2397.716462        0.338602
MDMin:  403 17:55:51    -2397.716500        0.339585
MDMin:  404 17:55:53    -2397.716542        0.339385
MDMin:  405 17:55:55    -2397.716588        0.337560
MDMin:  406 17:55:57    -2397.716638        0.333678
MDMin:  407 17:55:58    -2397.716692        0.327370
MDMin:  408 17:56:00    -2397.716749        0.318396
MDMin:  409 17:56:02    -2397.716149        0.999066
MDMin:  410 17:56:04    -2397.716152        0.995757
MDMin:  411 17:56:06    -2397.716165        0.985826
MDMin:  412 17:56:08    -2397.716195        0.969253
MDMin:  413 17:56:10    -2397.716259        0.946032
MDMin:  414 17:56:12    -2397.716380        0.916254
MDMin:  415 17:56:14    -2397.716588        0.880200
MDMin:  416 17:56:16    -2397.716913        0.838436
MDMin:  417 17:56:18    -2397.717292        0.265007
MDMin:  418 17:56:20    -2397.717293        0.265654
MDMin:  419 17:56:22    -2397.717297        0.267583
MDMin:  420 17:56:24    -2397.717305        0.270687
MDMin:  421 17:56:26    -2397.717298        0.803643
MDMin:  422 17:56:28    -2397.717327        0.273447
MDMin:  423 17:56:30    -2397.717330        0.274277
MDMin:  424 17:56:32    -2397.717315        0.803834
MDMin:  425 17:56:34    -2397.717349        0.274672
MDMin:  426 17:56:37    -2397.717352        0.275431
MDMin:  427 17:56:39    -2397.717340        0.803462
MDMin:  428 17:56:41    -2397.717371        0.275702
MDMin:  429 17:56:43    -2397.717374        0.276428
MDMin:  430 17:56:45    -2397.717365        0.803148
MDMin:  431 17:56:47    -2397.717393        0.276623
MDMin:  432 17:56:49    -2397.717396        0.277320
MDMin:  433 17:56:51    -2397.717391        0.802891
MDMin:  434 17:56:53    -2397.717416        0.277452
MDMin:  435 17:56:54    -2397.717419        0.278124
MDMin:  436 17:56:56    -2397.717417        0.802683
MDMin:  437 17:56:58    -2397.717439        0.278203
MDMin:  438 17:57:00    -2397.717442        0.278853
MDMin:  439 17:57:02    -2397.717444        0.802517
MDMin:  440 17:57:04    -2397.717462        0.278888
MDMin:  441 17:57:06    -2397.717465        0.279518
MDMin:  442 17:57:07    -2397.717472        0.280963
MDMin:  443 17:57:09    -2397.717437        0.807237
MDMin:  444 17:57:11    -2397.717490        0.803203
MDMin:  445 17:57:13    -2397.717524        0.278762
MDMin:  446 17:57:14    -2397.717526        0.279208
MDMin:  447 17:57:16    -2397.717533        0.280513
MDMin:  448 17:57:18    -2397.717543        0.282545
MDMin:  449 17:57:20    -2397.717518        0.808409
MDMin:  450 17:57:22    -2397.717567        0.804738
MDMin:  451 17:57:24    -2397.717598        0.281048
MDMin:  452 17:57:26    -2397.717600        0.281459
MDMin:  453 17:57:28    -2397.717607        0.282659
MDMin:  454 17:57:30    -2397.717618        0.284523
MDMin:  455 17:57:32    -2397.717596        0.810598
MDMin:  456 17:57:34    -2397.717645        0.806972
MDMin:  457 17:57:36    -2397.717675        0.282920
MDMin:  458 17:57:38    -2397.717677        0.283303
MDMin:  459 17:57:40    -2397.717684        0.284420
MDMin:  460 17:57:42    -2397.717696        0.286149
MDMin:  461 17:57:44    -2397.717683        0.813084
MDMin:  462 17:57:46    -2397.717724        0.287206
MDMin:  463 17:57:49    -2397.717724        0.810887
MDMin:  464 17:57:51    -2397.717744        0.286182
MDMin:  465 17:57:53    -2397.717747        0.286601
MDMin:  466 17:57:55    -2397.717755        0.287619
MDMin:  467 17:57:57    -2397.717741        0.815463
MDMin:  468 17:57:59    -2397.717782        0.287959
MDMin:  469 17:58:01    -2397.717785        0.288360
MDMin:  470 17:58:03    -2397.717773        0.816110
MDMin:  471 17:58:04    -2397.717809        0.288019
MDMin:  472 17:58:06    -2397.717812        0.288403
MDMin:  473 17:58:07    -2397.717812        0.816205
MDMin:  474 17:58:09    -2397.717836        0.288059
MDMin:  475 17:58:11    -2397.717839        0.288445
MDMin:  476 17:58:13    -2397.717848        0.289359
MDMin:  477 17:58:15    -2397.717830        0.821417
MDMin:  478 17:58:16    -2397.717875        0.289608
MDMin:  479 17:58:18    -2397.717879        0.289959
MDMin:  480 17:58:20    -2397.717865        0.822095
MDMin:  481 17:58:21    -2397.717903        0.289584
MDMin:  482 17:58:23    -2397.717907        0.289921
MDMin:  483 17:58:24    -2397.717909        0.822173
MDMin:  484 17:58:26    -2397.717931        0.289546
MDMin:  485 17:58:28    -2397.717935        0.289886
MDMin:  486 17:58:29    -2397.717943        0.290693
MDMin:  487 17:58:31    -2397.717937        0.827403
MDMin:  488 17:58:33    -2397.717971        0.290854
MDMin:  489 17:58:35    -2397.717975        0.291163
MDMin:  490 17:58:37    -2397.717977        0.828073
MDMin:  491 17:58:39    -2397.718000        0.290769
MDMin:  492 17:58:41    -2397.718004        0.291066
MDMin:  493 17:58:43    -2397.718013        0.291769
MDMin:  494 17:58:45    -2397.718011        0.833340
MDMin:  495 17:58:46    -2397.718041        0.291840
MDMin:  496 17:58:48    -2397.718045        0.292108
MDMin:  497 17:58:49    -2397.718055        0.292718
MDMin:  498 17:58:50    -2397.718042        0.839317
MDMin:  499 17:58:52    -2397.718084        0.292705
MDMin:  500 17:58:53    -2397.718088        0.292931
MDMin:  501 17:58:55    -2397.718088        0.839968
MDMin:  502 17:58:57    -2397.718113        0.292491
MDMin:  503 17:58:59    -2397.718117        0.292712
MDMin:  504 17:59:01    -2397.718126        0.293229
MDMin:  505 17:59:02    -2397.718134        0.845213
MDMin:  506 17:59:04    -2397.718155        0.293155
MDMin:  507 17:59:06    -2397.718159        0.293349
MDMin:  508 17:59:08    -2397.718169        0.293785
MDMin:  509 17:59:10    -2397.718178        0.851156
MDMin:  510 17:59:11    -2397.718199        0.293648
MDMin:  511 17:59:13    -2397.718203        0.293806
MDMin:  512 17:59:14    -2397.718213        0.294155
MDMin:  513 17:59:15    -2397.718227        0.857103
MDMin:  514 17:59:17    -2397.718243        0.293956
MDMin:  515 17:59:18    -2397.718247        0.294080
MDMin:  516 17:59:19    -2397.718257        0.294349
MDMin:  517 17:59:20    -2397.718272        0.294674
MDMin:  518 17:59:22    -2397.718281        0.870414
MDMin:  519 17:59:24    -2397.718307        0.294494
MDMin:  520 17:59:26    -2397.718311        0.294540
MDMin:  521 17:59:28    -2397.718321        0.294616
MDMin:  522 17:59:30    -2397.718337        0.294646
MDMin:  523 17:59:32    -2397.718343        0.884464
MDMin:  524 17:59:34    -2397.718373        0.294239
MDMin:  525 17:59:35    -2397.718377        0.294209
MDMin:  526 17:59:37    -2397.718387        0.294112
MDMin:  527 17:59:39    -2397.718403        0.293877
MDMin:  528 17:59:40    -2397.718422        0.898337
MDMin:  529 17:59:42    -2397.718439        0.293297
MDMin:  530 17:59:44    -2397.718443        0.293198
MDMin:  531 17:59:46    -2397.718454        0.292945
MDMin:  532 17:59:48    -2397.718470        0.292474
MDMin:  533 17:59:49    -2397.718492        0.291693
MDMin:  534 17:59:51    -2397.718520        0.290486
MDMin:  535 17:59:53    -2397.718554        0.288727
MDMin:  536 17:59:55    -2397.718594        0.286286
MDMin:  537 17:59:56    -2397.718639        0.283038
MDMin:  538 17:59:58    -2397.718689        0.278879
MDMin:  539 18:00:00    -2397.718745        0.273728
MDMin:  540 18:00:02    -2397.718804        0.267553
MDMin:  541 18:00:04    -2397.718868        0.260373
MDMin:  542 18:00:06    -2397.718936        0.265408
MDMin:  543 18:00:08    -2397.719006        0.279730
MDMin:  544 18:00:10    -2397.719078        0.294616
MDMin:  545 18:00:12    -2397.719104        0.309472
MDMin:  546 18:00:14    -2397.719012        0.323231
MDMin:  547 18:00:16    -2397.719098        0.335160
MDMin:  548 18:00:18    -2397.719182        0.343867
MDMin:  549 18:00:20    -2397.719244        0.347982
MDMin:  550 18:00:22    -2397.719088        0.346440
MDMin:  551 18:00:24    -2397.719182        0.339021
MDMin:  552 18:00:25    -2397.719267        0.325721
MDMin:  553 18:00:27    -2397.719344        0.307557
MDMin:  554 18:00:29    -2397.719374        0.286136
MDMin:  555 18:00:31    -2397.719142        0.263504
MDMin:  556 18:00:33    -2397.719229        0.240752
MDMin:  557 18:00:34    -2397.719296        0.218392
MDMin:  558 18:00:35    -2397.719341        0.196687
MDMin:  559 18:00:36    -2397.719368        0.175740
MDMin:  560 18:00:38    -2397.719372        0.271063
MDMin:  561 18:00:39    -2397.719075        0.644385
MDMin:  562 18:00:41    -2397.719075        0.600228
MDMin:  563 18:00:42    -2397.719076        0.474181
MDMin:  564 18:00:43    -2397.719078        0.296030
MDMin:  565 18:00:45    -2397.719081        0.157575
MDMin:  566 18:00:47    -2397.719084        0.156481
MDMin:  567 18:00:49    -2397.719087        0.155204
MDMin:  568 18:00:51    -2397.719090        0.153742
MDMin:  569 18:00:53    -2397.719092        0.152089
MDMin:  570 18:00:55    -2397.719093        0.150237
MDMin:  571 18:00:57    -2397.719093        0.148172
