       Step     Time          Energy          fmax
MDMin:    0 22:32:15    -2397.728983        0.147399
MDMin:    1 22:32:17    -2397.728979        0.147363
MDMin:    2 22:32:19    -2397.728966        0.147255
MDMin:    3 22:32:21    -2397.728943        0.147075
MDMin:    4 22:32:23    -2397.728913        0.146822
MDMin:    5 22:32:25    -2397.728874        0.146497
MDMin:    6 22:32:27    -2397.728827        0.146100
MDMin:    7 22:32:28    -2397.728773        0.145631
MDMin:    8 22:32:30    -2397.728712        0.145089
MDMin:    9 22:32:31    -2397.728645        0.144475
MDMin:   10 22:32:33    -2397.728573        0.143788
MDMin:   11 22:32:34    -2397.728495        0.143029
MDMin:   12 22:32:36    -2397.728414        0.142197
MDMin:   13 22:32:38    -2397.728330        0.141293
MDMin:   14 22:32:40    -2397.728243        0.140316
MDMin:   15 22:32:41    -2397.728156        0.139266
MDMin:   16 22:32:44    -2397.728067        0.138144
MDMin:   17 22:32:46    -2397.727980        0.136950
MDMin:   18 22:32:48    -2397.727893        0.135684
MDMin:   19 22:32:50    -2397.727809        0.134347
MDMin:   20 22:32:52    -2397.727728        0.132939
MDMin:   21 22:32:54    -2397.727652        0.131461
MDMin:   22 22:32:55    -2397.727579        0.129915
MDMin:   23 22:32:57    -2397.727513        0.128301
MDMin:   24 22:32:59    -2397.727452        0.126621
MDMin:   25 22:33:00    -2397.727398        0.124878
MDMin:   26 22:33:02    -2397.727351        0.123072
MDMin:   27 22:33:04    -2397.727312        0.121206
MDMin:   28 22:33:06    -2397.727281        0.121588
MDMin:   29 22:33:08    -2397.727258        0.122517
MDMin:   30 22:33:10    -2397.727243        0.123510
MDMin:   31 22:33:12    -2397.727237        0.124572
MDMin:   32 22:33:13    -2397.727239        0.125706
MDMin:   33 22:33:15    -2397.727250        0.126915
MDMin:   34 22:33:17    -2397.727269        0.128204
MDMin:   35 22:33:18    -2397.727296        0.129576
MDMin:   36 22:33:20    -2397.727331        0.131036
MDMin:   37 22:33:21    -2397.727375        0.132587
MDMin:   38 22:33:23    -2397.727425        0.134233
MDMin:   39 22:33:25    -2397.727484        0.135977
MDMin:   40 22:33:26    -2397.727549        0.137823
MDMin:   41 22:33:28    -2397.727621        0.139773
MDMin:   42 22:33:30    -2397.727699        0.141830
MDMin:   43 22:33:32    -2397.727784        0.143995
MDMin:   44 22:33:33    -2397.727874        0.146269
MDMin:   45 22:33:35    -2397.727970        0.148651
MDMin:   46 22:33:38    -2397.728071        0.151139
MDMin:   47 22:33:40    -2397.728177        0.153729
MDMin:   48 22:33:41    -2397.728288        0.156418
MDMin:   49 22:33:43    -2397.728403        0.159196
MDMin:   50 22:33:44    -2397.728522        0.162053
MDMin:   51 22:33:46    -2397.728645        0.164978
MDMin:   52 22:33:49    -2397.728772        0.167953
MDMin:   53 22:33:51    -2397.728902        0.170960
MDMin:   54 22:33:53    -2397.729036        0.173975
MDMin:   55 22:33:55    -2397.729173        0.176970
MDMin:   56 22:33:57    -2397.729313        0.179916
MDMin:   57 22:33:58    -2397.729457        0.182778
MDMin:   58 22:33:59    -2397.729603        0.185516
MDMin:   59 22:34:00    -2397.729752        0.188088
MDMin:   60 22:34:02    -2397.729904        0.190451
MDMin:   61 22:34:03    -2397.730059        0.192557
MDMin:   62 22:34:04    -2397.730217        0.194358
MDMin:   63 22:34:06    -2397.730377        0.195807
MDMin:   64 22:34:07    -2397.730541        0.196859
MDMin:   65 22:34:08    -2397.730707        0.197469
MDMin:   66 22:34:10    -2397.730877        0.197600
MDMin:   67 22:34:11    -2397.731050        0.197221
MDMin:   68 22:34:12    -2397.731226        0.196307
MDMin:   69 22:34:14    -2397.731406        0.194842
MDMin:   70 22:34:15    -2397.731589        0.192822
MDMin:   71 22:34:16    -2397.731776        0.190253
MDMin:   72 22:34:17    -2397.731968        0.187149
MDMin:   73 22:34:19    -2397.732163        0.183537
MDMin:   74 22:34:20    -2397.732362        0.179454
MDMin:   75 22:34:21    -2397.732566        0.174942
MDMin:   76 22:34:22    -2397.732775        0.170054
MDMin:   77 22:34:23    -2397.732988        0.164844
MDMin:   78 22:34:25    -2397.733206        0.159372
MDMin:   79 22:34:26    -2397.733430        0.153698
MDMin:   80 22:34:28    -2397.733658        0.147881
MDMin:   81 22:34:30    -2397.733892        0.141980
MDMin:   82 22:34:32    -2397.734132        0.141465
MDMin:   83 22:34:34    -2397.734377        0.141379
MDMin:   84 22:34:36    -2397.734628        0.141120
MDMin:   85 22:34:37    -2397.734886        0.140677
MDMin:   86 22:34:39    -2397.735149        0.140039
MDMin:   87 22:34:41    -2397.735419        0.139199
MDMin:   88 22:34:43    -2397.735696        0.138148
MDMin:   89 22:34:45    -2397.735979        0.136881
MDMin:   90 22:34:47    -2397.736270        0.135396
MDMin:   91 22:34:49    -2397.736567        0.133691
MDMin:   92 22:34:51    -2397.736873        0.131767
MDMin:   93 22:34:52    -2397.737185        0.129629
MDMin:   94 22:34:54    -2397.737506        0.127282
MDMin:   95 22:34:56    -2397.737835        0.124736
MDMin:   96 22:34:58    -2397.738173        0.122002
MDMin:   97 22:35:00    -2397.738519        0.119094
MDMin:   98 22:35:02    -2397.738874        0.116028
MDMin:   99 22:35:04    -2397.739239        0.112821
MDMin:  100 22:35:06    -2397.739613        0.109492
MDMin:  101 22:35:07    -2397.739996        0.107152
MDMin:  102 22:35:09    -2397.740390        0.107918
MDMin:  103 22:35:11    -2397.740794        0.108843
MDMin:  104 22:35:13    -2397.741208        0.109958
MDMin:  105 22:35:14    -2397.741633        0.111276
MDMin:  106 22:35:16    -2397.742069        0.112843
MDMin:  107 22:35:17    -2397.742516        0.114635
MDMin:  108 22:35:19    -2397.742973        0.116768
MDMin:  109 22:35:21    -2397.743435        0.129886
MDMin:  110 22:35:22    -2397.743878        0.159154
MDMin:  111 22:35:23    -2397.744231        0.200372
MDMin:  112 22:35:24    -2397.744445        0.125081
MDMin:  113 22:35:25    -2397.744632        0.126226
MDMin:  114 22:35:26    -2397.744822        0.127540
MDMin:  115 22:35:28    -2397.745017        0.128916
MDMin:  116 22:35:30    -2397.745217        0.130383
MDMin:  117 22:35:32    -2397.745423        0.131938
MDMin:  118 22:35:34    -2397.745634        0.133587
MDMin:  119 22:35:36    -2397.745851        0.135332
MDMin:  120 22:35:38    -2397.746074        0.137179
MDMin:  121 22:35:40    -2397.746302        0.139130
MDMin:  122 22:35:42    -2397.746537        0.141189
MDMin:  123 22:35:44    -2397.746777        0.143360
MDMin:  124 22:35:45    -2397.747023        0.145645
MDMin:  125 22:35:47    -2397.747275        0.148047
MDMin:  126 22:35:49    -2397.747533        0.150568
MDMin:  127 22:35:51    -2397.747797        0.153211
MDMin:  128 22:35:53    -2397.748068        0.155976
MDMin:  129 22:35:55    -2397.748345        0.158862
MDMin:  130 22:35:57    -2397.748628        0.161871
MDMin:  131 22:35:59    -2397.748917        0.164999
MDMin:  132 22:36:01    -2397.749213        0.168243
MDMin:  133 22:36:02    -2397.749515        0.171599
MDMin:  134 22:36:04    -2397.749824        0.175058
MDMin:  135 22:36:06    -2397.750140        0.178611
MDMin:  136 22:36:07    -2397.750462        0.182246
MDMin:  137 22:36:08    -2397.750791        0.185951
MDMin:  138 22:36:10    -2397.751126        0.189710
MDMin:  139 22:36:11    -2397.751469        0.193506
MDMin:  140 22:36:12    -2397.751818        0.197317
MDMin:  141 22:36:14    -2397.752175        0.201119
MDMin:  142 22:36:16    -2397.752538        0.204887
MDMin:  143 22:36:18    -2397.752909        0.208591
MDMin:  144 22:36:20    -2397.753286        0.212200
MDMin:  145 22:36:21    -2397.753671        0.215679
MDMin:  146 22:36:23    -2397.754064        0.218992
MDMin:  147 22:36:25    -2397.754464        0.222100
MDMin:  148 22:36:26    -2397.754871        0.224962
MDMin:  149 22:36:27    -2397.755286        0.227538
MDMin:  150 22:36:29    -2397.755708        0.229785
MDMin:  151 22:36:31    -2397.756138        0.231661
MDMin:  152 22:36:33    -2397.756576        0.233124
MDMin:  153 22:36:34    -2397.757021        0.234133
MDMin:  154 22:36:36    -2397.757473        0.234652
MDMin:  155 22:36:37    -2397.757932        0.234643
MDMin:  156 22:36:39    -2397.758398        0.234078
MDMin:  157 22:36:40    -2397.758870        0.232930
MDMin:  158 22:36:41    -2397.759347        0.231186
MDMin:  159 22:36:42    -2397.759829        0.228838
MDMin:  160 22:36:44    -2397.760314        0.225884
MDMin:  161 22:36:45    -2397.760801        0.222330
MDMin:  162 22:36:47    -2397.761288        0.218190
MDMin:  163 22:36:49    -2397.761772        0.213491
MDMin:  164 22:36:51    -2397.762250        0.208275
MDMin:  165 22:36:53    -2397.762720        0.202606
MDMin:  166 22:36:55    -2397.763176        0.196538
MDMin:  167 22:36:57    -2397.763614        0.190135
MDMin:  168 22:36:59    -2397.764026        0.183462
MDMin:  169 22:37:00    -2397.764406        0.176592
MDMin:  170 22:37:02    -2397.764745        0.169595
MDMin:  171 22:37:03    -2397.765032        0.162542
MDMin:  172 22:37:05    -2397.765257        0.155502
MDMin:  173 22:37:07    -2397.765407        0.148540
MDMin:  174 22:37:09    -2397.765470        0.141714
MDMin:  175 22:37:11    -2397.765431        0.135076
MDMin:  176 22:37:13    -2397.765282        0.136229
MDMin:  177 22:37:14    -2397.765015        0.139905
MDMin:  178 22:37:15    -2397.764628        0.143738
MDMin:  179 22:37:17    -2397.764131        0.147712
MDMin:  180 22:37:18    -2397.763540        0.151801
MDMin:  181 22:37:20    -2397.762882        0.155974
MDMin:  182 22:37:22    -2397.762193        0.160195
MDMin:  183 22:37:24    -2397.761511        0.164424
MDMin:  184 22:37:26    -2397.760872        0.168609
MDMin:  185 22:37:28    -2397.760307        0.172692
MDMin:  186 22:37:30    -2397.759836        0.176606
MDMin:  187 22:37:32    -2397.759472        0.180272
MDMin:  188 22:37:34    -2397.759212        0.183604
MDMin:  189 22:37:36    -2397.759050        0.186508
MDMin:  190 22:37:38    -2397.758972        0.188889
MDMin:  191 22:37:40    -2397.758958        0.190658
MDMin:  192 22:37:42    -2397.758991        0.191750
MDMin:  193 22:37:44    -2397.759048        0.192169
MDMin:  194 22:37:46    -2397.759109        0.192072
MDMin:  195 22:37:48    -2397.759163        0.191709
MDMin:  196 22:37:50    -2397.759215        0.191190
MDMin:  197 22:37:53    -2397.759266        0.190516
MDMin:  198 22:37:54    -2397.759319        0.189684
MDMin:  199 22:37:56    -2397.759373        0.188694
MDMin:  200 22:37:58    -2397.759427        0.187554
MDMin:  201 22:38:00    -2397.759481        0.186269
MDMin:  202 22:38:02    -2397.759534        0.184849
MDMin:  203 22:38:04    -2397.759587        0.183307
MDMin:  204 22:38:06    -2397.759639        0.181655
MDMin:  205 22:38:07    -2397.759691        0.179908
MDMin:  206 22:38:08    -2397.759741        0.178083
MDMin:  207 22:38:10    -2397.759789        0.176196
MDMin:  208 22:38:12    -2397.759836        0.180121
MDMin:  209 22:38:14    -2397.759882        0.185378
MDMin:  210 22:38:16    -2397.759927        0.190811
MDMin:  211 22:38:17    -2397.759970        0.196406
MDMin:  212 22:38:19    -2397.760011        0.202150
MDMin:  213 22:38:20    -2397.760052        0.208022
MDMin:  214 22:38:21    -2397.760090        0.213998
MDMin:  215 22:38:23    -2397.760128        0.220047
MDMin:  216 22:38:24    -2397.760164        0.226131
MDMin:  217 22:38:26    -2397.760198        0.232207
MDMin:  218 22:38:28    -2397.760232        0.238221
MDMin:  219 22:38:29    -2397.760264        0.244113
MDMin:  220 22:38:31    -2397.760295        0.249812
MDMin:  221 22:38:32    -2397.760325        0.255241
MDMin:  222 22:38:33    -2397.760354        0.260310
MDMin:  223 22:38:34    -2397.760382        0.264923
MDMin:  224 22:38:35    -2397.760409        0.268975
MDMin:  225 22:38:37    -2397.760435        0.272353
MDMin:  226 22:38:39    -2397.760460        0.274940
MDMin:  227 22:38:41    -2397.760484        0.276613
MDMin:  228 22:38:43    -2397.760508        0.277248
MDMin:  229 22:38:45    -2397.760530        0.276724
MDMin:  230 22:38:47    -2397.760553        0.274922
MDMin:  231 22:38:49    -2397.760574        0.271730
MDMin:  232 22:38:51    -2397.760595        0.267048
MDMin:  233 22:38:53    -2397.760615        0.260782
MDMin:  234 22:38:54    -2397.760635        0.252858
MDMin:  235 22:38:55    -2397.760655        0.249102
MDMin:  236 22:38:57    -2397.760673        0.264197
MDMin:  237 22:38:59    -2397.760692        0.279249
MDMin:  238 22:39:01    -2397.760710        0.294133
MDMin:  239 22:39:03    -2397.760728        0.308717
MDMin:  240 22:39:05    -2397.760745        0.322859
MDMin:  241 22:39:07    -2397.760762        0.336404
MDMin:  242 22:39:08    -2397.760779        0.349188
MDMin:  243 22:39:09    -2397.760796        0.361034
MDMin:  244 22:39:11    -2397.760812        0.371749
MDMin:  245 22:39:12    -2397.760828        0.381125
MDMin:  246 22:39:13    -2397.760844        0.388942
MDMin:  247 22:39:15    -2397.760860        0.394967
MDMin:  248 22:39:17    -2397.760876        0.398964
MDMin:  249 22:39:18    -2397.760891        0.400694
MDMin:  250 22:39:20    -2397.760907        0.399934
MDMin:  251 22:39:22    -2397.760922        0.396493
MDMin:  252 22:39:23    -2397.760937        0.390228
MDMin:  253 22:39:25    -2397.760953        0.381074
MDMin:  254 22:39:27    -2397.760968        0.369071
MDMin:  255 22:39:29    -2397.760984        0.354389
MDMin:  256 22:39:30    -2397.760999        0.342185
MDMin:  257 22:39:32    -2397.761015        0.348548
MDMin:  258 22:39:34    -2397.761031        0.355075
MDMin:  259 22:39:36    -2397.761047        0.361816
MDMin:  260 22:39:37    -2397.761063        0.368847
MDMin:  261 22:39:39    -2397.761079        0.376269
MDMin:  262 22:39:41    -2397.761095        0.384215
MDMin:  263 22:39:43    -2397.761111        0.392853
MDMin:  264 22:39:45    -2397.761126        0.402394
MDMin:  265 22:39:47    -2397.761142        0.413089
MDMin:  266 22:39:49    -2397.761158        0.425235
MDMin:  267 22:39:50    -2397.761174        0.439174
MDMin:  268 22:39:52    -2397.761189        0.455284
MDMin:  269 22:39:54    -2397.761204        0.473985
MDMin:  270 22:39:56    -2397.761219        0.495697
MDMin:  271 22:39:57    -2397.761234        0.520813
MDMin:  272 22:39:59    -2397.761248        0.549640
MDMin:  273 22:40:01    -2397.761262        0.582301
MDMin:  274 22:40:02    -2397.761276        0.618587
MDMin:  275 22:40:03    -2397.761290        0.657839
MDMin:  276 22:40:05    -2397.761303        0.698552
MDMin:  277 22:40:06    -2397.761315        0.738123
MDMin:  278 22:40:08    -2397.761328        0.772730
MDMin:  279 22:40:09    -2397.761340        0.797461
MDMin:  280 22:40:10    -2397.761351        0.806877
MDMin:  281 22:40:12    -2397.761363        0.796019
MDMin:  282 22:40:14    -2397.761375        0.761698
MDMin:  283 22:40:16    -2397.761387        0.703660
MDMin:  284 22:40:18    -2397.761399        0.625160
MDMin:  285 22:40:20    -2397.761411        0.532591
MDMin:  286 22:40:22    -2397.761424        0.530374
MDMin:  287 22:40:24    -2397.761437        0.531363
MDMin:  288 22:40:26    -2397.761451        0.542544
MDMin:  289 22:40:27    -2397.761465        0.551527
MDMin:  290 22:40:28    -2397.761479        0.559033
MDMin:  291 22:40:29    -2397.761494        0.566094
MDMin:  292 22:40:30    -2397.761510        0.574024
MDMin:  293 22:40:32    -2397.761525        0.584436
MDMin:  294 22:40:33    -2397.761541        0.599302
MDMin:  295 22:40:34    -2397.761556        0.621006
MDMin:  296 22:40:35    -2397.761572        0.652268
MDMin:  297 22:40:36    -2397.761587        0.695837
MDMin:  298 22:40:38    -2397.761602        0.753836
MDMin:  299 22:40:40    -2397.761616        0.826396
MDMin:  300 22:40:42    -2397.761629        0.910085
MDMin:  301 22:40:43    -2397.761642        0.996750
MDMin:  302 22:40:45    -2397.761654        1.073763
MDMin:  303 22:40:48    -2397.761665        1.126362
MDMin:  304 22:40:49    -2397.761676        1.141709
MDMin:  305 22:40:50    -2397.761687        1.113092
MDMin:  306 22:40:52    -2397.761699        1.042365
MDMin:  307 22:40:53    -2397.761711        0.939481
MDMin:  308 22:40:54    -2397.761723        0.819273
MDMin:  309 22:40:56    -2397.761736        0.696823
MDMin:  310 22:40:58    -2397.761750        0.583497
MDMin:  311 22:41:01    -2397.761764        0.568007
MDMin:  312 22:41:03    -2397.761779        0.565381
MDMin:  313 22:41:05    -2397.761795        0.562061
MDMin:  314 22:41:07    -2397.761811        0.560359
MDMin:  315 22:41:09    -2397.761827        0.562917
MDMin:  316 22:41:11    -2397.761844        0.572810
MDMin:  317 22:41:12    -2397.761860        0.593632
MDMin:  318 22:41:14    -2397.761877        0.629396
MDMin:  319 22:41:16    -2397.761893        0.683862
MDMin:  320 22:41:18    -2397.761908        0.759061
MDMin:  321 22:41:20    -2397.761923        0.853094
MDMin:  322 22:41:22    -2397.761937        0.958045
MDMin:  323 22:41:23    -2397.761950        1.059573
MDMin:  324 22:41:25    -2397.761962        1.139568
MDMin:  325 22:41:27    -2397.761974        1.181467
MDMin:  326 22:41:28    -2397.761986        1.175854
MDMin:  327 22:41:30    -2397.761997        1.123544
MDMin:  328 22:41:31    -2397.762010        1.035038
MDMin:  329 22:41:33    -2397.762022        0.926729
MDMin:  330 22:41:35    -2397.762035        0.815241
MDMin:  331 22:41:36    -2397.762049        0.712524
MDMin:  332 22:41:37    -2397.762063        0.632039
MDMin:  333 22:41:39    -2397.762078        0.642124
MDMin:  334 22:41:41    -2397.762093        0.657573
MDMin:  335 22:41:42    -2397.762108        0.682828
MDMin:  336 22:41:44    -2397.762124        0.722303
MDMin:  337 22:41:46    -2397.762139        0.779572
MDMin:  338 22:41:47    -2397.762153        0.855846
MDMin:  339 22:41:50    -2397.762168        0.947879
MDMin:  340 22:41:51    -2397.762181        1.046178
MDMin:  341 22:41:53    -2397.762194        1.135359
MDMin:  342 22:41:55    -2397.762206        1.198046
MDMin:  343 22:41:57    -2397.762218        1.220724
MDMin:  344 22:41:58    -2397.762229        1.197950
MDMin:  345 22:42:00    -2397.762240        1.133991
MDMin:  346 22:42:02    -2397.762252        1.040723
MDMin:  347 22:42:04    -2397.762264        0.933297
MDMin:  348 22:42:06    -2397.762276        0.825422
MDMin:  349 22:42:07    -2397.762287        0.849720
MDMin:  350 22:42:10    -2397.762299        0.880666
MDMin:  351 22:42:11    -2397.762311        0.913191
MDMin:  352 22:42:13    -2397.762321        0.947049
MDMin:  353 22:42:15    -2397.762332        0.981295
MDMin:  354 22:42:17    -2397.762342        1.014457
MDMin:  355 22:42:19    -2397.762352        1.044503
MDMin:  356 22:42:21    -2397.762362        1.068783
MDMin:  357 22:42:23    -2397.762371        1.084216
MDMin:  358 22:42:25    -2397.762381        1.087794
MDMin:  359 22:42:27    -2397.762391        1.077208
MDMin:  360 22:42:29    -2397.762401        1.051392
MDMin:  361 22:42:31    -2397.762412        1.010749
MDMin:  362 22:42:33    -2397.762423        0.957071
MDMin:  363 22:42:35    -2397.762434        0.893213
MDMin:  364 22:42:36    -2397.762446        0.822714
MDMin:  365 22:42:38    -2397.762458        0.749376
MDMin:  366 22:42:40    -2397.762471        0.676870
MDMin:  367 22:42:42    -2397.762485        0.608383
MDMin:  368 22:42:43    -2397.762499        0.576264
MDMin:  369 22:42:45    -2397.762513        0.564384
MDMin:  370 22:42:46    -2397.762525        0.554199
MDMin:  371 22:42:48    -2397.762536        0.546453
MDMin:  372 22:42:50    -2397.762544        0.540654
MDMin:  373 22:42:52    -2397.762552        0.535621
MDMin:  374 22:42:54    -2397.762560        0.530889
MDMin:  375 22:42:56    -2397.762568        0.526394
MDMin:  376 22:42:58    -2397.762576        0.522160
MDMin:  377 22:43:00    -2397.762584        0.518222
MDMin:  378 22:43:01    -2397.762593        0.514615
MDMin:  379 22:43:03    -2397.762601        0.511373
MDMin:  380 22:43:04    -2397.762611        0.508520
MDMin:  381 22:43:06    -2397.762620        0.506073
MDMin:  382 22:43:08    -2397.762629        0.504035
MDMin:  383 22:43:10    -2397.762639        0.502389
MDMin:  384 22:43:11    -2397.762649        0.501100
MDMin:  385 22:43:13    -2397.762659        0.500107
MDMin:  386 22:43:15    -2397.762669        0.499318
MDMin:  387 22:43:17    -2397.762680        0.498609
MDMin:  388 22:43:19    -2397.762691        0.497817
MDMin:  389 22:43:21    -2397.762702        0.496745
MDMin:  390 22:43:22    -2397.762713        0.495153
MDMin:  391 22:43:24    -2397.762725        0.492769
MDMin:  392 22:43:26    -2397.762737        0.489296
MDMin:  393 22:43:28    -2397.762749        0.484426
MDMin:  394 22:43:30    -2397.762762        0.477863
MDMin:  395 22:43:32    -2397.762775        0.469358
MDMin:  396 22:43:34    -2397.762788        0.458739
MDMin:  397 22:43:36    -2397.762802        0.445949
MDMin:  398 22:43:38    -2397.762816        0.431071
MDMin:  399 22:43:40    -2397.762831        0.414342
MDMin:  400 22:43:42    -2397.762846        0.396140
MDMin:  401 22:43:44    -2397.762862        0.376979
MDMin:  402 22:43:46    -2397.762878        0.357591
MDMin:  403 22:43:48    -2397.762894        0.339435
MDMin:  404 22:43:49    -2397.762906        0.326162
MDMin:  405 22:43:51    -2397.762912        0.319506
MDMin:  406 22:43:52    -2397.762918        0.313481
MDMin:  407 22:43:54    -2397.762924        0.307405
MDMin:  408 22:43:55    -2397.762931        0.301274
MDMin:  409 22:43:57    -2397.762937        0.295100
MDMin:  410 22:43:59    -2397.762944        0.288896
MDMin:  411 22:44:00    -2397.762951        0.282672
MDMin:  412 22:44:02    -2397.762958        0.276440
MDMin:  413 22:44:04    -2397.762966        0.270206
MDMin:  414 22:44:06    -2397.762974        0.263978
MDMin:  415 22:44:07    -2397.762982        0.257761
MDMin:  416 22:44:09    -2397.762990        0.251560
MDMin:  417 22:44:11    -2397.762999        0.245417
MDMin:  418 22:44:12    -2397.763008        0.242240
MDMin:  419 22:44:14    -2397.763017        0.239194
MDMin:  420 22:44:15    -2397.763027        0.236311
MDMin:  421 22:44:16    -2397.763037        0.233622
MDMin:  422 22:44:18    -2397.763047        0.231164
MDMin:  423 22:44:20    -2397.763057        0.228974
MDMin:  424 22:44:21    -2397.763068        0.227094
MDMin:  425 22:44:23    -2397.763079        0.225567
MDMin:  426 22:44:25    -2397.763091        0.224440
MDMin:  427 22:44:27    -2397.763103        0.223762
MDMin:  428 22:44:29    -2397.763115        0.223582
MDMin:  429 22:44:31    -2397.763127        0.223949
MDMin:  430 22:44:33    -2397.763140        0.224912
MDMin:  431 22:44:35    -2397.763153        0.226514
MDMin:  432 22:44:36    -2397.763166        0.228792
MDMin:  433 22:44:38    -2397.763179        0.231776
MDMin:  434 22:44:39    -2397.763193        0.235482
MDMin:  435 22:44:41    -2397.763207        0.239913
MDMin:  436 22:44:43    -2397.763220        0.245055
MDMin:  437 22:44:44    -2397.763234        0.250873
MDMin:  438 22:44:46    -2397.763248        0.257312
MDMin:  439 22:44:48    -2397.763262        0.264291
MDMin:  440 22:44:50    -2397.763276        0.271706
MDMin:  441 22:44:52    -2397.763290        0.279426
MDMin:  442 22:44:53    -2397.763304        0.287298
MDMin:  443 22:44:55    -2397.763318        0.295145
MDMin:  444 22:44:57    -2397.763332        0.302770
MDMin:  445 22:44:58    -2397.763346        0.309961
MDMin:  446 22:44:59    -2397.763360        0.316498
MDMin:  447 22:45:00    -2397.763373        0.322160
MDMin:  448 22:45:02    -2397.763387        0.326729
MDMin:  449 22:45:03    -2397.763400        0.330008
MDMin:  450 22:45:04    -2397.763414        0.331836
MDMin:  451 22:45:07    -2397.763427        0.332138
MDMin:  452 22:45:08    -2397.763439        0.331050
MDMin:  453 22:45:10    -2397.763449        0.329070
MDMin:  454 22:45:12    -2397.763457        0.326749
MDMin:  455 22:45:14    -2397.763464        0.324158
MDMin:  456 22:45:16    -2397.763472        0.321187
MDMin:  457 22:45:18    -2397.763479        0.317784
MDMin:  458 22:45:19    -2397.763487        0.313932
MDMin:  459 22:45:21    -2397.763495        0.309630
MDMin:  460 22:45:22    -2397.763502        0.304880
MDMin:  461 22:45:25    -2397.763511        0.299689
MDMin:  462 22:45:26    -2397.763519        0.294066
MDMin:  463 22:45:28    -2397.763527        0.288025
MDMin:  464 22:45:30    -2397.763536        0.281581
MDMin:  465 22:45:31    -2397.763545        0.274752
MDMin:  466 22:45:32    -2397.763554        0.267559
MDMin:  467 22:45:34    -2397.763563        0.260023
MDMin:  468 22:45:35    -2397.763573        0.252165
MDMin:  469 22:45:37    -2397.763583        0.244008
MDMin:  470 22:45:39    -2397.763593        0.235580
MDMin:  471 22:45:41    -2397.763604        0.226909
MDMin:  472 22:45:42    -2397.763615        0.218027
MDMin:  473 22:45:44    -2397.763626        0.208967
MDMin:  474 22:45:45    -2397.763637        0.199767
MDMin:  475 22:45:46    -2397.763649        0.190467
MDMin:  476 22:45:48    -2397.763661        0.181109
MDMin:  477 22:45:50    -2397.763674        0.171739
MDMin:  478 22:45:52    -2397.763687        0.162406
MDMin:  479 22:45:54    -2397.763700        0.153160
MDMin:  480 22:45:56    -2397.763714        0.144058
MDMin:  481 22:45:57    -2397.763729        0.135163
MDMin:  482 22:45:59    -2397.763743        0.126551
MDMin:  483 22:46:00    -2397.763758        0.118954
MDMin:  484 22:46:01    -2397.763773        0.118848
MDMin:  485 22:46:02    -2397.763784        0.118688
MDMin:  486 22:46:04    -2397.763791        0.118554
MDMin:  487 22:46:06    -2397.763797        0.118422
MDMin:  488 22:46:08    -2397.763803        0.118273
MDMin:  489 22:46:09    -2397.763809        0.118106
MDMin:  490 22:46:11    -2397.763816        0.117918
MDMin:  491 22:46:13    -2397.763822        0.117709
MDMin:  492 22:46:15    -2397.763829        0.117477
MDMin:  493 22:46:16    -2397.763836        0.117222
MDMin:  494 22:46:18    -2397.763843        0.116942
MDMin:  495 22:46:20    -2397.763850        0.116636
MDMin:  496 22:46:21    -2397.763858        0.116303
MDMin:  497 22:46:23    -2397.763865        0.115941
MDMin:  498 22:46:25    -2397.763873        0.115550
MDMin:  499 22:46:27    -2397.763881        0.115127
MDMin:  500 22:46:28    -2397.763889        0.114672
MDMin:  501 22:46:30    -2397.763898        0.114182
MDMin:  502 22:46:32    -2397.763906        0.113657
MDMin:  503 22:46:34    -2397.763915        0.113094
MDMin:  504 22:46:36    -2397.763924        0.112492
MDMin:  505 22:46:38    -2397.763933        0.111849
MDMin:  506 22:46:40    -2397.763943        0.111164
MDMin:  507 22:46:42    -2397.763952        0.110433
MDMin:  508 22:46:43    -2397.763962        0.109656
MDMin:  509 22:46:45    -2397.763972        0.108831
MDMin:  510 22:46:47    -2397.763982        0.107955
MDMin:  511 22:46:48    -2397.763993        0.107026
MDMin:  512 22:46:50    -2397.764003        0.106043
MDMin:  513 22:46:51    -2397.764014        0.105005
MDMin:  514 22:46:54    -2397.764025        0.103908
MDMin:  515 22:46:56    -2397.764036        0.102752
MDMin:  516 22:46:58    -2397.764048        0.101536
MDMin:  517 22:47:00    -2397.764060        0.100257
MDMin:  518 22:47:02    -2397.764072        0.098916
MDMin:  519 22:47:03    -2397.764084        0.097512
MDMin:  520 22:47:04    -2397.764097        0.096045
MDMin:  521 22:47:06    -2397.764110        0.094515
MDMin:  522 22:47:08    -2397.764123        0.092922
MDMin:  523 22:47:09    -2397.764137        0.091270
MDMin:  524 22:47:10    -2397.764151        0.089559
MDMin:  525 22:47:12    -2397.764165        0.087791
MDMin:  526 22:47:14    -2397.764179        0.085971
MDMin:  527 22:47:16    -2397.764194        0.084102
MDMin:  528 22:47:18    -2397.764210        0.082187
MDMin:  529 22:47:20    -2397.764226        0.080233
MDMin:  530 22:47:21    -2397.764242        0.078244
MDMin:  531 22:47:23    -2397.764259        0.076227
MDMin:  532 22:47:24    -2397.764276        0.074188
MDMin:  533 22:47:25    -2397.764294        0.072135
MDMin:  534 22:47:27    -2397.764312        0.070078
MDMin:  535 22:47:29    -2397.764331        0.068042
MDMin:  536 22:47:30    -2397.764349        0.066247
MDMin:  537 22:47:32    -2397.764361        0.079878
MDMin:  538 22:47:34    -2397.764365        0.064562
MDMin:  539 22:47:36    -2397.764369        0.064122
MDMin:  540 22:47:38    -2397.764373        0.063669
MDMin:  541 22:47:40    -2397.764378        0.063205
MDMin:  542 22:47:41    -2397.764383        0.062731
MDMin:  543 22:47:42    -2397.764388        0.062247
MDMin:  544 22:47:43    -2397.764393        0.061754
MDMin:  545 22:47:45    -2397.764399        0.061253
MDMin:  546 22:47:47    -2397.764404        0.060743
MDMin:  547 22:47:48    -2397.764410        0.060225
MDMin:  548 22:47:50    -2397.764416        0.059700
MDMin:  549 22:47:52    -2397.764422        0.059168
MDMin:  550 22:47:54    -2397.764428        0.058629
MDMin:  551 22:47:56    -2397.764435        0.058085
MDMin:  552 22:47:57    -2397.764442        0.057536
MDMin:  553 22:47:58    -2397.764448        0.056982
MDMin:  554 22:48:00    -2397.764455        0.056424
MDMin:  555 22:48:01    -2397.764463        0.055862
MDMin:  556 22:48:03    -2397.764470        0.055298
MDMin:  557 22:48:04    -2397.764478        0.054731
MDMin:  558 22:48:06    -2397.764485        0.054163
MDMin:  559 22:48:07    -2397.764493        0.053594
MDMin:  560 22:48:09    -2397.764502        0.053024
MDMin:  561 22:48:11    -2397.764510        0.052455
MDMin:  562 22:48:12    -2397.764519        0.051888
MDMin:  563 22:48:13    -2397.764528        0.051322
MDMin:  564 22:48:15    -2397.764537        0.050758
MDMin:  565 22:48:16    -2397.764546        0.050198
MDMin:  566 22:48:18    -2397.764555        0.049642
