       Step     Time          Energy          fmax
MDMin:    0 22:22:06    -2394.035802        7.475317
MDMin:    1 22:22:09    -2394.036896        7.233036
MDMin:    2 22:22:11    -2394.040146        7.435806
MDMin:    3 22:22:13    -2394.045510        7.731500
MDMin:    4 22:22:15    -2394.053112        5.734233
MDMin:    5 22:22:17    -2394.063722        6.521665
MDMin:    6 22:22:19    -2394.077840        5.104703
MDMin:    7 22:22:21    -2394.098343        2.408861
MDMin:    8 22:22:23    -2394.128883        3.494264
MDMin:    9 22:22:25    -2394.171994        4.023092
MDMin:   10 22:22:27    -2394.228957        2.457336
MDMin:   11 22:22:29    -2394.274906        1.582573
MDMin:   12 22:22:31    -2394.316193        2.245586
MDMin:   13 22:22:33    -2394.367222        2.556077
MDMin:   14 22:22:35    -2394.425580        2.279557
MDMin:   15 22:22:37    -2394.497318        1.816093
MDMin:   16 22:22:39    -2394.558604        1.485022
MDMin:   17 22:22:41    -2394.599108        1.215217
MDMin:   18 22:22:43    -2394.651006        1.286943
MDMin:   19 22:22:45    -2394.715773        1.368846
MDMin:   20 22:22:47    -2394.795631        1.455742
MDMin:   21 22:22:49    -2394.856709        1.864884
MDMin:   22 22:22:51    -2394.902961        1.951409
MDMin:   23 22:22:53    -2394.962474        1.802863
MDMin:   24 22:22:55    -2395.041591        1.702552
MDMin:   25 22:22:57    -2395.153836        1.399657
MDMin:   26 22:22:59    -2395.318270        1.687458
MDMin:   27 22:23:02    -2395.541915        1.965349
MDMin:   28 22:23:03    -2395.807558        2.028178
MDMin:   29 22:23:05    -2395.965516        1.748415
MDMin:   30 22:23:08    -2396.102887        1.380429
MDMin:   31 22:23:10    -2396.271212        1.588383
MDMin:   32 22:23:12    -2396.484639        1.753841
MDMin:   33 22:23:14    -2396.712783        1.719510
MDMin:   34 22:23:15    -2396.865932        1.399650
MDMin:   35 22:23:17    -2396.927085        1.475258
MDMin:   36 22:23:19    -2396.958413        2.265557
MDMin:   37 22:23:21    -2396.959313        2.137541
MDMin:   38 22:23:24    -2396.962035        1.741284
MDMin:   39 22:23:25    -2396.966851        1.094387
MDMin:   40 22:23:26    -2396.974262        0.659320
MDMin:   41 22:23:28    -2396.983971        0.624777
MDMin:   42 22:23:29    -2396.995178        0.589366
MDMin:   43 22:23:31    -2397.007759        0.554745
MDMin:   44 22:23:33    -2397.021575        0.522126
MDMin:   45 22:23:35    -2397.036481        0.492194
MDMin:   46 22:23:37    -2397.052334        0.467630
MDMin:   47 22:23:39    -2397.069004        0.450019
MDMin:   48 22:23:41    -2397.086370        0.433227
MDMin:   49 22:23:43    -2397.104323        0.436017
MDMin:   50 22:23:45    -2397.122763        0.437173
MDMin:   51 22:23:47    -2397.141596        0.436097
MDMin:   52 22:23:49    -2397.160740        0.432161
MDMin:   53 22:23:51    -2397.180121        0.424816
MDMin:   54 22:23:52    -2397.199668        0.413545
MDMin:   55 22:23:54    -2397.219259        0.398504
MDMin:   56 22:23:56    -2397.238223        0.621698
MDMin:   57 22:23:58    -2397.251017        1.181511
MDMin:   58 22:24:00    -2397.253031        0.680913
MDMin:   59 22:24:02    -2397.256232        0.379275
MDMin:   60 22:24:04    -2397.260348        0.384791
MDMin:   61 22:24:06    -2397.264776        0.390831
MDMin:   62 22:24:08    -2397.268719        0.397145
MDMin:   63 22:24:09    -2397.273137        0.403413
MDMin:   64 22:24:11    -2397.278019        0.409224
MDMin:   65 22:24:12    -2397.283354        0.414089
MDMin:   66 22:24:14    -2397.289129        0.417451
MDMin:   67 22:24:16    -2397.295328        0.418715
MDMin:   68 22:24:18    -2397.301934        0.417300
MDMin:   69 22:24:20    -2397.308929        0.412712
MDMin:   70 22:24:22    -2397.316296        0.404617
MDMin:   71 22:24:24    -2397.324017        0.392914
MDMin:   72 22:24:25    -2397.332075        0.377770
MDMin:   73 22:24:27    -2397.340452        0.359614
MDMin:   74 22:24:29    -2397.349125        0.339095
MDMin:   75 22:24:31    -2397.358014        0.317124
MDMin:   76 22:24:32    -2397.366545        0.563955
MDMin:   77 22:24:33    -2397.371414        0.703571
MDMin:   78 22:24:35    -2397.372532        0.377440
MDMin:   79 22:24:37    -2397.374218        0.279356
MDMin:   80 22:24:38    -2397.376327        0.279314
MDMin:   81 22:24:39    -2397.378793        0.279283
MDMin:   82 22:24:41    -2397.381612        0.279271
MDMin:   83 22:24:42    -2397.384779        0.279285
MDMin:   84 22:24:44    -2397.388289        0.279333
MDMin:   85 22:24:46    -2397.392136        0.279424
MDMin:   86 22:24:48    -2397.396312        0.279566
MDMin:   87 22:24:50    -2397.400812        0.279767
MDMin:   88 22:24:52    -2397.405625        0.280132
MDMin:   89 22:24:53    -2397.410746        0.283834
MDMin:   90 22:24:54    -2397.416163        0.287843
MDMin:   91 22:24:56    -2397.421866        0.292146
MDMin:   92 22:24:58    -2397.427845        0.300530
MDMin:   93 22:25:00    -2397.434085        0.310592
MDMin:   94 22:25:02    -2397.440574        0.321529
MDMin:   95 22:25:04    -2397.447294        0.333255
MDMin:   96 22:25:06    -2397.454226        0.345635
MDMin:   97 22:25:08    -2397.461333        0.358448
MDMin:   98 22:25:10    -2397.468453        0.371184
MDMin:   99 22:25:12    -2397.474355        0.704780
MDMin:  100 22:25:14    -2397.476325        0.384883
MDMin:  101 22:25:16    -2397.478282        0.388184
MDMin:  102 22:25:18    -2397.480516        0.391873
MDMin:  103 22:25:19    -2397.483029        0.395906
MDMin:  104 22:25:21    -2397.485814        0.400221
MDMin:  105 22:25:23    -2397.488866        0.404738
MDMin:  106 22:25:25    -2397.492180        0.409370
MDMin:  107 22:25:27    -2397.495748        0.414012
MDMin:  108 22:25:29    -2397.499564        0.418553
MDMin:  109 22:25:31    -2397.503623        0.422872
MDMin:  110 22:25:33    -2397.507920        0.426848
MDMin:  111 22:25:35    -2397.512452        0.430365
MDMin:  112 22:25:37    -2397.517219        0.433324
MDMin:  113 22:25:39    -2397.522218        0.435650
MDMin:  114 22:25:41    -2397.527434        0.437306
MDMin:  115 22:25:43    -2397.532739        0.438299
MDMin:  116 22:25:44    -2397.537443        0.593203
MDMin:  117 22:25:46    -2397.539600        0.438828
MDMin:  118 22:25:48    -2397.541003        0.438860
MDMin:  119 22:25:50    -2397.542633        0.438855
MDMin:  120 22:25:51    -2397.544508        0.438803
MDMin:  121 22:25:54    -2397.546634        0.438698
MDMin:  122 22:25:55    -2397.549022        0.438546
MDMin:  123 22:25:57    -2397.551684        0.438369
MDMin:  124 22:25:59    -2397.554636        0.438214
MDMin:  125 22:26:01    -2397.557900        0.438791
MDMin:  126 22:26:03    -2397.561503        0.440144
MDMin:  127 22:26:04    -2397.565481        0.442024
MDMin:  128 22:26:06    -2397.569874        0.444794
MDMin:  129 22:26:08    -2397.574738        0.448964
MDMin:  130 22:26:10    -2397.580134        0.455191
MDMin:  131 22:26:11    -2397.586137        0.464408
MDMin:  132 22:26:13    -2397.592822        0.477838
MDMin:  133 22:26:14    -2397.600220        0.496861
MDMin:  134 22:26:16    -2397.608048        0.521901
MDMin:  135 22:26:18    -2397.614641        0.678982
MDMin:  136 22:26:19    -2397.618224        0.562453
MDMin:  137 22:26:20    -2397.619590        0.578829
MDMin:  138 22:26:22    -2397.620680        0.599016
MDMin:  139 22:26:24    -2397.621882        0.623924
MDMin:  140 22:26:26    -2397.623187        0.654361
MDMin:  141 22:26:28    -2397.624583        0.691077
MDMin:  142 22:26:30    -2397.626059        0.734554
MDMin:  143 22:26:32    -2397.627600        0.784613
MDMin:  144 22:26:34    -2397.629196        0.839755
MDMin:  145 22:26:36    -2397.630837        0.896189
MDMin:  146 22:26:38    -2397.632520        0.946715
MDMin:  147 22:26:40    -2397.634250        0.983681
MDMin:  148 22:26:42    -2397.636043        1.018985
MDMin:  149 22:26:43    -2397.637930        1.013915
MDMin:  150 22:26:45    -2397.639956        0.952250
MDMin:  151 22:26:46    -2397.642170        0.833130
MDMin:  152 22:26:48    -2397.644574        0.683587
MDMin:  153 22:26:49    -2397.646787        0.978987
MDMin:  154 22:26:51    -2397.647663        0.681735
MDMin:  155 22:26:52    -2397.648335        0.702864
MDMin:  156 22:26:53    -2397.649111        0.728097
MDMin:  157 22:26:55    -2397.649994        0.757197
MDMin:  158 22:26:57    -2397.650980        0.788626
MDMin:  159 22:26:58    -2397.652065        0.819036
MDMin:  160 22:26:59    -2397.653245        0.842706
MDMin:  161 22:27:01    -2397.654519        0.851767
MDMin:  162 22:27:02    -2397.655889        0.838003
MDMin:  163 22:27:03    -2397.657360        0.796376
MDMin:  164 22:27:04    -2397.658943        0.798493
MDMin:  165 22:27:06    -2397.660643        0.826703
MDMin:  166 22:27:08    -2397.662469        0.830367
MDMin:  167 22:27:10    -2397.664438        0.797034
MDMin:  168 22:27:12    -2397.666574        0.721303
MDMin:  169 22:27:14    -2397.668872        0.614563
MDMin:  170 22:27:16    -2397.670939        0.935368
MDMin:  171 22:27:17    -2397.671459        0.500734
MDMin:  172 22:27:19    -2397.672095        0.477177
MDMin:  173 22:27:21    -2397.672837        0.450845
MDMin:  174 22:27:23    -2397.673688        0.422412
MDMin:  175 22:27:25    -2397.674646        0.392707
MDMin:  176 22:27:26    -2397.675713        0.362660
MDMin:  177 22:27:28    -2397.676888        0.350128
MDMin:  178 22:27:29    -2397.678166        0.338308
MDMin:  179 22:27:31    -2397.679543        0.326892
MDMin:  180 22:27:33    -2397.681012        0.316267
MDMin:  181 22:27:34    -2397.682563        0.306770
MDMin:  182 22:27:36    -2397.684182        0.298659
MDMin:  183 22:27:37    -2397.685853        0.292093
MDMin:  184 22:27:39    -2397.687558        0.287126
MDMin:  185 22:27:40    -2397.689261        0.283705
MDMin:  186 22:27:42    -2397.690824        0.362513
MDMin:  187 22:27:44    -2397.691672        0.416571
MDMin:  188 22:27:46    -2397.691905        0.280877
MDMin:  189 22:27:48    -2397.692237        0.280687
MDMin:  190 22:27:50    -2397.692633        0.280488
MDMin:  191 22:27:52    -2397.693086        0.280289
MDMin:  192 22:27:54    -2397.693593        0.280089
MDMin:  193 22:27:56    -2397.694148        0.279875
MDMin:  194 22:27:58    -2397.694747        0.279619
MDMin:  195 22:28:00    -2397.695386        0.279275
MDMin:  196 22:28:01    -2397.696058        0.278772
MDMin:  197 22:28:03    -2397.696757        0.278018
MDMin:  198 22:28:05    -2397.697478        0.279423
MDMin:  199 22:28:07    -2397.698213        0.282150
MDMin:  200 22:28:09    -2397.698958        0.284600
MDMin:  201 22:28:11    -2397.699706        0.286540
MDMin:  202 22:28:12    -2397.700451        0.287686
MDMin:  203 22:28:14    -2397.701189        0.287702
MDMin:  204 22:28:15    -2397.701915        0.286221
MDMin:  205 22:28:16    -2397.702624        0.282860
MDMin:  206 22:28:18    -2397.703306        0.277312
MDMin:  207 22:28:20    -2397.703891        0.440779
MDMin:  208 22:28:22    -2397.704142        0.323528
MDMin:  209 22:28:24    -2397.704247        0.264492
MDMin:  210 22:28:25    -2397.704383        0.262058
MDMin:  211 22:28:27    -2397.704540        0.259045
MDMin:  212 22:28:29    -2397.704718        0.255383
MDMin:  213 22:28:31    -2397.704916        0.250997
MDMin:  214 22:28:32    -2397.705132        0.245799
MDMin:  215 22:28:34    -2397.705365        0.241392
MDMin:  216 22:28:35    -2397.705613        0.240555
MDMin:  217 22:28:37    -2397.705875        0.239356
MDMin:  218 22:28:39    -2397.706151        0.237730
MDMin:  219 22:28:41    -2397.706438        0.235616
MDMin:  220 22:28:43    -2397.706736        0.232960
MDMin:  221 22:28:45    -2397.707043        0.229716
MDMin:  222 22:28:47    -2397.707361        0.225854
MDMin:  223 22:28:49    -2397.707688        0.221364
MDMin:  224 22:28:51    -2397.708025        0.216263
MDMin:  225 22:28:53    -2397.708372        0.210596
MDMin:  226 22:28:55    -2397.708730        0.204454
MDMin:  227 22:28:58    -2397.709092        0.233972
MDMin:  228 22:29:00    -2397.709385        0.527316
MDMin:  229 22:29:01    -2397.709441        0.191692
MDMin:  230 22:29:04    -2397.709527        0.190073
MDMin:  231 22:29:05    -2397.709626        0.188247
MDMin:  232 22:29:07    -2397.709739        0.186206
MDMin:  233 22:29:09    -2397.709866        0.183970
MDMin:  234 22:29:11    -2397.710008        0.181557
MDMin:  235 22:29:13    -2397.710164        0.178992
MDMin:  236 22:29:14    -2397.710334        0.176301
MDMin:  237 22:29:16    -2397.710520        0.173517
MDMin:  238 22:29:17    -2397.710721        0.170677
MDMin:  239 22:29:19    -2397.710938        0.167821
MDMin:  240 22:29:21    -2397.711171        0.164996
MDMin:  241 22:29:23    -2397.711421        0.162258
MDMin:  242 22:29:25    -2397.711688        0.159669
MDMin:  243 22:29:27    -2397.711966        0.169815
MDMin:  244 22:29:29    -2397.712218        0.309386
MDMin:  245 22:29:31    -2397.712340        0.196266
MDMin:  246 22:29:33    -2397.712417        0.154168
MDMin:  247 22:29:35    -2397.712507        0.153630
MDMin:  248 22:29:37    -2397.712612        0.153068
MDMin:  249 22:29:39    -2397.712731        0.152504
MDMin:  250 22:29:41    -2397.712864        0.151966
MDMin:  251 22:29:43    -2397.713012        0.151479
MDMin:  252 22:29:44    -2397.713175        0.151076
MDMin:  253 22:29:46    -2397.713353        0.150789
MDMin:  254 22:29:48    -2397.713546        0.150656
MDMin:  255 22:29:50    -2397.713754        0.153063
MDMin:  256 22:29:52    -2397.713977        0.156845
MDMin:  257 22:29:54    -2397.714216        0.161292
MDMin:  258 22:29:56    -2397.714470        0.166496
MDMin:  259 22:29:58    -2397.714739        0.172545
MDMin:  260 22:30:00    -2397.715022        0.179525
MDMin:  261 22:30:02    -2397.715319        0.187501
MDMin:  262 22:30:04    -2397.715629        0.196504
MDMin:  263 22:30:06    -2397.715952        0.206490
MDMin:  264 22:30:08    -2397.716281        0.217214
MDMin:  265 22:30:10    -2397.716589        0.299146
MDMin:  266 22:30:12    -2397.716753        0.302303
MDMin:  267 22:30:14    -2397.716811        0.234522
MDMin:  268 22:30:15    -2397.716891        0.237060
MDMin:  269 22:30:17    -2397.716985        0.240051
MDMin:  270 22:30:19    -2397.717093        0.243455
MDMin:  271 22:30:21    -2397.717215        0.247219
MDMin:  272 22:30:23    -2397.717350        0.251269
MDMin:  273 22:30:25    -2397.717499        0.255507
MDMin:  274 22:30:27    -2397.717662        0.259802
MDMin:  275 22:30:28    -2397.717838        0.263982
MDMin:  276 22:30:29    -2397.718028        0.267845
MDMin:  277 22:30:30    -2397.718230        0.271141
MDMin:  278 22:30:32    -2397.718445        0.273582
MDMin:  279 22:30:34    -2397.718673        0.274848
MDMin:  280 22:30:36    -2397.718914        0.274605
MDMin:  281 22:30:38    -2397.719168        0.272529
MDMin:  282 22:30:40    -2397.719435        0.268341
MDMin:  283 22:30:42    -2397.719715        0.261840
MDMin:  284 22:30:44    -2397.720008        0.252950
MDMin:  285 22:30:46    -2397.720315        0.241757
MDMin:  286 22:30:48    -2397.720633        0.245165
MDMin:  287 22:30:50    -2397.720947        0.273803
MDMin:  288 22:30:52    -2397.721164        0.414544
MDMin:  289 22:30:54    -2397.721224        0.249920
MDMin:  290 22:30:56    -2397.721309        0.250111
MDMin:  291 22:30:58    -2397.721407        0.250205
MDMin:  292 22:31:00    -2397.721520        0.250136
MDMin:  293 22:31:01    -2397.721647        0.249819
MDMin:  294 22:31:03    -2397.721788        0.249158
MDMin:  295 22:31:05    -2397.721944        0.248036
MDMin:  296 22:31:07    -2397.722114        0.246324
MDMin:  297 22:31:09    -2397.722298        0.243876
MDMin:  298 22:31:10    -2397.722497        0.240523
MDMin:  299 22:31:11    -2397.722710        0.236074
MDMin:  300 22:31:12    -2397.722937        0.230348
MDMin:  301 22:31:13    -2397.723179        0.223168
MDMin:  302 22:31:15    -2397.723436        0.214364
MDMin:  303 22:31:17    -2397.723708        0.203789
MDMin:  304 22:31:19    -2397.723994        0.191330
MDMin:  305 22:31:21    -2397.724295        0.176966
MDMin:  306 22:31:23    -2397.724604        0.188908
MDMin:  307 22:31:25    -2397.724871        0.357000
MDMin:  308 22:31:28    -2397.724980        0.180509
MDMin:  309 22:31:30    -2397.725068        0.181929
MDMin:  310 22:31:32    -2397.725170        0.183534
MDMin:  311 22:31:34    -2397.725286        0.185302
MDMin:  312 22:31:36    -2397.725417        0.187176
MDMin:  313 22:31:38    -2397.725562        0.189084
MDMin:  314 22:31:40    -2397.725722        0.190932
MDMin:  315 22:31:42    -2397.725898        0.192605
MDMin:  316 22:31:45    -2397.726089        0.193965
MDMin:  317 22:31:46    -2397.726295        0.194851
MDMin:  318 22:31:48    -2397.726518        0.195080
MDMin:  319 22:31:50    -2397.726757        0.194446
MDMin:  320 22:31:52    -2397.727013        0.192727
MDMin:  321 22:31:55    -2397.727286        0.189695
MDMin:  322 22:31:56    -2397.727577        0.185141
MDMin:  323 22:31:58    -2397.727880        0.179000
MDMin:  324 22:32:01    -2397.728155        0.281876
MDMin:  325 22:32:03    -2397.728283        0.186471
MDMin:  326 22:32:05    -2397.728361        0.166174
MDMin:  327 22:32:07    -2397.728455        0.163377
MDMin:  328 22:32:09    -2397.728564        0.160119
MDMin:  329 22:32:11    -2397.728689        0.156381
MDMin:  330 22:32:13    -2397.728828        0.152145
MDMin:  331 22:32:15    -2397.728983        0.147399
