       Step     Time          Energy          fmax
MDMin:    0 03:07:29    -2397.329623        0.147594
MDMin:    1 03:07:31    -2397.329622        0.147575
MDMin:    2 03:07:33    -2397.329619        0.147518
MDMin:    3 03:07:35    -2397.329614        0.147422
MDMin:    4 03:07:37    -2397.329607        0.147288
MDMin:    5 03:07:39    -2397.329598        0.147115
MDMin:    6 03:07:41    -2397.329587        0.146903
MDMin:    7 03:07:43    -2397.329574        0.146652
MDMin:    8 03:07:45    -2397.329560        0.146361
MDMin:    9 03:07:47    -2397.329543        0.146029
MDMin:   10 03:07:49    -2397.329524        0.145656
MDMin:   11 03:07:50    -2397.329504        0.145241
MDMin:   12 03:07:52    -2397.329482        0.144783
MDMin:   13 03:07:54    -2397.329458        0.144282
MDMin:   14 03:07:55    -2397.329432        0.143736
MDMin:   15 03:07:57    -2397.329404        0.143144
MDMin:   16 03:07:59    -2397.329375        0.142505
MDMin:   17 03:08:00    -2397.329344        0.141817
MDMin:   18 03:08:01    -2397.329312        0.141079
MDMin:   19 03:08:02    -2397.329277        0.140290
MDMin:   20 03:08:04    -2397.329242        0.139448
MDMin:   21 03:08:05    -2397.329205        0.138551
MDMin:   22 03:08:07    -2397.329167        0.137598
MDMin:   23 03:08:09    -2397.329127        0.136586
MDMin:   24 03:08:11    -2397.329086        0.135515
MDMin:   25 03:08:13    -2397.329044        0.134381
MDMin:   26 03:08:15    -2397.329001        0.133184
MDMin:   27 03:08:16    -2397.328957        0.131921
MDMin:   28 03:08:18    -2397.328912        0.130590
MDMin:   29 03:08:20    -2397.328866        0.129189
MDMin:   30 03:08:23    -2397.328820        0.127717
MDMin:   31 03:08:24    -2397.328772        0.126172
MDMin:   32 03:08:26    -2397.328724        0.124551
MDMin:   33 03:08:28    -2397.328676        0.122856
MDMin:   34 03:08:30    -2397.328627        0.121084
MDMin:   35 03:08:32    -2397.328578        0.119236
MDMin:   36 03:08:34    -2397.328528        0.117310
MDMin:   37 03:08:36    -2397.328478        0.115307
MDMin:   38 03:08:38    -2397.328428        0.113226
MDMin:   39 03:08:40    -2397.328378        0.111067
MDMin:   40 03:08:42    -2397.328329        0.108832
MDMin:   41 03:08:44    -2397.328279        0.106522
MDMin:   42 03:08:45    -2397.328230        0.104137
MDMin:   43 03:08:47    -2397.328181        0.101681
MDMin:   44 03:08:49    -2397.328132        0.099156
MDMin:   45 03:08:51    -2397.328084        0.096565
MDMin:   46 03:08:53    -2397.328037        0.093912
MDMin:   47 03:08:55    -2397.327991        0.091202
MDMin:   48 03:08:57    -2397.327945        0.088439
MDMin:   49 03:08:59    -2397.327900        0.085630
MDMin:   50 03:09:01    -2397.327856        0.082781
MDMin:   51 03:09:03    -2397.327814        0.079898
MDMin:   52 03:09:05    -2397.327772        0.076989
MDMin:   53 03:09:06    -2397.327732        0.074063
MDMin:   54 03:09:08    -2397.327693        0.071127
MDMin:   55 03:09:10    -2397.327656        0.068994
MDMin:   56 03:09:12    -2397.327620        0.068823
MDMin:   57 03:09:14    -2397.327585        0.068661
MDMin:   58 03:09:16    -2397.327552        0.068509
MDMin:   59 03:09:18    -2397.327521        0.068373
MDMin:   60 03:09:20    -2397.327492        0.068256
MDMin:   61 03:09:22    -2397.327465        0.068162
MDMin:   62 03:09:24    -2397.327439        0.069090
MDMin:   63 03:09:27    -2397.327415        0.070137
MDMin:   64 03:09:29    -2397.327394        0.071228
MDMin:   65 03:09:30    -2397.327374        0.072358
MDMin:   66 03:09:31    -2397.327356        0.073512
MDMin:   67 03:09:33    -2397.327340        0.074925
MDMin:   68 03:09:34    -2397.327326        0.076977
MDMin:   69 03:09:36    -2397.327314        0.079086
MDMin:   70 03:09:37    -2397.327304        0.081198
MDMin:   71 03:09:39    -2397.327296        0.083242
MDMin:   72 03:09:41    -2397.327290        0.085134
MDMin:   73 03:09:43    -2397.327286        0.086772
MDMin:   74 03:09:45    -2397.327283        0.088053
MDMin:   75 03:09:47    -2397.327282        0.088877
MDMin:   76 03:09:49    -2397.327283        0.089165
MDMin:   77 03:09:51    -2397.327286        0.088874
MDMin:   78 03:09:53    -2397.327290        0.088014
MDMin:   79 03:09:54    -2397.327296        0.086650
MDMin:   80 03:09:56    -2397.327304        0.084899
MDMin:   81 03:09:59    -2397.327313        0.082908
MDMin:   82 03:10:00    -2397.327324        0.080826
MDMin:   83 03:10:02    -2397.327336        0.078775
MDMin:   84 03:10:04    -2397.327350        0.076838
MDMin:   85 03:10:06    -2397.327366        0.075051
MDMin:   86 03:10:07    -2397.327383        0.073419
MDMin:   87 03:10:09    -2397.327402        0.071927
MDMin:   88 03:10:11    -2397.327422        0.070552
MDMin:   89 03:10:13    -2397.327444        0.069272
MDMin:   90 03:10:14    -2397.327467        0.068066
MDMin:   91 03:10:16    -2397.327492        0.066919
MDMin:   92 03:10:18    -2397.327518        0.065819
MDMin:   93 03:10:19    -2397.327545        0.064756
MDMin:   94 03:10:21    -2397.327574        0.064148
MDMin:   95 03:10:22    -2397.327604        0.064010
MDMin:   96 03:10:24    -2397.327635        0.063800
MDMin:   97 03:10:25    -2397.327664        0.095684
MDMin:   98 03:10:27    -2397.327684        0.104011
MDMin:   99 03:10:29    -2397.327693        0.063230
MDMin:  100 03:10:31    -2397.327702        0.063115
MDMin:  101 03:10:33    -2397.327712        0.062992
MDMin:  102 03:10:35    -2397.327722        0.062860
MDMin:  103 03:10:37    -2397.327732        0.062719
MDMin:  104 03:10:39    -2397.327743        0.062569
MDMin:  105 03:10:41    -2397.327754        0.062409
MDMin:  106 03:10:42    -2397.327765        0.062240
MDMin:  107 03:10:44    -2397.327777        0.062060
MDMin:  108 03:10:45    -2397.327789        0.061870
MDMin:  109 03:10:47    -2397.327801        0.061669
MDMin:  110 03:10:48    -2397.327814        0.061457
MDMin:  111 03:10:49    -2397.327827        0.061233
MDMin:  112 03:10:51    -2397.327841        0.060997
MDMin:  113 03:10:52    -2397.327855        0.060749
MDMin:  114 03:10:53    -2397.327869        0.060487
MDMin:  115 03:10:54    -2397.327884        0.060213
MDMin:  116 03:10:56    -2397.327899        0.059925
MDMin:  117 03:10:58    -2397.327915        0.059624
MDMin:  118 03:11:00    -2397.327931        0.059308
MDMin:  119 03:11:02    -2397.327947        0.058978
MDMin:  120 03:11:04    -2397.327964        0.058633
MDMin:  121 03:11:05    -2397.327981        0.058273
MDMin:  122 03:11:07    -2397.327999        0.057897
MDMin:  123 03:11:09    -2397.328017        0.057506
MDMin:  124 03:11:11    -2397.328036        0.057100
MDMin:  125 03:11:13    -2397.328055        0.056677
MDMin:  126 03:11:14    -2397.328075        0.056239
MDMin:  127 03:11:16    -2397.328095        0.055784
MDMin:  128 03:11:19    -2397.328115        0.055313
MDMin:  129 03:11:21    -2397.328136        0.054825
MDMin:  130 03:11:23    -2397.328158        0.054321
MDMin:  131 03:11:24    -2397.328179        0.053801
MDMin:  132 03:11:26    -2397.328202        0.053264
MDMin:  133 03:11:27    -2397.328225        0.052710
MDMin:  134 03:11:29    -2397.328249        0.052141
MDMin:  135 03:11:30    -2397.328273        0.051907
MDMin:  136 03:11:32    -2397.328297        0.051874
MDMin:  137 03:11:34    -2397.328322        0.051847
MDMin:  138 03:11:35    -2397.328348        0.051824
MDMin:  139 03:11:37    -2397.328374        0.051805
MDMin:  140 03:11:39    -2397.328401        0.051792
MDMin:  141 03:11:40    -2397.328429        0.051783
MDMin:  142 03:11:42    -2397.328457        0.051779
MDMin:  143 03:11:44    -2397.328485        0.051780
MDMin:  144 03:11:45    -2397.328515        0.051785
MDMin:  145 03:11:46    -2397.328544        0.051795
MDMin:  146 03:11:48    -2397.328575        0.051810
MDMin:  147 03:11:49    -2397.328606        0.051829
MDMin:  148 03:11:51    -2397.328638        0.051853
MDMin:  149 03:11:52    -2397.328670        0.051881
MDMin:  150 03:11:53    -2397.328704        0.051913
MDMin:  151 03:11:54    -2397.328738        0.051949
MDMin:  152 03:11:55    -2397.328772        0.051988
MDMin:  153 03:11:57    -2397.328807        0.052032
MDMin:  154 03:11:58    -2397.328843        0.052078
MDMin:  155 03:11:59    -2397.328880        0.052126
MDMin:  156 03:12:00    -2397.328918        0.052177
MDMin:  157 03:12:03    -2397.328956        0.052230
MDMin:  158 03:12:05    -2397.328995        0.052285
MDMin:  159 03:12:07    -2397.329035        0.052340
MDMin:  160 03:12:08    -2397.329075        0.052396
MDMin:  161 03:12:10    -2397.329116        0.052452
MDMin:  162 03:12:11    -2397.329159        0.052506
MDMin:  163 03:12:13    -2397.329202        0.052558
MDMin:  164 03:12:15    -2397.329245        0.052607
MDMin:  165 03:12:17    -2397.329290        0.052651
MDMin:  166 03:12:19    -2397.329335        0.052689
MDMin:  167 03:12:21    -2397.329382        0.052720
MDMin:  168 03:12:22    -2397.329429        0.052743
MDMin:  169 03:12:24    -2397.329477        0.052755
MDMin:  170 03:12:25    -2397.329526        0.052755
MDMin:  171 03:12:27    -2397.329575        0.052740
MDMin:  172 03:12:30    -2397.329622        0.074143
MDMin:  173 03:12:31    -2397.329653        0.089884
MDMin:  174 03:12:33    -2397.329665        0.052656
MDMin:  175 03:12:36    -2397.329679        0.052638
MDMin:  176 03:12:38    -2397.329692        0.052619
MDMin:  177 03:12:40    -2397.329706        0.052599
MDMin:  178 03:12:42    -2397.329721        0.052578
MDMin:  179 03:12:43    -2397.329735        0.052555
MDMin:  180 03:12:45    -2397.329751        0.052530
MDMin:  181 03:12:47    -2397.329766        0.052502
MDMin:  182 03:12:49    -2397.329782        0.052472
MDMin:  183 03:12:51    -2397.329799        0.052439
MDMin:  184 03:12:53    -2397.329816        0.052403
MDMin:  185 03:12:55    -2397.329833        0.052363
MDMin:  186 03:12:56    -2397.329851        0.052320
MDMin:  187 03:12:58    -2397.329870        0.052526
MDMin:  188 03:13:00    -2397.329888        0.052766
MDMin:  189 03:13:01    -2397.329908        0.053015
MDMin:  190 03:13:03    -2397.329927        0.053273
MDMin:  191 03:13:04    -2397.329947        0.053541
MDMin:  192 03:13:05    -2397.329968        0.053818
MDMin:  193 03:13:06    -2397.329989        0.054105
MDMin:  194 03:13:08    -2397.330011        0.054402
MDMin:  195 03:13:09    -2397.330033        0.054709
MDMin:  196 03:13:11    -2397.330055        0.055028
MDMin:  197 03:13:12    -2397.330078        0.055358
MDMin:  198 03:13:14    -2397.330102        0.055700
MDMin:  199 03:13:15    -2397.330126        0.056054
MDMin:  200 03:13:17    -2397.330150        0.056420
MDMin:  201 03:13:18    -2397.330175        0.056799
MDMin:  202 03:13:19    -2397.330200        0.057191
MDMin:  203 03:13:21    -2397.330226        0.057597
MDMin:  204 03:13:22    -2397.330253        0.058016
MDMin:  205 03:13:23    -2397.330280        0.058450
MDMin:  206 03:13:24    -2397.330307        0.058899
MDMin:  207 03:13:26    -2397.330335        0.059362
MDMin:  208 03:13:27    -2397.330364        0.059840
MDMin:  209 03:13:28    -2397.330393        0.060333
MDMin:  210 03:13:30    -2397.330422        0.060840
MDMin:  211 03:13:32    -2397.330452        0.061363
MDMin:  212 03:13:33    -2397.330483        0.061899
MDMin:  213 03:13:35    -2397.330514        0.062449
MDMin:  214 03:13:36    -2397.330545        0.063012
MDMin:  215 03:13:38    -2397.330577        0.063585
MDMin:  216 03:13:40    -2397.330610        0.064169
MDMin:  217 03:13:41    -2397.330643        0.064759
MDMin:  218 03:13:42    -2397.330677        0.065353
MDMin:  219 03:13:44    -2397.330711        0.065949
MDMin:  220 03:13:45    -2397.330746        0.066541
MDMin:  221 03:13:47    -2397.330781        0.067125
MDMin:  222 03:13:48    -2397.330817        0.067696
MDMin:  223 03:13:50    -2397.330853        0.068246
MDMin:  224 03:13:51    -2397.330890        0.068769
MDMin:  225 03:13:53    -2397.330927        0.069257
MDMin:  226 03:13:55    -2397.330965        0.069702
MDMin:  227 03:13:58    -2397.331004        0.070096
MDMin:  228 03:14:00    -2397.331043        0.070431
MDMin:  229 03:14:01    -2397.331082        0.070701
MDMin:  230 03:14:03    -2397.331123        0.070901
MDMin:  231 03:14:05    -2397.331164        0.071027
MDMin:  232 03:14:07    -2397.331205        0.071078
MDMin:  233 03:14:08    -2397.331248        0.071058
MDMin:  234 03:14:09    -2397.331291        0.070973
MDMin:  235 03:14:11    -2397.331335        0.070833
MDMin:  236 03:14:13    -2397.331379        0.070650
MDMin:  237 03:14:14    -2397.331425        0.070440
MDMin:  238 03:14:16    -2397.331471        0.070220
MDMin:  239 03:14:18    -2397.331519        0.070007
MDMin:  240 03:14:20    -2397.331567        0.069818
MDMin:  241 03:14:21    -2397.331617        0.069668
MDMin:  242 03:14:23    -2397.331667        0.069568
MDMin:  243 03:14:25    -2397.331718        0.069528
MDMin:  244 03:14:27    -2397.331770        0.069556
MDMin:  245 03:14:29    -2397.331824        0.069657
MDMin:  246 03:14:32    -2397.331878        0.069833
MDMin:  247 03:14:34    -2397.331934        0.070087
MDMin:  248 03:14:36    -2397.331990        0.070420
MDMin:  249 03:14:38    -2397.332048        0.070833
MDMin:  250 03:14:40    -2397.332106        0.071328
MDMin:  251 03:14:41    -2397.332166        0.071903
MDMin:  252 03:14:43    -2397.332227        0.072561
MDMin:  253 03:14:45    -2397.332289        0.073301
MDMin:  254 03:14:46    -2397.332351        0.074124
MDMin:  255 03:14:48    -2397.332415        0.075030
MDMin:  256 03:14:51    -2397.332480        0.076021
MDMin:  257 03:14:53    -2397.332545        0.077097
MDMin:  258 03:14:55    -2397.332612        0.078257
MDMin:  259 03:14:57    -2397.332680        0.079502
MDMin:  260 03:15:00    -2397.332748        0.080832
MDMin:  261 03:15:02    -2397.332817        0.082243
MDMin:  262 03:15:04    -2397.332886        0.083724
MDMin:  263 03:15:06    -2397.332955        0.085244
MDMin:  264 03:15:08    -2397.333018        0.086697
MDMin:  265 03:15:10    -2397.333068        0.087898
MDMin:  266 03:15:13    -2397.333106        0.088817
MDMin:  267 03:15:14    -2397.333140        0.089662
MDMin:  268 03:15:16    -2397.333174        0.090520
MDMin:  269 03:15:18    -2397.333209        0.091405
MDMin:  270 03:15:20    -2397.333244        0.092320
MDMin:  271 03:15:22    -2397.333280        0.093265
MDMin:  272 03:15:24    -2397.333317        0.094239
MDMin:  273 03:15:26    -2397.333354        0.095242
MDMin:  274 03:15:28    -2397.333392        0.096275
MDMin:  275 03:15:30    -2397.333431        0.097335
MDMin:  276 03:15:32    -2397.333470        0.098423
MDMin:  277 03:15:34    -2397.333511        0.099538
MDMin:  278 03:15:37    -2397.333551        0.100679
MDMin:  279 03:15:39    -2397.333593        0.101843
MDMin:  280 03:15:41    -2397.333634        0.103031
MDMin:  281 03:15:43    -2397.333677        0.104239
MDMin:  282 03:15:45    -2397.333720        0.105466
MDMin:  283 03:15:47    -2397.333764        0.106710
MDMin:  284 03:15:49    -2397.333809        0.107968
MDMin:  285 03:15:51    -2397.333854        0.109236
MDMin:  286 03:15:53    -2397.333899        0.110513
MDMin:  287 03:15:55    -2397.333946        0.111793
MDMin:  288 03:15:57    -2397.333992        0.113074
MDMin:  289 03:15:59    -2397.334040        0.114351
MDMin:  290 03:16:01    -2397.334088        0.115618
MDMin:  291 03:16:04    -2397.334137        0.116872
MDMin:  292 03:16:06    -2397.334186        0.118106
MDMin:  293 03:16:08    -2397.334236        0.119315
MDMin:  294 03:16:10    -2397.334286        0.120493
MDMin:  295 03:16:13    -2397.334337        0.121633
MDMin:  296 03:16:15    -2397.334388        0.122728
MDMin:  297 03:16:17    -2397.334440        0.123772
MDMin:  298 03:16:19    -2397.334493        0.124756
MDMin:  299 03:16:21    -2397.334546        0.125673
MDMin:  300 03:16:23    -2397.334600        0.126514
MDMin:  301 03:16:25    -2397.334655        0.127273
MDMin:  302 03:16:26    -2397.334710        0.127941
MDMin:  303 03:16:28    -2397.334765        0.128509
MDMin:  304 03:16:30    -2397.334822        0.128970
MDMin:  305 03:16:33    -2397.334879        0.129316
MDMin:  306 03:16:35    -2397.334936        0.129538
MDMin:  307 03:16:36    -2397.334994        0.129630
MDMin:  308 03:16:38    -2397.335053        0.131737
MDMin:  309 03:16:40    -2397.335113        0.134130
MDMin:  310 03:16:43    -2397.335173        0.136533
MDMin:  311 03:16:45    -2397.335235        0.138943
MDMin:  312 03:16:47    -2397.335297        0.141354
MDMin:  313 03:16:49    -2397.335359        0.143762
MDMin:  314 03:16:51    -2397.335423        0.146160
MDMin:  315 03:16:53    -2397.335487        0.148544
MDMin:  316 03:16:55    -2397.335553        0.150905
MDMin:  317 03:16:57    -2397.335619        0.153238
MDMin:  318 03:16:59    -2397.335686        0.155535
MDMin:  319 03:17:01    -2397.335755        0.157788
MDMin:  320 03:17:04    -2397.335824        0.159988
MDMin:  321 03:17:06    -2397.335894        0.162127
MDMin:  322 03:17:08    -2397.335966        0.164194
MDMin:  323 03:17:10    -2397.336039        0.166180
MDMin:  324 03:17:12    -2397.336113        0.168074
MDMin:  325 03:17:14    -2397.336188        0.169864
MDMin:  326 03:17:16    -2397.336265        0.171540
MDMin:  327 03:17:19    -2397.336343        0.173089
MDMin:  328 03:17:21    -2397.336422        0.174499
MDMin:  329 03:17:23    -2397.336504        0.175758
MDMin:  330 03:17:25    -2397.336586        0.176853
MDMin:  331 03:17:27    -2397.336671        0.177773
MDMin:  332 03:17:29    -2397.336757        0.178504
MDMin:  333 03:17:30    -2397.336845        0.179037
MDMin:  334 03:17:32    -2397.336935        0.179359
MDMin:  335 03:17:34    -2397.337027        0.179462
MDMin:  336 03:17:37    -2397.337122        0.179338
MDMin:  337 03:17:39    -2397.337218        0.178978
MDMin:  338 03:17:41    -2397.337317        0.178378
MDMin:  339 03:17:43    -2397.337419        0.177533
MDMin:  340 03:17:44    -2397.337523        0.176441
MDMin:  341 03:17:45    -2397.337629        0.175103
MDMin:  342 03:17:47    -2397.337739        0.173520
MDMin:  343 03:17:49    -2397.337852        0.171695
MDMin:  344 03:17:50    -2397.337967        0.169636
MDMin:  345 03:17:52    -2397.338086        0.167348
MDMin:  346 03:17:54    -2397.338209        0.164841
MDMin:  347 03:17:57    -2397.338335        0.162126
MDMin:  348 03:17:59    -2397.338465        0.159215
MDMin:  349 03:18:01    -2397.338599        0.156122
MDMin:  350 03:18:03    -2397.338737        0.152860
MDMin:  351 03:18:04    -2397.338879        0.149445
MDMin:  352 03:18:06    -2397.339026        0.145893
MDMin:  353 03:18:09    -2397.339178        0.142220
MDMin:  354 03:18:10    -2397.339334        0.138442
MDMin:  355 03:18:12    -2397.339495        0.134577
MDMin:  356 03:18:14    -2397.339662        0.130652
MDMin:  357 03:18:16    -2397.339833        0.126693
MDMin:  358 03:18:18    -2397.340010        0.122714
MDMin:  359 03:18:20    -2397.340193        0.118730
MDMin:  360 03:18:22    -2397.340381        0.114759
MDMin:  361 03:18:24    -2397.340575        0.110818
MDMin:  362 03:18:26    -2397.340772        0.111530
MDMin:  363 03:18:29    -2397.340966        0.114627
MDMin:  364 03:18:31    -2397.341121        0.158515
MDMin:  365 03:18:32    -2397.341197        0.118392
MDMin:  366 03:18:35    -2397.341264        0.119495
MDMin:  367 03:18:36    -2397.341332        0.120640
MDMin:  368 03:18:38    -2397.341403        0.121832
MDMin:  369 03:18:39    -2397.341476        0.123072
MDMin:  370 03:18:42    -2397.341550        0.124364
MDMin:  371 03:18:44    -2397.341627        0.125707
MDMin:  372 03:18:46    -2397.341706        0.127105
MDMin:  373 03:18:48    -2397.341787        0.128558
MDMin:  374 03:18:50    -2397.341870        0.130069
MDMin:  375 03:18:52    -2397.341955        0.131640
MDMin:  376 03:18:53    -2397.342043        0.133272
MDMin:  377 03:18:55    -2397.342132        0.134968
MDMin:  378 03:18:57    -2397.342224        0.136730
MDMin:  379 03:18:59    -2397.342318        0.138559
MDMin:  380 03:19:01    -2397.342414        0.140458
MDMin:  381 03:19:03    -2397.342513        0.142428
MDMin:  382 03:19:05    -2397.342613        0.144472
MDMin:  383 03:19:07    -2397.342716        0.146592
MDMin:  384 03:19:09    -2397.342821        0.148788
MDMin:  385 03:19:11    -2397.342928        0.151063
MDMin:  386 03:19:13    -2397.343037        0.153418
MDMin:  387 03:19:15    -2397.343148        0.155854
MDMin:  388 03:19:17    -2397.343262        0.158373
MDMin:  389 03:19:18    -2397.343377        0.160975
MDMin:  390 03:19:19    -2397.343494        0.163659
MDMin:  391 03:19:21    -2397.343614        0.166427
MDMin:  392 03:19:22    -2397.343735        0.169278
MDMin:  393 03:19:24    -2397.343858        0.172210
MDMin:  394 03:19:26    -2397.343983        0.175221
MDMin:  395 03:19:28    -2397.344110        0.178310
MDMin:  396 03:19:30    -2397.344239        0.181473
MDMin:  397 03:19:32    -2397.344369        0.184706
MDMin:  398 03:19:35    -2397.344502        0.188003
MDMin:  399 03:19:37    -2397.344635        0.191360
MDMin:  400 03:19:39    -2397.344771        0.194769
MDMin:  401 03:19:41    -2397.344908        0.198222
MDMin:  402 03:19:43    -2397.345046        0.201710
MDMin:  403 03:19:45    -2397.345186        0.205221
MDMin:  404 03:19:47    -2397.345327        0.208744
MDMin:  405 03:19:49    -2397.345470        0.212266
MDMin:  406 03:19:51    -2397.345613        0.215772
MDMin:  407 03:19:53    -2397.345758        0.219245
MDMin:  408 03:19:55    -2397.345905        0.222670
MDMin:  409 03:19:57    -2397.346052        0.226026
MDMin:  410 03:19:59    -2397.346201        0.229295
MDMin:  411 03:20:00    -2397.346351        0.232457
MDMin:  412 03:20:02    -2397.346502        0.235489
MDMin:  413 03:20:04    -2397.346654        0.238371
MDMin:  414 03:20:05    -2397.346807        0.241080
MDMin:  415 03:20:07    -2397.346962        0.243594
MDMin:  416 03:20:08    -2397.347117        0.245891
MDMin:  417 03:20:09    -2397.347274        0.247950
MDMin:  418 03:20:11    -2397.347432        0.249750
MDMin:  419 03:20:12    -2397.347591        0.251272
MDMin:  420 03:20:14    -2397.347751        0.252498
MDMin:  421 03:20:16    -2397.347912        0.253412
MDMin:  422 03:20:17    -2397.348075        0.254000
MDMin:  423 03:20:19    -2397.348238        0.254251
MDMin:  424 03:20:21    -2397.348404        0.254155
MDMin:  425 03:20:23    -2397.348570        0.253707
MDMin:  426 03:20:25    -2397.348738        0.252903
MDMin:  427 03:20:27    -2397.348907        0.251743
MDMin:  428 03:20:29    -2397.349077        0.250228
MDMin:  429 03:20:31    -2397.349249        0.248365
MDMin:  430 03:20:33    -2397.349422        0.246161
MDMin:  431 03:20:35    -2397.349597        0.243627
MDMin:  432 03:20:37    -2397.349774        0.240777
MDMin:  433 03:20:39    -2397.349951        0.237632
MDMin:  434 03:20:41    -2397.350131        0.234246
MDMin:  435 03:20:43    -2397.350311        0.230648
MDMin:  436 03:20:45    -2397.350493        0.226881
MDMin:  437 03:20:47    -2397.350677        0.222997
MDMin:  438 03:20:48    -2397.350862        0.219020
MDMin:  439 03:20:50    -2397.351048        0.214975
MDMin:  440 03:20:52    -2397.351236        0.210886
MDMin:  441 03:20:54    -2397.351424        0.206777
MDMin:  442 03:20:56    -2397.351614        0.202671
MDMin:  443 03:20:58    -2397.351804        0.201049
MDMin:  444 03:20:59    -2397.351996        0.204421
MDMin:  445 03:21:01    -2397.352187        0.207973
MDMin:  446 03:21:03    -2397.352380        0.211737
MDMin:  447 03:21:05    -2397.352572        0.215742
MDMin:  448 03:21:06    -2397.352765        0.220022
MDMin:  449 03:21:08    -2397.352957        0.224607
MDMin:  450 03:21:10    -2397.353149        0.229528
MDMin:  451 03:21:11    -2397.353341        0.234808
MDMin:  452 03:21:12    -2397.353532        0.240466
MDMin:  453 03:21:14    -2397.353721        0.246509
MDMin:  454 03:21:16    -2397.353910        0.252930
MDMin:  455 03:21:18    -2397.354096        0.259700
MDMin:  456 03:21:20    -2397.354282        0.266770
MDMin:  457 03:21:22    -2397.354465        0.274059
MDMin:  458 03:21:24    -2397.354646        0.281453
MDMin:  459 03:21:26    -2397.354826        0.288804
MDMin:  460 03:21:28    -2397.355004        0.295928
MDMin:  461 03:21:30    -2397.355180        0.302609
MDMin:  462 03:21:32    -2397.355354        0.308603
MDMin:  463 03:21:34    -2397.355527        0.313655
MDMin:  464 03:21:35    -2397.355698        0.317509
MDMin:  465 03:21:36    -2397.355868        0.319931
MDMin:  466 03:21:38    -2397.356035        0.320750
MDMin:  467 03:21:40    -2397.356196        0.319935
MDMin:  468 03:21:42    -2397.356345        0.317742
MDMin:  469 03:21:43    -2397.356472        0.314777
MDMin:  470 03:21:45    -2397.356579        0.311566
MDMin:  471 03:21:47    -2397.356675        0.308104
MDMin:  472 03:21:49    -2397.356771        0.304237
MDMin:  473 03:21:51    -2397.356867        0.299901
MDMin:  474 03:21:53    -2397.356966        0.295089
MDMin:  475 03:21:56    -2397.357066        0.289820
MDMin:  476 03:21:58    -2397.357170        0.284121
MDMin:  477 03:22:00    -2397.357275        0.278029
MDMin:  478 03:22:02    -2397.357383        0.271589
MDMin:  479 03:22:04    -2397.357494        0.264848
MDMin:  480 03:22:06    -2397.357608        0.257858
MDMin:  481 03:22:09    -2397.357726        0.250674
MDMin:  482 03:22:10    -2397.357846        0.243351
MDMin:  483 03:22:11    -2397.357969        0.235946
MDMin:  484 03:22:12    -2397.358097        0.228512
MDMin:  485 03:22:15    -2397.358227        0.221103
MDMin:  486 03:22:17    -2397.358362        0.213765
MDMin:  487 03:22:19    -2397.358500        0.206545
MDMin:  488 03:22:21    -2397.358643        0.199480
MDMin:  489 03:22:23    -2397.358789        0.192604
MDMin:  490 03:22:25    -2397.358940        0.185945
MDMin:  491 03:22:27    -2397.359095        0.179524
MDMin:  492 03:22:29    -2397.359254        0.173358
MDMin:  493 03:22:31    -2397.359418        0.167456
MDMin:  494 03:22:33    -2397.359587        0.161826
MDMin:  495 03:22:35    -2397.359759        0.156472
MDMin:  496 03:22:37    -2397.359935        0.151410
MDMin:  497 03:22:39    -2397.360112        0.146685
MDMin:  498 03:22:41    -2397.360282        0.142448
MDMin:  499 03:22:43    -2397.360430        0.139006
MDMin:  500 03:22:45    -2397.360541        0.136551
MDMin:  501 03:22:47    -2397.360633        0.134794
MDMin:  502 03:22:49    -2397.360722        0.133860
MDMin:  503 03:22:51    -2397.360813        0.132915
MDMin:  504 03:22:53    -2397.360907        0.131952
MDMin:  505 03:22:55    -2397.361002        0.130972
MDMin:  506 03:22:57    -2397.361100        0.129975
MDMin:  507 03:22:59    -2397.361201        0.128961
MDMin:  508 03:23:02    -2397.361304        0.127930
MDMin:  509 03:23:04    -2397.361409        0.126882
MDMin:  510 03:23:06    -2397.361517        0.125819
MDMin:  511 03:23:07    -2397.361627        0.124739
MDMin:  512 03:23:09    -2397.361740        0.123644
MDMin:  513 03:23:11    -2397.361855        0.122533
MDMin:  514 03:23:13    -2397.361972        0.121408
MDMin:  515 03:23:14    -2397.362092        0.120269
MDMin:  516 03:23:16    -2397.362213        0.119117
MDMin:  517 03:23:18    -2397.362337        0.117953
MDMin:  518 03:23:20    -2397.362464        0.116779
MDMin:  519 03:23:22    -2397.362592        0.115597
MDMin:  520 03:23:24    -2397.362722        0.114409
MDMin:  521 03:23:26    -2397.362854        0.113218
MDMin:  522 03:23:28    -2397.362988        0.112028
MDMin:  523 03:23:30    -2397.363123        0.110843
MDMin:  524 03:23:32    -2397.363260        0.109669
MDMin:  525 03:23:34    -2397.363398        0.112217
MDMin:  526 03:23:36    -2397.363536        0.116915
MDMin:  527 03:23:38    -2397.363676        0.121732
MDMin:  528 03:23:40    -2397.363817        0.126590
MDMin:  529 03:23:42    -2397.363957        0.131389
MDMin:  530 03:23:44    -2397.364099        0.136006
MDMin:  531 03:23:46    -2397.364241        0.140297
MDMin:  532 03:23:48    -2397.364383        0.144114
MDMin:  533 03:23:50    -2397.364525        0.147319
MDMin:  534 03:23:52    -2397.364668        0.149807
MDMin:  535 03:23:54    -2397.364812        0.151529
MDMin:  536 03:23:56    -2397.364957        0.152509
MDMin:  537 03:23:58    -2397.365103        0.152840
MDMin:  538 03:24:00    -2397.365251        0.152668
MDMin:  539 03:24:02    -2397.365400        0.152149
MDMin:  540 03:24:05    -2397.365551        0.151408
MDMin:  541 03:24:07    -2397.365703        0.150523
MDMin:  542 03:24:08    -2397.365858        0.149512
MDMin:  543 03:24:10    -2397.366015        0.148363
MDMin:  544 03:24:12    -2397.366174        0.147047
MDMin:  545 03:24:14    -2397.366336        0.145535
MDMin:  546 03:24:15    -2397.366499        0.143811
MDMin:  547 03:24:17    -2397.366666        0.141867
MDMin:  548 03:24:19    -2397.366834        0.139707
MDMin:  549 03:24:20    -2397.367004        0.137350
MDMin:  550 03:24:22    -2397.367172        0.134860
MDMin:  551 03:24:24    -2397.367327        0.132423
MDMin:  552 03:24:26    -2397.367448        0.130449
MDMin:  553 03:24:28    -2397.367531        0.129058
MDMin:  554 03:24:30    -2397.367606        0.127790
MDMin:  555 03:24:31    -2397.367681        0.126497
MDMin:  556 03:24:33    -2397.367758        0.125165
MDMin:  557 03:24:35    -2397.367837        0.123791
MDMin:  558 03:24:37    -2397.367917        0.122377
MDMin:  559 03:24:39    -2397.368000        0.120923
MDMin:  560 03:24:41    -2397.368084        0.119431
MDMin:  561 03:24:42    -2397.368170        0.117902
MDMin:  562 03:24:44    -2397.368258        0.116337
MDMin:  563 03:24:45    -2397.368348        0.114738
MDMin:  564 03:24:47    -2397.368439        0.113108
MDMin:  565 03:24:49    -2397.368532        0.111448
MDMin:  566 03:24:51    -2397.368627        0.109761
MDMin:  567 03:24:53    -2397.368724        0.108050
MDMin:  568 03:24:55    -2397.368822        0.106318
MDMin:  569 03:24:57    -2397.368923        0.104567
MDMin:  570 03:24:59    -2397.369025        0.102800
MDMin:  571 03:25:01    -2397.369128        0.101022
MDMin:  572 03:25:03    -2397.369234        0.099234
MDMin:  573 03:25:05    -2397.369341        0.098475
MDMin:  574 03:25:07    -2397.369450        0.097973
MDMin:  575 03:25:09    -2397.369560        0.097484
MDMin:  576 03:25:11    -2397.369672        0.097011
MDMin:  577 03:25:13    -2397.369785        0.096553
MDMin:  578 03:25:15    -2397.369901        0.096111
MDMin:  579 03:25:17    -2397.370017        0.095686
MDMin:  580 03:25:19    -2397.370135        0.095279
MDMin:  581 03:25:21    -2397.370255        0.094889
MDMin:  582 03:25:23    -2397.370376        0.094515
MDMin:  583 03:25:24    -2397.370499        0.094158
MDMin:  584 03:25:26    -2397.370623        0.093816
MDMin:  585 03:25:28    -2397.370748        0.093489
MDMin:  586 03:25:29    -2397.370875        0.093174
MDMin:  587 03:25:31    -2397.371003        0.092870
MDMin:  588 03:25:33    -2397.371132        0.092575
MDMin:  589 03:25:35    -2397.371263        0.092287
MDMin:  590 03:25:37    -2397.371395        0.092003
MDMin:  591 03:25:39    -2397.371528        0.091720
MDMin:  592 03:25:41    -2397.371663        0.091436
MDMin:  593 03:25:43    -2397.371798        0.091147
MDMin:  594 03:25:45    -2397.371935        0.090850
MDMin:  595 03:25:47    -2397.372073        0.090543
MDMin:  596 03:25:49    -2397.372213        0.090220
MDMin:  597 03:25:51    -2397.372353        0.089880
MDMin:  598 03:25:53    -2397.372495        0.089518
MDMin:  599 03:25:55    -2397.372638        0.089130
MDMin:  600 03:25:57    -2397.372782        0.088715
MDMin:  601 03:25:59    -2397.372927        0.088269
MDMin:  602 03:26:01    -2397.373072        0.087795
MDMin:  603 03:26:02    -2397.373216        0.087297
MDMin:  604 03:26:04    -2397.373353        0.089063
MDMin:  605 03:26:05    -2397.373467        0.104776
MDMin:  606 03:26:07    -2397.373549        0.086024
MDMin:  607 03:26:09    -2397.373615        0.085748
MDMin:  608 03:26:11    -2397.373680        0.085469
MDMin:  609 03:26:13    -2397.373746        0.085179
MDMin:  610 03:26:15    -2397.373814        0.084876
MDMin:  611 03:26:17    -2397.373883        0.084559
MDMin:  612 03:26:19    -2397.373953        0.084228
MDMin:  613 03:26:21    -2397.374024        0.083882
MDMin:  614 03:26:23    -2397.374097        0.083520
MDMin:  615 03:26:25    -2397.374171        0.083143
MDMin:  616 03:26:27    -2397.374246        0.082749
MDMin:  617 03:26:28    -2397.374323        0.082338
MDMin:  618 03:26:29    -2397.374401        0.081910
MDMin:  619 03:26:30    -2397.374480        0.081463
MDMin:  620 03:26:32    -2397.374561        0.080998
MDMin:  621 03:26:34    -2397.374642        0.080514
MDMin:  622 03:26:36    -2397.374725        0.080009
MDMin:  623 03:26:38    -2397.374810        0.079485
MDMin:  624 03:26:39    -2397.374895        0.078940
MDMin:  625 03:26:41    -2397.374982        0.078374
MDMin:  626 03:26:43    -2397.375071        0.077786
MDMin:  627 03:26:45    -2397.375160        0.077177
MDMin:  628 03:26:47    -2397.375251        0.076545
MDMin:  629 03:26:49    -2397.375343        0.075890
MDMin:  630 03:26:51    -2397.375437        0.075213
MDMin:  631 03:26:53    -2397.375531        0.074513
MDMin:  632 03:26:55    -2397.375628        0.073789
MDMin:  633 03:26:57    -2397.375725        0.073043
MDMin:  634 03:26:59    -2397.375824        0.072273
MDMin:  635 03:27:01    -2397.375924        0.071479
MDMin:  636 03:27:03    -2397.376025        0.070662
MDMin:  637 03:27:05    -2397.376128        0.069822
MDMin:  638 03:27:07    -2397.376232        0.068958
MDMin:  639 03:27:09    -2397.376337        0.068072
MDMin:  640 03:27:11    -2397.376444        0.067163
MDMin:  641 03:27:13    -2397.376552        0.066232
MDMin:  642 03:27:15    -2397.376662        0.065279
MDMin:  643 03:27:17    -2397.376772        0.064304
MDMin:  644 03:27:19    -2397.376885        0.063308
MDMin:  645 03:27:21    -2397.376998        0.062293
MDMin:  646 03:27:23    -2397.377114        0.061257
MDMin:  647 03:27:25    -2397.377230        0.060202
MDMin:  648 03:27:27    -2397.377348        0.059129
MDMin:  649 03:27:29    -2397.377468        0.058039
MDMin:  650 03:27:31    -2397.377589        0.056933
MDMin:  651 03:27:33    -2397.377711        0.055810
MDMin:  652 03:27:35    -2397.377835        0.054674
MDMin:  653 03:27:37    -2397.377961        0.053524
MDMin:  654 03:27:40    -2397.378088        0.052361
MDMin:  655 03:27:42    -2397.378216        0.051888
MDMin:  656 03:27:44    -2397.378347        0.051544
MDMin:  657 03:27:46    -2397.378479        0.051172
MDMin:  658 03:27:48    -2397.378612        0.050771
MDMin:  659 03:27:50    -2397.378748        0.050343
MDMin:  660 03:27:51    -2397.378885        0.049885
