       Step     Time          Energy          fmax
MDMin:    0 00:09:31    -2397.583707        0.148322
MDMin:    1 00:09:33    -2397.583707        0.148304
MDMin:    2 00:09:35    -2397.583707        0.148250
MDMin:    3 00:09:37    -2397.583706        0.148160
MDMin:    4 00:09:39    -2397.583706        0.148035
MDMin:    5 00:09:41    -2397.583705        0.147873
MDMin:    6 00:09:43    -2397.583704        0.147676
MDMin:    7 00:09:45    -2397.583703        0.147444
MDMin:    8 00:09:47    -2397.583702        0.147177
MDMin:    9 00:09:49    -2397.583700        0.146875
MDMin:   10 00:09:51    -2397.583699        0.146538
MDMin:   11 00:09:53    -2397.583697        0.146167
MDMin:   12 00:09:55    -2397.583695        0.145762
MDMin:   13 00:09:57    -2397.583693        0.145325
MDMin:   14 00:09:59    -2397.583691        0.144854
MDMin:   15 00:10:02    -2397.583689        0.144350
MDMin:   16 00:10:04    -2397.583687        0.143816
MDMin:   17 00:10:06    -2397.583684        0.143249
MDMin:   18 00:10:07    -2397.583681        0.142652
MDMin:   19 00:10:09    -2397.583679        0.142026
MDMin:   20 00:10:11    -2397.583676        0.141370
MDMin:   21 00:10:13    -2397.583673        0.140685
MDMin:   22 00:10:15    -2397.583669        0.139973
MDMin:   23 00:10:17    -2397.583666        0.139234
MDMin:   24 00:10:19    -2397.583663        0.138469
MDMin:   25 00:10:21    -2397.583659        0.137678
MDMin:   26 00:10:23    -2397.583656        0.136864
MDMin:   27 00:10:25    -2397.583652        0.136026
MDMin:   28 00:10:27    -2397.583648        0.135165
MDMin:   29 00:10:29    -2397.583644        0.134284
MDMin:   30 00:10:32    -2397.583640        0.133382
MDMin:   31 00:10:34    -2397.583636        0.132461
MDMin:   32 00:10:36    -2397.583632        0.131522
MDMin:   33 00:10:38    -2397.583628        0.130567
MDMin:   34 00:10:39    -2397.583623        0.129597
MDMin:   35 00:10:41    -2397.583619        0.128613
MDMin:   36 00:10:43    -2397.583615        0.127618
MDMin:   37 00:10:45    -2397.583610        0.126613
MDMin:   38 00:10:47    -2397.583606        0.125664
MDMin:   39 00:10:49    -2397.583602        0.124814
MDMin:   40 00:10:51    -2397.583597        0.123954
MDMin:   41 00:10:53    -2397.583593        0.123087
MDMin:   42 00:10:55    -2397.583588        0.122212
MDMin:   43 00:10:57    -2397.583584        0.121331
MDMin:   44 00:10:59    -2397.583579        0.120445
MDMin:   45 00:11:01    -2397.583575        0.119557
MDMin:   46 00:11:03    -2397.583571        0.118666
MDMin:   47 00:11:05    -2397.583566        0.117775
MDMin:   48 00:11:07    -2397.583562        0.116885
MDMin:   49 00:11:09    -2397.583558        0.115998
MDMin:   50 00:11:12    -2397.583554        0.115115
MDMin:   51 00:11:13    -2397.583550        0.114238
MDMin:   52 00:11:15    -2397.583546        0.113369
MDMin:   53 00:11:17    -2397.583542        0.112509
MDMin:   54 00:11:19    -2397.583539        0.111660
MDMin:   55 00:11:21    -2397.583535        0.110825
MDMin:   56 00:11:23    -2397.583532        0.110006
MDMin:   57 00:11:25    -2397.583528        0.109204
MDMin:   58 00:11:27    -2397.583525        0.108421
MDMin:   59 00:11:29    -2397.583522        0.107661
MDMin:   60 00:11:31    -2397.583520        0.106924
MDMin:   61 00:11:33    -2397.583517        0.106214
MDMin:   62 00:11:35    -2397.583515        0.105533
MDMin:   63 00:11:37    -2397.583513        0.105211
MDMin:   64 00:11:39    -2397.583511        0.105031
MDMin:   65 00:11:41    -2397.583509        0.104943
MDMin:   66 00:11:43    -2397.583508        0.104955
MDMin:   67 00:11:45    -2397.583507        0.105073
MDMin:   68 00:11:47    -2397.583506        0.105304
MDMin:   69 00:11:49    -2397.583506        0.105653
MDMin:   70 00:11:51    -2397.583506        0.106130
MDMin:   71 00:11:53    -2397.583506        0.106740
MDMin:   72 00:11:55    -2397.583507        0.107491
MDMin:   73 00:11:57    -2397.583508        0.108392
MDMin:   74 00:11:59    -2397.583510        0.109451
MDMin:   75 00:12:01    -2397.583512        0.110675
MDMin:   76 00:12:03    -2397.583514        0.112073
MDMin:   77 00:12:05    -2397.583517        0.113655
MDMin:   78 00:12:07    -2397.583520        0.115427
MDMin:   79 00:12:09    -2397.583524        0.117400
MDMin:   80 00:12:11    -2397.583528        0.119581
MDMin:   81 00:12:13    -2397.583533        0.121979
MDMin:   82 00:12:15    -2397.583539        0.124600
MDMin:   83 00:12:17    -2397.583545        0.127451
MDMin:   84 00:12:19    -2397.583551        0.130539
MDMin:   85 00:12:21    -2397.583559        0.133866
MDMin:   86 00:12:23    -2397.583567        0.137436
MDMin:   87 00:12:25    -2397.583575        0.141248
MDMin:   88 00:12:27    -2397.583584        0.145298
MDMin:   89 00:12:29    -2397.583594        0.149583
MDMin:   90 00:12:30    -2397.583605        0.154091
MDMin:   91 00:12:32    -2397.583616        0.158809
MDMin:   92 00:12:34    -2397.583628        0.163719
MDMin:   93 00:12:36    -2397.583641        0.168800
MDMin:   94 00:12:38    -2397.583654        0.174023
MDMin:   95 00:12:40    -2397.583669        0.179357
MDMin:   96 00:12:42    -2397.583684        0.184765
MDMin:   97 00:12:44    -2397.583700        0.190208
MDMin:   98 00:12:46    -2397.583717        0.195644
MDMin:   99 00:12:48    -2397.583734        0.201026
MDMin:  100 00:12:50    -2397.583753        0.206311
MDMin:  101 00:12:52    -2397.583772        0.211453
MDMin:  102 00:12:54    -2397.583793        0.216413
MDMin:  103 00:12:56    -2397.583814        0.221152
MDMin:  104 00:12:58    -2397.583837        0.225642
MDMin:  105 00:13:00    -2397.583860        0.229860
MDMin:  106 00:13:02    -2397.583885        0.233796
MDMin:  107 00:13:04    -2397.583910        0.237449
MDMin:  108 00:13:06    -2397.583937        0.240835
MDMin:  109 00:13:08    -2397.583965        0.243982
MDMin:  110 00:13:09    -2397.583994        0.246930
MDMin:  111 00:13:11    -2397.584024        0.249736
MDMin:  112 00:13:13    -2397.584056        0.252469
MDMin:  113 00:13:15    -2397.584089        0.255209
MDMin:  114 00:13:17    -2397.584123        0.258043
MDMin:  115 00:13:19    -2397.584158        0.261067
MDMin:  116 00:13:21    -2397.584195        0.264379
MDMin:  117 00:13:23    -2397.584233        0.268075
MDMin:  118 00:13:25    -2397.584272        0.272252
MDMin:  119 00:13:27    -2397.584313        0.277008
MDMin:  120 00:13:28    -2397.584354        0.291785
MDMin:  121 00:13:30    -2397.584397        0.311563
MDMin:  122 00:13:31    -2397.584441        0.332009
MDMin:  123 00:13:33    -2397.584486        0.352784
MDMin:  124 00:13:35    -2397.584532        0.373365
MDMin:  125 00:13:37    -2397.584579        0.392989
MDMin:  126 00:13:39    -2397.584627        0.410620
MDMin:  127 00:13:41    -2397.584676        0.424917
MDMin:  128 00:13:43    -2397.584727        0.434243
MDMin:  129 00:13:45    -2397.584778        0.436729
MDMin:  130 00:13:47    -2397.584831        0.430422
MDMin:  131 00:13:49    -2397.584886        0.458513
MDMin:  132 00:13:51    -2397.584943        0.490403
MDMin:  133 00:13:53    -2397.585002        0.520882
MDMin:  134 00:13:55    -2397.585063        0.546443
MDMin:  135 00:13:57    -2397.585128        0.563211
MDMin:  136 00:13:59    -2397.585196        0.567661
MDMin:  137 00:14:00    -2397.585268        0.557384
MDMin:  138 00:14:02    -2397.585345        0.531614
MDMin:  139 00:14:04    -2397.585428        0.491263
MDMin:  140 00:14:06    -2397.585518        0.438495
MDMin:  141 00:14:08    -2397.585618        0.376329
MDMin:  142 00:14:10    -2397.585730        0.309808
MDMin:  143 00:14:12    -2397.585857        0.250827
MDMin:  144 00:14:15    -2397.586000        0.209543
MDMin:  145 00:14:16    -2397.586157        0.216190
MDMin:  146 00:14:18    -2397.586329        0.223399
MDMin:  147 00:14:20    -2397.586516        0.231127
MDMin:  148 00:14:22    -2397.586719        0.239426
MDMin:  149 00:14:24    -2397.586936        0.248216
MDMin:  150 00:14:25    -2397.587168        0.257567
MDMin:  151 00:14:26    -2397.587415        0.267487
MDMin:  152 00:14:28    -2397.587678        0.278050
MDMin:  153 00:14:30    -2397.587958        0.289327
MDMin:  154 00:14:32    -2397.588255        0.301383
MDMin:  155 00:14:34    -2397.588570        0.314308
MDMin:  156 00:14:36    -2397.588903        0.328202
MDMin:  157 00:14:38    -2397.589254        0.343181
MDMin:  158 00:14:40    -2397.589623        0.359377
MDMin:  159 00:14:42    -2397.590012        0.376930
MDMin:  160 00:14:44    -2397.590419        0.395996
MDMin:  161 00:14:46    -2397.590845        0.416737
MDMin:  162 00:14:48    -2397.591290        0.439323
MDMin:  163 00:14:50    -2397.591755        0.463932
MDMin:  164 00:14:52    -2397.592238        0.490752
MDMin:  165 00:14:54    -2397.592740        0.519983
MDMin:  166 00:14:56    -2397.593261        0.551836
MDMin:  167 00:14:58    -2397.593800        0.586528
MDMin:  168 00:15:00    -2397.594356        0.624278
MDMin:  169 00:15:02    -2397.594930        0.665300
MDMin:  170 00:15:04    -2397.595519        0.709862
MDMin:  171 00:15:06    -2397.596121        0.758523
MDMin:  172 00:15:08    -2397.596735        0.813497
MDMin:  173 00:15:10    -2397.597356        0.833766
MDMin:  174 00:15:12    -2397.597998        0.809469
MDMin:  175 00:15:14    -2397.598680        0.730585
MDMin:  176 00:15:16    -2397.599425        0.575377
MDMin:  177 00:15:18    -2397.600253        0.431933
MDMin:  178 00:15:20    -2397.601155        0.411389
MDMin:  179 00:15:22    -2397.601947        0.913501
MDMin:  180 00:15:24    -2397.602476        1.248404
MDMin:  181 00:15:26    -2397.602867        1.204542
MDMin:  182 00:15:28    -2397.603192        1.438343
MDMin:  183 00:15:30    -2397.603488        1.246172
MDMin:  184 00:15:32    -2397.603779        1.185330
MDMin:  185 00:15:34    -2397.604080        1.223115
MDMin:  186 00:15:36    -2397.604384        1.139182
MDMin:  187 00:15:37    -2397.604700        0.964233
MDMin:  188 00:15:38    -2397.605033        0.749062
MDMin:  189 00:15:40    -2397.605390        0.820339
MDMin:  190 00:15:41    -2397.605773        0.828114
MDMin:  191 00:15:42    -2397.606184        0.748377
MDMin:  192 00:15:43    -2397.606617        0.789191
MDMin:  193 00:15:45    -2397.607068        0.913666
MDMin:  194 00:15:46    -2397.607530        0.983138
MDMin:  195 00:15:47    -2397.607807        1.631084
MDMin:  196 00:15:48    -2397.607948        1.613802
MDMin:  197 00:15:49    -2397.608112        1.594397
MDMin:  198 00:15:51    -2397.608300        1.573028
MDMin:  199 00:15:53    -2397.608514        1.549929
MDMin:  200 00:15:55    -2397.608755        1.525381
MDMin:  201 00:15:57    -2397.609024        1.499678
MDMin:  202 00:15:59    -2397.609325        1.473093
MDMin:  203 00:16:01    -2397.609658        1.445859
MDMin:  204 00:16:03    -2397.610028        1.418171
MDMin:  205 00:16:05    -2397.610435        1.390183
MDMin:  206 00:16:07    -2397.610882        1.362011
MDMin:  207 00:16:09    -2397.611373        1.333737
MDMin:  208 00:16:11    -2397.611910        1.305413
MDMin:  209 00:16:12    -2397.612498        1.277061
MDMin:  210 00:16:14    -2397.613139        1.248676
MDMin:  211 00:16:17    -2397.613833        1.310386
MDMin:  212 00:16:19    -2397.614575        1.380802
MDMin:  213 00:16:20    -2397.615282        1.306500
MDMin:  214 00:16:22    -2397.615382        1.182446
MDMin:  215 00:16:23    -2397.615506        1.095790
MDMin:  216 00:16:24    -2397.615661        1.050351
MDMin:  217 00:16:26    -2397.615855        1.000842
MDMin:  218 00:16:28    -2397.616091        0.947967
MDMin:  219 00:16:29    -2397.616374        0.893234
MDMin:  220 00:16:31    -2397.616696        0.839204
MDMin:  221 00:16:32    -2397.617041        0.928624
MDMin:  222 00:16:34    -2397.617394        1.061274
MDMin:  223 00:16:36    -2397.617744        1.065467
MDMin:  224 00:16:38    -2397.618091        1.199007
MDMin:  225 00:16:40    -2397.618439        1.392761
MDMin:  226 00:16:42    -2397.618790        1.359231
MDMin:  227 00:16:44    -2397.619150        1.315644
MDMin:  228 00:16:46    -2397.619522        1.435688
MDMin:  229 00:16:48    -2397.619900        1.200740
MDMin:  230 00:16:50    -2397.620343        0.876459
MDMin:  231 00:16:52    -2397.620857        0.534205
MDMin:  232 00:16:54    -2397.621399        0.878328
MDMin:  233 00:16:56    -2397.621813        1.592173
MDMin:  234 00:16:58    -2397.622076        1.743585
MDMin:  235 00:17:00    -2397.622260        1.732734
MDMin:  236 00:17:02    -2397.622373        0.818107
MDMin:  237 00:17:04    -2397.622383        0.587014
MDMin:  238 00:17:06    -2397.622414        0.864951
MDMin:  239 00:17:08    -2397.622456        1.494663
MDMin:  240 00:17:09    -2397.622502        1.570639
MDMin:  241 00:17:10    -2397.622566        1.616205
MDMin:  242 00:17:11    -2397.622649        1.644756
MDMin:  243 00:17:13    -2397.622751        1.659427
MDMin:  244 00:17:15    -2397.622870        1.662207
MDMin:  245 00:17:17    -2397.623009        1.654936
MDMin:  246 00:17:19    -2397.623166        1.639420
MDMin:  247 00:17:21    -2397.623344        1.617413
MDMin:  248 00:17:23    -2397.623542        1.590583
MDMin:  249 00:17:25    -2397.623761        1.560482
MDMin:  250 00:17:27    -2397.624002        1.528523
MDMin:  251 00:17:28    -2397.624266        1.495948
MDMin:  252 00:17:30    -2397.624553        1.463786
MDMin:  253 00:17:32    -2397.624861        1.432817
MDMin:  254 00:17:34    -2397.625185        1.403535
MDMin:  255 00:17:36    -2397.625492        1.376139
MDMin:  256 00:17:37    -2397.626282        1.350732
MDMin:  257 00:17:40    -2397.626814        1.326872
MDMin:  258 00:17:41    -2397.627356        1.303973
MDMin:  259 00:17:43    -2397.627931        1.281467
MDMin:  260 00:17:45    -2397.628547        1.258756
MDMin:  261 00:17:46    -2397.629209        1.235261
MDMin:  262 00:17:48    -2397.629918        1.210464
MDMin:  263 00:17:49    -2397.630677        1.183956
MDMin:  264 00:17:50    -2397.631486        1.155477
MDMin:  265 00:17:52    -2397.632345        1.124985
MDMin:  266 00:17:54    -2397.633252        1.092709
MDMin:  267 00:17:56    -2397.634204        1.059192
MDMin:  268 00:17:58    -2397.635197        1.025299
MDMin:  269 00:18:00    -2397.636226        0.992164
MDMin:  270 00:18:02    -2397.637285        0.961081
MDMin:  271 00:18:04    -2397.638367        0.933351
MDMin:  272 00:18:06    -2397.639465        0.910086
MDMin:  273 00:18:08    -2397.640572        0.892060
MDMin:  274 00:18:10    -2397.641680        0.879603
MDMin:  275 00:18:12    -2397.642784        0.872566
MDMin:  276 00:18:14    -2397.643879        0.870357
MDMin:  277 00:18:16    -2397.644958        0.872040
MDMin:  278 00:18:18    -2397.646020        0.876479
MDMin:  279 00:18:20    -2397.647062        0.882493
MDMin:  280 00:18:22    -2397.648082        0.889011
MDMin:  281 00:18:24    -2397.649079        0.895188
MDMin:  282 00:18:26    -2397.650053        0.900464
MDMin:  283 00:18:28    -2397.651005        0.904554
MDMin:  284 00:18:30    -2397.651935        0.907371
MDMin:  285 00:18:32    -2397.652844        0.908947
MDMin:  286 00:18:34    -2397.653732        0.909371
MDMin:  287 00:18:36    -2397.654603        0.908781
MDMin:  288 00:18:38    -2397.655457        0.907396
MDMin:  289 00:18:40    -2397.656296        0.905532
MDMin:  290 00:18:42    -2397.657123        0.903597
MDMin:  291 00:18:43    -2397.657939        0.902021
MDMin:  292 00:18:46    -2397.658743        0.901177
MDMin:  293 00:18:47    -2397.659537        0.901308
MDMin:  294 00:18:49    -2397.660319        0.902497
MDMin:  295 00:18:51    -2397.661088        0.928204
MDMin:  296 00:18:53    -2397.661839        0.947687
MDMin:  297 00:18:55    -2397.662575        0.956392
MDMin:  298 00:18:57    -2397.663307        0.951938
MDMin:  299 00:18:58    -2397.663982        0.934423
MDMin:  300 00:19:00    -2397.664629        0.919281
MDMin:  301 00:19:02    -2397.665223        0.917089
MDMin:  302 00:19:04    -2397.665818        0.911891
MDMin:  303 00:19:06    -2397.666411        0.901609
MDMin:  304 00:19:08    -2397.666902        0.887735
MDMin:  305 00:19:10    -2397.667401        0.915232
MDMin:  306 00:19:12    -2397.667892        1.011324
MDMin:  307 00:19:14    -2397.668360        0.847131
MDMin:  308 00:19:16    -2397.668837        0.885454
MDMin:  309 00:19:19    -2397.669278        1.358360
MDMin:  310 00:19:21    -2397.669504        1.930254
MDMin:  311 00:19:23    -2397.669598        1.132603
MDMin:  312 00:19:25    -2397.669676        1.384349
MDMin:  313 00:19:27    -2397.669756        1.563164
MDMin:  314 00:19:29    -2397.669840        1.693700
MDMin:  315 00:19:31    -2397.669928        1.789479
MDMin:  316 00:19:33    -2397.670022        1.858158
MDMin:  317 00:19:35    -2397.670122        1.904457
MDMin:  318 00:19:36    -2397.670227        1.931602
MDMin:  319 00:19:37    -2397.670337        1.942203
MDMin:  320 00:19:39    -2397.670451        1.938800
MDMin:  321 00:19:41    -2397.670568        1.923636
MDMin:  322 00:19:43    -2397.670693        1.897619
MDMin:  323 00:19:44    -2397.670826        1.861562
MDMin:  324 00:19:46    -2397.670967        1.817022
MDMin:  325 00:19:48    -2397.671116        1.765560
MDMin:  326 00:19:50    -2397.671262        1.712833
MDMin:  327 00:19:52    -2397.671406        1.660549
MDMin:  328 00:19:54    -2397.671551        1.607949
MDMin:  329 00:19:56    -2397.671704        1.554150
MDMin:  330 00:19:58    -2397.671852        1.503811
MDMin:  331 00:20:00    -2397.671993        1.458123
MDMin:  332 00:20:03    -2397.672132        1.415170
MDMin:  333 00:20:04    -2397.672282        1.372045
MDMin:  334 00:20:06    -2397.672423        1.334216
MDMin:  335 00:20:08    -2397.672559        1.300187
MDMin:  336 00:20:10    -2397.672688        1.270199
MDMin:  337 00:20:12    -2397.672826        1.241153
MDMin:  338 00:20:14    -2397.672962        1.214921
MDMin:  339 00:20:16    -2397.673092        1.192039
MDMin:  340 00:20:18    -2397.673216        1.172294
MDMin:  341 00:20:20    -2397.673350        1.153247
MDMin:  342 00:20:22    -2397.673485        1.136597
MDMin:  343 00:20:24    -2397.673615        1.122509
MDMin:  344 00:20:26    -2397.673737        1.110823
MDMin:  345 00:20:28    -2397.673850        1.101916
MDMin:  346 00:20:30    -2397.673962        1.095187
MDMin:  347 00:20:32    -2397.674059        1.087826
MDMin:  348 00:20:34    -2397.674147        1.084357
MDMin:  349 00:20:36    -2397.674230        1.078342
MDMin:  350 00:20:38    -2397.674300        1.077009
MDMin:  351 00:20:40    -2397.674359        1.076643
MDMin:  352 00:20:42    -2397.674409        1.075946
MDMin:  353 00:20:44    -2397.674454        1.074871
MDMin:  354 00:20:46    -2397.674492        1.073861
MDMin:  355 00:20:48    -2397.674528        1.073217
MDMin:  356 00:20:50    -2397.674559        1.072656
MDMin:  357 00:20:52    -2397.674591        1.072253
MDMin:  358 00:20:54    -2397.674620        1.071857
MDMin:  359 00:20:56    -2397.674650        1.071460
MDMin:  360 00:20:58    -2397.674682        1.071192
MDMin:  361 00:21:00    -2397.674718        1.070734
MDMin:  362 00:21:02    -2397.674754        1.070243
MDMin:  363 00:21:04    -2397.674797        1.069647
MDMin:  364 00:21:06    -2397.674847        1.069035
MDMin:  365 00:21:08    -2397.674905        1.068474
MDMin:  366 00:21:10    -2397.674965        1.067900
MDMin:  367 00:21:12    -2397.675027        1.067491
MDMin:  368 00:21:14    -2397.675093        1.067618
MDMin:  369 00:21:16    -2397.675163        1.068489
MDMin:  370 00:21:18    -2397.675238        1.070039
MDMin:  371 00:21:20    -2397.675307        1.070623
MDMin:  372 00:21:23    -2397.675378        1.072684
MDMin:  373 00:21:25    -2397.675453        1.074061
MDMin:  374 00:21:27    -2397.675532        1.075383
MDMin:  375 00:21:29    -2397.675613        1.076621
MDMin:  376 00:21:30    -2397.675697        1.076136
MDMin:  377 00:21:32    -2397.675785        1.072877
MDMin:  378 00:21:34    -2397.675878        1.069857
MDMin:  379 00:21:36    -2397.675972        1.064711
MDMin:  380 00:21:38    -2397.676068        1.060619
MDMin:  381 00:21:40    -2397.676160        1.056307
MDMin:  382 00:21:42    -2397.676253        1.052314
MDMin:  383 00:21:44    -2397.676341        1.049332
MDMin:  384 00:21:46    -2397.676431        1.045818
MDMin:  385 00:21:48    -2397.676520        1.043200
MDMin:  386 00:21:50    -2397.676611        1.040008
MDMin:  387 00:21:52    -2397.676700        1.037367
MDMin:  388 00:21:54    -2397.676790        1.034178
MDMin:  389 00:21:56    -2397.676878        1.031318
MDMin:  390 00:21:58    -2397.676966        1.027836
MDMin:  391 00:22:00    -2397.677055        1.024269
MDMin:  392 00:22:02    -2397.677146        1.020029
MDMin:  393 00:22:04    -2397.677234        1.015689
MDMin:  394 00:22:06    -2397.677322        1.010793
MDMin:  395 00:22:08    -2397.677415        1.005256
MDMin:  396 00:22:10    -2397.677511        0.998884
MDMin:  397 00:22:12    -2397.677609        0.991796
MDMin:  398 00:22:14    -2397.677704        0.984351
MDMin:  399 00:22:16    -2397.677798        0.976492
MDMin:  400 00:22:18    -2397.677895        0.967825
MDMin:  401 00:22:20    -2397.677993        0.958406
MDMin:  402 00:22:22    -2397.678089        0.948700
MDMin:  403 00:22:24    -2397.678184        0.938572
MDMin:  404 00:22:26    -2397.678280        0.927923
MDMin:  405 00:22:28    -2397.678375        0.916912
MDMin:  406 00:22:30    -2397.678469        0.905697
MDMin:  407 00:22:32    -2397.678562        0.894107
MDMin:  408 00:22:34    -2397.678657        0.882193
MDMin:  409 00:22:36    -2397.678749        0.879738
MDMin:  410 00:22:38    -2397.678842        0.876287
MDMin:  411 00:22:40    -2397.678933        0.871905
MDMin:  412 00:22:42    -2397.679020        0.866792
MDMin:  413 00:22:44    -2397.679106        0.860902
MDMin:  414 00:22:46    -2397.679189        0.854313
MDMin:  415 00:22:48    -2397.679268        0.847367
MDMin:  416 00:22:50    -2397.679342        0.840114
MDMin:  417 00:22:52    -2397.679414        0.832444
MDMin:  418 00:22:54    -2397.679481        0.824875
MDMin:  419 00:22:56    -2397.679548        0.816806
MDMin:  420 00:22:58    -2397.679612        0.808538
MDMin:  421 00:23:00    -2397.679673        0.800305
MDMin:  422 00:23:02    -2397.679736        0.791479
MDMin:  423 00:23:04    -2397.679800        0.792511
MDMin:  424 00:23:06    -2397.679861        0.772683
MDMin:  425 00:23:09    -2397.679925        0.762613
MDMin:  426 00:23:11    -2397.679990        0.801237
MDMin:  427 00:23:13    -2397.680053        0.741329
MDMin:  428 00:23:15    -2397.680121        0.729683
MDMin:  429 00:23:17    -2397.680184        0.718538
MDMin:  430 00:23:19    -2397.680245        0.707406
MDMin:  431 00:23:21    -2397.680307        0.741326
MDMin:  432 00:23:23    -2397.680368        0.715647
MDMin:  433 00:23:25    -2397.680429        0.721827
MDMin:  434 00:23:27    -2397.680486        0.727703
MDMin:  435 00:23:29    -2397.680545        0.770414
MDMin:  436 00:23:31    -2397.680603        0.739815
MDMin:  437 00:23:33    -2397.680663        0.746135
MDMin:  438 00:23:35    -2397.680723        0.752621
MDMin:  439 00:23:37    -2397.680783        0.759299
MDMin:  440 00:23:39    -2397.680845        0.771561
MDMin:  441 00:23:41    -2397.680908        0.773068
MDMin:  442 00:23:43    -2397.680971        0.779653
MDMin:  443 00:23:45    -2397.681035        0.786245
MDMin:  444 00:23:47    -2397.681099        0.792418
MDMin:  445 00:23:49    -2397.681164        0.798690
MDMin:  446 00:23:51    -2397.681227        0.805046
MDMin:  447 00:23:52    -2397.681292        0.811881
MDMin:  448 00:23:54    -2397.681355        0.818805
MDMin:  449 00:23:55    -2397.681419        0.826098
MDMin:  450 00:23:56    -2397.681486        0.833780
MDMin:  451 00:23:58    -2397.681552        0.841523
MDMin:  452 00:23:59    -2397.681620        0.849408
MDMin:  453 00:24:01    -2397.681690        0.857635
MDMin:  454 00:24:03    -2397.681762        0.865987
MDMin:  455 00:24:05    -2397.681834        0.874226
MDMin:  456 00:24:07    -2397.681908        0.882428
MDMin:  457 00:24:09    -2397.681984        0.890824
MDMin:  458 00:24:12    -2397.682062        0.899217
MDMin:  459 00:24:14    -2397.682139        0.907512
MDMin:  460 00:24:16    -2397.682218        0.915943
MDMin:  461 00:24:18    -2397.682294        0.924220
MDMin:  462 00:24:20    -2397.682371        0.932730
MDMin:  463 00:24:22    -2397.682450        0.941842
MDMin:  464 00:24:24    -2397.682529        0.951403
MDMin:  465 00:24:26    -2397.682608        0.961646
MDMin:  466 00:24:28    -2397.682690        0.973290
MDMin:  467 00:24:30    -2397.682777        0.986420
MDMin:  468 00:24:32    -2397.682865        1.000669
MDMin:  469 00:24:34    -2397.682952        1.015167
MDMin:  470 00:24:36    -2397.683037        1.029535
MDMin:  471 00:24:38    -2397.683124        1.043729
MDMin:  472 00:24:40    -2397.683204        1.055645
MDMin:  473 00:24:42    -2397.683286        1.066317
MDMin:  474 00:24:44    -2397.683369        1.074895
MDMin:  475 00:24:46    -2397.683452        1.079996
MDMin:  476 00:24:48    -2397.683535        1.079804
MDMin:  477 00:24:50    -2397.683617        1.070908
MDMin:  478 00:24:52    -2397.683696        1.046032
MDMin:  479 00:24:54    -2397.683772        0.964730
MDMin:  480 00:24:56    -2397.683851        0.970170
MDMin:  481 00:24:58    -2397.683931        0.975585
MDMin:  482 00:25:00    -2397.684013        0.978778
MDMin:  483 00:25:02    -2397.684096        0.978355
MDMin:  484 00:25:04    -2397.684178        0.973134
MDMin:  485 00:25:06    -2397.684260        0.961915
MDMin:  486 00:25:08    -2397.684343        0.943277
MDMin:  487 00:25:10    -2397.684426        0.915312
MDMin:  488 00:25:12    -2397.684509        0.875247
MDMin:  489 00:25:14    -2397.684592        0.817283
MDMin:  490 00:25:16    -2397.684675        0.836695
MDMin:  491 00:25:18    -2397.684755        0.875872
MDMin:  492 00:25:20    -2397.684831        0.920194
MDMin:  493 00:25:22    -2397.684900        0.961801
MDMin:  494 00:25:24    -2397.684961        0.995753
MDMin:  495 00:25:25    -2397.685012        1.018986
MDMin:  496 00:25:27    -2397.685053        1.029835
MDMin:  497 00:25:29    -2397.685079        1.027674
MDMin:  498 00:25:31    -2397.685090        1.012638
MDMin:  499 00:25:33    -2397.685080        0.985452
MDMin:  500 00:25:34    -2397.685045        0.947311
MDMin:  501 00:25:36    -2397.684981        0.899826
MDMin:  502 00:25:38    -2397.684879        0.844973
MDMin:  503 00:25:40    -2397.684731        0.785064
MDMin:  504 00:25:42    -2397.684527        0.722656
MDMin:  505 00:25:44    -2397.684254        0.660417
MDMin:  506 00:25:46    -2397.683897        0.600930
MDMin:  507 00:25:48    -2397.683439        0.546459
MDMin:  508 00:25:51    -2397.682861        0.498729
MDMin:  509 00:25:53    -2397.682142        0.501965
MDMin:  510 00:25:55    -2397.681332        0.505002
MDMin:  511 00:25:56    -2397.680577        0.503871
MDMin:  512 00:25:59    -2397.679700        0.499981
MDMin:  513 00:26:01    -2397.678673        0.493542
MDMin:  514 00:26:03    -2397.677469        0.484801
MDMin:  515 00:26:05    -2397.676056        0.474057
MDMin:  516 00:26:07    -2397.674398        0.461652
MDMin:  517 00:26:09    -2397.672452        0.471936
MDMin:  518 00:26:11    -2397.670170        0.499172
MDMin:  519 00:26:13    -2397.667502        0.529248
MDMin:  520 00:26:15    -2397.664393        0.562161
MDMin:  521 00:26:17    -2397.660791        0.597731
MDMin:  522 00:26:19    -2397.656653        0.635548
MDMin:  523 00:26:21    -2397.651950        0.674941
MDMin:  524 00:26:23    -2397.646671        0.714960
MDMin:  525 00:26:25    -2397.640831        0.754409
MDMin:  526 00:26:27    -2397.634469        0.791887
MDMin:  527 00:26:29    -2397.627651        0.825870
MDMin:  528 00:26:31    -2397.620467        0.854820
MDMin:  529 00:26:33    -2397.613026        0.877336
MDMin:  530 00:26:35    -2397.605457        0.891969
MDMin:  531 00:26:37    -2397.597893        0.897497
MDMin:  532 00:26:39    -2397.590465        0.893076
MDMin:  533 00:26:41    -2397.583291        0.878383
MDMin:  534 00:26:43    -2397.576471        0.853719
MDMin:  535 00:26:45    -2397.570085        0.820048
MDMin:  536 00:26:47    -2397.564193        0.778936
MDMin:  537 00:26:50    -2397.558834        0.732383
MDMin:  538 00:26:52    -2397.554032        0.682578
MDMin:  539 00:26:54    -2397.549798        0.631629
MDMin:  540 00:26:55    -2397.546130        0.581357
MDMin:  541 00:26:57    -2397.543015        0.533175
MDMin:  542 00:26:59    -2397.540429        0.495800
MDMin:  543 00:27:01    -2397.538343        0.491874
MDMin:  544 00:27:03    -2397.536720        0.486605
MDMin:  545 00:27:06    -2397.535523        0.480243
MDMin:  546 00:27:08    -2397.534715        0.473037
MDMin:  547 00:27:09    -2397.534262        0.465223
MDMin:  548 00:27:11    -2397.534135        0.457014
MDMin:  549 00:27:13    -2397.534312        0.448590
MDMin:  550 00:27:15    -2397.534775        0.440097
MDMin:  551 00:27:17    -2397.535512        0.431650
MDMin:  552 00:27:19    -2397.536517        0.423382
MDMin:  553 00:27:21    -2397.537785        0.415332
MDMin:  554 00:27:23    -2397.539318        0.407491
MDMin:  555 00:27:25    -2397.541117        0.406616
MDMin:  556 00:27:27    -2397.543187        0.415575
MDMin:  557 00:27:29    -2397.545530        0.422493
MDMin:  558 00:27:31    -2397.548149        0.427125
MDMin:  559 00:27:33    -2397.551044        0.429258
MDMin:  560 00:27:35    -2397.554213        0.428725
MDMin:  561 00:27:37    -2397.557650        0.425411
MDMin:  562 00:27:38    -2397.561345        0.419274
MDMin:  563 00:27:40    -2397.565284        0.410354
MDMin:  564 00:27:42    -2397.569452        0.398790
MDMin:  565 00:27:44    -2397.573831        0.394033
MDMin:  566 00:27:46    -2397.578409        0.417074
MDMin:  567 00:27:48    -2397.583187        0.450819
MDMin:  568 00:27:50    -2397.588184        0.476357
MDMin:  569 00:27:52    -2397.593449        0.491445
MDMin:  570 00:27:54    -2397.599066        0.496160
MDMin:  571 00:27:56    -2397.605157        0.492377
MDMin:  572 00:27:58    -2397.611908        0.482561
MDMin:  573 00:28:00    -2397.619594        0.468784
MDMin:  574 00:28:02    -2397.628646        0.470022
MDMin:  575 00:28:04    -2397.639722        0.533457
MDMin:  576 00:28:06    -2397.653746        0.608667
MDMin:  577 00:28:08    -2397.671742        0.685809
MDMin:  578 00:28:10    -2397.694233        0.744303
MDMin:  579 00:28:12    -2397.720382        0.759930
MDMin:  580 00:28:14    -2397.747763        0.720394
MDMin:  581 00:28:16    -2397.749546        1.231919
MDMin:  582 00:28:18    -2397.748955        1.191261
MDMin:  583 00:28:20    -2397.748329        1.150690
MDMin:  584 00:28:22    -2397.747665        1.110608
MDMin:  585 00:28:24    -2397.746965        1.071335
MDMin:  586 00:28:26    -2397.746226        1.033116
MDMin:  587 00:28:28    -2397.745448        0.996138
MDMin:  588 00:28:30    -2397.744630        0.960532
MDMin:  589 00:28:32    -2397.743771        0.926378
MDMin:  590 00:28:35    -2397.742871        0.893712
MDMin:  591 00:28:37    -2397.741929        0.862534
MDMin:  592 00:28:39    -2397.740946        0.832812
MDMin:  593 00:28:41    -2397.739921        0.804494
MDMin:  594 00:28:43    -2397.738856        0.777519
MDMin:  595 00:28:45    -2397.737750        0.751818
MDMin:  596 00:28:47    -2397.730854        0.592838
MDMin:  597 00:28:49    -2397.730490        0.581818
MDMin:  598 00:28:51    -2397.729985        0.570172
MDMin:  599 00:28:53    -2397.729347        0.557875
MDMin:  600 00:28:55    -2397.728583        0.544928
MDMin:  601 00:28:57    -2397.727699        0.531369
MDMin:  602 00:29:00    -2397.726701        0.517273
MDMin:  603 00:29:02    -2397.725593        0.502745
MDMin:  604 00:29:04    -2397.724379        0.487913
MDMin:  605 00:29:06    -2397.723065        0.472924
MDMin:  606 00:29:08    -2397.721654        0.457928
MDMin:  607 00:29:10    -2397.720152        0.443068
MDMin:  608 00:29:12    -2397.718566        0.428475
MDMin:  609 00:29:14    -2397.716904        0.414258
MDMin:  610 00:29:16    -2397.715175        0.400501
MDMin:  611 00:29:18    -2397.713389        0.387262
MDMin:  612 00:29:20    -2397.711562        0.374570
MDMin:  613 00:29:21    -2397.709708        0.368321
MDMin:  614 00:29:23    -2397.707847        0.365508
MDMin:  615 00:29:25    -2397.706000        0.362480
MDMin:  616 00:29:27    -2397.704193        0.359256
MDMin:  617 00:29:29    -2397.702454        0.355848
MDMin:  618 00:29:31    -2397.700815        0.352257
MDMin:  619 00:29:33    -2397.699311        0.348473
MDMin:  620 00:29:35    -2397.697979        0.344476
MDMin:  621 00:29:37    -2397.696860        0.340241
MDMin:  622 00:29:39    -2397.695993        0.335728
MDMin:  623 00:29:41    -2397.695414        0.330887
MDMin:  624 00:29:43    -2397.695153        0.325666
MDMin:  625 00:29:45    -2397.695227        0.320008
MDMin:  626 00:29:47    -2397.695627        0.313868
MDMin:  627 00:29:48    -2397.696310        0.307212
MDMin:  628 00:29:50    -2397.697193        0.300054
MDMin:  629 00:29:52    -2397.698151        0.292452
MDMin:  630 00:29:54    -2397.699046        0.284508
MDMin:  631 00:29:56    -2397.699767        0.276395
MDMin:  632 00:29:58    -2397.700272        0.268357
MDMin:  633 00:30:00    -2397.700591        0.260665
MDMin:  634 00:30:02    -2397.700786        0.253514
MDMin:  635 00:30:04    -2397.700911        0.258075
MDMin:  636 00:30:06    -2397.700999        0.287587
MDMin:  637 00:30:08    -2397.701069        0.310574
MDMin:  638 00:30:10    -2397.701129        0.301076
MDMin:  639 00:30:12    -2397.701185        0.278871
MDMin:  640 00:30:14    -2397.701238        0.280993
MDMin:  641 00:30:16    -2397.701289        0.282977
MDMin:  642 00:30:18    -2397.701339        0.283722
MDMin:  643 00:30:20    -2397.701386        0.283824
MDMin:  644 00:30:22    -2397.701432        0.283553
MDMin:  645 00:30:24    -2397.701475        0.282893
MDMin:  646 00:30:26    -2397.701516        0.281494
MDMin:  647 00:30:28    -2397.701554        0.278828
MDMin:  648 00:30:30    -2397.701589        0.274178
MDMin:  649 00:30:33    -2397.701620        0.273761
MDMin:  650 00:30:35    -2397.701640        0.486240
MDMin:  651 00:30:37    -2397.701643        0.280705
MDMin:  652 00:30:39    -2397.701646        0.281950
MDMin:  653 00:30:41    -2397.701651        0.283360
MDMin:  654 00:30:43    -2397.701655        0.284859
MDMin:  655 00:30:45    -2397.701660        0.286435
MDMin:  656 00:30:47    -2397.701664        0.288084
MDMin:  657 00:30:49    -2397.701669        0.289805
MDMin:  658 00:30:50    -2397.701674        0.291594
MDMin:  659 00:30:52    -2397.701678        0.293447
MDMin:  660 00:30:54    -2397.701683        0.295357
MDMin:  661 00:30:56    -2397.701688        0.297317
MDMin:  662 00:30:58    -2397.701693        0.299316
MDMin:  663 00:31:00    -2397.701698        0.301343
MDMin:  664 00:31:02    -2397.701703        0.303382
MDMin:  665 00:31:04    -2397.701708        0.305415
MDMin:  666 00:31:06    -2397.701713        0.307421
MDMin:  667 00:31:09    -2397.701719        0.309373
MDMin:  668 00:31:11    -2397.701724        0.311249
MDMin:  669 00:31:12    -2397.701729        0.313015
MDMin:  670 00:31:14    -2397.701734        0.314632
MDMin:  671 00:31:16    -2397.701739        0.316051
MDMin:  672 00:31:18    -2397.701744        0.317217
MDMin:  673 00:31:21    -2397.701749        0.318070
MDMin:  674 00:31:23    -2397.701754        0.318540
MDMin:  675 00:31:25    -2397.701759        0.318554
MDMin:  676 00:31:27    -2397.701764        0.318028
MDMin:  677 00:31:29    -2397.701769        0.316878
MDMin:  678 00:31:31    -2397.701774        0.315016
MDMin:  679 00:31:33    -2397.701779        0.312351
MDMin:  680 00:31:35    -2397.701784        0.308801
MDMin:  681 00:31:37    -2397.701788        0.304285
MDMin:  682 00:31:39    -2397.701793        0.298737
MDMin:  683 00:31:41    -2397.701798        0.292108
MDMin:  684 00:31:43    -2397.701802        0.284368
MDMin:  685 00:31:45    -2397.701807        0.275512
MDMin:  686 00:31:47    -2397.701811        0.265567
MDMin:  687 00:31:49    -2397.701815        0.254586
MDMin:  688 00:31:51    -2397.701820        0.242658
MDMin:  689 00:31:53    -2397.701824        0.240148
MDMin:  690 00:31:55    -2397.701828        0.240153
MDMin:  691 00:31:57    -2397.701832        0.239104
MDMin:  692 00:31:59    -2397.701836        0.236889
MDMin:  693 00:32:01    -2397.701840        0.233419
MDMin:  694 00:32:03    -2397.701844        0.228647
MDMin:  695 00:32:05    -2397.701848        0.222562
MDMin:  696 00:32:08    -2397.701852        0.215184
MDMin:  697 00:32:10    -2397.701856        0.206882
MDMin:  698 00:32:11    -2397.701860        0.207151
MDMin:  699 00:32:12    -2397.701864        0.206329
MDMin:  700 00:32:13    -2397.701868        0.204358
MDMin:  701 00:32:15    -2397.701872        0.201206
MDMin:  702 00:32:16    -2397.701875        0.196854
MDMin:  703 00:32:17    -2397.701879        0.191326
MDMin:  704 00:32:19    -2397.701883        0.184682
MDMin:  705 00:32:21    -2397.701886        0.177022
MDMin:  706 00:32:23    -2397.701890        0.168472
MDMin:  707 00:32:25    -2397.701894        0.166596
MDMin:  708 00:32:27    -2397.701897        0.163516
MDMin:  709 00:32:29    -2397.701901        0.159215
MDMin:  710 00:32:31    -2397.701904        0.153731
MDMin:  711 00:32:33    -2397.701908        0.147143
MDMin:  712 00:32:35    -2397.701912        0.139561
MDMin:  713 00:32:37    -2397.701915        0.131132
MDMin:  714 00:32:39    -2397.701919        0.128054
MDMin:  715 00:32:41    -2397.701922        0.124186
MDMin:  716 00:32:43    -2397.701926        0.119097
MDMin:  717 00:32:45    -2397.701929        0.112880
MDMin:  718 00:32:47    -2397.701933        0.105678
MDMin:  719 00:32:49    -2397.701936        0.097674
MDMin:  720 00:32:50    -2397.701940        0.095073
MDMin:  721 00:32:52    -2397.701943        0.092302
MDMin:  722 00:32:55    -2397.701947        0.088360
MDMin:  723 00:32:56    -2397.701950        0.083348
MDMin:  724 00:32:59    -2397.701953        0.094615
MDMin:  725 00:33:01    -2397.701956        0.293617
MDMin:  726 00:33:03    -2397.701956        0.239220
MDMin:  727 00:33:05    -2397.701956        0.182975
MDMin:  728 00:33:07    -2397.701956        0.130408
MDMin:  729 00:33:08    -2397.701957        0.089176
MDMin:  730 00:33:10    -2397.701957        0.070264
MDMin:  731 00:33:12    -2397.701957        0.069667
MDMin:  732 00:33:14    -2397.701957        0.069033
MDMin:  733 00:33:16    -2397.701958        0.068368
MDMin:  734 00:33:18    -2397.701958        0.067672
MDMin:  735 00:33:20    -2397.701958        0.066946
MDMin:  736 00:33:22    -2397.701959        0.066190
MDMin:  737 00:33:24    -2397.701959        0.065403
MDMin:  738 00:33:26    -2397.701959        0.064587
MDMin:  739 00:33:28    -2397.701960        0.063741
MDMin:  740 00:33:30    -2397.701960        0.062866
MDMin:  741 00:33:32    -2397.701961        0.061962
MDMin:  742 00:33:34    -2397.701961        0.061030
MDMin:  743 00:33:36    -2397.701962        0.060070
MDMin:  744 00:33:38    -2397.701962        0.059083
MDMin:  745 00:33:40    -2397.701962        0.058070
MDMin:  746 00:33:42    -2397.701963        0.057755
MDMin:  747 00:33:44    -2397.701963        0.057543
MDMin:  748 00:33:46    -2397.701964        0.057327
MDMin:  749 00:33:48    -2397.701964        0.057104
MDMin:  750 00:33:50    -2397.701965        0.056876
MDMin:  751 00:33:52    -2397.701965        0.056641
MDMin:  752 00:33:53    -2397.701966        0.056401
MDMin:  753 00:33:55    -2397.701966        0.056153
MDMin:  754 00:33:57    -2397.701967        0.055898
MDMin:  755 00:33:59    -2397.701968        0.055636
MDMin:  756 00:34:01    -2397.701968        0.055365
MDMin:  757 00:34:03    -2397.701969        0.055086
MDMin:  758 00:34:05    -2397.701969        0.054798
MDMin:  759 00:34:07    -2397.701970        0.054570
MDMin:  760 00:34:09    -2397.701971        0.054343
MDMin:  761 00:34:11    -2397.701971        0.054111
MDMin:  762 00:34:13    -2397.701972        0.053874
MDMin:  763 00:34:15    -2397.701972        0.053632
MDMin:  764 00:34:17    -2397.701973        0.053384
MDMin:  765 00:34:19    -2397.701974        0.053130
MDMin:  766 00:34:21    -2397.701974        0.052871
MDMin:  767 00:34:23    -2397.701975        0.052870
MDMin:  768 00:34:26    -2397.701976        0.052898
MDMin:  769 00:34:28    -2397.701976        0.052921
MDMin:  770 00:34:29    -2397.701977        0.052941
MDMin:  771 00:34:32    -2397.701978        0.052957
MDMin:  772 00:34:34    -2397.701978        0.052967
MDMin:  773 00:34:35    -2397.701979        0.052973
MDMin:  774 00:34:36    -2397.701980        0.052973
MDMin:  775 00:34:38    -2397.701981        0.052967
MDMin:  776 00:34:39    -2397.701981        0.052954
MDMin:  777 00:34:41    -2397.701982        0.052935
MDMin:  778 00:34:42    -2397.701983        0.052909
MDMin:  779 00:34:45    -2397.701983        0.052875
MDMin:  780 00:34:47    -2397.701984        0.052833
MDMin:  781 00:34:49    -2397.701985        0.052782
MDMin:  782 00:34:51    -2397.701986        0.052723
MDMin:  783 00:34:53    -2397.701986        0.052654
MDMin:  784 00:34:55    -2397.701987        0.052576
MDMin:  785 00:34:57    -2397.701988        0.052489
MDMin:  786 00:34:59    -2397.701988        0.052391
MDMin:  787 00:35:01    -2397.701989        0.052282
MDMin:  788 00:35:03    -2397.701990        0.052163
MDMin:  789 00:35:05    -2397.701991        0.052034
MDMin:  790 00:35:07    -2397.701991        0.051893
MDMin:  791 00:35:09    -2397.701992        0.051741
MDMin:  792 00:35:11    -2397.701993        0.051579
MDMin:  793 00:35:13    -2397.701993        0.051405
MDMin:  794 00:35:15    -2397.701994        0.051221
MDMin:  795 00:35:17    -2397.701995        0.051026
MDMin:  796 00:35:18    -2397.701996        0.050821
MDMin:  797 00:35:20    -2397.701996        0.050606
MDMin:  798 00:35:22    -2397.701997        0.050381
MDMin:  799 00:35:24    -2397.701998        0.050148
MDMin:  800 00:35:26    -2397.701998        0.049906
       Step     Time          Energy          fmax
MDMin:    0 04:25:59    -2397.583698        0.149400
MDMin:    1 04:26:00    -2397.583698        0.149382
MDMin:    2 04:26:02    -2397.583698        0.149327
MDMin:    3 04:26:03    -2397.583698        0.149236
MDMin:    4 04:26:04    -2397.583697        0.149108
MDMin:    5 04:26:06    -2397.583696        0.148944
MDMin:    6 04:26:07    -2397.583695        0.148744
MDMin:    7 04:26:08    -2397.583694        0.148508
MDMin:    8 04:26:10    -2397.583693        0.148237
MDMin:    9 04:26:11    -2397.583692        0.147930
MDMin:   10 04:26:12    -2397.583690        0.147588
MDMin:   11 04:26:13    -2397.583689        0.147211
MDMin:   12 04:26:16    -2397.583687        0.146800
MDMin:   13 04:26:17    -2397.583685        0.146355
MDMin:   14 04:26:19    -2397.583683        0.145877
MDMin:   15 04:26:21    -2397.583681        0.145365
MDMin:   16 04:26:23    -2397.583678        0.144822
MDMin:   17 04:26:25    -2397.583676        0.144247
MDMin:   18 04:26:27    -2397.583673        0.143640
MDMin:   19 04:26:29    -2397.583670        0.143003
MDMin:   20 04:26:31    -2397.583668        0.142337
MDMin:   21 04:26:33    -2397.583664        0.141641
MDMin:   22 04:26:35    -2397.583661        0.140917
MDMin:   23 04:26:37    -2397.583658        0.140166
MDMin:   24 04:26:39    -2397.583655        0.139389
MDMin:   25 04:26:41    -2397.583651        0.138585
MDMin:   26 04:26:43    -2397.583648        0.137757
MDMin:   27 04:26:45    -2397.583644        0.136905
MDMin:   28 04:26:47    -2397.583640        0.136031
MDMin:   29 04:26:49    -2397.583636        0.135135
MDMin:   30 04:26:51    -2397.583632        0.134218
MDMin:   31 04:26:53    -2397.583628        0.133281
MDMin:   32 04:26:55    -2397.583624        0.132327
MDMin:   33 04:26:57    -2397.583620        0.131355
MDMin:   34 04:26:59    -2397.583616        0.130368
MDMin:   35 04:27:01    -2397.583612        0.129367
MDMin:   36 04:27:03    -2397.583607        0.128354
MDMin:   37 04:27:05    -2397.583603        0.127330
MDMin:   38 04:27:07    -2397.583599        0.126297
MDMin:   39 04:27:09    -2397.583594        0.125403
MDMin:   40 04:27:11    -2397.583590        0.124531
MDMin:   41 04:27:13    -2397.583585        0.123650
MDMin:   42 04:27:15    -2397.583581        0.122762
MDMin:   43 04:27:16    -2397.583577        0.121867
MDMin:   44 04:27:17    -2397.583572        0.120968
MDMin:   45 04:27:19    -2397.583568        0.120065
MDMin:   46 04:27:20    -2397.583564        0.119160
MDMin:   47 04:27:22    -2397.583559        0.118254
MDMin:   48 04:27:23    -2397.583555        0.117349
MDMin:   49 04:27:25    -2397.583551        0.116446
MDMin:   50 04:27:27    -2397.583547        0.115547
MDMin:   51 04:27:29    -2397.583543        0.114654
MDMin:   52 04:27:31    -2397.583539        0.113769
MDMin:   53 04:27:33    -2397.583535        0.112893
MDMin:   54 04:27:35    -2397.583532        0.112028
MDMin:   55 04:27:37    -2397.583528        0.111176
MDMin:   56 04:27:39    -2397.583525        0.110339
MDMin:   57 04:27:41    -2397.583521        0.109520
MDMin:   58 04:27:43    -2397.583518        0.108720
MDMin:   59 04:27:45    -2397.583515        0.107942
MDMin:   60 04:27:47    -2397.583513        0.107187
MDMin:   61 04:27:49    -2397.583510        0.106459
MDMin:   62 04:27:51    -2397.583508        0.105760
MDMin:   63 04:27:53    -2397.583506        0.105254
MDMin:   64 04:27:55    -2397.583504        0.105040
MDMin:   65 04:27:57    -2397.583502        0.104917
MDMin:   66 04:27:59    -2397.583501        0.104894
MDMin:   67 04:28:01    -2397.583500        0.104976
MDMin:   68 04:28:03    -2397.583499        0.105170
MDMin:   69 04:28:05    -2397.583499        0.105482
MDMin:   70 04:28:07    -2397.583499        0.105921
MDMin:   71 04:28:08    -2397.583499        0.106493
MDMin:   72 04:28:10    -2397.583500        0.107205
MDMin:   73 04:28:13    -2397.583501        0.108067
MDMin:   74 04:28:14    -2397.583502        0.109086
MDMin:   75 04:28:16    -2397.583504        0.110270
MDMin:   76 04:28:18    -2397.583506        0.111628
MDMin:   77 04:28:20    -2397.583509        0.113168
MDMin:   78 04:28:21    -2397.583512        0.114900
MDMin:   79 04:28:22    -2397.583516        0.116832
MDMin:   80 04:28:24    -2397.583520        0.118972
MDMin:   81 04:28:26    -2397.583525        0.121329
MDMin:   82 04:28:28    -2397.583530        0.123910
MDMin:   83 04:28:30    -2397.583536        0.126723
MDMin:   84 04:28:32    -2397.583542        0.129772
MDMin:   85 04:28:34    -2397.583549        0.133064
MDMin:   86 04:28:36    -2397.583557        0.136599
MDMin:   87 04:28:37    -2397.583565        0.140379
MDMin:   88 04:28:39    -2397.583574        0.144401
MDMin:   89 04:28:41    -2397.583584        0.148660
MDMin:   90 04:28:42    -2397.583594        0.153147
MDMin:   91 04:28:44    -2397.583605        0.157849
MDMin:   92 04:28:46    -2397.583617        0.162749
MDMin:   93 04:28:48    -2397.583630        0.167825
MDMin:   94 04:28:50    -2397.583643        0.173049
MDMin:   95 04:28:52    -2397.583657        0.178392
MDMin:   96 04:28:55    -2397.583672        0.183815
MDMin:   97 04:28:57    -2397.583687        0.189281
MDMin:   98 04:28:59    -2397.583704        0.194746
MDMin:   99 04:29:01    -2397.583721        0.200164
MDMin:  100 04:29:02    -2397.583739        0.205491
MDMin:  101 04:29:04    -2397.583758        0.210681
MDMin:  102 04:29:06    -2397.583778        0.215692
MDMin:  103 04:29:07    -2397.583799        0.220486
MDMin:  104 04:29:09    -2397.583821        0.225032
MDMin:  105 04:29:11    -2397.583844        0.229307
MDMin:  106 04:29:13    -2397.583868        0.233298
MDMin:  107 04:29:15    -2397.583893        0.237004
MDMin:  108 04:29:17    -2397.583919        0.240438
MDMin:  109 04:29:18    -2397.583947        0.243626
MDMin:  110 04:29:20    -2397.583975        0.246609
MDMin:  111 04:29:21    -2397.584005        0.249441
MDMin:  112 04:29:23    -2397.584036        0.252191
MDMin:  113 04:29:25    -2397.584068        0.254937
MDMin:  114 04:29:26    -2397.584101        0.257768
MDMin:  115 04:29:28    -2397.584136        0.260780
MDMin:  116 04:29:30    -2397.584172        0.264069
MDMin:  117 04:29:32    -2397.584209        0.267735
MDMin:  118 04:29:33    -2397.584247        0.271873
MDMin:  119 04:29:34    -2397.584287        0.276584
MDMin:  120 04:29:36    -2397.584328        0.290160
MDMin:  121 04:29:38    -2397.584369        0.309903
MDMin:  122 04:29:40    -2397.584412        0.330323
MDMin:  123 04:29:41    -2397.584456        0.351091
MDMin:  124 04:29:42    -2397.584501        0.371689
MDMin:  125 04:29:44    -2397.584547        0.391364
MDMin:  126 04:29:45    -2397.584594        0.409088
MDMin:  127 04:29:47    -2397.584642        0.423528
MDMin:  128 04:29:49    -2397.584691        0.433050
MDMin:  129 04:29:51    -2397.584742        0.435786
MDMin:  130 04:29:52    -2397.584793        0.429774
MDMin:  131 04:29:54    -2397.584847        0.456954
MDMin:  132 04:29:55    -2397.584902        0.488840
MDMin:  133 04:29:57    -2397.584960        0.519388
MDMin:  134 04:29:59    -2397.585020        0.545089
MDMin:  135 04:30:01    -2397.585083        0.562051
MDMin:  136 04:30:02    -2397.585149        0.566717
MDMin:  137 04:30:03    -2397.585219        0.556644
MDMin:  138 04:30:05    -2397.585294        0.531040
MDMin:  139 04:30:06    -2397.585375        0.490798
MDMin:  140 04:30:08    -2397.585462        0.438085
MDMin:  141 04:30:10    -2397.585559        0.375924
MDMin:  142 04:30:12    -2397.585668        0.309347
MDMin:  143 04:30:14    -2397.585792        0.250213
MDMin:  144 04:30:15    -2397.585930        0.208721
MDMin:  145 04:30:17    -2397.586083        0.215055
MDMin:  146 04:30:18    -2397.586251        0.222220
MDMin:  147 04:30:20    -2397.586433        0.229905
MDMin:  148 04:30:22    -2397.586630        0.238160
MDMin:  149 04:30:23    -2397.586841        0.246914
MDMin:  150 04:30:25    -2397.587067        0.256237
MDMin:  151 04:30:26    -2397.587308        0.266138
MDMin:  152 04:30:28    -2397.587565        0.276687
MDMin:  153 04:30:29    -2397.587838        0.287954
MDMin:  154 04:30:31    -2397.588127        0.300004
MDMin:  155 04:30:32    -2397.588434        0.312927
MDMin:  156 04:30:34    -2397.588758        0.326827
MDMin:  157 04:30:36    -2397.589100        0.341821
MDMin:  158 04:30:37    -2397.589460        0.358041
MDMin:  159 04:30:39    -2397.589838        0.375634
MDMin:  160 04:30:40    -2397.590234        0.394757
MDMin:  161 04:30:41    -2397.590649        0.415575
MDMin:  162 04:30:43    -2397.591082        0.438264
MDMin:  163 04:30:44    -2397.591534        0.463005
MDMin:  164 04:30:46    -2397.592003        0.489992
MDMin:  165 04:30:47    -2397.592491        0.519424
MDMin:  166 04:30:48    -2397.592997        0.551515
MDMin:  167 04:30:50    -2397.593520        0.586480
MDMin:  168 04:30:51    -2397.594060        0.624530
MDMin:  169 04:30:53    -2397.594616        0.665870
MDMin:  170 04:30:54    -2397.595188        0.710765
MDMin:  171 04:30:56    -2397.595773        0.759802
MDMin:  172 04:30:57    -2397.596369        0.815521
MDMin:  173 04:30:59    -2397.596971        0.854899
MDMin:  174 04:31:00    -2397.597586        0.872341
MDMin:  175 04:31:01    -2397.598222        0.867932
MDMin:  176 04:31:03    -2397.598889        0.841842
MDMin:  177 04:31:05    -2397.599598        0.792561
MDMin:  178 04:31:06    -2397.600360        0.716385
MDMin:  179 04:31:07    -2397.601193        0.608230
MDMin:  180 04:31:09    -2397.602115        0.465232
MDMin:  181 04:31:11    -2397.603147        0.427809
MDMin:  182 04:31:12    -2397.604299        0.446623
MDMin:  183 04:31:14    -2397.605561        0.414957
MDMin:  184 04:31:15    -2397.606893        0.538118
MDMin:  185 04:31:16    -2397.608248        0.712550
MDMin:  186 04:31:18    -2397.609429        1.634601
MDMin:  187 04:31:19    -2397.609774        1.602169
MDMin:  188 04:31:20    -2397.610157        1.568077
MDMin:  189 04:31:22    -2397.610581        1.532962
MDMin:  190 04:31:23    -2397.611049        1.497479
MDMin:  191 04:31:25    -2397.611564        1.462089
MDMin:  192 04:31:27    -2397.612129        1.427070
MDMin:  193 04:31:29    -2397.612747        1.392580
MDMin:  194 04:31:32    -2397.613420        1.358696
MDMin:  195 04:31:33    -2397.614152        1.325437
MDMin:  196 04:31:35    -2397.614945        1.292772
MDMin:  197 04:31:36    -2397.615804        1.260606
MDMin:  198 04:31:38    -2397.616729        1.229011
MDMin:  199 04:31:39    -2397.617705        1.198420
MDMin:  200 04:31:41    -2397.618713        1.174644
MDMin:  201 04:31:43    -2397.619353        1.135368
MDMin:  202 04:31:45    -2397.620046        1.093023
MDMin:  203 04:31:47    -2397.620795        1.079287
MDMin:  204 04:31:48    -2397.621606        1.175401
MDMin:  205 04:31:50    -2397.622480        1.280837
MDMin:  206 04:31:53    -2397.623415        1.380384
MDMin:  207 04:31:54    -2397.624403        1.479522
MDMin:  208 04:31:56    -2397.625391        1.393855
MDMin:  209 04:31:58    -2397.626455        1.237789
MDMin:  210 04:32:00    -2397.627618        1.039901
MDMin:  211 04:32:01    -2397.628895        0.836643
MDMin:  212 04:32:03    -2397.630295        0.846640
MDMin:  213 04:32:05    -2397.631814        0.781647
MDMin:  214 04:32:06    -2397.633417        0.650568
MDMin:  215 04:32:08    -2397.634905        0.659946
MDMin:  216 04:32:10    -2397.637312        0.761164
MDMin:  217 04:32:12    -2397.639468        0.842372
MDMin:  218 04:32:14    -2397.641536        0.895901
MDMin:  219 04:32:16    -2397.643578        0.921173
MDMin:  220 04:32:17    -2397.645608        0.922733
MDMin:  221 04:32:19    -2397.647628        0.909429
MDMin:  222 04:32:20    -2397.649644        0.898902
MDMin:  223 04:32:21    -2397.651658        0.988891
MDMin:  224 04:32:24    -2397.653672        1.026238
MDMin:  225 04:32:26    -2397.655686        1.012123
MDMin:  226 04:32:28    -2397.657697        1.131147
MDMin:  227 04:32:30    -2397.659697        1.270573
MDMin:  228 04:32:32    -2397.661673        1.400663
MDMin:  229 04:32:34    -2397.663599        1.486174
MDMin:  230 04:32:35    -2397.665372        1.353031
MDMin:  231 04:32:37    -2397.667159        1.151170
MDMin:  232 04:32:39    -2397.668975        0.918718
MDMin:  233 04:32:41    -2397.670817        0.873037
MDMin:  234 04:32:43    -2397.672666        0.821040
MDMin:  235 04:32:45    -2397.674494        0.693961
MDMin:  236 04:32:47    -2397.676263        0.614250
MDMin:  237 04:32:49    -2397.677933        0.722254
MDMin:  238 04:32:51    -2397.679470        0.817367
MDMin:  239 04:32:53    -2397.680857        0.878410
MDMin:  240 04:32:55    -2397.682088        0.903376
MDMin:  241 04:32:58    -2397.683171        0.898835
MDMin:  242 04:33:00    -2397.684117        0.879473
MDMin:  243 04:33:02    -2397.684938        1.002580
MDMin:  244 04:33:04    -2397.685647        1.060716
MDMin:  245 04:33:06    -2397.686256        1.035691
MDMin:  246 04:33:08    -2397.686772        1.108341
MDMin:  247 04:33:10    -2397.687201        1.252189
MDMin:  248 04:33:12    -2397.687567        1.365619
MDMin:  249 04:33:14    -2397.687874        1.035608
MDMin:  250 04:33:16    -2397.688015        0.931783
MDMin:  251 04:33:18    -2397.688125        0.945181
MDMin:  252 04:33:20    -2397.688216        0.991770
MDMin:  253 04:33:22    -2397.688295        1.297871
MDMin:  254 04:33:24    -2397.688365        1.222343
MDMin:  255 04:33:27    -2397.688422        1.068383
MDMin:  256 04:33:29    -2397.688475        0.970459
MDMin:  257 04:33:32    -2397.688527        0.968855
MDMin:  258 04:33:33    -2397.688578        0.964439
MDMin:  259 04:33:35    -2397.688626        0.956661
MDMin:  260 04:33:37    -2397.688671        0.945071
MDMin:  261 04:33:38    -2397.688710        0.929338
MDMin:  262 04:33:40    -2397.688745        0.909202
MDMin:  263 04:33:41    -2397.688775        0.938587
MDMin:  264 04:33:43    -2397.688800        1.116090
MDMin:  265 04:33:45    -2397.688820        1.261382
MDMin:  266 04:33:47    -2397.688836        1.276586
MDMin:  267 04:33:48    -2397.688848        1.078705
MDMin:  268 04:33:50    -2397.688856        0.959711
MDMin:  269 04:33:52    -2397.688861        0.982804
MDMin:  270 04:33:54    -2397.688863        0.884786
MDMin:  271 04:33:55    -2397.688861        0.752413
MDMin:  272 04:33:57    -2397.688857        0.822982
MDMin:  273 04:33:59    -2397.688851        0.869608
MDMin:  274 04:34:01    -2397.688842        0.881012
MDMin:  275 04:34:03    -2397.688831        0.861680
MDMin:  276 04:34:05    -2397.688819        0.824923
MDMin:  277 04:34:07    -2397.688806        0.833320
MDMin:  278 04:34:09    -2397.688795        0.852635
MDMin:  279 04:34:11    -2397.688783        0.873029
MDMin:  280 04:34:13    -2397.688773        0.890795
MDMin:  281 04:34:15    -2397.688763        0.908602
MDMin:  282 04:34:17    -2397.688756        0.965646
MDMin:  283 04:34:19    -2397.688750        1.019190
MDMin:  284 04:34:20    -2397.688747        1.049124
MDMin:  285 04:34:22    -2397.688747        1.057186
MDMin:  286 04:34:23    -2397.688749        1.005416
MDMin:  287 04:34:25    -2397.688755        0.976265
MDMin:  288 04:34:27    -2397.688764        0.977774
MDMin:  289 04:34:29    -2397.688777        0.975794
MDMin:  290 04:34:31    -2397.688794        0.969971
MDMin:  291 04:34:33    -2397.688816        0.960054
MDMin:  292 04:34:35    -2397.688842        0.945925
MDMin:  293 04:34:37    -2397.688875        0.927607
MDMin:  294 04:34:38    -2397.688913        0.905297
MDMin:  295 04:34:40    -2397.688957        0.879408
MDMin:  296 04:34:41    -2397.689008        0.850577
MDMin:  297 04:34:42    -2397.689063        0.888430
MDMin:  298 04:34:43    -2397.689125        0.902643
MDMin:  299 04:34:45    -2397.689190        0.870608
MDMin:  300 04:34:47    -2397.689261        0.986907
MDMin:  301 04:34:48    -2397.689335        1.085082
MDMin:  302 04:34:50    -2397.689413        1.073356
MDMin:  303 04:34:52    -2397.689495        0.951213
MDMin:  304 04:34:54    -2397.689580        0.853951
MDMin:  305 04:34:55    -2397.689670        0.871142
MDMin:  306 04:34:57    -2397.689764        0.887548
MDMin:  307 04:34:58    -2397.689862        0.912457
MDMin:  308 04:34:59    -2397.689953        1.282531
MDMin:  309 04:35:00    -2397.690000        0.935398
MDMin:  310 04:35:01    -2397.690035        1.278663
MDMin:  311 04:35:03    -2397.690055        1.253089
MDMin:  312 04:35:05    -2397.690072        0.951635
MDMin:  313 04:35:07    -2397.690091        0.955551
MDMin:  314 04:35:09    -2397.690114        0.959742
MDMin:  315 04:35:11    -2397.690139        0.963999
MDMin:  316 04:35:12    -2397.690166        1.156596
MDMin:  317 04:35:15    -2397.690194        1.270292
MDMin:  318 04:35:17    -2397.690225        1.305001
MDMin:  319 04:35:18    -2397.690257        1.280684
MDMin:  320 04:35:20    -2397.690290        1.287677
MDMin:  321 04:35:22    -2397.690328        1.290769
MDMin:  322 04:35:23    -2397.690369        1.273393
MDMin:  323 04:35:25    -2397.690416        1.218452
MDMin:  324 04:35:27    -2397.690468        1.099434
MDMin:  325 04:35:29    -2397.690525        0.992055
MDMin:  326 04:35:30    -2397.690589        0.991577
MDMin:  327 04:35:32    -2397.690658        0.989987
MDMin:  328 04:35:33    -2397.690726        1.296912
MDMin:  329 04:35:35    -2397.690781        0.984897
MDMin:  330 04:35:37    -2397.690833        1.101815
MDMin:  331 04:35:39    -2397.690877        1.303881
MDMin:  332 04:35:40    -2397.690914        1.310632
MDMin:  333 04:35:43    -2397.690946        1.301561
MDMin:  334 04:35:44    -2397.690979        1.312896
MDMin:  335 04:35:46    -2397.691014        1.351158
MDMin:  336 04:35:48    -2397.691053        1.364446
MDMin:  337 04:35:50    -2397.691096        1.343375
MDMin:  338 04:35:52    -2397.691144        1.307452
MDMin:  339 04:35:54    -2397.691195        1.275439
MDMin:  340 04:35:56    -2397.691250        1.253812
MDMin:  341 04:35:58    -2397.691309        1.240701
MDMin:  342 04:36:00    -2397.691372        1.231945
MDMin:  343 04:36:02    -2397.691439        1.224014
MDMin:  344 04:36:04    -2397.691510        1.202863
MDMin:  345 04:36:06    -2397.691587        1.167521
MDMin:  346 04:36:07    -2397.691670        1.115101
MDMin:  347 04:36:09    -2397.691760        1.052389
MDMin:  348 04:36:11    -2397.691856        1.009536
MDMin:  349 04:36:12    -2397.691956        0.998295
MDMin:  350 04:36:14    -2397.692058        0.962555
MDMin:  351 04:36:16    -2397.692168        0.898298
MDMin:  352 04:36:18    -2397.692287        0.893813
MDMin:  353 04:36:20    -2397.692415        0.889597
MDMin:  354 04:36:22    -2397.692551        0.885738
MDMin:  355 04:36:24    -2397.692692        0.891893
MDMin:  356 04:36:25    -2397.692838        0.900509
MDMin:  357 04:36:27    -2397.692989        0.907460
MDMin:  358 04:36:28    -2397.693143        0.912495
MDMin:  359 04:36:30    -2397.693302        0.915342
MDMin:  360 04:36:32    -2397.693464        0.915708
MDMin:  361 04:36:34    -2397.693629        0.913346
MDMin:  362 04:36:36    -2397.693794        0.908140
MDMin:  363 04:36:38    -2397.693952        0.900461
MDMin:  364 04:36:40    -2397.694124        1.001756
MDMin:  365 04:36:41    -2397.694259        2.063415
MDMin:  366 04:36:43    -2397.694332        1.665060
MDMin:  367 04:36:44    -2397.694424        1.052436
MDMin:  368 04:36:46    -2397.694533        0.849424
MDMin:  369 04:36:48    -2397.694653        0.834748
MDMin:  370 04:36:50    -2397.694775        0.818427
MDMin:  371 04:36:52    -2397.694889        0.803628
MDMin:  372 04:36:54    -2397.694997        0.809422
MDMin:  373 04:36:56    -2397.695111        0.800613
MDMin:  374 04:36:58    -2397.695232        0.797192
MDMin:  375 04:37:00    -2397.695359        0.775010
MDMin:  376 04:37:02    -2397.695493        0.722686
MDMin:  377 04:37:03    -2397.695633        0.690761
MDMin:  378 04:37:05    -2397.695778        0.719911
MDMin:  379 04:37:07    -2397.695924        0.844069
MDMin:  380 04:37:09    -2397.696049        1.029870
MDMin:  381 04:37:11    -2397.696157        0.967111
MDMin:  382 04:37:13    -2397.696271        1.090804
MDMin:  383 04:37:15    -2397.696383        1.152435
MDMin:  384 04:37:17    -2397.696498        1.264782
MDMin:  385 04:37:19    -2397.696606        1.270851
MDMin:  386 04:37:21    -2397.696709        1.301163
MDMin:  387 04:37:23    -2397.696814        1.376705
MDMin:  388 04:37:24    -2397.696924        1.447928
MDMin:  389 04:37:25    -2397.697037        1.513554
MDMin:  390 04:37:26    -2397.697146        1.511658
MDMin:  391 04:37:28    -2397.697250        1.532538
MDMin:  392 04:37:30    -2397.697349        1.525064
MDMin:  393 04:37:32    -2397.697452        1.558703
MDMin:  394 04:37:34    -2397.697561        1.589816
MDMin:  395 04:37:36    -2397.697674        1.604375
MDMin:  396 04:37:38    -2397.697774        1.569610
MDMin:  397 04:37:40    -2397.697878        1.550837
MDMin:  398 04:37:42    -2397.697989        1.550056
MDMin:  399 04:37:43    -2397.698107        1.552716
MDMin:  400 04:37:44    -2397.698230        1.550660
MDMin:  401 04:37:46    -2397.698360        1.538911
MDMin:  402 04:37:48    -2397.698491        1.543569
MDMin:  403 04:37:50    -2397.698619        1.544632
MDMin:  404 04:37:51    -2397.698748        1.531373
MDMin:  405 04:37:53    -2397.698880        1.504596
MDMin:  406 04:37:55    -2397.699017        1.466860
MDMin:  407 04:37:57    -2397.699161        1.420498
MDMin:  408 04:37:59    -2397.699312        1.367591
MDMin:  409 04:38:01    -2397.699470        1.309568
MDMin:  410 04:38:03    -2397.699637        1.247613
MDMin:  411 04:38:05    -2397.699812        1.182726
MDMin:  412 04:38:07    -2397.699996        1.115767
MDMin:  413 04:38:09    -2397.700189        1.047496
MDMin:  414 04:38:11    -2397.700392        0.978596
MDMin:  415 04:38:13    -2397.700604        0.909694
MDMin:  416 04:38:14    -2397.700826        0.841373
MDMin:  417 04:38:15    -2397.701057        0.774172
MDMin:  418 04:38:17    -2397.701298        0.708579
MDMin:  419 04:38:18    -2397.701549        0.702730
MDMin:  420 04:38:20    -2397.701809        0.702234
MDMin:  421 04:38:22    -2397.702078        0.720464
MDMin:  422 04:38:24    -2397.702357        0.732722
MDMin:  423 04:38:26    -2397.702645        0.736930
MDMin:  424 04:38:28    -2397.702943        0.731189
MDMin:  425 04:38:30    -2397.703251        0.714100
MDMin:  426 04:38:31    -2397.703570        0.685087
MDMin:  427 04:38:33    -2397.703902        0.653422
MDMin:  428 04:38:35    -2397.704246        0.644146
MDMin:  429 04:38:37    -2397.704604        0.640316
MDMin:  430 04:38:39    -2397.704977        0.644375
MDMin:  431 04:38:41    -2397.705364        0.655885
MDMin:  432 04:38:43    -2397.705764        0.668567
MDMin:  433 04:38:46    -2397.706176        0.669493
MDMin:  434 04:38:48    -2397.706598        0.644040
MDMin:  435 04:38:50    -2397.707031        0.630947
MDMin:  436 04:38:52    -2397.707476        0.632164
MDMin:  437 04:38:54    -2397.707938        0.631676
MDMin:  438 04:38:56    -2397.708421        0.628960
MDMin:  439 04:38:58    -2397.708926        0.622852
MDMin:  440 04:38:59    -2397.709453        0.611785
MDMin:  441 04:39:00    -2397.710000        0.594623
MDMin:  442 04:39:02    -2397.710562        0.571716
MDMin:  443 04:39:03    -2397.711131        0.545200
MDMin:  444 04:39:05    -2397.711701        0.518175
MDMin:  445 04:39:06    -2397.712266        0.493472
MDMin:  446 04:39:08    -2397.712818        0.476753
MDMin:  447 04:39:09    -2397.713352        0.518219
MDMin:  448 04:39:11    -2397.713862        0.556816
MDMin:  449 04:39:14    -2397.714342        0.589498
MDMin:  450 04:39:16    -2397.714784        0.612484
MDMin:  451 04:39:17    -2397.715182        0.621515
MDMin:  452 04:39:19    -2397.715528        0.612153
MDMin:  453 04:39:21    -2397.715814        0.579606
MDMin:  454 04:39:23    -2397.716031        0.511351
MDMin:  455 04:39:25    -2397.716171        0.513931
MDMin:  456 04:39:27    -2397.716229        0.518308
MDMin:  457 04:39:29    -2397.716194        0.506136
MDMin:  458 04:39:31    -2397.716051        0.480308
MDMin:  459 04:39:33    -2397.715786        0.440228
MDMin:  460 04:39:34    -2397.715385        0.384796
MDMin:  461 04:39:35    -2397.714838        0.351111
MDMin:  462 04:39:37    -2397.714138        0.341795
MDMin:  463 04:39:38    -2397.713286        0.332166
MDMin:  464 04:39:40    -2397.712297        0.332840
MDMin:  465 04:39:41    -2397.711209        0.344741
MDMin:  466 04:39:42    -2397.710091        0.358413
MDMin:  467 04:39:44    -2397.709063        0.374299
MDMin:  468 04:39:45    -2397.708315        0.392884
MDMin:  469 04:39:46    -2397.708133        0.414434
MDMin:  470 04:39:48    -2397.708927        0.438412
MDMin:  471 04:39:49    -2397.711222        0.462661
MDMin:  472 04:39:50    -2397.715593        0.482299
MDMin:  473 04:39:52    -2397.722434        0.489528
MDMin:  474 04:39:54    -2397.731123        1.293370
MDMin:  475 04:39:56    -2397.731221        1.234885
MDMin:  476 04:39:58    -2397.731299        1.174213
MDMin:  477 04:40:00    -2397.731351        1.112655
MDMin:  478 04:40:02    -2397.731372        1.051346
MDMin:  479 04:40:04    -2397.731354        0.991322
MDMin:  480 04:40:06    -2397.731292        0.933454
MDMin:  481 04:40:08    -2397.731179        0.878381
MDMin:  482 04:40:10    -2397.731006        0.826480
MDMin:  483 04:40:12    -2397.730768        0.777891
MDMin:  484 04:40:13    -2397.730458        0.732551
MDMin:  485 04:40:15    -2397.730072        0.690271
MDMin:  486 04:40:17    -2397.729604        0.650762
MDMin:  487 04:40:19    -2397.729052        0.613674
MDMin:  488 04:40:21    -2397.728414        0.578669
MDMin:  489 04:40:22    -2397.727692        0.545470
MDMin:  490 04:40:24    -2397.726886        0.513920
MDMin:  491 04:40:26    -2397.726001        0.484023
MDMin:  492 04:40:28    -2397.725043        0.455949
MDMin:  493 04:40:30    -2397.724019        0.429996
MDMin:  494 04:40:32    -2397.722938        0.406490
MDMin:  495 04:40:34    -2397.721812        0.385717
MDMin:  496 04:40:35    -2397.720655        0.367820
MDMin:  497 04:40:37    -2397.719480        0.352772
MDMin:  498 04:40:38    -2397.718303        0.340401
MDMin:  499 04:40:40    -2397.717141        0.330441
MDMin:  500 04:40:42    -2397.716008        0.323990
MDMin:  501 04:40:44    -2397.714919        0.321065
MDMin:  502 04:40:46    -2397.713884        0.321736
MDMin:  503 04:40:48    -2397.712913        0.322191
MDMin:  504 04:40:50    -2397.712008        0.322398
MDMin:  505 04:40:52    -2397.711167        0.322326
MDMin:  506 04:40:54    -2397.710382        0.321935
MDMin:  507 04:40:55    -2397.709641        0.321179
MDMin:  508 04:40:57    -2397.708926        0.320007
MDMin:  509 04:40:59    -2397.708222        0.318357
MDMin:  510 04:41:01    -2397.707514        0.316160
MDMin:  511 04:41:02    -2397.706795        0.313340
MDMin:  512 04:41:04    -2397.706066        0.309796
MDMin:  513 04:41:06    -2397.705337        0.305411
MDMin:  514 04:41:08    -2397.704621        0.300080
MDMin:  515 04:41:09    -2397.703937        0.293689
MDMin:  516 04:41:10    -2397.703299        0.286116
MDMin:  517 04:41:11    -2397.702720        0.277235
MDMin:  518 04:41:13    -2397.702209        0.266917
MDMin:  519 04:41:15    -2397.701769        0.255032
MDMin:  520 04:41:17    -2397.701402        0.241443
MDMin:  521 04:41:19    -2397.701105        0.226016
MDMin:  522 04:41:21    -2397.700877        0.215301
MDMin:  523 04:41:23    -2397.700712        0.203829
MDMin:  524 04:41:25    -2397.700605        0.190779
MDMin:  525 04:41:26    -2397.700550        0.177044
MDMin:  526 04:41:28    -2397.700539        0.166981
MDMin:  527 04:41:30    -2397.700567        0.155168
MDMin:  528 04:41:31    -2397.700626        0.141507
MDMin:  529 04:41:33    -2397.700708        0.134779
MDMin:  530 04:41:34    -2397.700807        0.129832
MDMin:  531 04:41:35    -2397.700906        0.443716
MDMin:  532 04:41:36    -2397.700919        0.118551
MDMin:  533 04:41:38    -2397.700936        0.116285
MDMin:  534 04:41:40    -2397.700953        0.113915
MDMin:  535 04:41:41    -2397.700971        0.111418
MDMin:  536 04:41:43    -2397.700989        0.108792
MDMin:  537 04:41:45    -2397.701008        0.107999
MDMin:  538 04:41:46    -2397.701027        0.107588
MDMin:  539 04:41:48    -2397.701046        0.106986
MDMin:  540 04:41:50    -2397.701066        0.106184
MDMin:  541 04:41:51    -2397.701086        0.105173
MDMin:  542 04:41:53    -2397.701106        0.103947
MDMin:  543 04:41:54    -2397.701127        0.102500
MDMin:  544 04:41:55    -2397.701148        0.100830
MDMin:  545 04:41:57    -2397.701169        0.098933
MDMin:  546 04:41:58    -2397.701190        0.096808
MDMin:  547 04:41:59    -2397.701211        0.095448
MDMin:  548 04:42:00    -2397.701233        0.094558
MDMin:  549 04:42:02    -2397.701254        0.093612
MDMin:  550 04:42:04    -2397.701276        0.092607
MDMin:  551 04:42:06    -2397.701298        0.091535
MDMin:  552 04:42:08    -2397.701319        0.090392
MDMin:  553 04:42:10    -2397.701341        0.089172
MDMin:  554 04:42:12    -2397.701362        0.087867
MDMin:  555 04:42:14    -2397.701383        0.086471
MDMin:  556 04:42:15    -2397.701404        0.084978
MDMin:  557 04:42:17    -2397.701425        0.083380
MDMin:  558 04:42:18    -2397.701445        0.081671
MDMin:  559 04:42:19    -2397.701465        0.079844
MDMin:  560 04:42:20    -2397.701485        0.077892
MDMin:  561 04:42:21    -2397.701505        0.075811
MDMin:  562 04:42:23    -2397.701524        0.073595
MDMin:  563 04:42:25    -2397.701543        0.071240
MDMin:  564 04:42:27    -2397.701561        0.068744
MDMin:  565 04:42:28    -2397.701579        0.066107
MDMin:  566 04:42:29    -2397.701596        0.063332
MDMin:  567 04:42:31    -2397.701614        0.062070
MDMin:  568 04:42:33    -2397.701630        0.062131
MDMin:  569 04:42:34    -2397.701646        0.062962
MDMin:  570 04:42:36    -2397.701661        0.089879
MDMin:  571 04:42:38    -2397.701670        0.111845
MDMin:  572 04:42:40    -2397.701674        0.061825
MDMin:  573 04:42:42    -2397.701678        0.061749
MDMin:  574 04:42:44    -2397.701682        0.061664
MDMin:  575 04:42:46    -2397.701686        0.061572
MDMin:  576 04:42:48    -2397.701691        0.061470
MDMin:  577 04:42:50    -2397.701695        0.061359
MDMin:  578 04:42:52    -2397.701699        0.061239
MDMin:  579 04:42:55    -2397.701704        0.061109
MDMin:  580 04:42:56    -2397.701708        0.060969
MDMin:  581 04:42:59    -2397.701713        0.060817
MDMin:  582 04:43:01    -2397.701717        0.060655
MDMin:  583 04:43:02    -2397.701722        0.060481
MDMin:  584 04:43:03    -2397.701726        0.060296
MDMin:  585 04:43:05    -2397.701731        0.060099
MDMin:  586 04:43:06    -2397.701736        0.059889
MDMin:  587 04:43:07    -2397.701741        0.059667
MDMin:  588 04:43:08    -2397.701745        0.059432
MDMin:  589 04:43:09    -2397.701750        0.059184
MDMin:  590 04:43:11    -2397.701755        0.058924
MDMin:  591 04:43:12    -2397.701760        0.058650
MDMin:  592 04:43:15    -2397.701764        0.058364
MDMin:  593 04:43:16    -2397.701769        0.058065
MDMin:  594 04:43:18    -2397.701774        0.057752
MDMin:  595 04:43:21    -2397.701779        0.057427
MDMin:  596 04:43:22    -2397.701784        0.057090
MDMin:  597 04:43:24    -2397.701789        0.056740
MDMin:  598 04:43:26    -2397.701793        0.056379
MDMin:  599 04:43:28    -2397.701798        0.056006
MDMin:  600 04:43:30    -2397.701803        0.055622
MDMin:  601 04:43:32    -2397.701808        0.055228
MDMin:  602 04:43:34    -2397.701812        0.054825
MDMin:  603 04:43:36    -2397.701817        0.054412
MDMin:  604 04:43:37    -2397.701822        0.053991
MDMin:  605 04:43:39    -2397.701826        0.053562
MDMin:  606 04:43:41    -2397.701831        0.053127
MDMin:  607 04:43:43    -2397.701835        0.052686
MDMin:  608 04:43:45    -2397.701840        0.052240
MDMin:  609 04:43:47    -2397.701844        0.051790
MDMin:  610 04:43:49    -2397.701848        0.051337
MDMin:  611 04:43:51    -2397.701853        0.050882
MDMin:  612 04:43:53    -2397.701857        0.050427
MDMin:  613 04:43:55    -2397.701861        0.049972
