       Step     Time          Energy          fmax
MDMin:    0 07:17:33    -2393.956189        7.413745
MDMin:    1 07:17:36    -2393.958096        7.223452
MDMin:    2 07:17:38    -2393.963647        7.649786
MDMin:    3 07:17:40    -2393.972366        7.357780
MDMin:    4 07:17:42    -2393.983694        6.723657
MDMin:    5 07:17:44    -2393.997055        6.317634
MDMin:    6 07:17:46    -2394.011973        4.832021
MDMin:    7 07:17:48    -2394.028048        5.503286
MDMin:    8 07:17:50    -2394.043793        2.751960
MDMin:    9 07:17:52    -2394.063148        3.445905
MDMin:   10 07:17:54    -2394.083253        3.870988
MDMin:   11 07:17:56    -2394.104318        2.526791
MDMin:   12 07:17:58    -2394.132370        1.610852
MDMin:   13 07:17:59    -2394.168776        2.106568
MDMin:   14 07:18:01    -2394.205483        2.419867
MDMin:   15 07:18:02    -2394.239145        2.317983
MDMin:   16 07:18:04    -2394.278280        2.080884
MDMin:   17 07:18:06    -2394.330317        1.745104
MDMin:   18 07:18:08    -2394.404165        1.364211
MDMin:   19 07:18:10    -2394.509973        1.293023
MDMin:   20 07:18:13    -2394.657985        1.497059
MDMin:   21 07:18:14    -2394.857140        1.745202
MDMin:   22 07:18:17    -2395.112533        1.995095
MDMin:   23 07:18:18    -2395.347143        2.671244
MDMin:   24 07:18:20    -2395.580306        2.779025
MDMin:   25 07:18:22    -2395.884575        2.537059
MDMin:   26 07:18:24    -2396.249456        2.293225
MDMin:   27 07:18:26    -2396.549655        2.150611
MDMin:   28 07:18:28    -2396.766278        1.948231
MDMin:   29 07:18:30    -2396.964048        1.729513
MDMin:   30 07:18:32    -2397.077755        1.549595
MDMin:   31 07:18:34    -2397.115530        1.424243
MDMin:   32 07:18:36    -2397.147414        1.289403
MDMin:   33 07:18:37    -2397.178031        1.138999
MDMin:   34 07:18:39    -2397.207531        0.984087
MDMin:   35 07:18:40    -2397.236027        0.918461
MDMin:   36 07:18:42    -2397.263725        0.937967
MDMin:   37 07:18:44    -2397.290934        0.961000
MDMin:   38 07:18:46    -2397.317904        0.980246
MDMin:   39 07:18:48    -2397.344139        0.984609
MDMin:   40 07:18:50    -2397.366806        0.967593
MDMin:   41 07:18:52    -2397.382350        0.942185
MDMin:   42 07:18:54    -2397.395372        0.912692
MDMin:   43 07:18:56    -2397.409599        0.873098
MDMin:   44 07:18:58    -2397.425769        0.831883
MDMin:   45 07:19:00    -2397.444124        0.855026
MDMin:   46 07:19:02    -2397.464840        0.879935
MDMin:   47 07:19:04    -2397.488021        0.906489
MDMin:   48 07:19:06    -2397.513653        0.934821
MDMin:   49 07:19:08    -2397.541512        0.964943
MDMin:   50 07:19:10    -2397.571074        0.995677
MDMin:   51 07:19:12    -2397.597719        1.022646
MDMin:   52 07:19:13    -2397.618570        1.037833
MDMin:   53 07:19:15    -2397.638429        1.034660
MDMin:   54 07:19:16    -2397.654349        1.015488
MDMin:   55 07:19:17    -2397.665224        0.991415
MDMin:   56 07:19:19    -2397.674581        0.961393
MDMin:   57 07:19:21    -2397.683662        0.949600
MDMin:   58 07:19:23    -2397.687166        1.003361
MDMin:   59 07:19:25    -2397.696229        1.056141
MDMin:   60 07:19:28    -2397.702559        1.101368
MDMin:   61 07:19:30    -2397.702675        1.127256
MDMin:   62 07:19:32    -2397.702852        1.127529
MDMin:   63 07:19:34    -2397.703089        1.232286
MDMin:   64 07:19:36    -2397.703394        1.321051
MDMin:   65 07:19:38    -2397.703773        1.356112
MDMin:   66 07:19:40    -2397.704240        1.302889
MDMin:   67 07:19:42    -2397.704815        1.158042
MDMin:   68 07:19:44    -2397.705525        1.000840
MDMin:   69 07:19:46    -2397.706318        0.931339
MDMin:   70 07:19:48    -2397.706811        0.936561
MDMin:   71 07:19:50    -2397.706986        0.794158
MDMin:   72 07:19:52    -2397.707231        0.765977
MDMin:   73 07:19:54    -2397.707531        0.734072
MDMin:   74 07:19:56    -2397.707891        0.699581
MDMin:   75 07:19:58    -2397.708316        0.663836
MDMin:   76 07:20:00    -2397.708812        0.628303
MDMin:   77 07:20:02    -2397.709385        0.594404
MDMin:   78 07:20:04    -2397.710042        0.563293
MDMin:   79 07:20:06    -2397.710785        0.535626
MDMin:   80 07:20:08    -2397.711621        0.511352
MDMin:   81 07:20:10    -2397.712550        0.489582
MDMin:   82 07:20:12    -2397.713574        0.468630
MDMin:   83 07:20:13    -2397.714692        0.446397
MDMin:   84 07:20:14    -2397.715902        0.421186
MDMin:   85 07:20:15    -2397.717201        0.392708
MDMin:   86 07:20:17    -2397.718585        0.362721
MDMin:   87 07:20:18    -2397.719956        0.530900
MDMin:   88 07:20:19    -2397.720704        0.724776
MDMin:   89 07:20:21    -2397.720813        0.478405
MDMin:   90 07:20:22    -2397.720997        0.331761
MDMin:   91 07:20:24    -2397.721255        0.332517
MDMin:   92 07:20:26    -2397.721572        0.333385
MDMin:   93 07:20:28    -2397.721946        0.334312
MDMin:   94 07:20:30    -2397.722378        0.335245
MDMin:   95 07:20:32    -2397.722868        0.336118
MDMin:   96 07:20:34    -2397.723418        0.336856
MDMin:   97 07:20:36    -2397.724028        0.337373
MDMin:   98 07:20:38    -2397.724480        0.337579
MDMin:   99 07:20:40    -2397.724423        0.337384
MDMin:  100 07:20:42    -2397.724383        0.336706
MDMin:  101 07:20:44    -2397.724358        0.335469
MDMin:  102 07:20:45    -2397.724344        0.333612
MDMin:  103 07:20:47    -2397.724336        0.331089
MDMin:  104 07:20:49    -2397.724329        0.327872
MDMin:  105 07:20:51    -2397.724322        0.324244
MDMin:  106 07:20:54    -2397.724312        0.326052
MDMin:  107 07:20:56    -2397.724297        0.326797
MDMin:  108 07:20:58    -2397.724279        0.326446
MDMin:  109 07:21:00    -2397.724258        0.341041
MDMin:  110 07:21:02    -2397.724242        0.474271
MDMin:  111 07:21:04    -2397.724236        0.323181
MDMin:  112 07:21:06    -2397.724229        0.322392
MDMin:  113 07:21:07    -2397.724220        0.321429
MDMin:  114 07:21:09    -2397.724211        0.320277
MDMin:  115 07:21:11    -2397.724201        0.318917
MDMin:  116 07:21:13    -2397.724191        0.317339
MDMin:  117 07:21:15    -2397.724182        0.315534
MDMin:  118 07:21:17    -2397.724173        0.313503
MDMin:  119 07:21:19    -2397.724165        0.311262
MDMin:  120 07:21:21    -2397.724160        0.308837
MDMin:  121 07:21:23    -2397.724158        0.306271
MDMin:  122 07:21:25    -2397.724160        0.303630
MDMin:  123 07:21:28    -2397.724168        0.300988
MDMin:  124 07:21:29    -2397.724182        0.301980
MDMin:  125 07:21:31    -2397.724205        0.306473
MDMin:  126 07:21:33    -2397.724237        0.310385
MDMin:  127 07:21:35    -2397.724280        0.313513
MDMin:  128 07:21:37    -2397.724335        0.315694
MDMin:  129 07:21:39    -2397.724395        0.445649
MDMin:  130 07:21:41    -2397.724436        0.429999
MDMin:  131 07:21:43    -2397.724457        0.335926
MDMin:  132 07:21:45    -2397.724483        0.344037
MDMin:  133 07:21:46    -2397.724515        0.353292
MDMin:  134 07:21:48    -2397.724552        0.363610
MDMin:  135 07:21:49    -2397.724595        0.374836
MDMin:  136 07:21:51    -2397.724646        0.386720
MDMin:  137 07:21:53    -2397.724704        0.398886
MDMin:  138 07:21:55    -2397.724770        0.410811
MDMin:  139 07:21:57    -2397.724846        0.421805
MDMin:  140 07:21:59    -2397.724933        0.431016
MDMin:  141 07:22:00    -2397.725030        0.437481
MDMin:  142 07:22:02    -2397.725140        0.440209
MDMin:  143 07:22:04    -2397.725264        0.438335
MDMin:  144 07:22:06    -2397.725403        0.431294
MDMin:  145 07:22:08    -2397.725558        0.418978
MDMin:  146 07:22:10    -2397.725732        0.425884
MDMin:  147 07:22:12    -2397.725924        0.446601
MDMin:  148 07:22:14    -2397.726136        0.468572
MDMin:  149 07:22:16    -2397.726362        0.490259
MDMin:  150 07:22:18    -2397.726565        0.606145
MDMin:  151 07:22:20    -2397.726660        0.513923
MDMin:  152 07:22:22    -2397.726734        0.518597
MDMin:  153 07:22:24    -2397.726821        0.523433
MDMin:  154 07:22:26    -2397.726922        0.528092
MDMin:  155 07:22:28    -2397.727037        0.532095
MDMin:  156 07:22:30    -2397.727167        0.534827
MDMin:  157 07:22:32    -2397.727315        0.535540
MDMin:  158 07:22:34    -2397.727480        0.533396
MDMin:  159 07:22:36    -2397.727664        0.527666
MDMin:  160 07:22:38    -2397.727870        0.517740
MDMin:  161 07:22:40    -2397.728100        0.503333
MDMin:  162 07:22:42    -2397.728357        0.484706
MDMin:  163 07:22:44    -2397.728644        0.462734
MDMin:  164 07:22:46    -2397.728964        0.438758
MDMin:  165 07:22:47    -2397.729321        0.414232
MDMin:  166 07:22:49    -2397.729717        0.390314
MDMin:  167 07:22:51    -2397.730151        0.367770
MDMin:  168 07:22:53    -2397.730569        0.394436
MDMin:  169 07:22:55    -2397.730738        0.341565
MDMin:  170 07:22:57    -2397.730820        0.338198
MDMin:  171 07:22:59    -2397.730925        0.333895
MDMin:  172 07:23:01    -2397.731051        0.328850
MDMin:  173 07:23:03    -2397.731198        0.323076
MDMin:  174 07:23:05    -2397.731366        0.316570
MDMin:  175 07:23:07    -2397.731556        0.312645
MDMin:  176 07:23:09    -2397.731768        0.317519
MDMin:  177 07:23:11    -2397.732005        0.323212
MDMin:  178 07:23:13    -2397.732266        0.329783
MDMin:  179 07:23:16    -2397.732552        0.337257
MDMin:  180 07:23:17    -2397.732864        0.345605
MDMin:  181 07:23:19    -2397.733203        0.354712
MDMin:  182 07:23:21    -2397.733568        0.364360
MDMin:  183 07:23:23    -2397.733962        0.374208
MDMin:  184 07:23:25    -2397.734383        0.383813
MDMin:  185 07:23:27    -2397.734834        0.392669
MDMin:  186 07:23:29    -2397.735313        0.400292
MDMin:  187 07:23:32    -2397.735822        0.406302
MDMin:  188 07:23:33    -2397.736361        0.410496
MDMin:  189 07:23:35    -2397.736924        0.413130
MDMin:  190 07:23:37    -2397.737458        0.414484
MDMin:  191 07:23:39    -2397.737742        0.414807
MDMin:  192 07:23:41    -2397.737849        0.414867
MDMin:  193 07:23:43    -2397.737993        0.414923
MDMin:  194 07:23:45    -2397.738162        0.414951
MDMin:  195 07:23:47    -2397.738357        0.414941
MDMin:  196 07:23:48    -2397.738579        0.414878
MDMin:  197 07:23:49    -2397.738826        0.414745
MDMin:  198 07:23:51    -2397.739100        0.414520
MDMin:  199 07:23:53    -2397.739402        0.414166
MDMin:  200 07:23:54    -2397.739730        0.413628
MDMin:  201 07:23:56    -2397.740086        0.412822
MDMin:  202 07:23:57    -2397.740469        0.411674
MDMin:  203 07:23:59    -2397.740880        0.410039
MDMin:  204 07:24:01    -2397.741320        0.417925
MDMin:  205 07:24:03    -2397.741788        0.427291
MDMin:  206 07:24:05    -2397.742284        0.436531
MDMin:  207 07:24:07    -2397.742810        0.445039
MDMin:  208 07:24:09    -2397.743366        0.451981
MDMin:  209 07:24:10    -2397.743954        0.456362
MDMin:  210 07:24:12    -2397.744576        0.457213
MDMin:  211 07:24:15    -2397.745233        0.453875
MDMin:  212 07:24:16    -2397.745923        0.446338
MDMin:  213 07:24:18    -2397.746588        0.436149
MDMin:  214 07:24:20    -2397.746985        0.476174
MDMin:  215 07:24:22    -2397.747126        0.426417
MDMin:  216 07:24:24    -2397.747315        0.422825
MDMin:  217 07:24:26    -2397.747537        0.418557
MDMin:  218 07:24:28    -2397.747794        0.413617
MDMin:  219 07:24:30    -2397.748085        0.408034
MDMin:  220 07:24:32    -2397.748413        0.401867
MDMin:  221 07:24:34    -2397.748779        0.398396
MDMin:  222 07:24:36    -2397.749182        0.401191
MDMin:  223 07:24:38    -2397.749626        0.402965
MDMin:  224 07:24:40    -2397.750111        0.403316
MDMin:  225 07:24:42    -2397.750640        0.401792
MDMin:  226 07:24:44    -2397.751112        0.397894
MDMin:  227 07:24:46    -2397.751550        0.391155
MDMin:  228 07:24:48    -2397.751769        0.381380
MDMin:  229 07:24:50    -2397.752417        0.368118
MDMin:  230 07:24:52    -2397.753027        0.350953
MDMin:  231 07:24:54    -2397.752954        0.348050
MDMin:  232 07:24:56    -2397.753624        0.350109
MDMin:  233 07:24:58    -2397.754277        0.353577
MDMin:  234 07:25:00    -2397.754912        0.357992
MDMin:  235 07:25:02    -2397.755456        0.362471
MDMin:  236 07:25:03    -2397.755250        0.365330
MDMin:  237 07:25:04    -2397.755468        0.366292
MDMin:  238 07:25:06    -2397.755662        0.367074
MDMin:  239 07:25:07    -2397.755874        0.367846
MDMin:  240 07:25:09    -2397.756106        0.368568
MDMin:  241 07:25:11    -2397.756354        0.369183
MDMin:  242 07:25:13    -2397.756619        0.369627
MDMin:  243 07:25:14    -2397.756900        0.369841
MDMin:  244 07:25:16    -2397.757194        0.369775
MDMin:  245 07:25:18    -2397.757500        0.369401
MDMin:  246 07:25:20    -2397.757818        0.368753
MDMin:  247 07:25:22    -2397.758146        0.367999
MDMin:  248 07:25:24    -2397.758481        0.367248
MDMin:  249 07:25:26    -2397.758819        0.366626
MDMin:  250 07:25:28    -2397.759141        0.366252
MDMin:  251 07:25:30    -2397.759395        0.366148
MDMin:  252 07:25:32    -2397.759540        0.366170
MDMin:  253 07:25:34    -2397.759668        0.366256
MDMin:  254 07:25:36    -2397.759808        0.366430
MDMin:  255 07:25:38    -2397.759962        0.366721
MDMin:  256 07:25:40    -2397.760130        0.367151
MDMin:  257 07:25:42    -2397.760311        0.367740
MDMin:  258 07:25:44    -2397.760504        0.368493
MDMin:  259 07:25:46    -2397.760709        0.369400
MDMin:  260 07:25:48    -2397.760925        0.370464
MDMin:  261 07:25:50    -2397.761151        0.371623
MDMin:  262 07:25:52    -2397.761386        0.372741
MDMin:  263 07:25:54    -2397.761628        0.373609
MDMin:  264 07:25:56    -2397.761876        0.376117
MDMin:  265 07:25:57    -2397.762124        0.383144
MDMin:  266 07:25:59    -2397.762355        0.390041
MDMin:  267 07:26:01    -2397.762528        0.395451
MDMin:  268 07:26:03    -2397.762640        0.399013
MDMin:  269 07:26:05    -2397.762747        0.402469
MDMin:  270 07:26:07    -2397.762863        0.406328
MDMin:  271 07:26:10    -2397.762991        0.410659
MDMin:  272 07:26:12    -2397.763130        0.415473
MDMin:  273 07:26:14    -2397.763281        0.420765
MDMin:  274 07:26:15    -2397.763442        0.426509
MDMin:  275 07:26:17    -2397.763615        0.432653
MDMin:  276 07:26:18    -2397.763798        0.439093
MDMin:  277 07:26:19    -2397.763992        0.445647
MDMin:  278 07:26:21    -2397.764196        0.452019
MDMin:  279 07:26:23    -2397.764410        0.457742
MDMin:  280 07:26:24    -2397.764632        0.462151
MDMin:  281 07:26:25    -2397.764851        0.464484
MDMin:  282 07:26:27    -2397.765036        0.464505
MDMin:  283 07:26:29    -2397.765162        0.463358
MDMin:  284 07:26:30    -2397.765270        0.461666
MDMin:  285 07:26:31    -2397.765387        0.459181
MDMin:  286 07:26:33    -2397.765518        0.455653
MDMin:  287 07:26:35    -2397.765663        0.450877
MDMin:  288 07:26:37    -2397.765824        0.444692
MDMin:  289 07:26:39    -2397.766001        0.437019
MDMin:  290 07:26:41    -2397.766196        0.433794
MDMin:  291 07:26:43    -2397.766411        0.430136
MDMin:  292 07:26:45    -2397.766645        0.423728
MDMin:  293 07:26:47    -2397.766899        0.414066
MDMin:  294 07:26:49    -2397.767167        0.401071
MDMin:  295 07:26:50    -2397.767422        0.386292
MDMin:  296 07:26:52    -2397.767608        0.374205
MDMin:  297 07:26:54    -2397.767740        0.365180
MDMin:  298 07:26:56    -2397.767881        0.355537
MDMin:  299 07:26:58    -2397.768041        0.350719
MDMin:  300 07:27:00    -2397.768223        0.345787
MDMin:  301 07:27:02    -2397.768429        0.340883
MDMin:  302 07:27:04    -2397.768661        0.336176
MDMin:  303 07:27:06    -2397.768921        0.331854
MDMin:  304 07:27:08    -2397.769211        0.328130
MDMin:  305 07:27:10    -2397.769534        0.325235
MDMin:  306 07:27:12    -2397.769892        0.323405
MDMin:  307 07:27:14    -2397.770280        0.322801
MDMin:  308 07:27:15    -2397.770673        0.323391
MDMin:  309 07:27:16    -2397.770989        0.324526
MDMin:  310 07:27:18    -2397.771177        0.325412
MDMin:  311 07:27:19    -2397.771359        0.326444
MDMin:  312 07:27:20    -2397.771567        0.327808
MDMin:  313 07:27:21    -2397.771802        0.329564
MDMin:  314 07:27:23    -2397.772067        0.331746
MDMin:  315 07:27:25    -2397.772363        0.334360
MDMin:  316 07:27:27    -2397.772692        0.337382
MDMin:  317 07:27:29    -2397.773054        0.340748
MDMin:  318 07:27:31    -2397.773450        0.344352
MDMin:  319 07:27:33    -2397.773883        0.348050
MDMin:  320 07:27:35    -2397.774351        0.351671
MDMin:  321 07:27:37    -2397.774856        0.358692
MDMin:  322 07:27:39    -2397.775392        0.367054
MDMin:  323 07:27:41    -2397.775939        0.375851
MDMin:  324 07:27:43    -2397.776423        0.383711
MDMin:  325 07:27:45    -2397.776742        0.388836
MDMin:  326 07:27:47    -2397.776991        0.392807
MDMin:  327 07:27:49    -2397.777259        0.397056
MDMin:  328 07:27:51    -2397.777560        0.401786
MDMin:  329 07:27:52    -2397.777894        0.407009
MDMin:  330 07:27:54    -2397.778263        0.412711
MDMin:  331 07:27:56    -2397.778667        0.418864
MDMin:  332 07:27:58    -2397.779107        0.425431
MDMin:  333 07:28:00    -2397.779583        0.432365
MDMin:  334 07:28:02    -2397.780096        0.439608
MDMin:  335 07:28:04    -2397.780644        0.447093
MDMin:  336 07:28:06    -2397.781226        0.454739
MDMin:  337 07:28:07    -2397.781837        0.462419
MDMin:  338 07:28:09    -2397.782459        0.469870
MDMin:  339 07:28:11    -2397.783032        0.476419
MDMin:  340 07:28:13    -2397.783452        0.480965
MDMin:  341 07:28:15    -2397.783752        0.484097
MDMin:  342 07:28:17    -2397.784059        0.487258
MDMin:  343 07:28:19    -2397.784399        0.490712
MDMin:  344 07:28:21    -2397.784728        0.494486
MDMin:  345 07:28:23    -2397.784720        0.498033
MDMin:  346 07:28:25    -2397.784715        0.501949
MDMin:  347 07:28:27    -2397.784715        0.506230
MDMin:  348 07:28:29    -2397.784722        0.510866
MDMin:  349 07:28:31    -2397.784735        0.515841
MDMin:  350 07:28:33    -2397.784753        0.521131
MDMin:  351 07:28:35    -2397.784777        0.526701
MDMin:  352 07:28:37    -2397.784807        0.532510
MDMin:  353 07:28:39    -2397.784841        0.538498
MDMin:  354 07:28:41    -2397.784880        0.544570
MDMin:  355 07:28:43    -2397.784921        0.550464
MDMin:  356 07:28:45    -2397.784959        0.555363
MDMin:  357 07:28:47    -2397.784986        0.558351
MDMin:  358 07:28:49    -2397.785007        0.560607
MDMin:  359 07:28:51    -2397.785030        0.563062
MDMin:  360 07:28:52    -2397.785056        0.565876
MDMin:  361 07:28:54    -2397.785085        0.569087
MDMin:  362 07:28:57    -2397.785118        0.572695
MDMin:  363 07:28:58    -2397.785156        0.576655
MDMin:  364 07:29:00    -2397.785198        0.580818
MDMin:  365 07:29:02    -2397.785244        0.584862
MDMin:  366 07:29:04    -2397.785295        0.588189
MDMin:  367 07:29:06    -2397.785352        0.589855
MDMin:  368 07:29:08    -2397.785414        0.588586
MDMin:  369 07:29:10    -2397.785481        0.583042
MDMin:  370 07:29:12    -2397.785551        0.572681
MDMin:  371 07:29:14    -2397.785613        0.559925
MDMin:  372 07:29:16    -2397.785651        0.550246
MDMin:  373 07:29:18    -2397.785684        0.541588
MDMin:  374 07:29:20    -2397.785720        0.531564
MDMin:  375 07:29:22    -2397.785762        0.519856
MDMin:  376 07:29:24    -2397.785809        0.506447
MDMin:  377 07:29:26    -2397.785863        0.491441
MDMin:  378 07:29:28    -2397.785923        0.475075
MDMin:  379 07:29:30    -2397.785991        0.457730
MDMin:  380 07:29:32    -2397.786066        0.439947
MDMin:  381 07:29:34    -2397.786150        0.422434
MDMin:  382 07:29:36    -2397.786242        0.406073
MDMin:  383 07:29:38    -2397.786339        0.392068
MDMin:  384 07:29:40    -2397.786421        0.382451
MDMin:  385 07:29:41    -2397.786460        0.378438
MDMin:  386 07:29:43    -2397.786497        0.375061
MDMin:  387 07:29:45    -2397.786539        0.371725
MDMin:  388 07:29:47    -2397.786587        0.368548
MDMin:  389 07:29:49    -2397.786641        0.365672
MDMin:  390 07:29:51    -2397.786700        0.363218
MDMin:  391 07:29:53    -2397.786765        0.361268
MDMin:  392 07:29:54    -2397.786837        0.359847
MDMin:  393 07:29:56    -2397.786914        0.358913
MDMin:  394 07:29:58    -2397.786997        0.358350
MDMin:  395 07:30:00    -2397.787085        0.357979
MDMin:  396 07:30:03    -2397.787178        0.357579
MDMin:  397 07:30:04    -2397.787273        0.356932
MDMin:  398 07:30:06    -2397.787364        0.355935
MDMin:  399 07:30:08    -2397.787427        0.354928
MDMin:  400 07:30:10    -2397.787457        0.354314
MDMin:  401 07:30:12    -2397.787491        0.353595
MDMin:  402 07:30:14    -2397.787529        0.352729
MDMin:  403 07:30:16    -2397.787571        0.351701
MDMin:  404 07:30:17    -2397.787618        0.350522
MDMin:  405 07:30:19    -2397.787669        0.349243
MDMin:  406 07:30:20    -2397.787724        0.347891
MDMin:  407 07:30:21    -2397.787783        0.346502
MDMin:  408 07:30:23    -2397.787845        0.345126
MDMin:  409 07:30:24    -2397.787910        0.343821
MDMin:  410 07:30:25    -2397.787978        0.342652
MDMin:  411 07:30:26    -2397.788048        0.341681
MDMin:  412 07:30:28    -2397.788119        0.340959
MDMin:  413 07:30:29    -2397.788192        0.340511
MDMin:  414 07:30:30    -2397.788264        0.340317
MDMin:  415 07:30:32    -2397.788330        0.340304
MDMin:  416 07:30:33    -2397.788375        0.340336
MDMin:  417 07:30:34    -2397.788394        0.340336
MDMin:  418 07:30:36    -2397.788416        0.340336
MDMin:  419 07:30:38    -2397.788440        0.340324
MDMin:  420 07:30:40    -2397.788467        0.340275
MDMin:  421 07:30:42    -2397.788496        0.340147
MDMin:  422 07:30:44    -2397.788527        0.339876
MDMin:  423 07:30:46    -2397.788560        0.339369
MDMin:  424 07:30:48    -2397.788595        0.338497
MDMin:  425 07:30:50    -2397.788631        0.337090
MDMin:  426 07:30:51    -2397.788668        0.334924
MDMin:  427 07:30:52    -2397.788706        0.331722
MDMin:  428 07:30:54    -2397.788745        0.327144
MDMin:  429 07:30:56    -2397.788785        0.320795
MDMin:  430 07:30:57    -2397.788825        0.312229
MDMin:  431 07:31:00    -2397.788866        0.300978
MDMin:  432 07:31:02    -2397.788908        0.286589
MDMin:  433 07:31:04    -2397.788950        0.293812
MDMin:  434 07:31:06    -2397.788994        0.312994
MDMin:  435 07:31:08    -2397.789037        0.330443
MDMin:  436 07:31:10    -2397.789072        0.341972
MDMin:  437 07:31:12    -2397.789086        0.345389
MDMin:  438 07:31:14    -2397.789101        0.348806
MDMin:  439 07:31:16    -2397.789117        0.352525
MDMin:  440 07:31:19    -2397.789136        0.356437
MDMin:  441 07:31:20    -2397.789158        0.360392
MDMin:  442 07:31:22    -2397.789182        0.364199
MDMin:  443 07:31:24    -2397.789209        0.367627
MDMin:  444 07:31:26    -2397.789238        0.370403
MDMin:  445 07:31:28    -2397.789271        0.372203
MDMin:  446 07:31:30    -2397.789307        0.372650
MDMin:  447 07:31:32    -2397.789347        0.371306
MDMin:  448 07:31:34    -2397.789391        0.367668
MDMin:  449 07:31:36    -2397.789440        0.361182
MDMin:  450 07:31:38    -2397.789494        0.351275
MDMin:  451 07:31:40    -2397.789531        0.337511
MDMin:  452 07:31:42    -2397.789483        0.320447
MDMin:  453 07:31:45    -2397.789431        0.305282
MDMin:  454 07:31:47    -2397.789406        0.298606
MDMin:  455 07:31:49    -2397.789377        0.290896
MDMin:  456 07:31:51    -2397.789342        0.281851
MDMin:  457 07:31:53    -2397.789300        0.271406
MDMin:  458 07:31:55    -2397.789251        0.259512
MDMin:  459 07:31:56    -2397.789194        0.246149
MDMin:  460 07:31:58    -2397.789129        0.231341
MDMin:  461 07:32:00    -2397.789056        0.215177
MDMin:  462 07:32:02    -2397.788973        0.197823
MDMin:  463 07:32:04    -2397.788882        0.179541
MDMin:  464 07:32:05    -2397.788782        0.160692
MDMin:  465 07:32:06    -2397.788673        0.141728
