       Step     Time          Energy          fmax
MDMin:    0 07:32:06    -2397.788673        0.141728
MDMin:    1 07:32:08    -2397.788672        0.141656
MDMin:    2 07:32:09    -2397.788670        0.141441
MDMin:    3 07:32:10    -2397.788666        0.141083
MDMin:    4 07:32:12    -2397.788660        0.140583
MDMin:    5 07:32:13    -2397.788653        0.139942
MDMin:    6 07:32:14    -2397.788643        0.139161
MDMin:    7 07:32:16    -2397.788633        0.138242
MDMin:    8 07:32:17    -2397.788621        0.137187
MDMin:    9 07:32:18    -2397.788607        0.135997
MDMin:   10 07:32:19    -2397.788591        0.134677
MDMin:   11 07:32:21    -2397.788574        0.134081
MDMin:   12 07:32:22    -2397.788556        0.133775
MDMin:   13 07:32:24    -2397.788536        0.133437
MDMin:   14 07:32:26    -2397.788515        0.133066
MDMin:   15 07:32:28    -2397.788492        0.132662
MDMin:   16 07:32:30    -2397.788469        0.132223
MDMin:   17 07:32:32    -2397.788443        0.131749
MDMin:   18 07:32:34    -2397.788417        0.131237
MDMin:   19 07:32:36    -2397.788389        0.130687
MDMin:   20 07:32:38    -2397.788361        0.130099
MDMin:   21 07:32:39    -2397.788331        0.129470
MDMin:   22 07:32:40    -2397.788300        0.128800
MDMin:   23 07:32:41    -2397.788268        0.128089
MDMin:   24 07:32:42    -2397.788236        0.127335
MDMin:   25 07:32:44    -2397.788202        0.126538
MDMin:   26 07:32:45    -2397.788168        0.125697
MDMin:   27 07:32:46    -2397.788133        0.124813
MDMin:   28 07:32:48    -2397.788098        0.123884
MDMin:   29 07:32:49    -2397.788062        0.122912
MDMin:   30 07:32:50    -2397.788025        0.121897
MDMin:   31 07:32:51    -2397.787988        0.120839
MDMin:   32 07:32:53    -2397.787951        0.119738
MDMin:   33 07:32:54    -2397.787913        0.118596
MDMin:   34 07:32:56    -2397.787876        0.117414
MDMin:   35 07:32:57    -2397.787838        0.116194
MDMin:   36 07:32:59    -2397.787800        0.114936
MDMin:   37 07:33:01    -2397.787762        0.113643
MDMin:   38 07:33:03    -2397.787724        0.112317
MDMin:   39 07:33:05    -2397.787686        0.110959
MDMin:   40 07:33:07    -2397.787649        0.109572
MDMin:   41 07:33:09    -2397.787611        0.108159
MDMin:   42 07:33:10    -2397.787574        0.106721
MDMin:   43 07:33:12    -2397.787538        0.106386
MDMin:   44 07:33:14    -2397.787502        0.106663
MDMin:   45 07:33:16    -2397.787466        0.106946
MDMin:   46 07:33:18    -2397.787431        0.107235
MDMin:   47 07:33:20    -2397.787397        0.107530
MDMin:   48 07:33:23    -2397.787363        0.107831
MDMin:   49 07:33:25    -2397.787330        0.108137
MDMin:   50 07:33:27    -2397.787298        0.108448
MDMin:   51 07:33:29    -2397.787267        0.108763
MDMin:   52 07:33:30    -2397.787236        0.109083
MDMin:   53 07:33:31    -2397.787206        0.109406
MDMin:   54 07:33:32    -2397.787177        0.109733
MDMin:   55 07:33:34    -2397.787150        0.110062
MDMin:   56 07:33:35    -2397.787123        0.110393
MDMin:   57 07:33:36    -2397.787097        0.110725
MDMin:   58 07:33:37    -2397.787072        0.111057
MDMin:   59 07:33:39    -2397.787048        0.111388
MDMin:   60 07:33:40    -2397.787025        0.111718
MDMin:   61 07:33:42    -2397.787003        0.112045
MDMin:   62 07:33:43    -2397.786982        0.112368
MDMin:   63 07:33:44    -2397.786962        0.112686
MDMin:   64 07:33:45    -2397.786943        0.112997
MDMin:   65 07:33:46    -2397.786926        0.113299
MDMin:   66 07:33:48    -2397.786909        0.113591
MDMin:   67 07:33:49    -2397.786893        0.113872
MDMin:   68 07:33:51    -2397.786878        0.114139
MDMin:   69 07:33:52    -2397.786865        0.114389
MDMin:   70 07:33:54    -2397.786852        0.114622
MDMin:   71 07:33:56    -2397.786840        0.114835
MDMin:   72 07:33:58    -2397.786829        0.115025
MDMin:   73 07:34:00    -2397.786819        0.115190
MDMin:   74 07:34:01    -2397.786810        0.115327
MDMin:   75 07:34:04    -2397.786802        0.115435
MDMin:   76 07:34:06    -2397.786794        0.115509
MDMin:   77 07:34:07    -2397.786787        0.115548
MDMin:   78 07:34:10    -2397.786781        0.115548
MDMin:   79 07:34:11    -2397.786776        0.115507
MDMin:   80 07:34:13    -2397.786771        0.115422
MDMin:   81 07:34:15    -2397.786768        0.115291
MDMin:   82 07:34:17    -2397.786764        0.115110
MDMin:   83 07:34:19    -2397.786762        0.114878
MDMin:   84 07:34:21    -2397.786759        0.114591
MDMin:   85 07:34:23    -2397.786758        0.114247
MDMin:   86 07:34:25    -2397.786757        0.113844
MDMin:   87 07:34:27    -2397.786756        0.113991
MDMin:   88 07:34:29    -2397.786756        0.115358
MDMin:   89 07:34:31    -2397.786756        0.116599
MDMin:   90 07:34:33    -2397.786757        0.117693
MDMin:   91 07:34:35    -2397.786758        0.118623
MDMin:   92 07:34:36    -2397.786759        0.119370
MDMin:   93 07:34:38    -2397.786761        0.119917
MDMin:   94 07:34:40    -2397.786763        0.120253
MDMin:   95 07:34:42    -2397.786766        0.120387
MDMin:   96 07:34:44    -2397.786768        0.120319
MDMin:   97 07:34:46    -2397.786771        0.120047
MDMin:   98 07:34:48    -2397.786775        0.119573
MDMin:   99 07:34:50    -2397.786778        0.118904
MDMin:  100 07:34:52    -2397.786782        0.118053
MDMin:  101 07:34:54    -2397.786786        0.117035
MDMin:  102 07:34:56    -2397.786790        0.115874
MDMin:  103 07:34:58    -2397.786795        0.114593
MDMin:  104 07:35:00    -2397.786799        0.113221
MDMin:  105 07:35:02    -2397.786804        0.111784
MDMin:  106 07:35:04    -2397.786809        0.110310
MDMin:  107 07:35:06    -2397.786814        0.108818
MDMin:  108 07:35:07    -2397.786820        0.107323
MDMin:  109 07:35:09    -2397.786826        0.105831
MDMin:  110 07:35:10    -2397.786831        0.104339
MDMin:  111 07:35:11    -2397.786837        0.102849
MDMin:  112 07:35:13    -2397.786843        0.101405
MDMin:  113 07:35:15    -2397.786847        0.100222
MDMin:  114 07:35:16    -2397.786850        0.099447
MDMin:  115 07:35:17    -2397.786852        0.098739
MDMin:  116 07:35:19    -2397.786855        0.098015
MDMin:  117 07:35:20    -2397.786857        0.097269
MDMin:  118 07:35:21    -2397.786860        0.096497
MDMin:  119 07:35:23    -2397.786862        0.095695
MDMin:  120 07:35:24    -2397.786865        0.095443
MDMin:  121 07:35:25    -2397.786868        0.095324
MDMin:  122 07:35:26    -2397.786870        0.095200
MDMin:  123 07:35:28    -2397.786873        0.095069
MDMin:  124 07:35:29    -2397.786876        0.094934
MDMin:  125 07:35:30    -2397.786879        0.094792
MDMin:  126 07:35:32    -2397.786882        0.094645
MDMin:  127 07:35:34    -2397.786886        0.094492
MDMin:  128 07:35:35    -2397.786889        0.094333
MDMin:  129 07:35:36    -2397.786892        0.094168
MDMin:  130 07:35:38    -2397.786896        0.093998
MDMin:  131 07:35:40    -2397.786899        0.093822
MDMin:  132 07:35:42    -2397.786903        0.093641
MDMin:  133 07:35:44    -2397.786906        0.093454
MDMin:  134 07:35:46    -2397.786910        0.093262
MDMin:  135 07:35:48    -2397.786914        0.093064
MDMin:  136 07:35:49    -2397.786917        0.092862
MDMin:  137 07:35:51    -2397.786921        0.092654
MDMin:  138 07:35:53    -2397.786925        0.092442
MDMin:  139 07:35:54    -2397.786929        0.092225
MDMin:  140 07:35:56    -2397.786933        0.092005
MDMin:  141 07:35:58    -2397.786938        0.091780
MDMin:  142 07:36:00    -2397.786942        0.091551
MDMin:  143 07:36:02    -2397.786946        0.091319
MDMin:  144 07:36:05    -2397.786951        0.091084
MDMin:  145 07:36:07    -2397.786955        0.090846
MDMin:  146 07:36:08    -2397.786960        0.090606
MDMin:  147 07:36:11    -2397.786964        0.090364
MDMin:  148 07:36:13    -2397.786969        0.090120
MDMin:  149 07:36:15    -2397.786974        0.089874
MDMin:  150 07:36:17    -2397.786979        0.089628
MDMin:  151 07:36:19    -2397.786983        0.089785
MDMin:  152 07:36:22    -2397.786988        0.089986
MDMin:  153 07:36:24    -2397.786993        0.090184
MDMin:  154 07:36:26    -2397.786999        0.090380
MDMin:  155 07:36:27    -2397.787004        0.090574
MDMin:  156 07:36:29    -2397.787009        0.090765
MDMin:  157 07:36:30    -2397.787014        0.090955
MDMin:  158 07:36:32    -2397.787020        0.091142
MDMin:  159 07:36:34    -2397.787025        0.091328
MDMin:  160 07:36:36    -2397.787031        0.091511
MDMin:  161 07:36:38    -2397.787036        0.091692
MDMin:  162 07:36:40    -2397.787042        0.091872
MDMin:  163 07:36:42    -2397.787048        0.092050
MDMin:  164 07:36:44    -2397.787053        0.092227
MDMin:  165 07:36:46    -2397.787059        0.092402
MDMin:  166 07:36:47    -2397.787065        0.092575
MDMin:  167 07:36:49    -2397.787071        0.092748
MDMin:  168 07:36:50    -2397.787077        0.092919
MDMin:  169 07:36:51    -2397.787083        0.093087
MDMin:  170 07:36:53    -2397.787089        0.093245
MDMin:  171 07:36:55    -2397.787093        0.098515
MDMin:  172 07:36:57    -2397.787096        0.093441
MDMin:  173 07:36:59    -2397.787098        0.093502
MDMin:  174 07:37:01    -2397.787100        0.093563
MDMin:  175 07:37:03    -2397.787103        0.093625
MDMin:  176 07:37:05    -2397.787105        0.093688
MDMin:  177 07:37:07    -2397.787108        0.093752
MDMin:  178 07:37:09    -2397.787110        0.093818
MDMin:  179 07:37:11    -2397.787113        0.093885
MDMin:  180 07:37:13    -2397.787115        0.093953
MDMin:  181 07:37:15    -2397.787118        0.094022
MDMin:  182 07:37:16    -2397.787120        0.094092
MDMin:  183 07:37:17    -2397.787123        0.094164
MDMin:  184 07:37:18    -2397.787126        0.094237
MDMin:  185 07:37:20    -2397.787129        0.094312
MDMin:  186 07:37:21    -2397.787132        0.094387
MDMin:  187 07:37:23    -2397.787135        0.094464
MDMin:  188 07:37:25    -2397.787137        0.094543
MDMin:  189 07:37:27    -2397.787140        0.094623
MDMin:  190 07:37:29    -2397.787144        0.094704
MDMin:  191 07:37:30    -2397.787147        0.094787
MDMin:  192 07:37:31    -2397.787150        0.094871
MDMin:  193 07:37:33    -2397.787153        0.094957
MDMin:  194 07:37:34    -2397.787156        0.095045
MDMin:  195 07:37:35    -2397.787159        0.095134
MDMin:  196 07:37:36    -2397.787163        0.095225
MDMin:  197 07:37:38    -2397.787166        0.095317
MDMin:  198 07:37:40    -2397.787169        0.095411
MDMin:  199 07:37:42    -2397.787173        0.095507
MDMin:  200 07:37:45    -2397.787176        0.095605
MDMin:  201 07:37:47    -2397.787180        0.095704
MDMin:  202 07:37:48    -2397.787183        0.095805
MDMin:  203 07:37:50    -2397.787187        0.095908
MDMin:  204 07:37:51    -2397.787191        0.096013
MDMin:  205 07:37:53    -2397.787194        0.096119
MDMin:  206 07:37:55    -2397.787198        0.096228
MDMin:  207 07:37:57    -2397.787202        0.096338
MDMin:  208 07:37:59    -2397.787205        0.096451
MDMin:  209 07:38:00    -2397.787209        0.096565
MDMin:  210 07:38:02    -2397.787213        0.096682
MDMin:  211 07:38:04    -2397.787217        0.096801
MDMin:  212 07:38:06    -2397.787221        0.096922
MDMin:  213 07:38:08    -2397.787225        0.097045
MDMin:  214 07:38:10    -2397.787229        0.097170
MDMin:  215 07:38:12    -2397.787233        0.097298
MDMin:  216 07:38:13    -2397.787237        0.097428
MDMin:  217 07:38:16    -2397.787241        0.097561
MDMin:  218 07:38:17    -2397.787245        0.097696
MDMin:  219 07:38:18    -2397.787249        0.097834
MDMin:  220 07:38:20    -2397.787253        0.097974
MDMin:  221 07:38:23    -2397.787258        0.098116
MDMin:  222 07:38:26    -2397.787262        0.098261
MDMin:  223 07:38:28    -2397.787266        0.098408
MDMin:  224 07:38:31    -2397.787270        0.098558
MDMin:  225 07:38:33    -2397.787275        0.098710
MDMin:  226 07:38:35    -2397.787279        0.098864
MDMin:  227 07:38:36    -2397.787283        0.099020
MDMin:  228 07:38:38    -2397.787288        0.099179
MDMin:  229 07:38:40    -2397.787292        0.099340
MDMin:  230 07:38:42    -2397.787297        0.099503
MDMin:  231 07:38:44    -2397.787301        0.099667
MDMin:  232 07:38:46    -2397.787306        0.099833
MDMin:  233 07:38:48    -2397.787310        0.100000
MDMin:  234 07:38:50    -2397.787315        0.100169
MDMin:  235 07:38:53    -2397.787319        0.100338
MDMin:  236 07:38:55    -2397.787324        0.100508
MDMin:  237 07:38:57    -2397.787328        0.100677
MDMin:  238 07:38:59    -2397.787333        0.100844
MDMin:  239 07:39:01    -2397.787337        0.101009
MDMin:  240 07:39:03    -2397.787342        0.101171
MDMin:  241 07:39:05    -2397.787347        0.101330
MDMin:  242 07:39:07    -2397.787351        0.101485
MDMin:  243 07:39:08    -2397.787356        0.101637
MDMin:  244 07:39:10    -2397.787361        0.101783
MDMin:  245 07:39:11    -2397.787365        0.101925
MDMin:  246 07:39:12    -2397.787370        0.102061
MDMin:  247 07:39:14    -2397.787375        0.102191
MDMin:  248 07:39:16    -2397.787380        0.102314
MDMin:  249 07:39:18    -2397.787384        0.102427
MDMin:  250 07:39:20    -2397.787389        0.102530
MDMin:  251 07:39:21    -2397.787393        0.102606
MDMin:  252 07:39:22    -2397.787396        0.102659
MDMin:  253 07:39:24    -2397.787398        0.102690
MDMin:  254 07:39:26    -2397.787400        0.102720
MDMin:  255 07:39:27    -2397.787402        0.102748
MDMin:  256 07:39:28    -2397.787404        0.102775
MDMin:  257 07:39:29    -2397.787406        0.102801
MDMin:  258 07:39:31    -2397.787408        0.102826
MDMin:  259 07:39:32    -2397.787410        0.102849
MDMin:  260 07:39:33    -2397.787413        0.102870
MDMin:  261 07:39:34    -2397.787415        0.102889
MDMin:  262 07:39:35    -2397.787417        0.102906
MDMin:  263 07:39:36    -2397.787420        0.102920
MDMin:  264 07:39:38    -2397.787422        0.102932
MDMin:  265 07:39:39    -2397.787424        0.102942
MDMin:  266 07:39:41    -2397.787427        0.102948
MDMin:  267 07:39:43    -2397.787429        0.102952
MDMin:  268 07:39:45    -2397.787432        0.102952
MDMin:  269 07:39:47    -2397.787434        0.102948
MDMin:  270 07:39:48    -2397.787437        0.102941
MDMin:  271 07:39:49    -2397.787439        0.102930
MDMin:  272 07:39:51    -2397.787442        0.102915
MDMin:  273 07:39:52    -2397.787445        0.102895
MDMin:  274 07:39:54    -2397.787447        0.102871
MDMin:  275 07:39:55    -2397.787450        0.102842
MDMin:  276 07:39:56    -2397.787453        0.102809
MDMin:  277 07:39:58    -2397.787456        0.102770
MDMin:  278 07:40:00    -2397.787458        0.102725
MDMin:  279 07:40:01    -2397.787461        0.102675
MDMin:  280 07:40:02    -2397.787464        0.102620
MDMin:  281 07:40:04    -2397.787467        0.102558
MDMin:  282 07:40:05    -2397.787470        0.102490
MDMin:  283 07:40:07    -2397.787473        0.102416
MDMin:  284 07:40:09    -2397.787476        0.102335
MDMin:  285 07:40:11    -2397.787479        0.102248
MDMin:  286 07:40:13    -2397.787482        0.102154
MDMin:  287 07:40:15    -2397.787485        0.102053
MDMin:  288 07:40:16    -2397.787488        0.101946
MDMin:  289 07:40:18    -2397.787491        0.101831
MDMin:  290 07:40:21    -2397.787494        0.101709
MDMin:  291 07:40:23    -2397.787497        0.101580
MDMin:  292 07:40:25    -2397.787500        0.101443
MDMin:  293 07:40:27    -2397.787503        0.101299
MDMin:  294 07:40:29    -2397.787507        0.101147
MDMin:  295 07:40:31    -2397.787510        0.100987
MDMin:  296 07:40:33    -2397.787513        0.100819
MDMin:  297 07:40:35    -2397.787516        0.100644
MDMin:  298 07:40:37    -2397.787520        0.100460
MDMin:  299 07:40:39    -2397.787523        0.100268
MDMin:  300 07:40:40    -2397.787526        0.100068
MDMin:  301 07:40:42    -2397.787529        0.099861
MDMin:  302 07:40:43    -2397.787533        0.099644
MDMin:  303 07:40:44    -2397.787536        0.099420
MDMin:  304 07:40:45    -2397.787539        0.099188
MDMin:  305 07:40:47    -2397.787543        0.098947
MDMin:  306 07:40:48    -2397.787546        0.098698
MDMin:  307 07:40:50    -2397.787550        0.098441
MDMin:  308 07:40:52    -2397.787553        0.099073
MDMin:  309 07:40:54    -2397.787557        0.100250
MDMin:  310 07:40:56    -2397.787560        0.101344
MDMin:  311 07:40:59    -2397.787564        0.102348
MDMin:  312 07:41:01    -2397.787567        0.103251
MDMin:  313 07:41:03    -2397.787571        0.104045
MDMin:  314 07:41:05    -2397.787574        0.104722
MDMin:  315 07:41:07    -2397.787578        0.105276
MDMin:  316 07:41:09    -2397.787581        0.105700
MDMin:  317 07:41:11    -2397.787585        0.105992
MDMin:  318 07:41:13    -2397.787589        0.106150
MDMin:  319 07:41:15    -2397.787592        0.106175
MDMin:  320 07:41:17    -2397.787596        0.106070
MDMin:  321 07:41:19    -2397.787600        0.105842
MDMin:  322 07:41:21    -2397.787603        0.105501
MDMin:  323 07:41:23    -2397.787607        0.105058
MDMin:  324 07:41:25    -2397.787611        0.104531
MDMin:  325 07:41:27    -2397.787615        0.103938
MDMin:  326 07:41:29    -2397.787618        0.103303
MDMin:  327 07:41:31    -2397.787622        0.102650
MDMin:  328 07:41:32    -2397.787626        0.102008
MDMin:  329 07:41:34    -2397.787630        0.101406
MDMin:  330 07:41:36    -2397.787634        0.100874
MDMin:  331 07:41:37    -2397.787638        0.100442
MDMin:  332 07:41:39    -2397.787641        0.114061
MDMin:  333 07:41:41    -2397.787643        0.099911
MDMin:  334 07:41:43    -2397.787645        0.099761
MDMin:  335 07:41:45    -2397.787647        0.099647
MDMin:  336 07:41:47    -2397.787648        0.099566
MDMin:  337 07:41:49    -2397.787650        0.099520
MDMin:  338 07:41:51    -2397.787652        0.099510
MDMin:  339 07:41:54    -2397.787654        0.099538
MDMin:  340 07:41:55    -2397.787656        0.099605
MDMin:  341 07:41:57    -2397.787658        0.099711
MDMin:  342 07:41:59    -2397.787660        0.099857
MDMin:  343 07:42:00    -2397.787662        0.100041
MDMin:  344 07:42:02    -2397.787664        0.100261
MDMin:  345 07:42:03    -2397.787666        0.100515
MDMin:  346 07:42:05    -2397.787668        0.100800
MDMin:  347 07:42:06    -2397.787670        0.101112
MDMin:  348 07:42:09    -2397.787672        0.101443
MDMin:  349 07:42:10    -2397.787675        0.101789
MDMin:  350 07:42:12    -2397.787677        0.102141
MDMin:  351 07:42:13    -2397.787679        0.102491
MDMin:  352 07:42:14    -2397.787681        0.102829
MDMin:  353 07:42:16    -2397.787684        0.103144
MDMin:  354 07:42:17    -2397.787686        0.103425
MDMin:  355 07:42:19    -2397.787688        0.103660
MDMin:  356 07:42:21    -2397.787691        0.103835
MDMin:  357 07:42:24    -2397.787693        0.103938
MDMin:  358 07:42:25    -2397.787696        0.103956
MDMin:  359 07:42:27    -2397.787698        0.103874
MDMin:  360 07:42:29    -2397.787701        0.103681
MDMin:  361 07:42:31    -2397.787703        0.103364
MDMin:  362 07:42:33    -2397.787706        0.102910
MDMin:  363 07:42:35    -2397.787708        0.102311
MDMin:  364 07:42:38    -2397.787711        0.101557
MDMin:  365 07:42:40    -2397.787714        0.100641
MDMin:  366 07:42:42    -2397.787717        0.099557
MDMin:  367 07:42:44    -2397.787719        0.098302
MDMin:  368 07:42:46    -2397.787722        0.096876
MDMin:  369 07:42:48    -2397.787725        0.095280
MDMin:  370 07:42:50    -2397.787728        0.093518
MDMin:  371 07:42:52    -2397.787731        0.093115
MDMin:  372 07:42:54    -2397.787734        0.093153
MDMin:  373 07:42:56    -2397.787736        0.093192
MDMin:  374 07:42:59    -2397.787739        0.093233
MDMin:  375 07:43:01    -2397.787743        0.093274
MDMin:  376 07:43:03    -2397.787746        0.093316
MDMin:  377 07:43:05    -2397.787749        0.093361
MDMin:  378 07:43:06    -2397.787752        0.093407
MDMin:  379 07:43:08    -2397.787755        0.093455
MDMin:  380 07:43:09    -2397.787758        0.093505
MDMin:  381 07:43:11    -2397.787762        0.093558
MDMin:  382 07:43:12    -2397.787765        0.093614
MDMin:  383 07:43:14    -2397.787769        0.093673
MDMin:  384 07:43:16    -2397.787772        0.093735
MDMin:  385 07:43:18    -2397.787776        0.093801
MDMin:  386 07:43:20    -2397.787779        0.093872
MDMin:  387 07:43:22    -2397.787783        0.093947
MDMin:  388 07:43:24    -2397.787787        0.094027
MDMin:  389 07:43:26    -2397.787790        0.094112
MDMin:  390 07:43:28    -2397.787794        0.094203
MDMin:  391 07:43:29    -2397.787798        0.094298
MDMin:  392 07:43:31    -2397.787802        0.094403
MDMin:  393 07:43:32    -2397.787806        0.094500
MDMin:  394 07:43:33    -2397.787809        0.115882
MDMin:  395 07:43:34    -2397.787811        0.094637
MDMin:  396 07:43:37    -2397.787813        0.094671
MDMin:  397 07:43:39    -2397.787814        0.094703
MDMin:  398 07:43:40    -2397.787815        0.094737
MDMin:  399 07:43:41    -2397.787817        0.094773
MDMin:  400 07:43:42    -2397.787818        0.094811
MDMin:  401 07:43:44    -2397.787820        0.094851
MDMin:  402 07:43:47    -2397.787821        0.094893
MDMin:  403 07:43:48    -2397.787823        0.094937
MDMin:  404 07:43:50    -2397.787824        0.094984
MDMin:  405 07:43:52    -2397.787826        0.095033
MDMin:  406 07:43:54    -2397.787828        0.095084
MDMin:  407 07:43:56    -2397.787829        0.095137
MDMin:  408 07:43:57    -2397.787831        0.095193
MDMin:  409 07:43:59    -2397.787833        0.095252
MDMin:  410 07:44:01    -2397.787835        0.095312
MDMin:  411 07:44:03    -2397.787837        0.095375
MDMin:  412 07:44:04    -2397.787838        0.095441
MDMin:  413 07:44:06    -2397.787840        0.095510
MDMin:  414 07:44:08    -2397.787842        0.095581
MDMin:  415 07:44:09    -2397.787844        0.095654
MDMin:  416 07:44:11    -2397.787846        0.095731
MDMin:  417 07:44:12    -2397.787848        0.095810
MDMin:  418 07:44:14    -2397.787850        0.095892
MDMin:  419 07:44:16    -2397.787853        0.095976
MDMin:  420 07:44:17    -2397.787855        0.096064
MDMin:  421 07:44:19    -2397.787857        0.096154
MDMin:  422 07:44:21    -2397.787859        0.096247
MDMin:  423 07:44:23    -2397.787861        0.096343
MDMin:  424 07:44:25    -2397.787864        0.096442
MDMin:  425 07:44:26    -2397.787866        0.096544
MDMin:  426 07:44:28    -2397.787868        0.096649
MDMin:  427 07:44:30    -2397.787871        0.096756
MDMin:  428 07:44:32    -2397.787873        0.096867
MDMin:  429 07:44:34    -2397.787876        0.096980
MDMin:  430 07:44:36    -2397.787878        0.097097
MDMin:  431 07:44:38    -2397.787881        0.097216
MDMin:  432 07:44:40    -2397.787883        0.097338
MDMin:  433 07:44:42    -2397.787886        0.097463
MDMin:  434 07:44:45    -2397.787888        0.097591
MDMin:  435 07:44:47    -2397.787891        0.097721
MDMin:  436 07:44:49    -2397.787894        0.097855
MDMin:  437 07:44:51    -2397.787896        0.097991
MDMin:  438 07:44:53    -2397.787899        0.098130
MDMin:  439 07:44:55    -2397.787902        0.098271
MDMin:  440 07:44:57    -2397.787905        0.098415
MDMin:  441 07:44:59    -2397.787907        0.098561
MDMin:  442 07:45:01    -2397.787910        0.098710
MDMin:  443 07:45:03    -2397.787913        0.098861
MDMin:  444 07:45:06    -2397.787916        0.099015
MDMin:  445 07:45:08    -2397.787919        0.099171
MDMin:  446 07:45:10    -2397.787922        0.099329
MDMin:  447 07:45:12    -2397.787925        0.099489
MDMin:  448 07:45:14    -2397.787928        0.099651
MDMin:  449 07:45:16    -2397.787931        0.099814
MDMin:  450 07:45:18    -2397.787934        0.099980
MDMin:  451 07:45:20    -2397.787937        0.100147
MDMin:  452 07:45:22    -2397.787940        0.100316
MDMin:  453 07:45:24    -2397.787943        0.100486
MDMin:  454 07:45:26    -2397.787946        0.100658
MDMin:  455 07:45:28    -2397.787949        0.100831
MDMin:  456 07:45:29    -2397.787953        0.101004
MDMin:  457 07:45:31    -2397.787956        0.101179
MDMin:  458 07:45:33    -2397.787959        0.101355
MDMin:  459 07:45:35    -2397.787962        0.101532
MDMin:  460 07:45:36    -2397.787966        0.101709
MDMin:  461 07:45:38    -2397.787969        0.101886
MDMin:  462 07:45:40    -2397.787972        0.102062
MDMin:  463 07:45:41    -2397.787976        0.102236
MDMin:  464 07:45:43    -2397.787979        0.102406
MDMin:  465 07:45:45    -2397.787982        0.102576
MDMin:  466 07:45:46    -2397.787986        0.102742
MDMin:  467 07:45:47    -2397.787989        0.102908
MDMin:  468 07:45:49    -2397.787993        0.103066
MDMin:  469 07:45:50    -2397.787996        0.103229
MDMin:  470 07:45:52    -2397.787999        0.103368
MDMin:  471 07:45:53    -2397.788002        0.103503
MDMin:  472 07:45:55    -2397.788004        0.103562
MDMin:  473 07:45:56    -2397.788006        0.103609
MDMin:  474 07:45:57    -2397.788007        0.103650
MDMin:  475 07:45:59    -2397.788008        0.103693
MDMin:  476 07:46:01    -2397.788009        0.103738
MDMin:  477 07:46:02    -2397.788011        0.103783
MDMin:  478 07:46:04    -2397.788012        0.103830
MDMin:  479 07:46:06    -2397.788014        0.103878
MDMin:  480 07:46:07    -2397.788015        0.103926
MDMin:  481 07:46:09    -2397.788016        0.103976
MDMin:  482 07:46:10    -2397.788018        0.104026
MDMin:  483 07:46:12    -2397.788019        0.104077
MDMin:  484 07:46:13    -2397.788021        0.104128
MDMin:  485 07:46:15    -2397.788023        0.104180
MDMin:  486 07:46:16    -2397.788024        0.104233
MDMin:  487 07:46:18    -2397.788026        0.104285
MDMin:  488 07:46:19    -2397.788027        0.104338
MDMin:  489 07:46:21    -2397.788029        0.104391
MDMin:  490 07:46:23    -2397.788031        0.104444
MDMin:  491 07:46:24    -2397.788033        0.104497
MDMin:  492 07:46:25    -2397.788034        0.104550
MDMin:  493 07:46:27    -2397.788036        0.104603
MDMin:  494 07:46:28    -2397.788038        0.104655
MDMin:  495 07:46:29    -2397.788040        0.104707
MDMin:  496 07:46:30    -2397.788042        0.104759
MDMin:  497 07:46:31    -2397.788043        0.104810
MDMin:  498 07:46:33    -2397.788045        0.104860
MDMin:  499 07:46:34    -2397.788047        0.104910
MDMin:  500 07:46:35    -2397.788049        0.104959
MDMin:  501 07:46:37    -2397.788051        0.105006
MDMin:  502 07:46:38    -2397.788053        0.105053
MDMin:  503 07:46:40    -2397.788055        0.105099
MDMin:  504 07:46:41    -2397.788057        0.105143
MDMin:  505 07:46:43    -2397.788059        0.105186
MDMin:  506 07:46:45    -2397.788062        0.105228
MDMin:  507 07:46:47    -2397.788064        0.105269
MDMin:  508 07:46:49    -2397.788066        0.105307
MDMin:  509 07:46:50    -2397.788068        0.105345
MDMin:  510 07:46:52    -2397.788070        0.105380
MDMin:  511 07:46:55    -2397.788073        0.105414
MDMin:  512 07:46:57    -2397.788075        0.105446
MDMin:  513 07:46:59    -2397.788077        0.105476
MDMin:  514 07:47:00    -2397.788079        0.105505
MDMin:  515 07:47:02    -2397.788082        0.105532
MDMin:  516 07:47:04    -2397.788084        0.105557
MDMin:  517 07:47:06    -2397.788087        0.105580
MDMin:  518 07:47:08    -2397.788089        0.105602
MDMin:  519 07:47:09    -2397.788091        0.105622
MDMin:  520 07:47:10    -2397.788094        0.105640
MDMin:  521 07:47:11    -2397.788096        0.105657
MDMin:  522 07:47:13    -2397.788099        0.105671
MDMin:  523 07:47:15    -2397.788101        0.105684
MDMin:  524 07:47:16    -2397.788104        0.105695
MDMin:  525 07:47:17    -2397.788107        0.105704
MDMin:  526 07:47:19    -2397.788109        0.105711
MDMin:  527 07:47:21    -2397.788112        0.105716
MDMin:  528 07:47:22    -2397.788114        0.105719
MDMin:  529 07:47:24    -2397.788117        0.105720
MDMin:  530 07:47:26    -2397.788120        0.105719
MDMin:  531 07:47:28    -2397.788123        0.105716
MDMin:  532 07:47:29    -2397.788125        0.105712
MDMin:  533 07:47:31    -2397.788128        0.105705
MDMin:  534 07:47:33    -2397.788131        0.105695
MDMin:  535 07:47:34    -2397.788134        0.105683
MDMin:  536 07:47:36    -2397.788137        0.105669
MDMin:  537 07:47:38    -2397.788140        0.105650
MDMin:  538 07:47:40    -2397.788142        0.105630
MDMin:  539 07:47:42    -2397.788145        0.105606
MDMin:  540 07:47:43    -2397.788148        0.105584
MDMin:  541 07:47:45    -2397.788151        0.105555
MDMin:  542 07:47:46    -2397.788154        0.105529
MDMin:  543 07:47:48    -2397.788157        0.105488
MDMin:  544 07:47:50    -2397.788160        0.105456
MDMin:  545 07:47:52    -2397.788163        0.105393
MDMin:  546 07:47:54    -2397.788167        0.105354
MDMin:  547 07:47:56    -2397.788170        0.105250
MDMin:  548 07:47:58    -2397.788173        0.105211
MDMin:  549 07:47:59    -2397.788175        0.105043
MDMin:  550 07:48:01    -2397.788178        0.105001
MDMin:  551 07:48:03    -2397.788179        0.104862
MDMin:  552 07:48:05    -2397.788181        0.104783
MDMin:  553 07:48:07    -2397.788182        0.104687
MDMin:  554 07:48:09    -2397.788183        0.104590
MDMin:  555 07:48:11    -2397.788185        0.104488
MDMin:  556 07:48:13    -2397.788186        0.104379
MDMin:  557 07:48:15    -2397.788188        0.104265
MDMin:  558 07:48:17    -2397.788189        0.104143
MDMin:  559 07:48:18    -2397.788191        0.104013
MDMin:  560 07:48:20    -2397.788193        0.103875
MDMin:  561 07:48:22    -2397.788194        0.103727
MDMin:  562 07:48:23    -2397.788196        0.103569
MDMin:  563 07:48:24    -2397.788198        0.103399
MDMin:  564 07:48:26    -2397.788199        0.103217
MDMin:  565 07:48:28    -2397.788201        0.103023
MDMin:  566 07:48:29    -2397.788203        0.102818
MDMin:  567 07:48:30    -2397.788205        0.102602
MDMin:  568 07:48:32    -2397.788206        0.102374
MDMin:  569 07:48:33    -2397.788208        0.102132
MDMin:  570 07:48:35    -2397.788210        0.101875
MDMin:  571 07:48:37    -2397.788212        0.101604
MDMin:  572 07:48:38    -2397.788214        0.101315
MDMin:  573 07:48:40    -2397.788216        0.101009
MDMin:  574 07:48:41    -2397.788218        0.100683
MDMin:  575 07:48:42    -2397.788220        0.100337
MDMin:  576 07:48:43    -2397.788222        0.099969
MDMin:  577 07:48:45    -2397.788224        0.099579
MDMin:  578 07:48:47    -2397.788226        0.099163
MDMin:  579 07:48:49    -2397.788228        0.098722
MDMin:  580 07:48:51    -2397.788230        0.098254
MDMin:  581 07:48:52    -2397.788233        0.097757
MDMin:  582 07:48:53    -2397.788235        0.097230
MDMin:  583 07:48:55    -2397.788237        0.096671
MDMin:  584 07:48:56    -2397.788239        0.096080
MDMin:  585 07:48:58    -2397.788242        0.095456
MDMin:  586 07:49:00    -2397.788244        0.094795
MDMin:  587 07:49:02    -2397.788247        0.094099
MDMin:  588 07:49:03    -2397.788249        0.093364
MDMin:  589 07:49:05    -2397.788251        0.092591
MDMin:  590 07:49:06    -2397.788254        0.091778
MDMin:  591 07:49:07    -2397.788257        0.090925
MDMin:  592 07:49:08    -2397.788259        0.090030
MDMin:  593 07:49:10    -2397.788262        0.089092
MDMin:  594 07:49:11    -2397.788264        0.088112
MDMin:  595 07:49:12    -2397.788267        0.087088
MDMin:  596 07:49:14    -2397.788270        0.086020
MDMin:  597 07:49:17    -2397.788273        0.084908
MDMin:  598 07:49:19    -2397.788275        0.083752
MDMin:  599 07:49:21    -2397.788278        0.082552
MDMin:  600 07:49:23    -2397.788281        0.081307
MDMin:  601 07:49:25    -2397.788284        0.080019
MDMin:  602 07:49:26    -2397.788287        0.078689
MDMin:  603 07:49:28    -2397.788290        0.077325
MDMin:  604 07:49:29    -2397.788293        0.075949
MDMin:  605 07:49:31    -2397.788296        0.074658
MDMin:  606 07:49:32    -2397.788298        0.082083
MDMin:  607 07:49:34    -2397.788299        0.073032
MDMin:  608 07:49:35    -2397.788300        0.072447
MDMin:  609 07:49:37    -2397.788302        0.071850
MDMin:  610 07:49:38    -2397.788303        0.071238
MDMin:  611 07:49:41    -2397.788304        0.070609
MDMin:  612 07:49:42    -2397.788305        0.070032
MDMin:  613 07:49:44    -2397.788307        0.069974
MDMin:  614 07:49:45    -2397.788308        0.069917
MDMin:  615 07:49:47    -2397.788310        0.069861
MDMin:  616 07:49:49    -2397.788311        0.069805
MDMin:  617 07:49:51    -2397.788312        0.069751
MDMin:  618 07:49:53    -2397.788314        0.069697
MDMin:  619 07:49:54    -2397.788316        0.069645
MDMin:  620 07:49:56    -2397.788317        0.069595
MDMin:  621 07:49:57    -2397.788319        0.069545
MDMin:  622 07:49:58    -2397.788320        0.069498
MDMin:  623 07:50:00    -2397.788322        0.069452
MDMin:  624 07:50:01    -2397.788324        0.069408
MDMin:  625 07:50:02    -2397.788325        0.069366
MDMin:  626 07:50:03    -2397.788327        0.069326
MDMin:  627 07:50:04    -2397.788329        0.069289
MDMin:  628 07:50:06    -2397.788331        0.069254
MDMin:  629 07:50:08    -2397.788333        0.069221
MDMin:  630 07:50:10    -2397.788335        0.069192
MDMin:  631 07:50:11    -2397.788336        0.069165
MDMin:  632 07:50:13    -2397.788338        0.069141
MDMin:  633 07:50:14    -2397.788340        0.069120
MDMin:  634 07:50:16    -2397.788342        0.069102
MDMin:  635 07:50:18    -2397.788345        0.069087
MDMin:  636 07:50:20    -2397.788347        0.069076
MDMin:  637 07:50:22    -2397.788349        0.069069
MDMin:  638 07:50:24    -2397.788351        0.069065
MDMin:  639 07:50:26    -2397.788353        0.069064
MDMin:  640 07:50:28    -2397.788355        0.069068
MDMin:  641 07:50:30    -2397.788358        0.069075
MDMin:  642 07:50:33    -2397.788360        0.069087
MDMin:  643 07:50:35    -2397.788362        0.069102
MDMin:  644 07:50:36    -2397.788365        0.069121
MDMin:  645 07:50:38    -2397.788367        0.069144
MDMin:  646 07:50:40    -2397.788370        0.069170
MDMin:  647 07:50:41    -2397.788372        0.069201
MDMin:  648 07:50:43    -2397.788375        0.069236
MDMin:  649 07:50:44    -2397.788377        0.069274
MDMin:  650 07:50:46    -2397.788380        0.069315
MDMin:  651 07:50:48    -2397.788383        0.069360
MDMin:  652 07:50:50    -2397.788385        0.069409
MDMin:  653 07:50:52    -2397.788388        0.069460
MDMin:  654 07:50:54    -2397.788391        0.069514
MDMin:  655 07:50:55    -2397.788394        0.069571
MDMin:  656 07:50:57    -2397.788396        0.069630
MDMin:  657 07:50:59    -2397.788399        0.069690
MDMin:  658 07:51:01    -2397.788402        0.069753
MDMin:  659 07:51:03    -2397.788405        0.069816
MDMin:  660 07:51:05    -2397.788408        0.069879
MDMin:  661 07:51:07    -2397.788411        0.069943
MDMin:  662 07:51:08    -2397.788414        0.070006
MDMin:  663 07:51:10    -2397.788417        0.070068
MDMin:  664 07:51:12    -2397.788420        0.070128
MDMin:  665 07:51:13    -2397.788423        0.070182
MDMin:  666 07:51:15    -2397.788426        0.077550
MDMin:  667 07:51:17    -2397.788428        0.070247
MDMin:  668 07:51:19    -2397.788429        0.070262
MDMin:  669 07:51:20    -2397.788430        0.070276
MDMin:  670 07:51:21    -2397.788431        0.070290
MDMin:  671 07:51:23    -2397.788432        0.070304
MDMin:  672 07:51:24    -2397.788433        0.070317
MDMin:  673 07:51:26    -2397.788435        0.070331
MDMin:  674 07:51:28    -2397.788436        0.070344
MDMin:  675 07:51:30    -2397.788437        0.070357
MDMin:  676 07:51:32    -2397.788439        0.070369
MDMin:  677 07:51:33    -2397.788440        0.070380
MDMin:  678 07:51:35    -2397.788441        0.070391
MDMin:  679 07:51:36    -2397.788443        0.070401
MDMin:  680 07:51:38    -2397.788444        0.070410
MDMin:  681 07:51:40    -2397.788446        0.070417
MDMin:  682 07:51:42    -2397.788447        0.070423
MDMin:  683 07:51:44    -2397.788449        0.070428
MDMin:  684 07:51:45    -2397.788450        0.070431
MDMin:  685 07:51:46    -2397.788452        0.070432
MDMin:  686 07:51:48    -2397.788453        0.070431
MDMin:  687 07:51:49    -2397.788455        0.070428
MDMin:  688 07:51:50    -2397.788457        0.070422
MDMin:  689 07:51:51    -2397.788458        0.070414
MDMin:  690 07:51:52    -2397.788460        0.070404
MDMin:  691 07:51:54    -2397.788462        0.070390
MDMin:  692 07:51:55    -2397.788463        0.070373
MDMin:  693 07:51:56    -2397.788465        0.070353
MDMin:  694 07:51:57    -2397.788467        0.070329
MDMin:  695 07:51:59    -2397.788469        0.070302
MDMin:  696 07:52:00    -2397.788471        0.070270
MDMin:  697 07:52:01    -2397.788473        0.070234
MDMin:  698 07:52:02    -2397.788474        0.070194
MDMin:  699 07:52:04    -2397.788476        0.070149
MDMin:  700 07:52:05    -2397.788478        0.070098
MDMin:  701 07:52:06    -2397.788480        0.070043
MDMin:  702 07:52:08    -2397.788482        0.069982
MDMin:  703 07:52:10    -2397.788484        0.069915
MDMin:  704 07:52:11    -2397.788487        0.069843
MDMin:  705 07:52:12    -2397.788489        0.069764
MDMin:  706 07:52:15    -2397.788491        0.069680
MDMin:  707 07:52:17    -2397.788493        0.069591
MDMin:  708 07:52:19    -2397.788495        0.069498
MDMin:  709 07:52:21    -2397.788497        0.069400
MDMin:  710 07:52:22    -2397.788500        0.069297
MDMin:  711 07:52:24    -2397.788502        0.069188
MDMin:  712 07:52:25    -2397.788504        0.069074
MDMin:  713 07:52:26    -2397.788506        0.068955
MDMin:  714 07:52:27    -2397.788509        0.068830
MDMin:  715 07:52:29    -2397.788511        0.068699
MDMin:  716 07:52:30    -2397.788514        0.068561
MDMin:  717 07:52:31    -2397.788516        0.068418
MDMin:  718 07:52:32    -2397.788518        0.068268
MDMin:  719 07:52:34    -2397.788521        0.068111
MDMin:  720 07:52:36    -2397.788523        0.067947
MDMin:  721 07:52:37    -2397.788526        0.067776
MDMin:  722 07:52:39    -2397.788529        0.067598
MDMin:  723 07:52:41    -2397.788531        0.067412
MDMin:  724 07:52:43    -2397.788534        0.067220
MDMin:  725 07:52:44    -2397.788536        0.067018
MDMin:  726 07:52:45    -2397.788539        0.066810
MDMin:  727 07:52:46    -2397.788542        0.066592
MDMin:  728 07:52:48    -2397.788544        0.066368
MDMin:  729 07:52:49    -2397.788547        0.066133
MDMin:  730 07:52:51    -2397.788550        0.065893
MDMin:  731 07:52:53    -2397.788553        0.065639
MDMin:  732 07:52:55    -2397.788556        0.065384
MDMin:  733 07:52:57    -2397.788559        0.065109
MDMin:  734 07:52:59    -2397.788561        0.065019
MDMin:  735 07:53:01    -2397.788564        0.064996
MDMin:  736 07:53:03    -2397.788567        0.064920
MDMin:  737 07:53:04    -2397.788570        0.064920
MDMin:  738 07:53:06    -2397.788573        0.064781
MDMin:  739 07:53:08    -2397.788576        0.064867
MDMin:  740 07:53:10    -2397.788579        0.064557
MDMin:  741 07:53:12    -2397.788582        0.064928
MDMin:  742 07:53:14    -2397.788586        0.064091
MDMin:  743 07:53:16    -2397.788589        0.065394
MDMin:  744 07:53:18    -2397.788591        0.066270
MDMin:  745 07:53:19    -2397.788593        0.065516
MDMin:  746 07:53:21    -2397.788595        0.064306
MDMin:  747 07:53:23    -2397.788596        0.064311
MDMin:  748 07:53:25    -2397.788597        0.064279
MDMin:  749 07:53:27    -2397.788598        0.064246
MDMin:  750 07:53:29    -2397.788599        0.064211
MDMin:  751 07:53:30    -2397.788600        0.064175
MDMin:  752 07:53:32    -2397.788602        0.064138
MDMin:  753 07:53:34    -2397.788603        0.064100
MDMin:  754 07:53:35    -2397.788604        0.064061
MDMin:  755 07:53:37    -2397.788605        0.064020
MDMin:  756 07:53:39    -2397.788607        0.063979
MDMin:  757 07:53:40    -2397.788608        0.063936
MDMin:  758 07:53:42    -2397.788609        0.063892
MDMin:  759 07:53:44    -2397.788611        0.063847
MDMin:  760 07:53:46    -2397.788612        0.063800
MDMin:  761 07:53:48    -2397.788614        0.063752
MDMin:  762 07:53:49    -2397.788615        0.063702
MDMin:  763 07:53:50    -2397.788617        0.063651
MDMin:  764 07:53:52    -2397.788618        0.063599
MDMin:  765 07:53:54    -2397.788620        0.063545
MDMin:  766 07:53:56    -2397.788621        0.063489
MDMin:  767 07:53:57    -2397.788623        0.063432
MDMin:  768 07:53:59    -2397.788625        0.063373
MDMin:  769 07:54:01    -2397.788626        0.063313
MDMin:  770 07:54:03    -2397.788628        0.063251
MDMin:  771 07:54:05    -2397.788630        0.063187
MDMin:  772 07:54:06    -2397.788631        0.063121
MDMin:  773 07:54:08    -2397.788633        0.063054
MDMin:  774 07:54:10    -2397.788635        0.062985
MDMin:  775 07:54:12    -2397.788637        0.062914
MDMin:  776 07:54:14    -2397.788639        0.062841
MDMin:  777 07:54:15    -2397.788641        0.062766
MDMin:  778 07:54:17    -2397.788643        0.062690
MDMin:  779 07:54:19    -2397.788644        0.062612
MDMin:  780 07:54:20    -2397.788646        0.062531
MDMin:  781 07:54:22    -2397.788648        0.062449
MDMin:  782 07:54:23    -2397.788650        0.062365
MDMin:  783 07:54:25    -2397.788653        0.062278
MDMin:  784 07:54:26    -2397.788655        0.062190
MDMin:  785 07:54:28    -2397.788657        0.062100
MDMin:  786 07:54:30    -2397.788659        0.062008
MDMin:  787 07:54:32    -2397.788661        0.061913
MDMin:  788 07:54:34    -2397.788663        0.061817
MDMin:  789 07:54:36    -2397.788665        0.061718
MDMin:  790 07:54:38    -2397.788668        0.061618
MDMin:  791 07:54:40    -2397.788670        0.061515
MDMin:  792 07:54:41    -2397.788672        0.061410
MDMin:  793 07:54:43    -2397.788675        0.061303
MDMin:  794 07:54:45    -2397.788677        0.061194
MDMin:  795 07:54:47    -2397.788679        0.061082
MDMin:  796 07:54:49    -2397.788682        0.060969
MDMin:  797 07:54:50    -2397.788684        0.060853
MDMin:  798 07:54:52    -2397.788687        0.060736
MDMin:  799 07:54:53    -2397.788689        0.060616
MDMin:  800 07:54:55    -2397.788692        0.060494
MDMin:  801 07:54:57    -2397.788694        0.060371
MDMin:  802 07:54:59    -2397.788697        0.060245
MDMin:  803 07:55:00    -2397.788699        0.060118
MDMin:  804 07:55:01    -2397.788702        0.059988
MDMin:  805 07:55:03    -2397.788705        0.059858
MDMin:  806 07:55:05    -2397.788707        0.059723
MDMin:  807 07:55:07    -2397.788710        0.059591
MDMin:  808 07:55:09    -2397.788713        0.059451
MDMin:  809 07:55:12    -2397.788716        0.059318
MDMin:  810 07:55:13    -2397.788718        0.059170
MDMin:  811 07:55:14    -2397.788721        0.059043
MDMin:  812 07:55:16    -2397.788724        0.058878
MDMin:  813 07:55:18    -2397.788727        0.058771
MDMin:  814 07:55:20    -2397.788730        0.058565
MDMin:  815 07:55:22    -2397.788733        0.058522
MDMin:  816 07:55:24    -2397.788736        0.058198
MDMin:  817 07:55:26    -2397.788739        0.058362
MDMin:  818 07:55:28    -2397.788742        0.057663
MDMin:  819 07:55:30    -2397.788745        0.058529
MDMin:  820 07:55:32    -2397.788748        0.056581
MDMin:  821 07:55:33    -2397.788751        0.060004
MDMin:  822 07:55:34    -2397.788754        0.054083
MDMin:  823 07:55:36    -2397.788757        0.066133
MDMin:  824 07:55:37    -2397.788760        0.062101
MDMin:  825 07:55:39    -2397.788761        0.058378
MDMin:  826 07:55:41    -2397.788762        0.057038
MDMin:  827 07:55:43    -2397.788763        0.057003
MDMin:  828 07:55:44    -2397.788764        0.056948
MDMin:  829 07:55:45    -2397.788765        0.056892
MDMin:  830 07:55:47    -2397.788767        0.056836
MDMin:  831 07:55:48    -2397.788768        0.056778
MDMin:  832 07:55:49    -2397.788769        0.056720
MDMin:  833 07:55:51    -2397.788770        0.056661
MDMin:  834 07:55:52    -2397.788772        0.056602
MDMin:  835 07:55:53    -2397.788773        0.056542
MDMin:  836 07:55:55    -2397.788774        0.056481
MDMin:  837 07:55:56    -2397.788776        0.056419
MDMin:  838 07:55:58    -2397.788777        0.056358
MDMin:  839 07:56:00    -2397.788779        0.056297
MDMin:  840 07:56:02    -2397.788780        0.056235
MDMin:  841 07:56:04    -2397.788782        0.056174
MDMin:  842 07:56:05    -2397.788783        0.056113
MDMin:  843 07:56:07    -2397.788785        0.056053
MDMin:  844 07:56:09    -2397.788786        0.055993
MDMin:  845 07:56:11    -2397.788788        0.055933
MDMin:  846 07:56:12    -2397.788789        0.055874
MDMin:  847 07:56:14    -2397.788791        0.055815
MDMin:  848 07:56:16    -2397.788793        0.055757
MDMin:  849 07:56:19    -2397.788794        0.055700
MDMin:  850 07:56:20    -2397.788796        0.055643
MDMin:  851 07:56:22    -2397.788798        0.055588
MDMin:  852 07:56:24    -2397.788800        0.055534
MDMin:  853 07:56:26    -2397.788801        0.055481
MDMin:  854 07:56:28    -2397.788803        0.055429
MDMin:  855 07:56:30    -2397.788805        0.055378
MDMin:  856 07:56:32    -2397.788807        0.055329
MDMin:  857 07:56:35    -2397.788809        0.055282
MDMin:  858 07:56:37    -2397.788811        0.055236
MDMin:  859 07:56:39    -2397.788813        0.055192
MDMin:  860 07:56:40    -2397.788815        0.055150
MDMin:  861 07:56:42    -2397.788817        0.055110
MDMin:  862 07:56:44    -2397.788819        0.055073
MDMin:  863 07:56:45    -2397.788821        0.055037
MDMin:  864 07:56:48    -2397.788823        0.055004
MDMin:  865 07:56:50    -2397.788825        0.054974
MDMin:  866 07:56:52    -2397.788827        0.054946
MDMin:  867 07:56:53    -2397.788829        0.054922
MDMin:  868 07:56:55    -2397.788831        0.054900
MDMin:  869 07:56:57    -2397.788834        0.054881
MDMin:  870 07:56:59    -2397.788836        0.054866
MDMin:  871 07:57:01    -2397.788838        0.054854
MDMin:  872 07:57:02    -2397.788840        0.054846
MDMin:  873 07:57:04    -2397.788843        0.054964
MDMin:  874 07:57:05    -2397.788845        0.055107
MDMin:  875 07:57:07    -2397.788847        0.055255
MDMin:  876 07:57:08    -2397.788850        0.055407
MDMin:  877 07:57:10    -2397.788852        0.055564
MDMin:  878 07:57:12    -2397.788855        0.055725
MDMin:  879 07:57:13    -2397.788857        0.055891
MDMin:  880 07:57:14    -2397.788859        0.056061
MDMin:  881 07:57:16    -2397.788862        0.056236
MDMin:  882 07:57:18    -2397.788865        0.056416
MDMin:  883 07:57:20    -2397.788867        0.056599
MDMin:  884 07:57:21    -2397.788870        0.056788
MDMin:  885 07:57:23    -2397.788872        0.056980
MDMin:  886 07:57:25    -2397.788875        0.057177
MDMin:  887 07:57:27    -2397.788877        0.057379
MDMin:  888 07:57:29    -2397.788880        0.057584
MDMin:  889 07:57:31    -2397.788883        0.057793
MDMin:  890 07:57:33    -2397.788885        0.058006
MDMin:  891 07:57:34    -2397.788888        0.058223
MDMin:  892 07:57:35    -2397.788891        0.058444
MDMin:  893 07:57:37    -2397.788894        0.058668
MDMin:  894 07:57:38    -2397.788896        0.058895
MDMin:  895 07:57:39    -2397.788899        0.059124
MDMin:  896 07:57:41    -2397.788902        0.059357
MDMin:  897 07:57:42    -2397.788905        0.059592
MDMin:  898 07:57:44    -2397.788908        0.059827
MDMin:  899 07:57:46    -2397.788910        0.060055
MDMin:  900 07:57:49    -2397.788913        0.060259
MDMin:  901 07:57:50    -2397.788914        0.060396
MDMin:  902 07:57:53    -2397.788915        0.060493
MDMin:  903 07:57:54    -2397.788916        0.060584
MDMin:  904 07:57:56    -2397.788918        0.060678
MDMin:  905 07:57:58    -2397.788919        0.060773
MDMin:  906 07:58:01    -2397.788920        0.060870
MDMin:  907 07:58:03    -2397.788921        0.060969
MDMin:  908 07:58:05    -2397.788922        0.061070
MDMin:  909 07:58:07    -2397.788924        0.061172
MDMin:  910 07:58:09    -2397.788925        0.061276
MDMin:  911 07:58:10    -2397.788926        0.061382
MDMin:  912 07:58:12    -2397.788927        0.061489
MDMin:  913 07:58:13    -2397.788929        0.061598
MDMin:  914 07:58:14    -2397.788930        0.061709
MDMin:  915 07:58:15    -2397.788931        0.061821
MDMin:  916 07:58:17    -2397.788933        0.061934
MDMin:  917 07:58:18    -2397.788934        0.062048
MDMin:  918 07:58:19    -2397.788936        0.062164
MDMin:  919 07:58:21    -2397.788937        0.062281
MDMin:  920 07:58:23    -2397.788939        0.062399
MDMin:  921 07:58:25    -2397.788940        0.062518
MDMin:  922 07:58:27    -2397.788942        0.062638
MDMin:  923 07:58:29    -2397.788943        0.062759
MDMin:  924 07:58:31    -2397.788945        0.062881
MDMin:  925 07:58:33    -2397.788946        0.063003
MDMin:  926 07:58:35    -2397.788948        0.063126
MDMin:  927 07:58:37    -2397.788949        0.063249
MDMin:  928 07:58:38    -2397.788951        0.063373
MDMin:  929 07:58:40    -2397.788953        0.063497
MDMin:  930 07:58:41    -2397.788954        0.063621
MDMin:  931 07:58:42    -2397.788956        0.063744
MDMin:  932 07:58:43    -2397.788958        0.063868
MDMin:  933 07:58:45    -2397.788960        0.063992
MDMin:  934 07:58:47    -2397.788961        0.064115
MDMin:  935 07:58:49    -2397.788963        0.064238
MDMin:  936 07:58:51    -2397.788965        0.064360
MDMin:  937 07:58:53    -2397.788967        0.064482
MDMin:  938 07:58:56    -2397.788968        0.064602
MDMin:  939 07:58:58    -2397.788970        0.064722
MDMin:  940 07:58:59    -2397.788972        0.064840
MDMin:  941 07:59:00    -2397.788974        0.064957
MDMin:  942 07:59:01    -2397.788976        0.065072
MDMin:  943 07:59:03    -2397.788978        0.065186
MDMin:  944 07:59:05    -2397.788980        0.065299
MDMin:  945 07:59:06    -2397.788982        0.065409
MDMin:  946 07:59:08    -2397.788983        0.065517
MDMin:  947 07:59:10    -2397.788985        0.065624
MDMin:  948 07:59:12    -2397.788987        0.065727
MDMin:  949 07:59:14    -2397.788989        0.066063
MDMin:  950 07:59:16    -2397.788991        0.066427
MDMin:  951 07:59:18    -2397.788993        0.066801
MDMin:  952 07:59:20    -2397.788995        0.067187
MDMin:  953 07:59:22    -2397.788997        0.067584
MDMin:  954 07:59:24    -2397.788999        0.067992
MDMin:  955 07:59:26    -2397.789001        0.068411
MDMin:  956 07:59:28    -2397.789004        0.068841
MDMin:  957 07:59:31    -2397.789006        0.069282
MDMin:  958 07:59:33    -2397.789008        0.069733
MDMin:  959 07:59:35    -2397.789010        0.070194
MDMin:  960 07:59:37    -2397.789012        0.070666
MDMin:  961 07:59:39    -2397.789014        0.071147
MDMin:  962 07:59:41    -2397.789016        0.071638
MDMin:  963 07:59:43    -2397.789018        0.072137
MDMin:  964 07:59:44    -2397.789020        0.072645
MDMin:  965 07:59:46    -2397.789023        0.073160
MDMin:  966 07:59:48    -2397.789025        0.073682
MDMin:  967 07:59:50    -2397.789027        0.074210
MDMin:  968 07:59:52    -2397.789029        0.074743
MDMin:  969 07:59:53    -2397.789031        0.075281
MDMin:  970 07:59:55    -2397.789033        0.075823
MDMin:  971 07:59:57    -2397.789036        0.076367
MDMin:  972 07:59:59    -2397.789038        0.076912
MDMin:  973 08:00:01    -2397.789040        0.077457
MDMin:  974 08:00:03    -2397.789042        0.078000
MDMin:  975 08:00:05    -2397.789045        0.078541
MDMin:  976 08:00:06    -2397.789047        0.079078
MDMin:  977 08:00:08    -2397.789049        0.079608
MDMin:  978 08:00:10    -2397.789051        0.080132
MDMin:  979 08:00:12    -2397.789054        0.080646
MDMin:  980 08:00:14    -2397.789056        0.081148
MDMin:  981 08:00:15    -2397.789058        0.081638
MDMin:  982 08:00:16    -2397.789060        0.082112
MDMin:  983 08:00:17    -2397.789063        0.082569
MDMin:  984 08:00:18    -2397.789065        0.083007
MDMin:  985 08:00:20    -2397.789067        0.083422
MDMin:  986 08:00:22    -2397.789070        0.083814
MDMin:  987 08:00:24    -2397.789072        0.084178
MDMin:  988 08:00:26    -2397.789074        0.084515
MDMin:  989 08:00:27    -2397.789077        0.084817
MDMin:  990 08:00:29    -2397.789079        0.085089
MDMin:  991 08:00:30    -2397.789081        0.085315
MDMin:  992 08:00:32    -2397.789084        0.085512
MDMin:  993 08:00:33    -2397.789086        0.085642
MDMin:  994 08:00:35    -2397.789088        0.085744
MDMin:  995 08:00:37    -2397.789090        0.085761
MDMin:  996 08:00:39    -2397.789091        0.085774
MDMin:  997 08:00:41    -2397.789092        0.085760
MDMin:  998 08:00:43    -2397.789093        0.085740
MDMin:  999 08:00:44    -2397.789095        0.085708
MDMin:  1000 08:00:46    -2397.789096        0.085664
MDMin:  1001 08:00:48    -2397.789097        0.085606
MDMin:  1002 08:00:49    -2397.789098        0.085535
MDMin:  1003 08:00:51    -2397.789100        0.085448
MDMin:  1004 08:00:53    -2397.789101        0.085346
MDMin:  1005 08:00:55    -2397.789102        0.085226
MDMin:  1006 08:00:57    -2397.789104        0.085088
MDMin:  1007 08:00:58    -2397.789105        0.084931
MDMin:  1008 08:01:00    -2397.789106        0.084753
MDMin:  1009 08:01:01    -2397.789108        0.084555
MDMin:  1010 08:01:03    -2397.789109        0.084334
MDMin:  1011 08:01:05    -2397.789111        0.084090
MDMin:  1012 08:01:07    -2397.789112        0.083821
MDMin:  1013 08:01:09    -2397.789114        0.083527
MDMin:  1014 08:01:11    -2397.789115        0.083207
MDMin:  1015 08:01:13    -2397.789117        0.082860
MDMin:  1016 08:01:15    -2397.789118        0.082484
MDMin:  1017 08:01:16    -2397.789120        0.082078
MDMin:  1018 08:01:18    -2397.789122        0.081643
MDMin:  1019 08:01:20    -2397.789123        0.081176
MDMin:  1020 08:01:22    -2397.789125        0.080678
MDMin:  1021 08:01:24    -2397.789127        0.080147
MDMin:  1022 08:01:26    -2397.789128        0.079582
MDMin:  1023 08:01:28    -2397.789130        0.078983
MDMin:  1024 08:01:30    -2397.789132        0.078349
MDMin:  1025 08:01:32    -2397.789134        0.077680
MDMin:  1026 08:01:34    -2397.789135        0.076974
MDMin:  1027 08:01:36    -2397.789137        0.076232
MDMin:  1028 08:01:38    -2397.789139        0.075454
MDMin:  1029 08:01:40    -2397.789141        0.074638
MDMin:  1030 08:01:42    -2397.789143        0.073784
MDMin:  1031 08:01:43    -2397.789145        0.072894
MDMin:  1032 08:01:45    -2397.789147        0.071966
MDMin:  1033 08:01:47    -2397.789149        0.071002
MDMin:  1034 08:01:48    -2397.789151        0.070002
MDMin:  1035 08:01:49    -2397.789153        0.068964
MDMin:  1036 08:01:51    -2397.789155        0.067891
MDMin:  1037 08:01:53    -2397.789157        0.066781
MDMin:  1038 08:01:54    -2397.789160        0.065636
MDMin:  1039 08:01:55    -2397.789162        0.064456
MDMin:  1040 08:01:57    -2397.789164        0.063241
MDMin:  1041 08:01:58    -2397.789166        0.061993
MDMin:  1042 08:02:00    -2397.789169        0.060711
MDMin:  1043 08:02:02    -2397.789171        0.059402
MDMin:  1044 08:02:04    -2397.789174        0.058062
MDMin:  1045 08:02:06    -2397.789176        0.056717
MDMin:  1046 08:02:08    -2397.789179        0.055392
MDMin:  1047 08:02:10    -2397.789181        0.067450
MDMin:  1048 08:02:12    -2397.789182        0.053592
MDMin:  1049 08:02:14    -2397.789183        0.053074
MDMin:  1050 08:02:16    -2397.789184        0.052555
MDMin:  1051 08:02:18    -2397.789185        0.052024
MDMin:  1052 08:02:20    -2397.789186        0.051482
MDMin:  1053 08:02:22    -2397.789187        0.050929
MDMin:  1054 08:02:24    -2397.789188        0.050364
MDMin:  1055 08:02:26    -2397.789189        0.049787
