       Step     Time          Energy          fmax
MDMin:    0 14:36:43    -2397.479154        0.227332
MDMin:    1 14:36:44    -2397.479139        0.227204
MDMin:    2 14:36:45    -2397.479093        0.226821
MDMin:    3 14:36:46    -2397.479017        0.226184
MDMin:    4 14:36:48    -2397.478911        0.225293
MDMin:    5 14:36:50    -2397.478776        0.224150
MDMin:    6 14:36:51    -2397.478613        0.222756
MDMin:    7 14:36:52    -2397.478422        0.221114
MDMin:    8 14:36:54    -2397.478204        0.219225
MDMin:    9 14:36:56    -2397.477962        0.217091
MDMin:   10 14:36:58    -2397.477695        0.214714
MDMin:   11 14:36:59    -2397.477406        0.212095
MDMin:   12 14:37:01    -2397.477097        0.209235
MDMin:   13 14:37:03    -2397.476768        0.206137
MDMin:   14 14:37:05    -2397.476424        0.202801
MDMin:   15 14:37:07    -2397.476065        0.199229
MDMin:   16 14:37:09    -2397.475693        0.195425
MDMin:   17 14:37:11    -2397.475312        0.191390
MDMin:   18 14:37:13    -2397.474924        0.187130
MDMin:   19 14:37:15    -2397.474531        0.182651
MDMin:   20 14:37:17    -2397.474136        0.177959
MDMin:   21 14:37:19    -2397.473741        0.173066
MDMin:   22 14:37:21    -2397.473349        0.167981
MDMin:   23 14:37:22    -2397.472963        0.162718
MDMin:   24 14:37:24    -2397.472584        0.157292
MDMin:   25 14:37:26    -2397.472216        0.151721
MDMin:   26 14:37:27    -2397.471861        0.146021
MDMin:   27 14:37:29    -2397.471520        0.145685
MDMin:   28 14:37:30    -2397.471195        0.145666
MDMin:   29 14:37:32    -2397.470888        0.145674
MDMin:   30 14:37:33    -2397.470601        0.145711
MDMin:   31 14:37:34    -2397.470333        0.145778
MDMin:   32 14:37:35    -2397.470087        0.145878
MDMin:   33 14:37:37    -2397.469862        0.146012
MDMin:   34 14:37:39    -2397.469659        0.146182
MDMin:   35 14:37:41    -2397.469477        0.146389
MDMin:   36 14:37:43    -2397.469317        0.146634
MDMin:   37 14:37:45    -2397.469177        0.146917
MDMin:   38 14:37:47    -2397.469057        0.147241
MDMin:   39 14:37:49    -2397.468956        0.147605
MDMin:   40 14:37:50    -2397.468873        0.148010
MDMin:   41 14:37:52    -2397.468806        0.148456
MDMin:   42 14:37:54    -2397.468753        0.148943
MDMin:   43 14:37:56    -2397.468714        0.149471
MDMin:   44 14:37:58    -2397.468687        0.150040
MDMin:   45 14:37:59    -2397.468671        0.150649
MDMin:   46 14:38:00    -2397.468663        0.151299
MDMin:   47 14:38:01    -2397.468664        0.151989
MDMin:   48 14:38:03    -2397.468670        0.152719
MDMin:   49 14:38:04    -2397.468682        0.153487
MDMin:   50 14:38:05    -2397.468699        0.154294
MDMin:   51 14:38:07    -2397.468718        0.155140
MDMin:   52 14:38:08    -2397.468740        0.156023
MDMin:   53 14:38:10    -2397.468764        0.156944
MDMin:   54 14:38:12    -2397.468789        0.157902
MDMin:   55 14:38:13    -2397.468815        0.158898
MDMin:   56 14:38:14    -2397.468841        0.159931
MDMin:   57 14:38:16    -2397.468868        0.161002
MDMin:   58 14:38:17    -2397.468894        0.162110
MDMin:   59 14:38:19    -2397.468920        0.163256
MDMin:   60 14:38:20    -2397.468946        0.164440
MDMin:   61 14:38:22    -2397.468972        0.165662
MDMin:   62 14:38:24    -2397.468997        0.166922
MDMin:   63 14:38:26    -2397.469022        0.168220
MDMin:   64 14:38:27    -2397.469046        0.169557
MDMin:   65 14:38:28    -2397.469070        0.170932
MDMin:   66 14:38:30    -2397.469094        0.172343
MDMin:   67 14:38:31    -2397.469118        0.173791
MDMin:   68 14:38:33    -2397.469141        0.175273
MDMin:   69 14:38:35    -2397.469164        0.176788
MDMin:   70 14:38:37    -2397.469187        0.178332
MDMin:   71 14:38:39    -2397.469209        0.179903
MDMin:   72 14:38:41    -2397.469231        0.181495
MDMin:   73 14:38:43    -2397.469254        0.183104
MDMin:   74 14:38:44    -2397.469276        0.184725
MDMin:   75 14:38:46    -2397.469297        0.186350
MDMin:   76 14:38:48    -2397.469319        0.187972
MDMin:   77 14:38:50    -2397.469341        0.189584
MDMin:   78 14:38:52    -2397.469362        0.191175
MDMin:   79 14:38:54    -2397.469384        0.192737
MDMin:   80 14:38:56    -2397.469405        0.194260
MDMin:   81 14:38:58    -2397.469426        0.195733
MDMin:   82 14:38:59    -2397.469447        0.197148
MDMin:   83 14:39:01    -2397.469467        0.198493
MDMin:   84 14:39:03    -2397.469488        0.199761
MDMin:   85 14:39:05    -2397.469508        0.200942
MDMin:   86 14:39:06    -2397.469529        0.202030
MDMin:   87 14:39:08    -2397.469549        0.203019
MDMin:   88 14:39:10    -2397.469569        0.203907
MDMin:   89 14:39:12    -2397.469589        0.204690
MDMin:   90 14:39:14    -2397.469609        0.205385
MDMin:   91 14:39:16    -2397.469628        0.206006
MDMin:   92 14:39:17    -2397.469648        0.206564
MDMin:   93 14:39:19    -2397.469667        0.207074
MDMin:   94 14:39:21    -2397.469686        0.207552
MDMin:   95 14:39:23    -2397.469706        0.208018
MDMin:   96 14:39:25    -2397.469725        0.208494
MDMin:   97 14:39:27    -2397.469743        0.209002
MDMin:   98 14:39:29    -2397.469762        0.209569
MDMin:   99 14:39:30    -2397.469780        0.210219
MDMin:  100 14:39:31    -2397.469799        0.210979
MDMin:  101 14:39:33    -2397.469817        0.211875
MDMin:  102 14:39:34    -2397.469835        0.212928
MDMin:  103 14:39:35    -2397.469852        0.214162
MDMin:  104 14:39:37    -2397.469870        0.215593
MDMin:  105 14:39:39    -2397.469887        0.217237
MDMin:  106 14:39:40    -2397.469904        0.219103
MDMin:  107 14:39:42    -2397.469921        0.221197
MDMin:  108 14:39:44    -2397.469937        0.223516
MDMin:  109 14:39:45    -2397.469953        0.226059
MDMin:  110 14:39:47    -2397.469969        0.228809
MDMin:  111 14:39:49    -2397.469985        0.231758
MDMin:  112 14:39:50    -2397.470000        0.234868
MDMin:  113 14:39:51    -2397.470015        0.238118
MDMin:  114 14:39:53    -2397.470029        0.241357
MDMin:  115 14:39:55    -2397.470041        0.244265
MDMin:  116 14:39:56    -2397.470050        0.246158
MDMin:  117 14:39:57    -2397.470055        0.247401
MDMin:  118 14:39:59    -2397.470060        0.248610
MDMin:  119 14:40:00    -2397.470065        0.249849
MDMin:  120 14:40:02    -2397.470071        0.251118
MDMin:  121 14:40:04    -2397.470076        0.252418
MDMin:  122 14:40:06    -2397.470081        0.253744
MDMin:  123 14:40:07    -2397.470087        0.255096
MDMin:  124 14:40:09    -2397.470092        0.256472
MDMin:  125 14:40:11    -2397.470098        0.257868
MDMin:  126 14:40:13    -2397.470103        0.259284
MDMin:  127 14:40:15    -2397.470109        0.260716
MDMin:  128 14:40:16    -2397.470114        0.262164
MDMin:  129 14:40:18    -2397.470120        0.263624
MDMin:  130 14:40:19    -2397.470126        0.265096
MDMin:  131 14:40:21    -2397.470131        0.266577
MDMin:  132 14:40:23    -2397.470137        0.268066
MDMin:  133 14:40:25    -2397.470143        0.269561
MDMin:  134 14:40:26    -2397.470148        0.271062
MDMin:  135 14:40:28    -2397.470154        0.272566
MDMin:  136 14:40:29    -2397.470160        0.274073
MDMin:  137 14:40:30    -2397.470166        0.275583
MDMin:  138 14:40:32    -2397.470172        0.277093
MDMin:  139 14:40:33    -2397.470177        0.278607
MDMin:  140 14:40:34    -2397.470183        0.280141
MDMin:  141 14:40:35    -2397.470189        0.281703
MDMin:  142 14:40:36    -2397.470195        0.283296
MDMin:  143 14:40:38    -2397.470201        0.284921
MDMin:  144 14:40:40    -2397.470207        0.286582
MDMin:  145 14:40:42    -2397.470212        0.288281
MDMin:  146 14:40:44    -2397.470218        0.290019
MDMin:  147 14:40:46    -2397.470224        0.291796
MDMin:  148 14:40:48    -2397.470230        0.293615
MDMin:  149 14:40:50    -2397.470236        0.295473
MDMin:  150 14:40:51    -2397.470242        0.297372
MDMin:  151 14:40:53    -2397.470247        0.299307
MDMin:  152 14:40:55    -2397.470253        0.301278
MDMin:  153 14:40:56    -2397.470259        0.303280
MDMin:  154 14:40:58    -2397.470265        0.305306
MDMin:  155 14:40:59    -2397.470270        0.307352
MDMin:  156 14:41:01    -2397.470276        0.309406
MDMin:  157 14:41:02    -2397.470282        0.311459
MDMin:  158 14:41:03    -2397.470287        0.313496
MDMin:  159 14:41:05    -2397.470293        0.315503
MDMin:  160 14:41:07    -2397.470298        0.317460
MDMin:  161 14:41:08    -2397.470304        0.319344
MDMin:  162 14:41:10    -2397.470309        0.321130
MDMin:  163 14:41:12    -2397.470315        0.322788
MDMin:  164 14:41:14    -2397.470320        0.324285
MDMin:  165 14:41:16    -2397.470326        0.325581
MDMin:  166 14:41:18    -2397.470331        0.326635
MDMin:  167 14:41:20    -2397.470337        0.327398
MDMin:  168 14:41:22    -2397.470342        0.327817
MDMin:  169 14:41:24    -2397.470348        0.327835
MDMin:  170 14:41:25    -2397.470353        0.327389
MDMin:  171 14:41:27    -2397.470358        0.326416
MDMin:  172 14:41:29    -2397.470364        0.324847
MDMin:  173 14:41:31    -2397.470369        0.322610
MDMin:  174 14:41:33    -2397.470374        0.319630
MDMin:  175 14:41:34    -2397.470380        0.315832
MDMin:  176 14:41:35    -2397.470385        0.311138
MDMin:  177 14:41:37    -2397.470391        0.305475
MDMin:  178 14:41:39    -2397.470396        0.298770
MDMin:  179 14:41:41    -2397.470402        0.290959
MDMin:  180 14:41:42    -2397.470407        0.281986
MDMin:  181 14:41:43    -2397.470413        0.271812
MDMin:  182 14:41:45    -2397.470419        0.260416
MDMin:  183 14:41:46    -2397.470424        0.247806
MDMin:  184 14:41:47    -2397.470430        0.234024
MDMin:  185 14:41:48    -2397.470437        0.219151
MDMin:  186 14:41:50    -2397.470443        0.203320
MDMin:  187 14:41:51    -2397.470449        0.186724
MDMin:  188 14:41:53    -2397.470456        0.169622
MDMin:  189 14:41:55    -2397.470463        0.152347
MDMin:  190 14:41:57    -2397.470470        0.135302
MDMin:  191 14:41:58    -2397.470478        0.125228
MDMin:  192 14:42:00    -2397.470485        0.123984
MDMin:  193 14:42:02    -2397.470493        0.122923
MDMin:  194 14:42:03    -2397.470501        0.122126
MDMin:  195 14:42:05    -2397.470509        0.121601
MDMin:  196 14:42:06    -2397.470517        0.121257
MDMin:  197 14:42:07    -2397.470525        0.120909
MDMin:  198 14:42:08    -2397.470533        0.120286
MDMin:  199 14:42:09    -2397.470541        0.119077
MDMin:  200 14:42:11    -2397.470549        0.116981
MDMin:  201 14:42:12    -2397.470556        0.113772
MDMin:  202 14:42:13    -2397.470564        0.109363
MDMin:  203 14:42:15    -2397.470571        0.103856
MDMin:  204 14:42:16    -2397.470578        0.097545
MDMin:  205 14:42:18    -2397.470585        0.099899
MDMin:  206 14:42:20    -2397.470588        0.121759
MDMin:  207 14:42:21    -2397.470588        0.108762
MDMin:  208 14:42:23    -2397.470589        0.093840
MDMin:  209 14:42:26    -2397.470589        0.087789
MDMin:  210 14:42:28    -2397.470589        0.087530
MDMin:  211 14:42:30    -2397.470589        0.087225
MDMin:  212 14:42:31    -2397.470590        0.086875
MDMin:  213 14:42:33    -2397.470590        0.086483
MDMin:  214 14:42:35    -2397.470591        0.086054
MDMin:  215 14:42:37    -2397.470591        0.085591
MDMin:  216 14:42:39    -2397.470592        0.085096
MDMin:  217 14:42:41    -2397.470592        0.084572
MDMin:  218 14:42:43    -2397.470593        0.084019
MDMin:  219 14:42:45    -2397.470594        0.083438
MDMin:  220 14:42:47    -2397.470594        0.082829
MDMin:  221 14:42:49    -2397.470595        0.082194
MDMin:  222 14:42:51    -2397.470596        0.081533
MDMin:  223 14:42:52    -2397.470596        0.080846
MDMin:  224 14:42:53    -2397.470597        0.080135
MDMin:  225 14:42:55    -2397.470598        0.079401
MDMin:  226 14:42:57    -2397.470599        0.078644
MDMin:  227 14:42:58    -2397.470600        0.077865
MDMin:  228 14:43:00    -2397.470601        0.077066
MDMin:  229 14:43:02    -2397.470602        0.076248
MDMin:  230 14:43:04    -2397.470603        0.075412
MDMin:  231 14:43:06    -2397.470604        0.074559
MDMin:  232 14:43:07    -2397.470605        0.073690
MDMin:  233 14:43:09    -2397.470606        0.072806
MDMin:  234 14:43:10    -2397.470607        0.071909
MDMin:  235 14:43:12    -2397.470608        0.071000
MDMin:  236 14:43:13    -2397.470609        0.070081
MDMin:  237 14:43:14    -2397.470610        0.069483
MDMin:  238 14:43:16    -2397.470611        0.069181
MDMin:  239 14:43:17    -2397.470613        0.068837
MDMin:  240 14:43:18    -2397.470614        0.068450
MDMin:  241 14:43:20    -2397.470615        0.068017
MDMin:  242 14:43:22    -2397.470617        0.067538
MDMin:  243 14:43:24    -2397.470618        0.067010
MDMin:  244 14:43:26    -2397.470619        0.066433
MDMin:  245 14:43:27    -2397.470621        0.065806
MDMin:  246 14:43:29    -2397.470622        0.065128
MDMin:  247 14:43:31    -2397.470623        0.064398
MDMin:  248 14:43:32    -2397.470625        0.063616
MDMin:  249 14:43:34    -2397.470626        0.062782
MDMin:  250 14:43:36    -2397.470628        0.061897
MDMin:  251 14:43:38    -2397.470629        0.060967
MDMin:  252 14:43:40    -2397.470631        0.060989
MDMin:  253 14:43:42    -2397.470633        0.061012
MDMin:  254 14:43:44    -2397.470634        0.061038
MDMin:  255 14:43:46    -2397.470636        0.061066
MDMin:  256 14:43:47    -2397.470638        0.061097
MDMin:  257 14:43:49    -2397.470639        0.061130
MDMin:  258 14:43:51    -2397.470641        0.061166
MDMin:  259 14:43:53    -2397.470643        0.061204
MDMin:  260 14:43:55    -2397.470644        0.061245
MDMin:  261 14:43:57    -2397.470646        0.061289
MDMin:  262 14:43:58    -2397.470648        0.061335
MDMin:  263 14:44:00    -2397.470650        0.061384
MDMin:  264 14:44:01    -2397.470652        0.061435
MDMin:  265 14:44:02    -2397.470653        0.061489
MDMin:  266 14:44:04    -2397.470655        0.061546
MDMin:  267 14:44:05    -2397.470657        0.061605
MDMin:  268 14:44:06    -2397.470659        0.061667
MDMin:  269 14:44:07    -2397.470661        0.061731
MDMin:  270 14:44:09    -2397.470663        0.061797
MDMin:  271 14:44:11    -2397.470665        0.061865
MDMin:  272 14:44:12    -2397.470667        0.061935
MDMin:  273 14:44:14    -2397.470669        0.062007
MDMin:  274 14:44:16    -2397.470671        0.062081
MDMin:  275 14:44:17    -2397.470673        0.062156
MDMin:  276 14:44:18    -2397.470675        0.062232
MDMin:  277 14:44:20    -2397.470677        0.062309
MDMin:  278 14:44:22    -2397.470679        0.062387
MDMin:  279 14:44:23    -2397.470681        0.062465
MDMin:  280 14:44:25    -2397.470683        0.062543
MDMin:  281 14:44:27    -2397.470685        0.062621
MDMin:  282 14:44:28    -2397.470687        0.062698
MDMin:  283 14:44:30    -2397.470689        0.062775
MDMin:  284 14:44:32    -2397.470691        0.062850
MDMin:  285 14:44:34    -2397.470693        0.062923
MDMin:  286 14:44:36    -2397.470695        0.062995
MDMin:  287 14:44:38    -2397.470697        0.063064
MDMin:  288 14:44:39    -2397.470699        0.063130
MDMin:  289 14:44:41    -2397.470701        0.063193
MDMin:  290 14:44:43    -2397.470703        0.063252
MDMin:  291 14:44:45    -2397.470705        0.063308
MDMin:  292 14:44:47    -2397.470707        0.063359
MDMin:  293 14:44:49    -2397.470710        0.063405
MDMin:  294 14:44:51    -2397.470712        0.063446
MDMin:  295 14:44:53    -2397.470714        0.063481
MDMin:  296 14:44:54    -2397.470716        0.063511
MDMin:  297 14:44:56    -2397.470718        0.063534
MDMin:  298 14:44:57    -2397.470720        0.063550
MDMin:  299 14:44:58    -2397.470722        0.063560
MDMin:  300 14:45:00    -2397.470724        0.063562
MDMin:  301 14:45:01    -2397.470726        0.063557
MDMin:  302 14:45:02    -2397.470728        0.063543
MDMin:  303 14:45:04    -2397.470730        0.063522
MDMin:  304 14:45:05    -2397.470732        0.063492
MDMin:  305 14:45:06    -2397.470734        0.063454
MDMin:  306 14:45:07    -2397.470736        0.063407
MDMin:  307 14:45:09    -2397.470738        0.063351
MDMin:  308 14:45:10    -2397.470740        0.063286
MDMin:  309 14:45:11    -2397.470742        0.063212
MDMin:  310 14:45:13    -2397.470744        0.063129
MDMin:  311 14:45:14    -2397.470746        0.063036
MDMin:  312 14:45:15    -2397.470748        0.062933
MDMin:  313 14:45:17    -2397.470750        0.062821
MDMin:  314 14:45:18    -2397.470752        0.062700
MDMin:  315 14:45:20    -2397.470754        0.062570
MDMin:  316 14:45:22    -2397.470755        0.064872
MDMin:  317 14:45:24    -2397.470756        0.062363
MDMin:  318 14:45:25    -2397.470757        0.062305
MDMin:  319 14:45:27    -2397.470757        0.062245
MDMin:  320 14:45:28    -2397.470758        0.062183
MDMin:  321 14:45:30    -2397.470758        0.062119
MDMin:  322 14:45:32    -2397.470759        0.062055
MDMin:  323 14:45:34    -2397.470759        0.061989
MDMin:  324 14:45:36    -2397.470760        0.061922
MDMin:  325 14:45:37    -2397.470760        0.061854
MDMin:  326 14:45:38    -2397.470761        0.061784
MDMin:  327 14:45:40    -2397.470762        0.061714
MDMin:  328 14:45:41    -2397.470762        0.061642
MDMin:  329 14:45:42    -2397.470763        0.061569
MDMin:  330 14:45:43    -2397.470763        0.061495
MDMin:  331 14:45:45    -2397.470764        0.061419
MDMin:  332 14:45:47    -2397.470765        0.061342
MDMin:  333 14:45:48    -2397.470765        0.061264
MDMin:  334 14:45:50    -2397.470766        0.061185
MDMin:  335 14:45:52    -2397.470767        0.061104
MDMin:  336 14:45:54    -2397.470767        0.061022
MDMin:  337 14:45:56    -2397.470768        0.060939
MDMin:  338 14:45:57    -2397.470769        0.060854
MDMin:  339 14:45:59    -2397.470770        0.060768
MDMin:  340 14:46:01    -2397.470770        0.060680
MDMin:  341 14:46:02    -2397.470771        0.060591
MDMin:  342 14:46:04    -2397.470772        0.060501
MDMin:  343 14:46:05    -2397.470772        0.060409
MDMin:  344 14:46:07    -2397.470773        0.060316
MDMin:  345 14:46:08    -2397.470774        0.060222
MDMin:  346 14:46:09    -2397.470775        0.060126
MDMin:  347 14:46:10    -2397.470775        0.060030
MDMin:  348 14:46:12    -2397.470776        0.059932
MDMin:  349 14:46:13    -2397.470777        0.059833
MDMin:  350 14:46:14    -2397.470778        0.059734
MDMin:  351 14:46:16    -2397.470779        0.059633
MDMin:  352 14:46:19    -2397.470779        0.059532
MDMin:  353 14:46:21    -2397.470780        0.059430
MDMin:  354 14:46:23    -2397.470781        0.059327
MDMin:  355 14:46:25    -2397.470782        0.059224
MDMin:  356 14:46:27    -2397.470783        0.059121
MDMin:  357 14:46:28    -2397.470783        0.059018
MDMin:  358 14:46:30    -2397.470784        0.058916
MDMin:  359 14:46:32    -2397.470785        0.058813
MDMin:  360 14:46:33    -2397.470786        0.058711
MDMin:  361 14:46:35    -2397.470787        0.058610
MDMin:  362 14:46:37    -2397.470788        0.058510
MDMin:  363 14:46:38    -2397.470789        0.058412
MDMin:  364 14:46:40    -2397.470789        0.058315
MDMin:  365 14:46:41    -2397.470790        0.058219
MDMin:  366 14:46:43    -2397.470791        0.058126
MDMin:  367 14:46:45    -2397.470792        0.058035
MDMin:  368 14:46:46    -2397.470793        0.057946
MDMin:  369 14:46:48    -2397.470794        0.057861
MDMin:  370 14:46:49    -2397.470795        0.057778
MDMin:  371 14:46:50    -2397.470796        0.057698
MDMin:  372 14:46:51    -2397.470796        0.057622
MDMin:  373 14:46:53    -2397.470797        0.057549
MDMin:  374 14:46:55    -2397.470798        0.057480
MDMin:  375 14:46:57    -2397.470799        0.057414
MDMin:  376 14:46:59    -2397.470800        0.057352
MDMin:  377 14:47:01    -2397.470801        0.057294
MDMin:  378 14:47:03    -2397.470802        0.057240
MDMin:  379 14:47:05    -2397.470803        0.057189
MDMin:  380 14:47:06    -2397.470803        0.057141
MDMin:  381 14:47:07    -2397.470804        0.057097
MDMin:  382 14:47:09    -2397.470805        0.057055
MDMin:  383 14:47:11    -2397.470806        0.057016
MDMin:  384 14:47:13    -2397.470807        0.056980
MDMin:  385 14:47:15    -2397.470808        0.056945
MDMin:  386 14:47:17    -2397.470809        0.056911
MDMin:  387 14:47:18    -2397.470810        0.056878
MDMin:  388 14:47:20    -2397.470810        0.056844
MDMin:  389 14:47:21    -2397.470811        0.056810
MDMin:  390 14:47:23    -2397.470812        0.056773
MDMin:  391 14:47:25    -2397.470813        0.056734
MDMin:  392 14:47:27    -2397.470814        0.056690
MDMin:  393 14:47:29    -2397.470815        0.056641
MDMin:  394 14:47:30    -2397.470815        0.056586
MDMin:  395 14:47:32    -2397.470816        0.056523
MDMin:  396 14:47:34    -2397.470817        0.056458
MDMin:  397 14:47:36    -2397.470817        0.056410
MDMin:  398 14:47:38    -2397.470818        0.056373
MDMin:  399 14:47:40    -2397.470818        0.056334
MDMin:  400 14:47:41    -2397.470818        0.056294
MDMin:  401 14:47:42    -2397.470818        0.056253
MDMin:  402 14:47:43    -2397.470819        0.056211
MDMin:  403 14:47:44    -2397.470819        0.056166
MDMin:  404 14:47:46    -2397.470819        0.056120
MDMin:  405 14:47:48    -2397.470820        0.056072
MDMin:  406 14:47:50    -2397.470820        0.056021
MDMin:  407 14:47:51    -2397.470820        0.055968
MDMin:  408 14:47:53    -2397.470820        0.055912
MDMin:  409 14:47:54    -2397.470821        0.055852
MDMin:  410 14:47:56    -2397.470821        0.055790
MDMin:  411 14:47:58    -2397.470821        0.055724
MDMin:  412 14:48:00    -2397.470822        0.055654
MDMin:  413 14:48:02    -2397.470822        0.055579
MDMin:  414 14:48:03    -2397.470822        0.055500
MDMin:  415 14:48:05    -2397.470823        0.055416
MDMin:  416 14:48:06    -2397.470823        0.055327
MDMin:  417 14:48:07    -2397.470823        0.055231
MDMin:  418 14:48:09    -2397.470824        0.055130
MDMin:  419 14:48:10    -2397.470824        0.055022
MDMin:  420 14:48:11    -2397.470824        0.054908
MDMin:  421 14:48:13    -2397.470825        0.054786
MDMin:  422 14:48:15    -2397.470825        0.054656
MDMin:  423 14:48:16    -2397.470826        0.054517
MDMin:  424 14:48:18    -2397.470826        0.054370
MDMin:  425 14:48:20    -2397.470826        0.054213
MDMin:  426 14:48:21    -2397.470827        0.054046
MDMin:  427 14:48:22    -2397.470827        0.053869
MDMin:  428 14:48:23    -2397.470827        0.053680
MDMin:  429 14:48:25    -2397.470828        0.053480
MDMin:  430 14:48:26    -2397.470828        0.053267
MDMin:  431 14:48:28    -2397.470829        0.053041
MDMin:  432 14:48:30    -2397.470829        0.052991
MDMin:  433 14:48:31    -2397.470829        0.053043
MDMin:  434 14:48:32    -2397.470830        0.053097
MDMin:  435 14:48:33    -2397.470830        0.053152
MDMin:  436 14:48:35    -2397.470831        0.053208
MDMin:  437 14:48:37    -2397.470831        0.053265
MDMin:  438 14:48:39    -2397.470831        0.053324
MDMin:  439 14:48:40    -2397.470832        0.053383
MDMin:  440 14:48:42    -2397.470832        0.053443
MDMin:  441 14:48:44    -2397.470833        0.053505
MDMin:  442 14:48:46    -2397.470833        0.053567
MDMin:  443 14:48:48    -2397.470833        0.053630
MDMin:  444 14:48:50    -2397.470834        0.053694
MDMin:  445 14:48:52    -2397.470834        0.053758
MDMin:  446 14:48:53    -2397.470835        0.053823
MDMin:  447 14:48:55    -2397.470835        0.053888
MDMin:  448 14:48:57    -2397.470835        0.053954
MDMin:  449 14:48:59    -2397.470836        0.054020
MDMin:  450 14:49:01    -2397.470836        0.054087
MDMin:  451 14:49:03    -2397.470837        0.054153
MDMin:  452 14:49:05    -2397.470837        0.054220
MDMin:  453 14:49:06    -2397.470837        0.054287
MDMin:  454 14:49:07    -2397.470838        0.054353
MDMin:  455 14:49:09    -2397.470838        0.054420
MDMin:  456 14:49:11    -2397.470839        0.054486
MDMin:  457 14:49:12    -2397.470839        0.054551
MDMin:  458 14:49:14    -2397.470840        0.054617
MDMin:  459 14:49:16    -2397.470840        0.054682
MDMin:  460 14:49:18    -2397.470840        0.054746
MDMin:  461 14:49:19    -2397.470841        0.054810
MDMin:  462 14:49:21    -2397.470841        0.054873
MDMin:  463 14:49:22    -2397.470842        0.054935
MDMin:  464 14:49:24    -2397.470842        0.054996
MDMin:  465 14:49:26    -2397.470842        0.055056
MDMin:  466 14:49:27    -2397.470843        0.055115
MDMin:  467 14:49:29    -2397.470843        0.055172
MDMin:  468 14:49:30    -2397.470844        0.055228
MDMin:  469 14:49:32    -2397.470844        0.055282
MDMin:  470 14:49:33    -2397.470845        0.055335
MDMin:  471 14:49:35    -2397.470845        0.055385
MDMin:  472 14:49:37    -2397.470845        0.055433
MDMin:  473 14:49:39    -2397.470846        0.055479
MDMin:  474 14:49:40    -2397.470846        0.055522
MDMin:  475 14:49:42    -2397.470847        0.055562
MDMin:  476 14:49:43    -2397.470847        0.055598
MDMin:  477 14:49:45    -2397.470848        0.055630
MDMin:  478 14:49:47    -2397.470848        0.055658
MDMin:  479 14:49:48    -2397.470848        0.055682
MDMin:  480 14:49:50    -2397.470849        0.055700
MDMin:  481 14:49:52    -2397.470849        0.055712
MDMin:  482 14:49:54    -2397.470850        0.055718
MDMin:  483 14:49:55    -2397.470850        0.055717
MDMin:  484 14:49:57    -2397.470850        0.055709
MDMin:  485 14:49:59    -2397.470851        0.055692
MDMin:  486 14:50:01    -2397.470851        0.055666
MDMin:  487 14:50:03    -2397.470852        0.055630
MDMin:  488 14:50:05    -2397.470852        0.055584
MDMin:  489 14:50:07    -2397.470852        0.055534
MDMin:  490 14:50:09    -2397.470853        0.055500
MDMin:  491 14:50:11    -2397.470853        0.055465
MDMin:  492 14:50:12    -2397.470853        0.055429
MDMin:  493 14:50:14    -2397.470853        0.055392
MDMin:  494 14:50:16    -2397.470853        0.055354
MDMin:  495 14:50:18    -2397.470853        0.055315
MDMin:  496 14:50:20    -2397.470853        0.055275
MDMin:  497 14:50:22    -2397.470853        0.055235
MDMin:  498 14:50:23    -2397.470854        0.055193
MDMin:  499 14:50:24    -2397.470854        0.055150
MDMin:  500 14:50:26    -2397.470854        0.055106
MDMin:  501 14:50:27    -2397.470854        0.055061
MDMin:  502 14:50:29    -2397.470854        0.055014
MDMin:  503 14:50:30    -2397.470854        0.054967
MDMin:  504 14:50:32    -2397.470855        0.054917
MDMin:  505 14:50:34    -2397.470855        0.054867
MDMin:  506 14:50:36    -2397.470855        0.054815
MDMin:  507 14:50:37    -2397.470855        0.054761
MDMin:  508 14:50:39    -2397.470855        0.054706
MDMin:  509 14:50:41    -2397.470855        0.054650
MDMin:  510 14:50:43    -2397.470856        0.054592
MDMin:  511 14:50:44    -2397.470856        0.054532
MDMin:  512 14:50:45    -2397.470856        0.054471
MDMin:  513 14:50:46    -2397.470856        0.054408
MDMin:  514 14:50:48    -2397.470856        0.054343
MDMin:  515 14:50:50    -2397.470857        0.054277
MDMin:  516 14:50:52    -2397.470857        0.054210
MDMin:  517 14:50:54    -2397.470857        0.054141
MDMin:  518 14:50:55    -2397.470857        0.054070
MDMin:  519 14:50:57    -2397.470857        0.053998
MDMin:  520 14:50:58    -2397.470858        0.053925
MDMin:  521 14:51:00    -2397.470858        0.053851
MDMin:  522 14:51:02    -2397.470858        0.053776
MDMin:  523 14:51:03    -2397.470858        0.053700
MDMin:  524 14:51:04    -2397.470858        0.053623
MDMin:  525 14:51:06    -2397.470859        0.053545
MDMin:  526 14:51:08    -2397.470859        0.053467
MDMin:  527 14:51:09    -2397.470859        0.053389
MDMin:  528 14:51:10    -2397.470859        0.053310
MDMin:  529 14:51:12    -2397.470860        0.053232
MDMin:  530 14:51:14    -2397.470860        0.053153
MDMin:  531 14:51:15    -2397.470860        0.053075
MDMin:  532 14:51:17    -2397.470860        0.052998
MDMin:  533 14:51:19    -2397.470860        0.052921
MDMin:  534 14:51:21    -2397.470861        0.052845
MDMin:  535 14:51:22    -2397.470861        0.052771
MDMin:  536 14:51:24    -2397.470861        0.052698
MDMin:  537 14:51:25    -2397.470861        0.052626
MDMin:  538 14:51:26    -2397.470862        0.052556
MDMin:  539 14:51:27    -2397.470862        0.052489
MDMin:  540 14:51:29    -2397.470862        0.052423
MDMin:  541 14:51:30    -2397.470862        0.052359
MDMin:  542 14:51:32    -2397.470863        0.052298
MDMin:  543 14:51:33    -2397.470863        0.052240
MDMin:  544 14:51:34    -2397.470863        0.052184
MDMin:  545 14:51:36    -2397.470863        0.052131
MDMin:  546 14:51:37    -2397.470864        0.052081
MDMin:  547 14:51:38    -2397.470864        0.052034
MDMin:  548 14:51:39    -2397.470864        0.051990
MDMin:  549 14:51:40    -2397.470864        0.051950
MDMin:  550 14:51:42    -2397.470865        0.051912
MDMin:  551 14:51:43    -2397.470865        0.051877
MDMin:  552 14:51:45    -2397.470865        0.051846
MDMin:  553 14:51:47    -2397.470865        0.051818
MDMin:  554 14:51:48    -2397.470866        0.051793
MDMin:  555 14:51:50    -2397.470866        0.051771
MDMin:  556 14:51:51    -2397.470866        0.051752
MDMin:  557 14:51:53    -2397.470866        0.051736
MDMin:  558 14:51:54    -2397.470867        0.051722
MDMin:  559 14:51:56    -2397.470867        0.051711
MDMin:  560 14:51:57    -2397.470867        0.051702
MDMin:  561 14:51:59    -2397.470868        0.051695
MDMin:  562 14:52:01    -2397.470868        0.051689
MDMin:  563 14:52:02    -2397.470868        0.051686
MDMin:  564 14:52:04    -2397.470868        0.051683
MDMin:  565 14:52:06    -2397.470869        0.051681
MDMin:  566 14:52:08    -2397.470869        0.051679
MDMin:  567 14:52:10    -2397.470869        0.051678
MDMin:  568 14:52:12    -2397.470869        0.051676
MDMin:  569 14:52:13    -2397.470870        0.051672
MDMin:  570 14:52:15    -2397.470870        0.051667
MDMin:  571 14:52:17    -2397.470870        0.051658
MDMin:  572 14:52:19    -2397.470870        0.051643
MDMin:  573 14:52:20    -2397.470870        0.051631
MDMin:  574 14:52:22    -2397.470871        0.051620
MDMin:  575 14:52:23    -2397.470871        0.051608
MDMin:  576 14:52:25    -2397.470871        0.051597
MDMin:  577 14:52:27    -2397.470871        0.051585
MDMin:  578 14:52:29    -2397.470871        0.051573
MDMin:  579 14:52:30    -2397.470871        0.051562
MDMin:  580 14:52:32    -2397.470871        0.051550
MDMin:  581 14:52:34    -2397.470871        0.051537
MDMin:  582 14:52:35    -2397.470871        0.051524
MDMin:  583 14:52:37    -2397.470871        0.051511
MDMin:  584 14:52:38    -2397.470871        0.051497
MDMin:  585 14:52:40    -2397.470872        0.051482
MDMin:  586 14:52:41    -2397.470872        0.051466
MDMin:  587 14:52:43    -2397.470872        0.051450
MDMin:  588 14:52:44    -2397.470872        0.051432
MDMin:  589 14:52:45    -2397.470872        0.051413
MDMin:  590 14:52:46    -2397.470872        0.051392
MDMin:  591 14:52:48    -2397.470872        0.051370
MDMin:  592 14:52:50    -2397.470872        0.051346
MDMin:  593 14:52:51    -2397.470872        0.051320
MDMin:  594 14:52:53    -2397.470873        0.051293
MDMin:  595 14:52:55    -2397.470873        0.051263
MDMin:  596 14:52:57    -2397.470873        0.051230
MDMin:  597 14:52:58    -2397.470873        0.051195
MDMin:  598 14:52:59    -2397.470873        0.051156
MDMin:  599 14:53:01    -2397.470873        0.051115
MDMin:  600 14:53:02    -2397.470873        0.051070
MDMin:  601 14:53:04    -2397.470873        0.051022
MDMin:  602 14:53:05    -2397.470874        0.050969
MDMin:  603 14:53:07    -2397.470874        0.050913
MDMin:  604 14:53:09    -2397.470874        0.050852
MDMin:  605 14:53:10    -2397.470874        0.050786
MDMin:  606 14:53:12    -2397.470874        0.050714
MDMin:  607 14:53:14    -2397.470874        0.050637
MDMin:  608 14:53:16    -2397.470874        0.050555
MDMin:  609 14:53:17    -2397.470875        0.050466
MDMin:  610 14:53:18    -2397.470875        0.050370
MDMin:  611 14:53:20    -2397.470875        0.050266
MDMin:  612 14:53:21    -2397.470875        0.050155
MDMin:  613 14:53:23    -2397.470875        0.050036
MDMin:  614 14:53:24    -2397.470875        0.049908
