       Step     Time          Energy          fmax
MDMin:    0 09:05:19    -2397.359391        0.147115
MDMin:    1 09:05:21    -2397.359391        0.147101
MDMin:    2 09:05:23    -2397.359390        0.147057
MDMin:    3 09:05:25    -2397.359390        0.146985
MDMin:    4 09:05:27    -2397.359389        0.146883
MDMin:    5 09:05:29    -2397.359388        0.146753
MDMin:    6 09:05:31    -2397.359387        0.146593
MDMin:    7 09:05:33    -2397.359386        0.146405
MDMin:    8 09:05:35    -2397.359384        0.146189
MDMin:    9 09:05:37    -2397.359382        0.145944
MDMin:   10 09:05:39    -2397.359380        0.145670
MDMin:   11 09:05:41    -2397.359378        0.145369
MDMin:   12 09:05:43    -2397.359375        0.145040
MDMin:   13 09:05:44    -2397.359373        0.144684
MDMin:   14 09:05:46    -2397.359370        0.144301
MDMin:   15 09:05:47    -2397.359367        0.143892
MDMin:   16 09:05:49    -2397.359364        0.143456
MDMin:   17 09:05:50    -2397.359360        0.142995
MDMin:   18 09:05:52    -2397.359357        0.142508
MDMin:   19 09:05:53    -2397.359353        0.141997
MDMin:   20 09:05:54    -2397.359349        0.141461
MDMin:   21 09:05:56    -2397.359345        0.140902
MDMin:   22 09:05:58    -2397.359341        0.140320
MDMin:   23 09:06:00    -2397.359337        0.139715
MDMin:   24 09:06:01    -2397.359332        0.139090
MDMin:   25 09:06:02    -2397.359328        0.138443
MDMin:   26 09:06:04    -2397.359323        0.137777
MDMin:   27 09:06:05    -2397.359318        0.137092
MDMin:   28 09:06:07    -2397.359313        0.136389
MDMin:   29 09:06:08    -2397.359309        0.135670
MDMin:   30 09:06:10    -2397.359304        0.134934
MDMin:   31 09:06:12    -2397.359299        0.134184
MDMin:   32 09:06:14    -2397.359294        0.133420
MDMin:   33 09:06:16    -2397.359289        0.132644
MDMin:   34 09:06:18    -2397.359284        0.131857
MDMin:   35 09:06:20    -2397.359279        0.131060
MDMin:   36 09:06:21    -2397.359274        0.130254
MDMin:   37 09:06:23    -2397.359270        0.129442
MDMin:   38 09:06:24    -2397.359265        0.128623
MDMin:   39 09:06:26    -2397.359261        0.127801
MDMin:   40 09:06:28    -2397.359256        0.126975
MDMin:   41 09:06:29    -2397.359252        0.126148
MDMin:   42 09:06:31    -2397.359248        0.125321
MDMin:   43 09:06:33    -2397.359244        0.124496
MDMin:   44 09:06:34    -2397.359240        0.123673
MDMin:   45 09:06:35    -2397.359237        0.122856
MDMin:   46 09:06:37    -2397.359233        0.122044
MDMin:   47 09:06:38    -2397.359230        0.121240
MDMin:   48 09:06:40    -2397.359228        0.120446
MDMin:   49 09:06:42    -2397.359225        0.119663
MDMin:   50 09:06:44    -2397.359223        0.118892
MDMin:   51 09:06:46    -2397.359222        0.118135
MDMin:   52 09:06:48    -2397.359220        0.117394
MDMin:   53 09:06:49    -2397.359220        0.116670
MDMin:   54 09:06:51    -2397.359219        0.115966
MDMin:   55 09:06:52    -2397.359219        0.115282
MDMin:   56 09:06:54    -2397.359219        0.114621
MDMin:   57 09:06:56    -2397.359220        0.113984
MDMin:   58 09:06:58    -2397.359222        0.113372
MDMin:   59 09:07:00    -2397.359223        0.112789
MDMin:   60 09:07:01    -2397.359226        0.112235
MDMin:   61 09:07:02    -2397.359229        0.111713
MDMin:   62 09:07:04    -2397.359232        0.111224
MDMin:   63 09:07:05    -2397.359236        0.110771
MDMin:   64 09:07:07    -2397.359241        0.110355
MDMin:   65 09:07:09    -2397.359246        0.109979
MDMin:   66 09:07:10    -2397.359252        0.109645
MDMin:   67 09:07:11    -2397.359258        0.109356
MDMin:   68 09:07:13    -2397.359265        0.109114
MDMin:   69 09:07:14    -2397.359273        0.108921
MDMin:   70 09:07:16    -2397.359281        0.108782
MDMin:   71 09:07:18    -2397.359290        0.108698
MDMin:   72 09:07:20    -2397.359299        0.108673
MDMin:   73 09:07:21    -2397.359309        0.108710
MDMin:   74 09:07:23    -2397.359320        0.108813
MDMin:   75 09:07:25    -2397.359331        0.108986
MDMin:   76 09:07:27    -2397.359343        0.109233
MDMin:   77 09:07:29    -2397.359356        0.109558
MDMin:   78 09:07:30    -2397.359369        0.109967
MDMin:   79 09:07:32    -2397.359382        0.110463
MDMin:   80 09:07:34    -2397.359396        0.111053
MDMin:   81 09:07:36    -2397.359411        0.111741
MDMin:   82 09:07:38    -2397.359426        0.112535
MDMin:   83 09:07:40    -2397.359442        0.113439
MDMin:   84 09:07:42    -2397.359458        0.114462
MDMin:   85 09:07:44    -2397.359474        0.115609
MDMin:   86 09:07:46    -2397.359491        0.116889
MDMin:   87 09:07:48    -2397.359508        0.118308
MDMin:   88 09:07:50    -2397.359526        0.119875
MDMin:   89 09:07:52    -2397.359544        0.121599
MDMin:   90 09:07:53    -2397.359562        0.123487
MDMin:   91 09:07:55    -2397.359580        0.125546
MDMin:   92 09:07:57    -2397.359599        0.127783
MDMin:   93 09:07:59    -2397.359618        0.130187
MDMin:   94 09:08:01    -2397.359636        0.132696
MDMin:   95 09:08:02    -2397.359652        0.135072
MDMin:   96 09:08:04    -2397.359664        0.136892
MDMin:   97 09:08:06    -2397.359672        0.138247
MDMin:   98 09:08:08    -2397.359680        0.139561
MDMin:   99 09:08:10    -2397.359688        0.140930
MDMin:  100 09:08:11    -2397.359697        0.142364
MDMin:  101 09:08:12    -2397.359705        0.143867
MDMin:  102 09:08:14    -2397.359713        0.145442
MDMin:  103 09:08:16    -2397.359722        0.147090
MDMin:  104 09:08:18    -2397.359731        0.148814
MDMin:  105 09:08:20    -2397.359740        0.150615
MDMin:  106 09:08:22    -2397.359749        0.152497
MDMin:  107 09:08:23    -2397.359758        0.154460
MDMin:  108 09:08:25    -2397.359767        0.156508
MDMin:  109 09:08:26    -2397.359776        0.158640
MDMin:  110 09:08:28    -2397.359786        0.160860
MDMin:  111 09:08:30    -2397.359795        0.163167
MDMin:  112 09:08:31    -2397.359805        0.165564
MDMin:  113 09:08:32    -2397.359815        0.168049
MDMin:  114 09:08:34    -2397.359824        0.170624
MDMin:  115 09:08:35    -2397.359834        0.173287
MDMin:  116 09:08:37    -2397.359844        0.176037
MDMin:  117 09:08:39    -2397.359854        0.178873
MDMin:  118 09:08:41    -2397.359864        0.181792
MDMin:  119 09:08:43    -2397.359874        0.184789
MDMin:  120 09:08:44    -2397.359884        0.187861
MDMin:  121 09:08:45    -2397.359894        0.191001
MDMin:  122 09:08:47    -2397.359904        0.194202
MDMin:  123 09:08:48    -2397.359914        0.197457
MDMin:  124 09:08:49    -2397.359925        0.200753
MDMin:  125 09:08:51    -2397.359935        0.204080
MDMin:  126 09:08:52    -2397.359945        0.207425
MDMin:  127 09:08:53    -2397.359955        0.210770
MDMin:  128 09:08:54    -2397.359965        0.214099
MDMin:  129 09:08:56    -2397.359975        0.217391
MDMin:  130 09:08:57    -2397.359985        0.220623
MDMin:  131 09:08:58    -2397.359995        0.223771
MDMin:  132 09:09:00    -2397.360005        0.226807
MDMin:  133 09:09:01    -2397.360015        0.229700
MDMin:  134 09:09:04    -2397.360025        0.232419
MDMin:  135 09:09:05    -2397.360035        0.234927
MDMin:  136 09:09:06    -2397.360045        0.237188
MDMin:  137 09:09:08    -2397.360055        0.239161
MDMin:  138 09:09:09    -2397.360064        0.240805
MDMin:  139 09:09:11    -2397.360074        0.242077
MDMin:  140 09:09:13    -2397.360084        0.242934
MDMin:  141 09:09:15    -2397.360093        0.243332
MDMin:  142 09:09:17    -2397.360103        0.243227
MDMin:  143 09:09:19    -2397.360112        0.242577
MDMin:  144 09:09:21    -2397.360122        0.241343
MDMin:  145 09:09:23    -2397.360131        0.239489
MDMin:  146 09:09:25    -2397.360140        0.236983
MDMin:  147 09:09:26    -2397.360150        0.233799
MDMin:  148 09:09:28    -2397.360159        0.229920
MDMin:  149 09:09:29    -2397.360168        0.225334
MDMin:  150 09:09:31    -2397.360177        0.220042
MDMin:  151 09:09:32    -2397.360186        0.221351
MDMin:  152 09:09:34    -2397.360195        0.227337
MDMin:  153 09:09:36    -2397.360204        0.233465
MDMin:  154 09:09:37    -2397.360213        0.239729
MDMin:  155 09:09:38    -2397.360222        0.246126
MDMin:  156 09:09:39    -2397.360231        0.252649
MDMin:  157 09:09:41    -2397.360240        0.259295
MDMin:  158 09:09:42    -2397.360249        0.266056
MDMin:  159 09:09:43    -2397.360258        0.272926
MDMin:  160 09:09:45    -2397.360267        0.279899
MDMin:  161 09:09:46    -2397.360276        0.286965
MDMin:  162 09:09:48    -2397.360285        0.294118
MDMin:  163 09:09:49    -2397.360294        0.301348
MDMin:  164 09:09:51    -2397.360303        0.308645
MDMin:  165 09:09:52    -2397.360312        0.315999
MDMin:  166 09:09:54    -2397.360321        0.323397
MDMin:  167 09:09:55    -2397.360330        0.330827
MDMin:  168 09:09:57    -2397.360340        0.338274
MDMin:  169 09:09:59    -2397.360349        0.345722
MDMin:  170 09:10:00    -2397.360358        0.353155
MDMin:  171 09:10:02    -2397.360367        0.360552
MDMin:  172 09:10:03    -2397.360376        0.367894
MDMin:  173 09:10:04    -2397.360385        0.375156
MDMin:  174 09:10:06    -2397.360395        0.382314
MDMin:  175 09:10:07    -2397.360404        0.389340
MDMin:  176 09:10:09    -2397.360413        0.396205
MDMin:  177 09:10:11    -2397.360422        0.402878
MDMin:  178 09:10:12    -2397.360431        0.409324
MDMin:  179 09:10:14    -2397.360440        0.415508
MDMin:  180 09:10:16    -2397.360449        0.421391
MDMin:  181 09:10:18    -2397.360459        0.426935
MDMin:  182 09:10:19    -2397.360468        0.432099
MDMin:  183 09:10:21    -2397.360477        0.436845
MDMin:  184 09:10:23    -2397.360485        0.441134
MDMin:  185 09:10:24    -2397.360494        0.444933
MDMin:  186 09:10:26    -2397.360503        0.448214
MDMin:  187 09:10:28    -2397.360512        0.450955
MDMin:  188 09:10:30    -2397.360521        0.453144
MDMin:  189 09:10:31    -2397.360529        0.454778
MDMin:  190 09:10:32    -2397.360538        0.455864
MDMin:  191 09:10:34    -2397.360546        0.456419
MDMin:  192 09:10:35    -2397.360555        0.456469
MDMin:  193 09:10:37    -2397.360563        0.456047
MDMin:  194 09:10:39    -2397.360572        0.455194
MDMin:  195 09:10:41    -2397.360580        0.453954
MDMin:  196 09:10:42    -2397.360588        0.452375
MDMin:  197 09:10:43    -2397.360596        0.450510
MDMin:  198 09:10:45    -2397.360605        0.448416
MDMin:  199 09:10:46    -2397.360613        0.446143
MDMin:  200 09:10:47    -2397.360621        0.443735
MDMin:  201 09:10:49    -2397.360629        0.441224
MDMin:  202 09:10:51    -2397.360637        0.438630
MDMin:  203 09:10:52    -2397.360645        0.435960
MDMin:  204 09:10:54    -2397.360653        0.433189
MDMin:  205 09:10:55    -2397.360661        0.430257
MDMin:  206 09:10:57    -2397.360669        0.427066
MDMin:  207 09:10:58    -2397.360677        0.423470
MDMin:  208 09:11:00    -2397.360685        0.419279
MDMin:  209 09:11:01    -2397.360693        0.414262
MDMin:  210 09:11:03    -2397.360701        0.408155
MDMin:  211 09:11:05    -2397.360709        0.400672
MDMin:  212 09:11:06    -2397.360718        0.391523
MDMin:  213 09:11:08    -2397.360726        0.380443
MDMin:  214 09:11:09    -2397.360735        0.367219
MDMin:  215 09:11:10    -2397.360744        0.351728
MDMin:  216 09:11:12    -2397.360753        0.333988
MDMin:  217 09:11:14    -2397.360763        0.314331
MDMin:  218 09:11:16    -2397.360771        0.294892
MDMin:  219 09:11:18    -2397.360776        0.284602
MDMin:  220 09:11:20    -2397.360777        0.281526
MDMin:  221 09:11:22    -2397.360779        0.277926
MDMin:  222 09:11:24    -2397.360780        0.274103
MDMin:  223 09:11:26    -2397.360782        0.270121
MDMin:  224 09:11:28    -2397.360784        0.265989
MDMin:  225 09:11:30    -2397.360786        0.261710
MDMin:  226 09:11:32    -2397.360788        0.257288
MDMin:  227 09:11:34    -2397.360790        0.252730
MDMin:  228 09:11:35    -2397.360792        0.248039
MDMin:  229 09:11:37    -2397.360794        0.243224
MDMin:  230 09:11:38    -2397.360797        0.238292
MDMin:  231 09:11:39    -2397.360799        0.233252
MDMin:  232 09:11:41    -2397.360802        0.228113
MDMin:  233 09:11:43    -2397.360804        0.222887
MDMin:  234 09:11:44    -2397.360807        0.217585
MDMin:  235 09:11:46    -2397.360810        0.212439
MDMin:  236 09:11:48    -2397.360812        0.211975
MDMin:  237 09:11:49    -2397.360815        0.211518
MDMin:  238 09:11:51    -2397.360818        0.211077
MDMin:  239 09:11:52    -2397.360821        0.210659
MDMin:  240 09:11:54    -2397.360824        0.210272
MDMin:  241 09:11:56    -2397.360827        0.209925
MDMin:  242 09:11:58    -2397.360831        0.209630
MDMin:  243 09:12:00    -2397.360834        0.209397
MDMin:  244 09:12:01    -2397.360837        0.209236
MDMin:  245 09:12:03    -2397.360841        0.209161
MDMin:  246 09:12:04    -2397.360844        0.209184
MDMin:  247 09:12:06    -2397.360848        0.209316
MDMin:  248 09:12:08    -2397.360852        0.209571
MDMin:  249 09:12:09    -2397.360855        0.209960
MDMin:  250 09:12:11    -2397.360859        0.210495
MDMin:  251 09:12:12    -2397.360863        0.211185
MDMin:  252 09:12:14    -2397.360867        0.212040
MDMin:  253 09:12:15    -2397.360871        0.213066
MDMin:  254 09:12:16    -2397.360875        0.214267
MDMin:  255 09:12:18    -2397.360879        0.215644
MDMin:  256 09:12:19    -2397.360883        0.217196
MDMin:  257 09:12:20    -2397.360887        0.218915
MDMin:  258 09:12:22    -2397.360891        0.220791
MDMin:  259 09:12:24    -2397.360895        0.222805
MDMin:  260 09:12:26    -2397.360899        0.224936
MDMin:  261 09:12:28    -2397.360903        0.227152
MDMin:  262 09:12:30    -2397.360907        0.229418
MDMin:  263 09:12:32    -2397.360911        0.231687
MDMin:  264 09:12:34    -2397.360915        0.233907
MDMin:  265 09:12:36    -2397.360919        0.236016
MDMin:  266 09:12:38    -2397.360923        0.237945
MDMin:  267 09:12:40    -2397.360927        0.239617
MDMin:  268 09:12:41    -2397.360930        0.240948
MDMin:  269 09:12:42    -2397.360934        0.241848
MDMin:  270 09:12:43    -2397.360938        0.242226
MDMin:  271 09:12:45    -2397.360942        0.241985
MDMin:  272 09:12:47    -2397.360945        0.241033
MDMin:  273 09:12:48    -2397.360949        0.239280
MDMin:  274 09:12:50    -2397.360953        0.236644
MDMin:  275 09:12:52    -2397.360956        0.233055
MDMin:  276 09:12:53    -2397.360960        0.228456
MDMin:  277 09:12:55    -2397.360963        0.222811
MDMin:  278 09:12:57    -2397.360967        0.216104
MDMin:  279 09:12:58    -2397.360970        0.208345
MDMin:  280 09:13:00    -2397.360974        0.199573
MDMin:  281 09:13:01    -2397.360977        0.202857
MDMin:  282 09:13:02    -2397.360980        0.207606
MDMin:  283 09:13:04    -2397.360984        0.211951
MDMin:  284 09:13:05    -2397.360987        0.215825
MDMin:  285 09:13:06    -2397.360990        0.219170
MDMin:  286 09:13:08    -2397.360994        0.221931
MDMin:  287 09:13:10    -2397.360997        0.224064
MDMin:  288 09:13:12    -2397.361001        0.225535
MDMin:  289 09:13:13    -2397.361004        0.226322
MDMin:  290 09:13:15    -2397.361007        0.226419
MDMin:  291 09:13:16    -2397.361011        0.225836
MDMin:  292 09:13:18    -2397.361014        0.224605
MDMin:  293 09:13:20    -2397.361018        0.222777
MDMin:  294 09:13:22    -2397.361022        0.220430
MDMin:  295 09:13:23    -2397.361026        0.217665
MDMin:  296 09:13:24    -2397.361029        0.214612
MDMin:  297 09:13:26    -2397.361033        0.211427
MDMin:  298 09:13:27    -2397.361038        0.208289
MDMin:  299 09:13:29    -2397.361042        0.205397
MDMin:  300 09:13:30    -2397.361046        0.202961
MDMin:  301 09:13:32    -2397.361050        0.201197
MDMin:  302 09:13:33    -2397.361055        0.200309
MDMin:  303 09:13:35    -2397.361059        0.200485
MDMin:  304 09:13:36    -2397.361064        0.201881
MDMin:  305 09:13:38    -2397.361069        0.204617
MDMin:  306 09:13:39    -2397.361073        0.208774
MDMin:  307 09:13:40    -2397.361078        0.214388
MDMin:  308 09:13:42    -2397.361082        0.221459
MDMin:  309 09:13:43    -2397.361086        0.229947
MDMin:  310 09:13:44    -2397.361090        0.239768
MDMin:  311 09:13:46    -2397.361094        0.250702
MDMin:  312 09:13:48    -2397.361098        0.261724
MDMin:  313 09:13:49    -2397.361100        0.269369
MDMin:  314 09:13:51    -2397.361101        0.272899
MDMin:  315 09:13:52    -2397.361102        0.276604
MDMin:  316 09:13:54    -2397.361103        0.280484
MDMin:  317 09:13:55    -2397.361104        0.284538
MDMin:  318 09:13:56    -2397.361105        0.288763
MDMin:  319 09:13:58    -2397.361107        0.293156
MDMin:  320 09:13:59    -2397.361108        0.297713
MDMin:  321 09:14:00    -2397.361109        0.302426
MDMin:  322 09:14:02    -2397.361110        0.307289
MDMin:  323 09:14:03    -2397.361111        0.312289
MDMin:  324 09:14:04    -2397.361112        0.317415
MDMin:  325 09:14:06    -2397.361113        0.322650
MDMin:  326 09:14:08    -2397.361114        0.327977
MDMin:  327 09:14:10    -2397.361115        0.333372
MDMin:  328 09:14:12    -2397.361117        0.338810
MDMin:  329 09:14:13    -2397.361118        0.344259
MDMin:  330 09:14:15    -2397.361119        0.349684
MDMin:  331 09:14:17    -2397.361120        0.355042
MDMin:  332 09:14:19    -2397.361121        0.360284
MDMin:  333 09:14:21    -2397.361122        0.365354
MDMin:  334 09:14:23    -2397.361123        0.370189
MDMin:  335 09:14:25    -2397.361124        0.374714
MDMin:  336 09:14:27    -2397.361126        0.378847
MDMin:  337 09:14:29    -2397.361127        0.382494
MDMin:  338 09:14:31    -2397.361128        0.385549
MDMin:  339 09:14:33    -2397.361129        0.387893
MDMin:  340 09:14:35    -2397.361130        0.389395
MDMin:  341 09:14:37    -2397.361131        0.389910
MDMin:  342 09:14:39    -2397.361132        0.389279
MDMin:  343 09:14:41    -2397.361133        0.387329
MDMin:  344 09:14:43    -2397.361134        0.383877
MDMin:  345 09:14:45    -2397.361136        0.378729
MDMin:  346 09:14:47    -2397.361137        0.371689
MDMin:  347 09:14:49    -2397.361138        0.362559
MDMin:  348 09:14:50    -2397.361139        0.351155
MDMin:  349 09:14:51    -2397.361140        0.348980
MDMin:  350 09:14:53    -2397.361141        0.368588
MDMin:  351 09:14:54    -2397.361142        0.387306
MDMin:  352 09:14:56    -2397.361144        0.404522
MDMin:  353 09:14:57    -2397.361145        0.419505
MDMin:  354 09:14:58    -2397.361146        0.431405
MDMin:  355 09:15:00    -2397.361147        0.439283
MDMin:  356 09:15:01    -2397.361148        0.442154
MDMin:  357 09:15:02    -2397.361150        0.439069
MDMin:  358 09:15:04    -2397.361151        0.429230
MDMin:  359 09:15:05    -2397.361152        0.412149
MDMin:  360 09:15:07    -2397.361154        0.387823
MDMin:  361 09:15:08    -2397.361155        0.356917
MDMin:  362 09:15:10    -2397.361157        0.320891
MDMin:  363 09:15:12    -2397.361159        0.281991
MDMin:  364 09:15:14    -2397.361161        0.243001
MDMin:  365 09:15:16    -2397.361163        0.206665
MDMin:  366 09:15:18    -2397.361165        0.174909
MDMin:  367 09:15:20    -2397.361168        0.163693
MDMin:  368 09:15:22    -2397.361170        0.155490
MDMin:  369 09:15:24    -2397.361173        0.146438
MDMin:  370 09:15:26    -2397.361176        0.137023
MDMin:  371 09:15:28    -2397.361179        0.127621
MDMin:  372 09:15:30    -2397.361182        0.118501
MDMin:  373 09:15:31    -2397.361186        0.109845
MDMin:  374 09:15:32    -2397.361189        0.101760
MDMin:  375 09:15:34    -2397.361193        0.094287
MDMin:  376 09:15:36    -2397.361197        0.087423
MDMin:  377 09:15:38    -2397.361201        0.081827
MDMin:  378 09:15:39    -2397.361204        0.078395
MDMin:  379 09:15:41    -2397.361209        0.074923
MDMin:  380 09:15:42    -2397.361213        0.071460
MDMin:  381 09:15:43    -2397.361217        0.068044
MDMin:  382 09:15:45    -2397.361221        0.064708
MDMin:  383 09:15:46    -2397.361225        0.108591
MDMin:  384 09:15:47    -2397.361226        0.067315
MDMin:  385 09:15:49    -2397.361226        0.064561
MDMin:  386 09:15:50    -2397.361226        0.060948
MDMin:  387 09:15:51    -2397.361226        0.060899
MDMin:  388 09:15:53    -2397.361227        0.060837
MDMin:  389 09:15:54    -2397.361227        0.060761
MDMin:  390 09:15:56    -2397.361227        0.060671
MDMin:  391 09:15:57    -2397.361227        0.060567
MDMin:  392 09:15:59    -2397.361227        0.060448
MDMin:  393 09:16:01    -2397.361227        0.060317
MDMin:  394 09:16:03    -2397.361227        0.060173
MDMin:  395 09:16:05    -2397.361228        0.060017
MDMin:  396 09:16:07    -2397.361228        0.059849
MDMin:  397 09:16:08    -2397.361228        0.059669
MDMin:  398 09:16:10    -2397.361229        0.059478
MDMin:  399 09:16:11    -2397.361229        0.059276
MDMin:  400 09:16:12    -2397.361229        0.059062
MDMin:  401 09:16:14    -2397.361229        0.058838
MDMin:  402 09:16:16    -2397.361230        0.058602
MDMin:  403 09:16:17    -2397.361230        0.058355
MDMin:  404 09:16:18    -2397.361231        0.058098
MDMin:  405 09:16:20    -2397.361231        0.057830
MDMin:  406 09:16:21    -2397.361231        0.057552
MDMin:  407 09:16:22    -2397.361232        0.057263
MDMin:  408 09:16:24    -2397.361232        0.056965
MDMin:  409 09:16:25    -2397.361233        0.056656
MDMin:  410 09:16:27    -2397.361233        0.056338
MDMin:  411 09:16:28    -2397.361234        0.056010
MDMin:  412 09:16:29    -2397.361234        0.055673
MDMin:  413 09:16:30    -2397.361235        0.055326
MDMin:  414 09:16:32    -2397.361235        0.054971
MDMin:  415 09:16:34    -2397.361236        0.054607
MDMin:  416 09:16:36    -2397.361237        0.054234
MDMin:  417 09:16:38    -2397.361237        0.053852
MDMin:  418 09:16:40    -2397.361238        0.053463
MDMin:  419 09:16:42    -2397.361238        0.053066
MDMin:  420 09:16:44    -2397.361239        0.052661
MDMin:  421 09:16:46    -2397.361240        0.052248
MDMin:  422 09:16:48    -2397.361241        0.051829
MDMin:  423 09:16:50    -2397.361241        0.051402
MDMin:  424 09:16:52    -2397.361242        0.050969
MDMin:  425 09:16:54    -2397.361243        0.050529
MDMin:  426 09:16:56    -2397.361243        0.050083
MDMin:  427 09:16:58    -2397.361244        0.049631
