       Step     Time          Energy          fmax
MDMin:    0 08:56:35    -2393.743808        7.426607
MDMin:    1 08:56:37    -2393.745138        7.347650
MDMin:    2 08:56:38    -2393.749188        6.798438
MDMin:    3 08:56:40    -2393.756260        6.852097
MDMin:    4 08:56:41    -2393.767155        5.927569
MDMin:    5 08:56:43    -2393.784090        3.496499
MDMin:    6 08:56:45    -2393.811393        4.094027
MDMin:    7 08:56:46    -2393.850923        3.668380
MDMin:    8 08:56:47    -2393.910265        1.670329
MDMin:    9 08:56:49    -2393.953937        1.897589
MDMin:   10 08:56:50    -2393.987438        3.277426
MDMin:   11 08:56:52    -2394.027695        5.863526
MDMin:   12 08:56:54    -2394.066538        5.701793
MDMin:   13 08:56:56    -2394.098905        3.302540
MDMin:   14 08:56:57    -2394.151869        1.847322
MDMin:   15 08:56:58    -2394.220129        1.432795
MDMin:   16 08:57:00    -2394.318436        1.394146
MDMin:   17 08:57:02    -2394.458028        1.559133
MDMin:   18 08:57:03    -2394.644848        1.705516
MDMin:   19 08:57:05    -2394.874482        1.813529
MDMin:   20 08:57:07    -2395.103212        2.240526
MDMin:   21 08:57:08    -2395.348052        2.334368
MDMin:   22 08:57:10    -2395.605041        1.982871
MDMin:   23 08:57:11    -2395.739398        1.750761
MDMin:   24 08:57:13    -2395.882386        1.634946
MDMin:   25 08:57:15    -2396.010698        1.712946
MDMin:   26 08:57:16    -2396.106436        1.783121
MDMin:   27 08:57:17    -2396.186291        1.849924
MDMin:   28 08:57:19    -2396.270375        1.916293
MDMin:   29 08:57:21    -2396.365738        1.958350
MDMin:   30 08:57:23    -2396.471477        1.914512
MDMin:   31 08:57:24    -2396.578891        1.715775
MDMin:   32 08:57:26    -2396.673593        1.383987
MDMin:   33 08:57:28    -2396.734894        1.131133
MDMin:   34 08:57:29    -2396.781801        0.912952
MDMin:   35 08:57:30    -2396.817876        1.111370
MDMin:   36 08:57:32    -2396.834937        0.923982
MDMin:   37 08:57:33    -2396.843573        0.947567
MDMin:   38 08:57:35    -2396.853590        0.977834
MDMin:   39 08:57:36    -2396.864756        1.014859
MDMin:   40 08:57:37    -2396.876915        1.057491
MDMin:   41 08:57:38    -2396.889919        1.101348
MDMin:   42 08:57:40    -2396.903642        1.136497
MDMin:   43 08:57:41    -2396.918005        1.146797
MDMin:   44 08:57:42    -2396.932996        1.115437
MDMin:   45 08:57:43    -2396.948647        1.037288
MDMin:   46 08:57:45    -2396.964960        0.987823
MDMin:   47 08:57:46    -2396.981803        1.053678
MDMin:   48 08:57:47    -2396.998867        1.143609
MDMin:   49 08:57:49    -2397.015711        1.239934
MDMin:   50 08:57:50    -2397.031997        1.272137
MDMin:   51 08:57:52    -2397.047835        1.160469
MDMin:   52 08:57:54    -2397.063523        0.943082
MDMin:   53 08:57:55    -2397.078070        0.964524
MDMin:   54 08:57:57    -2397.085239        1.210570
MDMin:   55 08:57:59    -2397.086133        0.814717
MDMin:   56 08:58:00    -2397.087716        0.622594
MDMin:   57 08:58:02    -2397.090015        0.621670
MDMin:   58 08:58:04    -2397.092873        0.622346
MDMin:   59 08:58:06    -2397.096233        0.623348
MDMin:   60 08:58:08    -2397.100076        0.624895
MDMin:   61 08:58:10    -2397.104384        0.627336
MDMin:   62 08:58:12    -2397.109138        0.631202
MDMin:   63 08:58:14    -2397.114321        0.637265
MDMin:   64 08:58:16    -2397.119919        0.646613
MDMin:   65 08:58:18    -2397.125921        0.660742
MDMin:   66 08:58:19    -2397.132315        0.681680
MDMin:   67 08:58:21    -2397.139088        0.712152
MDMin:   68 08:58:23    -2397.146212        0.755714
MDMin:   69 08:58:25    -2397.153636        0.816608
MDMin:   70 08:58:27    -2397.161275        0.898450
MDMin:   71 08:58:29    -2397.169015        0.999743
MDMin:   72 08:58:31    -2397.176747        1.104565
MDMin:   73 08:58:32    -2397.184430        1.173981
MDMin:   74 08:58:34    -2397.192142        1.163110
MDMin:   75 08:58:36    -2397.200000        1.067531
MDMin:   76 08:58:37    -2397.207968        0.930049
MDMin:   77 08:58:38    -2397.215486        0.799286
MDMin:   78 08:58:39    -2397.220232        0.993637
MDMin:   79 08:58:41    -2397.221502        0.706915
MDMin:   80 08:58:42    -2397.223302        0.684816
MDMin:   81 08:58:44    -2397.225404        0.687250
MDMin:   82 08:58:45    -2397.227789        0.690965
MDMin:   83 08:58:47    -2397.230437        0.696703
MDMin:   84 08:58:48    -2397.233325        0.705584
MDMin:   85 08:58:50    -2397.236426        0.719257
MDMin:   86 08:58:52    -2397.239709        0.740084
MDMin:   87 08:58:53    -2397.243139        0.771222
MDMin:   88 08:58:55    -2397.246675        0.816533
MDMin:   89 08:58:57    -2397.250270        0.879910
MDMin:   90 08:58:59    -2397.253876        0.963471
MDMin:   91 08:59:01    -2397.255670        1.064098
MDMin:   92 08:59:03    -2397.258569        1.166728
MDMin:   93 08:59:05    -2397.261738        1.243927
MDMin:   94 08:59:06    -2397.263371        1.260292
MDMin:   95 08:59:08    -2397.267001        1.197132
MDMin:   96 08:59:09    -2397.268002        1.105914
MDMin:   97 08:59:11    -2397.271946        1.178612
MDMin:   98 08:59:13    -2397.273595        1.193718
MDMin:   99 08:59:14    -2397.277228        1.109529
MDMin:  100 08:59:15    -2397.279020        0.932911
MDMin:  101 08:59:16    -2397.282853        0.758246
MDMin:  102 08:59:18    -2397.284135        0.700798
MDMin:  103 08:59:19    -2397.284962        0.692819
MDMin:  104 08:59:20    -2397.285877        0.681204
MDMin:  105 08:59:22    -2397.286157        0.667020
MDMin:  106 08:59:23    -2397.287566        0.649991
MDMin:  107 08:59:24    -2397.287739        0.630138
MDMin:  108 08:59:25    -2397.289600        0.607105
MDMin:  109 08:59:27    -2397.290457        0.582129
MDMin:  110 08:59:28    -2397.291572        0.586937
MDMin:  111 08:59:29    -2397.293252        0.592581
MDMin:  112 08:59:31    -2397.293788        0.598129
MDMin:  113 08:59:32    -2397.296217        0.602337
MDMin:  114 08:59:34    -2397.297365        0.603377
MDMin:  115 08:59:36    -2397.298493        0.599128
MDMin:  116 08:59:38    -2397.300899        0.587964
MDMin:  117 08:59:39    -2397.300900        0.569708
MDMin:  118 08:59:41    -2397.303487        0.544894
MDMin:  119 08:59:43    -2397.305701        0.514817
MDMin:  120 08:59:45    -2397.305693        0.483782
MDMin:  121 08:59:47    -2397.308201        0.453310
MDMin:  122 08:59:49    -2397.310604        0.424244
MDMin:  123 08:59:50    -2397.312181        0.421568
MDMin:  124 08:59:52    -2397.312366        0.516514
MDMin:  125 08:59:54    -2397.313191        0.419641
MDMin:  126 08:59:56    -2397.313767        0.419127
MDMin:  127 08:59:57    -2397.314418        0.418605
MDMin:  128 08:59:59    -2397.315142        0.418101
MDMin:  129 09:00:00    -2397.315931        0.417651
MDMin:  130 09:00:02    -2397.316780        0.417290
MDMin:  131 09:00:03    -2397.317679        0.417059
MDMin:  132 09:00:05    -2397.318621        0.416999
MDMin:  133 09:00:06    -2397.319413        0.417154
MDMin:  134 09:00:07    -2397.319151        0.417508
MDMin:  135 09:00:09    -2397.320171        0.418108
MDMin:  136 09:00:10    -2397.321207        0.418995
MDMin:  137 09:00:11    -2397.322255        0.420183
MDMin:  138 09:00:13    -2397.323306        0.421669
MDMin:  139 09:00:14    -2397.324354        0.423416
MDMin:  140 09:00:15    -2397.325378        0.425310
MDMin:  141 09:00:16    -2397.326310        0.427041
MDMin:  142 09:00:18    -2397.326854        0.439817
MDMin:  143 09:00:19    -2397.327033        0.428059
MDMin:  144 09:00:20    -2397.327271        0.428323
MDMin:  145 09:00:21    -2397.327545        0.428602
MDMin:  146 09:00:23    -2397.327854        0.428867
MDMin:  147 09:00:24    -2397.328194        0.429073
MDMin:  148 09:00:26    -2397.328564        0.429151
MDMin:  149 09:00:28    -2397.328960        0.429009
MDMin:  150 09:00:29    -2397.329380        0.428515
MDMin:  151 09:00:30    -2397.329822        0.427499
MDMin:  152 09:00:31    -2397.330283        0.425743
MDMin:  153 09:00:33    -2397.330760        0.422977
MDMin:  154 09:00:35    -2397.331252        0.418884
MDMin:  155 09:00:36    -2397.331758        0.413111
MDMin:  156 09:00:37    -2397.332276        0.405290
MDMin:  157 09:00:38    -2397.332804        0.395078
MDMin:  158 09:00:40    -2397.333343        0.382198
MDMin:  159 09:00:41    -2397.333886        0.366654
MDMin:  160 09:00:43    -2397.334384        0.424013
MDMin:  161 09:00:44    -2397.334629        0.391485
MDMin:  162 09:00:45    -2397.334713        0.338477
MDMin:  163 09:00:46    -2397.334828        0.334212
MDMin:  164 09:00:48    -2397.334965        0.329007
MDMin:  165 09:00:50    -2397.335125        0.322841
MDMin:  166 09:00:52    -2397.335305        0.315679
MDMin:  167 09:00:54    -2397.335507        0.307494
MDMin:  168 09:00:56    -2397.335729        0.298272
MDMin:  169 09:00:58    -2397.335971        0.288014
MDMin:  170 09:01:00    -2397.336233        0.276741
MDMin:  171 09:01:01    -2397.336514        0.282131
MDMin:  172 09:01:03    -2397.336813        0.290471
MDMin:  173 09:01:05    -2397.337130        0.299966
MDMin:  174 09:01:06    -2397.337464        0.310710
MDMin:  175 09:01:08    -2397.337815        0.322751
MDMin:  176 09:01:10    -2397.338181        0.336045
MDMin:  177 09:01:12    -2397.338561        0.350366
MDMin:  178 09:01:14    -2397.338956        0.365181
MDMin:  179 09:01:16    -2397.339363        0.379469
MDMin:  180 09:01:18    -2397.339776        0.391511
MDMin:  181 09:01:20    -2397.340154        0.407305
MDMin:  182 09:01:21    -2397.340336        0.400370
MDMin:  183 09:01:23    -2397.340411        0.400644
MDMin:  184 09:01:24    -2397.340511        0.400676
MDMin:  185 09:01:26    -2397.340630        0.400209
MDMin:  186 09:01:28    -2397.340766        0.398978
MDMin:  187 09:01:30    -2397.340920        0.396694
MDMin:  188 09:01:32    -2397.341092        0.393045
MDMin:  189 09:01:33    -2397.341281        0.387733
MDMin:  190 09:01:35    -2397.341489        0.380510
MDMin:  191 09:01:37    -2397.341714        0.371219
MDMin:  192 09:01:39    -2397.341957        0.359831
MDMin:  193 09:01:41    -2397.342218        0.346466
MDMin:  194 09:01:43    -2397.342496        0.331380
MDMin:  195 09:01:45    -2397.342792        0.314933
MDMin:  196 09:01:47    -2397.343106        0.297528
MDMin:  197 09:01:49    -2397.343436        0.279561
MDMin:  198 09:01:51    -2397.343784        0.261393
MDMin:  199 09:01:52    -2397.344147        0.243349
MDMin:  200 09:01:54    -2397.344523        0.225884
MDMin:  201 09:01:56    -2397.344868        0.459206
MDMin:  202 09:01:58    -2397.344992        0.266059
MDMin:  203 09:02:00    -2397.345046        0.218871
MDMin:  204 09:02:01    -2397.345119        0.218563
MDMin:  205 09:02:02    -2397.345207        0.218214
MDMin:  206 09:02:04    -2397.345309        0.217839
MDMin:  207 09:02:05    -2397.345426        0.217455
MDMin:  208 09:02:07    -2397.345557        0.217084
MDMin:  209 09:02:09    -2397.345702        0.216753
MDMin:  210 09:02:11    -2397.345860        0.216495
MDMin:  211 09:02:13    -2397.346033        0.216348
MDMin:  212 09:02:15    -2397.346218        0.216357
MDMin:  213 09:02:17    -2397.346416        0.216572
MDMin:  214 09:02:19    -2397.346627        0.217046
MDMin:  215 09:02:20    -2397.346849        0.217838
MDMin:  216 09:02:22    -2397.347083        0.219003
MDMin:  217 09:02:23    -2397.347327        0.220594
MDMin:  218 09:02:25    -2397.347582        0.222654
MDMin:  219 09:02:26    -2397.347846        0.225211
MDMin:  220 09:02:28    -2397.348117        0.228264
MDMin:  221 09:02:30    -2397.348392        0.231719
MDMin:  222 09:02:32    -2397.348625        0.366267
MDMin:  223 09:02:33    -2397.348709        0.235948
MDMin:  224 09:02:35    -2397.348778        0.236870
MDMin:  225 09:02:37    -2397.348859        0.237959
MDMin:  226 09:02:38    -2397.348950        0.239222
MDMin:  227 09:02:40    -2397.349052        0.240660
MDMin:  228 09:02:41    -2397.349165        0.242266
MDMin:  229 09:02:42    -2397.349288        0.244028
MDMin:  230 09:02:44    -2397.349421        0.245926
MDMin:  231 09:02:46    -2397.349564        0.247930
MDMin:  232 09:02:48    -2397.349717        0.249998
MDMin:  233 09:02:50    -2397.349878        0.252075
MDMin:  234 09:02:52    -2397.350049        0.254091
MDMin:  235 09:02:54    -2397.350228        0.255958
MDMin:  236 09:02:56    -2397.350416        0.257571
MDMin:  237 09:02:58    -2397.350611        0.258805
MDMin:  238 09:03:00    -2397.350812        0.259515
MDMin:  239 09:03:01    -2397.351008        0.259558
MDMin:  240 09:03:02    -2397.351146        0.283667
MDMin:  241 09:03:03    -2397.351194        0.258775
MDMin:  242 09:03:05    -2397.351255        0.258342
MDMin:  243 09:03:06    -2397.351326        0.257768
MDMin:  244 09:03:08    -2397.351406        0.257013
MDMin:  245 09:03:10    -2397.351495        0.256035
MDMin:  246 09:03:12    -2397.351593        0.254782
MDMin:  247 09:03:13    -2397.351700        0.253197
MDMin:  248 09:03:15    -2397.351815        0.251217
MDMin:  249 09:03:16    -2397.351940        0.248776
MDMin:  250 09:03:18    -2397.352073        0.245801
MDMin:  251 09:03:19    -2397.352214        0.242222
MDMin:  252 09:03:21    -2397.352364        0.237969
MDMin:  253 09:03:22    -2397.352522        0.232978
MDMin:  254 09:03:24    -2397.352688        0.227199
MDMin:  255 09:03:25    -2397.352860        0.220631
MDMin:  256 09:03:26    -2397.353032        0.213563
MDMin:  257 09:03:28    -2397.353160        0.270522
MDMin:  258 09:03:29    -2397.353203        0.205944
MDMin:  259 09:03:30    -2397.353256        0.203478
MDMin:  260 09:03:32    -2397.353317        0.200605
MDMin:  261 09:03:33    -2397.353386        0.197312
MDMin:  262 09:03:35    -2397.353463        0.193589
MDMin:  263 09:03:37    -2397.353548        0.189427
MDMin:  264 09:03:39    -2397.353641        0.184818
MDMin:  265 09:03:41    -2397.353742        0.179760
MDMin:  266 09:03:43    -2397.353850        0.174254
MDMin:  267 09:03:44    -2397.353966        0.168308
MDMin:  268 09:03:46    -2397.354089        0.161938
MDMin:  269 09:03:47    -2397.354220        0.155171
MDMin:  270 09:03:49    -2397.354357        0.155519
MDMin:  271 09:03:50    -2397.354501        0.158393
MDMin:  272 09:03:52    -2397.354649        0.161878
MDMin:  273 09:03:54    -2397.354791        0.183029
MDMin:  274 09:03:55    -2397.354883        0.221415
MDMin:  275 09:03:57    -2397.354918        0.169672
MDMin:  276 09:03:58    -2397.354962        0.171152
MDMin:  277 09:03:59    -2397.355013        0.172964
MDMin:  278 09:04:01    -2397.355071        0.175154
MDMin:  279 09:04:03    -2397.355136        0.177772
MDMin:  280 09:04:04    -2397.355207        0.180873
MDMin:  281 09:04:06    -2397.355285        0.184519
MDMin:  282 09:04:08    -2397.355369        0.188777
MDMin:  283 09:04:09    -2397.355459        0.193716
MDMin:  284 09:04:11    -2397.355555        0.199401
MDMin:  285 09:04:12    -2397.355656        0.205892
MDMin:  286 09:04:14    -2397.355763        0.213230
MDMin:  287 09:04:15    -2397.355875        0.221432
MDMin:  288 09:04:16    -2397.355992        0.230469
MDMin:  289 09:04:18    -2397.356113        0.240257
MDMin:  290 09:04:19    -2397.356239        0.250617
MDMin:  291 09:04:20    -2397.356366        0.261154
MDMin:  292 09:04:22    -2397.356484        0.270646
MDMin:  293 09:04:23    -2397.356557        0.276156
MDMin:  294 09:04:24    -2397.356591        0.278664
MDMin:  295 09:04:26    -2397.356633        0.281585
MDMin:  296 09:04:27    -2397.356680        0.284843
MDMin:  297 09:04:28    -2397.356734        0.288367
MDMin:  298 09:04:30    -2397.356793        0.292067
MDMin:  299 09:04:31    -2397.356859        0.295825
MDMin:  300 09:04:33    -2397.356930        0.299491
MDMin:  301 09:04:34    -2397.357007        0.302882
MDMin:  302 09:04:35    -2397.357090        0.305775
MDMin:  303 09:04:37    -2397.357179        0.307898
MDMin:  304 09:04:38    -2397.357274        0.308929
MDMin:  305 09:04:39    -2397.357374        0.308489
MDMin:  306 09:04:40    -2397.357480        0.306136
MDMin:  307 09:04:42    -2397.357592        0.301376
MDMin:  308 09:04:43    -2397.357710        0.293682
MDMin:  309 09:04:44    -2397.357834        0.282551
MDMin:  310 09:04:47    -2397.357963        0.267716
MDMin:  311 09:04:49    -2397.358088        0.250448
MDMin:  312 09:04:50    -2397.358161        0.277865
MDMin:  313 09:04:52    -2397.358182        0.236021
MDMin:  314 09:04:53    -2397.358211        0.231261
MDMin:  315 09:04:54    -2397.358247        0.225405
MDMin:  316 09:04:56    -2397.358289        0.218461
MDMin:  317 09:04:58    -2397.358337        0.210395
MDMin:  318 09:04:59    -2397.358390        0.201191
MDMin:  319 09:05:01    -2397.358450        0.190861
MDMin:  320 09:05:03    -2397.358516        0.179457
MDMin:  321 09:05:05    -2397.358587        0.168945
MDMin:  322 09:05:07    -2397.358665        0.167453
MDMin:  323 09:05:09    -2397.358749        0.165605
MDMin:  324 09:05:11    -2397.358840        0.163382
MDMin:  325 09:05:13    -2397.358937        0.160778
MDMin:  326 09:05:14    -2397.359041        0.157808
MDMin:  327 09:05:16    -2397.359151        0.154503
MDMin:  328 09:05:17    -2397.359268        0.150914
MDMin:  329 09:05:19    -2397.359391        0.147115
