       Step     Time          Energy          fmax
MDMin:    0 14:46:28    -2397.719093        0.148172
MDMin:    1 14:46:30    -2397.719091        0.148157
MDMin:    2 14:46:31    -2397.719087        0.148112
MDMin:    3 14:46:33    -2397.719080        0.148036
MDMin:    4 14:46:35    -2397.719070        0.147930
MDMin:    5 14:46:37    -2397.719057        0.147793
MDMin:    6 14:46:39    -2397.719041        0.147626
MDMin:    7 14:46:41    -2397.719022        0.147428
MDMin:    8 14:46:43    -2397.719001        0.147200
MDMin:    9 14:46:45    -2397.718977        0.146941
MDMin:   10 14:46:46    -2397.718950        0.146651
MDMin:   11 14:46:48    -2397.718921        0.146329
MDMin:   12 14:46:50    -2397.718889        0.145977
MDMin:   13 14:46:52    -2397.718854        0.145592
MDMin:   14 14:46:54    -2397.718817        0.145176
MDMin:   15 14:46:55    -2397.718777        0.144728
MDMin:   16 14:46:56    -2397.718735        0.144246
MDMin:   17 14:46:58    -2397.718691        0.143732
MDMin:   18 14:46:59    -2397.718644        0.143184
MDMin:   19 14:47:01    -2397.718596        0.142602
MDMin:   20 14:47:03    -2397.718545        0.141985
MDMin:   21 14:47:05    -2397.718492        0.141333
MDMin:   22 14:47:07    -2397.718437        0.140645
MDMin:   23 14:47:09    -2397.718380        0.139986
MDMin:   24 14:47:11    -2397.718321        0.139643
MDMin:   25 14:47:12    -2397.718261        0.139287
MDMin:   26 14:47:13    -2397.718199        0.138918
MDMin:   27 14:47:15    -2397.718136        0.138535
MDMin:   28 14:47:17    -2397.718071        0.138138
MDMin:   29 14:47:19    -2397.718005        0.137729
MDMin:   30 14:47:21    -2397.717937        0.137306
MDMin:   31 14:47:23    -2397.717869        0.136871
MDMin:   32 14:47:25    -2397.717799        0.136424
MDMin:   33 14:47:27    -2397.717729        0.135965
MDMin:   34 14:47:28    -2397.717657        0.135494
MDMin:   35 14:47:29    -2397.717585        0.135012
MDMin:   36 14:47:31    -2397.717512        0.134519
MDMin:   37 14:47:33    -2397.717438        0.134016
MDMin:   38 14:47:34    -2397.717364        0.133503
MDMin:   39 14:47:36    -2397.717290        0.132982
MDMin:   40 14:47:38    -2397.717215        0.132452
MDMin:   41 14:47:40    -2397.717140        0.131916
MDMin:   42 14:47:42    -2397.717065        0.131373
MDMin:   43 14:47:43    -2397.716990        0.130825
MDMin:   44 14:47:45    -2397.716915        0.130462
MDMin:   45 14:47:47    -2397.716840        0.130358
MDMin:   46 14:47:48    -2397.716765        0.130192
MDMin:   47 14:47:50    -2397.716690        0.129957
MDMin:   48 14:47:52    -2397.716616        0.129650
MDMin:   49 14:47:53    -2397.716542        0.129266
MDMin:   50 14:47:55    -2397.716469        0.128799
MDMin:   51 14:47:57    -2397.716396        0.128245
MDMin:   52 14:47:59    -2397.716324        0.127599
MDMin:   53 14:48:01    -2397.716252        0.126856
MDMin:   54 14:48:03    -2397.716181        0.126014
MDMin:   55 14:48:04    -2397.716111        0.125067
MDMin:   56 14:48:06    -2397.716041        0.124012
MDMin:   57 14:48:07    -2397.715973        0.123592
MDMin:   58 14:48:08    -2397.715905        0.123217
MDMin:   59 14:48:10    -2397.715839        0.122882
MDMin:   60 14:48:12    -2397.715773        0.122594
MDMin:   61 14:48:14    -2397.715709        0.122360
MDMin:   62 14:48:15    -2397.715646        0.122187
MDMin:   63 14:48:17    -2397.715584        0.122084
MDMin:   64 14:48:18    -2397.715523        0.122060
MDMin:   65 14:48:20    -2397.715463        0.122125
MDMin:   66 14:48:22    -2397.715405        0.122291
MDMin:   67 14:48:24    -2397.715348        0.122571
MDMin:   68 14:48:25    -2397.715292        0.122978
MDMin:   69 14:48:27    -2397.715238        0.123528
MDMin:   70 14:48:29    -2397.715185        0.124238
MDMin:   71 14:48:31    -2397.715134        0.125126
MDMin:   72 14:48:33    -2397.715084        0.126214
MDMin:   73 14:48:34    -2397.715036        0.127522
MDMin:   74 14:48:36    -2397.714990        0.129076
MDMin:   75 14:48:37    -2397.714945        0.130899
MDMin:   76 14:48:39    -2397.714902        0.133020
MDMin:   77 14:48:41    -2397.714861        0.135467
MDMin:   78 14:48:42    -2397.714821        0.138269
MDMin:   79 14:48:43    -2397.714783        0.141455
MDMin:   80 14:48:45    -2397.714747        0.145055
MDMin:   81 14:48:46    -2397.714713        0.149098
MDMin:   82 14:48:47    -2397.714680        0.153612
MDMin:   83 14:48:48    -2397.714649        0.158622
MDMin:   84 14:48:50    -2397.714620        0.164155
MDMin:   85 14:48:52    -2397.714593        0.170233
MDMin:   86 14:48:53    -2397.714567        0.176869
MDMin:   87 14:48:54    -2397.714543        0.184069
MDMin:   88 14:48:55    -2397.714521        0.191829
MDMin:   89 14:48:57    -2397.714499        0.200134
MDMin:   90 14:48:58    -2397.714480        0.208956
MDMin:   91 14:48:59    -2397.714461        0.218247
MDMin:   92 14:49:01    -2397.714444        0.227944
MDMin:   93 14:49:03    -2397.714428        0.237949
MDMin:   94 14:49:04    -2397.714413        0.248135
MDMin:   95 14:49:05    -2397.714400        0.258316
MDMin:   96 14:49:07    -2397.714387        0.268259
MDMin:   97 14:49:08    -2397.714376        0.277666
MDMin:   98 14:49:09    -2397.714366        0.286279
MDMin:   99 14:49:10    -2397.714357        0.293951
MDMin:  100 14:49:12    -2397.714349        0.300734
MDMin:  101 14:49:13    -2397.714341        0.306750
MDMin:  102 14:49:15    -2397.714334        0.312078
MDMin:  103 14:49:17    -2397.714328        0.316716
MDMin:  104 14:49:19    -2397.714321        0.320617
MDMin:  105 14:49:20    -2397.714315        0.323706
MDMin:  106 14:49:22    -2397.714309        0.325902
MDMin:  107 14:49:24    -2397.714304        0.327125
MDMin:  108 14:49:26    -2397.714298        0.327304
MDMin:  109 14:49:27    -2397.714293        0.326383
MDMin:  110 14:49:28    -2397.714288        0.324323
MDMin:  111 14:49:30    -2397.714283        0.321104
MDMin:  112 14:49:32    -2397.714278        0.316730
MDMin:  113 14:49:33    -2397.714273        0.311231
MDMin:  114 14:49:34    -2397.714268        0.304661
MDMin:  115 14:49:36    -2397.714264        0.297098
MDMin:  116 14:49:38    -2397.714259        0.288645
MDMin:  117 14:49:40    -2397.714255        0.279423
MDMin:  118 14:49:42    -2397.714251        0.269571
MDMin:  119 14:49:43    -2397.714247        0.259237
MDMin:  120 14:49:45    -2397.714243        0.248576
MDMin:  121 14:49:46    -2397.714240        0.237739
MDMin:  122 14:49:48    -2397.714236        0.226876
MDMin:  123 14:49:49    -2397.714233        0.216120
MDMin:  124 14:49:50    -2397.714230        0.205595
MDMin:  125 14:49:52    -2397.714227        0.205306
MDMin:  126 14:49:53    -2397.714224        0.212060
MDMin:  127 14:49:54    -2397.713970        1.231804
MDMin:  128 14:49:55    -2397.713965        1.230969
MDMin:  129 14:49:57    -2397.713949        1.228464
MDMin:  130 14:49:59    -2397.713923        1.224289
MDMin:  131 14:50:00    -2397.713886        1.218441
MDMin:  132 14:50:02    -2397.713838        1.210919
MDMin:  133 14:50:03    -2397.713780        1.201723
MDMin:  134 14:50:04    -2397.713712        1.190855
MDMin:  135 14:50:06    -2397.713634        1.178318
MDMin:  136 14:50:08    -2397.713545        1.164122
MDMin:  137 14:50:09    -2397.713447        1.148284
MDMin:  138 14:50:11    -2397.713339        1.130825
MDMin:  139 14:50:13    -2397.713221        1.111776
MDMin:  140 14:50:15    -2397.713095        1.091179
MDMin:  141 14:50:16    -2397.712960        1.069082
MDMin:  142 14:50:18    -2397.712816        1.045549
MDMin:  143 14:50:20    -2397.712666        1.020649
MDMin:  144 14:50:22    -2397.712508        0.994469
MDMin:  145 14:50:24    -2397.712344        0.967101
MDMin:  146 14:50:26    -2397.712176        0.938652
MDMin:  147 14:50:27    -2397.712004        0.909239
MDMin:  148 14:50:29    -2397.711829        0.878989
MDMin:  149 14:50:31    -2397.711654        0.848036
MDMin:  150 14:50:33    -2397.711479        0.816526
MDMin:  151 14:50:34    -2397.711309        0.784608
MDMin:  152 14:50:36    -2397.711144        0.752440
MDMin:  153 14:50:38    -2397.710988        0.720180
MDMin:  154 14:50:40    -2397.710844        0.687993
MDMin:  155 14:50:42    -2397.710717        0.656039
MDMin:  156 14:50:44    -2397.710610        0.624480
MDMin:  157 14:50:46    -2397.710527        0.593473
MDMin:  158 14:50:48    -2397.710475        0.563166
MDMin:  159 14:50:49    -2397.710458        0.533701
MDMin:  160 14:50:51    -2397.710482        0.505204
MDMin:  161 14:50:53    -2397.710553        0.477787
MDMin:  162 14:50:54    -2397.710675        0.451544
MDMin:  163 14:50:56    -2397.710855        0.426554
MDMin:  164 14:50:58    -2397.711098        0.402876
MDMin:  165 14:50:59    -2397.711407        0.380547
MDMin:  166 14:51:01    -2397.711785        0.359583
MDMin:  167 14:51:02    -2397.712235        0.339984
MDMin:  168 14:51:03    -2397.712757        0.321729
MDMin:  169 14:51:05    -2397.713352        0.304787
MDMin:  170 14:51:06    -2397.714017        0.289113
MDMin:  171 14:51:07    -2397.714749        0.278431
MDMin:  172 14:51:09    -2397.715383        0.539351
MDMin:  173 14:51:11    -2397.715375        0.525489
MDMin:  174 14:51:12    -2397.715367        0.511005
MDMin:  175 14:51:14    -2397.715358        0.495930
MDMin:  176 14:51:15    -2397.715349        0.480288
MDMin:  177 14:51:16    -2397.715338        0.464106
MDMin:  178 14:51:18    -2397.715327        0.447414
MDMin:  179 14:51:20    -2397.715315        0.430247
MDMin:  180 14:51:22    -2397.715303        0.412647
MDMin:  181 14:51:24    -2397.715289        0.394665
MDMin:  182 14:51:26    -2397.715275        0.376360
MDMin:  183 14:51:28    -2397.715261        0.357798
MDMin:  184 14:51:30    -2397.715245        0.339054
MDMin:  185 14:51:31    -2397.715229        0.320205
MDMin:  186 14:51:33    -2397.715212        0.301333
MDMin:  187 14:51:35    -2397.715194        0.282523
MDMin:  188 14:51:36    -2397.715176        0.263857
MDMin:  189 14:51:38    -2397.715157        0.252650
MDMin:  190 14:51:40    -2397.715137        0.254561
MDMin:  191 14:51:42    -2397.715117        0.256255
MDMin:  192 14:51:44    -2397.715096        0.257689
MDMin:  193 14:51:45    -2397.715075        0.258820
MDMin:  194 14:51:47    -2397.715054        0.259606
MDMin:  195 14:51:49    -2397.715032        0.260011
MDMin:  196 14:51:51    -2397.715009        0.260001
MDMin:  197 14:51:52    -2397.714987        0.259551
MDMin:  198 14:51:54    -2397.714965        0.258641
MDMin:  199 14:51:55    -2397.714942        0.257262
MDMin:  200 14:51:57    -2397.714920        0.255411
MDMin:  201 14:51:59    -2397.714897        0.253097
MDMin:  202 14:52:01    -2397.714875        0.250334
MDMin:  203 14:52:02    -2397.714853        0.247146
MDMin:  204 14:52:03    -2397.714831        0.243563
MDMin:  205 14:52:05    -2397.714810        0.245107
MDMin:  206 14:52:07    -2397.714789        0.253850
MDMin:  207 14:52:09    -2397.714768        0.262585
MDMin:  208 14:52:11    -2397.714748        0.271207
MDMin:  209 14:52:13    -2397.714729        0.279599
MDMin:  210 14:52:15    -2397.714710        0.287640
MDMin:  211 14:52:16    -2397.714691        0.295200
MDMin:  212 14:52:18    -2397.714673        0.302148
MDMin:  213 14:52:20    -2397.714655        0.308351
MDMin:  214 14:52:21    -2397.714638        0.313681
MDMin:  215 14:52:22    -2397.714621        0.318015
MDMin:  216 14:52:24    -2397.714605        0.321244
MDMin:  217 14:52:26    -2397.714589        0.323274
MDMin:  218 14:52:27    -2397.714574        0.324028
MDMin:  219 14:52:30    -2397.714559        0.323456
MDMin:  220 14:52:32    -2397.714544        0.321532
MDMin:  221 14:52:34    -2397.714530        0.318261
MDMin:  222 14:52:36    -2397.714516        0.313676
MDMin:  223 14:52:38    -2397.714503        0.307842
MDMin:  224 14:52:41    -2397.714490        0.300851
MDMin:  225 14:52:43    -2397.714477        0.292819
MDMin:  226 14:52:45    -2397.714464        0.283885
MDMin:  227 14:52:47    -2397.714452        0.274203
MDMin:  228 14:52:50    -2397.714440        0.263936
MDMin:  229 14:52:52    -2397.714428        0.253249
MDMin:  230 14:52:53    -2397.714417        0.242304
MDMin:  231 14:52:55    -2397.714406        0.231253
MDMin:  232 14:52:57    -2397.714395        0.220235
MDMin:  233 14:52:59    -2397.714384        0.209366
MDMin:  234 14:53:00    -2397.714374        0.198747
MDMin:  235 14:53:01    -2397.714364        0.188456
MDMin:  236 14:53:02    -2397.714354        0.178552
MDMin:  237 14:53:04    -2397.714345        0.169075
MDMin:  238 14:53:05    -2397.714335        0.160047
MDMin:  239 14:53:06    -2397.714327        0.151479
MDMin:  240 14:53:08    -2397.714318        0.143371
MDMin:  241 14:53:11    -2397.714310        0.137335
MDMin:  242 14:53:13    -2397.714302        0.132347
MDMin:  243 14:53:15    -2397.714295        0.129079
MDMin:  244 14:53:16    -2397.714288        0.126900
MDMin:  245 14:53:18    -2397.714281        0.124796
MDMin:  246 14:53:20    -2397.714275        0.122766
MDMin:  247 14:53:22    -2397.714269        0.120808
MDMin:  248 14:53:23    -2397.714264        0.118910
MDMin:  249 14:53:25    -2397.714259        0.117065
MDMin:  250 14:53:27    -2397.714255        0.115268
MDMin:  251 14:53:29    -2397.714250        0.113497
MDMin:  252 14:53:31    -2397.714247        0.111758
MDMin:  253 14:53:32    -2397.714243        0.110022
MDMin:  254 14:53:34    -2397.714241        0.108302
MDMin:  255 14:53:35    -2397.714238        0.106617
MDMin:  256 14:53:36    -2397.714236        0.151819
MDMin:  257 14:53:38    -2397.714235        0.209161
MDMin:  258 14:53:39    -2397.714235        0.206543
MDMin:  259 14:53:41    -2397.714235        0.198807
MDMin:  260 14:53:43    -2397.714235        0.186382
MDMin:  261 14:53:44    -2397.714235        0.170041
MDMin:  262 14:53:46    -2397.714235        0.150935
MDMin:  263 14:53:47    -2397.714235        0.130603
MDMin:  264 14:53:48    -2397.714235        0.110917
MDMin:  265 14:53:49    -2397.714235        0.103774
MDMin:  266 14:53:51    -2397.714235        0.103645
MDMin:  267 14:53:53    -2397.714235        0.103508
MDMin:  268 14:53:55    -2397.714235        0.103365
MDMin:  269 14:53:56    -2397.714235        0.103216
MDMin:  270 14:53:58    -2397.714234        0.103061
MDMin:  271 14:54:00    -2397.714234        0.102900
MDMin:  272 14:54:01    -2397.714234        0.102732
MDMin:  273 14:54:03    -2397.714234        0.102556
MDMin:  274 14:54:04    -2397.714234        0.102373
MDMin:  275 14:54:05    -2397.714234        0.102181
MDMin:  276 14:54:07    -2397.714234        0.101981
MDMin:  277 14:54:09    -2397.714233        0.101773
MDMin:  278 14:54:11    -2397.714233        0.101556
MDMin:  279 14:54:13    -2397.714233        0.101332
MDMin:  280 14:54:14    -2397.714233        0.101100
MDMin:  281 14:54:16    -2397.714233        0.100861
MDMin:  282 14:54:18    -2397.714233        0.100614
MDMin:  283 14:54:20    -2397.714233        0.100359
MDMin:  284 14:54:22    -2397.714232        0.100098
MDMin:  285 14:54:24    -2397.714232        0.099829
MDMin:  286 14:54:26    -2397.714232        0.099553
MDMin:  287 14:54:27    -2397.714232        0.099271
MDMin:  288 14:54:29    -2397.714232        0.098982
MDMin:  289 14:54:31    -2397.714232        0.098687
MDMin:  290 14:54:32    -2397.714232        0.098385
MDMin:  291 14:54:34    -2397.714232        0.098078
MDMin:  292 14:54:36    -2397.714231        0.097765
MDMin:  293 14:54:38    -2397.714231        0.097446
MDMin:  294 14:54:40    -2397.714231        0.097122
MDMin:  295 14:54:42    -2397.714231        0.096793
MDMin:  296 14:54:44    -2397.714231        0.096459
MDMin:  297 14:54:46    -2397.714231        0.096121
MDMin:  298 14:54:48    -2397.714231        0.095779
MDMin:  299 14:54:50    -2397.714231        0.095434
MDMin:  300 14:54:52    -2397.714231        0.095085
MDMin:  301 14:54:53    -2397.714231        0.094734
MDMin:  302 14:54:55    -2397.714231        0.094380
MDMin:  303 14:54:57    -2397.714231        0.094025
MDMin:  304 14:54:59    -2397.714231        0.093668
MDMin:  305 14:55:01    -2397.714231        0.093312
MDMin:  306 14:55:02    -2397.714231        0.092955
MDMin:  307 14:55:03    -2397.714231        0.092600
MDMin:  308 14:55:05    -2397.714231        0.092247
MDMin:  309 14:55:07    -2397.714231        0.091898
MDMin:  310 14:55:09    -2397.714231        0.091552
MDMin:  311 14:55:11    -2397.714232        0.091212
MDMin:  312 14:55:12    -2397.714232        0.090878
MDMin:  313 14:55:14    -2397.714232        0.090553
MDMin:  314 14:55:16    -2397.714232        0.090238
MDMin:  315 14:55:18    -2397.714232        0.089933
MDMin:  316 14:55:20    -2397.714232        0.089643
MDMin:  317 14:55:21    -2397.714233        0.089368
MDMin:  318 14:55:23    -2397.714233        0.089110
MDMin:  319 14:55:24    -2397.714233        0.088873
MDMin:  320 14:55:26    -2397.714233        0.088660
MDMin:  321 14:55:28    -2397.714234        0.088472
MDMin:  322 14:55:29    -2397.714234        0.088314
MDMin:  323 14:55:31    -2397.714234        0.088189
MDMin:  324 14:55:33    -2397.714235        0.088102
MDMin:  325 14:55:35    -2397.714235        0.088057
MDMin:  326 14:55:36    -2397.714236        0.088058
MDMin:  327 14:55:38    -2397.714236        0.088111
MDMin:  328 14:55:39    -2397.714236        0.088221
MDMin:  329 14:55:40    -2397.714237        0.088397
MDMin:  330 14:55:42    -2397.714237        0.088643
MDMin:  331 14:55:44    -2397.714238        0.088970
MDMin:  332 14:55:46    -2397.714238        0.089383
MDMin:  333 14:55:48    -2397.714239        0.089894
MDMin:  334 14:55:50    -2397.714239        0.090511
MDMin:  335 14:55:52    -2397.714240        0.091246
MDMin:  336 14:55:54    -2397.714240        0.092109
MDMin:  337 14:55:56    -2397.714241        0.093114
MDMin:  338 14:55:57    -2397.714241        0.094272
MDMin:  339 14:55:59    -2397.714242        0.095598
MDMin:  340 14:56:01    -2397.714242        0.097105
MDMin:  341 14:56:03    -2397.714243        0.098807
MDMin:  342 14:56:05    -2397.714243        0.100720
MDMin:  343 14:56:07    -2397.714244        0.102856
MDMin:  344 14:56:09    -2397.714244        0.105234
MDMin:  345 14:56:11    -2397.714245        0.107860
MDMin:  346 14:56:13    -2397.714245        0.110759
MDMin:  347 14:56:15    -2397.714245        0.113920
MDMin:  348 14:56:16    -2397.714246        0.117390
MDMin:  349 14:56:18    -2397.714246        0.121094
MDMin:  350 14:56:20    -2397.714247        0.125124
MDMin:  351 14:56:22    -2397.714247        0.129107
MDMin:  352 14:56:24    -2397.714248        0.133004
MDMin:  353 14:56:26    -2397.714248        0.135952
MDMin:  354 14:56:27    -2397.714248        0.138590
MDMin:  355 14:56:29    -2397.714248        0.141099
MDMin:  356 14:56:31    -2397.714248        0.143728
MDMin:  357 14:56:34    -2397.714249        0.146460
MDMin:  358 14:56:35    -2397.714249        0.149310
MDMin:  359 14:56:36    -2397.714249        0.152277
MDMin:  360 14:56:38    -2397.714249        0.155362
MDMin:  361 14:56:40    -2397.714249        0.158566
MDMin:  362 14:56:42    -2397.714250        0.161889
MDMin:  363 14:56:44    -2397.714250        0.165329
MDMin:  364 14:56:46    -2397.714250        0.168886
MDMin:  365 14:56:48    -2397.714250        0.172558
MDMin:  366 14:56:50    -2397.714250        0.176344
MDMin:  367 14:56:52    -2397.714251        0.180241
MDMin:  368 14:56:53    -2397.714251        0.184245
MDMin:  369 14:56:55    -2397.714251        0.188352
MDMin:  370 14:56:57    -2397.714251        0.192554
MDMin:  371 14:56:59    -2397.714251        0.196843
MDMin:  372 14:57:01    -2397.714251        0.201211
MDMin:  373 14:57:03    -2397.714252        0.205646
MDMin:  374 14:57:04    -2397.714252        0.210136
MDMin:  375 14:57:06    -2397.714252        0.214668
MDMin:  376 14:57:07    -2397.714252        0.219226
MDMin:  377 14:57:09    -2397.714252        0.223791
MDMin:  378 14:57:11    -2397.714253        0.228344
MDMin:  379 14:57:13    -2397.714253        0.232858
MDMin:  380 14:57:15    -2397.714253        0.237308
MDMin:  381 14:57:16    -2397.714253        0.241669
MDMin:  382 14:57:18    -2397.714253        0.245912
MDMin:  383 14:57:20    -2397.714253        0.250007
MDMin:  384 14:57:21    -2397.714254        0.253921
MDMin:  385 14:57:23    -2397.714254        0.257619
MDMin:  386 14:57:25    -2397.714254        0.261067
MDMin:  387 14:57:27    -2397.714254        0.264226
MDMin:  388 14:57:29    -2397.714254        0.267058
MDMin:  389 14:57:31    -2397.714254        0.269525
MDMin:  390 14:57:33    -2397.714255        0.271587
MDMin:  391 14:57:35    -2397.714255        0.273205
MDMin:  392 14:57:36    -2397.714255        0.274339
MDMin:  393 14:57:38    -2397.714255        0.274954
MDMin:  394 14:57:40    -2397.714255        0.275013
MDMin:  395 14:57:42    -2397.714255        0.274485
MDMin:  396 14:57:43    -2397.714256        0.273340
MDMin:  397 14:57:45    -2397.714256        0.271555
MDMin:  398 14:57:47    -2397.714256        0.269111
MDMin:  399 14:57:49    -2397.714256        0.265995
MDMin:  400 14:57:50    -2397.714256        0.262201
MDMin:  401 14:57:51    -2397.714256        0.257732
MDMin:  402 14:57:53    -2397.714257        0.252598
MDMin:  403 14:57:55    -2397.714257        0.246819
MDMin:  404 14:57:56    -2397.714257        0.240423
MDMin:  405 14:57:58    -2397.714257        0.233448
MDMin:  406 14:58:00    -2397.714257        0.225941
MDMin:  407 14:58:02    -2397.714257        0.217957
MDMin:  408 14:58:04    -2397.714258        0.209559
MDMin:  409 14:58:05    -2397.714258        0.200814
MDMin:  410 14:58:07    -2397.714258        0.191797
MDMin:  411 14:58:09    -2397.714258        0.182583
MDMin:  412 14:58:11    -2397.714258        0.173250
MDMin:  413 14:58:12    -2397.714259        0.163875
MDMin:  414 14:58:15    -2397.714259        0.154531
MDMin:  415 14:58:17    -2397.714259        0.145288
MDMin:  416 14:58:18    -2397.714259        0.136209
MDMin:  417 14:58:20    -2397.714259        0.127352
MDMin:  418 14:58:21    -2397.714260        0.120184
MDMin:  419 14:58:22    -2397.714260        0.116772
MDMin:  420 14:58:23    -2397.714260        0.113185
MDMin:  421 14:58:25    -2397.714260        0.109420
MDMin:  422 14:58:26    -2397.714261        0.105542
MDMin:  423 14:58:27    -2397.714261        0.101458
MDMin:  424 14:58:28    -2397.714261        0.097458
MDMin:  425 14:58:30    -2397.714261        0.092852
MDMin:  426 14:58:32    -2397.714262        0.089696
MDMin:  427 14:58:34    -2397.714262        0.139390
MDMin:  428 14:58:36    -2397.714262        0.106846
MDMin:  429 14:58:38    -2397.714262        0.083468
MDMin:  430 14:58:40    -2397.714262        0.082620
MDMin:  431 14:58:41    -2397.714262        0.081894
MDMin:  432 14:58:42    -2397.714262        0.081222
MDMin:  433 14:58:44    -2397.714262        0.080563
MDMin:  434 14:58:45    -2397.714262        0.079894
MDMin:  435 14:58:47    -2397.714262        0.079208
MDMin:  436 14:58:48    -2397.714262        0.078501
MDMin:  437 14:58:50    -2397.714262        0.077770
MDMin:  438 14:58:52    -2397.714262        0.077016
MDMin:  439 14:58:54    -2397.714263        0.076240
MDMin:  440 14:58:56    -2397.714263        0.075441
MDMin:  441 14:58:58    -2397.714263        0.074619
MDMin:  442 14:59:00    -2397.714263        0.073775
MDMin:  443 14:59:02    -2397.714263        0.072909
MDMin:  444 14:59:03    -2397.714263        0.072021
MDMin:  445 14:59:04    -2397.714263        0.071112
MDMin:  446 14:59:05    -2397.714263        0.070182
MDMin:  447 14:59:07    -2397.714263        0.069232
MDMin:  448 14:59:08    -2397.714263        0.068261
MDMin:  449 14:59:10    -2397.714263        0.067270
MDMin:  450 14:59:12    -2397.714263        0.066260
MDMin:  451 14:59:13    -2397.714263        0.065230
MDMin:  452 14:59:14    -2397.714263        0.064182
MDMin:  453 14:59:16    -2397.714263        0.063115
MDMin:  454 14:59:17    -2397.714264        0.062031
MDMin:  455 14:59:18    -2397.714264        0.060929
MDMin:  456 14:59:20    -2397.714264        0.059811
MDMin:  457 14:59:21    -2397.714264        0.058676
MDMin:  458 14:59:23    -2397.714264        0.057525
MDMin:  459 14:59:24    -2397.714264        0.056359
MDMin:  460 14:59:25    -2397.714264        0.055179
MDMin:  461 14:59:26    -2397.714264        0.053984
MDMin:  462 14:59:28    -2397.714264        0.052776
MDMin:  463 14:59:30    -2397.714264        0.051556
MDMin:  464 14:59:32    -2397.714264        0.050323
MDMin:  465 14:59:34    -2397.714264        0.049079
       Step     Time          Energy          fmax
MDMin:    0 18:00:57    -2397.719093        0.148172
MDMin:    1 18:00:59    -2397.719091        0.148157
MDMin:    2 18:01:01    -2397.719087        0.148112
MDMin:    3 18:01:02    -2397.719080        0.148036
MDMin:    4 18:01:05    -2397.719070        0.147929
MDMin:    5 18:01:07    -2397.719057        0.147793
MDMin:    6 18:01:09    -2397.719041        0.147626
MDMin:    7 18:01:11    -2397.719022        0.147428
MDMin:    8 18:01:13    -2397.719001        0.147200
MDMin:    9 18:01:15    -2397.718977        0.146941
MDMin:   10 18:01:17    -2397.718950        0.146650
MDMin:   11 18:01:19    -2397.718921        0.146329
MDMin:   12 18:01:20    -2397.718889        0.145977
MDMin:   13 18:01:22    -2397.718854        0.145592
MDMin:   14 18:01:23    -2397.718817        0.145176
MDMin:   15 18:01:25    -2397.718777        0.144727
MDMin:   16 18:01:27    -2397.718735        0.144246
MDMin:   17 18:01:29    -2397.718691        0.143732
MDMin:   18 18:01:31    -2397.718644        0.143184
MDMin:   19 18:01:33    -2397.718596        0.142602
MDMin:   20 18:01:35    -2397.718545        0.141985
MDMin:   21 18:01:37    -2397.718492        0.141333
MDMin:   22 18:01:39    -2397.718437        0.140644
MDMin:   23 18:01:41    -2397.718380        0.139986
MDMin:   24 18:01:42    -2397.718321        0.139643
MDMin:   25 18:01:44    -2397.718261        0.139287
MDMin:   26 18:01:46    -2397.718199        0.138918
MDMin:   27 18:01:47    -2397.718136        0.138535
MDMin:   28 18:01:48    -2397.718071        0.138138
MDMin:   29 18:01:49    -2397.718005        0.137729
MDMin:   30 18:01:50    -2397.717937        0.137306
MDMin:   31 18:01:52    -2397.717869        0.136871
MDMin:   32 18:01:54    -2397.717799        0.136424
MDMin:   33 18:01:56    -2397.717729        0.135965
MDMin:   34 18:01:58    -2397.717657        0.135494
MDMin:   35 18:02:00    -2397.717585        0.135011
MDMin:   36 18:02:01    -2397.717512        0.134519
MDMin:   37 18:02:02    -2397.717438        0.134016
MDMin:   38 18:02:03    -2397.717364        0.133503
MDMin:   39 18:02:05    -2397.717290        0.132982
MDMin:   40 18:02:07    -2397.717215        0.132452
MDMin:   41 18:02:09    -2397.717140        0.131915
MDMin:   42 18:02:11    -2397.717065        0.131373
MDMin:   43 18:02:13    -2397.716990        0.130824
MDMin:   44 18:02:15    -2397.716915        0.130462
MDMin:   45 18:02:17    -2397.716840        0.130358
MDMin:   46 18:02:19    -2397.716765        0.130192
MDMin:   47 18:02:20    -2397.716690        0.129957
MDMin:   48 18:02:22    -2397.716616        0.129650
MDMin:   49 18:02:23    -2397.716542        0.129266
MDMin:   50 18:02:25    -2397.716469        0.128799
MDMin:   51 18:02:27    -2397.716396        0.128245
MDMin:   52 18:02:28    -2397.716324        0.127599
MDMin:   53 18:02:30    -2397.716252        0.126856
MDMin:   54 18:02:32    -2397.716181        0.126014
MDMin:   55 18:02:33    -2397.716111        0.125067
MDMin:   56 18:02:35    -2397.716041        0.124012
MDMin:   57 18:02:36    -2397.715973        0.123592
MDMin:   58 18:02:38    -2397.715905        0.123217
MDMin:   59 18:02:40    -2397.715839        0.122882
MDMin:   60 18:02:43    -2397.715773        0.122594
MDMin:   61 18:02:45    -2397.715709        0.122360
MDMin:   62 18:02:47    -2397.715646        0.122187
MDMin:   63 18:02:49    -2397.715584        0.122084
MDMin:   64 18:02:51    -2397.715523        0.122060
MDMin:   65 18:02:53    -2397.715463        0.122125
MDMin:   66 18:02:55    -2397.715405        0.122291
MDMin:   67 18:02:57    -2397.715348        0.122571
MDMin:   68 18:02:59    -2397.715292        0.122978
MDMin:   69 18:03:01    -2397.715238        0.123528
MDMin:   70 18:03:03    -2397.715185        0.124238
MDMin:   71 18:03:05    -2397.715134        0.125126
MDMin:   72 18:03:07    -2397.715084        0.126214
MDMin:   73 18:03:09    -2397.715036        0.127522
MDMin:   74 18:03:11    -2397.714990        0.129076
MDMin:   75 18:03:13    -2397.714945        0.130899
MDMin:   76 18:03:15    -2397.714902        0.133021
MDMin:   77 18:03:17    -2397.714861        0.135467
MDMin:   78 18:03:18    -2397.714821        0.138269
MDMin:   79 18:03:20    -2397.714783        0.141455
MDMin:   80 18:03:23    -2397.714747        0.145055
MDMin:   81 18:03:24    -2397.714713        0.149099
MDMin:   82 18:03:26    -2397.714680        0.153613
MDMin:   83 18:03:28    -2397.714649        0.158622
MDMin:   84 18:03:30    -2397.714620        0.164155
MDMin:   85 18:03:32    -2397.714593        0.170233
MDMin:   86 18:03:34    -2397.714567        0.176870
MDMin:   87 18:03:36    -2397.714543        0.184069
MDMin:   88 18:03:38    -2397.714521        0.191830
MDMin:   89 18:03:40    -2397.714499        0.200134
MDMin:   90 18:03:42    -2397.714480        0.208956
MDMin:   91 18:03:44    -2397.714461        0.218248
MDMin:   92 18:03:45    -2397.714444        0.227945
MDMin:   93 18:03:47    -2397.714428        0.237949
MDMin:   94 18:03:49    -2397.714413        0.248136
MDMin:   95 18:03:51    -2397.714400        0.258316
MDMin:   96 18:03:53    -2397.714387        0.268259
MDMin:   97 18:03:55    -2397.714376        0.277666
MDMin:   98 18:03:57    -2397.714366        0.286279
MDMin:   99 18:03:58    -2397.714357        0.293950
MDMin:  100 18:04:00    -2397.714349        0.300733
MDMin:  101 18:04:01    -2397.714341        0.306750
MDMin:  102 18:04:03    -2397.714334        0.312077
MDMin:  103 18:04:05    -2397.714328        0.316715
MDMin:  104 18:04:06    -2397.714321        0.320616
MDMin:  105 18:04:07    -2397.714315        0.323705
MDMin:  106 18:04:09    -2397.714309        0.325901
MDMin:  107 18:04:10    -2397.714304        0.327124
MDMin:  108 18:04:12    -2397.714298        0.327304
MDMin:  109 18:04:13    -2397.714293        0.326384
MDMin:  110 18:04:14    -2397.714288        0.324323
MDMin:  111 18:04:16    -2397.714283        0.321104
MDMin:  112 18:04:18    -2397.714278        0.316731
MDMin:  113 18:04:20    -2397.714273        0.311232
MDMin:  114 18:04:21    -2397.714268        0.304662
MDMin:  115 18:04:23    -2397.714264        0.297099
MDMin:  116 18:04:25    -2397.714259        0.288646
MDMin:  117 18:04:27    -2397.714255        0.279425
MDMin:  118 18:04:28    -2397.714251        0.269573
MDMin:  119 18:04:30    -2397.714247        0.259239
MDMin:  120 18:04:32    -2397.714243        0.248578
MDMin:  121 18:04:34    -2397.714240        0.237741
MDMin:  122 18:04:36    -2397.714236        0.226877
MDMin:  123 18:04:38    -2397.714233        0.216122
MDMin:  124 18:04:40    -2397.714230        0.205597
MDMin:  125 18:04:41    -2397.714227        0.205305
MDMin:  126 18:04:42    -2397.714224        0.212059
MDMin:  127 18:04:44    -2397.713970        1.231802
MDMin:  128 18:04:46    -2397.713965        1.230967
MDMin:  129 18:04:47    -2397.713949        1.228463
MDMin:  130 18:04:49    -2397.713923        1.224287
MDMin:  131 18:04:51    -2397.713886        1.218439
MDMin:  132 18:04:53    -2397.713838        1.210918
MDMin:  133 18:04:55    -2397.713780        1.201722
MDMin:  134 18:04:57    -2397.713712        1.190853
MDMin:  135 18:04:59    -2397.713634        1.178316
MDMin:  136 18:05:01    -2397.713545        1.164121
MDMin:  137 18:05:02    -2397.713447        1.148282
MDMin:  138 18:05:04    -2397.713339        1.130823
MDMin:  139 18:05:06    -2397.713221        1.111775
MDMin:  140 18:05:08    -2397.713095        1.091177
MDMin:  141 18:05:10    -2397.712960        1.069081
MDMin:  142 18:05:12    -2397.712816        1.045547
MDMin:  143 18:05:14    -2397.712666        1.020648
MDMin:  144 18:05:16    -2397.712508        0.994467
MDMin:  145 18:05:19    -2397.712345        0.967100
MDMin:  146 18:05:21    -2397.712176        0.938651
MDMin:  147 18:05:23    -2397.712004        0.909238
MDMin:  148 18:05:25    -2397.711829        0.878988
MDMin:  149 18:05:27    -2397.711654        0.848036
MDMin:  150 18:05:29    -2397.711480        0.816525
MDMin:  151 18:05:31    -2397.711309        0.784608
MDMin:  152 18:05:33    -2397.711144        0.752439
MDMin:  153 18:05:35    -2397.710988        0.720180
MDMin:  154 18:05:37    -2397.710844        0.687992
MDMin:  155 18:05:39    -2397.710717        0.656038
MDMin:  156 18:05:41    -2397.710610        0.624480
MDMin:  157 18:05:43    -2397.710527        0.593472
MDMin:  158 18:05:45    -2397.710475        0.563166
MDMin:  159 18:05:47    -2397.710458        0.533700
MDMin:  160 18:05:49    -2397.710482        0.505204
MDMin:  161 18:05:51    -2397.710553        0.477786
MDMin:  162 18:05:53    -2397.710675        0.451544
MDMin:  163 18:05:55    -2397.710856        0.426554
MDMin:  164 18:05:57    -2397.711098        0.402876
MDMin:  165 18:05:59    -2397.711407        0.380546
MDMin:  166 18:06:01    -2397.711785        0.359583
MDMin:  167 18:06:03    -2397.712235        0.339983
MDMin:  168 18:06:05    -2397.712757        0.321729
MDMin:  169 18:06:07    -2397.713352        0.304787
MDMin:  170 18:06:08    -2397.714017        0.289112
MDMin:  171 18:06:10    -2397.714749        0.278432
MDMin:  172 18:06:12    -2397.715383        0.539352
MDMin:  173 18:06:14    -2397.715375        0.525490
MDMin:  174 18:06:15    -2397.715367        0.511006
MDMin:  175 18:06:17    -2397.715358        0.495931
MDMin:  176 18:06:19    -2397.715349        0.480289
MDMin:  177 18:06:21    -2397.715338        0.464108
MDMin:  178 18:06:23    -2397.715327        0.447416
MDMin:  179 18:06:25    -2397.715315        0.430249
MDMin:  180 18:06:26    -2397.715303        0.412649
MDMin:  181 18:06:28    -2397.715289        0.394666
MDMin:  182 18:06:30    -2397.715275        0.376361
MDMin:  183 18:06:31    -2397.715261        0.357800
MDMin:  184 18:06:33    -2397.715245        0.339056
MDMin:  185 18:06:34    -2397.715229        0.320207
MDMin:  186 18:06:36    -2397.715212        0.301335
MDMin:  187 18:06:37    -2397.715194        0.282525
MDMin:  188 18:06:40    -2397.715176        0.263859
MDMin:  189 18:06:42    -2397.715157        0.252649
MDMin:  190 18:06:44    -2397.715137        0.254560
MDMin:  191 18:06:46    -2397.715117        0.256255
MDMin:  192 18:06:48    -2397.715096        0.257689
MDMin:  193 18:06:50    -2397.715075        0.258819
MDMin:  194 18:06:51    -2397.715054        0.259606
MDMin:  195 18:06:53    -2397.715032        0.260010
MDMin:  196 18:06:54    -2397.715010        0.260001
MDMin:  197 18:06:55    -2397.714987        0.259551
MDMin:  198 18:06:57    -2397.714965        0.258642
MDMin:  199 18:06:58    -2397.714942        0.257263
MDMin:  200 18:06:59    -2397.714920        0.255412
MDMin:  201 18:07:00    -2397.714897        0.253098
MDMin:  202 18:07:02    -2397.714875        0.250335
MDMin:  203 18:07:03    -2397.714853        0.247148
MDMin:  204 18:07:04    -2397.714831        0.243565
MDMin:  205 18:07:05    -2397.714810        0.245105
MDMin:  206 18:07:07    -2397.714789        0.253848
MDMin:  207 18:07:08    -2397.714768        0.262583
MDMin:  208 18:07:09    -2397.714748        0.271205
MDMin:  209 18:07:10    -2397.714729        0.279597
MDMin:  210 18:07:12    -2397.714710        0.287638
MDMin:  211 18:07:13    -2397.714691        0.295198
MDMin:  212 18:07:14    -2397.714673        0.302146
MDMin:  213 18:07:15    -2397.714655        0.308350
MDMin:  214 18:07:16    -2397.714638        0.313680
MDMin:  215 18:07:18    -2397.714621        0.318014
MDMin:  216 18:07:19    -2397.714605        0.321244
MDMin:  217 18:07:20    -2397.714589        0.323273
MDMin:  218 18:07:21    -2397.714574        0.324028
MDMin:  219 18:07:23    -2397.714559        0.323456
MDMin:  220 18:07:24    -2397.714544        0.321533
MDMin:  221 18:07:25    -2397.714530        0.318262
MDMin:  222 18:07:26    -2397.714516        0.313678
MDMin:  223 18:07:28    -2397.714503        0.307844
MDMin:  224 18:07:29    -2397.714490        0.300853
MDMin:  225 18:07:31    -2397.714477        0.292821
MDMin:  226 18:07:33    -2397.714464        0.283887
MDMin:  227 18:07:35    -2397.714452        0.274205
MDMin:  228 18:07:36    -2397.714440        0.263938
MDMin:  229 18:07:38    -2397.714428        0.253251
MDMin:  230 18:07:41    -2397.714417        0.242306
MDMin:  231 18:07:43    -2397.714406        0.231256
MDMin:  232 18:07:45    -2397.714395        0.220237
MDMin:  233 18:07:47    -2397.714384        0.209369
MDMin:  234 18:07:49    -2397.714374        0.198749
MDMin:  235 18:07:51    -2397.714364        0.188458
MDMin:  236 18:07:53    -2397.714354        0.178555
MDMin:  237 18:07:55    -2397.714345        0.169077
MDMin:  238 18:07:57    -2397.714335        0.160049
MDMin:  239 18:07:59    -2397.714327        0.151482
MDMin:  240 18:08:01    -2397.714318        0.143373
MDMin:  241 18:08:03    -2397.714310        0.137336
MDMin:  242 18:08:05    -2397.714302        0.132348
MDMin:  243 18:08:07    -2397.714295        0.129080
MDMin:  244 18:08:09    -2397.714288        0.126900
MDMin:  245 18:08:11    -2397.714281        0.124796
MDMin:  246 18:08:14    -2397.714275        0.122767
MDMin:  247 18:08:16    -2397.714269        0.120808
MDMin:  248 18:08:18    -2397.714264        0.118911
MDMin:  249 18:08:20    -2397.714259        0.117066
MDMin:  250 18:08:22    -2397.714255        0.115268
MDMin:  251 18:08:24    -2397.714250        0.113498
MDMin:  252 18:08:26    -2397.714247        0.111758
MDMin:  253 18:08:28    -2397.714243        0.110022
MDMin:  254 18:08:30    -2397.714241        0.108301
MDMin:  255 18:08:32    -2397.714238        0.106618
MDMin:  256 18:08:34    -2397.714236        0.141947
MDMin:  257 18:08:36    -2397.714235        0.220642
MDMin:  258 18:08:38    -2397.714235        0.217843
MDMin:  259 18:08:40    -2397.714235        0.209567
MDMin:  260 18:08:42    -2397.714235        0.196256
MDMin:  261 18:08:44    -2397.714235        0.178711
MDMin:  262 18:08:46    -2397.714235        0.158121
MDMin:  263 18:08:48    -2397.714235        0.136104
MDMin:  264 18:08:50    -2397.714235        0.114671
MDMin:  265 18:08:51    -2397.714235        0.103699
MDMin:  266 18:08:52    -2397.714235        0.103562
MDMin:  267 18:08:54    -2397.714235        0.103418
MDMin:  268 18:08:55    -2397.714235        0.103269
MDMin:  269 18:08:57    -2397.714234        0.103115
MDMin:  270 18:08:59    -2397.714234        0.102957
MDMin:  271 18:09:01    -2397.714234        0.102792
MDMin:  272 18:09:03    -2397.714234        0.102620
MDMin:  273 18:09:05    -2397.714234        0.102442
MDMin:  274 18:09:07    -2397.714234        0.102255
MDMin:  275 18:09:09    -2397.714234        0.102060
MDMin:  276 18:09:11    -2397.714233        0.101857
MDMin:  277 18:09:13    -2397.714233        0.101646
MDMin:  278 18:09:15    -2397.714233        0.101427
MDMin:  279 18:09:17    -2397.714233        0.101200
MDMin:  280 18:09:19    -2397.714233        0.100966
MDMin:  281 18:09:21    -2397.714233        0.100724
MDMin:  282 18:09:23    -2397.714233        0.100474
MDMin:  283 18:09:25    -2397.714232        0.100217
MDMin:  284 18:09:27    -2397.714232        0.099953
MDMin:  285 18:09:28    -2397.714232        0.099682
MDMin:  286 18:09:30    -2397.714232        0.099404
MDMin:  287 18:09:32    -2397.714232        0.099120
MDMin:  288 18:09:34    -2397.714232        0.098829
MDMin:  289 18:09:36    -2397.714232        0.098531
MDMin:  290 18:09:37    -2397.714232        0.098228
MDMin:  291 18:09:38    -2397.714231        0.097919
MDMin:  292 18:09:40    -2397.714231        0.097604
MDMin:  293 18:09:41    -2397.714231        0.097284
MDMin:  294 18:09:43    -2397.714231        0.096958
MDMin:  295 18:09:44    -2397.714231        0.096628
MDMin:  296 18:09:45    -2397.714231        0.096293
MDMin:  297 18:09:47    -2397.714231        0.095954
MDMin:  298 18:09:49    -2397.714231        0.095611
MDMin:  299 18:09:51    -2397.714231        0.095265
MDMin:  300 18:09:53    -2397.714231        0.094916
MDMin:  301 18:09:55    -2397.714231        0.094564
MDMin:  302 18:09:57    -2397.714231        0.094211
MDMin:  303 18:09:59    -2397.714231        0.093856
MDMin:  304 18:10:01    -2397.714231        0.093500
MDMin:  305 18:10:03    -2397.714231        0.093144
MDMin:  306 18:10:05    -2397.714231        0.092789
MDMin:  307 18:10:07    -2397.714231        0.092436
MDMin:  308 18:10:09    -2397.714231        0.092085
MDMin:  309 18:10:11    -2397.714231        0.091738
MDMin:  310 18:10:13    -2397.714231        0.091395
MDMin:  311 18:10:15    -2397.714232        0.091059
MDMin:  312 18:10:17    -2397.714232        0.090729
MDMin:  313 18:10:19    -2397.714232        0.090409
MDMin:  314 18:10:21    -2397.714232        0.090099
MDMin:  315 18:10:22    -2397.714232        0.089801
MDMin:  316 18:10:24    -2397.714233        0.089518
MDMin:  317 18:10:26    -2397.714233        0.089251
MDMin:  318 18:10:29    -2397.714233        0.089002
MDMin:  319 18:10:30    -2397.714233        0.088776
MDMin:  320 18:10:32    -2397.714234        0.088573
MDMin:  321 18:10:33    -2397.714234        0.088399
MDMin:  322 18:10:34    -2397.714234        0.088255
MDMin:  323 18:10:35    -2397.714235        0.088146
MDMin:  324 18:10:36    -2397.714235        0.088077
MDMin:  325 18:10:38    -2397.714235        0.088051
MDMin:  326 18:10:39    -2397.714236        0.088074
MDMin:  327 18:10:41    -2397.714236        0.088151
MDMin:  328 18:10:43    -2397.714237        0.088288
MDMin:  329 18:10:44    -2397.714237        0.088493
MDMin:  330 18:10:45    -2397.714237        0.088772
MDMin:  331 18:10:47    -2397.714238        0.089134
MDMin:  332 18:10:49    -2397.714238        0.089587
MDMin:  333 18:10:51    -2397.714239        0.090140
MDMin:  334 18:10:53    -2397.714239        0.090805
MDMin:  335 18:10:55    -2397.714240        0.091591
MDMin:  336 18:10:57    -2397.714240        0.092511
MDMin:  337 18:10:58    -2397.714241        0.093577
MDMin:  338 18:11:00    -2397.714241        0.094802
MDMin:  339 18:11:02    -2397.714242        0.096199
MDMin:  340 18:11:05    -2397.714242        0.097784
MDMin:  341 18:11:06    -2397.714243        0.099567
MDMin:  342 18:11:08    -2397.714243        0.101573
MDMin:  343 18:11:10    -2397.714244        0.103795
MDMin:  344 18:11:12    -2397.714244        0.106285
MDMin:  345 18:11:14    -2397.714245        0.108980
MDMin:  346 18:11:16    -2397.714245        0.112014
MDMin:  347 18:11:18    -2397.714246        0.115095
MDMin:  348 18:11:20    -2397.714246        0.118487
MDMin:  349 18:11:22    -2397.714246        0.121138
MDMin:  350 18:11:24    -2397.714247        0.123591
MDMin:  351 18:11:26    -2397.714247        0.125516
MDMin:  352 18:11:28    -2397.714247        0.127599
MDMin:  353 18:11:29    -2397.714247        0.129735
MDMin:  354 18:11:31    -2397.714248        0.131990
MDMin:  355 18:11:32    -2397.714248        0.134351
MDMin:  356 18:11:33    -2397.714248        0.136826
MDMin:  357 18:11:35    -2397.714248        0.139416
MDMin:  358 18:11:36    -2397.714248        0.142124
MDMin:  359 18:11:37    -2397.714249        0.144952
MDMin:  360 18:11:38    -2397.714249        0.147901
MDMin:  361 18:11:40    -2397.714249        0.150972
MDMin:  362 18:11:41    -2397.714249        0.154167
MDMin:  363 18:11:42    -2397.714249        0.157485
MDMin:  364 18:11:43    -2397.714250        0.160927
MDMin:  365 18:11:45    -2397.714250        0.164492
MDMin:  366 18:11:46    -2397.714250        0.168178
MDMin:  367 18:11:47    -2397.714250        0.171982
MDMin:  368 18:11:48    -2397.714250        0.175903
MDMin:  369 18:11:49    -2397.714251        0.179939
MDMin:  370 18:11:51    -2397.714251        0.184084
MDMin:  371 18:11:52    -2397.714251        0.188333
MDMin:  372 18:11:53    -2397.714251        0.192678
MDMin:  373 18:11:54    -2397.714251        0.197111
MDMin:  374 18:11:56    -2397.714251        0.201621
MDMin:  375 18:11:57    -2397.714252        0.206196
MDMin:  376 18:11:59    -2397.714252        0.210823
MDMin:  377 18:12:01    -2397.714252        0.215486
MDMin:  378 18:12:03    -2397.714252        0.220167
MDMin:  379 18:12:04    -2397.714252        0.224848
MDMin:  380 18:12:05    -2397.714253        0.229506
MDMin:  381 18:12:06    -2397.714253        0.234112
MDMin:  382 18:12:08    -2397.714253        0.238640
MDMin:  383 18:12:09    -2397.714253        0.243062
MDMin:  384 18:12:11    -2397.714253        0.247347
MDMin:  385 18:12:12    -2397.714253        0.251463
MDMin:  386 18:12:13    -2397.714254        0.255375
MDMin:  387 18:12:14    -2397.714254        0.259046
MDMin:  388 18:12:16    -2397.714254        0.262439
MDMin:  389 18:12:17    -2397.714254        0.265515
MDMin:  390 18:12:19    -2397.714254        0.268234
MDMin:  391 18:12:20    -2397.714254        0.270554
MDMin:  392 18:12:22    -2397.714255        0.272436
MDMin:  393 18:12:24    -2397.714255        0.273840
MDMin:  394 18:12:25    -2397.714255        0.274725
MDMin:  395 18:12:26    -2397.714255        0.275057
MDMin:  396 18:12:28    -2397.714255        0.274800
MDMin:  397 18:12:29    -2397.714255        0.273923
MDMin:  398 18:12:30    -2397.714256        0.272399
MDMin:  399 18:12:31    -2397.714256        0.270208
MDMin:  400 18:12:33    -2397.714256        0.267335
MDMin:  401 18:12:36    -2397.714256        0.263770
MDMin:  402 18:12:37    -2397.714256        0.259514
MDMin:  403 18:12:39    -2397.714256        0.254575
MDMin:  404 18:12:41    -2397.714257        0.248970
MDMin:  405 18:12:43    -2397.714257        0.242726
MDMin:  406 18:12:45    -2397.714257        0.235878
MDMin:  407 18:12:47    -2397.714257        0.228472
MDMin:  408 18:12:49    -2397.714257        0.220563
MDMin:  409 18:12:51    -2397.714258        0.212211
MDMin:  410 18:12:53    -2397.714258        0.203488
MDMin:  411 18:12:54    -2397.714258        0.194465
MDMin:  412 18:12:56    -2397.714258        0.185222
MDMin:  413 18:12:58    -2397.714258        0.175836
MDMin:  414 18:13:00    -2397.714259        0.166388
MDMin:  415 18:13:02    -2397.714259        0.156954
MDMin:  416 18:13:04    -2397.714259        0.147606
MDMin:  417 18:13:05    -2397.714259        0.138411
MDMin:  418 18:13:06    -2397.714259        0.129428
MDMin:  419 18:13:07    -2397.714260        0.120957
MDMin:  420 18:13:09    -2397.714260        0.117566
MDMin:  421 18:13:10    -2397.714260        0.113987
MDMin:  422 18:13:12    -2397.714260        0.110239
MDMin:  423 18:13:13    -2397.714261        0.106339
MDMin:  424 18:13:15    -2397.714261        0.102306
MDMin:  425 18:13:17    -2397.714261        0.098160
MDMin:  426 18:13:19    -2397.714261        0.093908
MDMin:  427 18:13:21    -2397.714262        0.089614
MDMin:  428 18:13:23    -2397.714262        0.109448
MDMin:  429 18:13:25    -2397.714262        0.166690
MDMin:  430 18:13:26    -2397.714262        0.138208
MDMin:  431 18:13:28    -2397.714262        0.111557
MDMin:  432 18:13:30    -2397.714262        0.089984
MDMin:  433 18:13:32    -2397.714262        0.081675
MDMin:  434 18:13:34    -2397.714262        0.081257
MDMin:  435 18:13:36    -2397.714262        0.080810
MDMin:  436 18:13:38    -2397.714262        0.080339
MDMin:  437 18:13:40    -2397.714262        0.079845
MDMin:  438 18:13:41    -2397.714262        0.079327
MDMin:  439 18:13:44    -2397.714262        0.078786
MDMin:  440 18:13:45    -2397.714262        0.078221
MDMin:  441 18:13:47    -2397.714262        0.077633
MDMin:  442 18:13:49    -2397.714262        0.077022
MDMin:  443 18:13:51    -2397.714263        0.076387
MDMin:  444 18:13:53    -2397.714263        0.075730
MDMin:  445 18:13:54    -2397.714263        0.075050
MDMin:  446 18:13:56    -2397.714263        0.074347
MDMin:  447 18:13:57    -2397.714263        0.073623
MDMin:  448 18:13:59    -2397.714263        0.072876
MDMin:  449 18:14:01    -2397.714263        0.072107
MDMin:  450 18:14:03    -2397.714263        0.071318
MDMin:  451 18:14:04    -2397.714263        0.070506
MDMin:  452 18:14:06    -2397.714263        0.069674
MDMin:  453 18:14:08    -2397.714263        0.068822
MDMin:  454 18:14:09    -2397.714263        0.067949
MDMin:  455 18:14:10    -2397.714263        0.067056
MDMin:  456 18:14:11    -2397.714263        0.066143
MDMin:  457 18:14:13    -2397.714263        0.065211
MDMin:  458 18:14:14    -2397.714263        0.064260
MDMin:  459 18:14:16    -2397.714263        0.063291
MDMin:  460 18:14:18    -2397.714263        0.062303
MDMin:  461 18:14:20    -2397.714264        0.061298
MDMin:  462 18:14:22    -2397.714264        0.060275
MDMin:  463 18:14:23    -2397.714264        0.059236
MDMin:  464 18:14:25    -2397.714264        0.058180
MDMin:  465 18:14:27    -2397.714264        0.057108
MDMin:  466 18:14:29    -2397.714264        0.056021
MDMin:  467 18:14:31    -2397.714264        0.054919
MDMin:  468 18:14:33    -2397.714264        0.053802
MDMin:  469 18:14:34    -2397.714264        0.052672
MDMin:  470 18:14:35    -2397.714264        0.051529
MDMin:  471 18:14:37    -2397.714264        0.050373
MDMin:  472 18:14:39    -2397.714264        0.049206
