       Step     Time          Energy          fmax
MDMin:    0 09:50:48    -2397.320138        0.147899
MDMin:    1 09:50:50    -2397.320138        0.147884
MDMin:    2 09:50:51    -2397.320138        0.147839
MDMin:    3 09:50:53    -2397.320138        0.147765
MDMin:    4 09:50:55    -2397.320138        0.147662
MDMin:    5 09:50:56    -2397.320138        0.147529
MDMin:    6 09:50:58    -2397.320139        0.147368
MDMin:    7 09:51:00    -2397.320139        0.147177
MDMin:    8 09:51:02    -2397.320139        0.146959
MDMin:    9 09:51:03    -2397.320139        0.146713
MDMin:   10 09:51:04    -2397.320140        0.146439
MDMin:   11 09:51:06    -2397.320140        0.146138
MDMin:   12 09:51:08    -2397.320140        0.145811
MDMin:   13 09:51:10    -2397.320141        0.145459
MDMin:   14 09:51:11    -2397.320141        0.145081
MDMin:   15 09:51:13    -2397.320142        0.144679
MDMin:   16 09:51:15    -2397.320142        0.144253
MDMin:   17 09:51:17    -2397.320143        0.143804
MDMin:   18 09:51:19    -2397.320143        0.143333
MDMin:   19 09:51:21    -2397.320144        0.142841
MDMin:   20 09:51:23    -2397.320145        0.142328
MDMin:   21 09:51:25    -2397.320145        0.141796
MDMin:   22 09:51:26    -2397.320146        0.141244
MDMin:   23 09:51:28    -2397.320147        0.140674
MDMin:   24 09:51:29    -2397.320148        0.140087
MDMin:   25 09:51:30    -2397.320148        0.139484
MDMin:   26 09:51:31    -2397.320149        0.138865
MDMin:   27 09:51:33    -2397.320150        0.138232
MDMin:   28 09:51:34    -2397.320151        0.137584
MDMin:   29 09:51:35    -2397.320152        0.136924
MDMin:   30 09:51:37    -2397.320153        0.136251
MDMin:   31 09:51:39    -2397.320154        0.135567
MDMin:   32 09:51:41    -2397.320155        0.134872
MDMin:   33 09:51:42    -2397.320156        0.134167
MDMin:   34 09:51:44    -2397.320158        0.133453
MDMin:   35 09:51:46    -2397.320159        0.132730
MDMin:   36 09:51:48    -2397.320160        0.132000
MDMin:   37 09:51:50    -2397.320161        0.131262
MDMin:   38 09:51:53    -2397.320163        0.130518
MDMin:   39 09:51:55    -2397.320164        0.129767
MDMin:   40 09:51:57    -2397.320165        0.129012
MDMin:   41 09:51:59    -2397.320167        0.128251
MDMin:   42 09:52:01    -2397.320168        0.127487
MDMin:   43 09:52:03    -2397.320170        0.126718
MDMin:   44 09:52:05    -2397.320172        0.126490
MDMin:   45 09:52:06    -2397.320173        0.126761
MDMin:   46 09:52:08    -2397.320175        0.127022
MDMin:   47 09:52:10    -2397.320177        0.127274
MDMin:   48 09:52:11    -2397.320178        0.127517
MDMin:   49 09:52:13    -2397.320180        0.127750
MDMin:   50 09:52:15    -2397.320182        0.127974
MDMin:   51 09:52:17    -2397.320184        0.128188
MDMin:   52 09:52:19    -2397.320186        0.128393
MDMin:   53 09:52:21    -2397.320188        0.128590
MDMin:   54 09:52:23    -2397.320190        0.128778
MDMin:   55 09:52:24    -2397.320192        0.128958
MDMin:   56 09:52:26    -2397.320194        0.129131
MDMin:   57 09:52:27    -2397.320196        0.129298
MDMin:   58 09:52:28    -2397.320198        0.129460
MDMin:   59 09:52:30    -2397.320201        0.129618
MDMin:   60 09:52:31    -2397.320203        0.129773
MDMin:   61 09:52:33    -2397.320205        0.129927
MDMin:   62 09:52:35    -2397.320208        0.130082
MDMin:   63 09:52:37    -2397.320210        0.130240
MDMin:   64 09:52:39    -2397.320213        0.130403
MDMin:   65 09:52:41    -2397.320215        0.130573
MDMin:   66 09:52:43    -2397.320218        0.130754
MDMin:   67 09:52:45    -2397.320220        0.130948
MDMin:   68 09:52:47    -2397.320223        0.131158
MDMin:   69 09:52:49    -2397.320225        0.131387
MDMin:   70 09:52:51    -2397.320228        0.131640
MDMin:   71 09:52:53    -2397.320231        0.131919
MDMin:   72 09:52:55    -2397.320234        0.132230
MDMin:   73 09:52:57    -2397.320236        0.132731
MDMin:   74 09:52:58    -2397.320239        0.134558
MDMin:   75 09:53:00    -2397.320242        0.136466
MDMin:   76 09:53:02    -2397.320245        0.138458
MDMin:   77 09:53:03    -2397.320248        0.140537
MDMin:   78 09:53:04    -2397.320250        0.142703
MDMin:   79 09:53:05    -2397.320253        0.144960
MDMin:   80 09:53:07    -2397.320256        0.147307
MDMin:   81 09:53:08    -2397.320259        0.149748
MDMin:   82 09:53:10    -2397.320262        0.152282
MDMin:   83 09:53:12    -2397.320265        0.154909
MDMin:   84 09:53:14    -2397.320268        0.157630
MDMin:   85 09:53:16    -2397.320271        0.160443
MDMin:   86 09:53:18    -2397.320274        0.163347
MDMin:   87 09:53:20    -2397.320276        0.166339
MDMin:   88 09:53:22    -2397.320279        0.169414
MDMin:   89 09:53:24    -2397.320282        0.172568
MDMin:   90 09:53:26    -2397.320285        0.175795
MDMin:   91 09:53:28    -2397.320288        0.179087
MDMin:   92 09:53:29    -2397.320291        0.182434
MDMin:   93 09:53:31    -2397.320294        0.185826
MDMin:   94 09:53:33    -2397.320296        0.189251
MDMin:   95 09:53:35    -2397.320299        0.192693
MDMin:   96 09:53:37    -2397.320302        0.196136
MDMin:   97 09:53:39    -2397.320305        0.199558
MDMin:   98 09:53:41    -2397.320307        0.202936
MDMin:   99 09:53:43    -2397.320310        0.206245
MDMin:  100 09:53:45    -2397.320312        0.209458
MDMin:  101 09:53:46    -2397.320315        0.212539
MDMin:  102 09:53:47    -2397.320318        0.215454
MDMin:  103 09:53:49    -2397.320320        0.218168
MDMin:  104 09:53:50    -2397.320323        0.220648
MDMin:  105 09:53:51    -2397.320325        0.222857
MDMin:  106 09:53:52    -2397.320327        0.224757
MDMin:  107 09:53:54    -2397.320330        0.226306
MDMin:  108 09:53:56    -2397.320332        0.227464
MDMin:  109 09:53:58    -2397.320334        0.228188
MDMin:  110 09:53:59    -2397.320337        0.228439
MDMin:  111 09:54:01    -2397.320339        0.228176
MDMin:  112 09:54:03    -2397.320341        0.227363
MDMin:  113 09:54:05    -2397.320343        0.230877
MDMin:  114 09:54:07    -2397.320346        0.236224
MDMin:  115 09:54:09    -2397.320348        0.241674
MDMin:  116 09:54:11    -2397.320350        0.247219
MDMin:  117 09:54:12    -2397.320352        0.252848
MDMin:  118 09:54:14    -2397.320354        0.258550
MDMin:  119 09:54:16    -2397.320356        0.264316
MDMin:  120 09:54:18    -2397.320358        0.270135
MDMin:  121 09:54:19    -2397.320360        0.275996
MDMin:  122 09:54:20    -2397.320362        0.281890
MDMin:  123 09:54:22    -2397.320364        0.287805
MDMin:  124 09:54:23    -2397.320365        0.293730
MDMin:  125 09:54:25    -2397.320367        0.299653
MDMin:  126 09:54:27    -2397.320369        0.305561
MDMin:  127 09:54:29    -2397.320371        0.311437
MDMin:  128 09:54:31    -2397.320373        0.317256
MDMin:  129 09:54:32    -2397.320374        0.322985
MDMin:  130 09:54:33    -2397.320376        0.328571
MDMin:  131 09:54:34    -2397.320378        0.333933
MDMin:  132 09:54:35    -2397.320379        0.338966
MDMin:  133 09:54:37    -2397.320381        0.346131
MDMin:  134 09:54:39    -2397.320382        0.357094
MDMin:  135 09:54:41    -2397.320383        0.367810
MDMin:  136 09:54:42    -2397.320384        0.378480
MDMin:  137 09:54:44    -2397.320385        0.389293
MDMin:  138 09:54:46    -2397.320387        0.400364
MDMin:  139 09:54:48    -2397.320388        0.411757
MDMin:  140 09:54:50    -2397.320389        0.423501
MDMin:  141 09:54:52    -2397.320390        0.435608
MDMin:  142 09:54:54    -2397.320391        0.448081
MDMin:  143 09:54:56    -2397.320392        0.460918
MDMin:  144 09:54:58    -2397.320393        0.474112
MDMin:  145 09:55:00    -2397.320394        0.487656
MDMin:  146 09:55:02    -2397.320395        0.501539
MDMin:  147 09:55:04    -2397.320397        0.515749
MDMin:  148 09:55:06    -2397.320398        0.530273
MDMin:  149 09:55:08    -2397.320399        0.545095
MDMin:  150 09:55:10    -2397.320400        0.560200
MDMin:  151 09:55:12    -2397.320401        0.575571
MDMin:  152 09:55:14    -2397.320402        0.591187
MDMin:  153 09:55:16    -2397.320403        0.607030
MDMin:  154 09:55:18    -2397.320404        0.623076
MDMin:  155 09:55:20    -2397.320405        0.639302
MDMin:  156 09:55:21    -2397.320406        0.655682
MDMin:  157 09:55:23    -2397.320407        0.672191
MDMin:  158 09:55:25    -2397.320408        0.688801
MDMin:  159 09:55:27    -2397.320410        0.705485
MDMin:  160 09:55:29    -2397.320411        0.722213
MDMin:  161 09:55:31    -2397.320412        0.738957
MDMin:  162 09:55:33    -2397.320413        0.755690
MDMin:  163 09:55:35    -2397.320414        0.772382
MDMin:  164 09:55:37    -2397.320415        0.789007
MDMin:  165 09:55:39    -2397.320416        0.805542
MDMin:  166 09:55:41    -2397.320417        0.821968
MDMin:  167 09:55:43    -2397.320418        0.838277
MDMin:  168 09:55:45    -2397.320419        0.854474
MDMin:  169 09:55:47    -2397.320420        0.870580
MDMin:  170 09:55:49    -2397.320421        0.886629
MDMin:  171 09:55:50    -2397.320422        0.902654
MDMin:  172 09:55:52    -2397.320423        0.918655
MDMin:  173 09:55:54    -2397.320424        0.934547
MDMin:  174 09:55:56    -2397.320425        0.950083
MDMin:  175 09:55:57    -2397.320426        0.964775
MDMin:  176 09:55:58    -2397.320427        0.977907
MDMin:  177 09:55:59    -2397.320428        0.988474
MDMin:  178 09:56:01    -2397.320429        0.995246
MDMin:  179 09:56:03    -2397.320430        0.997039
MDMin:  180 09:56:05    -2397.320431        0.993034
MDMin:  181 09:56:06    -2397.320432        0.983127
MDMin:  182 09:56:07    -2397.320433        0.967737
MDMin:  183 09:56:09    -2397.320434        0.947789
MDMin:  184 09:56:11    -2397.320435        0.924483
MDMin:  185 09:56:13    -2397.320436        0.899028
MDMin:  186 09:56:15    -2397.320437        0.872475
MDMin:  187 09:56:17    -2397.320438        0.845653
MDMin:  188 09:56:19    -2397.320439        0.819202
MDMin:  189 09:56:20    -2397.320440        0.793675
MDMin:  190 09:56:21    -2397.320442        0.769582
MDMin:  191 09:56:22    -2397.320443        0.747381
MDMin:  192 09:56:23    -2397.320444        0.727524
MDMin:  193 09:56:25    -2397.320445        0.710461
MDMin:  194 09:56:26    -2397.320447        0.696640
MDMin:  195 09:56:27    -2397.320448        0.686513
MDMin:  196 09:56:28    -2397.320449        0.680541
MDMin:  197 09:56:29    -2397.320451        0.679204
MDMin:  198 09:56:31    -2397.320452        0.682997
MDMin:  199 09:56:32    -2397.320453        0.692419
MDMin:  200 09:56:33    -2397.320455        0.707891
MDMin:  201 09:56:34    -2397.320456        0.729381
MDMin:  202 09:56:35    -2397.320457        0.755025
MDMin:  203 09:56:36    -2397.320458        0.778874
MDMin:  204 09:56:38    -2397.320458        0.797507
MDMin:  205 09:56:39    -2397.320459        0.815992
MDMin:  206 09:56:40    -2397.320459        0.836200
MDMin:  207 09:56:41    -2397.320460        0.858448
MDMin:  208 09:56:42    -2397.320461        0.882872
MDMin:  209 09:56:43    -2397.320461        0.909597
MDMin:  210 09:56:45    -2397.320462        0.938760
MDMin:  211 09:56:46    -2397.320462        0.970512
MDMin:  212 09:56:47    -2397.320463        1.004997
MDMin:  213 09:56:48    -2397.320463        1.042365
MDMin:  214 09:56:49    -2397.320463        1.082778
MDMin:  215 09:56:51    -2397.320464        1.126395
MDMin:  216 09:56:52    -2397.320464        1.173372
MDMin:  217 09:56:53    -2397.320465        1.223863
MDMin:  218 09:56:54    -2397.320465        1.278045
MDMin:  219 09:56:55    -2397.320466        1.336045
MDMin:  220 09:56:56    -2397.320466        1.397923
MDMin:  221 09:56:58    -2397.320467        1.463672
MDMin:  222 09:56:59    -2397.320467        1.533202
MDMin:  223 09:57:00    -2397.320468        1.606331
MDMin:  224 09:57:01    -2397.320468        1.682795
MDMin:  225 09:57:02    -2397.320468        1.762267
MDMin:  226 09:57:04    -2397.320469        1.844385
MDMin:  227 09:57:05    -2397.320469        1.928780
MDMin:  228 09:57:06    -2397.320470        2.015101
MDMin:  229 09:57:07    -2397.320470        2.103034
MDMin:  230 09:57:08    -2397.320470        2.192324
MDMin:  231 09:57:10    -2397.320471        2.282812
MDMin:  232 09:57:11    -2397.320471        2.374486
MDMin:  233 09:57:12    -2397.320471        2.467589
MDMin:  234 09:57:13    -2397.320472        2.562759
MDMin:  235 09:57:14    -2397.320472        2.661288
MDMin:  236 09:57:15    -2397.320472        2.765722
MDMin:  237 09:57:16    -2397.320473        2.881568
MDMin:  238 09:57:18    -2397.320473        3.023125
MDMin:  239 09:57:19    -2397.320473        3.248100
MDMin:  240 09:57:20    -2397.320474        2.307694
MDMin:  241 09:57:21    -2397.320474        1.365029
MDMin:  242 09:57:22    -2397.320475        0.932586
MDMin:  243 09:57:23    -2397.320475        1.889304
MDMin:  244 09:57:25    -2397.320475        2.066516
MDMin:  245 09:57:26    -2397.320476        2.313956
MDMin:  246 09:57:27    -2397.320476        2.789051
MDMin:  247 09:57:28    -2397.320476        3.492010
MDMin:  248 09:57:29    -2397.320476        3.780218
MDMin:  249 09:57:31    -2397.320476        3.831688
MDMin:  250 09:57:32    -2397.320476        3.832416
MDMin:  251 09:57:33    -2397.320476        3.806763
MDMin:  252 09:57:34    -2397.320476        3.763423
MDMin:  253 09:57:35    -2397.320476        3.706867
MDMin:  254 09:57:36    -2397.320476        3.639857
MDMin:  255 09:57:37    -2397.320476        3.564284
MDMin:  256 09:57:39    -2397.320476        3.481513
MDMin:  257 09:57:40    -2397.320476        3.392558
MDMin:  258 09:57:41    -2397.320477        3.298179
MDMin:  259 09:57:42    -2397.320477        3.198940
MDMin:  260 09:57:43    -2397.320477        3.095263
MDMin:  261 09:57:45    -2397.320477        2.987458
MDMin:  262 09:57:46    -2397.320477        2.875760
MDMin:  263 09:57:47    -2397.320477        2.760362
MDMin:  264 09:57:49    -2397.320478        2.641446
MDMin:  265 09:57:50    -2397.320478        2.519210
MDMin:  266 09:57:51    -2397.320478        2.393894
MDMin:  267 09:57:52    -2397.320478        2.265795
MDMin:  268 09:57:53    -2397.320479        2.135272
MDMin:  269 09:57:54    -2397.320479        2.002740
MDMin:  270 09:57:56    -2397.320479        1.868640
MDMin:  271 09:57:57    -2397.320480        1.733373
MDMin:  272 09:57:59    -2397.320480        1.597360
MDMin:  273 09:58:00    -2397.320480        1.461051
MDMin:  274 09:58:02    -2397.320481        1.324912
MDMin:  275 09:58:04    -2397.320481        1.189515
MDMin:  276 09:58:06    -2397.320482        1.055672
MDMin:  277 09:58:08    -2397.320482        1.008832
MDMin:  278 09:58:10    -2397.320483        0.971975
MDMin:  279 09:58:12    -2397.320484        0.927838
MDMin:  280 09:58:14    -2397.320484        0.875921
MDMin:  281 09:58:16    -2397.320485        0.815915
MDMin:  282 09:58:18    -2397.320486        0.747921
MDMin:  283 09:58:20    -2397.320487        0.672814
MDMin:  284 09:58:22    -2397.320488        0.592859
MDMin:  285 09:58:24    -2397.320490        0.512081
MDMin:  286 09:58:26    -2397.320491        0.435695
MDMin:  287 09:58:27    -2397.320492        0.368233
MDMin:  288 09:58:29    -2397.320494        0.311604
MDMin:  289 09:58:30    -2397.320495        0.264956
MDMin:  290 09:58:32    -2397.320497        0.226035
MDMin:  291 09:58:33    -2397.320498        0.226077
MDMin:  292 09:58:34    -2397.320500        0.232902
MDMin:  293 09:58:36    -2397.320502        0.230761
MDMin:  294 09:58:38    -2397.320504        0.219412
MDMin:  295 09:58:39    -2397.320505        0.199347
MDMin:  296 09:58:41    -2397.320507        0.172373
MDMin:  297 09:58:42    -2397.320510        0.142469
MDMin:  298 09:58:44    -2397.320512        0.133693
MDMin:  299 09:58:46    -2397.320514        0.139416
MDMin:  300 09:58:47    -2397.320517        0.252142
MDMin:  301 09:58:49    -2397.320517        0.352165
MDMin:  302 09:58:51    -2397.320517        0.346767
MDMin:  303 09:58:53    -2397.320517        0.330784
MDMin:  304 09:58:54    -2397.320517        0.304971
MDMin:  305 09:58:56    -2397.320517        0.270667
MDMin:  306 09:58:58    -2397.320517        0.229848
MDMin:  307 09:58:59    -2397.320517        0.185206
MDMin:  308 09:59:00    -2397.320517        0.147799
MDMin:  309 09:59:01    -2397.320517        0.148007
MDMin:  310 09:59:03    -2397.320517        0.148256
MDMin:  311 09:59:04    -2397.320518        0.148541
MDMin:  312 09:59:05    -2397.320518        0.148857
MDMin:  313 09:59:07    -2397.320518        0.149200
MDMin:  314 09:59:08    -2397.320518        0.149569
MDMin:  315 09:59:09    -2397.320518        0.149963
MDMin:  316 09:59:11    -2397.320518        0.150382
MDMin:  317 09:59:12    -2397.320518        0.150825
MDMin:  318 09:59:14    -2397.320518        0.151843
MDMin:  319 09:59:15    -2397.320519        0.153125
MDMin:  320 09:59:17    -2397.320519        0.154461
MDMin:  321 09:59:19    -2397.320519        0.155851
MDMin:  322 09:59:21    -2397.320519        0.157293
MDMin:  323 09:59:23    -2397.320519        0.158785
MDMin:  324 09:59:25    -2397.320520        0.160327
MDMin:  325 09:59:27    -2397.320520        0.161915
MDMin:  326 09:59:29    -2397.320520        0.163549
MDMin:  327 09:59:31    -2397.320520        0.165225
MDMin:  328 09:59:33    -2397.320520        0.166941
MDMin:  329 09:59:35    -2397.320521        0.168693
MDMin:  330 09:59:36    -2397.320521        0.170479
MDMin:  331 09:59:38    -2397.320521        0.172294
MDMin:  332 09:59:40    -2397.320521        0.174134
MDMin:  333 09:59:42    -2397.320521        0.175995
MDMin:  334 09:59:43    -2397.320522        0.177872
MDMin:  335 09:59:45    -2397.320522        0.179760
MDMin:  336 09:59:47    -2397.320522        0.181652
MDMin:  337 09:59:48    -2397.320523        0.183541
MDMin:  338 09:59:50    -2397.320523        0.185422
MDMin:  339 09:59:52    -2397.320523        0.187286
MDMin:  340 09:59:53    -2397.320523        0.189125
MDMin:  341 09:59:55    -2397.320524        0.190931
MDMin:  342 09:59:57    -2397.320524        0.192693
MDMin:  343 09:59:59    -2397.320524        0.194403
MDMin:  344 10:00:01    -2397.320525        0.196049
MDMin:  345 10:00:03    -2397.320525        0.197620
MDMin:  346 10:00:05    -2397.320525        0.199105
MDMin:  347 10:00:07    -2397.320525        0.200491
MDMin:  348 10:00:08    -2397.320526        0.201764
MDMin:  349 10:00:09    -2397.320526        0.202913
MDMin:  350 10:00:11    -2397.320526        0.203923
MDMin:  351 10:00:12    -2397.320527        0.204780
MDMin:  352 10:00:14    -2397.320527        0.205471
MDMin:  353 10:00:16    -2397.320527        0.205982
MDMin:  354 10:00:17    -2397.320528        0.206300
MDMin:  355 10:00:19    -2397.320528        0.206410
MDMin:  356 10:00:21    -2397.320528        0.206301
MDMin:  357 10:00:23    -2397.320529        0.205960
MDMin:  358 10:00:25    -2397.320529        0.205375
MDMin:  359 10:00:27    -2397.320530        0.204538
MDMin:  360 10:00:29    -2397.320530        0.203437
MDMin:  361 10:00:31    -2397.320530        0.202064
MDMin:  362 10:00:33    -2397.320531        0.200414
MDMin:  363 10:00:35    -2397.320531        0.198479
MDMin:  364 10:00:37    -2397.320532        0.196257
MDMin:  365 10:00:38    -2397.320532        0.193744
MDMin:  366 10:00:40    -2397.320532        0.190939
MDMin:  367 10:00:42    -2397.320533        0.187844
MDMin:  368 10:00:44    -2397.320533        0.184460
MDMin:  369 10:00:46    -2397.320534        0.180790
MDMin:  370 10:00:48    -2397.320534        0.176841
MDMin:  371 10:00:50    -2397.320535        0.172619
MDMin:  372 10:00:52    -2397.320535        0.168133
MDMin:  373 10:00:54    -2397.320536        0.163394
MDMin:  374 10:00:56    -2397.320536        0.158413
MDMin:  375 10:00:58    -2397.320536        0.153203
MDMin:  376 10:01:00    -2397.320537        0.147781
MDMin:  377 10:01:02    -2397.320537        0.144225
MDMin:  378 10:01:04    -2397.320538        0.145790
MDMin:  379 10:01:06    -2397.320538        0.147462
MDMin:  380 10:01:07    -2397.320539        0.149258
MDMin:  381 10:01:09    -2397.320540        0.151193
MDMin:  382 10:01:11    -2397.320540        0.153285
MDMin:  383 10:01:12    -2397.320541        0.155548
MDMin:  384 10:01:14    -2397.320541        0.157998
MDMin:  385 10:01:15    -2397.320542        0.160645
MDMin:  386 10:01:16    -2397.320542        0.163498
MDMin:  387 10:01:18    -2397.320543        0.166557
MDMin:  388 10:01:19    -2397.320543        0.169821
MDMin:  389 10:01:20    -2397.320544        0.173276
MDMin:  390 10:01:21    -2397.320545        0.176904
MDMin:  391 10:01:23    -2397.320545        0.180676
MDMin:  392 10:01:24    -2397.320546        0.184555
MDMin:  393 10:01:26    -2397.320546        0.188496
MDMin:  394 10:01:27    -2397.320547        0.192446
MDMin:  395 10:01:28    -2397.320548        0.196345
MDMin:  396 10:01:29    -2397.320548        0.200130
MDMin:  397 10:01:31    -2397.320549        0.203732
MDMin:  398 10:01:32    -2397.320549        0.207082
MDMin:  399 10:01:34    -2397.320550        0.210109
MDMin:  400 10:01:35    -2397.320550        0.212746
MDMin:  401 10:01:37    -2397.320551        0.214927
MDMin:  402 10:01:39    -2397.320551        0.216593
MDMin:  403 10:01:40    -2397.320552        0.217702
MDMin:  404 10:01:41    -2397.320552        0.218216
MDMin:  405 10:01:43    -2397.320553        0.218098
MDMin:  406 10:01:45    -2397.320553        0.217321
MDMin:  407 10:01:47    -2397.320554        0.217750
MDMin:  408 10:01:49    -2397.320554        0.222361
MDMin:  409 10:01:51    -2397.320555        0.226705
MDMin:  410 10:01:52    -2397.320555        0.230731
MDMin:  411 10:01:54    -2397.320556        0.234391
MDMin:  412 10:01:56    -2397.320556        0.237635
MDMin:  413 10:01:58    -2397.320557        0.240414
MDMin:  414 10:02:00    -2397.320557        0.242681
MDMin:  415 10:02:01    -2397.320558        0.244391
MDMin:  416 10:02:03    -2397.320558        0.245505
MDMin:  417 10:02:05    -2397.320558        0.245989
MDMin:  418 10:02:06    -2397.320559        0.245815
MDMin:  419 10:02:08    -2397.320559        0.245428
MDMin:  420 10:02:09    -2397.320560        0.246419
MDMin:  421 10:02:10    -2397.320560        0.246766
MDMin:  422 10:02:11    -2397.320561        0.246490
MDMin:  423 10:02:13    -2397.320561        0.245706
MDMin:  424 10:02:14    -2397.320562        0.244725
MDMin:  425 10:02:16    -2397.320562        0.243803
MDMin:  426 10:02:17    -2397.320562        0.242844
MDMin:  427 10:02:19    -2397.320562        0.241764
MDMin:  428 10:02:20    -2397.320563        0.240541
MDMin:  429 10:02:21    -2397.320563        0.239171
MDMin:  430 10:02:23    -2397.320563        0.237649
MDMin:  431 10:02:24    -2397.320563        0.235971
MDMin:  432 10:02:26    -2397.320564        0.234136
MDMin:  433 10:02:28    -2397.320564        0.232140
MDMin:  434 10:02:30    -2397.320564        0.229982
MDMin:  435 10:02:32    -2397.320564        0.227662
MDMin:  436 10:02:33    -2397.320565        0.225179
MDMin:  437 10:02:35    -2397.320565        0.222532
MDMin:  438 10:02:36    -2397.320565        0.219723
MDMin:  439 10:02:37    -2397.320566        0.216755
MDMin:  440 10:02:38    -2397.320566        0.213628
MDMin:  441 10:02:40    -2397.320566        0.210348
MDMin:  442 10:02:41    -2397.320567        0.206920
MDMin:  443 10:02:42    -2397.320567        0.203350
MDMin:  444 10:02:44    -2397.320567        0.199647
MDMin:  445 10:02:46    -2397.320568        0.195820
MDMin:  446 10:02:48    -2397.320568        0.191881
MDMin:  447 10:02:50    -2397.320568        0.188283
MDMin:  448 10:02:52    -2397.320569        0.194637
MDMin:  449 10:02:53    -2397.320569        0.201605
MDMin:  450 10:02:55    -2397.320569        0.209221
MDMin:  451 10:02:56    -2397.320570        0.217516
MDMin:  452 10:02:58    -2397.320570        0.226508
MDMin:  453 10:02:59    -2397.320571        0.236202
MDMin:  454 10:03:01    -2397.320571        0.246583
MDMin:  455 10:03:03    -2397.320571        0.257607
MDMin:  456 10:03:05    -2397.320572        0.269203
MDMin:  457 10:03:07    -2397.320572        0.281260
MDMin:  458 10:03:09    -2397.320573        0.293626
MDMin:  459 10:03:11    -2397.320573        0.306107
MDMin:  460 10:03:13    -2397.320573        0.318466
MDMin:  461 10:03:15    -2397.320574        0.330430
MDMin:  462 10:03:16    -2397.320574        0.341692
MDMin:  463 10:03:17    -2397.320575        0.351929
MDMin:  464 10:03:19    -2397.320575        0.360815
MDMin:  465 10:03:20    -2397.320575        0.368046
MDMin:  466 10:03:22    -2397.320576        0.373374
MDMin:  467 10:03:23    -2397.320576        0.376645
MDMin:  468 10:03:24    -2397.320576        0.377829
MDMin:  469 10:03:26    -2397.320577        0.377021
MDMin:  470 10:03:27    -2397.320577        0.374400
MDMin:  471 10:03:28    -2397.320577        0.370169
MDMin:  472 10:03:29    -2397.320577        0.364482
MDMin:  473 10:03:31    -2397.320578        0.357445
MDMin:  474 10:03:33    -2397.320578        0.349137
MDMin:  475 10:03:34    -2397.320578        0.339642
MDMin:  476 10:03:36    -2397.320578        0.329054
MDMin:  477 10:03:37    -2397.320579        0.317490
MDMin:  478 10:03:38    -2397.320579        0.305086
MDMin:  479 10:03:40    -2397.320579        0.291999
MDMin:  480 10:03:41    -2397.320580        0.278404
MDMin:  481 10:03:42    -2397.320580        0.264494
MDMin:  482 10:03:43    -2397.320580        0.250481
MDMin:  483 10:03:46    -2397.320581        0.236601
MDMin:  484 10:03:47    -2397.320581        0.223125
MDMin:  485 10:03:49    -2397.320581        0.210377
MDMin:  486 10:03:51    -2397.320582        0.203423
MDMin:  487 10:03:52    -2397.320582        0.203409
MDMin:  488 10:03:53    -2397.320582        0.203123
MDMin:  489 10:03:55    -2397.320582        0.202642
MDMin:  490 10:03:56    -2397.320583        0.201997
MDMin:  491 10:03:58    -2397.320583        0.201191
MDMin:  492 10:03:59    -2397.320583        0.200222
MDMin:  493 10:04:00    -2397.320583        0.199081
MDMin:  494 10:04:02    -2397.320584        0.197762
MDMin:  495 10:04:03    -2397.320584        0.196257
MDMin:  496 10:04:06    -2397.320584        0.194553
MDMin:  497 10:04:07    -2397.320584        0.192641
MDMin:  498 10:04:09    -2397.320585        0.190507
MDMin:  499 10:04:10    -2397.320585        0.188139
MDMin:  500 10:04:12    -2397.320585        0.185525
MDMin:  501 10:04:13    -2397.320586        0.182654
MDMin:  502 10:04:14    -2397.320586        0.179517
MDMin:  503 10:04:16    -2397.320586        0.176125
MDMin:  504 10:04:17    -2397.320587        0.172514
MDMin:  505 10:04:18    -2397.320587        0.168776
MDMin:  506 10:04:20    -2397.320587        0.165083
MDMin:  507 10:04:21    -2397.320588        0.161651
MDMin:  508 10:04:22    -2397.320588        0.158538
MDMin:  509 10:04:24    -2397.320588        0.155583
MDMin:  510 10:04:25    -2397.320588        0.152614
MDMin:  511 10:04:26    -2397.320588        0.149543
MDMin:  512 10:04:28    -2397.320589        0.146338
MDMin:  513 10:04:29    -2397.320589        0.142982
MDMin:  514 10:04:31    -2397.320589        0.139470
MDMin:  515 10:04:33    -2397.320589        0.135798
MDMin:  516 10:04:35    -2397.320590        0.131965
MDMin:  517 10:04:37    -2397.320590        0.127971
MDMin:  518 10:04:39    -2397.320590        0.123819
MDMin:  519 10:04:40    -2397.320591        0.119514
MDMin:  520 10:04:42    -2397.320591        0.115063
MDMin:  521 10:04:43    -2397.320591        0.110476
MDMin:  522 10:04:45    -2397.320591        0.105768
MDMin:  523 10:04:46    -2397.320592        0.100964
MDMin:  524 10:04:48    -2397.320592        0.096101
MDMin:  525 10:04:50    -2397.320592        0.091264
MDMin:  526 10:04:52    -2397.320593        0.086635
MDMin:  527 10:04:53    -2397.320593        0.082581
MDMin:  528 10:04:55    -2397.320593        0.079446
MDMin:  529 10:04:57    -2397.320594        0.076957
MDMin:  530 10:04:59    -2397.320594        0.074633
MDMin:  531 10:05:01    -2397.320594        0.072317
MDMin:  532 10:05:03    -2397.320594        0.069980
MDMin:  533 10:05:05    -2397.320594        0.068949
MDMin:  534 10:05:07    -2397.320595        0.068518
MDMin:  535 10:05:09    -2397.320595        0.068070
MDMin:  536 10:05:11    -2397.320595        0.067601
MDMin:  537 10:05:12    -2397.320595        0.067114
MDMin:  538 10:05:14    -2397.320595        0.066606
MDMin:  539 10:05:16    -2397.320596        0.066078
MDMin:  540 10:05:18    -2397.320596        0.065529
MDMin:  541 10:05:20    -2397.320596        0.064959
MDMin:  542 10:05:22    -2397.320596        0.064370
MDMin:  543 10:05:24    -2397.320597        0.063762
MDMin:  544 10:05:25    -2397.320597        0.063135
MDMin:  545 10:05:26    -2397.320597        0.062489
MDMin:  546 10:05:28    -2397.320598        0.061825
MDMin:  547 10:05:29    -2397.320598        0.061143
MDMin:  548 10:05:30    -2397.320598        0.060445
MDMin:  549 10:05:32    -2397.320599        0.059730
MDMin:  550 10:05:33    -2397.320599        0.059000
MDMin:  551 10:05:35    -2397.320599        0.058256
MDMin:  552 10:05:36    -2397.320600        0.057501
MDMin:  553 10:05:38    -2397.320600        0.056742
MDMin:  554 10:05:40    -2397.320600        0.055997
MDMin:  555 10:05:41    -2397.320601        0.055321
MDMin:  556 10:05:43    -2397.320601        0.054802
MDMin:  557 10:05:45    -2397.320601        0.054425
MDMin:  558 10:05:47    -2397.320601        0.054079
MDMin:  559 10:05:48    -2397.320601        0.053731
MDMin:  560 10:05:49    -2397.320602        0.053375
MDMin:  561 10:05:51    -2397.320602        0.053013
MDMin:  562 10:05:52    -2397.320602        0.052644
MDMin:  563 10:05:54    -2397.320602        0.052268
MDMin:  564 10:05:56    -2397.320602        0.051886
MDMin:  565 10:05:58    -2397.320602        0.051497
MDMin:  566 10:06:00    -2397.320603        0.051102
MDMin:  567 10:06:02    -2397.320603        0.050701
MDMin:  568 10:06:04    -2397.320603        0.050294
MDMin:  569 10:06:06    -2397.320603        0.049880
