       Step     Time          Energy          fmax
MDMin:    0 10:15:48    -2393.761269        8.560312
MDMin:    1 10:15:50    -2393.764902        8.361161
MDMin:    2 10:15:52    -2393.775285        7.520450
MDMin:    3 10:15:54    -2393.791044        5.882535
MDMin:    4 10:15:55    -2393.807571        4.901435
MDMin:    5 10:15:56    -2393.815639        5.707446
MDMin:    6 10:15:58    -2393.823692        5.254173
MDMin:    7 10:15:59    -2393.830866        2.992571
MDMin:    8 10:16:01    -2393.837893        1.781329
MDMin:    9 10:16:03    -2393.845474        1.660889
MDMin:   10 10:16:05    -2393.853522        1.578918
MDMin:   11 10:16:07    -2393.862133        1.437573
MDMin:   12 10:16:08    -2393.871289        1.486136
MDMin:   13 10:16:10    -2393.880779        1.328835
MDMin:   14 10:16:11    -2393.889596        2.298990
MDMin:   15 10:16:13    -2393.893824        2.046863
MDMin:   16 10:16:14    -2393.895186        1.170866
MDMin:   17 10:16:15    -2393.897122        0.979408
MDMin:   18 10:16:16    -2393.899545        0.960219
MDMin:   19 10:16:18    -2393.902426        0.932466
MDMin:   20 10:16:20    -2393.905782        0.895740
MDMin:   21 10:16:22    -2393.909645        0.851138
MDMin:   22 10:16:24    -2393.914053        0.801362
MDMin:   23 10:16:26    -2393.919043        0.790246
MDMin:   24 10:16:28    -2393.924655        0.788828
MDMin:   25 10:16:29    -2393.930926        0.783006
MDMin:   26 10:16:30    -2393.937885        0.771082
MDMin:   27 10:16:32    -2393.945552        0.750820
MDMin:   28 10:16:34    -2393.953931        0.721319
MDMin:   29 10:16:35    -2393.962996        0.803991
MDMin:   30 10:16:37    -2393.971261        0.917951
MDMin:   31 10:16:39    -2393.975572        1.044836
MDMin:   32 10:16:41    -2393.979925        1.133925
MDMin:   33 10:16:42    -2393.984344        1.159294
MDMin:   34 10:16:44    -2393.989046        1.115476
MDMin:   35 10:16:46    -2393.994256        1.066180
MDMin:   36 10:16:47    -2394.000101        0.984117
MDMin:   37 10:16:48    -2394.005585        1.898345
MDMin:   38 10:16:51    -2394.007640        0.804309
MDMin:   39 10:16:52    -2394.010053        0.760837
MDMin:   40 10:16:54    -2394.012917        0.716525
MDMin:   41 10:16:56    -2394.016302        0.674059
MDMin:   42 10:16:58    -2394.020287        0.661749
MDMin:   43 10:17:00    -2394.024974        0.694666
MDMin:   44 10:17:01    -2394.030483        0.734367
MDMin:   45 10:17:03    -2394.036961        0.781828
MDMin:   46 10:17:04    -2394.044582        0.837686
MDMin:   47 10:17:05    -2394.053552        0.901935
MDMin:   48 10:17:07    -2394.064101        0.973711
MDMin:   49 10:17:08    -2394.076497        1.051764
MDMin:   50 10:17:09    -2394.091037        1.153568
MDMin:   51 10:17:11    -2394.108057        1.318666
MDMin:   52 10:17:12    -2394.127891        1.547070
MDMin:   53 10:17:14    -2394.150881        1.842779
MDMin:   54 10:17:16    -2394.177384        2.103183
MDMin:   55 10:17:17    -2394.208399        2.067364
MDMin:   56 10:17:19    -2394.246638        1.700334
MDMin:   57 10:17:20    -2394.295711        1.246742
MDMin:   58 10:17:22    -2394.356677        1.408233
MDMin:   59 10:17:23    -2394.425721        1.620434
MDMin:   60 10:17:25    -2394.494741        1.792708
MDMin:   61 10:17:27    -2394.560900        1.864637
MDMin:   62 10:17:29    -2394.631676        1.835519
MDMin:   63 10:17:31    -2394.717030        1.929160
MDMin:   64 10:17:33    -2394.824527        2.066644
MDMin:   65 10:17:35    -2394.962019        2.064950
MDMin:   66 10:17:36    -2395.136559        2.123267
MDMin:   67 10:17:38    -2395.346699        2.064924
MDMin:   68 10:17:39    -2395.449313        1.777914
MDMin:   69 10:17:41    -2395.470669        1.674862
MDMin:   70 10:17:43    -2395.492755        1.177587
MDMin:   71 10:17:45    -2395.513536        1.596066
MDMin:   72 10:17:47    -2395.520769        0.720413
MDMin:   73 10:17:49    -2395.525286        0.559899
MDMin:   74 10:17:51    -2395.530465        0.560337
MDMin:   75 10:17:53    -2395.536275        0.561110
MDMin:   76 10:17:55    -2395.542658        0.562310
MDMin:   77 10:17:57    -2395.549552        0.564004
MDMin:   78 10:17:58    -2395.556888        0.566209
MDMin:   79 10:18:00    -2395.564591        0.568859
MDMin:   80 10:18:02    -2395.572581        0.571801
MDMin:   81 10:18:04    -2395.580774        0.574814
MDMin:   82 10:18:06    -2395.589082        0.577675
MDMin:   83 10:18:08    -2395.597414        0.580175
MDMin:   84 10:18:10    -2395.605679        0.581869
MDMin:   85 10:18:12    -2395.613785        0.581286
MDMin:   86 10:18:13    -2395.621641        0.574664
MDMin:   87 10:18:15    -2395.629145        0.555679
MDMin:   88 10:18:16    -2395.636002        0.702933
MDMin:   89 10:18:18    -2395.640303        1.278056
MDMin:   90 10:18:21    -2395.640970        0.718268
MDMin:   91 10:18:23    -2395.642006        0.489847
MDMin:   92 10:18:25    -2395.643324        0.501296
MDMin:   93 10:18:27    -2395.644821        0.514082
MDMin:   94 10:18:28    -2395.646479        0.527682
MDMin:   95 10:18:29    -2395.648281        0.541276
MDMin:   96 10:18:31    -2395.650210        0.553674
MDMin:   97 10:18:33    -2395.652245        0.563273
MDMin:   98 10:18:35    -2395.654367        0.568119
MDMin:   99 10:18:37    -2395.656561        0.566128
MDMin:  100 10:18:39    -2395.658808        0.555495
MDMin:  101 10:18:40    -2395.661093        0.535209
MDMin:  102 10:18:42    -2395.663402        0.505498
MDMin:  103 10:18:44    -2395.665721        0.467937
MDMin:  104 10:18:46    -2395.668036        0.425112
MDMin:  105 10:18:47    -2395.670335        0.379961
MDMin:  106 10:18:49    -2395.672608        0.377841
MDMin:  107 10:18:51    -2395.674844        0.379226
MDMin:  108 10:18:52    -2395.677032        0.381026
MDMin:  109 10:18:54    -2395.679092        0.471223
MDMin:  110 10:18:56    -2395.680466        1.110886
MDMin:  111 10:18:58    -2395.680619        0.656791
MDMin:  112 10:19:00    -2395.680883        0.384847
MDMin:  113 10:19:01    -2395.681248        0.385180
MDMin:  114 10:19:03    -2395.681677        0.385656
MDMin:  115 10:19:05    -2395.682167        0.386314
MDMin:  116 10:19:07    -2395.682713        0.387203
MDMin:  117 10:19:08    -2395.683312        0.388385
MDMin:  118 10:19:10    -2395.683961        0.389932
MDMin:  119 10:19:11    -2395.684655        0.391928
MDMin:  120 10:19:12    -2395.685388        0.394473
MDMin:  121 10:19:15    -2395.686157        0.397672
MDMin:  122 10:19:16    -2395.686955        0.401629
MDMin:  123 10:19:18    -2395.687776        0.406431
MDMin:  124 10:19:20    -2395.688613        0.412120
MDMin:  125 10:19:21    -2395.689458        0.418659
MDMin:  126 10:19:23    -2395.690302        0.425902
MDMin:  127 10:19:25    -2395.691135        0.433581
MDMin:  128 10:19:27    -2395.691912        0.487733
MDMin:  129 10:19:28    -2395.692279        0.568236
MDMin:  130 10:19:29    -2395.693049        0.667369
MDMin:  131 10:19:31    -2395.693764        0.782367
MDMin:  132 10:19:32    -2395.694427        0.902170
MDMin:  133 10:19:34    -2395.695046        1.005102
MDMin:  134 10:19:36    -2395.695636        1.062412
MDMin:  135 10:19:37    -2395.696217        1.050808
MDMin:  136 10:19:39    -2395.696812        0.967094
MDMin:  137 10:19:41    -2395.697444        0.859136
MDMin:  138 10:19:42    -2395.698133        0.750799
MDMin:  139 10:19:44    -2395.698861        0.758288
MDMin:  140 10:19:46    -2395.699416        1.087647
MDMin:  141 10:19:49    -2395.699599        0.631101
MDMin:  142 10:19:50    -2395.699847        0.624525
MDMin:  143 10:19:52    -2395.700134        0.614040
MDMin:  144 10:19:53    -2395.700463        0.599018
MDMin:  145 10:19:55    -2395.700838        0.579260
MDMin:  146 10:19:57    -2395.701259        0.555024
MDMin:  147 10:19:59    -2395.701728        0.527083
MDMin:  148 10:20:00    -2395.702243        0.496609
MDMin:  149 10:20:01    -2395.702379        0.465368
MDMin:  150 10:20:03    -2395.703024        0.434110
MDMin:  151 10:20:05    -2395.703706        0.404128
MDMin:  152 10:20:06    -2395.704398        0.377236
MDMin:  153 10:20:08    -2395.704933        0.647233
MDMin:  154 10:20:09    -2395.705110        0.354325
MDMin:  155 10:20:10    -2395.705327        0.348292
MDMin:  156 10:20:12    -2395.705573        0.343864
MDMin:  157 10:20:13    -2395.705848        0.343062
MDMin:  158 10:20:14    -2395.706152        0.342165
MDMin:  159 10:20:16    -2395.706484        0.341177
MDMin:  160 10:20:18    -2395.706844        0.340098
MDMin:  161 10:20:20    -2395.707230        0.338927
MDMin:  162 10:20:22    -2395.707642        0.337658
MDMin:  163 10:20:24    -2395.708079        0.336277
MDMin:  164 10:20:26    -2395.708539        0.334758
MDMin:  165 10:20:29    -2395.709023        0.333062
MDMin:  166 10:20:30    -2395.709528        0.331134
MDMin:  167 10:20:32    -2395.710049        0.328917
MDMin:  168 10:20:34    -2395.710555        0.326472
MDMin:  169 10:20:36    -2395.710916        0.496084
MDMin:  170 10:20:38    -2395.711051        0.323675
MDMin:  171 10:20:40    -2395.711212        0.322679
MDMin:  172 10:20:41    -2395.711397        0.321496
MDMin:  173 10:20:43    -2395.711605        0.320108
MDMin:  174 10:20:44    -2395.711837        0.318492
MDMin:  175 10:20:46    -2395.712092        0.316652
MDMin:  176 10:20:48    -2395.712370        0.314568
MDMin:  177 10:20:49    -2395.712672        0.312218
MDMin:  178 10:20:51    -2395.712996        0.309575
MDMin:  179 10:20:53    -2395.713344        0.306610
MDMin:  180 10:20:55    -2395.713715        0.303296
MDMin:  181 10:20:57    -2395.714110        0.299610
MDMin:  182 10:20:59    -2395.714529        0.295532
MDMin:  183 10:21:00    -2395.714972        0.291054
MDMin:  184 10:21:02    -2395.715440        0.286178
MDMin:  185 10:21:03    -2395.715934        0.280925
MDMin:  186 10:21:05    -2395.716454        0.275337
MDMin:  187 10:21:07    -2395.716992        0.269554
MDMin:  188 10:21:09    -2395.717496        0.438993
MDMin:  189 10:21:11    -2395.717765        0.366632
MDMin:  190 10:21:13    -2395.717888        0.260386
MDMin:  191 10:21:15    -2395.718043        0.258909
MDMin:  192 10:21:16    -2395.718224        0.257232
MDMin:  193 10:21:18    -2395.718430        0.255368
MDMin:  194 10:21:20    -2395.718663        0.254483
MDMin:  195 10:21:23    -2395.718922        0.258603
MDMin:  196 10:21:24    -2395.719209        0.263350
MDMin:  197 10:21:25    -2395.719524        0.268789
MDMin:  198 10:21:27    -2395.719867        0.274990
MDMin:  199 10:21:29    -2395.720240        0.282025
MDMin:  200 10:21:31    -2395.720644        0.289966
MDMin:  201 10:21:33    -2395.721079        0.298879
MDMin:  202 10:21:35    -2395.721547        0.308811
MDMin:  203 10:21:37    -2395.722050        0.319777
MDMin:  204 10:21:39    -2395.722590        0.331738
MDMin:  205 10:21:41    -2395.723169        0.344568
MDMin:  206 10:21:42    -2395.723789        0.358032
MDMin:  207 10:21:44    -2395.724454        0.371760
MDMin:  208 10:21:46    -2395.725167        0.385240
MDMin:  209 10:21:48    -2395.725933        0.397851
MDMin:  210 10:21:50    -2395.726745        0.408827
MDMin:  211 10:21:52    -2395.727558        0.434060
MDMin:  212 10:21:54    -2395.728141        0.541353
MDMin:  213 10:21:55    -2395.728420        0.422801
MDMin:  214 10:21:57    -2395.728743        0.424134
MDMin:  215 10:21:59    -2395.729117        0.425189
MDMin:  216 10:22:01    -2395.729545        0.425740
MDMin:  217 10:22:02    -2395.730030        0.425490
MDMin:  218 10:22:03    -2395.730576        0.424032
MDMin:  219 10:22:05    -2395.731187        0.420829
MDMin:  220 10:22:06    -2395.731871        0.415188
MDMin:  221 10:22:08    -2395.732635        0.406265
MDMin:  222 10:22:10    -2395.733486        0.393131
MDMin:  223 10:22:12    -2395.734437        0.374932
MDMin:  224 10:22:14    -2395.735501        0.351140
MDMin:  225 10:22:15    -2395.736693        0.331948
MDMin:  226 10:22:17    -2395.738034        0.331931
MDMin:  227 10:22:19    -2395.739545        0.330702
MDMin:  228 10:22:20    -2395.741254        0.328089
MDMin:  229 10:22:22    -2395.743189        0.323970
MDMin:  230 10:22:24    -2395.745339        0.318405
MDMin:  231 10:22:26    -2395.747394        0.731060
MDMin:  232 10:22:28    -2395.748185        0.310178
MDMin:  233 10:22:29    -2395.748806        0.308367
MDMin:  234 10:22:31    -2395.749552        0.306208
MDMin:  235 10:22:33    -2395.750430        0.303695
MDMin:  236 10:22:34    -2395.751451        0.300819
MDMin:  237 10:22:36    -2395.752625        0.297573
MDMin:  238 10:22:38    -2395.753967        0.293955
MDMin:  239 10:22:40    -2395.755492        0.289968
MDMin:  240 10:22:42    -2395.757217        0.285619
MDMin:  241 10:22:43    -2395.758200        0.280919
MDMin:  242 10:22:45    -2395.758948        0.275975
MDMin:  243 10:22:48    -2395.759849        0.270694
MDMin:  244 10:22:49    -2395.760909        0.265101
MDMin:  245 10:22:51    -2395.762138        0.259224
MDMin:  246 10:22:53    -2395.763546        0.253086
MDMin:  247 10:22:55    -2395.765147        0.246709
MDMin:  248 10:22:57    -2395.766961        0.240116
MDMin:  249 10:22:58    -2395.769002        0.233361
MDMin:  250 10:23:00    -2395.771235        0.324985
MDMin:  251 10:23:01    -2395.773141        0.624016
MDMin:  252 10:23:02    -2395.773814        0.224351
MDMin:  253 10:23:03    -2395.774614        0.224036
MDMin:  254 10:23:05    -2395.775548        0.226829
MDMin:  255 10:23:06    -2395.776625        0.233497
MDMin:  256 10:23:08    -2395.777857        0.241420
MDMin:  257 10:23:10    -2395.779254        0.250823
MDMin:  258 10:23:12    -2395.780830        0.261986
MDMin:  259 10:23:13    -2395.782600        0.275264
MDMin:  260 10:23:14    -2395.784578        0.291101
MDMin:  261 10:23:16    -2395.786779        0.310049
MDMin:  262 10:23:18    -2395.789217        0.332776
MDMin:  263 10:23:20    -2395.791905        0.360064
MDMin:  264 10:23:22    -2395.794852        0.392746
MDMin:  265 10:23:24    -2395.798063        0.431538
MDMin:  266 10:23:25    -2395.801535        0.476712
MDMin:  267 10:23:27    -2395.805258        0.527356
MDMin:  268 10:23:29    -2395.809213        0.580306
MDMin:  269 10:23:31    -2395.813379        0.629322
MDMin:  270 10:23:32    -2395.817707        0.665568
MDMin:  271 10:23:34    -2395.822033        0.681799
MDMin:  272 10:23:35    -2395.825690        0.679994
MDMin:  273 10:23:37    -2395.827999        0.673021
MDMin:  274 10:23:38    -2395.829994        0.664811
MDMin:  275 10:23:39    -2395.832193        0.654346
MDMin:  276 10:23:41    -2395.834667        0.641512
MDMin:  277 10:23:42    -2395.837437        0.626467
MDMin:  278 10:23:44    -2395.840510        0.609429
MDMin:  279 10:23:46    -2395.843894        0.590535
MDMin:  280 10:23:48    -2395.847590        0.569886
MDMin:  281 10:23:50    -2395.851593        0.577529
MDMin:  282 10:23:52    -2395.855892        0.619379
MDMin:  283 10:23:53    -2395.860464        0.669786
MDMin:  284 10:23:55    -2395.865258        0.729484
MDMin:  285 10:23:57    -2395.870182        0.797508
MDMin:  286 10:23:58    -2395.874994        0.866673
MDMin:  287 10:24:00    -2395.879292        0.924776
MDMin:  288 10:24:01    -2395.882700        0.961459
MDMin:  289 10:24:03    -2395.885610        0.981945
MDMin:  290 10:24:05    -2395.888563        0.988723
MDMin:  291 10:24:07    -2395.891763        0.978367
MDMin:  292 10:24:09    -2395.895272        0.946185
MDMin:  293 10:24:10    -2395.899136        0.890653
MDMin:  294 10:24:12    -2395.903389        0.815459
MDMin:  295 10:24:14    -2395.908064        0.729278
MDMin:  296 10:24:15    -2395.913163        0.758707
MDMin:  297 10:24:17    -2395.918664        0.784753
MDMin:  298 10:24:18    -2395.924411        0.822769
MDMin:  299 10:24:19    -2395.930020        0.827360
MDMin:  300 10:24:20    -2395.934660        0.863049
MDMin:  301 10:24:22    -2395.938299        0.855264
MDMin:  302 10:24:23    -2395.941880        0.871443
MDMin:  303 10:24:25    -2395.945833        0.873713
MDMin:  304 10:24:27    -2395.950277        0.882685
MDMin:  305 10:24:29    -2395.955290        0.884535
MDMin:  306 10:24:31    -2395.960943        0.889428
MDMin:  307 10:24:33    -2395.967324        0.886375
MDMin:  308 10:24:34    -2395.974532        0.887871
MDMin:  309 10:24:36    -2395.982671        0.877777
MDMin:  310 10:24:37    -2395.991777        0.881717
MDMin:  311 10:24:38    -2396.001552        0.860277
MDMin:  312 10:24:39    -2396.010966        0.873771
MDMin:  313 10:24:41    -2396.018731        0.846154
MDMin:  314 10:24:42    -2396.026012        0.850976
MDMin:  315 10:24:44    -2396.033961        0.835255
MDMin:  316 10:24:45    -2396.043246        0.828498
MDMin:  317 10:24:47    -2396.054167        0.813937
MDMin:  318 10:24:48    -2396.067112        0.804869
MDMin:  319 10:24:50    -2396.082412        0.793326
MDMin:  320 10:24:52    -2396.100517        0.792303
MDMin:  321 10:24:54    -2396.121703        0.792685
MDMin:  322 10:24:56    -2396.146272        0.821235
MDMin:  323 10:24:58    -2396.173855        0.853666
MDMin:  324 10:25:00    -2396.203838        0.873106
MDMin:  325 10:25:02    -2396.233858        0.877589
MDMin:  326 10:25:03    -2396.261591        0.918587
MDMin:  327 10:25:04    -2396.283997        0.911653
MDMin:  328 10:25:06    -2396.302938        0.933943
MDMin:  329 10:25:07    -2396.319693        0.923248
MDMin:  330 10:25:09    -2396.336027        0.925499
MDMin:  331 10:25:11    -2396.351673        0.906639
MDMin:  332 10:25:13    -2396.366787        0.890745
MDMin:  333 10:25:14    -2396.379958        0.852007
MDMin:  334 10:25:16    -2396.391079        0.818844
MDMin:  335 10:25:18    -2396.400641        0.758844
MDMin:  336 10:25:20    -2396.408645        0.726683
MDMin:  337 10:25:22    -2396.413989        0.685607
MDMin:  338 10:25:23    -2396.414341        0.651082
MDMin:  339 10:25:25    -2396.414686        0.617004
MDMin:  340 10:25:27    -2396.415047        0.583205
MDMin:  341 10:25:29    -2396.415420        0.543677
MDMin:  342 10:25:31    -2396.415811        0.502530
MDMin:  343 10:25:33    -2396.416225        0.457342
MDMin:  344 10:25:35    -2396.416677        0.412493
MDMin:  345 10:25:37    -2396.417176        0.363920
MDMin:  346 10:25:39    -2396.417747        0.322060
MDMin:  347 10:25:41    -2396.418354        0.283631
MDMin:  348 10:25:43    -2396.418916        0.649649
MDMin:  349 10:25:45    -2396.418269        3.479959
MDMin:  350 10:25:47    -2396.418195        3.448181
MDMin:  351 10:25:49    -2396.416970        3.380774
MDMin:  352 10:25:50    -2396.412726        3.280475
MDMin:  353 10:25:52    -2396.403698        3.151279
MDMin:  354 10:25:53    -2396.389078        2.998258
MDMin:  355 10:25:56    -2396.369579        2.827451
MDMin:  356 10:25:58    -2396.347788        2.645758
MDMin:  357 10:26:00    -2396.328420        2.460935
MDMin:  358 10:26:01    -2396.318385        2.281753
MDMin:  359 10:26:02    -2396.326627        2.118368
MDMin:  360 10:26:04    -2396.365028        1.983971
MDMin:  361 10:26:05    -2396.406687        0.917858
MDMin:  362 10:26:07    -2396.405547        0.869544
MDMin:  363 10:26:08    -2396.404263        0.822440
MDMin:  364 10:26:10    -2396.402893        0.782430
MDMin:  365 10:26:12    -2396.401512        0.754111
MDMin:  366 10:26:13    -2396.400202        0.738672
MDMin:  367 10:26:14    -2396.399041        0.733333
MDMin:  368 10:26:15    -2396.398087        0.732901
MDMin:  369 10:26:18    -2396.397373        0.732008
MDMin:  370 10:26:19    -2396.396908        0.726610
MDMin:  371 10:26:21    -2396.396677        0.714220
MDMin:  372 10:26:23    -2396.396654        0.693382
MDMin:  373 10:26:25    -2396.396801        0.663184
MDMin:  374 10:26:27    -2396.397084        0.623616
MDMin:  375 10:26:29    -2396.397474        0.575472
MDMin:  376 10:26:30    -2396.397956        0.520866
MDMin:  377 10:26:32    -2396.398528        0.460774
MDMin:  378 10:26:33    -2396.399209        0.401560
MDMin:  379 10:26:35    -2396.400000        0.352498
MDMin:  380 10:26:37    -2396.400724        0.909168
MDMin:  381 10:26:38    -2396.400849        0.463024
MDMin:  382 10:26:40    -2396.401054        0.315201
MDMin:  383 10:26:42    -2396.401318        0.300695
MDMin:  384 10:26:43    -2396.401629        0.286636
MDMin:  385 10:26:44    -2396.401986        0.270541
MDMin:  386 10:26:45    -2396.402394        0.253126
MDMin:  387 10:26:47    -2396.402855        0.234275
MDMin:  388 10:26:49    -2396.403372        0.214445
MDMin:  389 10:26:51    -2396.403945        0.193817
MDMin:  390 10:26:52    -2396.404573        0.190807
MDMin:  391 10:26:54    -2396.405254        0.190117
MDMin:  392 10:26:55    -2396.405981        0.189029
MDMin:  393 10:26:57    -2396.406745        0.187481
MDMin:  394 10:26:59    -2396.407537        0.185416
MDMin:  395 10:27:00    -2396.408342        0.182807
MDMin:  396 10:27:01    -2396.409151        0.179635
MDMin:  397 10:27:03    -2396.409929        0.176018
MDMin:  398 10:27:05    -2396.410627        0.346046
MDMin:  399 10:27:06    -2396.410996        0.270080
MDMin:  400 10:27:08    -2396.411171        0.168873
MDMin:  401 10:27:10    -2396.411362        0.167602
MDMin:  402 10:27:12    -2396.411573        0.166165
MDMin:  403 10:27:14    -2396.411804        0.164560
MDMin:  404 10:27:16    -2396.412052        0.162789
MDMin:  405 10:27:18    -2396.412106        3.587232
MDMin:  406 10:27:20    -2396.411876        3.548439
MDMin:  407 10:27:22    -2396.410002        3.474130
MDMin:  408 10:27:23    -2396.404313        3.367359
MDMin:  409 10:27:25    -2396.392768        3.232212
MDMin:  410 10:27:28    -2396.374218        3.073605
MDMin:  411 10:27:29    -2396.348861        2.897297
MDMin:  412 10:27:31    -2396.318609        2.709898
MDMin:  413 10:27:32    -2396.287493        2.518859
MDMin:  414 10:27:34    -2396.261807        2.332494
MDMin:  415 10:27:35    -2396.249634        2.160254
MDMin:  416 10:27:37    -2396.260271        2.012918
MDMin:  417 10:27:39    -2396.306180        1.905138
MDMin:  418 10:27:41    -2396.398193        1.098314
MDMin:  419 10:27:43    -2396.396330        1.002214
MDMin:  420 10:27:45    -2396.394805        0.896747
MDMin:  421 10:27:47    -2396.393859        0.779365
MDMin:  422 10:27:49    -2396.393674        0.643532
MDMin:  423 10:27:51    -2396.394328        0.555816
MDMin:  424 10:27:52    -2396.395781        0.594482
MDMin:  425 10:27:54    -2396.397516        0.791176
MDMin:  426 10:27:56    -2396.398077        0.604017
MDMin:  427 10:27:58    -2396.398583        0.601125
MDMin:  428 10:28:00    -2396.399186        0.600084
MDMin:  429 10:28:02    -2396.399880        0.598261
MDMin:  430 10:28:04    -2396.400663        0.595497
MDMin:  431 10:28:05    -2396.401526        0.591876
MDMin:  432 10:28:07    -2396.402455        0.587547
MDMin:  433 10:28:09    -2396.403432        0.582698
MDMin:  434 10:28:10    -2396.404436        0.577364
MDMin:  435 10:28:12    -2396.405439        0.571317
MDMin:  436 10:28:14    -2396.406412        0.563943
MDMin:  437 10:28:16    -2396.407322        0.554337
MDMin:  438 10:28:18    -2396.408139        0.541388
MDMin:  439 10:28:20    -2396.408831        0.524149
MDMin:  440 10:28:21    -2396.409371        0.501802
MDMin:  441 10:28:23    -2396.409734        0.474324
MDMin:  442 10:28:25    -2396.409902        0.441521
MDMin:  443 10:28:26    -2396.409867        0.405548
MDMin:  444 10:28:28    -2396.409634        0.364160
MDMin:  445 10:28:30    -2396.409226        0.329481
MDMin:  446 10:28:32    -2396.408808        0.577717
MDMin:  447 10:28:34    -2396.408686        0.285280
MDMin:  448 10:28:35    -2396.408540        0.277381
MDMin:  449 10:28:37    -2396.408375        0.267441
MDMin:  450 10:28:38    -2396.408189        0.256672
MDMin:  451 10:28:40    -2396.407986        0.245130
MDMin:  452 10:28:41    -2396.407768        0.232993
MDMin:  453 10:28:43    -2396.407541        0.220423
MDMin:  454 10:28:45    -2396.407309        0.207614
MDMin:  455 10:28:46    -2396.407081        0.194759
MDMin:  456 10:28:48    -2396.406863        0.188327
MDMin:  457 10:28:50    -2396.406664        0.189666
MDMin:  458 10:28:51    -2396.406492        0.190788
MDMin:  459 10:28:53    -2396.406355        0.191594
MDMin:  460 10:28:54    -2396.406259        0.191982
MDMin:  461 10:28:55    -2396.406207        0.191917
MDMin:  462 10:28:57    -2396.406201        0.191409
MDMin:  463 10:28:58    -2396.406243        0.190431
MDMin:  464 10:29:00    -2396.406330        0.188967
MDMin:  465 10:29:02    -2396.406456        0.187049
MDMin:  466 10:29:05    -2396.406610        0.313685
MDMin:  467 10:29:06    -2396.406718        0.333040
MDMin:  468 10:29:08    -2396.406757        0.182509
MDMin:  469 10:29:10    -2396.406807        0.181721
MDMin:  470 10:29:12    -2396.406865        0.180824
MDMin:  471 10:29:14    -2396.406933        0.179810
MDMin:  472 10:29:16    -2396.407010        0.178677
MDMin:  473 10:29:18    -2396.407097        0.177422
MDMin:  474 10:29:20    -2396.407195        0.176042
MDMin:  475 10:29:22    -2396.407304        0.174534
MDMin:  476 10:29:23    -2396.407425        0.172897
MDMin:  477 10:29:25    -2396.407558        0.171129
MDMin:  478 10:29:26    -2396.407703        0.169230
MDMin:  479 10:29:28    -2396.407861        0.167200
MDMin:  480 10:29:30    -2396.408032        0.165040
MDMin:  481 10:29:32    -2396.408216        0.164858
MDMin:  482 10:29:33    -2396.408413        0.167371
MDMin:  483 10:29:35    -2396.408624        0.170005
MDMin:  484 10:29:37    -2396.408849        0.172741
MDMin:  485 10:29:39    -2396.409087        0.175554
MDMin:  486 10:29:41    -2396.409340        0.178411
MDMin:  487 10:29:42    -2396.409607        0.181268
MDMin:  488 10:29:44    -2396.409889        0.184072
MDMin:  489 10:29:45    -2396.410186        0.186759
MDMin:  490 10:29:46    -2396.410500        0.189276
MDMin:  491 10:29:48    -2396.410830        0.191562
MDMin:  492 10:29:50    -2396.411178        0.193529
MDMin:  493 10:29:52    -2396.411531        0.195002
MDMin:  494 10:29:54    -2396.411828        0.446869
MDMin:  495 10:29:56    -2396.411926        0.195766
MDMin:  496 10:29:58    -2396.412040        0.195799
MDMin:  497 10:30:00    -2396.412166        0.195797
MDMin:  498 10:30:02    -2396.412307        0.195743
MDMin:  499 10:30:04    -2396.412461        0.195616
MDMin:  500 10:30:06    -2396.412630        0.195391
MDMin:  501 10:30:07    -2396.412813        0.195040
MDMin:  502 10:30:09    -2396.413013        0.194533
MDMin:  503 10:30:11    -2396.413228        0.193837
MDMin:  504 10:30:13    -2396.413461        0.192920
MDMin:  505 10:30:15    -2396.413712        0.191749
MDMin:  506 10:30:17    -2396.413981        0.190293
MDMin:  507 10:30:19    -2396.414272        0.188526
MDMin:  508 10:30:20    -2396.414584        0.186424
MDMin:  509 10:30:22    -2396.414919        0.183974
MDMin:  510 10:30:24    -2396.415279        0.181165
MDMin:  511 10:30:26    -2396.415667        0.178003
MDMin:  512 10:30:27    -2396.416085        0.174496
MDMin:  513 10:30:29    -2396.416532        0.170686
MDMin:  514 10:30:31    -2396.417012        0.166614
MDMin:  515 10:30:33    -2396.417488        0.183224
MDMin:  516 10:30:35    -2396.417867        0.342323
MDMin:  517 10:30:37    -2396.418047        0.169220
MDMin:  518 10:30:39    -2396.418248        0.171253
MDMin:  519 10:30:41    -2396.418472        0.173511
MDMin:  520 10:30:43    -2396.418722        0.176007
MDMin:  521 10:30:45    -2396.418999        0.178729
MDMin:  522 10:30:47    -2396.419304        0.181663
MDMin:  523 10:30:48    -2396.419641        0.184779
MDMin:  524 10:30:50    -2396.420011        0.188040
MDMin:  525 10:30:52    -2396.420416        0.191389
MDMin:  526 10:30:54    -2396.420861        0.194756
MDMin:  527 10:30:55    -2396.421349        0.198047
MDMin:  528 10:30:57    -2396.421883        0.201150
MDMin:  529 10:30:59    -2396.422470        0.203926
MDMin:  530 10:31:01    -2396.423114        0.206219
MDMin:  531 10:31:03    -2396.423823        0.207913
MDMin:  532 10:31:05    -2396.424605        0.208986
MDMin:  533 10:31:07    -2396.425469        0.209343
MDMin:  534 10:31:09    -2396.426427        0.208899
MDMin:  535 10:31:11    -2396.427488        0.207593
MDMin:  536 10:31:13    -2396.428675        0.205395
MDMin:  537 10:31:14    -2396.429968        0.202383
MDMin:  538 10:31:16    -2396.431368        0.260468
MDMin:  539 10:31:17    -2396.432557        0.214017
MDMin:  540 10:31:19    -2396.433404        0.224124
MDMin:  541 10:31:21    -2396.434069        0.190932
MDMin:  542 10:31:23    -2396.434834        0.188748
MDMin:  543 10:31:25    -2396.435692        0.186350
MDMin:  544 10:31:26    -2396.436659        0.183714
MDMin:  545 10:31:28    -2396.437743        0.182457
MDMin:  546 10:31:30    -2396.438959        0.187827
MDMin:  547 10:31:32    -2396.440318        0.193638
MDMin:  548 10:31:33    -2396.441838        0.199929
MDMin:  549 10:31:36    -2396.443533        0.206640
MDMin:  550 10:31:37    -2396.445424        0.213759
MDMin:  551 10:31:39    -2396.447528        0.221181
MDMin:  552 10:31:41    -2396.449868        0.228836
MDMin:  553 10:31:43    -2396.452462        0.236545
MDMin:  554 10:31:44    -2396.455334        0.244174
MDMin:  555 10:31:46    -2396.458500        0.251463
MDMin:  556 10:31:47    -2396.461981        0.258252
MDMin:  557 10:31:49    -2396.465786        0.264243
MDMin:  558 10:31:51    -2396.469061        0.269350
MDMin:  559 10:31:53    -2396.469238        0.273381
MDMin:  560 10:31:55    -2396.469431        0.273749
MDMin:  561 10:31:56    -2396.469623        0.272515
MDMin:  562 10:31:58    -2396.469808        0.282399
MDMin:  563 10:32:00    -2396.469985        0.291564
MDMin:  564 10:32:02    -2396.470124        0.365389
MDMin:  565 10:32:04    -2396.470251        0.337593
MDMin:  566 10:32:06    -2396.470380        0.264036
MDMin:  567 10:32:07    -2396.470512        0.272496
MDMin:  568 10:32:09    -2396.470647        0.285419
MDMin:  569 10:32:10    -2396.470784        0.289824
MDMin:  570 10:32:12    -2396.470924        0.287324
MDMin:  571 10:32:14    -2396.471066        0.280489
MDMin:  572 10:32:16    -2396.471211        0.271684
MDMin:  573 10:32:18    -2396.471350        0.262777
MDMin:  574 10:32:20    -2396.471461        0.255898
MDMin:  575 10:32:21    -2396.471535        0.258833
MDMin:  576 10:32:23    -2396.471602        0.264257
MDMin:  577 10:32:24    -2396.471673        0.269887
MDMin:  578 10:32:26    -2396.471751        0.275730
MDMin:  579 10:32:28    -2396.471834        0.281643
MDMin:  580 10:32:30    -2396.471924        0.287418
MDMin:  581 10:32:31    -2396.472020        0.292785
MDMin:  582 10:32:32    -2396.472122        0.297414
MDMin:  583 10:32:34    -2396.472229        0.300920
MDMin:  584 10:32:36    -2396.472342        0.302881
MDMin:  585 10:32:38    -2396.472460        0.302863
MDMin:  586 10:32:40    -2396.472582        0.308042
MDMin:  587 10:32:42    -2396.472709        0.324496
MDMin:  588 10:32:44    -2396.472839        0.342407
MDMin:  589 10:32:46    -2396.472971        0.361914
MDMin:  590 10:32:48    -2396.473104        0.383177
MDMin:  591 10:32:50    -2396.473234        0.406187
MDMin:  592 10:32:52    -2396.473354        0.429970
MDMin:  593 10:32:54    -2396.473448        0.451353
MDMin:  594 10:32:56    -2396.473514        0.468496
MDMin:  595 10:32:57    -2396.473573        0.485425
MDMin:  596 10:32:59    -2396.473633        0.504760
MDMin:  597 10:33:01    -2396.473695        0.527517
MDMin:  598 10:33:03    -2396.473760        0.554443
MDMin:  599 10:33:05    -2396.473827        0.586208
MDMin:  600 10:33:07    -2396.473895        0.623291
MDMin:  601 10:33:09    -2396.473963        0.665729
MDMin:  602 10:33:10    -2396.474032        0.712792
MDMin:  603 10:33:11    -2396.474100        0.762675
MDMin:  604 10:33:13    -2396.474168        0.812223
MDMin:  605 10:33:15    -2396.474236        0.856959
MDMin:  606 10:33:17    -2396.474304        0.891531
MDMin:  607 10:33:19    -2396.474372        0.910821
MDMin:  608 10:33:21    -2396.474441        0.911881
MDMin:  609 10:33:23    -2396.474513        0.892579
MDMin:  610 10:33:25    -2396.474588        0.852169
MDMin:  611 10:33:27    -2396.474666        0.790761
MDMin:  612 10:33:29    -2396.474747        0.710022
MDMin:  613 10:33:31    -2396.474833        0.725178
MDMin:  614 10:33:33    -2396.474922        0.744282
MDMin:  615 10:33:35    -2396.475013        0.763524
MDMin:  616 10:33:37    -2396.475106        0.787510
MDMin:  617 10:33:39    -2396.475196        0.816983
MDMin:  618 10:33:41    -2396.475270        0.840878
MDMin:  619 10:33:42    -2396.475318        0.847751
MDMin:  620 10:33:44    -2396.475354        0.842700
MDMin:  621 10:33:46    -2396.475391        0.824129
MDMin:  622 10:33:47    -2396.475431        0.787432
MDMin:  623 10:33:49    -2396.475474        0.731462
MDMin:  624 10:33:51    -2396.475521        0.660997
MDMin:  625 10:33:53    -2396.475572        0.648826
MDMin:  626 10:33:55    -2396.475627        0.682607
MDMin:  627 10:33:57    -2396.475685        0.714849
MDMin:  628 10:33:58    -2396.475745        0.742389
MDMin:  629 10:34:00    -2396.475807        0.757346
MDMin:  630 10:34:02    -2396.475872        0.746475
MDMin:  631 10:34:04    -2396.475940        0.699586
MDMin:  632 10:34:06    -2396.476010        0.623701
MDMin:  633 10:34:08    -2396.476080        0.547097
MDMin:  634 10:34:10    -2396.476128        0.503318
MDMin:  635 10:34:11    -2396.476149        0.487301
MDMin:  636 10:34:13    -2396.476173        0.470722
MDMin:  637 10:34:15    -2396.476199        0.454026
MDMin:  638 10:34:16    -2396.476228        0.437812
MDMin:  639 10:34:18    -2396.476259        0.422659
MDMin:  640 10:34:20    -2396.476293        0.409069
MDMin:  641 10:34:21    -2396.476329        0.397427
MDMin:  642 10:34:23    -2396.476368        0.387957
MDMin:  643 10:34:24    -2396.476409        0.380678
MDMin:  644 10:34:26    -2396.476452        0.375363
MDMin:  645 10:34:27    -2396.476497        0.371524
MDMin:  646 10:34:29    -2396.476544        0.368439
MDMin:  647 10:34:31    -2396.476594        0.365254
MDMin:  648 10:34:33    -2396.476645        0.361154
MDMin:  649 10:34:35    -2396.476699        0.355555
MDMin:  650 10:34:36    -2396.476754        0.348227
MDMin:  651 10:34:38    -2396.476811        0.339294
MDMin:  652 10:34:40    -2396.476870        0.329102
MDMin:  653 10:34:42    -2396.476930        0.327232
MDMin:  654 10:34:43    -2396.476991        0.357837
MDMin:  655 10:34:44    -2396.477053        0.391278
MDMin:  656 10:34:46    -2396.477112        0.425094
MDMin:  657 10:34:48    -2396.477153        0.448817
MDMin:  658 10:34:50    -2396.477166        0.456256
MDMin:  659 10:34:52    -2396.477183        0.465369
MDMin:  660 10:34:54    -2396.477201        0.475249
MDMin:  661 10:34:55    -2396.477220        0.485774
MDMin:  662 10:34:57    -2396.477241        0.496744
MDMin:  663 10:34:58    -2396.477264        0.507872
MDMin:  664 10:35:00    -2396.477288        0.518782
MDMin:  665 10:35:01    -2396.477313        0.529008
MDMin:  666 10:35:03    -2396.477340        0.538152
MDMin:  667 10:35:05    -2396.477367        0.546021
MDMin:  668 10:35:07    -2396.477396        0.552223
MDMin:  669 10:35:09    -2396.477426        0.556366
MDMin:  670 10:35:11    -2396.477457        0.558146
MDMin:  671 10:35:13    -2396.477488        0.557279
MDMin:  672 10:35:15    -2396.477520        0.553267
MDMin:  673 10:35:17    -2396.477553        0.545037
MDMin:  674 10:35:19    -2396.477587        0.530711
MDMin:  675 10:35:21    -2396.477621        0.507627
MDMin:  676 10:35:23    -2396.477657        0.473060
MDMin:  677 10:35:24    -2396.477693        0.425805
MDMin:  678 10:35:26    -2396.477731        0.368009
MDMin:  679 10:35:27    -2396.477770        0.344681
MDMin:  680 10:35:28    -2396.477811        0.347743
MDMin:  681 10:35:30    -2396.477853        0.351882
MDMin:  682 10:35:32    -2396.477893        0.359590
MDMin:  683 10:35:34    -2396.477917        0.405283
MDMin:  684 10:35:36    -2396.477921        0.368374
MDMin:  685 10:35:38    -2396.477926        0.370589
MDMin:  686 10:35:39    -2396.477933        0.373688
MDMin:  687 10:35:41    -2396.477942        0.377647
MDMin:  688 10:35:42    -2396.477951        0.382595
MDMin:  689 10:35:44    -2396.477960        0.388693
MDMin:  690 10:35:45    -2396.477971        0.396104
MDMin:  691 10:35:47    -2396.477983        0.404980
MDMin:  692 10:35:49    -2396.477995        0.415440
MDMin:  693 10:35:51    -2396.478007        0.427553
MDMin:  694 10:35:52    -2396.478020        0.441315
MDMin:  695 10:35:54    -2396.478034        0.456629
MDMin:  696 10:35:56    -2396.478047        0.473291
MDMin:  697 10:35:57    -2396.478061        0.490979
MDMin:  698 10:35:59    -2396.478075        0.509256
MDMin:  699 10:36:01    -2396.478089        0.527567
MDMin:  700 10:36:03    -2396.478103        0.545241
MDMin:  701 10:36:05    -2396.478117        0.561567
MDMin:  702 10:36:07    -2396.478130        0.575609
MDMin:  703 10:36:09    -2396.478144        0.586210
MDMin:  704 10:36:11    -2396.478158        0.591989
MDMin:  705 10:36:13    -2396.478171        0.591426
MDMin:  706 10:36:14    -2396.478185        0.583097
MDMin:  707 10:36:16    -2396.478198        0.566028
MDMin:  708 10:36:17    -2396.478212        0.540058
MDMin:  709 10:36:19    -2396.478226        0.506006
MDMin:  710 10:36:21    -2396.478239        0.465443
MDMin:  711 10:36:22    -2396.478254        0.419870
MDMin:  712 10:36:24    -2396.478268        0.371103
MDMin:  713 10:36:26    -2396.478283        0.321466
MDMin:  714 10:36:28    -2396.478298        0.274494
MDMin:  715 10:36:29    -2396.478312        0.235378
MDMin:  716 10:36:30    -2396.478325        0.210224
MDMin:  717 10:36:32    -2396.478334        0.202428
MDMin:  718 10:36:33    -2396.478336        0.511209
MDMin:  719 10:36:35    -2396.478336        0.484169
MDMin:  720 10:36:37    -2396.478337        0.405039
MDMin:  721 10:36:38    -2396.478337        0.282052
MDMin:  722 10:36:39    -2396.478337        0.209820
MDMin:  723 10:36:41    -2396.478337        0.211520
MDMin:  724 10:36:43    -2396.478337        0.213991
MDMin:  725 10:36:44    -2396.478337        0.217191
MDMin:  726 10:36:46    -2396.478337        0.221206
MDMin:  727 10:36:47    -2396.478337        0.226162
MDMin:  728 10:36:48    -2396.478337        0.232212
MDMin:  729 10:36:49    -2396.478337        0.239525
MDMin:  730 10:36:51    -2396.478337        0.248286
MDMin:  731 10:36:52    -2396.478336        0.258697
MDMin:  732 10:36:53    -2396.478335        0.270975
MDMin:  733 10:36:55    -2396.478334        0.285357
MDMin:  734 10:36:56    -2396.478333        0.305110
MDMin:  735 10:36:58    -2396.478332        0.329702
MDMin:  736 10:36:59    -2396.478330        0.357775
MDMin:  737 10:37:01    -2396.478329        0.389472
MDMin:  738 10:37:03    -2396.478327        0.424754
MDMin:  739 10:37:05    -2396.478325        0.463312
MDMin:  740 10:37:07    -2396.478323        0.504487
MDMin:  741 10:37:09    -2396.478321        0.547216
MDMin:  742 10:37:10    -2396.478319        0.590044
MDMin:  743 10:37:12    -2396.478317        0.631190
MDMin:  744 10:37:13    -2396.478315        0.669418
MDMin:  745 10:37:15    -2396.478312        0.736550
MDMin:  746 10:37:17    -2396.478310        0.812740
MDMin:  747 10:37:18    -2396.478308        0.899064
MDMin:  748 10:37:20    -2396.478305        0.996046
MDMin:  749 10:37:21    -2396.478302        1.103242
MDMin:  750 10:37:23    -2396.478300        1.218783
MDMin:  751 10:37:25    -2396.478297        1.338533
MDMin:  752 10:37:27    -2396.478294        1.454647
MDMin:  753 10:37:29    -2396.478291        1.552009
MDMin:  754 10:37:30    -2396.478288        1.601143
MDMin:  755 10:37:32    -2396.478285        1.554385
MDMin:  756 10:37:34    -2396.478282        1.382045
MDMin:  757 10:37:36    -2396.478278        1.180034
MDMin:  758 10:37:37    -2396.478274        1.161358
MDMin:  759 10:37:39    -2396.478269        1.001016
MDMin:  760 10:37:41    -2396.478269        0.980489
MDMin:  761 10:37:42    -2396.478269        0.875641
MDMin:  762 10:37:43    -2396.478269        0.866161
MDMin:  763 10:37:44    -2396.478269        1.038068
MDMin:  764 10:37:46    -2396.478268        0.973467
MDMin:  765 10:37:47    -2396.478268        0.876582
MDMin:  766 10:37:49    -2396.478268        0.629534
MDMin:  767 10:37:51    -2396.478268        0.953360
MDMin:  768 10:37:53    -2396.478267        1.019324
MDMin:  769 10:37:54    -2396.478267        0.766231
MDMin:  770 10:37:56    -2396.478267        0.606211
MDMin:  771 10:37:58    -2396.478267        1.006955
MDMin:  772 10:38:00    -2396.478267        0.954570
MDMin:  773 10:38:01    -2396.478266        0.845993
MDMin:  774 10:38:03    -2396.478266        0.854960
MDMin:  775 10:38:05    -2396.478266        0.897049
MDMin:  776 10:38:07    -2396.478266        0.959299
MDMin:  777 10:38:10    -2396.478265        0.922940
MDMin:  778 10:38:11    -2396.478264        0.778446
MDMin:  779 10:38:13    -2396.478264        0.766319
MDMin:  780 10:38:15    -2396.478263        0.851218
MDMin:  781 10:38:16    -2396.478262        0.825219
MDMin:  782 10:38:18    -2396.478262        0.795786
MDMin:  783 10:38:20    -2396.478261        0.838002
MDMin:  784 10:38:21    -2396.478260        1.002380
MDMin:  785 10:38:23    -2396.478260        0.908665
MDMin:  786 10:38:24    -2396.478259        0.887055
MDMin:  787 10:38:25    -2396.478257        0.780890
MDMin:  788 10:38:26    -2396.478257        0.988646
MDMin:  789 10:38:28    -2396.478257        0.819685
MDMin:  790 10:38:30    -2396.478257        0.828507
MDMin:  791 10:38:31    -2396.478256        0.852469
MDMin:  792 10:38:32    -2396.478256        0.863064
MDMin:  793 10:38:34    -2396.478255        0.638410
MDMin:  794 10:38:35    -2396.478255        0.753263
MDMin:  795 10:38:37    -2396.478255        0.836720
MDMin:  796 10:38:38    -2396.478254        0.671554
MDMin:  797 10:38:40    -2396.478254        0.874267
MDMin:  798 10:38:42    -2396.478254        0.672533
MDMin:  799 10:38:43    -2396.478254        0.751737
MDMin:  800 10:38:45    -2396.478254        0.822133
MDMin:  801 10:38:47    -2396.478253        0.745663
MDMin:  802 10:38:49    -2396.478253        0.710682
MDMin:  803 10:38:50    -2396.478253        0.805253
MDMin:  804 10:38:52    -2396.478253        0.745573
MDMin:  805 10:38:53    -2396.478252        0.773761
MDMin:  806 10:38:55    -2396.478252        0.786504
MDMin:  807 10:38:57    -2396.478252        0.739474
MDMin:  808 10:38:58    -2396.478252        0.733858
MDMin:  809 10:39:00    -2396.478251        0.783754
MDMin:  810 10:39:02    -2396.478251        0.731055
MDMin:  811 10:39:04    -2396.478251        0.829287
MDMin:  812 10:39:05    -2396.478251        0.734527
MDMin:  813 10:39:06    -2396.478250        0.726956
MDMin:  814 10:39:08    -2396.478250        0.544727
MDMin:  815 10:39:09    -2396.478250        0.684729
MDMin:  816 10:39:10    -2396.478250        0.739221
MDMin:  817 10:39:12    -2396.478249        1.000772
MDMin:  818 10:39:13    -2396.478249        0.667391
MDMin:  819 10:39:15    -2396.478249        0.651717
MDMin:  820 10:39:17    -2396.478249        0.686417
MDMin:  821 10:39:19    -2396.478248        0.705819
MDMin:  822 10:39:21    -2396.478248        0.957525
MDMin:  823 10:39:23    -2396.478248        0.555340
MDMin:  824 10:39:25    -2396.478248        0.652037
MDMin:  825 10:39:27    -2396.478247        0.704715
MDMin:  826 10:39:29    -2396.478247        0.594288
MDMin:  827 10:39:31    -2396.478247        0.844237
MDMin:  828 10:39:33    -2396.478247        0.550272
MDMin:  829 10:39:35    -2396.478246        0.637610
MDMin:  830 10:39:36    -2396.478246        0.398997
MDMin:  831 10:39:38    -2396.478246        0.632974
MDMin:  832 10:39:39    -2396.478246        0.588938
MDMin:  833 10:39:40    -2396.478245        0.644745
MDMin:  834 10:39:42    -2396.478245        0.400655
MDMin:  835 10:39:44    -2396.478245        0.596702
MDMin:  836 10:39:46    -2396.478245        0.602502
MDMin:  837 10:39:47    -2396.478244        0.806334
MDMin:  838 10:39:49    -2396.478244        0.555276
MDMin:  839 10:39:51    -2396.478244        0.476376
MDMin:  840 10:39:52    -2396.478244        0.584528
MDMin:  841 10:39:54    -2396.478243        0.603275
MDMin:  842 10:39:55    -2396.478243        0.499459
MDMin:  843 10:39:57    -2396.478243        0.664645
MDMin:  844 10:39:59    -2396.478243        0.601285
MDMin:  845 10:40:01    -2396.478243        0.537247
MDMin:  846 10:40:03    -2396.478242        0.704073
MDMin:  847 10:40:05    -2396.478242        0.527315
MDMin:  848 10:40:06    -2396.478242        0.576677
MDMin:  849 10:40:08    -2396.478241        0.530270
MDMin:  850 10:40:10    -2396.478241        0.686699
MDMin:  851 10:40:12    -2396.478241        0.378970
MDMin:  852 10:40:14    -2396.478241        0.479958
MDMin:  853 10:40:16    -2396.478240        0.549004
MDMin:  854 10:40:17    -2396.478240        0.449646
MDMin:  855 10:40:19    -2396.478240        0.507126
MDMin:  856 10:40:21    -2396.478240        0.456916
MDMin:  857 10:40:23    -2396.478239        0.434304
MDMin:  858 10:40:25    -2396.478239        0.372729
MDMin:  859 10:40:27    -2396.478239        0.407176
MDMin:  860 10:40:29    -2396.478238        0.463259
MDMin:  861 10:40:31    -2396.478238        0.369847
MDMin:  862 10:40:32    -2396.478238        0.416425
MDMin:  863 10:40:34    -2396.478238        0.464101
MDMin:  864 10:40:35    -2396.478237        0.474788
MDMin:  865 10:40:36    -2396.478237        0.404097
MDMin:  866 10:40:37    -2396.478237        0.564978
MDMin:  867 10:40:39    -2396.478236        0.379469
MDMin:  868 10:40:41    -2396.478236        0.370973
MDMin:  869 10:40:43    -2396.478236        0.373878
MDMin:  870 10:40:45    -2396.478235        0.359904
MDMin:  871 10:40:47    -2396.478235        0.363712
MDMin:  872 10:40:49    -2396.478235        0.374239
MDMin:  873 10:40:51    -2396.478235        0.359880
MDMin:  874 10:40:52    -2396.478234        0.374317
MDMin:  875 10:40:53    -2396.478234        0.353995
MDMin:  876 10:40:54    -2396.478234        0.377436
MDMin:  877 10:40:56    -2396.478233        0.360614
MDMin:  878 10:40:58    -2396.478233        0.375585
MDMin:  879 10:40:59    -2396.478232        0.348854
MDMin:  880 10:41:00    -2396.478232        0.374446
MDMin:  881 10:41:02    -2396.478232        0.371978
MDMin:  882 10:41:03    -2396.478231        0.345514
MDMin:  883 10:41:04    -2396.478231        0.420563
MDMin:  884 10:41:06    -2396.478231        0.348633
MDMin:  885 10:41:08    -2396.478230        0.359708
MDMin:  886 10:41:10    -2396.478230        0.339068
MDMin:  887 10:41:11    -2396.478229        0.337040
MDMin:  888 10:41:13    -2396.478228        0.398854
MDMin:  889 10:41:15    -2396.478228        0.331649
MDMin:  890 10:41:16    -2396.478228        0.330441
MDMin:  891 10:41:18    -2396.478227        0.328704
MDMin:  892 10:41:19    -2396.478226        0.326308
MDMin:  893 10:41:20    -2396.478226        0.323001
MDMin:  894 10:41:22    -2396.478225        0.319037
MDMin:  895 10:41:23    -2396.478224        0.314936
MDMin:  896 10:41:24    -2396.478224        0.312600
MDMin:  897 10:41:26    -2396.478223        0.310204
MDMin:  898 10:41:28    -2396.478222        0.307082
MDMin:  899 10:41:30    -2396.478221        0.303044
MDMin:  900 10:41:31    -2396.478220        0.298088
MDMin:  901 10:41:33    -2396.478219        0.292073
MDMin:  902 10:41:35    -2396.478218        0.285173
MDMin:  903 10:41:37    -2396.478216        0.277353
MDMin:  904 10:41:39    -2396.478215        0.269592
MDMin:  905 10:41:40    -2396.478214        0.262363
MDMin:  906 10:41:42    -2396.478212        0.256458
MDMin:  907 10:41:43    -2396.478211        0.250603
MDMin:  908 10:41:45    -2396.478210        0.244439
MDMin:  909 10:41:47    -2396.478209        0.237607
MDMin:  910 10:41:49    -2396.478208        0.230203
MDMin:  911 10:41:51    -2396.478206        0.222170
MDMin:  912 10:41:53    -2396.478205        0.213682
MDMin:  913 10:41:55    -2396.478204        0.204745
MDMin:  914 10:41:56    -2396.478202        0.195649
MDMin:  915 10:41:58    -2396.478201        0.190431
MDMin:  916 10:42:00    -2396.478199        0.185192
MDMin:  917 10:42:02    -2396.478198        0.180406
MDMin:  918 10:42:03    -2396.478198        0.176477
MDMin:  919 10:42:05    -2396.478197        0.172971
MDMin:  920 10:42:06    -2396.478197        0.169391
MDMin:  921 10:42:08    -2396.478196        0.165565
MDMin:  922 10:42:09    -2396.478196        0.161459
MDMin:  923 10:42:11    -2396.478195        0.157080
MDMin:  924 10:42:12    -2396.478195        0.152459
MDMin:  925 10:42:14    -2396.478195        0.147652
