       Step     Time          Energy          fmax
MDMin:    0 18:22:58    -2397.350940        0.147394
MDMin:    1 18:23:00    -2397.350942        0.147374
MDMin:    2 18:23:01    -2397.350949        0.147314
MDMin:    3 18:23:02    -2397.350961        0.147214
MDMin:    4 18:23:03    -2397.350978        0.147075
MDMin:    5 18:23:05    -2397.351000        0.146896
MDMin:    6 18:23:07    -2397.351027        0.146678
MDMin:    7 18:23:08    -2397.351059        0.146422
MDMin:    8 18:23:10    -2397.351095        0.146127
MDMin:    9 18:23:11    -2397.351137        0.145795
MDMin:   10 18:23:12    -2397.351183        0.145425
MDMin:   11 18:23:14    -2397.351235        0.145019
MDMin:   12 18:23:16    -2397.351292        0.144578
MDMin:   13 18:23:18    -2397.351354        0.144102
MDMin:   14 18:23:20    -2397.351421        0.143592
MDMin:   15 18:23:21    -2397.351494        0.143049
MDMin:   16 18:23:22    -2397.351572        0.142474
MDMin:   17 18:23:23    -2397.351656        0.141868
MDMin:   18 18:23:25    -2397.351745        0.141233
MDMin:   19 18:23:26    -2397.351840        0.140568
MDMin:   20 18:23:28    -2397.351941        0.139877
MDMin:   21 18:23:30    -2397.352048        0.139159
MDMin:   22 18:23:32    -2397.352161        0.138416
MDMin:   23 18:23:34    -2397.352279        0.137649
MDMin:   24 18:23:36    -2397.352405        0.136860
MDMin:   25 18:23:38    -2397.352536        0.136049
MDMin:   26 18:23:40    -2397.352675        0.135219
MDMin:   27 18:23:42    -2397.352820        0.134371
MDMin:   28 18:23:44    -2397.352972        0.133506
MDMin:   29 18:23:46    -2397.353130        0.132625
MDMin:   30 18:23:48    -2397.353297        0.131729
MDMin:   31 18:23:50    -2397.353470        0.130821
MDMin:   32 18:23:52    -2397.353651        0.129901
MDMin:   33 18:23:53    -2397.353840        0.128971
MDMin:   34 18:23:54    -2397.354037        0.128032
MDMin:   35 18:23:56    -2397.354243        0.127086
MDMin:   36 18:23:58    -2397.354456        0.126133
MDMin:   37 18:24:00    -2397.354678        0.125175
MDMin:   38 18:24:02    -2397.354910        0.124213
MDMin:   39 18:24:04    -2397.355150        0.123248
MDMin:   40 18:24:05    -2397.355400        0.122282
MDMin:   41 18:24:07    -2397.355659        0.121315
MDMin:   42 18:24:09    -2397.355929        0.120348
MDMin:   43 18:24:11    -2397.356208        0.120171
MDMin:   44 18:24:13    -2397.356498        0.121097
MDMin:   45 18:24:15    -2397.356799        0.122044
MDMin:   46 18:24:16    -2397.357112        0.123011
MDMin:   47 18:24:17    -2397.357247        0.278583
MDMin:   48 18:24:18    -2397.357254        0.267695
MDMin:   49 18:24:20    -2397.357259        0.256130
MDMin:   50 18:24:22    -2397.357265        0.244240
MDMin:   51 18:24:24    -2397.357271        0.232254
MDMin:   52 18:24:26    -2397.357277        0.220320
MDMin:   53 18:24:28    -2397.357285        0.208540
MDMin:   54 18:24:30    -2397.357294        0.196991
MDMin:   55 18:24:31    -2397.357304        0.191580
MDMin:   56 18:24:33    -2397.357315        0.189046
MDMin:   57 18:24:34    -2397.357328        0.186702
MDMin:   58 18:24:36    -2397.357343        0.184548
MDMin:   59 18:24:38    -2397.357359        0.182584
MDMin:   60 18:24:39    -2397.357376        0.180807
MDMin:   61 18:24:41    -2397.357395        0.179211
MDMin:   62 18:24:42    -2397.357415        0.177792
MDMin:   63 18:24:44    -2397.357436        0.176542
MDMin:   64 18:24:45    -2397.357459        0.175453
MDMin:   65 18:24:46    -2397.357483        0.174517
MDMin:   66 18:24:48    -2397.357508        0.174974
MDMin:   67 18:24:50    -2397.357534        0.175654
MDMin:   68 18:24:51    -2397.357562        0.176295
MDMin:   69 18:24:52    -2397.357590        0.176908
MDMin:   70 18:24:55    -2397.357619        0.177500
MDMin:   71 18:24:57    -2397.357649        0.178081
MDMin:   72 18:24:59    -2397.357680        0.178656
MDMin:   73 18:25:00    -2397.357711        0.179233
MDMin:   74 18:25:02    -2397.357743        0.179817
MDMin:   75 18:25:04    -2397.357776        0.180412
MDMin:   76 18:25:06    -2397.357809        0.181023
MDMin:   77 18:25:07    -2397.357842        0.181653
MDMin:   78 18:25:09    -2397.357876        0.182304
MDMin:   79 18:25:11    -2397.357910        0.182978
MDMin:   80 18:25:12    -2397.357944        0.183676
MDMin:   81 18:25:14    -2397.357979        0.184398
MDMin:   82 18:25:15    -2397.358013        0.185144
MDMin:   83 18:25:16    -2397.358048        0.185914
MDMin:   84 18:25:18    -2397.358083        0.186705
MDMin:   85 18:25:20    -2397.358117        0.187516
MDMin:   86 18:25:22    -2397.358152        0.188345
MDMin:   87 18:25:23    -2397.358187        0.189189
MDMin:   88 18:25:25    -2397.358221        0.190044
MDMin:   89 18:25:26    -2397.358256        0.190907
MDMin:   90 18:25:28    -2397.358290        0.191774
MDMin:   91 18:25:30    -2397.358324        0.192640
MDMin:   92 18:25:31    -2397.358358        0.193501
MDMin:   93 18:25:33    -2397.358392        0.194352
MDMin:   94 18:25:35    -2397.358425        0.195188
MDMin:   95 18:25:37    -2397.358459        0.196005
MDMin:   96 18:25:39    -2397.358492        0.196796
MDMin:   97 18:25:41    -2397.358525        0.197558
MDMin:   98 18:25:42    -2397.358557        0.198283
MDMin:   99 18:25:44    -2397.358590        0.198968
MDMin:  100 18:25:47    -2397.358622        0.199606
MDMin:  101 18:25:49    -2397.358654        0.200629
MDMin:  102 18:25:51    -2397.358686        0.201698
MDMin:  103 18:25:53    -2397.358717        0.202721
MDMin:  104 18:25:55    -2397.358748        0.203689
MDMin:  105 18:25:57    -2397.358779        0.204601
MDMin:  106 18:25:59    -2397.358810        0.205445
MDMin:  107 18:26:01    -2397.358840        0.206221
MDMin:  108 18:26:03    -2397.358870        0.206917
MDMin:  109 18:26:05    -2397.358900        0.207538
MDMin:  110 18:26:07    -2397.358930        0.208060
MDMin:  111 18:26:09    -2397.358959        0.208503
MDMin:  112 18:26:10    -2397.358988        0.208825
MDMin:  113 18:26:11    -2397.359017        0.209073
MDMin:  114 18:26:13    -2397.359046        0.209165
MDMin:  115 18:26:15    -2397.359075        0.209213
MDMin:  116 18:26:16    -2397.359103        0.209029
MDMin:  117 18:26:17    -2397.359131        0.208904
MDMin:  118 18:26:18    -2397.359159        0.208355
MDMin:  119 18:26:19    -2397.359187        0.208171
MDMin:  120 18:26:21    -2397.359215        0.207021
MDMin:  121 18:26:23    -2397.359242        0.207175
MDMin:  122 18:26:24    -2397.359270        0.204688
MDMin:  123 18:26:26    -2397.359297        0.206535
MDMin:  124 18:26:28    -2397.359324        0.200207
MDMin:  125 18:26:30    -2397.359350        0.208476
MDMin:  126 18:26:32    -2397.359376        0.237059
MDMin:  127 18:26:34    -2397.359399        0.272156
MDMin:  128 18:26:36    -2397.359417        0.277302
MDMin:  129 18:26:38    -2397.359430        0.213909
MDMin:  130 18:26:40    -2397.359442        0.194805
MDMin:  131 18:26:42    -2397.359453        0.197058
MDMin:  132 18:26:43    -2397.359465        0.195300
MDMin:  133 18:26:44    -2397.359477        0.194815
MDMin:  134 18:26:45    -2397.359489        0.193829
MDMin:  135 18:26:47    -2397.359501        0.192993
MDMin:  136 18:26:49    -2397.359514        0.192046
MDMin:  137 18:26:51    -2397.359526        0.191102
MDMin:  138 18:26:52    -2397.359539        0.190108
MDMin:  139 18:26:54    -2397.359552        0.189092
MDMin:  140 18:26:56    -2397.359565        0.188038
MDMin:  141 18:26:57    -2397.359578        0.186957
MDMin:  142 18:26:58    -2397.359592        0.185844
MDMin:  143 18:27:00    -2397.359605        0.184703
MDMin:  144 18:27:01    -2397.359619        0.183533
MDMin:  145 18:27:03    -2397.359633        0.182336
MDMin:  146 18:27:04    -2397.359647        0.181112
MDMin:  147 18:27:06    -2397.359661        0.179863
MDMin:  148 18:27:08    -2397.359675        0.178591
MDMin:  149 18:27:10    -2397.359689        0.177296
MDMin:  150 18:27:12    -2397.359704        0.175980
MDMin:  151 18:27:14    -2397.359718        0.174645
MDMin:  152 18:27:16    -2397.359733        0.173292
MDMin:  153 18:27:18    -2397.359748        0.171921
MDMin:  154 18:27:20    -2397.359763        0.170536
MDMin:  155 18:27:21    -2397.359778        0.169137
MDMin:  156 18:27:23    -2397.359793        0.167723
MDMin:  157 18:27:25    -2397.359808        0.166299
MDMin:  158 18:27:26    -2397.359823        0.164865
MDMin:  159 18:27:29    -2397.359839        0.163423
MDMin:  160 18:27:31    -2397.359854        0.163265
MDMin:  161 18:27:33    -2397.359869        0.163335
MDMin:  162 18:27:34    -2397.359885        0.163409
MDMin:  163 18:27:35    -2397.359901        0.163593
MDMin:  164 18:27:37    -2397.359916        0.163748
MDMin:  165 18:27:39    -2397.359932        0.163856
MDMin:  166 18:27:41    -2397.359948        0.163941
MDMin:  167 18:27:43    -2397.359964        0.163962
MDMin:  168 18:27:45    -2397.359980        0.163976
MDMin:  169 18:27:47    -2397.359996        0.163890
MDMin:  170 18:27:49    -2397.360012        0.163850
MDMin:  171 18:27:51    -2397.360028        0.164087
MDMin:  172 18:27:52    -2397.360044        0.167585
MDMin:  173 18:27:54    -2397.360060        0.171288
MDMin:  174 18:27:55    -2397.360076        0.175210
MDMin:  175 18:27:57    -2397.360093        0.179366
MDMin:  176 18:27:59    -2397.360109        0.183774
MDMin:  177 18:28:01    -2397.360125        0.188450
MDMin:  178 18:28:03    -2397.360141        0.193410
MDMin:  179 18:28:06    -2397.360158        0.198660
MDMin:  180 18:28:08    -2397.360173        0.204168
MDMin:  181 18:28:10    -2397.360189        0.214367
MDMin:  182 18:28:12    -2397.360202        0.246798
MDMin:  183 18:28:14    -2397.360211        0.222352
MDMin:  184 18:28:16    -2397.360219        0.221502
MDMin:  185 18:28:18    -2397.360225        0.224384
MDMin:  186 18:28:19    -2397.360232        0.227386
MDMin:  187 18:28:21    -2397.360239        0.230529
MDMin:  188 18:28:22    -2397.360247        0.233822
MDMin:  189 18:28:24    -2397.360254        0.237269
MDMin:  190 18:28:25    -2397.360261        0.240877
MDMin:  191 18:28:27    -2397.360269        0.244651
MDMin:  192 18:28:29    -2397.360276        0.248596
MDMin:  193 18:28:31    -2397.360284        0.252718
MDMin:  194 18:28:33    -2397.360292        0.257022
MDMin:  195 18:28:35    -2397.360300        0.261511
MDMin:  196 18:28:36    -2397.360308        0.266188
MDMin:  197 18:28:38    -2397.360316        0.271058
MDMin:  198 18:28:40    -2397.360324        0.276119
MDMin:  199 18:28:42    -2397.360332        0.281372
MDMin:  200 18:28:43    -2397.360341        0.286815
MDMin:  201 18:28:45    -2397.360349        0.292442
MDMin:  202 18:28:47    -2397.360357        0.298245
MDMin:  203 18:28:49    -2397.360366        0.304211
MDMin:  204 18:28:51    -2397.360375        0.310324
MDMin:  205 18:28:53    -2397.360383        0.316563
MDMin:  206 18:28:54    -2397.360392        0.322899
MDMin:  207 18:28:55    -2397.360401        0.329296
MDMin:  208 18:28:57    -2397.360409        0.335710
MDMin:  209 18:28:58    -2397.360418        0.342089
MDMin:  210 18:28:59    -2397.360427        0.348369
MDMin:  211 18:29:01    -2397.360436        0.354473
MDMin:  212 18:29:02    -2397.360445        0.360315
MDMin:  213 18:29:04    -2397.360454        0.365793
MDMin:  214 18:29:06    -2397.360463        0.370793
MDMin:  215 18:29:08    -2397.360472        0.375185
MDMin:  216 18:29:10    -2397.360481        0.378828
MDMin:  217 18:29:11    -2397.360490        0.381566
MDMin:  218 18:29:13    -2397.360499        0.383234
MDMin:  219 18:29:15    -2397.360508        0.383660
MDMin:  220 18:29:17    -2397.360517        0.382668
MDMin:  221 18:29:19    -2397.360526        0.380082
MDMin:  222 18:29:20    -2397.360536        0.375736
MDMin:  223 18:29:22    -2397.360545        0.369482
MDMin:  224 18:29:24    -2397.360554        0.361197
MDMin:  225 18:29:26    -2397.360564        0.350794
MDMin:  226 18:29:27    -2397.360573        0.338235
MDMin:  227 18:29:29    -2397.360583        0.323540
MDMin:  228 18:29:31    -2397.360593        0.306801
MDMin:  229 18:29:33    -2397.360603        0.288184
MDMin:  230 18:29:35    -2397.360613        0.267944
MDMin:  231 18:29:37    -2397.360623        0.246413
MDMin:  232 18:29:38    -2397.360633        0.223998
MDMin:  233 18:29:39    -2397.360644        0.201175
MDMin:  234 18:29:41    -2397.360655        0.178459
MDMin:  235 18:29:43    -2397.360666        0.156378
MDMin:  236 18:29:45    -2397.360678        0.135431
MDMin:  237 18:29:47    -2397.360689        0.129058
MDMin:  238 18:29:49    -2397.360701        0.130108
MDMin:  239 18:29:51    -2397.360713        0.127208
MDMin:  240 18:29:53    -2397.360725        0.136027
MDMin:  241 18:29:55    -2397.360737        0.144495
MDMin:  242 18:29:57    -2397.360749        0.223071
MDMin:  243 18:29:59    -2397.360757        0.291023
MDMin:  244 18:30:01    -2397.360760        0.121387
MDMin:  245 18:30:02    -2397.360763        0.122926
MDMin:  246 18:30:03    -2397.360767        0.122530
MDMin:  247 18:30:04    -2397.360770        0.122191
MDMin:  248 18:30:06    -2397.360774        0.121840
MDMin:  249 18:30:07    -2397.360777        0.121479
MDMin:  250 18:30:08    -2397.360781        0.121109
MDMin:  251 18:30:09    -2397.360785        0.120730
MDMin:  252 18:30:11    -2397.360789        0.120341
MDMin:  253 18:30:13    -2397.360793        0.119943
MDMin:  254 18:30:14    -2397.360797        0.119535
MDMin:  255 18:30:15    -2397.360801        0.119118
MDMin:  256 18:30:17    -2397.360805        0.118692
MDMin:  257 18:30:19    -2397.360809        0.118256
MDMin:  258 18:30:21    -2397.360814        0.117811
MDMin:  259 18:30:23    -2397.360818        0.117357
MDMin:  260 18:30:25    -2397.360823        0.116893
MDMin:  261 18:30:26    -2397.360827        0.116420
MDMin:  262 18:30:28    -2397.360832        0.115938
MDMin:  263 18:30:30    -2397.360837        0.115447
MDMin:  264 18:30:32    -2397.360841        0.114947
MDMin:  265 18:30:33    -2397.360846        0.114437
MDMin:  266 18:30:35    -2397.360851        0.113919
MDMin:  267 18:30:36    -2397.360856        0.113512
MDMin:  268 18:30:38    -2397.360861        0.113193
MDMin:  269 18:30:40    -2397.360866        0.112862
MDMin:  270 18:30:42    -2397.360871        0.112521
MDMin:  271 18:30:44    -2397.360876        0.112169
MDMin:  272 18:30:45    -2397.360882        0.111804
MDMin:  273 18:30:47    -2397.360887        0.111428
MDMin:  274 18:30:48    -2397.360892        0.111040
MDMin:  275 18:30:49    -2397.360898        0.110640
MDMin:  276 18:30:51    -2397.360903        0.110227
MDMin:  277 18:30:53    -2397.360909        0.109802
MDMin:  278 18:30:54    -2397.360914        0.109363
MDMin:  279 18:30:56    -2397.360920        0.108912
MDMin:  280 18:30:58    -2397.360925        0.108446
MDMin:  281 18:31:00    -2397.360931        0.107968
MDMin:  282 18:31:02    -2397.360937        0.107475
MDMin:  283 18:31:04    -2397.360943        0.106968
MDMin:  284 18:31:05    -2397.360948        0.106451
MDMin:  285 18:31:06    -2397.360954        0.105922
MDMin:  286 18:31:07    -2397.360960        0.105383
MDMin:  287 18:31:09    -2397.360966        0.104832
MDMin:  288 18:31:11    -2397.360972        0.104272
MDMin:  289 18:31:13    -2397.360978        0.103698
MDMin:  290 18:31:15    -2397.360984        0.103117
MDMin:  291 18:31:16    -2397.360990        0.102517
MDMin:  292 18:31:17    -2397.360996        0.101918
MDMin:  293 18:31:19    -2397.361002        0.101286
MDMin:  294 18:31:20    -2397.361008        0.100678
MDMin:  295 18:31:21    -2397.361014        0.099995
MDMin:  296 18:31:23    -2397.361020        0.099415
MDMin:  297 18:31:25    -2397.361026        0.098818
MDMin:  298 18:31:26    -2397.361032        0.098266
MDMin:  299 18:31:27    -2397.361038        0.097738
MDMin:  300 18:31:29    -2397.361044        0.097359
MDMin:  301 18:31:31    -2397.361050        0.096721
MDMin:  302 18:31:32    -2397.361057        0.098481
MDMin:  303 18:31:34    -2397.361063        0.096260
MDMin:  304 18:31:36    -2397.361069        0.123594
MDMin:  305 18:31:38    -2397.361074        0.166473
MDMin:  306 18:31:40    -2397.361077        0.169926
MDMin:  307 18:31:42    -2397.361079        0.094805
MDMin:  308 18:31:44    -2397.361081        0.093521
MDMin:  309 18:31:46    -2397.361083        0.093499
MDMin:  310 18:31:48    -2397.361085        0.093280
MDMin:  311 18:31:50    -2397.361087        0.093090
MDMin:  312 18:31:51    -2397.361090        0.092891
MDMin:  313 18:31:54    -2397.361092        0.092689
MDMin:  314 18:31:55    -2397.361094        0.092483
MDMin:  315 18:31:56    -2397.361096        0.092273
MDMin:  316 18:31:58    -2397.361098        0.092060
MDMin:  317 18:32:00    -2397.361101        0.091844
MDMin:  318 18:32:02    -2397.361103        0.091624
MDMin:  319 18:32:04    -2397.361105        0.091401
MDMin:  320 18:32:05    -2397.361108        0.091175
MDMin:  321 18:32:07    -2397.361110        0.090946
MDMin:  322 18:32:08    -2397.361113        0.090714
MDMin:  323 18:32:09    -2397.361115        0.090479
MDMin:  324 18:32:11    -2397.361118        0.090241
MDMin:  325 18:32:12    -2397.361121        0.090001
MDMin:  326 18:32:14    -2397.361123        0.089758
MDMin:  327 18:32:16    -2397.361126        0.089512
MDMin:  328 18:32:17    -2397.361128        0.089264
MDMin:  329 18:32:19    -2397.361131        0.089014
MDMin:  330 18:32:21    -2397.361134        0.088762
MDMin:  331 18:32:23    -2397.361137        0.088507
MDMin:  332 18:32:24    -2397.361139        0.088251
MDMin:  333 18:32:25    -2397.361142        0.087992
MDMin:  334 18:32:27    -2397.361145        0.087732
MDMin:  335 18:32:30    -2397.361148        0.087470
MDMin:  336 18:32:31    -2397.361151        0.087207
MDMin:  337 18:32:32    -2397.361154        0.086942
MDMin:  338 18:32:33    -2397.361157        0.086676
MDMin:  339 18:32:35    -2397.361160        0.086408
MDMin:  340 18:32:36    -2397.361163        0.086139
MDMin:  341 18:32:38    -2397.361166        0.085869
MDMin:  342 18:32:40    -2397.361169        0.085598
MDMin:  343 18:32:41    -2397.361172        0.085326
MDMin:  344 18:32:43    -2397.361175        0.085054
MDMin:  345 18:32:44    -2397.361178        0.084780
MDMin:  346 18:32:46    -2397.361181        0.084506
MDMin:  347 18:32:48    -2397.361184        0.084232
MDMin:  348 18:32:50    -2397.361187        0.083958
MDMin:  349 18:32:52    -2397.361190        0.083683
MDMin:  350 18:32:53    -2397.361193        0.083409
MDMin:  351 18:32:55    -2397.361196        0.083135
MDMin:  352 18:32:57    -2397.361199        0.082863
MDMin:  353 18:32:59    -2397.361202        0.082590
MDMin:  354 18:33:01    -2397.361206        0.082321
MDMin:  355 18:33:03    -2397.361209        0.082049
MDMin:  356 18:33:05    -2397.361212        0.081785
MDMin:  357 18:33:07    -2397.361215        0.081512
MDMin:  358 18:33:09    -2397.361218        0.081262
MDMin:  359 18:33:11    -2397.361221        0.080971
MDMin:  360 18:33:12    -2397.361224        0.080768
MDMin:  361 18:33:14    -2397.361227        0.080395
MDMin:  362 18:33:15    -2397.361231        0.080382
MDMin:  363 18:33:17    -2397.361234        0.080384
MDMin:  364 18:33:19    -2397.361237        0.080486
MDMin:  365 18:33:21    -2397.361240        0.081281
MDMin:  366 18:33:23    -2397.361243        0.083104
MDMin:  367 18:33:25    -2397.361246        0.091237
MDMin:  368 18:33:27    -2397.361249        0.104821
MDMin:  369 18:33:29    -2397.361251        0.130511
MDMin:  370 18:33:31    -2397.361252        0.085541
MDMin:  371 18:33:33    -2397.361253        0.079215
MDMin:  372 18:33:34    -2397.361254        0.079065
MDMin:  373 18:33:36    -2397.361255        0.079003
MDMin:  374 18:33:38    -2397.361256        0.078965
MDMin:  375 18:33:39    -2397.361257        0.078916
MDMin:  376 18:33:41    -2397.361259        0.078869
MDMin:  377 18:33:42    -2397.361260        0.078820
MDMin:  378 18:33:44    -2397.361261        0.078771
MDMin:  379 18:33:45    -2397.361262        0.078721
MDMin:  380 18:33:47    -2397.361263        0.078669
MDMin:  381 18:33:48    -2397.361264        0.078617
MDMin:  382 18:33:50    -2397.361266        0.078564
MDMin:  383 18:33:52    -2397.361267        0.078510
MDMin:  384 18:33:54    -2397.361268        0.078455
MDMin:  385 18:33:56    -2397.361269        0.078399
MDMin:  386 18:33:57    -2397.361271        0.078342
MDMin:  387 18:33:59    -2397.361272        0.078284
MDMin:  388 18:34:01    -2397.361273        0.078225
MDMin:  389 18:34:02    -2397.361274        0.078165
MDMin:  390 18:34:04    -2397.361276        0.078103
MDMin:  391 18:34:06    -2397.361277        0.078041
MDMin:  392 18:34:08    -2397.361278        0.077977
MDMin:  393 18:34:10    -2397.361280        0.077913
MDMin:  394 18:34:11    -2397.361281        0.077847
MDMin:  395 18:34:13    -2397.361283        0.077780
MDMin:  396 18:34:15    -2397.361284        0.077712
MDMin:  397 18:34:16    -2397.361286        0.077643
MDMin:  398 18:34:18    -2397.361287        0.077573
MDMin:  399 18:34:19    -2397.361288        0.077502
MDMin:  400 18:34:21    -2397.361290        0.077429
MDMin:  401 18:34:23    -2397.361291        0.077356
MDMin:  402 18:34:24    -2397.361293        0.077281
MDMin:  403 18:34:25    -2397.361294        0.077205
MDMin:  404 18:34:26    -2397.361296        0.077128
MDMin:  405 18:34:28    -2397.361297        0.077049
MDMin:  406 18:34:30    -2397.361299        0.076969
MDMin:  407 18:34:32    -2397.361300        0.076888
MDMin:  408 18:34:34    -2397.361302        0.076805
MDMin:  409 18:34:36    -2397.361303        0.076721
MDMin:  410 18:34:38    -2397.361305        0.076635
MDMin:  411 18:34:40    -2397.361306        0.076547
MDMin:  412 18:34:42    -2397.361308        0.076458
MDMin:  413 18:34:43    -2397.361310        0.076367
MDMin:  414 18:34:45    -2397.361311        0.076274
MDMin:  415 18:34:47    -2397.361313        0.076179
MDMin:  416 18:34:49    -2397.361314        0.076082
MDMin:  417 18:34:50    -2397.361316        0.075983
MDMin:  418 18:34:52    -2397.361317        0.075881
MDMin:  419 18:34:54    -2397.361319        0.075777
MDMin:  420 18:34:56    -2397.361321        0.075671
MDMin:  421 18:34:58    -2397.361322        0.075562
MDMin:  422 18:35:00    -2397.361324        0.075449
MDMin:  423 18:35:02    -2397.361325        0.075334
MDMin:  424 18:35:04    -2397.361327        0.075214
MDMin:  425 18:35:05    -2397.361329        0.075095
MDMin:  426 18:35:07    -2397.361330        0.074964
MDMin:  427 18:35:09    -2397.361332        0.074847
MDMin:  428 18:35:11    -2397.361333        0.074687
MDMin:  429 18:35:12    -2397.361335        0.074606
MDMin:  430 18:35:14    -2397.361336        0.074340
MDMin:  431 18:35:16    -2397.361338        0.074468
MDMin:  432 18:35:18    -2397.361340        0.073699
MDMin:  433 18:35:19    -2397.361341        0.074969
MDMin:  434 18:35:21    -2397.361343        0.072814
MDMin:  435 18:35:23    -2397.361344        0.079433
MDMin:  436 18:35:25    -2397.361346        0.083508
MDMin:  437 18:35:27    -2397.361347        0.106080
MDMin:  438 18:35:28    -2397.361348        0.073133
MDMin:  439 18:35:29    -2397.361348        0.073390
MDMin:  440 18:35:31    -2397.361349        0.073096
MDMin:  441 18:35:33    -2397.361349        0.073059
MDMin:  442 18:35:35    -2397.361350        0.072995
MDMin:  443 18:35:36    -2397.361350        0.072932
MDMin:  444 18:35:38    -2397.361351        0.072867
MDMin:  445 18:35:39    -2397.361351        0.072800
MDMin:  446 18:35:41    -2397.361352        0.072731
MDMin:  447 18:35:43    -2397.361352        0.072659
MDMin:  448 18:35:45    -2397.361353        0.072586
MDMin:  449 18:35:47    -2397.361353        0.072510
MDMin:  450 18:35:49    -2397.361354        0.072432
MDMin:  451 18:35:50    -2397.361355        0.072351
MDMin:  452 18:35:51    -2397.361355        0.072268
MDMin:  453 18:35:53    -2397.361356        0.072183
MDMin:  454 18:35:55    -2397.361356        0.072095
MDMin:  455 18:35:57    -2397.361357        0.072004
MDMin:  456 18:35:59    -2397.361358        0.071911
MDMin:  457 18:36:01    -2397.361358        0.071815
MDMin:  458 18:36:02    -2397.361359        0.071717
MDMin:  459 18:36:04    -2397.361360        0.071615
MDMin:  460 18:36:06    -2397.361360        0.071511
MDMin:  461 18:36:08    -2397.361361        0.071404
MDMin:  462 18:36:09    -2397.361362        0.071294
MDMin:  463 18:36:11    -2397.361363        0.071180
MDMin:  464 18:36:12    -2397.361363        0.071064
MDMin:  465 18:36:13    -2397.361364        0.070944
MDMin:  466 18:36:15    -2397.361365        0.070821
MDMin:  467 18:36:16    -2397.361366        0.070694
MDMin:  468 18:36:18    -2397.361366        0.070564
MDMin:  469 18:36:20    -2397.361367        0.070430
MDMin:  470 18:36:22    -2397.361368        0.070292
MDMin:  471 18:36:24    -2397.361369        0.070151
MDMin:  472 18:36:25    -2397.361369        0.070006
MDMin:  473 18:36:27    -2397.361370        0.069856
MDMin:  474 18:36:29    -2397.361371        0.069703
MDMin:  475 18:36:30    -2397.361372        0.069545
MDMin:  476 18:36:31    -2397.361373        0.069383
MDMin:  477 18:36:32    -2397.361373        0.069216
MDMin:  478 18:36:34    -2397.361374        0.069045
MDMin:  479 18:36:36    -2397.361375        0.068869
MDMin:  480 18:36:37    -2397.361376        0.068688
MDMin:  481 18:36:39    -2397.361377        0.068503
MDMin:  482 18:36:40    -2397.361378        0.068312
MDMin:  483 18:36:42    -2397.361378        0.068116
MDMin:  484 18:36:44    -2397.361379        0.067914
MDMin:  485 18:36:46    -2397.361380        0.067707
MDMin:  486 18:36:48    -2397.361381        0.067494
MDMin:  487 18:36:50    -2397.361382        0.067275
MDMin:  488 18:36:52    -2397.361383        0.067050
MDMin:  489 18:36:53    -2397.361384        0.066819
MDMin:  490 18:36:54    -2397.361384        0.066581
MDMin:  491 18:36:56    -2397.361385        0.066337
MDMin:  492 18:36:57    -2397.361386        0.066086
MDMin:  493 18:36:59    -2397.361387        0.065829
MDMin:  494 18:37:00    -2397.361388        0.065561
MDMin:  495 18:37:01    -2397.361389        0.065296
MDMin:  496 18:37:03    -2397.361390        0.065002
MDMin:  497 18:37:04    -2397.361391        0.064744
MDMin:  498 18:37:06    -2397.361392        0.064382
MDMin:  499 18:37:08    -2397.361393        0.064230
MDMin:  500 18:37:09    -2397.361394        0.063572
MDMin:  501 18:37:10    -2397.361395        0.064065
MDMin:  502 18:37:11    -2397.361395        0.063245
MDMin:  503 18:37:13    -2397.361396        0.086862
MDMin:  504 18:37:14    -2397.361397        0.093022
MDMin:  505 18:37:16    -2397.361397        0.063027
MDMin:  506 18:37:18    -2397.361397        0.062485
MDMin:  507 18:37:20    -2397.361398        0.062386
MDMin:  508 18:37:21    -2397.361398        0.062303
MDMin:  509 18:37:22    -2397.361398        0.062215
MDMin:  510 18:37:24    -2397.361399        0.062125
MDMin:  511 18:37:26    -2397.361399        0.062032
MDMin:  512 18:37:27    -2397.361399        0.061936
MDMin:  513 18:37:29    -2397.361400        0.061838
MDMin:  514 18:37:30    -2397.361400        0.061738
MDMin:  515 18:37:32    -2397.361401        0.061635
MDMin:  516 18:37:34    -2397.361401        0.061529
MDMin:  517 18:37:35    -2397.361401        0.061421
MDMin:  518 18:37:37    -2397.361402        0.061310
MDMin:  519 18:37:39    -2397.361402        0.061196
MDMin:  520 18:37:41    -2397.361403        0.061080
MDMin:  521 18:37:43    -2397.361403        0.060960
MDMin:  522 18:37:45    -2397.361403        0.060838
MDMin:  523 18:37:46    -2397.361404        0.060714
MDMin:  524 18:37:47    -2397.361404        0.060586
MDMin:  525 18:37:49    -2397.361405        0.060456
MDMin:  526 18:37:50    -2397.361405        0.060322
MDMin:  527 18:37:52    -2397.361406        0.060186
MDMin:  528 18:37:54    -2397.361406        0.060047
MDMin:  529 18:37:56    -2397.361407        0.059905
MDMin:  530 18:37:57    -2397.361407        0.059760
MDMin:  531 18:37:59    -2397.361408        0.059612
MDMin:  532 18:38:00    -2397.361408        0.059461
MDMin:  533 18:38:02    -2397.361408        0.059307
MDMin:  534 18:38:03    -2397.361409        0.059149
MDMin:  535 18:38:04    -2397.361409        0.058989
MDMin:  536 18:38:06    -2397.361410        0.058826
MDMin:  537 18:38:07    -2397.361411        0.058659
MDMin:  538 18:38:09    -2397.361411        0.058490
MDMin:  539 18:38:11    -2397.361412        0.058317
MDMin:  540 18:38:12    -2397.361412        0.058141
MDMin:  541 18:38:14    -2397.361413        0.057962
MDMin:  542 18:38:16    -2397.361413        0.057780
MDMin:  543 18:38:18    -2397.361414        0.057595
MDMin:  544 18:38:20    -2397.361414        0.057406
MDMin:  545 18:38:22    -2397.361415        0.057214
MDMin:  546 18:38:24    -2397.361415        0.057019
MDMin:  547 18:38:25    -2397.361416        0.056820
MDMin:  548 18:38:26    -2397.361417        0.056618
MDMin:  549 18:38:28    -2397.361417        0.056413
MDMin:  550 18:38:29    -2397.361418        0.056205
MDMin:  551 18:38:31    -2397.361418        0.055993
MDMin:  552 18:38:32    -2397.361419        0.055778
MDMin:  553 18:38:34    -2397.361420        0.055559
MDMin:  554 18:38:36    -2397.361420        0.055337
MDMin:  555 18:38:38    -2397.361421        0.055112
MDMin:  556 18:38:40    -2397.361422        0.054883
MDMin:  557 18:38:42    -2397.361422        0.054651
MDMin:  558 18:38:44    -2397.361423        0.054415
MDMin:  559 18:38:46    -2397.361423        0.054176
MDMin:  560 18:38:48    -2397.361424        0.053934
MDMin:  561 18:38:49    -2397.361425        0.053688
MDMin:  562 18:38:51    -2397.361425        0.053439
MDMin:  563 18:38:53    -2397.361426        0.053185
MDMin:  564 18:38:55    -2397.361427        0.052931
MDMin:  565 18:38:57    -2397.361427        0.052665
MDMin:  566 18:38:59    -2397.361428        0.052415
MDMin:  567 18:39:01    -2397.361429        0.052113
MDMin:  568 18:39:03    -2397.361430        0.051929
MDMin:  569 18:39:05    -2397.361430        0.051435
MDMin:  570 18:39:06    -2397.361431        0.051725
MDMin:  571 18:39:07    -2397.361432        0.053775
MDMin:  572 18:39:09    -2397.361432        0.077478
MDMin:  573 18:39:10    -2397.361433        0.072362
MDMin:  574 18:39:12    -2397.361433        0.050635
MDMin:  575 18:39:13    -2397.361433        0.050439
MDMin:  576 18:39:15    -2397.361433        0.050358
MDMin:  577 18:39:16    -2397.361433        0.050269
MDMin:  578 18:39:18    -2397.361434        0.050178
MDMin:  579 18:39:20    -2397.361434        0.050084
MDMin:  580 18:39:22    -2397.361434        0.049988
       Step     Time          Energy          fmax
MDMin:    0 21:43:24    -2397.350940        0.147394
MDMin:    1 21:43:26    -2397.350942        0.147374
MDMin:    2 21:43:27    -2397.350949        0.147314
MDMin:    3 21:43:29    -2397.350961        0.147214
MDMin:    4 21:43:31    -2397.350978        0.147075
MDMin:    5 21:43:33    -2397.351000        0.146896
MDMin:    6 21:43:35    -2397.351027        0.146678
MDMin:    7 21:43:37    -2397.351059        0.146422
MDMin:    8 21:43:38    -2397.351095        0.146127
MDMin:    9 21:43:40    -2397.351137        0.145795
MDMin:   10 21:43:42    -2397.351183        0.145425
MDMin:   11 21:43:44    -2397.351235        0.145019
MDMin:   12 21:43:46    -2397.351292        0.144578
MDMin:   13 21:43:47    -2397.351354        0.144102
MDMin:   14 21:43:49    -2397.351421        0.143592
MDMin:   15 21:43:50    -2397.351494        0.143049
MDMin:   16 21:43:51    -2397.351572        0.142474
MDMin:   17 21:43:53    -2397.351656        0.141868
MDMin:   18 21:43:54    -2397.351745        0.141233
MDMin:   19 21:43:55    -2397.351840        0.140568
MDMin:   20 21:43:57    -2397.351941        0.139877
MDMin:   21 21:43:58    -2397.352048        0.139159
MDMin:   22 21:43:59    -2397.352161        0.138416
MDMin:   23 21:44:00    -2397.352279        0.137649
MDMin:   24 21:44:02    -2397.352405        0.136860
MDMin:   25 21:44:05    -2397.352536        0.136049
MDMin:   26 21:44:07    -2397.352675        0.135219
MDMin:   27 21:44:09    -2397.352820        0.134371
MDMin:   28 21:44:11    -2397.352972        0.133506
MDMin:   29 21:44:12    -2397.353130        0.132625
MDMin:   30 21:44:14    -2397.353297        0.131729
MDMin:   31 21:44:16    -2397.353470        0.130821
MDMin:   32 21:44:18    -2397.353651        0.129901
MDMin:   33 21:44:20    -2397.353840        0.128971
MDMin:   34 21:44:23    -2397.354037        0.128032
MDMin:   35 21:44:25    -2397.354243        0.127086
MDMin:   36 21:44:26    -2397.354456        0.126133
MDMin:   37 21:44:28    -2397.354678        0.125175
MDMin:   38 21:44:30    -2397.354910        0.124213
MDMin:   39 21:44:32    -2397.355150        0.123248
MDMin:   40 21:44:33    -2397.355400        0.122282
MDMin:   41 21:44:35    -2397.355659        0.121315
MDMin:   42 21:44:37    -2397.355929        0.120348
MDMin:   43 21:44:39    -2397.356208        0.120171
MDMin:   44 21:44:41    -2397.356498        0.121097
MDMin:   45 21:44:42    -2397.356799        0.122044
MDMin:   46 21:44:44    -2397.357112        0.123011
MDMin:   47 21:44:45    -2397.357247        0.278583
MDMin:   48 21:44:47    -2397.357254        0.267695
MDMin:   49 21:44:48    -2397.357259        0.256130
MDMin:   50 21:44:49    -2397.357265        0.244240
MDMin:   51 21:44:51    -2397.357271        0.232254
MDMin:   52 21:44:53    -2397.357277        0.220320
MDMin:   53 21:44:54    -2397.357285        0.208540
MDMin:   54 21:44:56    -2397.357294        0.196991
MDMin:   55 21:44:58    -2397.357304        0.191580
MDMin:   56 21:44:59    -2397.357315        0.189046
MDMin:   57 21:45:01    -2397.357328        0.186702
MDMin:   58 21:45:03    -2397.357343        0.184548
MDMin:   59 21:45:04    -2397.357359        0.182584
MDMin:   60 21:45:06    -2397.357376        0.180807
MDMin:   61 21:45:08    -2397.357395        0.179211
MDMin:   62 21:45:10    -2397.357415        0.177792
MDMin:   63 21:45:11    -2397.357436        0.176542
MDMin:   64 21:45:13    -2397.357459        0.175453
MDMin:   65 21:45:15    -2397.357483        0.174517
MDMin:   66 21:45:16    -2397.357508        0.174974
MDMin:   67 21:45:18    -2397.357534        0.175654
MDMin:   68 21:45:20    -2397.357562        0.176295
MDMin:   69 21:45:22    -2397.357590        0.176908
MDMin:   70 21:45:23    -2397.357619        0.177500
MDMin:   71 21:45:24    -2397.357649        0.178081
MDMin:   72 21:45:27    -2397.357680        0.178656
MDMin:   73 21:45:28    -2397.357711        0.179233
MDMin:   74 21:45:29    -2397.357743        0.179817
MDMin:   75 21:45:31    -2397.357776        0.180412
MDMin:   76 21:45:33    -2397.357809        0.181023
MDMin:   77 21:45:35    -2397.357842        0.181653
MDMin:   78 21:45:37    -2397.357876        0.182304
MDMin:   79 21:45:39    -2397.357910        0.182978
MDMin:   80 21:45:41    -2397.357944        0.183676
MDMin:   81 21:45:43    -2397.357979        0.184398
MDMin:   82 21:45:45    -2397.358013        0.185144
MDMin:   83 21:45:47    -2397.358048        0.185914
MDMin:   84 21:45:49    -2397.358083        0.186705
MDMin:   85 21:45:51    -2397.358117        0.187516
MDMin:   86 21:45:53    -2397.358152        0.188345
MDMin:   87 21:45:55    -2397.358187        0.189189
MDMin:   88 21:45:57    -2397.358221        0.190044
MDMin:   89 21:45:59    -2397.358256        0.190907
MDMin:   90 21:46:00    -2397.358290        0.191774
MDMin:   91 21:46:02    -2397.358324        0.192640
MDMin:   92 21:46:03    -2397.358358        0.193501
MDMin:   93 21:46:04    -2397.358392        0.194352
MDMin:   94 21:46:06    -2397.358425        0.195188
MDMin:   95 21:46:08    -2397.358459        0.196005
MDMin:   96 21:46:09    -2397.358492        0.196796
MDMin:   97 21:46:10    -2397.358525        0.197558
MDMin:   98 21:46:12    -2397.358557        0.198283
MDMin:   99 21:46:14    -2397.358590        0.198968
MDMin:  100 21:46:16    -2397.358622        0.199606
MDMin:  101 21:46:19    -2397.358654        0.200629
MDMin:  102 21:46:21    -2397.358686        0.201698
MDMin:  103 21:46:23    -2397.358717        0.202721
MDMin:  104 21:46:24    -2397.358748        0.203689
MDMin:  105 21:46:25    -2397.358779        0.204601
MDMin:  106 21:46:27    -2397.358810        0.205445
MDMin:  107 21:46:28    -2397.358840        0.206221
MDMin:  108 21:46:30    -2397.358870        0.206917
MDMin:  109 21:46:31    -2397.358900        0.207538
MDMin:  110 21:46:32    -2397.358930        0.208060
MDMin:  111 21:46:34    -2397.358959        0.208503
MDMin:  112 21:46:36    -2397.358988        0.208825
MDMin:  113 21:46:38    -2397.359017        0.209073
MDMin:  114 21:46:39    -2397.359046        0.209165
MDMin:  115 21:46:41    -2397.359075        0.209213
MDMin:  116 21:46:43    -2397.359103        0.209029
MDMin:  117 21:46:45    -2397.359131        0.208904
MDMin:  118 21:46:47    -2397.359159        0.208355
MDMin:  119 21:46:49    -2397.359187        0.208171
MDMin:  120 21:46:51    -2397.359215        0.207021
MDMin:  121 21:46:53    -2397.359242        0.207175
MDMin:  122 21:46:54    -2397.359270        0.204688
MDMin:  123 21:46:55    -2397.359297        0.206535
MDMin:  124 21:46:57    -2397.359324        0.200207
MDMin:  125 21:46:58    -2397.359350        0.208476
MDMin:  126 21:46:59    -2397.359376        0.237059
MDMin:  127 21:47:01    -2397.359399        0.272156
MDMin:  128 21:47:02    -2397.359417        0.277302
MDMin:  129 21:47:04    -2397.359430        0.213909
MDMin:  130 21:47:06    -2397.359442        0.194805
MDMin:  131 21:47:08    -2397.359453        0.197058
MDMin:  132 21:47:10    -2397.359465        0.195300
MDMin:  133 21:47:11    -2397.359477        0.194815
MDMin:  134 21:47:13    -2397.359489        0.193829
MDMin:  135 21:47:14    -2397.359501        0.192993
MDMin:  136 21:47:16    -2397.359514        0.192046
MDMin:  137 21:47:18    -2397.359526        0.191102
MDMin:  138 21:47:19    -2397.359539        0.190108
MDMin:  139 21:47:20    -2397.359552        0.189092
MDMin:  140 21:47:22    -2397.359565        0.188038
MDMin:  141 21:47:24    -2397.359578        0.186957
MDMin:  142 21:47:26    -2397.359592        0.185844
MDMin:  143 21:47:28    -2397.359605        0.184703
MDMin:  144 21:47:31    -2397.359619        0.183533
MDMin:  145 21:47:33    -2397.359633        0.182336
MDMin:  146 21:47:35    -2397.359647        0.181112
MDMin:  147 21:47:37    -2397.359661        0.179863
MDMin:  148 21:47:39    -2397.359675        0.178591
MDMin:  149 21:47:41    -2397.359689        0.177296
MDMin:  150 21:47:42    -2397.359704        0.175980
MDMin:  151 21:47:43    -2397.359718        0.174645
MDMin:  152 21:47:45    -2397.359733        0.173292
MDMin:  153 21:47:46    -2397.359748        0.171921
MDMin:  154 21:47:47    -2397.359763        0.170536
MDMin:  155 21:47:50    -2397.359778        0.169137
MDMin:  156 21:47:52    -2397.359793        0.167723
MDMin:  157 21:47:54    -2397.359808        0.166299
MDMin:  158 21:47:55    -2397.359823        0.164865
MDMin:  159 21:47:57    -2397.359839        0.163423
MDMin:  160 21:47:59    -2397.359854        0.163265
MDMin:  161 21:48:01    -2397.359869        0.163335
MDMin:  162 21:48:03    -2397.359885        0.163409
MDMin:  163 21:48:05    -2397.359901        0.163593
MDMin:  164 21:48:07    -2397.359916        0.163748
MDMin:  165 21:48:09    -2397.359932        0.163856
MDMin:  166 21:48:10    -2397.359948        0.163941
MDMin:  167 21:48:12    -2397.359964        0.163962
MDMin:  168 21:48:14    -2397.359980        0.163976
MDMin:  169 21:48:16    -2397.359996        0.163890
MDMin:  170 21:48:17    -2397.360012        0.163850
MDMin:  171 21:48:19    -2397.360028        0.164087
MDMin:  172 21:48:20    -2397.360044        0.167585
MDMin:  173 21:48:22    -2397.360060        0.171288
MDMin:  174 21:48:24    -2397.360076        0.175210
MDMin:  175 21:48:26    -2397.360093        0.179366
MDMin:  176 21:48:28    -2397.360109        0.183774
MDMin:  177 21:48:29    -2397.360125        0.188450
MDMin:  178 21:48:31    -2397.360141        0.193410
MDMin:  179 21:48:33    -2397.360158        0.198660
MDMin:  180 21:48:35    -2397.360173        0.204168
MDMin:  181 21:48:36    -2397.360189        0.214367
MDMin:  182 21:48:38    -2397.360202        0.246798
MDMin:  183 21:48:40    -2397.360211        0.222352
MDMin:  184 21:48:42    -2397.360219        0.221502
MDMin:  185 21:48:44    -2397.360225        0.224384
MDMin:  186 21:48:47    -2397.360232        0.227386
MDMin:  187 21:48:49    -2397.360239        0.230529
MDMin:  188 21:48:51    -2397.360247        0.233822
MDMin:  189 21:48:53    -2397.360254        0.237269
MDMin:  190 21:48:55    -2397.360261        0.240877
MDMin:  191 21:48:57    -2397.360269        0.244651
MDMin:  192 21:48:59    -2397.360276        0.248596
MDMin:  193 21:49:01    -2397.360284        0.252718
MDMin:  194 21:49:03    -2397.360292        0.257022
MDMin:  195 21:49:06    -2397.360300        0.261511
MDMin:  196 21:49:08    -2397.360308        0.266188
MDMin:  197 21:49:10    -2397.360316        0.271058
MDMin:  198 21:49:12    -2397.360324        0.276119
MDMin:  199 21:49:14    -2397.360332        0.281372
MDMin:  200 21:49:15    -2397.360341        0.286815
MDMin:  201 21:49:17    -2397.360349        0.292442
MDMin:  202 21:49:18    -2397.360357        0.298245
MDMin:  203 21:49:20    -2397.360366        0.304211
MDMin:  204 21:49:22    -2397.360375        0.310324
MDMin:  205 21:49:24    -2397.360383        0.316563
MDMin:  206 21:49:26    -2397.360392        0.322899
MDMin:  207 21:49:28    -2397.360401        0.329296
MDMin:  208 21:49:30    -2397.360409        0.335710
MDMin:  209 21:49:32    -2397.360418        0.342089
MDMin:  210 21:49:34    -2397.360427        0.348369
MDMin:  211 21:49:35    -2397.360436        0.354473
MDMin:  212 21:49:37    -2397.360445        0.360315
MDMin:  213 21:49:39    -2397.360454        0.365793
MDMin:  214 21:49:41    -2397.360463        0.370793
MDMin:  215 21:49:43    -2397.360472        0.375185
MDMin:  216 21:49:45    -2397.360481        0.378828
MDMin:  217 21:49:47    -2397.360490        0.381566
MDMin:  218 21:49:48    -2397.360499        0.383234
MDMin:  219 21:49:50    -2397.360508        0.383660
MDMin:  220 21:49:52    -2397.360517        0.382668
MDMin:  221 21:49:54    -2397.360526        0.380082
MDMin:  222 21:49:56    -2397.360536        0.375736
MDMin:  223 21:49:58    -2397.360545        0.369482
MDMin:  224 21:50:00    -2397.360554        0.361197
MDMin:  225 21:50:01    -2397.360564        0.350794
MDMin:  226 21:50:02    -2397.360573        0.338235
MDMin:  227 21:50:04    -2397.360583        0.323540
MDMin:  228 21:50:05    -2397.360593        0.306801
MDMin:  229 21:50:07    -2397.360603        0.288184
MDMin:  230 21:50:09    -2397.360613        0.267944
MDMin:  231 21:50:10    -2397.360623        0.246413
MDMin:  232 21:50:11    -2397.360633        0.223998
MDMin:  233 21:50:13    -2397.360644        0.201175
MDMin:  234 21:50:14    -2397.360655        0.178459
MDMin:  235 21:50:16    -2397.360666        0.156378
MDMin:  236 21:50:17    -2397.360678        0.135431
MDMin:  237 21:50:19    -2397.360689        0.129058
MDMin:  238 21:50:21    -2397.360701        0.130108
MDMin:  239 21:50:23    -2397.360713        0.127208
MDMin:  240 21:50:25    -2397.360725        0.136027
MDMin:  241 21:50:27    -2397.360737        0.144495
MDMin:  242 21:50:29    -2397.360749        0.223071
MDMin:  243 21:50:31    -2397.360757        0.291023
MDMin:  244 21:50:32    -2397.360760        0.121387
MDMin:  245 21:50:34    -2397.360763        0.122926
MDMin:  246 21:50:36    -2397.360767        0.122530
MDMin:  247 21:50:38    -2397.360770        0.122191
MDMin:  248 21:50:39    -2397.360774        0.121840
MDMin:  249 21:50:41    -2397.360777        0.121479
MDMin:  250 21:50:43    -2397.360781        0.121109
MDMin:  251 21:50:45    -2397.360785        0.120730
MDMin:  252 21:50:47    -2397.360789        0.120341
MDMin:  253 21:50:49    -2397.360793        0.119943
MDMin:  254 21:50:51    -2397.360797        0.119535
MDMin:  255 21:50:53    -2397.360801        0.119118
MDMin:  256 21:50:55    -2397.360805        0.118692
MDMin:  257 21:50:57    -2397.360809        0.118256
MDMin:  258 21:50:59    -2397.360814        0.117811
MDMin:  259 21:51:01    -2397.360818        0.117357
MDMin:  260 21:51:03    -2397.360823        0.116893
MDMin:  261 21:51:05    -2397.360827        0.116420
MDMin:  262 21:51:07    -2397.360832        0.115938
MDMin:  263 21:51:10    -2397.360837        0.115447
MDMin:  264 21:51:11    -2397.360841        0.114947
MDMin:  265 21:51:12    -2397.360846        0.114437
MDMin:  266 21:51:14    -2397.360851        0.113919
MDMin:  267 21:51:15    -2397.360856        0.113512
MDMin:  268 21:51:16    -2397.360861        0.113193
MDMin:  269 21:51:18    -2397.360866        0.112862
MDMin:  270 21:51:19    -2397.360871        0.112521
MDMin:  271 21:51:22    -2397.360876        0.112169
MDMin:  272 21:51:24    -2397.360882        0.111804
MDMin:  273 21:51:26    -2397.360887        0.111428
MDMin:  274 21:51:27    -2397.360892        0.111040
MDMin:  275 21:51:29    -2397.360898        0.110640
MDMin:  276 21:51:32    -2397.360903        0.110227
MDMin:  277 21:51:34    -2397.360909        0.109802
MDMin:  278 21:51:35    -2397.360914        0.109363
MDMin:  279 21:51:37    -2397.360920        0.108912
MDMin:  280 21:51:38    -2397.360925        0.108446
MDMin:  281 21:51:40    -2397.360931        0.107968
MDMin:  282 21:51:41    -2397.360937        0.107475
MDMin:  283 21:51:43    -2397.360943        0.106968
MDMin:  284 21:51:45    -2397.360948        0.106451
MDMin:  285 21:51:47    -2397.360954        0.105922
MDMin:  286 21:51:49    -2397.360960        0.105383
MDMin:  287 21:51:51    -2397.360966        0.104832
MDMin:  288 21:51:52    -2397.360972        0.104272
MDMin:  289 21:51:54    -2397.360978        0.103698
MDMin:  290 21:51:56    -2397.360984        0.103117
MDMin:  291 21:51:58    -2397.360990        0.102517
MDMin:  292 21:52:00    -2397.360996        0.101918
MDMin:  293 21:52:02    -2397.361002        0.101286
MDMin:  294 21:52:04    -2397.361008        0.100678
MDMin:  295 21:52:06    -2397.361014        0.099995
MDMin:  296 21:52:08    -2397.361020        0.099415
MDMin:  297 21:52:09    -2397.361026        0.098818
MDMin:  298 21:52:10    -2397.361032        0.098266
MDMin:  299 21:52:12    -2397.361038        0.097738
MDMin:  300 21:52:13    -2397.361044        0.097359
MDMin:  301 21:52:14    -2397.361050        0.096720
MDMin:  302 21:52:15    -2397.361057        0.098481
MDMin:  303 21:52:17    -2397.361063        0.096260
MDMin:  304 21:52:19    -2397.361069        0.123593
MDMin:  305 21:52:21    -2397.361074        0.166473
MDMin:  306 21:52:23    -2397.361077        0.169937
MDMin:  307 21:52:25    -2397.361079        0.094805
MDMin:  308 21:52:27    -2397.361081        0.093521
MDMin:  309 21:52:29    -2397.361083        0.093499
MDMin:  310 21:52:31    -2397.361085        0.093280
MDMin:  311 21:52:33    -2397.361087        0.093090
MDMin:  312 21:52:35    -2397.361090        0.092891
MDMin:  313 21:52:36    -2397.361092        0.092689
MDMin:  314 21:52:37    -2397.361094        0.092483
MDMin:  315 21:52:39    -2397.361096        0.092273
MDMin:  316 21:52:41    -2397.361098        0.092060
MDMin:  317 21:52:43    -2397.361101        0.091844
MDMin:  318 21:52:45    -2397.361103        0.091624
MDMin:  319 21:52:47    -2397.361105        0.091401
MDMin:  320 21:52:49    -2397.361108        0.091175
MDMin:  321 21:52:50    -2397.361110        0.090946
MDMin:  322 21:52:52    -2397.361113        0.090714
MDMin:  323 21:52:54    -2397.361115        0.090479
MDMin:  324 21:52:56    -2397.361118        0.090241
MDMin:  325 21:52:58    -2397.361121        0.090001
MDMin:  326 21:52:59    -2397.361123        0.089758
MDMin:  327 21:53:00    -2397.361126        0.089512
MDMin:  328 21:53:02    -2397.361128        0.089264
MDMin:  329 21:53:04    -2397.361131        0.089014
MDMin:  330 21:53:06    -2397.361134        0.088762
MDMin:  331 21:53:08    -2397.361137        0.088507
MDMin:  332 21:53:10    -2397.361139        0.088251
MDMin:  333 21:53:11    -2397.361142        0.087992
MDMin:  334 21:53:12    -2397.361145        0.087732
MDMin:  335 21:53:14    -2397.361148        0.087470
MDMin:  336 21:53:16    -2397.361151        0.087207
MDMin:  337 21:53:18    -2397.361154        0.086942
MDMin:  338 21:53:20    -2397.361157        0.086676
MDMin:  339 21:53:22    -2397.361160        0.086408
MDMin:  340 21:53:23    -2397.361163        0.086139
MDMin:  341 21:53:25    -2397.361166        0.085869
MDMin:  342 21:53:27    -2397.361169        0.085598
MDMin:  343 21:53:29    -2397.361172        0.085326
MDMin:  344 21:53:31    -2397.361175        0.085054
MDMin:  345 21:53:33    -2397.361178        0.084780
MDMin:  346 21:53:35    -2397.361181        0.084506
MDMin:  347 21:53:37    -2397.361184        0.084232
MDMin:  348 21:53:40    -2397.361187        0.083958
MDMin:  349 21:53:41    -2397.361190        0.083683
MDMin:  350 21:53:43    -2397.361193        0.083409
MDMin:  351 21:53:44    -2397.361196        0.083135
MDMin:  352 21:53:46    -2397.361199        0.082863
MDMin:  353 21:53:47    -2397.361202        0.082590
MDMin:  354 21:53:49    -2397.361206        0.082321
MDMin:  355 21:53:50    -2397.361209        0.082049
MDMin:  356 21:53:53    -2397.361212        0.081785
MDMin:  357 21:53:55    -2397.361215        0.081512
MDMin:  358 21:53:57    -2397.361218        0.081262
MDMin:  359 21:53:58    -2397.361221        0.080971
MDMin:  360 21:54:00    -2397.361224        0.080768
MDMin:  361 21:54:01    -2397.361227        0.080395
MDMin:  362 21:54:03    -2397.361231        0.080382
MDMin:  363 21:54:05    -2397.361234        0.080384
MDMin:  364 21:54:06    -2397.361237        0.080486
MDMin:  365 21:54:08    -2397.361240        0.081281
MDMin:  366 21:54:10    -2397.361243        0.083104
MDMin:  367 21:54:11    -2397.361246        0.091236
MDMin:  368 21:54:13    -2397.361249        0.104819
MDMin:  369 21:54:14    -2397.361251        0.130512
MDMin:  370 21:54:16    -2397.361252        0.085542
MDMin:  371 21:54:18    -2397.361253        0.079215
MDMin:  372 21:54:19    -2397.361254        0.079065
MDMin:  373 21:54:21    -2397.361255        0.079003
MDMin:  374 21:54:22    -2397.361256        0.078965
MDMin:  375 21:54:23    -2397.361257        0.078916
MDMin:  376 21:54:26    -2397.361259        0.078869
MDMin:  377 21:54:28    -2397.361260        0.078820
MDMin:  378 21:54:30    -2397.361261        0.078771
MDMin:  379 21:54:31    -2397.361262        0.078721
MDMin:  380 21:54:33    -2397.361263        0.078669
MDMin:  381 21:54:34    -2397.361264        0.078617
MDMin:  382 21:54:36    -2397.361266        0.078564
MDMin:  383 21:54:38    -2397.361267        0.078510
MDMin:  384 21:54:39    -2397.361268        0.078455
MDMin:  385 21:54:41    -2397.361269        0.078399
MDMin:  386 21:54:43    -2397.361271        0.078342
MDMin:  387 21:54:45    -2397.361272        0.078284
MDMin:  388 21:54:47    -2397.361273        0.078225
MDMin:  389 21:54:49    -2397.361274        0.078165
MDMin:  390 21:54:50    -2397.361276        0.078103
MDMin:  391 21:54:51    -2397.361277        0.078041
MDMin:  392 21:54:53    -2397.361278        0.077977
MDMin:  393 21:54:54    -2397.361280        0.077913
MDMin:  394 21:54:55    -2397.361281        0.077847
MDMin:  395 21:54:56    -2397.361283        0.077780
MDMin:  396 21:54:58    -2397.361284        0.077712
MDMin:  397 21:54:59    -2397.361286        0.077643
MDMin:  398 21:55:01    -2397.361287        0.077573
MDMin:  399 21:55:03    -2397.361288        0.077502
MDMin:  400 21:55:05    -2397.361290        0.077429
MDMin:  401 21:55:07    -2397.361291        0.077356
MDMin:  402 21:55:08    -2397.361293        0.077281
MDMin:  403 21:55:09    -2397.361294        0.077205
MDMin:  404 21:55:11    -2397.361296        0.077128
MDMin:  405 21:55:13    -2397.361297        0.077049
MDMin:  406 21:55:15    -2397.361299        0.076969
MDMin:  407 21:55:17    -2397.361300        0.076888
MDMin:  408 21:55:19    -2397.361302        0.076805
MDMin:  409 21:55:21    -2397.361303        0.076721
MDMin:  410 21:55:23    -2397.361305        0.076635
MDMin:  411 21:55:25    -2397.361306        0.076547
MDMin:  412 21:55:26    -2397.361308        0.076458
MDMin:  413 21:55:27    -2397.361310        0.076367
MDMin:  414 21:55:28    -2397.361311        0.076274
MDMin:  415 21:55:29    -2397.361313        0.076179
MDMin:  416 21:55:31    -2397.361314        0.076082
MDMin:  417 21:55:33    -2397.361316        0.075983
MDMin:  418 21:55:34    -2397.361317        0.075881
MDMin:  419 21:55:36    -2397.361319        0.075777
MDMin:  420 21:55:38    -2397.361321        0.075671
MDMin:  421 21:55:40    -2397.361322        0.075562
MDMin:  422 21:55:41    -2397.361324        0.075449
MDMin:  423 21:55:43    -2397.361325        0.075334
MDMin:  424 21:55:45    -2397.361327        0.075214
MDMin:  425 21:55:46    -2397.361329        0.075095
MDMin:  426 21:55:48    -2397.361330        0.074964
MDMin:  427 21:55:49    -2397.361332        0.074847
MDMin:  428 21:55:51    -2397.361333        0.074687
MDMin:  429 21:55:53    -2397.361335        0.074606
MDMin:  430 21:55:56    -2397.361336        0.074340
MDMin:  431 21:55:58    -2397.361338        0.074467
MDMin:  432 21:56:00    -2397.361340        0.073700
MDMin:  433 21:56:02    -2397.361341        0.074968
MDMin:  434 21:56:04    -2397.361343        0.072813
MDMin:  435 21:56:06    -2397.361344        0.079427
MDMin:  436 21:56:07    -2397.361346        0.083651
MDMin:  437 21:56:09    -2397.361347        0.106210
MDMin:  438 21:56:11    -2397.361348        0.073111
MDMin:  439 21:56:13    -2397.361348        0.073387
MDMin:  440 21:56:15    -2397.361349        0.073097
MDMin:  441 21:56:17    -2397.361349        0.073059
MDMin:  442 21:56:20    -2397.361350        0.072995
MDMin:  443 21:56:21    -2397.361350        0.072933
MDMin:  444 21:56:23    -2397.361351        0.072867
MDMin:  445 21:56:25    -2397.361351        0.072800
MDMin:  446 21:56:26    -2397.361352        0.072731
MDMin:  447 21:56:29    -2397.361352        0.072660
MDMin:  448 21:56:31    -2397.361353        0.072586
MDMin:  449 21:56:33    -2397.361353        0.072510
MDMin:  450 21:56:35    -2397.361354        0.072432
MDMin:  451 21:56:36    -2397.361355        0.072351
MDMin:  452 21:56:37    -2397.361355        0.072268
MDMin:  453 21:56:39    -2397.361356        0.072183
MDMin:  454 21:56:41    -2397.361356        0.072095
MDMin:  455 21:56:43    -2397.361357        0.072005
MDMin:  456 21:56:44    -2397.361358        0.071911
MDMin:  457 21:56:46    -2397.361358        0.071816
MDMin:  458 21:56:48    -2397.361359        0.071717
MDMin:  459 21:56:50    -2397.361360        0.071616
MDMin:  460 21:56:51    -2397.361360        0.071511
MDMin:  461 21:56:53    -2397.361361        0.071404
MDMin:  462 21:56:54    -2397.361362        0.071294
MDMin:  463 21:56:55    -2397.361363        0.071181
MDMin:  464 21:56:56    -2397.361363        0.071064
MDMin:  465 21:56:58    -2397.361364        0.070944
MDMin:  466 21:57:00    -2397.361365        0.070821
MDMin:  467 21:57:02    -2397.361366        0.070694
MDMin:  468 21:57:03    -2397.361366        0.070564
MDMin:  469 21:57:05    -2397.361367        0.070430
MDMin:  470 21:57:06    -2397.361368        0.070293
MDMin:  471 21:57:07    -2397.361369        0.070151
MDMin:  472 21:57:09    -2397.361369        0.070006
MDMin:  473 21:57:10    -2397.361370        0.069857
MDMin:  474 21:57:11    -2397.361371        0.069703
MDMin:  475 21:57:13    -2397.361372        0.069546
MDMin:  476 21:57:14    -2397.361373        0.069384
MDMin:  477 21:57:15    -2397.361373        0.069217
MDMin:  478 21:57:16    -2397.361374        0.069046
MDMin:  479 21:57:18    -2397.361375        0.068870
MDMin:  480 21:57:20    -2397.361376        0.068689
MDMin:  481 21:57:22    -2397.361377        0.068503
MDMin:  482 21:57:24    -2397.361378        0.068312
MDMin:  483 21:57:25    -2397.361378        0.068116
MDMin:  484 21:57:26    -2397.361379        0.067915
MDMin:  485 21:57:28    -2397.361380        0.067707
MDMin:  486 21:57:30    -2397.361381        0.067494
MDMin:  487 21:57:32    -2397.361382        0.067276
MDMin:  488 21:57:33    -2397.361383        0.067051
MDMin:  489 21:57:35    -2397.361384        0.066820
MDMin:  490 21:57:37    -2397.361384        0.066582
MDMin:  491 21:57:40    -2397.361385        0.066338
MDMin:  492 21:57:42    -2397.361386        0.066087
MDMin:  493 21:57:43    -2397.361387        0.065830
MDMin:  494 21:57:44    -2397.361388        0.065562
MDMin:  495 21:57:46    -2397.361389        0.065296
MDMin:  496 21:57:48    -2397.361390        0.065003
MDMin:  497 21:57:50    -2397.361391        0.064745
MDMin:  498 21:57:51    -2397.361392        0.064384
MDMin:  499 21:57:53    -2397.361393        0.064230
MDMin:  500 21:57:55    -2397.361394        0.063575
MDMin:  501 21:57:57    -2397.361395        0.064061
MDMin:  502 21:57:59    -2397.361395        0.063244
MDMin:  503 21:58:01    -2397.361396        0.086551
MDMin:  504 21:58:03    -2397.361397        0.093282
MDMin:  505 21:58:04    -2397.361397        0.063036
MDMin:  506 21:58:05    -2397.361397        0.062485
MDMin:  507 21:58:07    -2397.361398        0.062385
MDMin:  508 21:58:08    -2397.361398        0.062302
MDMin:  509 21:58:09    -2397.361398        0.062214
MDMin:  510 21:58:10    -2397.361399        0.062124
MDMin:  511 21:58:11    -2397.361399        0.062031
MDMin:  512 21:58:13    -2397.361399        0.061935
MDMin:  513 21:58:14    -2397.361400        0.061838
MDMin:  514 21:58:17    -2397.361400        0.061737
MDMin:  515 21:58:19    -2397.361401        0.061634
MDMin:  516 21:58:21    -2397.361401        0.061528
MDMin:  517 21:58:23    -2397.361401        0.061420
MDMin:  518 21:58:24    -2397.361402        0.061309
MDMin:  519 21:58:26    -2397.361402        0.061195
MDMin:  520 21:58:27    -2397.361403        0.061078
MDMin:  521 21:58:29    -2397.361403        0.060959
MDMin:  522 21:58:31    -2397.361403        0.060837
MDMin:  523 21:58:32    -2397.361404        0.060712
MDMin:  524 21:58:33    -2397.361404        0.060585
MDMin:  525 21:58:34    -2397.361405        0.060454
MDMin:  526 21:58:36    -2397.361405        0.060321
MDMin:  527 21:58:39    -2397.361406        0.060184
MDMin:  528 21:58:41    -2397.361406        0.060045
MDMin:  529 21:58:43    -2397.361407        0.059903
MDMin:  530 21:58:45    -2397.361407        0.059758
MDMin:  531 21:58:46    -2397.361408        0.059610
MDMin:  532 21:58:48    -2397.361408        0.059459
MDMin:  533 21:58:50    -2397.361408        0.059305
MDMin:  534 21:58:53    -2397.361409        0.059148
MDMin:  535 21:58:55    -2397.361410        0.058987
MDMin:  536 21:58:57    -2397.361410        0.058824
MDMin:  537 21:58:59    -2397.361411        0.058658
MDMin:  538 21:59:01    -2397.361411        0.058488
MDMin:  539 21:59:03    -2397.361412        0.058315
MDMin:  540 21:59:05    -2397.361412        0.058139
MDMin:  541 21:59:07    -2397.361413        0.057960
MDMin:  542 21:59:09    -2397.361413        0.057778
MDMin:  543 21:59:11    -2397.361414        0.057592
MDMin:  544 21:59:12    -2397.361414        0.057404
MDMin:  545 21:59:14    -2397.361415        0.057212
MDMin:  546 21:59:16    -2397.361415        0.057016
MDMin:  547 21:59:17    -2397.361416        0.056818
MDMin:  548 21:59:19    -2397.361417        0.056616
MDMin:  549 21:59:22    -2397.361417        0.056411
MDMin:  550 21:59:23    -2397.361418        0.056202
MDMin:  551 21:59:24    -2397.361418        0.055990
MDMin:  552 21:59:26    -2397.361419        0.055775
MDMin:  553 21:59:28    -2397.361420        0.055556
MDMin:  554 21:59:29    -2397.361420        0.055334
MDMin:  555 21:59:31    -2397.361421        0.055109
MDMin:  556 21:59:32    -2397.361422        0.054880
MDMin:  557 21:59:34    -2397.361422        0.054648
MDMin:  558 21:59:36    -2397.361423        0.054413
MDMin:  559 21:59:38    -2397.361423        0.054173
MDMin:  560 21:59:41    -2397.361424        0.053931
MDMin:  561 21:59:42    -2397.361425        0.053685
MDMin:  562 21:59:44    -2397.361425        0.053436
MDMin:  563 21:59:45    -2397.361426        0.053182
MDMin:  564 21:59:47    -2397.361427        0.052928
MDMin:  565 21:59:49    -2397.361427        0.052661
MDMin:  566 21:59:51    -2397.361428        0.052413
MDMin:  567 21:59:53    -2397.361429        0.052108
MDMin:  568 21:59:55    -2397.361430        0.051930
MDMin:  569 21:59:57    -2397.361430        0.051420
MDMin:  570 21:59:59    -2397.361431        0.051750
MDMin:  571 22:00:00    -2397.361432        0.055609
MDMin:  572 22:00:03    -2397.361432        0.079859
MDMin:  573 22:00:04    -2397.361433        0.068428
MDMin:  574 22:00:05    -2397.361433        0.050657
MDMin:  575 22:00:07    -2397.361433        0.050449
MDMin:  576 22:00:08    -2397.361433        0.050369
MDMin:  577 22:00:10    -2397.361433        0.050279
MDMin:  578 22:00:11    -2397.361434        0.050187
MDMin:  579 22:00:13    -2397.361434        0.050093
MDMin:  580 22:00:15    -2397.361434        0.049996
       Step     Time          Energy          fmax
MDMin:    0 07:16:29    -2397.350940        0.147394
MDMin:    1 07:16:31    -2397.350942        0.147374
MDMin:    2 07:16:33    -2397.350949        0.147314
MDMin:    3 07:16:34    -2397.350961        0.147214
MDMin:    4 07:16:36    -2397.350978        0.147075
MDMin:    5 07:16:38    -2397.351000        0.146896
MDMin:    6 07:16:40    -2397.351027        0.146678
MDMin:    7 07:16:41    -2397.351059        0.146422
MDMin:    8 07:16:43    -2397.351095        0.146127
MDMin:    9 07:16:44    -2397.351137        0.145795
MDMin:   10 07:16:46    -2397.351183        0.145425
MDMin:   11 07:16:48    -2397.351235        0.145019
MDMin:   12 07:16:50    -2397.351292        0.144578
MDMin:   13 07:16:52    -2397.351354        0.144102
MDMin:   14 07:16:53    -2397.351421        0.143592
MDMin:   15 07:16:55    -2397.351494        0.143049
MDMin:   16 07:16:57    -2397.351572        0.142474
MDMin:   17 07:16:59    -2397.351656        0.141868
MDMin:   18 07:17:01    -2397.351745        0.141233
MDMin:   19 07:17:02    -2397.351840        0.140568
MDMin:   20 07:17:04    -2397.351941        0.139877
MDMin:   21 07:17:06    -2397.352048        0.139159
MDMin:   22 07:17:08    -2397.352161        0.138416
MDMin:   23 07:17:10    -2397.352279        0.137649
MDMin:   24 07:17:11    -2397.352405        0.136860
MDMin:   25 07:17:13    -2397.352536        0.136049
MDMin:   26 07:17:15    -2397.352675        0.135219
MDMin:   27 07:17:17    -2397.352820        0.134371
MDMin:   28 07:17:18    -2397.352972        0.133506
MDMin:   29 07:17:20    -2397.353130        0.132625
MDMin:   30 07:17:21    -2397.353297        0.131729
MDMin:   31 07:17:22    -2397.353470        0.130821
MDMin:   32 07:17:24    -2397.353651        0.129901
MDMin:   33 07:17:25    -2397.353840        0.128971
MDMin:   34 07:17:26    -2397.354037        0.128032
MDMin:   35 07:17:27    -2397.354243        0.127086
MDMin:   36 07:17:29    -2397.354456        0.126133
MDMin:   37 07:17:30    -2397.354678        0.125175
MDMin:   38 07:17:31    -2397.354910        0.124213
MDMin:   39 07:17:33    -2397.355150        0.123248
MDMin:   40 07:17:35    -2397.355400        0.122282
MDMin:   41 07:17:37    -2397.355659        0.121315
MDMin:   42 07:17:39    -2397.355929        0.120348
MDMin:   43 07:17:41    -2397.356208        0.120171
MDMin:   44 07:17:43    -2397.356498        0.121097
MDMin:   45 07:17:44    -2397.356799        0.122044
MDMin:   46 07:17:46    -2397.357112        0.123011
MDMin:   47 07:17:48    -2397.357247        0.278583
MDMin:   48 07:17:50    -2397.357254        0.267695
MDMin:   49 07:17:52    -2397.357259        0.256130
MDMin:   50 07:17:54    -2397.357265        0.244240
MDMin:   51 07:17:56    -2397.357271        0.232254
MDMin:   52 07:17:58    -2397.357277        0.220320
MDMin:   53 07:17:59    -2397.357285        0.208540
MDMin:   54 07:18:01    -2397.357294        0.196991
MDMin:   55 07:18:03    -2397.357304        0.191580
MDMin:   56 07:18:05    -2397.357315        0.189046
MDMin:   57 07:18:07    -2397.357328        0.186702
MDMin:   58 07:18:09    -2397.357343        0.184548
MDMin:   59 07:18:10    -2397.357359        0.182584
MDMin:   60 07:18:11    -2397.357376        0.180807
MDMin:   61 07:18:13    -2397.357395        0.179211
MDMin:   62 07:18:14    -2397.357415        0.177792
MDMin:   63 07:18:16    -2397.357436        0.176542
MDMin:   64 07:18:18    -2397.357459        0.175453
MDMin:   65 07:18:20    -2397.357483        0.174517
MDMin:   66 07:18:22    -2397.357508        0.174974
MDMin:   67 07:18:24    -2397.357534        0.175654
MDMin:   68 07:18:26    -2397.357562        0.176295
MDMin:   69 07:18:28    -2397.357590        0.176908
MDMin:   70 07:18:30    -2397.357619        0.177500
MDMin:   71 07:18:32    -2397.357649        0.178081
MDMin:   72 07:18:34    -2397.357680        0.178656
MDMin:   73 07:18:36    -2397.357711        0.179233
MDMin:   74 07:18:38    -2397.357743        0.179817
MDMin:   75 07:18:39    -2397.357776        0.180412
MDMin:   76 07:18:41    -2397.357809        0.181023
MDMin:   77 07:18:42    -2397.357842        0.181653
MDMin:   78 07:18:43    -2397.357876        0.182304
MDMin:   79 07:18:45    -2397.357910        0.182978
MDMin:   80 07:18:47    -2397.357944        0.183676
MDMin:   81 07:18:49    -2397.357979        0.184398
MDMin:   82 07:18:51    -2397.358013        0.185144
MDMin:   83 07:18:53    -2397.358048        0.185914
MDMin:   84 07:18:54    -2397.358083        0.186705
MDMin:   85 07:18:56    -2397.358117        0.187516
MDMin:   86 07:18:58    -2397.358152        0.188345
MDMin:   87 07:19:00    -2397.358187        0.189189
MDMin:   88 07:19:02    -2397.358221        0.190044
MDMin:   89 07:19:04    -2397.358256        0.190907
MDMin:   90 07:19:06    -2397.358290        0.191774
MDMin:   91 07:19:08    -2397.358324        0.192640
MDMin:   92 07:19:10    -2397.358358        0.193501
MDMin:   93 07:19:11    -2397.358392        0.194352
MDMin:   94 07:19:13    -2397.358425        0.195188
MDMin:   95 07:19:15    -2397.358459        0.196005
MDMin:   96 07:19:17    -2397.358492        0.196796
MDMin:   97 07:19:19    -2397.358525        0.197558
MDMin:   98 07:19:20    -2397.358557        0.198283
MDMin:   99 07:19:22    -2397.358590        0.198968
MDMin:  100 07:19:24    -2397.358622        0.199606
MDMin:  101 07:19:26    -2397.358654        0.200629
MDMin:  102 07:19:28    -2397.358686        0.201698
MDMin:  103 07:19:30    -2397.358717        0.202721
MDMin:  104 07:19:32    -2397.358748        0.203689
MDMin:  105 07:19:34    -2397.358779        0.204601
MDMin:  106 07:19:36    -2397.358810        0.205445
MDMin:  107 07:19:38    -2397.358840        0.206221
MDMin:  108 07:19:39    -2397.358870        0.206917
MDMin:  109 07:19:40    -2397.358900        0.207538
MDMin:  110 07:19:43    -2397.358930        0.208060
MDMin:  111 07:19:44    -2397.358959        0.208503
MDMin:  112 07:19:45    -2397.358988        0.208825
MDMin:  113 07:19:47    -2397.359017        0.209073
MDMin:  114 07:19:48    -2397.359046        0.209165
MDMin:  115 07:19:50    -2397.359075        0.209213
MDMin:  116 07:19:51    -2397.359103        0.209029
MDMin:  117 07:19:53    -2397.359131        0.208904
MDMin:  118 07:19:55    -2397.359159        0.208355
MDMin:  119 07:19:57    -2397.359187        0.208171
MDMin:  120 07:19:59    -2397.359215        0.207021
MDMin:  121 07:20:01    -2397.359242        0.207175
MDMin:  122 07:20:03    -2397.359270        0.204688
MDMin:  123 07:20:04    -2397.359297        0.206535
MDMin:  124 07:20:06    -2397.359324        0.200207
MDMin:  125 07:20:07    -2397.359350        0.208476
MDMin:  126 07:20:09    -2397.359376        0.237059
MDMin:  127 07:20:11    -2397.359399        0.272156
MDMin:  128 07:20:12    -2397.359417        0.277301
MDMin:  129 07:20:14    -2397.359430        0.213908
MDMin:  130 07:20:15    -2397.359442        0.194805
MDMin:  131 07:20:17    -2397.359453        0.197058
MDMin:  132 07:20:19    -2397.359465        0.195300
MDMin:  133 07:20:21    -2397.359477        0.194815
MDMin:  134 07:20:23    -2397.359489        0.193829
MDMin:  135 07:20:25    -2397.359501        0.192993
MDMin:  136 07:20:27    -2397.359514        0.192046
MDMin:  137 07:20:28    -2397.359526        0.191102
MDMin:  138 07:20:30    -2397.359539        0.190108
MDMin:  139 07:20:32    -2397.359552        0.189092
MDMin:  140 07:20:33    -2397.359565        0.188038
MDMin:  141 07:20:34    -2397.359578        0.186957
MDMin:  142 07:20:36    -2397.359592        0.185844
MDMin:  143 07:20:38    -2397.359605        0.184703
MDMin:  144 07:20:40    -2397.359619        0.183533
MDMin:  145 07:20:42    -2397.359633        0.182336
MDMin:  146 07:20:44    -2397.359647        0.181112
MDMin:  147 07:20:46    -2397.359661        0.179863
MDMin:  148 07:20:48    -2397.359675        0.178591
MDMin:  149 07:20:50    -2397.359689        0.177296
MDMin:  150 07:20:52    -2397.359704        0.175980
MDMin:  151 07:20:53    -2397.359718        0.174645
MDMin:  152 07:20:54    -2397.359733        0.173292
MDMin:  153 07:20:55    -2397.359748        0.171921
MDMin:  154 07:20:57    -2397.359763        0.170536
MDMin:  155 07:20:58    -2397.359778        0.169137
MDMin:  156 07:20:59    -2397.359793        0.167723
MDMin:  157 07:21:01    -2397.359808        0.166299
MDMin:  158 07:21:03    -2397.359823        0.164865
MDMin:  159 07:21:05    -2397.359839        0.163423
MDMin:  160 07:21:07    -2397.359854        0.163265
MDMin:  161 07:21:08    -2397.359869        0.163335
MDMin:  162 07:21:10    -2397.359885        0.163409
MDMin:  163 07:21:12    -2397.359901        0.163593
MDMin:  164 07:21:14    -2397.359916        0.163748
MDMin:  165 07:21:15    -2397.359932        0.163856
MDMin:  166 07:21:17    -2397.359948        0.163941
MDMin:  167 07:21:19    -2397.359964        0.163962
MDMin:  168 07:21:21    -2397.359980        0.163976
MDMin:  169 07:21:22    -2397.359996        0.163890
MDMin:  170 07:21:24    -2397.360012        0.163850
MDMin:  171 07:21:25    -2397.360028        0.164087
MDMin:  172 07:21:27    -2397.360044        0.167585
MDMin:  173 07:21:29    -2397.360060        0.171288
MDMin:  174 07:21:31    -2397.360076        0.175210
MDMin:  175 07:21:33    -2397.360093        0.179366
MDMin:  176 07:21:34    -2397.360109        0.183774
MDMin:  177 07:21:35    -2397.360125        0.188450
MDMin:  178 07:21:37    -2397.360141        0.193410
MDMin:  179 07:21:39    -2397.360158        0.198660
MDMin:  180 07:21:40    -2397.360173        0.204168
MDMin:  181 07:21:42    -2397.360189        0.214368
MDMin:  182 07:21:43    -2397.360202        0.246798
MDMin:  183 07:21:44    -2397.360211        0.222351
MDMin:  184 07:21:45    -2397.360219        0.221502
MDMin:  185 07:21:47    -2397.360225        0.224384
MDMin:  186 07:21:48    -2397.360232        0.227386
MDMin:  187 07:21:49    -2397.360239        0.230529
MDMin:  188 07:21:51    -2397.360247        0.233822
MDMin:  189 07:21:53    -2397.360254        0.237269
MDMin:  190 07:21:55    -2397.360261        0.240877
MDMin:  191 07:21:56    -2397.360269        0.244651
MDMin:  192 07:21:58    -2397.360276        0.248596
MDMin:  193 07:21:59    -2397.360284        0.252718
MDMin:  194 07:22:00    -2397.360292        0.257022
MDMin:  195 07:22:02    -2397.360300        0.261510
MDMin:  196 07:22:04    -2397.360308        0.266188
MDMin:  197 07:22:06    -2397.360316        0.271058
MDMin:  198 07:22:07    -2397.360324        0.276119
MDMin:  199 07:22:09    -2397.360332        0.281372
MDMin:  200 07:22:11    -2397.360341        0.286815
MDMin:  201 07:22:12    -2397.360349        0.292442
MDMin:  202 07:22:14    -2397.360357        0.298244
MDMin:  203 07:22:15    -2397.360366        0.304211
MDMin:  204 07:22:17    -2397.360375        0.310324
MDMin:  205 07:22:19    -2397.360383        0.316563
MDMin:  206 07:22:21    -2397.360392        0.322899
MDMin:  207 07:22:23    -2397.360401        0.329296
MDMin:  208 07:22:25    -2397.360409        0.335710
MDMin:  209 07:22:26    -2397.360418        0.342089
MDMin:  210 07:22:28    -2397.360427        0.348369
MDMin:  211 07:22:30    -2397.360436        0.354473
MDMin:  212 07:22:32    -2397.360445        0.360315
MDMin:  213 07:22:34    -2397.360454        0.365793
MDMin:  214 07:22:36    -2397.360463        0.370793
MDMin:  215 07:22:37    -2397.360472        0.375185
MDMin:  216 07:22:39    -2397.360481        0.378828
MDMin:  217 07:22:41    -2397.360490        0.381566
MDMin:  218 07:22:43    -2397.360499        0.383234
MDMin:  219 07:22:45    -2397.360508        0.383660
MDMin:  220 07:22:47    -2397.360517        0.382668
MDMin:  221 07:22:49    -2397.360526        0.380082
MDMin:  222 07:22:51    -2397.360536        0.375736
MDMin:  223 07:22:52    -2397.360545        0.369482
MDMin:  224 07:22:53    -2397.360554        0.361197
MDMin:  225 07:22:55    -2397.360564        0.350793
MDMin:  226 07:22:57    -2397.360573        0.338235
MDMin:  227 07:22:58    -2397.360583        0.323540
MDMin:  228 07:23:00    -2397.360593        0.306801
MDMin:  229 07:23:02    -2397.360603        0.288184
MDMin:  230 07:23:04    -2397.360613        0.267944
MDMin:  231 07:23:06    -2397.360623        0.246412
MDMin:  232 07:23:08    -2397.360633        0.223998
MDMin:  233 07:23:10    -2397.360644        0.201175
MDMin:  234 07:23:11    -2397.360655        0.178459
MDMin:  235 07:23:13    -2397.360666        0.156378
MDMin:  236 07:23:15    -2397.360678        0.135430
MDMin:  237 07:23:17    -2397.360689        0.129058
MDMin:  238 07:23:18    -2397.360701        0.130108
MDMin:  239 07:23:20    -2397.360713        0.127208
MDMin:  240 07:23:22    -2397.360725        0.136027
MDMin:  241 07:23:23    -2397.360737        0.144495
MDMin:  242 07:23:25    -2397.360749        0.223073
MDMin:  243 07:23:27    -2397.360757        0.291021
MDMin:  244 07:23:29    -2397.360760        0.121388
MDMin:  245 07:23:31    -2397.360763        0.122926
MDMin:  246 07:23:33    -2397.360767        0.122530
MDMin:  247 07:23:35    -2397.360770        0.122191
MDMin:  248 07:23:37    -2397.360774        0.121840
MDMin:  249 07:23:39    -2397.360777        0.121479
MDMin:  250 07:23:41    -2397.360781        0.121109
MDMin:  251 07:23:43    -2397.360785        0.120730
MDMin:  252 07:23:45    -2397.360789        0.120341
MDMin:  253 07:23:47    -2397.360793        0.119943
MDMin:  254 07:23:49    -2397.360797        0.119535
MDMin:  255 07:23:51    -2397.360801        0.119118
MDMin:  256 07:23:53    -2397.360805        0.118692
MDMin:  257 07:23:55    -2397.360809        0.118256
MDMin:  258 07:23:57    -2397.360814        0.117811
MDMin:  259 07:23:59    -2397.360818        0.117357
MDMin:  260 07:24:01    -2397.360823        0.116893
MDMin:  261 07:24:03    -2397.360827        0.116420
MDMin:  262 07:24:05    -2397.360832        0.115938
MDMin:  263 07:24:06    -2397.360837        0.115447
MDMin:  264 07:24:08    -2397.360841        0.114947
MDMin:  265 07:24:10    -2397.360846        0.114437
MDMin:  266 07:24:12    -2397.360851        0.113919
MDMin:  267 07:24:14    -2397.360856        0.113512
MDMin:  268 07:24:15    -2397.360861        0.113193
MDMin:  269 07:24:17    -2397.360866        0.112863
MDMin:  270 07:24:18    -2397.360871        0.112521
MDMin:  271 07:24:19    -2397.360876        0.112169
MDMin:  272 07:24:21    -2397.360882        0.111804
MDMin:  273 07:24:22    -2397.360887        0.111428
MDMin:  274 07:24:23    -2397.360892        0.111040
MDMin:  275 07:24:25    -2397.360898        0.110640
MDMin:  276 07:24:27    -2397.360903        0.110227
MDMin:  277 07:24:28    -2397.360909        0.109802
MDMin:  278 07:24:29    -2397.360914        0.109363
MDMin:  279 07:24:31    -2397.360920        0.108912
MDMin:  280 07:24:33    -2397.360925        0.108447
MDMin:  281 07:24:35    -2397.360931        0.107968
MDMin:  282 07:24:37    -2397.360937        0.107475
MDMin:  283 07:24:39    -2397.360943        0.106968
MDMin:  284 07:24:41    -2397.360948        0.106451
MDMin:  285 07:24:43    -2397.360954        0.105922
MDMin:  286 07:24:45    -2397.360960        0.105383
MDMin:  287 07:24:47    -2397.360966        0.104832
MDMin:  288 07:24:49    -2397.360972        0.104272
MDMin:  289 07:24:51    -2397.360978        0.103698
MDMin:  290 07:24:53    -2397.360984        0.103117
MDMin:  291 07:24:55    -2397.360990        0.102517
MDMin:  292 07:24:57    -2397.360996        0.101918
MDMin:  293 07:24:59    -2397.361002        0.101286
MDMin:  294 07:25:00    -2397.361008        0.100678
MDMin:  295 07:25:02    -2397.361014        0.099995
MDMin:  296 07:25:04    -2397.361020        0.099415
MDMin:  297 07:25:05    -2397.361026        0.098818
MDMin:  298 07:25:07    -2397.361032        0.098266
MDMin:  299 07:25:09    -2397.361038        0.097739
MDMin:  300 07:25:10    -2397.361044        0.097359
MDMin:  301 07:25:12    -2397.361050        0.096720
MDMin:  302 07:25:14    -2397.361057        0.098479
MDMin:  303 07:25:15    -2397.361063        0.096258
MDMin:  304 07:25:17    -2397.361069        0.123588
MDMin:  305 07:25:19    -2397.361074        0.166472
MDMin:  306 07:25:21    -2397.361077        0.169981
MDMin:  307 07:25:23    -2397.361079        0.094804
MDMin:  308 07:25:25    -2397.361081        0.093521
MDMin:  309 07:25:27    -2397.361083        0.093499
MDMin:  310 07:25:29    -2397.361085        0.093280
MDMin:  311 07:25:31    -2397.361087        0.093090
MDMin:  312 07:25:33    -2397.361090        0.092891
MDMin:  313 07:25:35    -2397.361092        0.092689
MDMin:  314 07:25:37    -2397.361094        0.092483
MDMin:  315 07:25:39    -2397.361096        0.092273
MDMin:  316 07:25:41    -2397.361098        0.092060
MDMin:  317 07:25:43    -2397.361101        0.091844
MDMin:  318 07:25:45    -2397.361103        0.091624
MDMin:  319 07:25:47    -2397.361105        0.091401
MDMin:  320 07:25:49    -2397.361108        0.091175
MDMin:  321 07:25:51    -2397.361110        0.090946
MDMin:  322 07:25:53    -2397.361113        0.090714
MDMin:  323 07:25:55    -2397.361115        0.090479
MDMin:  324 07:25:57    -2397.361118        0.090241
MDMin:  325 07:25:59    -2397.361121        0.090001
MDMin:  326 07:26:01    -2397.361123        0.089758
MDMin:  327 07:26:03    -2397.361126        0.089512
MDMin:  328 07:26:05    -2397.361128        0.089264
MDMin:  329 07:26:07    -2397.361131        0.089014
MDMin:  330 07:26:09    -2397.361134        0.088762
MDMin:  331 07:26:10    -2397.361137        0.088507
MDMin:  332 07:26:13    -2397.361139        0.088251
MDMin:  333 07:26:15    -2397.361142        0.087992
MDMin:  334 07:26:17    -2397.361145        0.087732
MDMin:  335 07:26:19    -2397.361148        0.087470
MDMin:  336 07:26:20    -2397.361151        0.087207
MDMin:  337 07:26:22    -2397.361154        0.086942
MDMin:  338 07:26:24    -2397.361157        0.086676
MDMin:  339 07:26:26    -2397.361160        0.086408
MDMin:  340 07:26:27    -2397.361163        0.086139
MDMin:  341 07:26:29    -2397.361166        0.085869
MDMin:  342 07:26:31    -2397.361169        0.085598
MDMin:  343 07:26:33    -2397.361172        0.085326
MDMin:  344 07:26:34    -2397.361175        0.085054
MDMin:  345 07:26:36    -2397.361178        0.084780
MDMin:  346 07:26:38    -2397.361181        0.084506
MDMin:  347 07:26:39    -2397.361184        0.084232
MDMin:  348 07:26:41    -2397.361187        0.083958
MDMin:  349 07:26:43    -2397.361190        0.083683
MDMin:  350 07:26:45    -2397.361193        0.083409
MDMin:  351 07:26:46    -2397.361196        0.083135
MDMin:  352 07:26:47    -2397.361199        0.082863
MDMin:  353 07:26:49    -2397.361202        0.082590
MDMin:  354 07:26:51    -2397.361206        0.082321
MDMin:  355 07:26:52    -2397.361209        0.082049
MDMin:  356 07:26:54    -2397.361212        0.081785
MDMin:  357 07:26:55    -2397.361215        0.081512
MDMin:  358 07:26:57    -2397.361218        0.081262
MDMin:  359 07:26:59    -2397.361221        0.080971
MDMin:  360 07:27:01    -2397.361224        0.080768
MDMin:  361 07:27:03    -2397.361227        0.080395
MDMin:  362 07:27:05    -2397.361231        0.080382
MDMin:  363 07:27:07    -2397.361234        0.080384
MDMin:  364 07:27:09    -2397.361237        0.080485
MDMin:  365 07:27:11    -2397.361240        0.081280
MDMin:  366 07:27:13    -2397.361243        0.083103
MDMin:  367 07:27:15    -2397.361246        0.091233
MDMin:  368 07:27:17    -2397.361249        0.104813
MDMin:  369 07:27:18    -2397.361251        0.130518
MDMin:  370 07:27:20    -2397.361252        0.085546
MDMin:  371 07:27:22    -2397.361253        0.079216
MDMin:  372 07:27:24    -2397.361254        0.079065
MDMin:  373 07:27:26    -2397.361255        0.079003
MDMin:  374 07:27:28    -2397.361256        0.078965
MDMin:  375 07:27:29    -2397.361257        0.078916
MDMin:  376 07:27:31    -2397.361259        0.078869
MDMin:  377 07:27:32    -2397.361260        0.078820
MDMin:  378 07:27:34    -2397.361261        0.078771
MDMin:  379 07:27:35    -2397.361262        0.078721
MDMin:  380 07:27:36    -2397.361263        0.078669
MDMin:  381 07:27:38    -2397.361264        0.078617
MDMin:  382 07:27:39    -2397.361266        0.078564
MDMin:  383 07:27:41    -2397.361267        0.078510
MDMin:  384 07:27:43    -2397.361268        0.078455
MDMin:  385 07:27:45    -2397.361269        0.078399
MDMin:  386 07:27:47    -2397.361271        0.078342
MDMin:  387 07:27:49    -2397.361272        0.078284
MDMin:  388 07:27:50    -2397.361273        0.078225
MDMin:  389 07:27:51    -2397.361274        0.078165
MDMin:  390 07:27:52    -2397.361276        0.078103
MDMin:  391 07:27:54    -2397.361277        0.078041
MDMin:  392 07:27:55    -2397.361278        0.077977
MDMin:  393 07:27:56    -2397.361280        0.077913
MDMin:  394 07:27:57    -2397.361281        0.077847
MDMin:  395 07:27:59    -2397.361283        0.077780
MDMin:  396 07:28:01    -2397.361284        0.077712
MDMin:  397 07:28:03    -2397.361286        0.077643
MDMin:  398 07:28:05    -2397.361287        0.077573
MDMin:  399 07:28:07    -2397.361288        0.077502
MDMin:  400 07:28:09    -2397.361290        0.077429
MDMin:  401 07:28:10    -2397.361291        0.077356
MDMin:  402 07:28:12    -2397.361293        0.077281
MDMin:  403 07:28:13    -2397.361294        0.077205
MDMin:  404 07:28:15    -2397.361296        0.077128
MDMin:  405 07:28:16    -2397.361297        0.077049
MDMin:  406 07:28:18    -2397.361299        0.076969
MDMin:  407 07:28:20    -2397.361300        0.076888
MDMin:  408 07:28:21    -2397.361302        0.076805
MDMin:  409 07:28:23    -2397.361303        0.076721
MDMin:  410 07:28:24    -2397.361305        0.076635
MDMin:  411 07:28:26    -2397.361306        0.076547
MDMin:  412 07:28:27    -2397.361308        0.076458
MDMin:  413 07:28:28    -2397.361310        0.076367
MDMin:  414 07:28:30    -2397.361311        0.076274
MDMin:  415 07:28:32    -2397.361313        0.076179
MDMin:  416 07:28:33    -2397.361314        0.076082
MDMin:  417 07:28:35    -2397.361316        0.075983
MDMin:  418 07:28:37    -2397.361317        0.075881
MDMin:  419 07:28:39    -2397.361319        0.075777
MDMin:  420 07:28:41    -2397.361321        0.075671
MDMin:  421 07:28:42    -2397.361322        0.075562
MDMin:  422 07:28:44    -2397.361324        0.075449
MDMin:  423 07:28:46    -2397.361325        0.075334
MDMin:  424 07:28:47    -2397.361327        0.075214
MDMin:  425 07:28:49    -2397.361329        0.075095
MDMin:  426 07:28:51    -2397.361330        0.074964
MDMin:  427 07:28:53    -2397.361332        0.074847
MDMin:  428 07:28:55    -2397.361333        0.074687
MDMin:  429 07:28:56    -2397.361335        0.074606
MDMin:  430 07:28:57    -2397.361336        0.074340
MDMin:  431 07:29:00    -2397.361338        0.074467
MDMin:  432 07:29:02    -2397.361340        0.073701
MDMin:  433 07:29:03    -2397.361341        0.074964
MDMin:  434 07:29:05    -2397.361343        0.072807
MDMin:  435 07:29:06    -2397.361344        0.079405
MDMin:  436 07:29:08    -2397.361346        0.083691
MDMin:  437 07:29:09    -2397.361347        0.106258
MDMin:  438 07:29:11    -2397.361348        0.073098
MDMin:  439 07:29:12    -2397.361348        0.073386
MDMin:  440 07:29:14    -2397.361349        0.073097
MDMin:  441 07:29:15    -2397.361349        0.073059
MDMin:  442 07:29:17    -2397.361350        0.072995
MDMin:  443 07:29:19    -2397.361350        0.072933
MDMin:  444 07:29:20    -2397.361351        0.072868
MDMin:  445 07:29:22    -2397.361351        0.072800
MDMin:  446 07:29:24    -2397.361352        0.072731
MDMin:  447 07:29:26    -2397.361352        0.072660
MDMin:  448 07:29:28    -2397.361353        0.072586
MDMin:  449 07:29:30    -2397.361353        0.072510
MDMin:  450 07:29:32    -2397.361354        0.072432
MDMin:  451 07:29:34    -2397.361355        0.072351
MDMin:  452 07:29:36    -2397.361355        0.072268
MDMin:  453 07:29:38    -2397.361356        0.072183
MDMin:  454 07:29:40    -2397.361356        0.072095
MDMin:  455 07:29:42    -2397.361357        0.072005
MDMin:  456 07:29:44    -2397.361358        0.071912
MDMin:  457 07:29:46    -2397.361358        0.071816
MDMin:  458 07:29:47    -2397.361359        0.071717
MDMin:  459 07:29:49    -2397.361360        0.071616
MDMin:  460 07:29:51    -2397.361360        0.071512
MDMin:  461 07:29:53    -2397.361361        0.071404
MDMin:  462 07:29:55    -2397.361362        0.071294
MDMin:  463 07:29:57    -2397.361363        0.071181
MDMin:  464 07:29:59    -2397.361363        0.071064
MDMin:  465 07:30:01    -2397.361364        0.070944
MDMin:  466 07:30:03    -2397.361365        0.070821
MDMin:  467 07:30:05    -2397.361366        0.070694
MDMin:  468 07:30:06    -2397.361366        0.070564
MDMin:  469 07:30:08    -2397.361367        0.070431
MDMin:  470 07:30:09    -2397.361368        0.070293
MDMin:  471 07:30:11    -2397.361369        0.070152
MDMin:  472 07:30:13    -2397.361369        0.070006
MDMin:  473 07:30:14    -2397.361370        0.069857
MDMin:  474 07:30:16    -2397.361371        0.069704
MDMin:  475 07:30:18    -2397.361372        0.069546
MDMin:  476 07:30:20    -2397.361373        0.069384
MDMin:  477 07:30:21    -2397.361373        0.069217
MDMin:  478 07:30:23    -2397.361374        0.069046
MDMin:  479 07:30:25    -2397.361375        0.068870
MDMin:  480 07:30:27    -2397.361376        0.068689
MDMin:  481 07:30:29    -2397.361377        0.068504
MDMin:  482 07:30:31    -2397.361378        0.068313
MDMin:  483 07:30:32    -2397.361378        0.068116
MDMin:  484 07:30:34    -2397.361379        0.067915
MDMin:  485 07:30:36    -2397.361380        0.067708
MDMin:  486 07:30:37    -2397.361381        0.067495
MDMin:  487 07:30:38    -2397.361382        0.067276
MDMin:  488 07:30:39    -2397.361383        0.067051
MDMin:  489 07:30:41    -2397.361384        0.066820
MDMin:  490 07:30:43    -2397.361384        0.066582
MDMin:  491 07:30:45    -2397.361385        0.066338
MDMin:  492 07:30:47    -2397.361386        0.066087
MDMin:  493 07:30:49    -2397.361387        0.065831
MDMin:  494 07:30:50    -2397.361388        0.065563
MDMin:  495 07:30:51    -2397.361389        0.065297
MDMin:  496 07:30:53    -2397.361390        0.065003
MDMin:  497 07:30:55    -2397.361391        0.064746
MDMin:  498 07:30:56    -2397.361392        0.064384
MDMin:  499 07:30:58    -2397.361393        0.064230
MDMin:  500 07:31:00    -2397.361394        0.063576
MDMin:  501 07:31:01    -2397.361395        0.064059
MDMin:  502 07:31:02    -2397.361395        0.063243
MDMin:  503 07:31:04    -2397.361396        0.086405
MDMin:  504 07:31:05    -2397.361397        0.093410
MDMin:  505 07:31:07    -2397.361397        0.063041
MDMin:  506 07:31:09    -2397.361397        0.062484
MDMin:  507 07:31:11    -2397.361398        0.062385
MDMin:  508 07:31:13    -2397.361398        0.062302
MDMin:  509 07:31:15    -2397.361398        0.062214
MDMin:  510 07:31:16    -2397.361399        0.062123
MDMin:  511 07:31:18    -2397.361399        0.062030
MDMin:  512 07:31:19    -2397.361399        0.061935
MDMin:  513 07:31:20    -2397.361400        0.061837
MDMin:  514 07:31:22    -2397.361400        0.061737
MDMin:  515 07:31:23    -2397.361401        0.061633
MDMin:  516 07:31:25    -2397.361401        0.061528
MDMin:  517 07:31:27    -2397.361401        0.061419
MDMin:  518 07:31:28    -2397.361402        0.061308
MDMin:  519 07:31:30    -2397.361402        0.061194
MDMin:  520 07:31:32    -2397.361403        0.061078
MDMin:  521 07:31:33    -2397.361403        0.060958
MDMin:  522 07:31:35    -2397.361403        0.060836
MDMin:  523 07:31:37    -2397.361404        0.060712
MDMin:  524 07:31:38    -2397.361404        0.060584
MDMin:  525 07:31:40    -2397.361405        0.060453
MDMin:  526 07:31:42    -2397.361405        0.060320
MDMin:  527 07:31:43    -2397.361406        0.060184
MDMin:  528 07:31:45    -2397.361406        0.060045
MDMin:  529 07:31:47    -2397.361407        0.059902
MDMin:  530 07:31:49    -2397.361407        0.059757
MDMin:  531 07:31:51    -2397.361408        0.059609
MDMin:  532 07:31:53    -2397.361408        0.059458
MDMin:  533 07:31:55    -2397.361408        0.059304
MDMin:  534 07:31:57    -2397.361409        0.059147
MDMin:  535 07:31:59    -2397.361410        0.058987
MDMin:  536 07:32:01    -2397.361410        0.058823
MDMin:  537 07:32:03    -2397.361411        0.058657
MDMin:  538 07:32:04    -2397.361411        0.058487
MDMin:  539 07:32:06    -2397.361412        0.058314
MDMin:  540 07:32:08    -2397.361412        0.058138
MDMin:  541 07:32:10    -2397.361413        0.057959
MDMin:  542 07:32:12    -2397.361413        0.057777
MDMin:  543 07:32:14    -2397.361414        0.057591
MDMin:  544 07:32:16    -2397.361414        0.057403
MDMin:  545 07:32:18    -2397.361415        0.057210
MDMin:  546 07:32:20    -2397.361415        0.057015
MDMin:  547 07:32:22    -2397.361416        0.056817
MDMin:  548 07:32:24    -2397.361417        0.056615
MDMin:  549 07:32:25    -2397.361417        0.056409
MDMin:  550 07:32:27    -2397.361418        0.056201
MDMin:  551 07:32:28    -2397.361418        0.055989
MDMin:  552 07:32:30    -2397.361419        0.055774
MDMin:  553 07:32:31    -2397.361420        0.055555
MDMin:  554 07:32:32    -2397.361420        0.055333
MDMin:  555 07:32:34    -2397.361421        0.055108
MDMin:  556 07:32:36    -2397.361422        0.054879
MDMin:  557 07:32:37    -2397.361422        0.054647
MDMin:  558 07:32:39    -2397.361423        0.054411
MDMin:  559 07:32:40    -2397.361423        0.054172
MDMin:  560 07:32:42    -2397.361424        0.053930
MDMin:  561 07:32:44    -2397.361425        0.053683
MDMin:  562 07:32:46    -2397.361425        0.053434
MDMin:  563 07:32:48    -2397.361426        0.053180
MDMin:  564 07:32:50    -2397.361427        0.052926
MDMin:  565 07:32:51    -2397.361427        0.052660
MDMin:  566 07:32:53    -2397.361428        0.052412
MDMin:  567 07:32:54    -2397.361429        0.052106
MDMin:  568 07:32:56    -2397.361430        0.051931
MDMin:  569 07:32:58    -2397.361430        0.051413
MDMin:  570 07:33:00    -2397.361431        0.051764
MDMin:  571 07:33:02    -2397.361432        0.056545
MDMin:  572 07:33:04    -2397.361432        0.080930
MDMin:  573 07:33:05    -2397.361433        0.066244
MDMin:  574 07:33:07    -2397.361433        0.050672
MDMin:  575 07:33:08    -2397.361433        0.050452
MDMin:  576 07:33:10    -2397.361433        0.050374
MDMin:  577 07:33:11    -2397.361433        0.050283
MDMin:  578 07:33:13    -2397.361434        0.050191
MDMin:  579 07:33:14    -2397.361434        0.050096
MDMin:  580 07:33:15    -2397.361434        0.049998
