       Step     Time          Energy          fmax
MDMin:    0 05:16:22    -2393.643406        8.240817
MDMin:    1 05:16:25    -2393.645286        8.252857
MDMin:    2 05:16:27    -2393.650866        7.913225
MDMin:    3 05:16:29    -2393.660026        8.073082
MDMin:    4 05:16:30    -2393.672817        7.042642
MDMin:    5 05:16:32    -2393.689783        7.468307
MDMin:    6 05:16:34    -2393.711878        5.364773
MDMin:    7 05:16:35    -2393.741833        6.325656
MDMin:    8 05:16:36    -2393.781334        3.491495
MDMin:    9 05:16:37    -2393.844968        4.801725
MDMin:   10 05:16:39    -2393.903110        3.821284
MDMin:   11 05:16:40    -2393.963785        2.316421
MDMin:   12 05:16:41    -2394.055435        3.235977
MDMin:   13 05:16:43    -2394.167117        3.028383
MDMin:   14 05:16:45    -2394.300890        2.369922
MDMin:   15 05:16:46    -2394.477844        1.850318
MDMin:   16 05:16:48    -2394.697229        2.241150
MDMin:   17 05:16:50    -2394.960980        2.639397
MDMin:   18 05:16:52    -2395.296240        2.908404
MDMin:   19 05:16:54    -2395.547460        3.008975
MDMin:   20 05:16:56    -2395.710213        2.299356
MDMin:   21 05:16:58    -2395.871373        1.524001
MDMin:   22 05:16:59    -2396.036266        1.693249
MDMin:   23 05:17:00    -2396.212323        1.865721
MDMin:   24 05:17:02    -2396.395153        1.937301
MDMin:   25 05:17:04    -2396.546596        1.882741
MDMin:   26 05:17:06    -2396.629200        1.796610
MDMin:   27 05:17:07    -2396.691049        1.695336
MDMin:   28 05:17:09    -2396.755350        1.584464
MDMin:   29 05:17:11    -2396.820949        1.460168
MDMin:   30 05:17:13    -2396.884889        1.276053
MDMin:   31 05:17:15    -2396.940380        1.187507
MDMin:   32 05:17:17    -2396.992534        0.949471
MDMin:   33 05:17:19    -2397.041414        0.885871
MDMin:   34 05:17:20    -2397.087446        0.870388
MDMin:   35 05:17:22    -2397.129819        0.852741
MDMin:   36 05:17:24    -2397.163831        0.815586
MDMin:   37 05:17:25    -2397.193193        0.889396
MDMin:   38 05:17:27    -2397.203262        0.746337
MDMin:   39 05:17:28    -2397.215652        0.717330
MDMin:   40 05:17:30    -2397.228000        0.708543
MDMin:   41 05:17:32    -2397.240355        0.723110
MDMin:   42 05:17:33    -2397.254234        0.739743
MDMin:   43 05:17:35    -2397.268306        0.757922
MDMin:   44 05:17:37    -2397.281781        0.776018
MDMin:   45 05:17:39    -2397.296228        0.794604
MDMin:   46 05:17:41    -2397.310888        0.812471
MDMin:   47 05:17:43    -2397.325733        0.828184
MDMin:   48 05:17:44    -2397.337790        0.839664
MDMin:   49 05:17:46    -2397.337073        0.843887
MDMin:   50 05:17:48    -2397.336391        0.840671
MDMin:   51 05:17:49    -2397.335756        0.827365
MDMin:   52 05:17:50    -2397.335166        0.801917
MDMin:   53 05:17:52    -2397.334603        0.762839
MDMin:   54 05:17:53    -2397.334069        0.712075
MDMin:   55 05:17:55    -2397.333587        0.870916
MDMin:   56 05:17:57    -2397.333350        0.679544
MDMin:   57 05:17:59    -2397.333252        0.620201
MDMin:   58 05:18:01    -2397.333124        0.605680
MDMin:   59 05:18:03    -2397.332972        0.588483
MDMin:   60 05:18:05    -2397.332798        0.568572
MDMin:   61 05:18:07    -2397.332602        0.545895
MDMin:   62 05:18:09    -2397.332386        0.520414
MDMin:   63 05:18:11    -2397.332154        0.492155
MDMin:   64 05:18:13    -2397.331909        0.461300
MDMin:   65 05:18:14    -2397.331658        0.458442
MDMin:   66 05:18:16    -2397.331408        0.459220
MDMin:   67 05:18:18    -2397.331168        0.457611
MDMin:   68 05:18:20    -2397.330951        0.453105
MDMin:   69 05:18:22    -2397.330766        0.448332
MDMin:   70 05:18:24    -2397.330627        0.449281
MDMin:   71 05:18:26    -2397.330543        0.458127
MDMin:   72 05:18:28    -2397.330525        0.450782
MDMin:   73 05:18:30    -2397.330578        0.412627
MDMin:   74 05:18:32    -2397.330708        0.398925
MDMin:   75 05:18:35    -2397.330901        0.469805
MDMin:   76 05:18:37    -2397.331006        0.393077
MDMin:   77 05:18:39    -2397.331038        0.383867
MDMin:   78 05:18:40    -2397.331087        0.384042
MDMin:   79 05:18:42    -2397.331150        0.384211
MDMin:   80 05:18:44    -2397.331228        0.384335
MDMin:   81 05:18:46    -2397.331323        0.384374
MDMin:   82 05:18:47    -2397.331438        0.384274
MDMin:   83 05:18:49    -2397.331574        0.383975
MDMin:   84 05:18:51    -2397.331735        0.383398
MDMin:   85 05:18:53    -2397.331923        0.382454
MDMin:   86 05:18:55    -2397.332142        0.381037
MDMin:   87 05:18:57    -2397.332394        0.379023
MDMin:   88 05:18:59    -2397.332684        0.376278
MDMin:   89 05:19:01    -2397.333015        0.372662
MDMin:   90 05:19:03    -2397.333391        0.378867
MDMin:   91 05:19:05    -2397.333817        0.390337
MDMin:   92 05:19:07    -2397.334296        0.402135
MDMin:   93 05:19:09    -2397.334834        0.413714
MDMin:   94 05:19:11    -2397.335434        0.424215
MDMin:   95 05:19:13    -2397.336101        0.432371
MDMin:   96 05:19:15    -2397.336838        0.436515
MDMin:   97 05:19:17    -2397.337630        0.435003
MDMin:   98 05:19:19    -2397.338315        0.482078
MDMin:   99 05:19:21    -2397.338524        0.426033
MDMin:  100 05:19:22    -2397.338771        0.422431
MDMin:  101 05:19:24    -2397.339059        0.417908
MDMin:  102 05:19:26    -2397.339389        0.412357
MDMin:  103 05:19:28    -2397.339762        0.405691
MDMin:  104 05:19:30    -2397.340182        0.397862
MDMin:  105 05:19:32    -2397.340650        0.388873
MDMin:  106 05:19:34    -2397.341170        0.378786
MDMin:  107 05:19:35    -2397.341744        0.367715
MDMin:  108 05:19:36    -2397.342375        0.355820
MDMin:  109 05:19:38    -2397.343066        0.343287
MDMin:  110 05:19:40    -2397.343821        0.330315
MDMin:  111 05:19:41    -2397.344641        0.317104
MDMin:  112 05:19:42    -2397.345529        0.316442
MDMin:  113 05:19:43    -2397.346487        0.321444
MDMin:  114 05:19:45    -2397.347510        0.323801
MDMin:  115 05:19:47    -2397.348578        0.323079
MDMin:  116 05:19:49    -2397.349549        0.466061
MDMin:  117 05:19:51    -2397.350008        0.317611
MDMin:  118 05:19:53    -2397.350284        0.316048
MDMin:  119 05:19:55    -2397.350618        0.313982
MDMin:  120 05:19:57    -2397.351007        0.311339
MDMin:  121 05:19:59    -2397.351452        0.308001
MDMin:  122 05:20:01    -2397.351956        0.303829
MDMin:  123 05:20:03    -2397.352521        0.298668
MDMin:  124 05:20:04    -2397.353149        0.294187
MDMin:  125 05:20:06    -2397.353842        0.290259
MDMin:  126 05:20:08    -2397.354604        0.284706
MDMin:  127 05:20:10    -2397.355436        0.277748
MDMin:  128 05:20:12    -2397.356342        0.269597
MDMin:  129 05:20:14    -2397.357324        0.260436
MDMin:  130 05:20:16    -2397.358386        0.250411
MDMin:  131 05:20:17    -2397.359530        0.239674
MDMin:  132 05:20:19    -2397.360755        0.228418
MDMin:  133 05:20:21    -2397.362052        0.223609
MDMin:  134 05:20:23    -2397.363307        0.334316
MDMin:  135 05:20:25    -2397.363989        0.355588
MDMin:  136 05:20:27    -2397.364183        0.231752
MDMin:  137 05:20:29    -2397.364462        0.232967
MDMin:  138 05:20:31    -2397.364800        0.234504
MDMin:  139 05:20:33    -2397.365194        0.236375
MDMin:  140 05:20:35    -2397.365644        0.238605
MDMin:  141 05:20:37    -2397.366152        0.241214
MDMin:  142 05:20:39    -2397.366716        0.244212
MDMin:  143 05:20:41    -2397.367338        0.247587
MDMin:  144 05:20:43    -2397.367461        0.251301
MDMin:  145 05:20:45    -2397.368228        0.255083
MDMin:  146 05:20:47    -2397.367654        0.258815
MDMin:  147 05:20:49    -2397.368437        0.262378
MDMin:  148 05:20:50    -2397.369165        0.265744
MDMin:  149 05:20:51    -2397.369682        0.268596
MDMin:  150 05:20:53    -2397.368653        0.270416
MDMin:  151 05:20:54    -2397.369281        0.271005
MDMin:  152 05:20:56    -2397.369833        0.269949
MDMin:  153 05:20:58    -2397.370309        0.266675
MDMin:  154 05:21:00    -2397.370712        0.260595
MDMin:  155 05:21:02    -2397.371039        0.251222
MDMin:  156 05:21:03    -2397.371290        0.238480
MDMin:  157 05:21:04    -2397.371452        0.241696
MDMin:  158 05:21:06    -2397.371553        0.262948
MDMin:  159 05:21:08    -2397.371609        0.224503
MDMin:  160 05:21:10    -2397.371638        0.226093
MDMin:  161 05:21:12    -2397.371663        0.227662
MDMin:  162 05:21:14    -2397.371681        0.229130
MDMin:  163 05:21:16    -2397.371691        0.230393
MDMin:  164 05:21:18    -2397.371691        0.231333
MDMin:  165 05:21:20    -2397.371677        0.231820
MDMin:  166 05:21:22    -2397.371649        0.231718
MDMin:  167 05:21:24    -2397.371603        0.230898
MDMin:  168 05:21:26    -2397.371539        0.229247
MDMin:  169 05:21:28    -2397.371455        0.226687
MDMin:  170 05:21:30    -2397.371349        0.223200
MDMin:  171 05:21:32    -2397.371225        0.218917
MDMin:  172 05:21:34    -2397.371095        0.216825
MDMin:  173 05:21:36    -2397.370998        0.211084
MDMin:  174 05:21:38    -2397.370934        0.213863
MDMin:  175 05:21:39    -2397.370864        0.219193
MDMin:  176 05:21:41    -2397.370784        0.225470
MDMin:  177 05:21:42    -2397.370692        0.232722
MDMin:  178 05:21:44    -2397.370587        0.240828
MDMin:  179 05:21:47    -2397.370470        0.249410
MDMin:  180 05:21:48    -2397.370339        0.257662
MDMin:  181 05:21:50    -2397.370194        0.264171
MDMin:  182 05:21:52    -2397.370035        0.266940
MDMin:  183 05:21:54    -2397.369859        0.264045
MDMin:  184 05:21:55    -2397.369666        0.255247
MDMin:  185 05:21:57    -2397.369453        0.243319
MDMin:  186 05:21:59    -2397.369220        0.232011
MDMin:  187 05:22:01    -2397.368970        0.224021
MDMin:  188 05:22:03    -2397.368725        0.216879
MDMin:  189 05:22:05    -2397.368560        0.211814
MDMin:  190 05:22:06    -2397.368474        0.209217
MDMin:  191 05:22:07    -2397.368376        0.206243
MDMin:  192 05:22:08    -2397.368262        0.202852
MDMin:  193 05:22:10    -2397.368132        0.199048
MDMin:  194 05:22:12    -2397.367987        0.194842
MDMin:  195 05:22:14    -2397.367825        0.190246
MDMin:  196 05:22:16    -2397.367645        0.185277
MDMin:  197 05:22:18    -2397.367448        0.179956
MDMin:  198 05:22:20    -2397.367233        0.174310
MDMin:  199 05:22:22    -2397.366999        0.168370
MDMin:  200 05:22:24    -2397.366746        0.162176
MDMin:  201 05:22:26    -2397.366475        0.162059
MDMin:  202 05:22:28    -2397.366185        0.164485
MDMin:  203 05:22:30    -2397.365878        0.167689
MDMin:  204 05:22:31    -2397.365557        0.171762
MDMin:  205 05:22:32    -2397.365245        0.222798
MDMin:  206 05:22:33    -2397.365040        0.279870
MDMin:  207 05:22:35    -2397.364968        0.181283
MDMin:  208 05:22:37    -2397.364875        0.183052
MDMin:  209 05:22:39    -2397.364767        0.185193
MDMin:  210 05:22:40    -2397.364645        0.187751
MDMin:  211 05:22:42    -2397.364510        0.190776
MDMin:  212 05:22:44    -2397.364362        0.194320
MDMin:  213 05:22:45    -2397.364201        0.198441
MDMin:  214 05:22:46    -2397.364029        0.203195
MDMin:  215 05:22:48    -2397.363846        0.208637
MDMin:  216 05:22:50    -2397.363655        0.214810
MDMin:  217 05:22:52    -2397.363456        0.221741
MDMin:  218 05:22:54    -2397.363252        0.229420
MDMin:  219 05:22:56    -2397.363045        0.237791
MDMin:  220 05:22:58    -2397.362837        0.246724
MDMin:  221 05:23:00    -2397.362632        0.255988
MDMin:  222 05:23:01    -2397.362431        0.265228
MDMin:  223 05:23:03    -2397.362239        0.273931
MDMin:  224 05:23:05    -2397.362061        0.281397
MDMin:  225 05:23:07    -2397.361906        0.286690
MDMin:  226 05:23:08    -2397.361804        0.294456
MDMin:  227 05:23:10    -2397.361760        0.289765
MDMin:  228 05:23:12    -2397.361717        0.290081
MDMin:  229 05:23:14    -2397.361670        0.289963
MDMin:  230 05:23:16    -2397.361622        0.289206
MDMin:  231 05:23:18    -2397.361574        0.287572
MDMin:  232 05:23:20    -2397.361528        0.284799
MDMin:  233 05:23:22    -2397.361484        0.280605
MDMin:  234 05:23:24    -2397.361447        0.274703
MDMin:  235 05:23:26    -2397.361416        0.266821
MDMin:  236 05:23:27    -2397.361396        0.256719
MDMin:  237 05:23:30    -2397.361388        0.255603
MDMin:  238 05:23:32    -2397.361395        0.259274
MDMin:  239 05:23:34    -2397.361420        0.262301
MDMin:  240 05:23:35    -2397.361465        0.264493
MDMin:  241 05:23:36    -2397.361535        0.265674
MDMin:  242 05:23:38    -2397.361630        0.265708
MDMin:  243 05:23:40    -2397.361747        0.264589
MDMin:  244 05:23:42    -2397.361851        0.325214
MDMin:  245 05:23:43    -2397.361903        0.261905
MDMin:  246 05:23:45    -2397.361960        0.260750
MDMin:  247 05:23:47    -2397.362029        0.259347
MDMin:  248 05:23:49    -2397.362111        0.257665
MDMin:  249 05:23:51    -2397.362208        0.255681
MDMin:  250 05:23:53    -2397.362323        0.253374
MDMin:  251 05:23:55    -2397.362456        0.250735
MDMin:  252 05:23:56    -2397.362611        0.247760
MDMin:  253 05:23:58    -2397.362789        0.244461
MDMin:  254 05:23:59    -2397.362993        0.240863
MDMin:  255 05:24:02    -2397.363226        0.237004
MDMin:  256 05:24:03    -2397.363490        0.232934
MDMin:  257 05:24:05    -2397.363787        0.228708
MDMin:  258 05:24:06    -2397.364119        0.224393
MDMin:  259 05:24:07    -2397.364478        0.220107
MDMin:  260 05:24:09    -2397.364830        0.269173
MDMin:  261 05:24:11    -2397.365055        0.244904
MDMin:  262 05:24:13    -2397.365177        0.215868
MDMin:  263 05:24:15    -2397.365321        0.220422
MDMin:  264 05:24:17    -2397.365487        0.225053
MDMin:  265 05:24:19    -2397.365677        0.229294
MDMin:  266 05:24:21    -2397.365892        0.232505
MDMin:  267 05:24:24    -2397.366133        0.233935
MDMin:  268 05:24:25    -2397.366401        0.232958
MDMin:  269 05:24:27    -2397.366700        0.229468
MDMin:  270 05:24:29    -2397.367032        0.224188
MDMin:  271 05:24:31    -2397.367399        0.218353
MDMin:  272 05:24:33    -2397.367805        0.212681
MDMin:  273 05:24:35    -2397.368251        0.206797
MDMin:  274 05:24:36    -2397.368742        0.199954
MDMin:  275 05:24:38    -2397.369280        0.191873
MDMin:  276 05:24:40    -2397.369868        0.182749
MDMin:  277 05:24:42    -2397.370510        0.172920
MDMin:  278 05:24:43    -2397.371202        0.166547
MDMin:  279 05:24:45    -2397.371891        0.258259
MDMin:  280 05:24:48    -2397.372272        0.308863
MDMin:  281 05:24:50    -2397.372361        0.159089
MDMin:  282 05:24:52    -2397.372497        0.158230
MDMin:  283 05:24:54    -2397.372669        0.157157
MDMin:  284 05:24:56    -2397.372873        0.155904
MDMin:  285 05:24:57    -2397.373111        0.154480
MDMin:  286 05:24:59    -2397.373382        0.152892
MDMin:  287 05:25:00    -2397.373688        0.151153
MDMin:  288 05:25:02    -2397.374031        0.149274
