       Step     Time          Energy          fmax
MDMin:    0 08:23:03    -2397.313921        0.141500
MDMin:    1 08:23:05    -2397.313920        0.141481
MDMin:    2 08:23:06    -2397.313919        0.141424
MDMin:    3 08:23:07    -2397.313916        0.141328
MDMin:    4 08:23:09    -2397.313912        0.141194
MDMin:    5 08:23:10    -2397.313907        0.141023
MDMin:    6 08:23:11    -2397.313901        0.140813
MDMin:    7 08:23:13    -2397.313893        0.140566
MDMin:    8 08:23:15    -2397.313885        0.140281
MDMin:    9 08:23:17    -2397.313876        0.139959
MDMin:   10 08:23:19    -2397.313865        0.139600
MDMin:   11 08:23:20    -2397.313854        0.139204
MDMin:   12 08:23:21    -2397.313841        0.138773
MDMin:   13 08:23:23    -2397.313827        0.138754
MDMin:   14 08:23:24    -2397.313813        0.138987
MDMin:   15 08:23:25    -2397.313798        0.139234
MDMin:   16 08:23:27    -2397.313781        0.139496
MDMin:   17 08:23:29    -2397.313764        0.139771
MDMin:   18 08:23:31    -2397.313746        0.140059
MDMin:   19 08:23:33    -2397.313727        0.140359
MDMin:   20 08:23:34    -2397.313707        0.140669
MDMin:   21 08:23:36    -2397.313687        0.140990
MDMin:   22 08:23:38    -2397.313666        0.141320
MDMin:   23 08:23:40    -2397.313645        0.141657
MDMin:   24 08:23:42    -2397.313622        0.142002
MDMin:   25 08:23:44    -2397.313600        0.142352
MDMin:   26 08:23:46    -2397.313577        0.142707
MDMin:   27 08:23:48    -2397.313553        0.143066
MDMin:   28 08:23:50    -2397.313529        0.143426
MDMin:   29 08:23:52    -2397.313505        0.143786
MDMin:   30 08:23:54    -2397.313481        0.144146
MDMin:   31 08:23:55    -2397.313457        0.144504
MDMin:   32 08:23:57    -2397.313433        0.144858
MDMin:   33 08:23:58    -2397.313408        0.145206
MDMin:   34 08:23:59    -2397.313384        0.145548
MDMin:   35 08:24:00    -2397.313360        0.145882
MDMin:   36 08:24:01    -2397.313337        0.146206
MDMin:   37 08:24:03    -2397.313313        0.146518
MDMin:   38 08:24:04    -2397.313291        0.146819
MDMin:   39 08:24:06    -2397.313269        0.147105
MDMin:   40 08:24:08    -2397.313247        0.147377
MDMin:   41 08:24:09    -2397.313227        0.147632
MDMin:   42 08:24:11    -2397.313207        0.147870
MDMin:   43 08:24:13    -2397.313188        0.148089
MDMin:   44 08:24:14    -2397.313170        0.148288
MDMin:   45 08:24:15    -2397.313154        0.148467
MDMin:   46 08:24:16    -2397.313138        0.148625
MDMin:   47 08:24:18    -2397.313124        0.148760
MDMin:   48 08:24:19    -2397.313112        0.148873
MDMin:   49 08:24:21    -2397.313101        0.148963
MDMin:   50 08:24:23    -2397.313092        0.149029
MDMin:   51 08:24:25    -2397.313084        0.149072
MDMin:   52 08:24:26    -2397.313079        0.149091
MDMin:   53 08:24:27    -2397.313075        0.149087
MDMin:   54 08:24:28    -2397.313074        0.149058
MDMin:   55 08:24:30    -2397.313074        0.149005
MDMin:   56 08:24:31    -2397.313077        0.148927
MDMin:   57 08:24:33    -2397.313082        0.148824
MDMin:   58 08:24:34    -2397.313090        0.148695
MDMin:   59 08:24:36    -2397.313100        0.148540
MDMin:   60 08:24:38    -2397.313112        0.148356
MDMin:   61 08:24:40    -2397.313128        0.148142
MDMin:   62 08:24:41    -2397.313145        0.147897
MDMin:   63 08:24:43    -2397.313166        0.147616
MDMin:   64 08:24:44    -2397.313189        0.147297
MDMin:   65 08:24:45    -2397.313216        0.146935
MDMin:   66 08:24:47    -2397.313245        0.146527
MDMin:   67 08:24:48    -2397.313277        0.146067
MDMin:   68 08:24:50    -2397.313312        0.145548
MDMin:   69 08:24:52    -2397.313349        0.144966
MDMin:   70 08:24:54    -2397.313390        0.144312
MDMin:   71 08:24:56    -2397.313434        0.143579
MDMin:   72 08:24:58    -2397.313481        0.142761
MDMin:   73 08:25:00    -2397.313531        0.141849
MDMin:   74 08:25:01    -2397.313584        0.140836
MDMin:   75 08:25:03    -2397.313640        0.139715
MDMin:   76 08:25:05    -2397.313699        0.138480
MDMin:   77 08:25:07    -2397.313762        0.137124
MDMin:   78 08:25:09    -2397.313827        0.135645
MDMin:   79 08:25:10    -2397.313895        0.134037
MDMin:   80 08:25:11    -2397.313965        0.132299
MDMin:   81 08:25:13    -2397.314039        0.130431
MDMin:   82 08:25:14    -2397.314116        0.128434
MDMin:   83 08:25:16    -2397.314195        0.126313
MDMin:   84 08:25:18    -2397.314277        0.124071
MDMin:   85 08:25:19    -2397.314362        0.121718
MDMin:   86 08:25:21    -2397.314449        0.119261
MDMin:   87 08:25:22    -2397.314538        0.116711
MDMin:   88 08:25:23    -2397.314630        0.114082
MDMin:   89 08:25:25    -2397.314725        0.112512
MDMin:   90 08:25:26    -2397.314821        0.111762
MDMin:   91 08:25:28    -2397.314920        0.110993
MDMin:   92 08:25:29    -2397.315020        0.110213
MDMin:   93 08:25:30    -2397.315122        0.109431
MDMin:   94 08:25:31    -2397.315226        0.108659
MDMin:   95 08:25:32    -2397.315332        0.107909
MDMin:   96 08:25:34    -2397.315438        0.107195
MDMin:   97 08:25:35    -2397.315544        0.113964
MDMin:   98 08:25:36    -2397.315646        0.145545
MDMin:   99 08:25:38    -2397.315727        0.197083
MDMin:  100 08:25:39    -2397.315776        0.111444
MDMin:  101 08:25:40    -2397.315817        0.112464
MDMin:  102 08:25:42    -2397.315858        0.113505
MDMin:  103 08:25:43    -2397.315899        0.114584
MDMin:  104 08:25:45    -2397.315942        0.115700
MDMin:  105 08:25:47    -2397.315985        0.116851
MDMin:  106 08:25:48    -2397.316029        0.118038
MDMin:  107 08:25:49    -2397.316074        0.119258
MDMin:  108 08:25:51    -2397.316120        0.120510
MDMin:  109 08:25:53    -2397.316166        0.121791
MDMin:  110 08:25:54    -2397.316214        0.123099
MDMin:  111 08:25:55    -2397.316262        0.124431
MDMin:  112 08:25:57    -2397.316311        0.125783
MDMin:  113 08:25:58    -2397.316360        0.127152
MDMin:  114 08:26:00    -2397.316411        0.128533
MDMin:  115 08:26:02    -2397.316462        0.129920
MDMin:  116 08:26:03    -2397.316513        0.131308
MDMin:  117 08:26:05    -2397.316566        0.132691
MDMin:  118 08:26:06    -2397.316618        0.134061
MDMin:  119 08:26:08    -2397.316672        0.135412
MDMin:  120 08:26:10    -2397.316726        0.136733
MDMin:  121 08:26:11    -2397.316781        0.138018
MDMin:  122 08:26:13    -2397.316836        0.139257
MDMin:  123 08:26:15    -2397.316892        0.140439
MDMin:  124 08:26:16    -2397.316948        0.141556
MDMin:  125 08:26:17    -2397.317005        0.142596
MDMin:  126 08:26:19    -2397.317062        0.143549
MDMin:  127 08:26:20    -2397.317120        0.144406
MDMin:  128 08:26:21    -2397.317178        0.145155
MDMin:  129 08:26:23    -2397.317237        0.145787
MDMin:  130 08:26:24    -2397.317296        0.146293
MDMin:  131 08:26:26    -2397.317355        0.146663
MDMin:  132 08:26:27    -2397.317415        0.146891
MDMin:  133 08:26:29    -2397.317475        0.146968
MDMin:  134 08:26:31    -2397.317536        0.146891
MDMin:  135 08:26:32    -2397.317597        0.146653
MDMin:  136 08:26:34    -2397.317658        0.146253
MDMin:  137 08:26:36    -2397.317720        0.145688
MDMin:  138 08:26:38    -2397.317782        0.144958
MDMin:  139 08:26:40    -2397.317844        0.144066
MDMin:  140 08:26:41    -2397.317906        0.143012
MDMin:  141 08:26:43    -2397.317969        0.141802
MDMin:  142 08:26:44    -2397.318033        0.140441
MDMin:  143 08:26:46    -2397.318096        0.138933
MDMin:  144 08:26:47    -2397.318160        0.137287
MDMin:  145 08:26:49    -2397.318225        0.135510
MDMin:  146 08:26:51    -2397.318290        0.133610
MDMin:  147 08:26:52    -2397.318355        0.131597
MDMin:  148 08:26:54    -2397.318421        0.129478
MDMin:  149 08:26:56    -2397.318487        0.127264
MDMin:  150 08:26:57    -2397.318554        0.124965
MDMin:  151 08:26:59    -2397.318621        0.122592
MDMin:  152 08:27:01    -2397.318689        0.120155
MDMin:  153 08:27:03    -2397.318757        0.117665
MDMin:  154 08:27:05    -2397.318826        0.115133
MDMin:  155 08:27:07    -2397.318895        0.112568
MDMin:  156 08:27:09    -2397.318965        0.109982
MDMin:  157 08:27:11    -2397.319035        0.108258
MDMin:  158 08:27:13    -2397.319106        0.108340
MDMin:  159 08:27:14    -2397.319177        0.108373
MDMin:  160 08:27:15    -2397.319249        0.108360
MDMin:  161 08:27:17    -2397.319321        0.108303
MDMin:  162 08:27:18    -2397.319394        0.108208
MDMin:  163 08:27:19    -2397.319467        0.108076
MDMin:  164 08:27:21    -2397.319540        0.107914
MDMin:  165 08:27:23    -2397.319614        0.107725
MDMin:  166 08:27:25    -2397.319687        0.117398
MDMin:  167 08:27:27    -2397.319755        0.173868
MDMin:  168 08:27:29    -2397.319804        0.196820
MDMin:  169 08:27:31    -2397.319831        0.107027
MDMin:  170 08:27:32    -2397.319856        0.106931
MDMin:  171 08:27:33    -2397.319882        0.106832
MDMin:  172 08:27:35    -2397.319908        0.106732
MDMin:  173 08:27:36    -2397.319935        0.106630
MDMin:  174 08:27:37    -2397.319962        0.106525
MDMin:  175 08:27:39    -2397.319990        0.106420
MDMin:  176 08:27:41    -2397.320019        0.106313
MDMin:  177 08:27:43    -2397.320048        0.106204
MDMin:  178 08:27:45    -2397.320078        0.106095
MDMin:  179 08:27:47    -2397.320108        0.105986
MDMin:  180 08:27:49    -2397.320139        0.105875
MDMin:  181 08:27:50    -2397.320170        0.105764
MDMin:  182 08:27:52    -2397.320202        0.105653
MDMin:  183 08:27:54    -2397.320235        0.105542
MDMin:  184 08:27:56    -2397.320268        0.105431
MDMin:  185 08:27:57    -2397.320301        0.105321
MDMin:  186 08:27:58    -2397.320335        0.105212
MDMin:  187 08:28:00    -2397.320370        0.105105
MDMin:  188 08:28:01    -2397.320405        0.104999
MDMin:  189 08:28:03    -2397.320441        0.104895
MDMin:  190 08:28:05    -2397.320477        0.104793
MDMin:  191 08:28:06    -2397.320514        0.104694
MDMin:  192 08:28:08    -2397.320551        0.104597
MDMin:  193 08:28:10    -2397.320589        0.104504
MDMin:  194 08:28:12    -2397.320627        0.104413
MDMin:  195 08:28:14    -2397.320665        0.104327
MDMin:  196 08:28:16    -2397.320704        0.104243
MDMin:  197 08:28:18    -2397.320744        0.104163
MDMin:  198 08:28:19    -2397.320783        0.104087
MDMin:  199 08:28:21    -2397.320824        0.104015
MDMin:  200 08:28:23    -2397.320864        0.103946
MDMin:  201 08:28:25    -2397.320905        0.103882
MDMin:  202 08:28:27    -2397.320947        0.103820
MDMin:  203 08:28:29    -2397.320988        0.103762
MDMin:  204 08:28:30    -2397.321031        0.103707
MDMin:  205 08:28:32    -2397.321073        0.103655
MDMin:  206 08:28:34    -2397.321116        0.103606
MDMin:  207 08:28:36    -2397.321159        0.103558
MDMin:  208 08:28:38    -2397.321202        0.104109
MDMin:  209 08:28:39    -2397.321246        0.104698
MDMin:  210 08:28:41    -2397.321290        0.105312
MDMin:  211 08:28:43    -2397.321334        0.105949
MDMin:  212 08:28:44    -2397.321378        0.106612
MDMin:  213 08:28:45    -2397.321423        0.107302
MDMin:  214 08:28:47    -2397.321467        0.108017
MDMin:  215 08:28:49    -2397.321512        0.108757
MDMin:  216 08:28:51    -2397.321557        0.109521
MDMin:  217 08:28:53    -2397.321602        0.110308
MDMin:  218 08:28:55    -2397.321648        0.111117
MDMin:  219 08:28:56    -2397.321693        0.111948
MDMin:  220 08:28:58    -2397.321738        0.112798
MDMin:  221 08:29:00    -2397.321784        0.113666
MDMin:  222 08:29:02    -2397.321829        0.114550
MDMin:  223 08:29:04    -2397.321875        0.115449
MDMin:  224 08:29:06    -2397.321920        0.116361
MDMin:  225 08:29:08    -2397.321965        0.117284
MDMin:  226 08:29:10    -2397.322011        0.118216
MDMin:  227 08:29:12    -2397.322056        0.119154
MDMin:  228 08:29:14    -2397.322101        0.120096
MDMin:  229 08:29:16    -2397.322146        0.121041
MDMin:  230 08:29:18    -2397.322191        0.121984
MDMin:  231 08:29:20    -2397.322236        0.122923
MDMin:  232 08:29:22    -2397.322280        0.123857
MDMin:  233 08:29:24    -2397.322325        0.125735
MDMin:  234 08:29:25    -2397.322369        0.128453
MDMin:  235 08:29:27    -2397.322413        0.131083
MDMin:  236 08:29:29    -2397.322456        0.133570
MDMin:  237 08:29:30    -2397.322497        0.135820
MDMin:  238 08:29:32    -2397.322533        0.142613
MDMin:  239 08:29:34    -2397.322560        0.138968
MDMin:  240 08:29:36    -2397.322581        0.139929
MDMin:  241 08:29:38    -2397.322601        0.140789
MDMin:  242 08:29:40    -2397.322622        0.141602
MDMin:  243 08:29:41    -2397.322642        0.142372
MDMin:  244 08:29:43    -2397.322663        0.143095
MDMin:  245 08:29:45    -2397.322684        0.143765
MDMin:  246 08:29:46    -2397.322705        0.144376
MDMin:  247 08:29:48    -2397.322727        0.144921
MDMin:  248 08:29:50    -2397.322749        0.145396
MDMin:  249 08:29:52    -2397.322771        0.145795
MDMin:  250 08:29:54    -2397.322794        0.146111
MDMin:  251 08:29:56    -2397.322816        0.146341
MDMin:  252 08:29:58    -2397.322839        0.146480
MDMin:  253 08:29:59    -2397.322862        0.146522
MDMin:  254 08:30:01    -2397.322886        0.146465
MDMin:  255 08:30:02    -2397.322910        0.146305
MDMin:  256 08:30:03    -2397.322934        0.146038
MDMin:  257 08:30:04    -2397.322958        0.145664
MDMin:  258 08:30:06    -2397.322982        0.145179
MDMin:  259 08:30:07    -2397.323007        0.144584
MDMin:  260 08:30:08    -2397.323032        0.143878
MDMin:  261 08:30:09    -2397.323057        0.143063
MDMin:  262 08:30:11    -2397.323083        0.142138
MDMin:  263 08:30:12    -2397.323108        0.141106
MDMin:  264 08:30:13    -2397.323134        0.139971
MDMin:  265 08:30:15    -2397.323160        0.138735
MDMin:  266 08:30:17    -2397.323187        0.137402
MDMin:  267 08:30:19    -2397.323214        0.136919
MDMin:  268 08:30:20    -2397.323240        0.136992
MDMin:  269 08:30:21    -2397.323268        0.137040
MDMin:  270 08:30:23    -2397.323295        0.137061
MDMin:  271 08:30:25    -2397.323323        0.137054
MDMin:  272 08:30:26    -2397.323351        0.137017
MDMin:  273 08:30:28    -2397.323379        0.136948
MDMin:  274 08:30:30    -2397.323407        0.136845
MDMin:  275 08:30:32    -2397.323436        0.136707
MDMin:  276 08:30:33    -2397.323465        0.136533
MDMin:  277 08:30:35    -2397.323494        0.136319
MDMin:  278 08:30:36    -2397.323523        0.136064
MDMin:  279 08:30:38    -2397.323553        0.135766
MDMin:  280 08:30:40    -2397.323583        0.135422
MDMin:  281 08:30:42    -2397.323613        0.135031
MDMin:  282 08:30:43    -2397.323644        0.134589
MDMin:  283 08:30:45    -2397.323675        0.134093
MDMin:  284 08:30:46    -2397.323706        0.133542
MDMin:  285 08:30:48    -2397.323737        0.132931
MDMin:  286 08:30:50    -2397.323769        0.132257
MDMin:  287 08:30:51    -2397.323801        0.131517
MDMin:  288 08:30:53    -2397.323833        0.130708
MDMin:  289 08:30:55    -2397.323865        0.129824
MDMin:  290 08:30:56    -2397.323898        0.128864
MDMin:  291 08:30:58    -2397.323931        0.127823
MDMin:  292 08:30:59    -2397.323964        0.126696
MDMin:  293 08:31:01    -2397.323998        0.125482
MDMin:  294 08:31:02    -2397.324031        0.124176
MDMin:  295 08:31:04    -2397.324065        0.122775
MDMin:  296 08:31:06    -2397.324100        0.121282
MDMin:  297 08:31:08    -2397.324134        0.121184
MDMin:  298 08:31:09    -2397.324166        0.135447
MDMin:  299 08:31:11    -2397.324193        0.167800
MDMin:  300 08:31:13    -2397.324211        0.121346
MDMin:  301 08:31:15    -2397.324226        0.120937
MDMin:  302 08:31:17    -2397.324241        0.120888
MDMin:  303 08:31:19    -2397.324255        0.120840
MDMin:  304 08:31:21    -2397.324271        0.120791
MDMin:  305 08:31:23    -2397.324286        0.120744
MDMin:  306 08:31:25    -2397.324302        0.120696
MDMin:  307 08:31:27    -2397.324318        0.120649
MDMin:  308 08:31:29    -2397.324334        0.120902
MDMin:  309 08:31:31    -2397.324351        0.121266
MDMin:  310 08:31:33    -2397.324368        0.121646
MDMin:  311 08:31:35    -2397.324385        0.122042
MDMin:  312 08:31:37    -2397.324403        0.122453
MDMin:  313 08:31:39    -2397.324421        0.122880
MDMin:  314 08:31:40    -2397.324439        0.123323
MDMin:  315 08:31:42    -2397.324457        0.123782
MDMin:  316 08:31:43    -2397.324476        0.124258
MDMin:  317 08:31:45    -2397.324495        0.124753
MDMin:  318 08:31:47    -2397.324515        0.125265
MDMin:  319 08:31:49    -2397.324534        0.125795
MDMin:  320 08:31:51    -2397.324554        0.126343
MDMin:  321 08:31:52    -2397.324574        0.126908
MDMin:  322 08:31:54    -2397.324595        0.127490
MDMin:  323 08:31:55    -2397.324616        0.128088
MDMin:  324 08:31:57    -2397.324637        0.128702
MDMin:  325 08:31:59    -2397.324658        0.129331
MDMin:  326 08:32:01    -2397.324680        0.129975
MDMin:  327 08:32:03    -2397.324702        0.130631
MDMin:  328 08:32:04    -2397.324724        0.131301
MDMin:  329 08:32:05    -2397.324747        0.131981
MDMin:  330 08:32:07    -2397.324770        0.132672
MDMin:  331 08:32:08    -2397.324793        0.133371
MDMin:  332 08:32:11    -2397.324816        0.134078
MDMin:  333 08:32:13    -2397.324840        0.134790
MDMin:  334 08:32:14    -2397.324863        0.135506
MDMin:  335 08:32:16    -2397.324887        0.136224
MDMin:  336 08:32:18    -2397.324912        0.136943
MDMin:  337 08:32:20    -2397.324936        0.137660
MDMin:  338 08:32:22    -2397.324961        0.138373
MDMin:  339 08:32:24    -2397.324987        0.139081
MDMin:  340 08:32:25    -2397.325012        0.139780
MDMin:  341 08:32:27    -2397.325038        0.140468
MDMin:  342 08:32:29    -2397.325063        0.141144
MDMin:  343 08:32:31    -2397.325089        0.141805
MDMin:  344 08:32:32    -2397.325116        0.142449
MDMin:  345 08:32:33    -2397.325142        0.143072
MDMin:  346 08:32:35    -2397.325169        0.143674
MDMin:  347 08:32:36    -2397.325196        0.144251
MDMin:  348 08:32:38    -2397.325223        0.144801
MDMin:  349 08:32:40    -2397.325251        0.145325
MDMin:  350 08:32:42    -2397.325278        0.145831
MDMin:  351 08:32:44    -2397.325306        0.146318
MDMin:  352 08:32:45    -2397.325334        0.146786
MDMin:  353 08:32:47    -2397.325362        0.147233
MDMin:  354 08:32:49    -2397.325391        0.147660
MDMin:  355 08:32:51    -2397.325419        0.148065
MDMin:  356 08:32:53    -2397.325448        0.148448
MDMin:  357 08:32:55    -2397.325477        0.148808
MDMin:  358 08:32:56    -2397.325506        0.149145
MDMin:  359 08:32:58    -2397.325535        0.149455
MDMin:  360 08:33:00    -2397.325562        0.149725
MDMin:  361 08:33:02    -2397.325587        0.149930
MDMin:  362 08:33:04    -2397.325606        0.150049
MDMin:  363 08:33:06    -2397.325621        0.150122
MDMin:  364 08:33:08    -2397.325635        0.150187
MDMin:  365 08:33:10    -2397.325648        0.150253
MDMin:  366 08:33:12    -2397.325662        0.150320
MDMin:  367 08:33:14    -2397.325677        0.150387
MDMin:  368 08:33:15    -2397.325691        0.150455
MDMin:  369 08:33:17    -2397.325706        0.150522
MDMin:  370 08:33:19    -2397.325720        0.150589
MDMin:  371 08:33:21    -2397.325735        0.150655
MDMin:  372 08:33:23    -2397.325751        0.150720
MDMin:  373 08:33:25    -2397.325766        0.150782
MDMin:  374 08:33:27    -2397.325782        0.150843
MDMin:  375 08:33:29    -2397.325798        0.150902
MDMin:  376 08:33:31    -2397.325814        0.150957
MDMin:  377 08:33:32    -2397.325830        0.151010
MDMin:  378 08:33:33    -2397.325847        0.151058
MDMin:  379 08:33:35    -2397.325864        0.151103
MDMin:  380 08:33:37    -2397.325880        0.151143
MDMin:  381 08:33:39    -2397.325898        0.151178
MDMin:  382 08:33:41    -2397.325915        0.151207
MDMin:  383 08:33:43    -2397.325932        0.151336
MDMin:  384 08:33:45    -2397.325950        0.152695
MDMin:  385 08:33:46    -2397.325967        0.154004
MDMin:  386 08:33:48    -2397.325985        0.155257
MDMin:  387 08:33:50    -2397.326003        0.156447
MDMin:  388 08:33:52    -2397.326022        0.157567
MDMin:  389 08:33:54    -2397.326040        0.158611
MDMin:  390 08:33:55    -2397.326058        0.159571
MDMin:  391 08:33:57    -2397.326077        0.160441
MDMin:  392 08:33:58    -2397.326096        0.162249
MDMin:  393 08:33:59    -2397.326114        0.166454
MDMin:  394 08:34:00    -2397.326133        0.170775
MDMin:  395 08:34:01    -2397.326152        0.175208
MDMin:  396 08:34:03    -2397.326172        0.179749
MDMin:  397 08:34:04    -2397.326191        0.184396
MDMin:  398 08:34:06    -2397.326210        0.189140
MDMin:  399 08:34:08    -2397.326230        0.193976
MDMin:  400 08:34:10    -2397.326249        0.198893
MDMin:  401 08:34:11    -2397.326269        0.203881
MDMin:  402 08:34:13    -2397.326289        0.208927
MDMin:  403 08:34:15    -2397.326308        0.214016
MDMin:  404 08:34:17    -2397.326328        0.219130
MDMin:  405 08:34:18    -2397.326348        0.224251
MDMin:  406 08:34:20    -2397.326368        0.229357
MDMin:  407 08:34:22    -2397.326389        0.234423
MDMin:  408 08:34:24    -2397.326409        0.239423
MDMin:  409 08:34:25    -2397.326429        0.244329
MDMin:  410 08:34:27    -2397.326450        0.249111
MDMin:  411 08:34:29    -2397.326470        0.253737
MDMin:  412 08:34:30    -2397.326491        0.258175
MDMin:  413 08:34:32    -2397.326512        0.262392
MDMin:  414 08:34:34    -2397.326533        0.266357
MDMin:  415 08:34:36    -2397.326554        0.270036
MDMin:  416 08:34:38    -2397.326575        0.273401
MDMin:  417 08:34:40    -2397.326596        0.276424
MDMin:  418 08:34:41    -2397.326618        0.279081
MDMin:  419 08:34:42    -2397.326640        0.281352
MDMin:  420 08:34:43    -2397.326662        0.283220
MDMin:  421 08:34:44    -2397.326684        0.284674
MDMin:  422 08:34:46    -2397.326706        0.285710
MDMin:  423 08:34:48    -2397.326729        0.286326
MDMin:  424 08:34:50    -2397.326751        0.286529
MDMin:  425 08:34:52    -2397.326775        0.286328
MDMin:  426 08:34:53    -2397.326798        0.285741
MDMin:  427 08:34:55    -2397.326822        0.284789
MDMin:  428 08:34:57    -2397.326846        0.283498
MDMin:  429 08:34:58    -2397.326870        0.281910
MDMin:  430 08:35:00    -2397.326895        0.280068
MDMin:  431 08:35:01    -2397.326920        0.278006
MDMin:  432 08:35:03    -2397.326945        0.275758
MDMin:  433 08:35:04    -2397.326971        0.273363
MDMin:  434 08:35:05    -2397.326997        0.270859
MDMin:  435 08:35:06    -2397.327024        0.268287
MDMin:  436 08:35:08    -2397.327051        0.265688
MDMin:  437 08:35:09    -2397.327079        0.263168
MDMin:  438 08:35:10    -2397.327107        0.260795
MDMin:  439 08:35:12    -2397.327136        0.258608
MDMin:  440 08:35:13    -2397.327165        0.256649
MDMin:  441 08:35:15    -2397.327194        0.254957
MDMin:  442 08:35:17    -2397.327224        0.253571
MDMin:  443 08:35:18    -2397.327255        0.252528
MDMin:  444 08:35:20    -2397.327286        0.251865
MDMin:  445 08:35:22    -2397.327318        0.251615
MDMin:  446 08:35:24    -2397.327350        0.251808
MDMin:  447 08:35:26    -2397.327383        0.252471
MDMin:  448 08:35:28    -2397.327416        0.253618
MDMin:  449 08:35:29    -2397.327449        0.255220
MDMin:  450 08:35:31    -2397.327479        0.257066
MDMin:  451 08:35:32    -2397.327500        0.258542
MDMin:  452 08:35:34    -2397.327512        0.259518
MDMin:  453 08:35:36    -2397.327525        0.260519
MDMin:  454 08:35:37    -2397.327537        0.261597
MDMin:  455 08:35:39    -2397.327550        0.262753
MDMin:  456 08:35:40    -2397.327563        0.263987
MDMin:  457 08:35:41    -2397.327577        0.265295
MDMin:  458 08:35:43    -2397.327591        0.266673
MDMin:  459 08:35:44    -2397.327605        0.268116
MDMin:  460 08:35:46    -2397.327619        0.269614
MDMin:  461 08:35:48    -2397.327634        0.271155
MDMin:  462 08:35:49    -2397.327649        0.272726
MDMin:  463 08:35:50    -2397.327664        0.274306
MDMin:  464 08:35:52    -2397.327680        0.275874
MDMin:  465 08:35:54    -2397.327696        0.277403
MDMin:  466 08:35:56    -2397.327712        0.278871
MDMin:  467 08:35:58    -2397.327729        0.280248
MDMin:  468 08:36:00    -2397.327745        0.281491
MDMin:  469 08:36:02    -2397.327763        0.282551
MDMin:  470 08:36:03    -2397.327780        0.283376
MDMin:  471 08:36:05    -2397.327798        0.283906
MDMin:  472 08:36:07    -2397.327816        0.284080
MDMin:  473 08:36:09    -2397.327835        0.283835
MDMin:  474 08:36:10    -2397.327853        0.283105
MDMin:  475 08:36:12    -2397.327873        0.281823
MDMin:  476 08:36:14    -2397.327892        0.279927
MDMin:  477 08:36:15    -2397.327912        0.277362
MDMin:  478 08:36:16    -2397.327933        0.274085
MDMin:  479 08:36:18    -2397.327954        0.270063
MDMin:  480 08:36:19    -2397.327975        0.265282
MDMin:  481 08:36:20    -2397.327997        0.259746
MDMin:  482 08:36:22    -2397.328019        0.253479
MDMin:  483 08:36:23    -2397.328042        0.246526
MDMin:  484 08:36:25    -2397.328065        0.238951
MDMin:  485 08:36:27    -2397.328089        0.230835
MDMin:  486 08:36:28    -2397.328113        0.222272
MDMin:  487 08:36:30    -2397.328138        0.213365
MDMin:  488 08:36:32    -2397.328164        0.204222
MDMin:  489 08:36:34    -2397.328190        0.194950
MDMin:  490 08:36:36    -2397.328217        0.197117
MDMin:  491 08:36:37    -2397.328244        0.202487
MDMin:  492 08:36:39    -2397.328271        0.208107
MDMin:  493 08:36:41    -2397.328300        0.214014
MDMin:  494 08:36:43    -2397.328328        0.220245
MDMin:  495 08:36:45    -2397.328357        0.226834
MDMin:  496 08:36:46    -2397.328386        0.233810
MDMin:  497 08:36:48    -2397.328415        0.241196
MDMin:  498 08:36:49    -2397.328445        0.249006
MDMin:  499 08:36:51    -2397.328475        0.257247
MDMin:  500 08:36:52    -2397.328505        0.265912
MDMin:  501 08:36:53    -2397.328535        0.274990
MDMin:  502 08:36:55    -2397.328565        0.284455
MDMin:  503 08:36:57    -2397.328595        0.294276
MDMin:  504 08:36:58    -2397.328625        0.304413
MDMin:  505 08:37:00    -2397.328655        0.314820
MDMin:  506 08:37:01    -2397.328685        0.325445
MDMin:  507 08:37:02    -2397.328715        0.336234
MDMin:  508 08:37:04    -2397.328745        0.347129
MDMin:  509 08:37:06    -2397.328775        0.358075
MDMin:  510 08:37:08    -2397.328804        0.369017
MDMin:  511 08:37:10    -2397.328834        0.379904
MDMin:  512 08:37:12    -2397.328863        0.390690
MDMin:  513 08:37:13    -2397.328892        0.401333
MDMin:  514 08:37:15    -2397.328921        0.411798
MDMin:  515 08:37:17    -2397.328950        0.422061
MDMin:  516 08:37:19    -2397.328979        0.432101
MDMin:  517 08:37:20    -2397.329008        0.441911
MDMin:  518 08:37:22    -2397.329037        0.451490
MDMin:  519 08:37:24    -2397.329065        0.460844
MDMin:  520 08:37:25    -2397.329094        0.469988
MDMin:  521 08:37:27    -2397.329123        0.478943
MDMin:  522 08:37:29    -2397.329151        0.487732
MDMin:  523 08:37:31    -2397.329180        0.496383
MDMin:  524 08:37:33    -2397.329209        0.504922
MDMin:  525 08:37:35    -2397.329237        0.513376
MDMin:  526 08:37:37    -2397.329266        0.521772
MDMin:  527 08:37:39    -2397.329295        0.530134
MDMin:  528 08:37:41    -2397.329323        0.538486
MDMin:  529 08:37:42    -2397.329352        0.546853
MDMin:  530 08:37:44    -2397.329381        0.555263
MDMin:  531 08:37:45    -2397.329410        0.563742
MDMin:  532 08:37:47    -2397.329438        0.572314
MDMin:  533 08:37:50    -2397.329467        0.580990
MDMin:  534 08:37:52    -2397.329496        0.589747
MDMin:  535 08:37:54    -2397.329525        0.598508
MDMin:  536 08:37:56    -2397.329554        0.607105
MDMin:  537 08:37:57    -2397.329583        0.615245
MDMin:  538 08:37:58    -2397.329612        0.622479
MDMin:  539 08:38:00    -2397.329641        0.628192
MDMin:  540 08:38:02    -2397.329670        0.631710
MDMin:  541 08:38:04    -2397.329699        0.632218
MDMin:  542 08:38:05    -2397.329728        0.628872
MDMin:  543 08:38:06    -2397.329758        0.620957
MDMin:  544 08:38:08    -2397.329788        0.608019
MDMin:  545 08:38:10    -2397.329818        0.589953
MDMin:  546 08:38:12    -2397.329849        0.567033
MDMin:  547 08:38:14    -2397.329881        0.539865
MDMin:  548 08:38:16    -2397.329914        0.509283
MDMin:  549 08:38:18    -2397.329947        0.476211
MDMin:  550 08:38:19    -2397.329982        0.441548
MDMin:  551 08:38:20    -2397.330018        0.406081
MDMin:  552 08:38:22    -2397.330056        0.391501
MDMin:  553 08:38:23    -2397.330094        0.383465
MDMin:  554 08:38:25    -2397.330135        0.373046
MDMin:  555 08:38:27    -2397.330178        0.360647
MDMin:  556 08:38:28    -2397.330222        0.346703
MDMin:  557 08:38:30    -2397.330269        0.331627
MDMin:  558 08:38:31    -2397.330318        0.315800
MDMin:  559 08:38:33    -2397.330370        0.299624
MDMin:  560 08:38:35    -2397.330422        0.283777
MDMin:  561 08:38:37    -2397.330468        0.308176
MDMin:  562 08:38:38    -2397.330494        0.271418
MDMin:  563 08:38:40    -2397.330511        0.272089
MDMin:  564 08:38:42    -2397.330529        0.272738
MDMin:  565 08:38:44    -2397.330547        0.273298
MDMin:  566 08:38:46    -2397.330567        0.273663
MDMin:  567 08:38:49    -2397.330586        0.273689
MDMin:  568 08:38:51    -2397.330607        0.273185
MDMin:  569 08:38:53    -2397.330628        0.271911
MDMin:  570 08:38:54    -2397.330650        0.269586
MDMin:  571 08:38:56    -2397.330673        0.265900
MDMin:  572 08:38:57    -2397.330697        0.260550
MDMin:  573 08:38:59    -2397.330721        0.253292
MDMin:  574 08:39:01    -2397.330747        0.244032
MDMin:  575 08:39:03    -2397.330774        0.232899
MDMin:  576 08:39:05    -2397.330801        0.220294
MDMin:  577 08:39:07    -2397.330830        0.212914
MDMin:  578 08:39:09    -2397.330860        0.213397
MDMin:  579 08:39:10    -2397.330891        0.214456
MDMin:  580 08:39:12    -2397.330923        0.215942
MDMin:  581 08:39:14    -2397.330955        0.217671
MDMin:  582 08:39:16    -2397.330989        0.219459
MDMin:  583 08:39:17    -2397.331024        0.221141
MDMin:  584 08:39:19    -2397.331060        0.222584
MDMin:  585 08:39:21    -2397.331096        0.223694
MDMin:  586 08:39:22    -2397.331134        0.224411
MDMin:  587 08:39:24    -2397.331172        0.224704
MDMin:  588 08:39:25    -2397.331211        0.224559
MDMin:  589 08:39:27    -2397.331252        0.223979
MDMin:  590 08:39:28    -2397.331293        0.222975
MDMin:  591 08:39:30    -2397.331335        0.221564
MDMin:  592 08:39:31    -2397.331378        0.219768
MDMin:  593 08:39:32    -2397.331423        0.217616
MDMin:  594 08:39:34    -2397.331468        0.215138
MDMin:  595 08:39:36    -2397.331514        0.212370
MDMin:  596 08:39:38    -2397.331562        0.209352
MDMin:  597 08:39:39    -2397.331611        0.206130
MDMin:  598 08:39:40    -2397.331660        0.202752
MDMin:  599 08:39:42    -2397.331711        0.199274
MDMin:  600 08:39:44    -2397.331763        0.195753
MDMin:  601 08:39:45    -2397.331816        0.192248
MDMin:  602 08:39:47    -2397.331870        0.188822
MDMin:  603 08:39:48    -2397.331926        0.185534
MDMin:  604 08:39:50    -2397.331982        0.186428
MDMin:  605 08:39:52    -2397.332040        0.191321
MDMin:  606 08:39:54    -2397.332098        0.196239
MDMin:  607 08:39:56    -2397.332158        0.201214
MDMin:  608 08:39:58    -2397.332219        0.206285
MDMin:  609 08:40:00    -2397.332280        0.211502
MDMin:  610 08:40:02    -2397.332343        0.216919
MDMin:  611 08:40:04    -2397.332406        0.222604
MDMin:  612 08:40:06    -2397.332470        0.228631
MDMin:  613 08:40:08    -2397.332535        0.235083
MDMin:  614 08:40:10    -2397.332601        0.242053
MDMin:  615 08:40:11    -2397.332667        0.249651
MDMin:  616 08:40:13    -2397.332734        0.257992
MDMin:  617 08:40:15    -2397.332801        0.267206
MDMin:  618 08:40:17    -2397.332869        0.277435
MDMin:  619 08:40:19    -2397.332936        0.288835
MDMin:  620 08:40:20    -2397.333004        0.301558
MDMin:  621 08:40:22    -2397.333071        0.315762
MDMin:  622 08:40:23    -2397.333138        0.331599
MDMin:  623 08:40:25    -2397.333205        0.349188
MDMin:  624 08:40:27    -2397.333270        0.368566
MDMin:  625 08:40:29    -2397.333333        0.389578
MDMin:  626 08:40:31    -2397.333393        0.411738
MDMin:  627 08:40:32    -2397.333448        0.434246
MDMin:  628 08:40:34    -2397.333498        0.456484
MDMin:  629 08:40:35    -2397.333543        0.478597
MDMin:  630 08:40:36    -2397.333587        0.501217
MDMin:  631 08:40:37    -2397.333629        0.524871
MDMin:  632 08:40:39    -2397.333670        0.549824
MDMin:  633 08:40:40    -2397.333711        0.576186
MDMin:  634 08:40:41    -2397.333752        0.604002
MDMin:  635 08:40:43    -2397.333792        0.633300
MDMin:  636 08:40:44    -2397.333832        0.664114
MDMin:  637 08:40:46    -2397.333871        0.696488
MDMin:  638 08:40:47    -2397.333910        0.730495
MDMin:  639 08:40:48    -2397.333948        0.766244
MDMin:  640 08:40:50    -2397.333985        0.803895
MDMin:  641 08:40:51    -2397.334022        0.843667
MDMin:  642 08:40:52    -2397.334059        0.885849
MDMin:  643 08:40:54    -2397.334095        0.930809
MDMin:  644 08:40:56    -2397.334131        0.978990
MDMin:  645 08:40:58    -2397.334165        1.030903
MDMin:  646 08:40:59    -2397.334200        1.087098
MDMin:  647 08:41:01    -2397.334233        1.148116
MDMin:  648 08:41:02    -2397.334266        1.214405
MDMin:  649 08:41:04    -2397.334299        1.286176
MDMin:  650 08:41:06    -2397.334330        1.363140
MDMin:  651 08:41:08    -2397.334361        1.444327
MDMin:  652 08:41:09    -2397.334391        1.527775
MDMin:  653 08:41:11    -2397.334421        1.610346
MDMin:  654 08:41:12    -2397.334450        1.687821
MDMin:  655 08:41:14    -2397.334478        1.755560
MDMin:  656 08:41:16    -2397.334506        1.809884
MDMin:  657 08:41:17    -2397.334533        1.849612
MDMin:  658 08:41:19    -2397.334561        1.876694
MDMin:  659 08:41:20    -2397.334588        1.895293
MDMin:  660 08:41:21    -2397.334615        1.909997
MDMin:  661 08:41:22    -2397.334643        1.924470
MDMin:  662 08:41:24    -2397.334671        1.941142
MDMin:  663 08:41:25    -2397.334700        1.961612
MDMin:  664 08:41:27    -2397.334729        1.987278
MDMin:  665 08:41:29    -2397.334759        2.019994
MDMin:  666 08:41:30    -2397.334790        2.062981
MDMin:  667 08:41:32    -2397.334821        2.123064
MDMin:  668 08:41:33    -2397.334853        2.219901
MDMin:  669 08:41:35    -2397.334885        2.495803
MDMin:  670 08:41:36    -2397.334914        2.444772
MDMin:  671 08:41:38    -2397.334946        2.386949
MDMin:  672 08:41:40    -2397.334979        2.320603
MDMin:  673 08:41:41    -2397.335013        2.242420
MDMin:  674 08:41:43    -2397.335050        2.151388
MDMin:  675 08:41:44    -2397.335089        2.048420
MDMin:  676 08:41:46    -2397.335131        1.935784
MDMin:  677 08:41:48    -2397.335175        1.816734
MDMin:  678 08:41:50    -2397.335223        1.694864
MDMin:  679 08:41:52    -2397.335275        1.573599
MDMin:  680 08:41:54    -2397.335330        1.455722
MDMin:  681 08:41:56    -2397.335390        1.343143
MDMin:  682 08:41:57    -2397.335454        1.236570
MDMin:  683 08:41:59    -2397.335523        1.135554
MDMin:  684 08:42:01    -2397.335598        1.038524
MDMin:  685 08:42:02    -2397.335678        0.943093
MDMin:  686 08:42:04    -2397.335764        0.846263
MDMin:  687 08:42:06    -2397.335858        0.744870
MDMin:  688 08:42:08    -2397.335960        0.681336
MDMin:  689 08:42:10    -2397.336073        0.633568
MDMin:  690 08:42:12    -2397.336198        0.583630
MDMin:  691 08:42:13    -2397.336337        0.531515
MDMin:  692 08:42:15    -2397.336493        0.477454
MDMin:  693 08:42:16    -2397.336668        0.422618
MDMin:  694 08:42:18    -2397.336864        0.369479
MDMin:  695 08:42:19    -2397.337080        0.340510
MDMin:  696 08:42:21    -2397.337320        0.314172
MDMin:  697 08:42:23    -2397.337589        0.287220
MDMin:  698 08:42:24    -2397.337890        0.261310
MDMin:  699 08:42:26    -2397.338225        0.237922
MDMin:  700 08:42:28    -2397.338594        0.231925
MDMin:  701 08:42:30    -2397.338997        0.226845
MDMin:  702 08:42:32    -2397.339396        0.235394
MDMin:  703 08:42:33    -2397.339329        1.054799
MDMin:  704 08:42:34    -2397.339337        1.037243
MDMin:  705 08:42:36    -2397.339363        0.985545
MDMin:  706 08:42:37    -2397.339404        0.902668
MDMin:  707 08:42:38    -2397.339459        0.793373
MDMin:  708 08:42:40    -2397.339523        0.663938
MDMin:  709 08:42:41    -2397.339593        0.522021
MDMin:  710 08:42:42    -2397.339664        0.377030
MDMin:  711 08:42:44    -2397.339732        0.241748
MDMin:  712 08:42:45    -2397.339789        0.177910
MDMin:  713 08:42:47    -2397.339835        0.177043
MDMin:  714 08:42:48    -2397.339874        0.176120
MDMin:  715 08:42:49    -2397.339913        0.175170
MDMin:  716 08:42:50    -2397.339952        0.174193
MDMin:  717 08:42:52    -2397.339992        0.173189
MDMin:  718 08:42:54    -2397.340035        0.172152
MDMin:  719 08:42:56    -2397.340080        0.171081
MDMin:  720 08:42:58    -2397.340127        0.169974
MDMin:  721 08:43:00    -2397.340175        0.168829
MDMin:  722 08:43:02    -2397.340226        0.167645
MDMin:  723 08:43:03    -2397.340279        0.166421
MDMin:  724 08:43:05    -2397.340334        0.165156
MDMin:  725 08:43:07    -2397.340392        0.163852
MDMin:  726 08:43:09    -2397.340451        0.162507
MDMin:  727 08:43:11    -2397.340513        0.161122
MDMin:  728 08:43:12    -2397.340577        0.159699
MDMin:  729 08:43:14    -2397.340644        0.158238
MDMin:  730 08:43:16    -2397.340713        0.156740
MDMin:  731 08:43:17    -2397.340784        0.155208
MDMin:  732 08:43:19    -2397.340858        0.153643
MDMin:  733 08:43:21    -2397.340935        0.152048
MDMin:  734 08:43:22    -2397.341014        0.150425
MDMin:  735 08:43:24    -2397.341096        0.148777
MDMin:  736 08:43:26    -2397.341181        0.147107
MDMin:  737 08:43:28    -2397.341268        0.145419
MDMin:  738 08:43:29    -2397.341358        0.143715
MDMin:  739 08:43:31    -2397.341451        0.141998
MDMin:  740 08:43:32    -2397.341547        0.140273
MDMin:  741 08:43:34    -2397.341646        0.138543
MDMin:  742 08:43:35    -2397.341747        0.136811
MDMin:  743 08:43:37    -2397.341852        0.135081
MDMin:  744 08:43:39    -2397.341960        0.133356
MDMin:  745 08:43:40    -2397.342072        0.131637
MDMin:  746 08:43:41    -2397.342186        0.129929
MDMin:  747 08:43:43    -2397.342304        0.128233
MDMin:  748 08:43:45    -2397.342425        0.126551
MDMin:  749 08:43:46    -2397.342549        0.124884
MDMin:  750 08:43:47    -2397.342677        0.123233
MDMin:  751 08:43:48    -2397.342809        0.121599
MDMin:  752 08:43:50    -2397.342944        0.119983
MDMin:  753 08:43:52    -2397.343083        0.118385
MDMin:  754 08:43:54    -2397.343225        0.116983
MDMin:  755 08:43:55    -2397.343372        0.116862
MDMin:  756 08:43:57    -2397.343522        0.116696
MDMin:  757 08:43:58    -2397.343676        0.116487
MDMin:  758 08:43:59    -2397.343835        0.116236
MDMin:  759 08:44:00    -2397.343997        0.115944
MDMin:  760 08:44:01    -2397.344164        0.115613
MDMin:  761 08:44:03    -2397.344335        0.115245
MDMin:  762 08:44:05    -2397.344510        0.114841
MDMin:  763 08:44:07    -2397.344689        0.114406
MDMin:  764 08:44:08    -2397.344873        0.113942
MDMin:  765 08:44:10    -2397.345062        0.113449
MDMin:  766 08:44:11    -2397.345255        0.112927
MDMin:  767 08:44:12    -2397.345453        0.112374
MDMin:  768 08:44:14    -2397.345656        0.111791
MDMin:  769 08:44:16    -2397.345864        0.111178
MDMin:  770 08:44:18    -2397.346076        0.110533
MDMin:  771 08:44:19    -2397.346294        0.109856
MDMin:  772 08:44:21    -2397.346516        0.109148
MDMin:  773 08:44:24    -2397.346743        0.108406
MDMin:  774 08:44:25    -2397.346976        0.107632
MDMin:  775 08:44:26    -2397.347213        0.106824
MDMin:  776 08:44:27    -2397.347456        0.105984
MDMin:  777 08:44:29    -2397.347703        0.105110
MDMin:  778 08:44:30    -2397.347956        0.104204
MDMin:  779 08:44:31    -2397.348214        0.103265
MDMin:  780 08:44:33    -2397.348476        0.102294
MDMin:  781 08:44:35    -2397.348743        0.101292
MDMin:  782 08:44:37    -2397.349015        0.100262
MDMin:  783 08:44:39    -2397.349287        0.099215
MDMin:  784 08:44:41    -2397.349548        0.106315
MDMin:  785 08:44:43    -2397.349749        0.134525
MDMin:  786 08:44:45    -2397.349859        0.096992
MDMin:  787 08:44:47    -2397.349954        0.096620
MDMin:  788 08:44:48    -2397.350052        0.096239
MDMin:  789 08:44:49    -2397.350152        0.095849
MDMin:  790 08:44:51    -2397.350254        0.095447
MDMin:  791 08:44:53    -2397.350359        0.095034
MDMin:  792 08:44:54    -2397.350467        0.094608
MDMin:  793 08:44:56    -2397.350577        0.094172
MDMin:  794 08:44:58    -2397.350689        0.093723
MDMin:  795 08:45:00    -2397.350803        0.093262
MDMin:  796 08:45:01    -2397.350921        0.092789
MDMin:  797 08:45:03    -2397.351040        0.092303
MDMin:  798 08:45:05    -2397.351162        0.091806
MDMin:  799 08:45:07    -2397.351286        0.091297
MDMin:  800 08:45:08    -2397.351412        0.090775
MDMin:  801 08:45:10    -2397.351541        0.090242
MDMin:  802 08:45:11    -2397.351672        0.089697
MDMin:  803 08:45:13    -2397.351805        0.089140
MDMin:  804 08:45:15    -2397.351941        0.088571
MDMin:  805 08:45:16    -2397.352078        0.087990
MDMin:  806 08:45:18    -2397.352218        0.087399
MDMin:  807 08:45:20    -2397.352360        0.086795
MDMin:  808 08:45:22    -2397.352503        0.086181
MDMin:  809 08:45:23    -2397.352649        0.085555
MDMin:  810 08:45:24    -2397.352797        0.084918
MDMin:  811 08:45:26    -2397.352946        0.084269
MDMin:  812 08:45:28    -2397.353097        0.083608
MDMin:  813 08:45:29    -2397.353249        0.082936
MDMin:  814 08:45:31    -2397.353404        0.082253
MDMin:  815 08:45:33    -2397.353559        0.081559
MDMin:  816 08:45:34    -2397.353716        0.080854
MDMin:  817 08:45:36    -2397.353875        0.080138
MDMin:  818 08:45:37    -2397.354034        0.079411
MDMin:  819 08:45:38    -2397.354195        0.078673
MDMin:  820 08:45:40    -2397.354357        0.077924
MDMin:  821 08:45:41    -2397.354519        0.077165
MDMin:  822 08:45:43    -2397.354683        0.076396
MDMin:  823 08:45:44    -2397.354847        0.075616
MDMin:  824 08:45:46    -2397.355012        0.074827
MDMin:  825 08:45:48    -2397.355177        0.074027
MDMin:  826 08:45:50    -2397.355343        0.073218
MDMin:  827 08:45:51    -2397.355509        0.072399
MDMin:  828 08:45:53    -2397.355675        0.071571
MDMin:  829 08:45:55    -2397.355841        0.070734
MDMin:  830 08:45:56    -2397.356008        0.069889
MDMin:  831 08:45:58    -2397.356175        0.069035
MDMin:  832 08:46:00    -2397.356341        0.068173
MDMin:  833 08:46:01    -2397.356508        0.067303
MDMin:  834 08:46:03    -2397.356674        0.066427
MDMin:  835 08:46:05    -2397.356840        0.065543
MDMin:  836 08:46:06    -2397.357007        0.064653
MDMin:  837 08:46:07    -2397.357173        0.063757
MDMin:  838 08:46:08    -2397.357339        0.062856
MDMin:  839 08:46:10    -2397.357506        0.061949
MDMin:  840 08:46:11    -2397.357673        0.061124
MDMin:  841 08:46:12    -2397.357840        0.061041
MDMin:  842 08:46:14    -2397.358008        0.060978
MDMin:  843 08:46:16    -2397.358176        0.060939
MDMin:  844 08:46:18    -2397.358346        0.060922
MDMin:  845 08:46:20    -2397.358516        0.060931
MDMin:  846 08:46:22    -2397.358688        0.060965
MDMin:  847 08:46:24    -2397.358862        0.061027
MDMin:  848 08:46:25    -2397.359037        0.061117
MDMin:  849 08:46:26    -2397.359215        0.061238
MDMin:  850 08:46:28    -2397.359395        0.061390
MDMin:  851 08:46:30    -2397.359578        0.061576
MDMin:  852 08:46:32    -2397.359763        0.066214
MDMin:  853 08:46:34    -2397.359946        0.081275
MDMin:  854 08:46:36    -2397.360111        0.109866
MDMin:  855 08:46:38    -2397.360225        0.101815
MDMin:  856 08:46:40    -2397.360298        0.062675
MDMin:  857 08:46:41    -2397.360369        0.062845
MDMin:  858 08:46:43    -2397.360442        0.062984
MDMin:  859 08:46:44    -2397.360516        0.063122
MDMin:  860 08:46:46    -2397.360593        0.063253
MDMin:  861 08:46:47    -2397.360672        0.063378
MDMin:  862 08:46:49    -2397.360753        0.063496
MDMin:  863 08:46:51    -2397.360836        0.063656
MDMin:  864 08:46:53    -2397.360922        0.063848
MDMin:  865 08:46:54    -2397.361009        0.064052
MDMin:  866 08:46:56    -2397.361099        0.064269
MDMin:  867 08:46:58    -2397.361190        0.064498
MDMin:  868 08:46:59    -2397.361284        0.064740
MDMin:  869 08:47:01    -2397.361381        0.064997
MDMin:  870 08:47:03    -2397.361479        0.065268
MDMin:  871 08:47:05    -2397.361580        0.065554
MDMin:  872 08:47:07    -2397.361683        0.065857
MDMin:  873 08:47:09    -2397.361789        0.066177
MDMin:  874 08:47:11    -2397.361896        0.066514
MDMin:  875 08:47:12    -2397.362006        0.066869
MDMin:  876 08:47:14    -2397.362119        0.067244
MDMin:  877 08:47:16    -2397.362233        0.067639
MDMin:  878 08:47:18    -2397.362350        0.068055
MDMin:  879 08:47:20    -2397.362469        0.068493
MDMin:  880 08:47:21    -2397.362591        0.068954
MDMin:  881 08:47:23    -2397.362714        0.069439
MDMin:  882 08:47:24    -2397.362840        0.069949
MDMin:  883 08:47:26    -2397.362968        0.070485
MDMin:  884 08:47:28    -2397.363098        0.071048
MDMin:  885 08:47:29    -2397.363230        0.071640
MDMin:  886 08:47:31    -2397.363364        0.072262
MDMin:  887 08:47:32    -2397.363500        0.072914
MDMin:  888 08:47:34    -2397.363638        0.073599
MDMin:  889 08:47:36    -2397.363777        0.074317
MDMin:  890 08:47:37    -2397.363918        0.075070
MDMin:  891 08:47:39    -2397.364061        0.075859
MDMin:  892 08:47:41    -2397.364205        0.076685
MDMin:  893 08:47:42    -2397.364351        0.077551
MDMin:  894 08:47:44    -2397.364498        0.078457
MDMin:  895 08:47:46    -2397.364646        0.079404
MDMin:  896 08:47:48    -2397.364795        0.080394
MDMin:  897 08:47:50    -2397.364945        0.081429
MDMin:  898 08:47:52    -2397.365096        0.082508
MDMin:  899 08:47:54    -2397.365248        0.083634
MDMin:  900 08:47:55    -2397.365401        0.084806
MDMin:  901 08:47:57    -2397.365554        0.086027
MDMin:  902 08:47:58    -2397.365708        0.087295
MDMin:  903 08:47:59    -2397.365863        0.088611
MDMin:  904 08:48:00    -2397.366017        0.089975
MDMin:  905 08:48:02    -2397.366172        0.091385
MDMin:  906 08:48:03    -2397.366327        0.092842
MDMin:  907 08:48:05    -2397.366482        0.094341
MDMin:  908 08:48:07    -2397.366637        0.095882
MDMin:  909 08:48:09    -2397.366792        0.097460
MDMin:  910 08:48:11    -2397.366947        0.099071
MDMin:  911 08:48:13    -2397.367102        0.100708
MDMin:  912 08:48:15    -2397.367256        0.102366
MDMin:  913 08:48:17    -2397.367410        0.104036
MDMin:  914 08:48:19    -2397.367564        0.105707
MDMin:  915 08:48:21    -2397.367717        0.107369
MDMin:  916 08:48:23    -2397.367870        0.109007
MDMin:  917 08:48:24    -2397.368023        0.110607
MDMin:  918 08:48:26    -2397.368175        0.112152
MDMin:  919 08:48:27    -2397.368326        0.113622
MDMin:  920 08:48:28    -2397.368477        0.114997
MDMin:  921 08:48:29    -2397.368628        0.116254
MDMin:  922 08:48:30    -2397.368778        0.117371
MDMin:  923 08:48:32    -2397.368927        0.118322
MDMin:  924 08:48:33    -2397.369076        0.119084
MDMin:  925 08:48:35    -2397.369223        0.119633
MDMin:  926 08:48:37    -2397.369369        0.119948
MDMin:  927 08:48:38    -2397.369512        0.120016
MDMin:  928 08:48:40    -2397.369646        0.119846
MDMin:  929 08:48:42    -2397.369765        0.119491
MDMin:  930 08:48:44    -2397.369862        0.119049
MDMin:  931 08:48:45    -2397.369946        0.118569
MDMin:  932 08:48:47    -2397.370026        0.118034
MDMin:  933 08:48:49    -2397.370105        0.117429
MDMin:  934 08:48:50    -2397.370185        0.116750
MDMin:  935 08:48:52    -2397.370265        0.115996
MDMin:  936 08:48:54    -2397.370347        0.115170
MDMin:  937 08:48:56    -2397.370429        0.115506
MDMin:  938 08:48:58    -2397.370512        0.117749
MDMin:  939 08:49:00    -2397.370597        0.119933
MDMin:  940 08:49:02    -2397.370681        0.122043
MDMin:  941 08:49:04    -2397.370767        0.124062
MDMin:  942 08:49:06    -2397.370854        0.125975
MDMin:  943 08:49:07    -2397.370942        0.127766
MDMin:  944 08:49:08    -2397.371030        0.129418
MDMin:  945 08:49:10    -2397.371119        0.130915
MDMin:  946 08:49:11    -2397.371209        0.132243
MDMin:  947 08:49:12    -2397.371300        0.133386
MDMin:  948 08:49:14    -2397.371392        0.134328
MDMin:  949 08:49:15    -2397.371485        0.135056
MDMin:  950 08:49:16    -2397.371578        0.135555
MDMin:  951 08:49:18    -2397.371673        0.135815
MDMin:  952 08:49:20    -2397.371768        0.135823
MDMin:  953 08:49:22    -2397.371865        0.135570
MDMin:  954 08:49:24    -2397.371962        0.135048
MDMin:  955 08:49:26    -2397.372060        0.134249
MDMin:  956 08:49:27    -2397.372159        0.133169
MDMin:  957 08:49:29    -2397.372260        0.131804
MDMin:  958 08:49:31    -2397.372361        0.130153
MDMin:  959 08:49:33    -2397.372464        0.128215
MDMin:  960 08:49:35    -2397.372568        0.125993
MDMin:  961 08:49:37    -2397.372674        0.123489
MDMin:  962 08:49:39    -2397.372780        0.120709
MDMin:  963 08:49:40    -2397.372888        0.117660
MDMin:  964 08:49:41    -2397.372998        0.114350
MDMin:  965 08:49:43    -2397.373110        0.110789
MDMin:  966 08:49:45    -2397.373223        0.106990
MDMin:  967 08:49:47    -2397.373339        0.105050
MDMin:  968 08:49:49    -2397.373456        0.103353
MDMin:  969 08:49:51    -2397.373576        0.101173
MDMin:  970 08:49:53    -2397.373698        0.098487
MDMin:  971 08:49:55    -2397.373822        0.095277
MDMin:  972 08:49:56    -2397.373950        0.091541
MDMin:  973 08:49:58    -2397.374080        0.087287
MDMin:  974 08:50:00    -2397.374213        0.082540
MDMin:  975 08:50:01    -2397.374349        0.077338
MDMin:  976 08:50:02    -2397.374489        0.071741
MDMin:  977 08:50:04    -2397.374632        0.065825
MDMin:  978 08:50:05    -2397.374779        0.059680
MDMin:  979 08:50:06    -2397.374929        0.053790
MDMin:  980 08:50:07    -2397.375082        0.051540
MDMin:  981 08:50:09    -2397.375238        0.049390
