       Step     Time          Energy          fmax
MDMin:    0 11:50:42    -2397.325770        0.149964
MDMin:    1 11:50:44    -2397.325769        0.149938
MDMin:    2 11:50:46    -2397.325767        0.149857
MDMin:    3 11:50:47    -2397.325763        0.149723
MDMin:    4 11:50:49    -2397.325757        0.149535
MDMin:    5 11:50:50    -2397.325750        0.149293
MDMin:    6 11:50:52    -2397.325741        0.148995
MDMin:    7 11:50:54    -2397.325731        0.148643
MDMin:    8 11:50:56    -2397.325719        0.148234
MDMin:    9 11:50:58    -2397.325706        0.147770
MDMin:   10 11:51:00    -2397.325692        0.147248
MDMin:   11 11:51:01    -2397.325676        0.146669
MDMin:   12 11:51:03    -2397.325659        0.146031
MDMin:   13 11:51:05    -2397.325640        0.145335
MDMin:   14 11:51:06    -2397.325621        0.144579
MDMin:   15 11:51:08    -2397.325600        0.143763
MDMin:   16 11:51:10    -2397.325579        0.142884
MDMin:   17 11:51:12    -2397.325556        0.141943
MDMin:   18 11:51:14    -2397.325533        0.140938
MDMin:   19 11:51:16    -2397.325509        0.139868
MDMin:   20 11:51:18    -2397.325484        0.138731
MDMin:   21 11:51:19    -2397.325458        0.137527
MDMin:   22 11:51:20    -2397.325433        0.136255
MDMin:   23 11:51:22    -2397.325406        0.134913
MDMin:   24 11:51:23    -2397.325380        0.133501
MDMin:   25 11:51:25    -2397.325353        0.132017
MDMin:   26 11:51:27    -2397.325326        0.130460
MDMin:   27 11:51:28    -2397.325299        0.128830
MDMin:   28 11:51:29    -2397.325272        0.127125
MDMin:   29 11:51:31    -2397.325245        0.125346
MDMin:   30 11:51:32    -2397.325218        0.123492
MDMin:   31 11:51:34    -2397.325192        0.121563
MDMin:   32 11:51:35    -2397.325166        0.119559
MDMin:   33 11:51:36    -2397.325140        0.117480
MDMin:   34 11:51:38    -2397.325115        0.115327
MDMin:   35 11:51:39    -2397.325091        0.113101
MDMin:   36 11:51:41    -2397.325067        0.110804
MDMin:   37 11:51:43    -2397.325044        0.108436
MDMin:   38 11:51:45    -2397.325022        0.106001
MDMin:   39 11:51:47    -2397.325001        0.103501
MDMin:   40 11:51:48    -2397.324980        0.100938
MDMin:   41 11:51:49    -2397.324961        0.098317
MDMin:   42 11:51:51    -2397.324943        0.095642
MDMin:   43 11:51:52    -2397.324926        0.092916
MDMin:   44 11:51:53    -2397.324909        0.090146
MDMin:   45 11:51:55    -2397.324894        0.087336
MDMin:   46 11:51:56    -2397.324881        0.084494
MDMin:   47 11:51:58    -2397.324868        0.081624
MDMin:   48 11:52:00    -2397.324857        0.078735
MDMin:   49 11:52:01    -2397.324847        0.076099
MDMin:   50 11:52:03    -2397.324839        0.075861
MDMin:   51 11:52:05    -2397.324831        0.075603
MDMin:   52 11:52:07    -2397.324825        0.075324
MDMin:   53 11:52:09    -2397.324821        0.075024
MDMin:   54 11:52:11    -2397.324818        0.074702
MDMin:   55 11:52:13    -2397.324816        0.074402
MDMin:   56 11:52:14    -2397.324816        0.074202
MDMin:   57 11:52:16    -2397.324816        0.073994
MDMin:   58 11:52:17    -2397.324819        0.073777
MDMin:   59 11:52:18    -2397.324822        0.073552
MDMin:   60 11:52:20    -2397.324827        0.073318
MDMin:   61 11:52:22    -2397.324834        0.073076
MDMin:   62 11:52:23    -2397.324841        0.072825
MDMin:   63 11:52:25    -2397.324850        0.072565
MDMin:   64 11:52:27    -2397.324860        0.072296
MDMin:   65 11:52:29    -2397.324871        0.072018
MDMin:   66 11:52:31    -2397.324884        0.071732
MDMin:   67 11:52:33    -2397.324898        0.071436
MDMin:   68 11:52:35    -2397.324913        0.071132
MDMin:   69 11:52:36    -2397.324928        0.070819
MDMin:   70 11:52:38    -2397.324946        0.070498
MDMin:   71 11:52:40    -2397.324964        0.070168
MDMin:   72 11:52:42    -2397.324983        0.069830
MDMin:   73 11:52:44    -2397.325003        0.069484
MDMin:   74 11:52:46    -2397.325024        0.069132
MDMin:   75 11:52:47    -2397.325046        0.068772
MDMin:   76 11:52:48    -2397.325069        0.068405
MDMin:   77 11:52:49    -2397.325092        0.068182
MDMin:   78 11:52:51    -2397.325117        0.068004
MDMin:   79 11:52:53    -2397.325142        0.067815
MDMin:   80 11:52:55    -2397.325168        0.067615
MDMin:   81 11:52:57    -2397.325195        0.067403
MDMin:   82 11:52:59    -2397.325223        0.067179
MDMin:   83 11:53:00    -2397.325251        0.066943
MDMin:   84 11:53:02    -2397.325280        0.066694
MDMin:   85 11:53:03    -2397.325309        0.066432
MDMin:   86 11:53:05    -2397.325339        0.066160
MDMin:   87 11:53:07    -2397.325369        0.065869
MDMin:   88 11:53:09    -2397.325400        0.065576
MDMin:   89 11:53:11    -2397.325432        0.065249
MDMin:   90 11:53:13    -2397.325464        0.064953
MDMin:   91 11:53:15    -2397.325497        0.064547
MDMin:   92 11:53:16    -2397.325529        0.064343
MDMin:   93 11:53:18    -2397.325563        0.063647
MDMin:   94 11:53:20    -2397.325596        0.066056
MDMin:   95 11:53:21    -2397.325630        0.066187
MDMin:   96 11:53:23    -2397.325664        0.087626
MDMin:   97 11:53:25    -2397.325695        0.113905
MDMin:   98 11:53:26    -2397.325718        0.132455
MDMin:   99 11:53:27    -2397.325731        0.069686
MDMin:  100 11:53:29    -2397.325743        0.065484
MDMin:  101 11:53:31    -2397.325755        0.066372
MDMin:  102 11:53:32    -2397.325767        0.067295
MDMin:  103 11:53:34    -2397.325780        0.068252
MDMin:  104 11:53:36    -2397.325793        0.069235
MDMin:  105 11:53:38    -2397.325806        0.070240
MDMin:  106 11:53:40    -2397.325820        0.071256
MDMin:  107 11:53:42    -2397.325833        0.072275
MDMin:  108 11:53:44    -2397.325847        0.073284
MDMin:  109 11:53:46    -2397.325862        0.074269
MDMin:  110 11:53:47    -2397.325876        0.075215
MDMin:  111 11:53:49    -2397.325891        0.076103
MDMin:  112 11:53:51    -2397.325906        0.076915
MDMin:  113 11:53:53    -2397.325921        0.077631
MDMin:  114 11:53:54    -2397.325936        0.078230
MDMin:  115 11:53:55    -2397.325952        0.078693
MDMin:  116 11:53:57    -2397.325968        0.079003
MDMin:  117 11:53:58    -2397.325984        0.079145
MDMin:  118 11:54:00    -2397.326001        0.079109
MDMin:  119 11:54:02    -2397.326018        0.078892
MDMin:  120 11:54:03    -2397.326035        0.078496
MDMin:  121 11:54:04    -2397.326052        0.077931
MDMin:  122 11:54:06    -2397.326070        0.077213
MDMin:  123 11:54:08    -2397.326088        0.076366
MDMin:  124 11:54:09    -2397.326106        0.075417
MDMin:  125 11:54:11    -2397.326124        0.074395
MDMin:  126 11:54:12    -2397.326143        0.073332
MDMin:  127 11:54:14    -2397.326163        0.072255
MDMin:  128 11:54:16    -2397.326182        0.071187
MDMin:  129 11:54:18    -2397.326202        0.070147
MDMin:  130 11:54:20    -2397.326222        0.069147
MDMin:  131 11:54:22    -2397.326243        0.068196
MDMin:  132 11:54:24    -2397.326263        0.067294
MDMin:  133 11:54:25    -2397.326284        0.066443
MDMin:  134 11:54:27    -2397.326306        0.065638
MDMin:  135 11:54:28    -2397.326328        0.064875
MDMin:  136 11:54:30    -2397.326350        0.064149
MDMin:  137 11:54:32    -2397.326372        0.063454
MDMin:  138 11:54:34    -2397.326395        0.062786
MDMin:  139 11:54:35    -2397.326418        0.062140
MDMin:  140 11:54:37    -2397.326442        0.061513
MDMin:  141 11:54:39    -2397.326466        0.061181
MDMin:  142 11:54:40    -2397.326490        0.061398
MDMin:  143 11:54:41    -2397.326514        0.061586
MDMin:  144 11:54:43    -2397.326539        0.061745
MDMin:  145 11:54:44    -2397.326564        0.061874
MDMin:  146 11:54:45    -2397.326590        0.061971
MDMin:  147 11:54:46    -2397.326616        0.062037
MDMin:  148 11:54:48    -2397.326642        0.062069
MDMin:  149 11:54:49    -2397.326669        0.062068
MDMin:  150 11:54:51    -2397.326696        0.062033
MDMin:  151 11:54:52    -2397.326724        0.061963
MDMin:  152 11:54:54    -2397.326752        0.061856
MDMin:  153 11:54:56    -2397.326780        0.061713
MDMin:  154 11:54:58    -2397.326809        0.061533
MDMin:  155 11:55:00    -2397.326838        0.061315
MDMin:  156 11:55:01    -2397.326867        0.063411
MDMin:  157 11:55:02    -2397.326896        0.081355
MDMin:  158 11:55:04    -2397.326923        0.116744
MDMin:  159 11:55:06    -2397.326942        0.119091
MDMin:  160 11:55:08    -2397.326954        0.062793
MDMin:  161 11:55:10    -2397.326964        0.059960
MDMin:  162 11:55:12    -2397.326975        0.059810
MDMin:  163 11:55:13    -2397.326987        0.059653
MDMin:  164 11:55:15    -2397.326998        0.059487
MDMin:  165 11:55:17    -2397.327010        0.059312
MDMin:  166 11:55:19    -2397.327023        0.059130
MDMin:  167 11:55:21    -2397.327035        0.058938
MDMin:  168 11:55:22    -2397.327048        0.058737
MDMin:  169 11:55:24    -2397.327061        0.058526
MDMin:  170 11:55:26    -2397.327074        0.058306
MDMin:  171 11:55:28    -2397.327088        0.058076
MDMin:  172 11:55:30    -2397.327102        0.057836
MDMin:  173 11:55:31    -2397.327116        0.057585
MDMin:  174 11:55:33    -2397.327131        0.057324
MDMin:  175 11:55:35    -2397.327146        0.057051
MDMin:  176 11:55:36    -2397.327161        0.056767
MDMin:  177 11:55:38    -2397.327177        0.056472
MDMin:  178 11:55:39    -2397.327193        0.056165
MDMin:  179 11:55:41    -2397.327209        0.055846
MDMin:  180 11:55:43    -2397.327226        0.055515
MDMin:  181 11:55:45    -2397.327243        0.055171
MDMin:  182 11:55:47    -2397.327260        0.054815
MDMin:  183 11:55:48    -2397.327278        0.054447
MDMin:  184 11:55:50    -2397.327296        0.054065
MDMin:  185 11:55:51    -2397.327314        0.053671
MDMin:  186 11:55:53    -2397.327333        0.053264
MDMin:  187 11:55:55    -2397.327352        0.052844
MDMin:  188 11:55:56    -2397.327371        0.052410
MDMin:  189 11:55:58    -2397.327391        0.051964
MDMin:  190 11:56:00    -2397.327412        0.051504
MDMin:  191 11:56:01    -2397.327432        0.051031
MDMin:  192 11:56:02    -2397.327453        0.050688
MDMin:  193 11:56:03    -2397.327475        0.050577
MDMin:  194 11:56:05    -2397.327496        0.050462
MDMin:  195 11:56:06    -2397.327519        0.050343
MDMin:  196 11:56:08    -2397.327541        0.050221
MDMin:  197 11:56:10    -2397.327564        0.050095
MDMin:  198 11:56:11    -2397.327588        0.049964
