       Step     Time          Energy          fmax
MDMin:    0 06:24:02    -2397.788022        0.195893
MDMin:    1 06:24:03    -2397.788011        0.195669
MDMin:    2 06:24:05    -2397.787980        0.195000
MDMin:    3 06:24:06    -2397.787928        0.193894
MDMin:    4 06:24:08    -2397.787856        0.192363
MDMin:    5 06:24:09    -2397.787765        0.190427
MDMin:    6 06:24:10    -2397.787655        0.188109
MDMin:    7 06:24:12    -2397.787527        0.185435
MDMin:    8 06:24:14    -2397.787383        0.182432
MDMin:    9 06:24:16    -2397.787223        0.179131
MDMin:   10 06:24:18    -2397.787050        0.175559
MDMin:   11 06:24:20    -2397.786864        0.171744
MDMin:   12 06:24:22    -2397.786668        0.167713
MDMin:   13 06:24:23    -2397.786463        0.163491
MDMin:   14 06:24:25    -2397.786250        0.159102
MDMin:   15 06:24:27    -2397.786032        0.154568
MDMin:   16 06:24:29    -2397.785811        0.149912
MDMin:   17 06:24:31    -2397.785587        0.145608
MDMin:   18 06:24:33    -2397.785363        0.145141
MDMin:   19 06:24:34    -2397.785140        0.144649
MDMin:   20 06:24:35    -2397.784920        0.144135
MDMin:   21 06:24:37    -2397.784704        0.143598
MDMin:   22 06:24:38    -2397.784493        0.143039
MDMin:   23 06:24:39    -2397.784289        0.142459
MDMin:   24 06:24:40    -2397.784092        0.141860
MDMin:   25 06:24:42    -2397.783903        0.141242
MDMin:   26 06:24:43    -2397.783722        0.140607
MDMin:   27 06:24:45    -2397.783552        0.139956
MDMin:   28 06:24:46    -2397.783390        0.139289
MDMin:   29 06:24:47    -2397.783239        0.138609
MDMin:   30 06:24:49    -2397.783098        0.137917
MDMin:   31 06:24:50    -2397.782967        0.137215
MDMin:   32 06:24:52    -2397.782847        0.136504
MDMin:   33 06:24:54    -2397.782736        0.135785
MDMin:   34 06:24:55    -2397.782635        0.135061
MDMin:   35 06:24:57    -2397.782544        0.134332
MDMin:   36 06:24:58    -2397.782462        0.133602
MDMin:   37 06:25:00    -2397.782389        0.132872
MDMin:   38 06:25:02    -2397.782324        0.132144
MDMin:   39 06:25:04    -2397.782268        0.131421
MDMin:   40 06:25:05    -2397.782219        0.130705
MDMin:   41 06:25:07    -2397.782178        0.130215
MDMin:   42 06:25:08    -2397.782144        0.129718
MDMin:   43 06:25:10    -2397.782117        0.129205
MDMin:   44 06:25:12    -2397.782095        0.128677
MDMin:   45 06:25:14    -2397.782079        0.128135
MDMin:   46 06:25:16    -2397.782069        0.127579
MDMin:   47 06:25:17    -2397.782064        0.127009
MDMin:   48 06:25:19    -2397.782063        0.126427
MDMin:   49 06:25:20    -2397.782067        0.125833
MDMin:   50 06:25:22    -2397.782075        0.125229
MDMin:   51 06:25:24    -2397.782087        0.124616
MDMin:   52 06:25:26    -2397.782102        0.123994
MDMin:   53 06:25:28    -2397.782120        0.123366
MDMin:   54 06:25:29    -2397.782141        0.122733
MDMin:   55 06:25:31    -2397.782165        0.122358
MDMin:   56 06:25:33    -2397.782192        0.122081
MDMin:   57 06:25:35    -2397.782220        0.121855
MDMin:   58 06:25:37    -2397.782251        0.121683
MDMin:   59 06:25:39    -2397.782284        0.121569
MDMin:   60 06:25:40    -2397.782319        0.121514
MDMin:   61 06:25:42    -2397.782355        0.121523
MDMin:   62 06:25:43    -2397.782393        0.121597
MDMin:   63 06:25:44    -2397.782432        0.121741
MDMin:   64 06:25:46    -2397.782472        0.121956
MDMin:   65 06:25:47    -2397.782513        0.122246
MDMin:   66 06:25:49    -2397.782556        0.122615
MDMin:   67 06:25:51    -2397.782599        0.123064
MDMin:   68 06:25:53    -2397.782643        0.123597
MDMin:   69 06:25:55    -2397.782688        0.124217
MDMin:   70 06:25:57    -2397.782734        0.124927
MDMin:   71 06:25:59    -2397.782780        0.125729
MDMin:   72 06:26:01    -2397.782826        0.126627
MDMin:   73 06:26:03    -2397.782873        0.127623
MDMin:   74 06:26:05    -2397.782921        0.128718
MDMin:   75 06:26:07    -2397.782969        0.129916
MDMin:   76 06:26:09    -2397.783017        0.131217
MDMin:   77 06:26:11    -2397.783065        0.132623
MDMin:   78 06:26:12    -2397.783113        0.134134
MDMin:   79 06:26:14    -2397.783162        0.135749
MDMin:   80 06:26:17    -2397.783210        0.137468
MDMin:   81 06:26:19    -2397.783259        0.139288
MDMin:   82 06:26:21    -2397.783308        0.141205
MDMin:   83 06:26:22    -2397.783356        0.143214
MDMin:   84 06:26:24    -2397.783405        0.145308
MDMin:   85 06:26:27    -2397.783453        0.147479
MDMin:   86 06:26:28    -2397.783501        0.149714
MDMin:   87 06:26:30    -2397.783549        0.152000
MDMin:   88 06:26:31    -2397.783597        0.154320
MDMin:   89 06:26:33    -2397.783645        0.156653
MDMin:   90 06:26:35    -2397.783692        0.158977
MDMin:   91 06:26:36    -2397.783739        0.161264
MDMin:   92 06:26:38    -2397.783785        0.163483
MDMin:   93 06:26:40    -2397.783832        0.165602
MDMin:   94 06:26:42    -2397.783878        0.167582
MDMin:   95 06:26:45    -2397.783923        0.169384
MDMin:   96 06:26:47    -2397.783969        0.170964
MDMin:   97 06:26:49    -2397.784013        0.172280
MDMin:   98 06:26:50    -2397.784058        0.173287
MDMin:   99 06:26:52    -2397.784102        0.173940
MDMin:  100 06:26:53    -2397.784145        0.174199
MDMin:  101 06:26:55    -2397.784189        0.174024
MDMin:  102 06:26:57    -2397.784232        0.173384
MDMin:  103 06:26:59    -2397.784274        0.172251
MDMin:  104 06:27:01    -2397.784316        0.170606
MDMin:  105 06:27:03    -2397.784358        0.168443
MDMin:  106 06:27:05    -2397.784400        0.165761
MDMin:  107 06:27:07    -2397.784441        0.162576
MDMin:  108 06:27:08    -2397.784482        0.158912
MDMin:  109 06:27:09    -2397.784523        0.154806
MDMin:  110 06:27:11    -2397.784564        0.150305
MDMin:  111 06:27:13    -2397.784604        0.145467
MDMin:  112 06:27:15    -2397.784644        0.140356
MDMin:  113 06:27:17    -2397.784685        0.135044
MDMin:  114 06:27:19    -2397.784725        0.129603
MDMin:  115 06:27:20    -2397.784765        0.127711
MDMin:  116 06:27:22    -2397.784806        0.127392
MDMin:  117 06:27:23    -2397.784846        0.128666
MDMin:  118 06:27:25    -2397.784885        0.129868
MDMin:  119 06:27:26    -2397.784923        0.130942
MDMin:  120 06:27:28    -2397.784955        0.131801
MDMin:  121 06:27:29    -2397.784980        0.132408
MDMin:  122 06:27:31    -2397.785000        0.132875
MDMin:  123 06:27:33    -2397.785020        0.133295
MDMin:  124 06:27:35    -2397.785040        0.133689
MDMin:  125 06:27:37    -2397.785060        0.134057
MDMin:  126 06:27:39    -2397.785081        0.134398
MDMin:  127 06:27:41    -2397.785102        0.134707
MDMin:  128 06:27:43    -2397.785123        0.134981
MDMin:  129 06:27:45    -2397.785145        0.135217
MDMin:  130 06:27:46    -2397.785167        0.135409
MDMin:  131 06:27:48    -2397.785189        0.135554
MDMin:  132 06:27:50    -2397.785212        0.135648
MDMin:  133 06:27:51    -2397.785235        0.135687
MDMin:  134 06:27:53    -2397.785259        0.135666
MDMin:  135 06:27:54    -2397.785283        0.135582
MDMin:  136 06:27:55    -2397.785307        0.135431
MDMin:  137 06:27:57    -2397.785332        0.135208
MDMin:  138 06:27:59    -2397.785357        0.134912
MDMin:  139 06:28:01    -2397.785383        0.134537
MDMin:  140 06:28:03    -2397.785409        0.134083
MDMin:  141 06:28:05    -2397.785436        0.133545
MDMin:  142 06:28:07    -2397.785463        0.132924
MDMin:  143 06:28:08    -2397.785490        0.132217
MDMin:  144 06:28:10    -2397.785518        0.131423
MDMin:  145 06:28:12    -2397.785546        0.130544
MDMin:  146 06:28:14    -2397.785575        0.129579
MDMin:  147 06:28:15    -2397.785605        0.128531
MDMin:  148 06:28:17    -2397.785635        0.127402
MDMin:  149 06:28:19    -2397.785665        0.126196
MDMin:  150 06:28:20    -2397.785696        0.124917
MDMin:  151 06:28:21    -2397.785728        0.123571
MDMin:  152 06:28:23    -2397.785760        0.122163
MDMin:  153 06:28:25    -2397.785793        0.120701
MDMin:  154 06:28:28    -2397.785826        0.119194
MDMin:  155 06:28:29    -2397.785860        0.117650
MDMin:  156 06:28:31    -2397.785895        0.116078
MDMin:  157 06:28:34    -2397.785930        0.114491
MDMin:  158 06:28:36    -2397.785966        0.112899
MDMin:  159 06:28:38    -2397.786002        0.111328
MDMin:  160 06:28:39    -2397.786037        0.109840
MDMin:  161 06:28:41    -2397.786065        0.108632
MDMin:  162 06:28:43    -2397.786082        0.107921
MDMin:  163 06:28:45    -2397.786096        0.107376
MDMin:  164 06:28:47    -2397.786109        0.106835
MDMin:  165 06:28:48    -2397.786123        0.106292
MDMin:  166 06:28:49    -2397.786137        0.105748
MDMin:  167 06:28:50    -2397.786151        0.105202
MDMin:  168 06:28:52    -2397.786166        0.104656
MDMin:  169 06:28:54    -2397.786181        0.104110
MDMin:  170 06:28:56    -2397.786196        0.103567
MDMin:  171 06:28:57    -2397.786212        0.103026
MDMin:  172 06:28:59    -2397.786228        0.102490
MDMin:  173 06:29:01    -2397.786244        0.101958
MDMin:  174 06:29:03    -2397.786261        0.101431
MDMin:  175 06:29:05    -2397.786278        0.100912
MDMin:  176 06:29:06    -2397.786296        0.100401
MDMin:  177 06:29:07    -2397.786313        0.099899
MDMin:  178 06:29:09    -2397.786331        0.099408
MDMin:  179 06:29:11    -2397.786350        0.098928
MDMin:  180 06:29:13    -2397.786368        0.098461
MDMin:  181 06:29:14    -2397.786387        0.098007
MDMin:  182 06:29:15    -2397.786407        0.097568
MDMin:  183 06:29:17    -2397.786426        0.097145
MDMin:  184 06:29:19    -2397.786446        0.096739
MDMin:  185 06:29:21    -2397.786466        0.096352
MDMin:  186 06:29:22    -2397.786487        0.095983
MDMin:  187 06:29:24    -2397.786508        0.095635
MDMin:  188 06:29:25    -2397.786529        0.095309
MDMin:  189 06:29:26    -2397.786550        0.095004
MDMin:  190 06:29:28    -2397.786572        0.094723
MDMin:  191 06:29:29    -2397.786594        0.094466
MDMin:  192 06:29:30    -2397.786617        0.094234
MDMin:  193 06:29:32    -2397.786639        0.094028
MDMin:  194 06:29:33    -2397.786662        0.093848
MDMin:  195 06:29:34    -2397.786685        0.093696
MDMin:  196 06:29:36    -2397.786709        0.093571
MDMin:  197 06:29:37    -2397.786732        0.093479
MDMin:  198 06:29:39    -2397.786756        0.093422
MDMin:  199 06:29:41    -2397.786780        0.093401
MDMin:  200 06:29:43    -2397.786804        0.093416
MDMin:  201 06:29:45    -2397.786829        0.093470
MDMin:  202 06:29:46    -2397.786854        0.093561
MDMin:  203 06:29:48    -2397.786878        0.093692
MDMin:  204 06:29:49    -2397.786903        0.093861
MDMin:  205 06:29:51    -2397.786929        0.094069
MDMin:  206 06:29:52    -2397.786954        0.094317
MDMin:  207 06:29:54    -2397.786979        0.094604
MDMin:  208 06:29:56    -2397.787005        0.094929
MDMin:  209 06:29:58    -2397.787030        0.095293
MDMin:  210 06:30:00    -2397.787056        0.095694
MDMin:  211 06:30:02    -2397.787081        0.096130
MDMin:  212 06:30:04    -2397.787107        0.096602
MDMin:  213 06:30:06    -2397.787133        0.097107
MDMin:  214 06:30:08    -2397.787158        0.097642
MDMin:  215 06:30:10    -2397.787184        0.098206
MDMin:  216 06:30:12    -2397.787210        0.098795
MDMin:  217 06:30:14    -2397.787235        0.099407
MDMin:  218 06:30:16    -2397.787261        0.100038
MDMin:  219 06:30:18    -2397.787286        0.100685
MDMin:  220 06:30:20    -2397.787311        0.101343
MDMin:  221 06:30:22    -2397.787337        0.102006
MDMin:  222 06:30:24    -2397.787362        0.102669
MDMin:  223 06:30:26    -2397.787386        0.103324
MDMin:  224 06:30:28    -2397.787411        0.103966
MDMin:  225 06:30:30    -2397.787435        0.104583
MDMin:  226 06:30:32    -2397.787459        0.105164
MDMin:  227 06:30:34    -2397.787482        0.105689
MDMin:  228 06:30:35    -2397.787503        0.106525
MDMin:  229 06:30:36    -2397.787521        0.108715
MDMin:  230 06:30:38    -2397.787535        0.110581
MDMin:  231 06:30:39    -2397.787548        0.112330
MDMin:  232 06:30:40    -2397.787560        0.114107
MDMin:  233 06:30:41    -2397.787573        0.115954
MDMin:  234 06:30:43    -2397.787585        0.117883
MDMin:  235 06:30:44    -2397.787598        0.119900
MDMin:  236 06:30:46    -2397.787610        0.122007
MDMin:  237 06:30:48    -2397.787623        0.124211
MDMin:  238 06:30:50    -2397.787636        0.126513
MDMin:  239 06:30:52    -2397.787649        0.128919
MDMin:  240 06:30:54    -2397.787662        0.131432
MDMin:  241 06:30:55    -2397.787675        0.134058
MDMin:  242 06:30:57    -2397.787688        0.136800
MDMin:  243 06:30:58    -2397.787701        0.139663
MDMin:  244 06:31:00    -2397.787714        0.142653
MDMin:  245 06:31:02    -2397.787727        0.145773
MDMin:  246 06:31:04    -2397.787741        0.149029
MDMin:  247 06:31:05    -2397.787754        0.152425
MDMin:  248 06:31:07    -2397.787767        0.155966
MDMin:  249 06:31:08    -2397.787780        0.159658
MDMin:  250 06:31:10    -2397.787793        0.163504
MDMin:  251 06:31:12    -2397.787807        0.167510
MDMin:  252 06:31:14    -2397.787820        0.171679
MDMin:  253 06:31:16    -2397.787833        0.176015
MDMin:  254 06:31:18    -2397.787846        0.180521
MDMin:  255 06:31:20    -2397.787860        0.185201
MDMin:  256 06:31:22    -2397.787873        0.190056
MDMin:  257 06:31:24    -2397.787886        0.195088
MDMin:  258 06:31:26    -2397.787899        0.200296
MDMin:  259 06:31:28    -2397.787912        0.205680
MDMin:  260 06:31:30    -2397.787925        0.211236
MDMin:  261 06:31:32    -2397.787938        0.216961
MDMin:  262 06:31:33    -2397.787951        0.222848
MDMin:  263 06:31:34    -2397.787964        0.228889
MDMin:  264 06:31:36    -2397.787977        0.235074
MDMin:  265 06:31:37    -2397.787990        0.241389
MDMin:  266 06:31:38    -2397.788003        0.247817
MDMin:  267 06:31:39    -2397.788015        0.254341
MDMin:  268 06:31:41    -2397.788028        0.260936
MDMin:  269 06:31:42    -2397.788040        0.267579
MDMin:  270 06:31:44    -2397.788053        0.274238
MDMin:  271 06:31:46    -2397.788065        0.280881
MDMin:  272 06:31:48    -2397.788077        0.287472
MDMin:  273 06:31:50    -2397.788089        0.293970
MDMin:  274 06:31:52    -2397.788102        0.300331
MDMin:  275 06:31:53    -2397.788114        0.306510
MDMin:  276 06:31:55    -2397.788125        0.312457
MDMin:  277 06:31:57    -2397.788137        0.318121
MDMin:  278 06:31:59    -2397.788149        0.323448
MDMin:  279 06:32:01    -2397.788161        0.328384
MDMin:  280 06:32:03    -2397.788172        0.332876
MDMin:  281 06:32:05    -2397.788184        0.336870
MDMin:  282 06:32:07    -2397.788196        0.340315
MDMin:  283 06:32:09    -2397.788207        0.343162
MDMin:  284 06:32:10    -2397.788219        0.345366
MDMin:  285 06:32:12    -2397.788230        0.346888
MDMin:  286 06:32:13    -2397.788241        0.347695
MDMin:  287 06:32:15    -2397.788253        0.347759
MDMin:  288 06:32:17    -2397.788264        0.347060
MDMin:  289 06:32:19    -2397.788276        0.345587
MDMin:  290 06:32:21    -2397.788287        0.343337
MDMin:  291 06:32:22    -2397.788299        0.340312
MDMin:  292 06:32:24    -2397.788310        0.336523
MDMin:  293 06:32:25    -2397.788322        0.331988
MDMin:  294 06:32:27    -2397.788334        0.331507
MDMin:  295 06:32:28    -2397.788346        0.336781
MDMin:  296 06:32:29    -2397.788358        0.340869
MDMin:  297 06:32:30    -2397.788370        0.343680
MDMin:  298 06:32:31    -2397.788382        0.345144
MDMin:  299 06:32:33    -2397.788395        0.345210
MDMin:  300 06:32:35    -2397.788407        0.343850
MDMin:  301 06:32:37    -2397.788421        0.341065
MDMin:  302 06:32:39    -2397.788434        0.336882
MDMin:  303 06:32:41    -2397.788448        0.331358
MDMin:  304 06:32:43    -2397.788462        0.324577
MDMin:  305 06:32:45    -2397.788476        0.316652
MDMin:  306 06:32:47    -2397.788491        0.307714
MDMin:  307 06:32:49    -2397.788506        0.297916
MDMin:  308 06:32:51    -2397.788522        0.287417
MDMin:  309 06:32:52    -2397.788538        0.276382
MDMin:  310 06:32:54    -2397.788555        0.264970
MDMin:  311 06:32:56    -2397.788572        0.253324
MDMin:  312 06:32:57    -2397.788591        0.241568
MDMin:  313 06:32:58    -2397.788609        0.229802
MDMin:  314 06:33:00    -2397.788629        0.218096
MDMin:  315 06:33:01    -2397.788649        0.206495
MDMin:  316 06:33:03    -2397.788670        0.195024
MDMin:  317 06:33:04    -2397.788692        0.183693
MDMin:  318 06:33:05    -2397.788714        0.172505
MDMin:  319 06:33:07    -2397.788738        0.165307
MDMin:  320 06:33:09    -2397.788762        0.161033
MDMin:  321 06:33:11    -2397.788787        0.157032
MDMin:  322 06:33:12    -2397.788813        0.153323
MDMin:  323 06:33:14    -2397.788840        0.149903
MDMin:  324 06:33:16    -2397.788867        0.146747
MDMin:  325 06:33:18    -2397.788896        0.143809
MDMin:  326 06:33:20    -2397.788925        0.141028
MDMin:  327 06:33:22    -2397.788954        0.138330
MDMin:  328 06:33:24    -2397.788985        0.135636
MDMin:  329 06:33:26    -2397.789016        0.132869
MDMin:  330 06:33:28    -2397.789048        0.129957
MDMin:  331 06:33:30    -2397.789081        0.126849
MDMin:  332 06:33:32    -2397.789113        0.135350
MDMin:  333 06:33:33    -2397.789132        0.240801
MDMin:  334 06:33:35    -2397.789132        0.223649
MDMin:  335 06:33:37    -2397.789133        0.201405
MDMin:  336 06:33:38    -2397.789134        0.175270
MDMin:  337 06:33:41    -2397.789135        0.146817
MDMin:  338 06:33:42    -2397.789136        0.121203
MDMin:  339 06:33:43    -2397.789138        0.121029
MDMin:  340 06:33:45    -2397.789140        0.120827
MDMin:  341 06:33:47    -2397.789142        0.120597
MDMin:  342 06:33:49    -2397.789144        0.120342
MDMin:  343 06:33:51    -2397.789147        0.120066
MDMin:  344 06:33:53    -2397.789149        0.119768
MDMin:  345 06:33:54    -2397.789152        0.119577
MDMin:  346 06:33:55    -2397.789155        0.119470
MDMin:  347 06:33:56    -2397.789159        0.119357
MDMin:  348 06:33:58    -2397.789162        0.119239
MDMin:  349 06:33:59    -2397.789166        0.119115
MDMin:  350 06:34:01    -2397.789169        0.118985
MDMin:  351 06:34:02    -2397.789173        0.118849
MDMin:  352 06:34:04    -2397.789177        0.118708
MDMin:  353 06:34:06    -2397.789182        0.118561
MDMin:  354 06:34:08    -2397.789186        0.118409
MDMin:  355 06:34:10    -2397.789191        0.118251
MDMin:  356 06:34:12    -2397.789196        0.118088
MDMin:  357 06:34:14    -2397.789201        0.117919
MDMin:  358 06:34:16    -2397.789206        0.117745
MDMin:  359 06:34:18    -2397.789211        0.117566
MDMin:  360 06:34:20    -2397.789217        0.117381
MDMin:  361 06:34:22    -2397.789222        0.117192
MDMin:  362 06:34:24    -2397.789228        0.116997
MDMin:  363 06:34:26    -2397.789234        0.116797
MDMin:  364 06:34:28    -2397.789240        0.116592
MDMin:  365 06:34:30    -2397.789247        0.116382
MDMin:  366 06:34:31    -2397.789253        0.116167
MDMin:  367 06:34:33    -2397.789260        0.115948
MDMin:  368 06:34:34    -2397.789267        0.115724
MDMin:  369 06:34:36    -2397.789274        0.115495
MDMin:  370 06:34:38    -2397.789282        0.115262
MDMin:  371 06:34:40    -2397.789289        0.115025
MDMin:  372 06:34:42    -2397.789297        0.114783
MDMin:  373 06:34:44    -2397.789305        0.114538
MDMin:  374 06:34:46    -2397.789313        0.114289
MDMin:  375 06:34:48    -2397.789321        0.114037
MDMin:  376 06:34:49    -2397.789330        0.113782
MDMin:  377 06:34:51    -2397.789338        0.113524
MDMin:  378 06:34:53    -2397.789347        0.113264
MDMin:  379 06:34:55    -2397.789356        0.113001
MDMin:  380 06:34:57    -2397.789365        0.112738
MDMin:  381 06:34:58    -2397.789375        0.112473
MDMin:  382 06:34:59    -2397.789384        0.112208
MDMin:  383 06:35:01    -2397.789394        0.111943
MDMin:  384 06:35:02    -2397.789404        0.111678
MDMin:  385 06:35:04    -2397.789414        0.111415
MDMin:  386 06:35:05    -2397.789425        0.111155
MDMin:  387 06:35:07    -2397.789435        0.110897
MDMin:  388 06:35:09    -2397.789446        0.110643
MDMin:  389 06:35:11    -2397.789456        0.110394
MDMin:  390 06:35:13    -2397.789467        0.110150
MDMin:  391 06:35:14    -2397.789479        0.109912
MDMin:  392 06:35:15    -2397.789490        0.109681
MDMin:  393 06:35:17    -2397.789502        0.109458
MDMin:  394 06:35:19    -2397.789513        0.109243
MDMin:  395 06:35:21    -2397.789525        0.109038
MDMin:  396 06:35:22    -2397.789537        0.108989
MDMin:  397 06:35:23    -2397.789549        0.109294
MDMin:  398 06:35:25    -2397.789561        0.109567
MDMin:  399 06:35:26    -2397.789574        0.109804
MDMin:  400 06:35:28    -2397.789586        0.109996
MDMin:  401 06:35:30    -2397.789599        0.110136
MDMin:  402 06:35:31    -2397.789612        0.110213
MDMin:  403 06:35:33    -2397.789625        0.110218
MDMin:  404 06:35:35    -2397.789638        0.110140
MDMin:  405 06:35:37    -2397.789651        0.109967
MDMin:  406 06:35:39    -2397.789664        0.109687
MDMin:  407 06:35:41    -2397.789677        0.109287
MDMin:  408 06:35:43    -2397.789691        0.108751
MDMin:  409 06:35:45    -2397.789704        0.108067
MDMin:  410 06:35:47    -2397.789718        0.107221
MDMin:  411 06:35:49    -2397.789732        0.106755
MDMin:  412 06:35:50    -2397.789746        0.106584
MDMin:  413 06:35:52    -2397.789760        0.106387
MDMin:  414 06:35:53    -2397.789774        0.106157
MDMin:  415 06:35:55    -2397.789788        0.105887
MDMin:  416 06:35:57    -2397.789802        0.105570
MDMin:  417 06:35:59    -2397.789816        0.105198
MDMin:  418 06:36:01    -2397.789831        0.104764
MDMin:  419 06:36:03    -2397.789846        0.104261
MDMin:  420 06:36:05    -2397.789860        0.103679
MDMin:  421 06:36:07    -2397.789875        0.103013
MDMin:  422 06:36:09    -2397.789891        0.102253
MDMin:  423 06:36:10    -2397.789906        0.101392
MDMin:  424 06:36:11    -2397.789921        0.100425
MDMin:  425 06:36:13    -2397.789937        0.099345
MDMin:  426 06:36:14    -2397.789953        0.098148
MDMin:  427 06:36:15    -2397.789969        0.096829
MDMin:  428 06:36:17    -2397.789986        0.095388
MDMin:  429 06:36:18    -2397.790003        0.093825
MDMin:  430 06:36:20    -2397.790020        0.092142
MDMin:  431 06:36:22    -2397.790037        0.090344
MDMin:  432 06:36:23    -2397.790055        0.088439
MDMin:  433 06:36:24    -2397.790074        0.086438
MDMin:  434 06:36:26    -2397.790093        0.084352
MDMin:  435 06:36:28    -2397.790112        0.082200
MDMin:  436 06:36:29    -2397.790132        0.080000
MDMin:  437 06:36:31    -2397.790153        0.077773
MDMin:  438 06:36:33    -2397.790174        0.075542
MDMin:  439 06:36:35    -2397.790196        0.073333
MDMin:  440 06:36:36    -2397.790218        0.071171
MDMin:  441 06:36:39    -2397.790241        0.069081
MDMin:  442 06:36:41    -2397.790265        0.067089
MDMin:  443 06:36:42    -2397.790289        0.065226
MDMin:  444 06:36:43    -2397.790311        0.098412
MDMin:  445 06:36:45    -2397.790318        0.063183
MDMin:  446 06:36:47    -2397.790321        0.062993
MDMin:  447 06:36:49    -2397.790324        0.062787
MDMin:  448 06:36:51    -2397.790327        0.062575
MDMin:  449 06:36:52    -2397.790331        0.062358
MDMin:  450 06:36:54    -2397.790334        0.062138
MDMin:  451 06:36:56    -2397.790338        0.061914
MDMin:  452 06:36:58    -2397.790342        0.061687
MDMin:  453 06:37:00    -2397.790346        0.061457
MDMin:  454 06:37:02    -2397.790350        0.061225
MDMin:  455 06:37:04    -2397.790354        0.060992
MDMin:  456 06:37:06    -2397.790358        0.060757
MDMin:  457 06:37:08    -2397.790363        0.060521
MDMin:  458 06:37:09    -2397.790367        0.060284
MDMin:  459 06:37:10    -2397.790372        0.060048
MDMin:  460 06:37:12    -2397.790377        0.059812
MDMin:  461 06:37:13    -2397.790382        0.059577
MDMin:  462 06:37:14    -2397.790387        0.059344
MDMin:  463 06:37:16    -2397.790392        0.059112
MDMin:  464 06:37:18    -2397.790397        0.058882
MDMin:  465 06:37:19    -2397.790403        0.058656
MDMin:  466 06:37:22    -2397.790408        0.058432
MDMin:  467 06:37:23    -2397.790414        0.058212
MDMin:  468 06:37:25    -2397.790420        0.057997
MDMin:  469 06:37:26    -2397.790426        0.057786
MDMin:  470 06:37:28    -2397.790432        0.057581
MDMin:  471 06:37:29    -2397.790438        0.057382
MDMin:  472 06:37:30    -2397.790445        0.057190
MDMin:  473 06:37:31    -2397.790451        0.057006
MDMin:  474 06:37:33    -2397.790458        0.056830
MDMin:  475 06:37:35    -2397.790465        0.056662
MDMin:  476 06:37:37    -2397.790471        0.056503
MDMin:  477 06:37:39    -2397.790478        0.056353
MDMin:  478 06:37:40    -2397.790485        0.056214
MDMin:  479 06:37:42    -2397.790493        0.056085
MDMin:  480 06:37:44    -2397.790500        0.055968
MDMin:  481 06:37:46    -2397.790507        0.055862
MDMin:  482 06:37:47    -2397.790515        0.055769
MDMin:  483 06:37:49    -2397.790523        0.055689
MDMin:  484 06:37:51    -2397.790530        0.055622
MDMin:  485 06:37:53    -2397.790538        0.055569
MDMin:  486 06:37:55    -2397.790546        0.055530
MDMin:  487 06:37:57    -2397.790554        0.055507
MDMin:  488 06:37:59    -2397.790562        0.055499
MDMin:  489 06:38:01    -2397.790570        0.055508
MDMin:  490 06:38:03    -2397.790579        0.055533
MDMin:  491 06:38:04    -2397.790587        0.055576
MDMin:  492 06:38:05    -2397.790596        0.055637
MDMin:  493 06:38:07    -2397.790604        0.055716
MDMin:  494 06:38:09    -2397.790613        0.055814
MDMin:  495 06:38:10    -2397.790621        0.055931
MDMin:  496 06:38:12    -2397.790630        0.056069
MDMin:  497 06:38:14    -2397.790639        0.056228
MDMin:  498 06:38:16    -2397.790647        0.056408
MDMin:  499 06:38:17    -2397.790656        0.056610
MDMin:  500 06:38:19    -2397.790665        0.056834
MDMin:  501 06:38:20    -2397.790674        0.057082
MDMin:  502 06:38:22    -2397.790683        0.057353
MDMin:  503 06:38:23    -2397.790692        0.057648
MDMin:  504 06:38:25    -2397.790701        0.057968
MDMin:  505 06:38:27    -2397.790710        0.058314
MDMin:  506 06:38:29    -2397.790719        0.058685
MDMin:  507 06:38:31    -2397.790727        0.059082
MDMin:  508 06:38:32    -2397.790736        0.059507
MDMin:  509 06:38:33    -2397.790745        0.059959
MDMin:  510 06:38:35    -2397.790754        0.060439
MDMin:  511 06:38:37    -2397.790763        0.060947
MDMin:  512 06:38:39    -2397.790772        0.061484
MDMin:  513 06:38:40    -2397.790780        0.062050
MDMin:  514 06:38:42    -2397.790789        0.062645
MDMin:  515 06:38:43    -2397.790798        0.063270
MDMin:  516 06:38:44    -2397.790806        0.063926
MDMin:  517 06:38:45    -2397.790815        0.064611
MDMin:  518 06:38:46    -2397.790823        0.065327
MDMin:  519 06:38:48    -2397.790831        0.066073
MDMin:  520 06:38:49    -2397.790840        0.066849
MDMin:  521 06:38:50    -2397.790848        0.067655
MDMin:  522 06:38:51    -2397.790856        0.068491
MDMin:  523 06:38:52    -2397.790864        0.069356
MDMin:  524 06:38:54    -2397.790872        0.070250
MDMin:  525 06:38:55    -2397.790880        0.071173
MDMin:  526 06:38:56    -2397.790887        0.072122
MDMin:  527 06:38:58    -2397.790895        0.073098
MDMin:  528 06:39:00    -2397.790902        0.074100
MDMin:  529 06:39:01    -2397.790909        0.075126
MDMin:  530 06:39:02    -2397.790917        0.076175
MDMin:  531 06:39:04    -2397.790924        0.077244
MDMin:  532 06:39:05    -2397.790931        0.078332
MDMin:  533 06:39:07    -2397.790938        0.079436
MDMin:  534 06:39:09    -2397.790944        0.080554
MDMin:  535 06:39:10    -2397.790951        0.081681
MDMin:  536 06:39:13    -2397.790957        0.082815
MDMin:  537 06:39:15    -2397.790964        0.083951
MDMin:  538 06:39:16    -2397.790970        0.085087
MDMin:  539 06:39:17    -2397.790976        0.086219
MDMin:  540 06:39:19    -2397.790982        0.087342
MDMin:  541 06:39:21    -2397.790988        0.088449
MDMin:  542 06:39:23    -2397.790994        0.089535
MDMin:  543 06:39:24    -2397.790999        0.090591
MDMin:  544 06:39:26    -2397.791005        0.091610
MDMin:  545 06:39:28    -2397.791010        0.092584
MDMin:  546 06:39:30    -2397.791016        0.093503
MDMin:  547 06:39:32    -2397.791021        0.094358
MDMin:  548 06:39:34    -2397.791026        0.095138
MDMin:  549 06:39:36    -2397.791031        0.095833
MDMin:  550 06:39:38    -2397.791036        0.096432
MDMin:  551 06:39:40    -2397.791041        0.096922
MDMin:  552 06:39:42    -2397.791045        0.097293
MDMin:  553 06:39:43    -2397.791050        0.097532
MDMin:  554 06:39:45    -2397.791054        0.097626
MDMin:  555 06:39:47    -2397.791059        0.097565
MDMin:  556 06:39:49    -2397.791063        0.097336
MDMin:  557 06:39:51    -2397.791067        0.096930
MDMin:  558 06:39:53    -2397.791072        0.096338
MDMin:  559 06:39:55    -2397.791076        0.095554
MDMin:  560 06:39:57    -2397.791080        0.094569
MDMin:  561 06:39:58    -2397.791084        0.093378
MDMin:  562 06:40:00    -2397.791088        0.091975
MDMin:  563 06:40:02    -2397.791092        0.090359
MDMin:  564 06:40:03    -2397.791096        0.088532
MDMin:  565 06:40:05    -2397.791100        0.086496
MDMin:  566 06:40:07    -2397.791104        0.084261
MDMin:  567 06:40:09    -2397.791107        0.081838
MDMin:  568 06:40:11    -2397.791111        0.080831
MDMin:  569 06:40:13    -2397.791115        0.081315
MDMin:  570 06:40:15    -2397.791119        0.081449
MDMin:  571 06:40:17    -2397.791122        0.081201
MDMin:  572 06:40:18    -2397.791126        0.080545
MDMin:  573 06:40:19    -2397.791130        0.079462
MDMin:  574 06:40:20    -2397.791134        0.077947
MDMin:  575 06:40:22    -2397.791137        0.076034
MDMin:  576 06:40:24    -2397.791141        0.073848
MDMin:  577 06:40:26    -2397.791143        0.071679
MDMin:  578 06:40:28    -2397.791146        0.069807
MDMin:  579 06:40:30    -2397.791148        0.068118
MDMin:  580 06:40:32    -2397.791149        0.066413
MDMin:  581 06:40:34    -2397.791151        0.064628
MDMin:  582 06:40:35    -2397.791153        0.062751
MDMin:  583 06:40:36    -2397.791155        0.060820
MDMin:  584 06:40:37    -2397.791157        0.059683
MDMin:  585 06:40:39    -2397.791159        0.058496
MDMin:  586 06:40:41    -2397.791161        0.057259
MDMin:  587 06:40:43    -2397.791163        0.055972
MDMin:  588 06:40:45    -2397.791166        0.054637
MDMin:  589 06:40:47    -2397.791168        0.053254
MDMin:  590 06:40:48    -2397.791170        0.051827
MDMin:  591 06:40:49    -2397.791172        0.050356
MDMin:  592 06:40:51    -2397.791175        0.048847
       Step     Time          Energy          fmax
MDMin:    0 07:21:48    -2397.788022        0.195893
MDMin:    1 07:21:50    -2397.788011        0.195669
MDMin:    2 07:21:52    -2397.787980        0.195000
MDMin:    3 07:21:54    -2397.787928        0.193894
MDMin:    4 07:21:55    -2397.787856        0.192363
MDMin:    5 07:21:57    -2397.787765        0.190427
MDMin:    6 07:21:58    -2397.787655        0.188109
MDMin:    7 07:22:00    -2397.787527        0.185435
MDMin:    8 07:22:01    -2397.787383        0.182432
MDMin:    9 07:22:03    -2397.787223        0.179131
MDMin:   10 07:22:04    -2397.787050        0.175559
MDMin:   11 07:22:06    -2397.786864        0.171744
MDMin:   12 07:22:08    -2397.786668        0.167713
MDMin:   13 07:22:10    -2397.786463        0.163491
MDMin:   14 07:22:11    -2397.786250        0.159102
MDMin:   15 07:22:13    -2397.786032        0.154568
MDMin:   16 07:22:15    -2397.785811        0.149912
MDMin:   17 07:22:16    -2397.785587        0.145608
MDMin:   18 07:22:19    -2397.785363        0.145141
MDMin:   19 07:22:20    -2397.785140        0.144649
MDMin:   20 07:22:21    -2397.784920        0.144135
MDMin:   21 07:22:23    -2397.784704        0.143598
MDMin:   22 07:22:24    -2397.784493        0.143039
MDMin:   23 07:22:26    -2397.784289        0.142459
MDMin:   24 07:22:28    -2397.784092        0.141860
MDMin:   25 07:22:30    -2397.783903        0.141242
MDMin:   26 07:22:31    -2397.783722        0.140607
MDMin:   27 07:22:32    -2397.783552        0.139956
MDMin:   28 07:22:34    -2397.783390        0.139289
MDMin:   29 07:22:36    -2397.783239        0.138609
MDMin:   30 07:22:38    -2397.783098        0.137917
MDMin:   31 07:22:39    -2397.782967        0.137215
MDMin:   32 07:22:40    -2397.782847        0.136504
MDMin:   33 07:22:42    -2397.782736        0.135785
MDMin:   34 07:22:43    -2397.782635        0.135061
MDMin:   35 07:22:44    -2397.782544        0.134332
MDMin:   36 07:22:46    -2397.782462        0.133602
MDMin:   37 07:22:47    -2397.782389        0.132872
MDMin:   38 07:22:49    -2397.782324        0.132144
MDMin:   39 07:22:52    -2397.782268        0.131421
MDMin:   40 07:22:54    -2397.782219        0.130705
MDMin:   41 07:22:55    -2397.782178        0.130215
MDMin:   42 07:22:57    -2397.782144        0.129718
MDMin:   43 07:22:59    -2397.782117        0.129205
MDMin:   44 07:23:01    -2397.782095        0.128677
MDMin:   45 07:23:03    -2397.782079        0.128135
MDMin:   46 07:23:05    -2397.782069        0.127579
MDMin:   47 07:23:06    -2397.782064        0.127009
MDMin:   48 07:23:08    -2397.782063        0.126427
MDMin:   49 07:23:10    -2397.782067        0.125833
MDMin:   50 07:23:11    -2397.782075        0.125229
MDMin:   51 07:23:13    -2397.782087        0.124616
MDMin:   52 07:23:14    -2397.782102        0.123994
MDMin:   53 07:23:16    -2397.782120        0.123366
MDMin:   54 07:23:18    -2397.782141        0.122733
MDMin:   55 07:23:20    -2397.782165        0.122358
MDMin:   56 07:23:22    -2397.782192        0.122081
MDMin:   57 07:23:24    -2397.782220        0.121855
MDMin:   58 07:23:26    -2397.782251        0.121683
MDMin:   59 07:23:28    -2397.782284        0.121569
MDMin:   60 07:23:29    -2397.782319        0.121514
MDMin:   61 07:23:30    -2397.782355        0.121523
MDMin:   62 07:23:32    -2397.782393        0.121597
MDMin:   63 07:23:33    -2397.782432        0.121741
MDMin:   64 07:23:35    -2397.782472        0.121956
MDMin:   65 07:23:37    -2397.782513        0.122246
MDMin:   66 07:23:39    -2397.782556        0.122615
MDMin:   67 07:23:40    -2397.782599        0.123064
MDMin:   68 07:23:41    -2397.782643        0.123597
MDMin:   69 07:23:43    -2397.782688        0.124217
MDMin:   70 07:23:45    -2397.782734        0.124927
MDMin:   71 07:23:46    -2397.782780        0.125729
MDMin:   72 07:23:48    -2397.782826        0.126627
MDMin:   73 07:23:50    -2397.782873        0.127623
MDMin:   74 07:23:52    -2397.782921        0.128718
MDMin:   75 07:23:53    -2397.782969        0.129916
MDMin:   76 07:23:55    -2397.783017        0.131217
MDMin:   77 07:23:57    -2397.783065        0.132623
MDMin:   78 07:23:59    -2397.783113        0.134134
MDMin:   79 07:24:01    -2397.783162        0.135749
MDMin:   80 07:24:03    -2397.783210        0.137468
MDMin:   81 07:24:04    -2397.783259        0.139288
MDMin:   82 07:24:07    -2397.783308        0.141205
MDMin:   83 07:24:09    -2397.783356        0.143214
MDMin:   84 07:24:10    -2397.783405        0.145308
MDMin:   85 07:24:13    -2397.783453        0.147479
MDMin:   86 07:24:15    -2397.783501        0.149714
MDMin:   87 07:24:16    -2397.783549        0.152000
MDMin:   88 07:24:17    -2397.783597        0.154320
MDMin:   89 07:24:19    -2397.783645        0.156653
MDMin:   90 07:24:20    -2397.783692        0.158977
MDMin:   91 07:24:22    -2397.783739        0.161264
MDMin:   92 07:24:24    -2397.783785        0.163483
MDMin:   93 07:24:25    -2397.783832        0.165602
MDMin:   94 07:24:27    -2397.783878        0.167582
MDMin:   95 07:24:29    -2397.783923        0.169384
MDMin:   96 07:24:31    -2397.783969        0.170964
MDMin:   97 07:24:32    -2397.784013        0.172280
MDMin:   98 07:24:35    -2397.784058        0.173287
MDMin:   99 07:24:37    -2397.784102        0.173940
MDMin:  100 07:24:39    -2397.784145        0.174199
MDMin:  101 07:24:41    -2397.784189        0.174024
MDMin:  102 07:24:42    -2397.784232        0.173384
MDMin:  103 07:24:44    -2397.784274        0.172251
MDMin:  104 07:24:45    -2397.784316        0.170606
MDMin:  105 07:24:46    -2397.784358        0.168443
MDMin:  106 07:24:48    -2397.784400        0.165761
MDMin:  107 07:24:49    -2397.784441        0.162576
MDMin:  108 07:24:50    -2397.784482        0.158912
MDMin:  109 07:24:52    -2397.784523        0.154806
MDMin:  110 07:24:54    -2397.784564        0.150305
MDMin:  111 07:24:56    -2397.784604        0.145467
MDMin:  112 07:24:58    -2397.784644        0.140356
MDMin:  113 07:24:59    -2397.784685        0.135044
MDMin:  114 07:25:01    -2397.784725        0.129603
MDMin:  115 07:25:03    -2397.784765        0.127711
MDMin:  116 07:25:05    -2397.784806        0.127392
MDMin:  117 07:25:07    -2397.784846        0.128666
MDMin:  118 07:25:08    -2397.784885        0.129867
MDMin:  119 07:25:10    -2397.784923        0.130941
MDMin:  120 07:25:11    -2397.784955        0.131799
MDMin:  121 07:25:13    -2397.784980        0.132405
MDMin:  122 07:25:15    -2397.785000        0.132872
MDMin:  123 07:25:16    -2397.785020        0.133292
MDMin:  124 07:25:18    -2397.785040        0.133686
MDMin:  125 07:25:19    -2397.785060        0.134055
MDMin:  126 07:25:21    -2397.785081        0.134396
MDMin:  127 07:25:24    -2397.785102        0.134706
MDMin:  128 07:25:25    -2397.785123        0.134980
MDMin:  129 07:25:27    -2397.785145        0.135216
MDMin:  130 07:25:28    -2397.785167        0.135408
MDMin:  131 07:25:30    -2397.785189        0.135553
MDMin:  132 07:25:32    -2397.785212        0.135648
MDMin:  133 07:25:34    -2397.785235        0.135687
MDMin:  134 07:25:36    -2397.785259        0.135666
MDMin:  135 07:25:38    -2397.785283        0.135582
MDMin:  136 07:25:40    -2397.785307        0.135431
MDMin:  137 07:25:42    -2397.785332        0.135209
MDMin:  138 07:25:44    -2397.785357        0.134912
MDMin:  139 07:25:46    -2397.785383        0.134538
MDMin:  140 07:25:48    -2397.785409        0.134083
MDMin:  141 07:25:50    -2397.785436        0.133546
MDMin:  142 07:25:51    -2397.785463        0.132925
MDMin:  143 07:25:53    -2397.785490        0.132217
MDMin:  144 07:25:54    -2397.785518        0.131424
MDMin:  145 07:25:57    -2397.785546        0.130544
MDMin:  146 07:25:59    -2397.785575        0.129579
MDMin:  147 07:26:01    -2397.785605        0.128531
MDMin:  148 07:26:02    -2397.785635        0.127402
MDMin:  149 07:26:04    -2397.785665        0.126196
MDMin:  150 07:26:06    -2397.785696        0.124917
MDMin:  151 07:26:08    -2397.785728        0.123570
MDMin:  152 07:26:10    -2397.785760        0.122162
MDMin:  153 07:26:11    -2397.785793        0.120700
MDMin:  154 07:26:13    -2397.785826        0.119192
MDMin:  155 07:26:15    -2397.785860        0.117648
MDMin:  156 07:26:17    -2397.785895        0.116076
MDMin:  157 07:26:19    -2397.785930        0.114488
MDMin:  158 07:26:20    -2397.785966        0.112897
MDMin:  159 07:26:22    -2397.786002        0.111326
MDMin:  160 07:26:24    -2397.786037        0.109839
MDMin:  161 07:26:26    -2397.786065        0.108636
MDMin:  162 07:26:28    -2397.786082        0.107930
MDMin:  163 07:26:29    -2397.786096        0.107384
MDMin:  164 07:26:31    -2397.786109        0.106843
MDMin:  165 07:26:33    -2397.786123        0.106299
MDMin:  166 07:26:35    -2397.786137        0.105754
MDMin:  167 07:26:37    -2397.786151        0.105207
MDMin:  168 07:26:39    -2397.786166        0.104661
MDMin:  169 07:26:40    -2397.786181        0.104115
MDMin:  170 07:26:41    -2397.786196        0.103571
MDMin:  171 07:26:43    -2397.786212        0.103030
MDMin:  172 07:26:45    -2397.786228        0.102493
MDMin:  173 07:26:47    -2397.786244        0.101960
MDMin:  174 07:26:49    -2397.786261        0.101433
MDMin:  175 07:26:51    -2397.786278        0.100914
MDMin:  176 07:26:52    -2397.786295        0.100402
MDMin:  177 07:26:54    -2397.786313        0.099900
MDMin:  178 07:26:56    -2397.786331        0.099408
MDMin:  179 07:26:58    -2397.786350        0.098928
MDMin:  180 07:27:00    -2397.786368        0.098460
MDMin:  181 07:27:02    -2397.786387        0.098006
MDMin:  182 07:27:04    -2397.786407        0.097567
MDMin:  183 07:27:06    -2397.786426        0.097144
MDMin:  184 07:27:07    -2397.786446        0.096738
MDMin:  185 07:27:09    -2397.786466        0.096350
MDMin:  186 07:27:10    -2397.786487        0.095982
MDMin:  187 07:27:11    -2397.786508        0.095633
MDMin:  188 07:27:13    -2397.786529        0.095307
MDMin:  189 07:27:14    -2397.786551        0.095002
MDMin:  190 07:27:15    -2397.786572        0.094721
MDMin:  191 07:27:17    -2397.786594        0.094464
MDMin:  192 07:27:19    -2397.786617        0.094232
MDMin:  193 07:27:21    -2397.786639        0.094026
MDMin:  194 07:27:23    -2397.786662        0.093847
MDMin:  195 07:27:25    -2397.786685        0.093695
MDMin:  196 07:27:27    -2397.786709        0.093570
MDMin:  197 07:27:29    -2397.786733        0.093478
MDMin:  198 07:27:31    -2397.786756        0.093421
MDMin:  199 07:27:32    -2397.786780        0.093401
MDMin:  200 07:27:34    -2397.786805        0.093417
MDMin:  201 07:27:36    -2397.786829        0.093471
MDMin:  202 07:27:37    -2397.786854        0.093563
MDMin:  203 07:27:39    -2397.786879        0.093694
MDMin:  204 07:27:41    -2397.786904        0.093864
MDMin:  205 07:27:43    -2397.786929        0.094073
MDMin:  206 07:27:45    -2397.786954        0.094321
MDMin:  207 07:27:47    -2397.786980        0.094609
MDMin:  208 07:27:49    -2397.787005        0.094935
MDMin:  209 07:27:50    -2397.787031        0.095299
MDMin:  210 07:27:52    -2397.787056        0.095701
MDMin:  211 07:27:53    -2397.787082        0.096139
MDMin:  212 07:27:55    -2397.787108        0.096611
MDMin:  213 07:27:57    -2397.787133        0.097116
MDMin:  214 07:27:58    -2397.787159        0.097653
MDMin:  215 07:28:00    -2397.787185        0.098217
MDMin:  216 07:28:01    -2397.787210        0.098807
MDMin:  217 07:28:03    -2397.787236        0.099419
MDMin:  218 07:28:05    -2397.787261        0.100051
MDMin:  219 07:28:07    -2397.787287        0.100698
MDMin:  220 07:28:08    -2397.787312        0.101356
MDMin:  221 07:28:10    -2397.787337        0.102020
MDMin:  222 07:28:12    -2397.787362        0.102683
MDMin:  223 07:28:13    -2397.787387        0.103339
MDMin:  224 07:28:15    -2397.787412        0.103979
MDMin:  225 07:28:17    -2397.787436        0.104596
MDMin:  226 07:28:19    -2397.787460        0.105174
MDMin:  227 07:28:21    -2397.787483        0.105695
MDMin:  228 07:28:22    -2397.787503        0.106509
MDMin:  229 07:28:24    -2397.787520        0.108629
MDMin:  230 07:28:25    -2397.787534        0.110447
MDMin:  231 07:28:26    -2397.787547        0.112179
MDMin:  232 07:28:28    -2397.787559        0.113949
MDMin:  233 07:28:29    -2397.787572        0.115791
MDMin:  234 07:28:31    -2397.787584        0.117715
MDMin:  235 07:28:33    -2397.787597        0.119727
MDMin:  236 07:28:35    -2397.787609        0.121830
MDMin:  237 07:28:36    -2397.787622        0.124027
MDMin:  238 07:28:37    -2397.787635        0.126324
MDMin:  239 07:28:39    -2397.787648        0.128725
MDMin:  240 07:28:41    -2397.787661        0.131232
MDMin:  241 07:28:43    -2397.787674        0.133852
MDMin:  242 07:28:44    -2397.787687        0.136588
MDMin:  243 07:28:46    -2397.787700        0.139445
MDMin:  244 07:28:48    -2397.787713        0.142428
MDMin:  245 07:28:50    -2397.787726        0.145541
MDMin:  246 07:28:52    -2397.787740        0.148790
MDMin:  247 07:28:54    -2397.787753        0.152179
MDMin:  248 07:28:56    -2397.787766        0.155713
MDMin:  249 07:28:57    -2397.787779        0.159397
MDMin:  250 07:28:59    -2397.787793        0.163235
MDMin:  251 07:29:00    -2397.787806        0.167233
MDMin:  252 07:29:01    -2397.787819        0.171394
MDMin:  253 07:29:02    -2397.787832        0.175722
MDMin:  254 07:29:04    -2397.787846        0.180220
MDMin:  255 07:29:06    -2397.787859        0.184892
MDMin:  256 07:29:08    -2397.787872        0.189739
MDMin:  257 07:29:09    -2397.787885        0.194762
MDMin:  258 07:29:10    -2397.787898        0.199962
MDMin:  259 07:29:12    -2397.787911        0.205338
MDMin:  260 07:29:14    -2397.787924        0.210887
MDMin:  261 07:29:16    -2397.787938        0.216605
MDMin:  262 07:29:18    -2397.787950        0.222485
MDMin:  263 07:29:19    -2397.787963        0.228521
MDMin:  264 07:29:21    -2397.787976        0.234700
MDMin:  265 07:29:23    -2397.787989        0.241010
MDMin:  266 07:29:25    -2397.788002        0.247436
MDMin:  267 07:29:27    -2397.788014        0.253957
MDMin:  268 07:29:29    -2397.788027        0.260553
MDMin:  269 07:29:31    -2397.788040        0.267196
MDMin:  270 07:29:33    -2397.788052        0.273858
MDMin:  271 07:29:34    -2397.788064        0.280505
MDMin:  272 07:29:36    -2397.788077        0.287103
MDMin:  273 07:29:38    -2397.788089        0.293609
MDMin:  274 07:29:40    -2397.788101        0.299982
MDMin:  275 07:29:42    -2397.788113        0.306175
MDMin:  276 07:29:44    -2397.788125        0.312138
MDMin:  277 07:29:46    -2397.788137        0.317820
MDMin:  278 07:29:47    -2397.788148        0.323168
MDMin:  279 07:29:48    -2397.788160        0.328129
MDMin:  280 07:29:50    -2397.788172        0.332647
MDMin:  281 07:29:51    -2397.788183        0.336670
MDMin:  282 07:29:53    -2397.788195        0.340147
MDMin:  283 07:29:55    -2397.788206        0.343027
MDMin:  284 07:29:56    -2397.788218        0.345267
MDMin:  285 07:29:58    -2397.788229        0.346826
MDMin:  286 07:29:59    -2397.788241        0.347671
MDMin:  287 07:30:00    -2397.788252        0.347774
MDMin:  288 07:30:01    -2397.788264        0.347115
MDMin:  289 07:30:02    -2397.788275        0.345682
MDMin:  290 07:30:04    -2397.788287        0.343471
MDMin:  291 07:30:05    -2397.788298        0.340485
MDMin:  292 07:30:07    -2397.788310        0.336734
MDMin:  293 07:30:08    -2397.788321        0.332236
MDMin:  294 07:30:09    -2397.788333        0.331213
MDMin:  295 07:30:10    -2397.788345        0.336546
MDMin:  296 07:30:12    -2397.788357        0.340695
MDMin:  297 07:30:14    -2397.788369        0.343573
MDMin:  298 07:30:16    -2397.788382        0.345105
MDMin:  299 07:30:18    -2397.788394        0.345241
MDMin:  300 07:30:20    -2397.788407        0.343952
MDMin:  301 07:30:22    -2397.788420        0.341236
MDMin:  302 07:30:24    -2397.788433        0.337120
MDMin:  303 07:30:26    -2397.788447        0.331659
MDMin:  304 07:30:28    -2397.788461        0.324937
MDMin:  305 07:30:30    -2397.788475        0.317063
MDMin:  306 07:30:31    -2397.788490        0.308170
MDMin:  307 07:30:32    -2397.788505        0.298408
MDMin:  308 07:30:34    -2397.788521        0.287938
MDMin:  309 07:30:36    -2397.788537        0.276924
MDMin:  310 07:30:38    -2397.788554        0.265525
MDMin:  311 07:30:40    -2397.788572        0.253885
MDMin:  312 07:30:41    -2397.788590        0.242131
MDMin:  313 07:30:43    -2397.788608        0.230362
MDMin:  314 07:30:45    -2397.788628        0.218650
MDMin:  315 07:30:47    -2397.788648        0.207043
MDMin:  316 07:30:49    -2397.788669        0.195564
MDMin:  317 07:30:51    -2397.788691        0.184225
MDMin:  318 07:30:52    -2397.788713        0.173029
MDMin:  319 07:30:53    -2397.788737        0.165514
MDMin:  320 07:30:55    -2397.788761        0.161229
MDMin:  321 07:30:56    -2397.788786        0.157213
MDMin:  322 07:30:58    -2397.788812        0.153490
MDMin:  323 07:30:59    -2397.788838        0.150056
MDMin:  324 07:31:01    -2397.788866        0.146889
MDMin:  325 07:31:03    -2397.788894        0.143942
MDMin:  326 07:31:06    -2397.788923        0.141154
MDMin:  327 07:31:08    -2397.788953        0.138454
MDMin:  328 07:31:10    -2397.788984        0.135761
MDMin:  329 07:31:11    -2397.789015        0.132999
MDMin:  330 07:31:13    -2397.789047        0.130095
MDMin:  331 07:31:15    -2397.789079        0.126999
MDMin:  332 07:31:17    -2397.789111        0.143471
MDMin:  333 07:31:18    -2397.789129        0.227249
MDMin:  334 07:31:20    -2397.789129        0.210955
MDMin:  335 07:31:22    -2397.789130        0.189928
MDMin:  336 07:31:23    -2397.789131        0.165327
MDMin:  337 07:31:25    -2397.789132        0.138654
MDMin:  338 07:31:27    -2397.789133        0.121536
MDMin:  339 07:31:29    -2397.789135        0.121364
MDMin:  340 07:31:31    -2397.789136        0.121165
MDMin:  341 07:31:33    -2397.789138        0.120940
MDMin:  342 07:31:35    -2397.789141        0.120692
MDMin:  343 07:31:37    -2397.789143        0.120421
MDMin:  344 07:31:40    -2397.789146        0.120130
MDMin:  345 07:31:42    -2397.789149        0.119820
MDMin:  346 07:31:44    -2397.789152        0.119583
MDMin:  347 07:31:46    -2397.789155        0.119472
MDMin:  348 07:31:48    -2397.789158        0.119354
MDMin:  349 07:31:49    -2397.789162        0.119231
MDMin:  350 07:31:51    -2397.789166        0.119103
MDMin:  351 07:31:52    -2397.789170        0.118968
MDMin:  352 07:31:54    -2397.789174        0.118828
MDMin:  353 07:31:56    -2397.789178        0.118683
MDMin:  354 07:31:58    -2397.789182        0.118532
MDMin:  355 07:32:00    -2397.789187        0.118375
MDMin:  356 07:32:02    -2397.789192        0.118213
MDMin:  357 07:32:04    -2397.789197        0.118046
MDMin:  358 07:32:06    -2397.789202        0.117873
MDMin:  359 07:32:08    -2397.789207        0.117695
MDMin:  360 07:32:10    -2397.789212        0.117512
MDMin:  361 07:32:12    -2397.789218        0.117324
MDMin:  362 07:32:14    -2397.789224        0.117130
MDMin:  363 07:32:16    -2397.789230        0.116931
MDMin:  364 07:32:17    -2397.789236        0.116728
MDMin:  365 07:32:19    -2397.789243        0.116519
MDMin:  366 07:32:21    -2397.789249        0.116305
MDMin:  367 07:32:23    -2397.789256        0.116087
MDMin:  368 07:32:25    -2397.789263        0.115864
MDMin:  369 07:32:27    -2397.789270        0.115636
MDMin:  370 07:32:28    -2397.789277        0.115404
MDMin:  371 07:32:30    -2397.789285        0.115168
MDMin:  372 07:32:32    -2397.789292        0.114927
MDMin:  373 07:32:34    -2397.789300        0.114682
MDMin:  374 07:32:35    -2397.789308        0.114434
MDMin:  375 07:32:36    -2397.789316        0.114182
MDMin:  376 07:32:37    -2397.789325        0.113927
MDMin:  377 07:32:38    -2397.789333        0.113669
MDMin:  378 07:32:40    -2397.789342        0.113409
MDMin:  379 07:32:42    -2397.789351        0.113146
MDMin:  380 07:32:44    -2397.789360        0.112882
MDMin:  381 07:32:46    -2397.789370        0.112616
MDMin:  382 07:32:48    -2397.789379        0.112350
MDMin:  383 07:32:50    -2397.789389        0.112083
MDMin:  384 07:32:52    -2397.789399        0.111817
MDMin:  385 07:32:54    -2397.789409        0.111552
MDMin:  386 07:32:56    -2397.789419        0.111289
MDMin:  387 07:32:57    -2397.789430        0.111029
MDMin:  388 07:32:58    -2397.789440        0.110772
MDMin:  389 07:33:00    -2397.789451        0.110519
MDMin:  390 07:33:01    -2397.789462        0.110271
MDMin:  391 07:33:02    -2397.789473        0.110029
MDMin:  392 07:33:03    -2397.789485        0.109794
MDMin:  393 07:33:04    -2397.789496        0.109566
MDMin:  394 07:33:06    -2397.789508        0.109346
MDMin:  395 07:33:07    -2397.789519        0.109136
MDMin:  396 07:33:08    -2397.789531        0.108934
MDMin:  397 07:33:10    -2397.789543        0.109156
MDMin:  398 07:33:11    -2397.789556        0.109446
MDMin:  399 07:33:13    -2397.789568        0.109702
MDMin:  400 07:33:15    -2397.789581        0.109916
MDMin:  401 07:33:17    -2397.789593        0.110081
MDMin:  402 07:33:19    -2397.789606        0.110188
MDMin:  403 07:33:21    -2397.789619        0.110226
MDMin:  404 07:33:23    -2397.789632        0.110186
MDMin:  405 07:33:25    -2397.789645        0.110056
MDMin:  406 07:33:27    -2397.789658        0.109824
MDMin:  407 07:33:29    -2397.789672        0.109476
MDMin:  408 07:33:31    -2397.789685        0.108998
MDMin:  409 07:33:33    -2397.789699        0.108378
MDMin:  410 07:33:34    -2397.789712        0.107600
MDMin:  411 07:33:36    -2397.789726        0.106822
MDMin:  412 07:33:37    -2397.789740        0.106660
MDMin:  413 07:33:39    -2397.789754        0.106474
MDMin:  414 07:33:41    -2397.789768        0.106257
MDMin:  415 07:33:42    -2397.789782        0.106004
MDMin:  416 07:33:43    -2397.789796        0.105707
MDMin:  417 07:33:45    -2397.789811        0.105357
MDMin:  418 07:33:46    -2397.789825        0.104949
MDMin:  419 07:33:47    -2397.789840        0.104473
MDMin:  420 07:33:48    -2397.789855        0.103922
MDMin:  421 07:33:50    -2397.789869        0.103289
MDMin:  422 07:33:51    -2397.789885        0.102565
MDMin:  423 07:33:53    -2397.789900        0.101743
MDMin:  424 07:33:55    -2397.789915        0.100816
MDMin:  425 07:33:56    -2397.789931        0.099778
MDMin:  426 07:33:58    -2397.789947        0.098624
MDMin:  427 07:34:00    -2397.789963        0.097350
MDMin:  428 07:34:02    -2397.789979        0.095953
MDMin:  429 07:34:04    -2397.789996        0.094433
MDMin:  430 07:34:06    -2397.790013        0.092791
MDMin:  431 07:34:08    -2397.790031        0.091033
MDMin:  432 07:34:09    -2397.790049        0.089163
MDMin:  433 07:34:11    -2397.790067        0.087192
MDMin:  434 07:34:12    -2397.790086        0.085132
MDMin:  435 07:34:13    -2397.790105        0.082999
MDMin:  436 07:34:15    -2397.790125        0.080810
MDMin:  437 07:34:16    -2397.790145        0.078586
MDMin:  438 07:34:18    -2397.790166        0.076350
MDMin:  439 07:34:19    -2397.790188        0.074126
MDMin:  440 07:34:21    -2397.790210        0.071940
MDMin:  441 07:34:22    -2397.790233        0.069818
MDMin:  442 07:34:24    -2397.790256        0.067784
MDMin:  443 07:34:25    -2397.790280        0.065862
MDMin:  444 07:34:27    -2397.790305        0.064089
MDMin:  445 07:34:29    -2397.790326        0.107496
MDMin:  446 07:34:30    -2397.790330        0.062434
MDMin:  447 07:34:32    -2397.790335        0.062116
MDMin:  448 07:34:34    -2397.790340        0.061799
MDMin:  449 07:34:36    -2397.790346        0.061484
MDMin:  450 07:34:37    -2397.790351        0.061170
MDMin:  451 07:34:38    -2397.790357        0.060859
MDMin:  452 07:34:40    -2397.790362        0.060551
MDMin:  453 07:34:41    -2397.790368        0.060247
MDMin:  454 07:34:43    -2397.790374        0.059946
MDMin:  455 07:34:45    -2397.790380        0.059650
MDMin:  456 07:34:46    -2397.790387        0.059359
MDMin:  457 07:34:48    -2397.790393        0.059074
MDMin:  458 07:34:50    -2397.790400        0.058795
MDMin:  459 07:34:52    -2397.790406        0.058522
MDMin:  460 07:34:53    -2397.790413        0.058257
MDMin:  461 07:34:54    -2397.790420        0.058000
MDMin:  462 07:34:56    -2397.790427        0.057751
MDMin:  463 07:34:58    -2397.790434        0.057512
MDMin:  464 07:35:00    -2397.790442        0.057283
MDMin:  465 07:35:02    -2397.790449        0.057066
MDMin:  466 07:35:04    -2397.790457        0.056859
MDMin:  467 07:35:06    -2397.790465        0.056665
MDMin:  468 07:35:08    -2397.790472        0.056484
MDMin:  469 07:35:10    -2397.790480        0.056317
MDMin:  470 07:35:12    -2397.790488        0.056163
MDMin:  471 07:35:14    -2397.790497        0.056024
MDMin:  472 07:35:16    -2397.790505        0.055900
MDMin:  473 07:35:17    -2397.790513        0.055791
MDMin:  474 07:35:19    -2397.790522        0.055700
MDMin:  475 07:35:20    -2397.790531        0.055625
MDMin:  476 07:35:22    -2397.790539        0.055567
MDMin:  477 07:35:23    -2397.790548        0.055528
MDMin:  478 07:35:24    -2397.790557        0.055508
MDMin:  479 07:35:26    -2397.790566        0.055507
MDMin:  480 07:35:28    -2397.790575        0.055527
MDMin:  481 07:35:30    -2397.790584        0.055566
MDMin:  482 07:35:32    -2397.790593        0.055627
MDMin:  483 07:35:34    -2397.790603        0.055710
MDMin:  484 07:35:35    -2397.790612        0.055815
MDMin:  485 07:35:37    -2397.790621        0.055944
MDMin:  486 07:35:38    -2397.790631        0.056095
MDMin:  487 07:35:40    -2397.790640        0.056271
MDMin:  488 07:35:41    -2397.790650        0.056472
MDMin:  489 07:35:43    -2397.790659        0.056699
MDMin:  490 07:35:44    -2397.790669        0.056951
MDMin:  491 07:35:46    -2397.790679        0.057230
MDMin:  492 07:35:48    -2397.790688        0.057537
MDMin:  493 07:35:50    -2397.790698        0.057871
MDMin:  494 07:35:51    -2397.790707        0.058233
MDMin:  495 07:35:53    -2397.790717        0.058625
MDMin:  496 07:35:54    -2397.790726        0.059046
MDMin:  497 07:35:56    -2397.790736        0.059497
MDMin:  498 07:35:57    -2397.790745        0.059979
MDMin:  499 07:35:59    -2397.790755        0.060491
MDMin:  500 07:36:01    -2397.790764        0.061035
MDMin:  501 07:36:03    -2397.790773        0.061611
MDMin:  502 07:36:05    -2397.790783        0.062219
MDMin:  503 07:36:07    -2397.790792        0.062860
MDMin:  504 07:36:08    -2397.790801        0.063534
MDMin:  505 07:36:10    -2397.790810        0.064240
MDMin:  506 07:36:11    -2397.790819        0.064979
MDMin:  507 07:36:13    -2397.790828        0.065751
MDMin:  508 07:36:15    -2397.790836        0.066556
MDMin:  509 07:36:16    -2397.790845        0.067394
MDMin:  510 07:36:18    -2397.790854        0.068264
MDMin:  511 07:36:20    -2397.790862        0.069166
MDMin:  512 07:36:21    -2397.790870        0.070098
MDMin:  513 07:36:23    -2397.790878        0.071061
MDMin:  514 07:36:25    -2397.790886        0.072053
MDMin:  515 07:36:27    -2397.790894        0.073074
MDMin:  516 07:36:29    -2397.790902        0.074122
MDMin:  517 07:36:31    -2397.790910        0.075195
MDMin:  518 07:36:32    -2397.790917        0.076292
MDMin:  519 07:36:34    -2397.790925        0.077411
MDMin:  520 07:36:36    -2397.790932        0.078548
MDMin:  521 07:36:37    -2397.790939        0.079701
MDMin:  522 07:36:39    -2397.790946        0.080867
MDMin:  523 07:36:40    -2397.790953        0.082042
MDMin:  524 07:36:41    -2397.790960        0.083222
MDMin:  525 07:36:42    -2397.790966        0.084403
MDMin:  526 07:36:43    -2397.790973        0.085581
MDMin:  527 07:36:45    -2397.790979        0.086751
MDMin:  528 07:36:46    -2397.790985        0.087907
MDMin:  529 07:36:48    -2397.790991        0.089043
MDMin:  530 07:36:49    -2397.790997        0.090149
MDMin:  531 07:36:50    -2397.791003        0.091218
MDMin:  532 07:36:52    -2397.791008        0.092238
MDMin:  533 07:36:54    -2397.791014        0.093197
MDMin:  534 07:36:55    -2397.791019        0.094080
MDMin:  535 07:36:57    -2397.791024        0.094870
MDMin:  536 07:36:59    -2397.791029        0.095550
MDMin:  537 07:37:00    -2397.791033        0.096111
MDMin:  538 07:37:02    -2397.791037        0.096557
MDMin:  539 07:37:03    -2397.791041        0.096907
MDMin:  540 07:37:05    -2397.791044        0.097176
MDMin:  541 07:37:07    -2397.791047        0.097372
MDMin:  542 07:37:09    -2397.791051        0.097497
MDMin:  543 07:37:10    -2397.791054        0.097545
MDMin:  544 07:37:12    -2397.791057        0.097513
MDMin:  545 07:37:14    -2397.791061        0.097394
MDMin:  546 07:37:15    -2397.791064        0.097182
MDMin:  547 07:37:17    -2397.791067        0.096871
MDMin:  548 07:37:19    -2397.791070        0.096456
MDMin:  549 07:37:20    -2397.791073        0.095933
MDMin:  550 07:37:22    -2397.791076        0.095294
MDMin:  551 07:37:24    -2397.791079        0.094536
MDMin:  552 07:37:26    -2397.791083        0.093654
MDMin:  553 07:37:28    -2397.791086        0.092642
MDMin:  554 07:37:30    -2397.791089        0.091498
MDMin:  555 07:37:32    -2397.791092        0.090219
MDMin:  556 07:37:34    -2397.791095        0.088804
MDMin:  557 07:37:35    -2397.791098        0.087253
MDMin:  558 07:37:37    -2397.791101        0.085565
MDMin:  559 07:37:39    -2397.791104        0.083746
MDMin:  560 07:37:41    -2397.791107        0.081801
MDMin:  561 07:37:43    -2397.791110        0.080214
MDMin:  562 07:37:45    -2397.791113        0.080693
MDMin:  563 07:37:46    -2397.791116        0.080956
MDMin:  564 07:37:48    -2397.791119        0.080983
MDMin:  565 07:37:50    -2397.791122        0.080754
MDMin:  566 07:37:52    -2397.791125        0.080250
MDMin:  567 07:37:54    -2397.791129        0.079457
MDMin:  568 07:37:56    -2397.791132        0.078358
MDMin:  569 07:37:58    -2397.791135        0.076942
MDMin:  570 07:38:00    -2397.791138        0.075203
MDMin:  571 07:38:02    -2397.791141        0.073136
MDMin:  572 07:38:03    -2397.791144        0.070744
MDMin:  573 07:38:04    -2397.791148        0.068034
MDMin:  574 07:38:06    -2397.791151        0.065021
MDMin:  575 07:38:08    -2397.791154        0.061728
MDMin:  576 07:38:10    -2397.791158        0.059376
MDMin:  577 07:38:12    -2397.791161        0.057329
MDMin:  578 07:38:13    -2397.791165        0.055165
MDMin:  579 07:38:15    -2397.791169        0.052899
MDMin:  580 07:38:17    -2397.791172        0.050569
MDMin:  581 07:38:19    -2397.791176        0.048348
