       Step     Time          Energy          fmax
MDMin:    0 02:50:11    -2393.648987        6.942024
MDMin:    1 02:50:13    -2393.650000        7.045718
MDMin:    2 02:50:14    -2393.652935        7.075513
MDMin:    3 02:50:16    -2393.657504        6.158702
MDMin:    4 02:50:18    -2393.663408        5.385808
MDMin:    5 02:50:20    -2393.670206        5.378120
MDMin:    6 02:50:21    -2393.677330        3.280089
MDMin:    7 02:50:23    -2393.685314        3.187712
MDMin:    8 02:50:25    -2393.693129        3.560536
MDMin:    9 02:50:26    -2393.700625        2.369126
MDMin:   10 02:50:28    -2393.709151        1.304510
MDMin:   11 02:50:29    -2393.717525        1.312443
MDMin:   12 02:50:31    -2393.724388        1.497423
MDMin:   13 02:50:33    -2393.731375        1.475912
MDMin:   14 02:50:34    -2393.737977        1.437921
MDMin:   15 02:50:35    -2393.743152        2.639682
MDMin:   16 02:50:37    -2393.744715        1.226863
MDMin:   17 02:50:39    -2393.746771        1.223449
MDMin:   18 02:50:41    -2393.749304        1.209848
MDMin:   19 02:50:42    -2393.752398        1.182958
MDMin:   20 02:50:44    -2393.756176        1.142806
MDMin:   21 02:50:45    -2393.760808        1.093309
MDMin:   22 02:50:46    -2393.766521        1.041595
MDMin:   23 02:50:47    -2393.773626        0.995036
MDMin:   24 02:50:49    -2393.782562        0.958374
MDMin:   25 02:50:51    -2393.793975        0.932760
MDMin:   26 02:50:53    -2393.808805        0.916348
MDMin:   27 02:50:54    -2393.828359        0.905322
MDMin:   28 02:50:56    -2393.854444        0.895330
MDMin:   29 02:50:58    -2393.889591        0.883370
MDMin:   30 02:51:00    -2393.937376        0.923467
MDMin:   31 02:51:01    -2394.002667        1.070006
MDMin:   32 02:51:02    -2394.091164        1.238717
MDMin:   33 02:51:04    -2394.193081        1.552224
MDMin:   34 02:51:06    -2394.263834        1.761798
MDMin:   35 02:51:09    -2394.358395        1.795927
MDMin:   36 02:51:10    -2394.487923        1.566949
MDMin:   37 02:51:13    -2394.656187        1.807842
MDMin:   38 02:51:15    -2394.827932        1.967293
MDMin:   39 02:51:16    -2395.004588        2.017327
MDMin:   40 02:51:17    -2395.122302        1.929481
MDMin:   41 02:51:19    -2395.171647        1.647725
MDMin:   42 02:51:21    -2395.205903        1.173236
MDMin:   43 02:51:23    -2395.231815        0.820512
MDMin:   44 02:51:25    -2395.254287        0.816566
MDMin:   45 02:51:27    -2395.270202        1.170062
MDMin:   46 02:51:29    -2395.276824        0.822886
MDMin:   47 02:51:31    -2395.283585        0.853020
MDMin:   48 02:51:33    -2395.291067        0.889494
MDMin:   49 02:51:35    -2395.299273        0.932014
MDMin:   50 02:51:36    -2395.308209        0.978568
MDMin:   51 02:51:38    -2395.317917        1.024608
MDMin:   52 02:51:40    -2395.328492        1.062826
MDMin:   53 02:51:41    -2395.340114        1.083984
MDMin:   54 02:51:44    -2395.353086        1.077956
MDMin:   55 02:51:46    -2395.367879        1.035048
MDMin:   56 02:51:48    -2395.385198        0.951646
MDMin:   57 02:51:50    -2395.406029        0.839763
MDMin:   58 02:51:52    -2395.431617        0.723858
MDMin:   59 02:51:54    -2395.463180        0.765762
MDMin:   60 02:51:56    -2395.500433        0.865739
MDMin:   61 02:51:58    -2395.537504        0.997847
MDMin:   62 02:51:59    -2395.565507        1.017289
MDMin:   63 02:52:01    -2395.591757        1.069901
MDMin:   64 02:52:03    -2395.622641        1.125767
MDMin:   65 02:52:05    -2395.658035        1.307451
MDMin:   66 02:52:06    -2395.688284        1.366335
MDMin:   67 02:52:07    -2395.724733        1.395070
MDMin:   68 02:52:09    -2395.768755        1.383974
MDMin:   69 02:52:10    -2395.822031        1.340824
MDMin:   70 02:52:12    -2395.886684        1.346899
MDMin:   71 02:52:14    -2395.965319        1.423120
MDMin:   72 02:52:16    -2396.060991        1.535423
MDMin:   73 02:52:18    -2396.177494        1.671063
MDMin:   74 02:52:20    -2396.318880        1.836675
MDMin:   75 02:52:22    -2396.476121        1.681828
MDMin:   76 02:52:23    -2396.496986        1.976373
MDMin:   77 02:52:25    -2396.633884        1.968621
MDMin:   78 02:52:27    -2396.700546        1.724647
MDMin:   79 02:52:29    -2396.788867        1.926012
MDMin:   80 02:52:31    -2396.857653        1.655373
MDMin:   81 02:52:33    -2396.954925        1.805262
MDMin:   82 02:52:35    -2397.042987        1.618940
MDMin:   83 02:52:36    -2397.136372        1.379908
MDMin:   84 02:52:37    -2397.159318        0.974961
MDMin:   85 02:52:39    -2397.179269        1.139242
MDMin:   86 02:52:41    -2397.182867        0.954900
MDMin:   87 02:52:43    -2397.186548        0.904857
MDMin:   88 02:52:45    -2397.190290        1.026841
MDMin:   89 02:52:47    -2397.193721        1.017113
MDMin:   90 02:52:48    -2397.197219        0.873726
MDMin:   91 02:52:50    -2397.200983        0.696858
MDMin:   92 02:52:51    -2397.204883        0.739991
MDMin:   93 02:52:52    -2397.208868        0.612987
MDMin:   94 02:52:54    -2397.212586        1.026656
MDMin:   95 02:52:55    -2397.214236        0.647502
MDMin:   96 02:52:57    -2397.215036        0.589889
MDMin:   97 02:52:59    -2397.216070        0.589346
MDMin:   98 02:53:01    -2397.217286        0.589311
MDMin:   99 02:53:03    -2397.218679        0.590130
MDMin:  100 02:53:04    -2397.220248        0.592239
MDMin:  101 02:53:06    -2397.221986        0.596181
MDMin:  102 02:53:08    -2397.223887        0.602623
MDMin:  103 02:53:10    -2397.225940        0.612383
MDMin:  104 02:53:12    -2397.228135        0.626442
MDMin:  105 02:53:14    -2397.230456        0.646071
MDMin:  106 02:53:15    -2397.232884        0.672855
MDMin:  107 02:53:17    -2397.235396        0.708260
MDMin:  108 02:53:18    -2397.237963        0.753339
MDMin:  109 02:53:20    -2397.240553        0.807816
MDMin:  110 02:53:22    -2397.243133        0.868529
MDMin:  111 02:53:23    -2397.245674        0.927796
MDMin:  112 02:53:25    -2397.248151        0.973624
MDMin:  113 02:53:26    -2397.250553        0.993903
MDMin:  114 02:53:28    -2397.252870        1.093968
MDMin:  115 02:53:30    -2397.255096        1.253934
MDMin:  116 02:53:32    -2397.257217        1.400827
MDMin:  117 02:53:33    -2397.259186        1.456744
MDMin:  118 02:53:34    -2397.260334        1.389790
MDMin:  119 02:53:36    -2397.260827        1.310338
MDMin:  120 02:53:37    -2397.261178        1.237835
MDMin:  121 02:53:39    -2397.261561        1.146783
MDMin:  122 02:53:41    -2397.261974        1.039552
MDMin:  123 02:53:43    -2397.262405        0.923412
MDMin:  124 02:53:45    -2397.262839        0.807843
MDMin:  125 02:53:46    -2397.263256        0.701311
MDMin:  126 02:53:48    -2397.263635        0.608508
MDMin:  127 02:53:50    -2397.263953        0.530102
MDMin:  128 02:53:51    -2397.264192        0.465322
MDMin:  129 02:53:52    -2397.264326        0.628893
MDMin:  130 02:53:54    -2397.264357        0.399372
MDMin:  131 02:53:56    -2397.264366        0.390307
MDMin:  132 02:53:58    -2397.264374        0.379721
MDMin:  133 02:54:00    -2397.264379        0.368034
MDMin:  134 02:54:02    -2397.264378        0.355490
MDMin:  135 02:54:04    -2397.264371        0.342336
MDMin:  136 02:54:05    -2397.264357        0.328817
MDMin:  137 02:54:07    -2397.264334        0.315165
MDMin:  138 02:54:09    -2397.264304        0.301588
MDMin:  139 02:54:11    -2397.264268        0.288271
MDMin:  140 02:54:13    -2397.264226        0.290902
MDMin:  141 02:54:15    -2397.264183        0.296691
MDMin:  142 02:54:17    -2397.264141        0.302433
MDMin:  143 02:54:19    -2397.264106        0.308008
MDMin:  144 02:54:20    -2397.264081        0.313271
MDMin:  145 02:54:22    -2397.264074        0.318051
MDMin:  146 02:54:23    -2397.264089        0.322128
MDMin:  147 02:54:25    -2397.264129        0.401586
MDMin:  148 02:54:26    -2397.264164        0.540542
MDMin:  149 02:54:28    -2397.264174        0.326827
MDMin:  150 02:54:29    -2397.264190        0.327213
MDMin:  151 02:54:31    -2397.264212        0.327603
MDMin:  152 02:54:33    -2397.264240        0.327949
MDMin:  153 02:54:35    -2397.264275        0.328200
MDMin:  154 02:54:36    -2397.264320        0.328301
MDMin:  155 02:54:38    -2397.264375        0.328192
MDMin:  156 02:54:40    -2397.264443        0.327808
MDMin:  157 02:54:41    -2397.264524        0.327085
MDMin:  158 02:54:42    -2397.264621        0.325961
MDMin:  159 02:54:44    -2397.264736        0.324383
MDMin:  160 02:54:46    -2397.264870        0.322311
MDMin:  161 02:54:48    -2397.265026        0.320041
MDMin:  162 02:54:49    -2397.265204        0.333731
MDMin:  163 02:54:51    -2397.265407        0.348357
MDMin:  164 02:54:52    -2397.265636        0.363277
MDMin:  165 02:54:54    -2397.265891        0.377490
MDMin:  166 02:54:56    -2397.266174        0.389618
MDMin:  167 02:54:57    -2397.266479        0.397976
MDMin:  168 02:54:58    -2397.266763        0.467606
MDMin:  169 02:55:00    -2397.266907        0.401130
MDMin:  170 02:55:02    -2397.267001        0.400524
MDMin:  171 02:55:03    -2397.267111        0.399300
MDMin:  172 02:55:05    -2397.267240        0.397227
MDMin:  173 02:55:07    -2397.267388        0.394071
MDMin:  174 02:55:08    -2397.267556        0.389610
MDMin:  175 02:55:10    -2397.267746        0.383662
MDMin:  176 02:55:12    -2397.267958        0.376104
MDMin:  177 02:55:14    -2397.268193        0.366901
MDMin:  178 02:55:16    -2397.268453        0.356117
MDMin:  179 02:55:18    -2397.268738        0.343918
MDMin:  180 02:55:19    -2397.269050        0.330557
MDMin:  181 02:55:21    -2397.269390        0.316347
MDMin:  182 02:55:22    -2397.269759        0.301633
MDMin:  183 02:55:23    -2397.270157        0.286769
MDMin:  184 02:55:25    -2397.270584        0.276033
MDMin:  185 02:55:26    -2397.271036        0.284874
MDMin:  186 02:55:27    -2397.271489        0.335072
MDMin:  187 02:55:29    -2397.271821        0.516446
MDMin:  188 02:55:30    -2397.271950        0.298656
MDMin:  189 02:55:32    -2397.272102        0.301602
MDMin:  190 02:55:34    -2397.272278        0.304888
MDMin:  191 02:55:36    -2397.272479        0.308440
MDMin:  192 02:55:39    -2397.272706        0.312157
MDMin:  193 02:55:40    -2397.272959        0.315905
MDMin:  194 02:55:42    -2397.273238        0.319517
MDMin:  195 02:55:43    -2397.273544        0.322786
MDMin:  196 02:55:44    -2397.273878        0.325473
MDMin:  197 02:55:45    -2397.274240        0.328268
MDMin:  198 02:55:46    -2397.274631        0.332346
MDMin:  199 02:55:47    -2397.275052        0.336203
MDMin:  200 02:55:49    -2397.275504        0.339674
MDMin:  201 02:55:50    -2397.275987        0.342569
MDMin:  202 02:55:52    -2397.276504        0.344670
MDMin:  203 02:55:54    -2397.277056        0.345749
MDMin:  204 02:55:56    -2397.277642        0.345577
MDMin:  205 02:55:57    -2397.278259        0.343971
MDMin:  206 02:55:58    -2397.278850        0.477736
MDMin:  207 02:56:00    -2397.279160        0.478407
MDMin:  208 02:56:02    -2397.279256        0.338147
MDMin:  209 02:56:03    -2397.279393        0.337036
MDMin:  210 02:56:05    -2397.279559        0.335651
MDMin:  211 02:56:07    -2397.279752        0.333973
MDMin:  212 02:56:09    -2397.279975        0.331977
MDMin:  213 02:56:11    -2397.280226        0.329638
MDMin:  214 02:56:13    -2397.280506        0.326931
MDMin:  215 02:56:15    -2397.280816        0.323839
MDMin:  216 02:56:17    -2397.281156        0.320353
MDMin:  217 02:56:18    -2397.281527        0.316474
MDMin:  218 02:56:20    -2397.281928        0.312221
MDMin:  219 02:56:21    -2397.282360        0.307632
MDMin:  220 02:56:22    -2397.282823        0.302765
MDMin:  221 02:56:24    -2397.283317        0.297701
MDMin:  222 02:56:25    -2397.283842        0.293673
MDMin:  223 02:56:27    -2397.284397        0.296370
MDMin:  224 02:56:28    -2397.284982        0.298965
MDMin:  225 02:56:30    -2397.285595        0.301243
MDMin:  226 02:56:31    -2397.286221        0.302892
MDMin:  227 02:56:33    -2397.286763        0.535184
MDMin:  228 02:56:35    -2397.286940        0.303471
MDMin:  229 02:56:37    -2397.287094        0.303360
MDMin:  230 02:56:39    -2397.287273        0.303142
MDMin:  231 02:56:41    -2397.287479        0.302766
MDMin:  232 02:56:43    -2397.287710        0.302164
MDMin:  233 02:56:45    -2397.287967        0.301248
MDMin:  234 02:56:47    -2397.288249        0.299913
MDMin:  235 02:56:49    -2397.288556        0.298031
MDMin:  236 02:56:51    -2397.288888        0.295447
MDMin:  237 02:56:52    -2397.289243        0.291987
MDMin:  238 02:56:54    -2397.289622        0.287487
MDMin:  239 02:56:55    -2397.290023        0.281739
MDMin:  240 02:56:56    -2397.290445        0.274521
MDMin:  241 02:56:57    -2397.290888        0.269178
MDMin:  242 02:56:58    -2397.291351        0.271045
MDMin:  243 02:56:59    -2397.291832        0.273223
MDMin:  244 02:57:01    -2397.292330        0.275573
MDMin:  245 02:57:02    -2397.292844        0.283256
MDMin:  246 02:57:04    -2397.293370        0.293293
MDMin:  247 02:57:05    -2397.293894        0.301251
MDMin:  248 02:57:07    -2397.294315        0.465563
MDMin:  249 02:57:09    -2397.294462        0.306920
MDMin:  250 02:57:11    -2397.294617        0.307907
MDMin:  251 02:57:13    -2397.294794        0.308837
MDMin:  252 02:57:15    -2397.294993        0.309630
MDMin:  253 02:57:17    -2397.295213        0.310193
MDMin:  254 02:57:19    -2397.295453        0.310431
MDMin:  255 02:57:21    -2397.295714        0.310250
MDMin:  256 02:57:22    -2397.295994        0.309558
MDMin:  257 02:57:24    -2397.296292        0.312917
MDMin:  258 02:57:26    -2397.296610        0.316410
MDMin:  259 02:57:28    -2397.296944        0.319487
MDMin:  260 02:57:30    -2397.297297        0.321927
MDMin:  261 02:57:31    -2397.297665        0.323489
MDMin:  262 02:57:33    -2397.298049        0.323915
MDMin:  263 02:57:34    -2397.298442        0.322981
MDMin:  264 02:57:35    -2397.298813        0.320697
MDMin:  265 02:57:37    -2397.299054        0.364732
MDMin:  266 02:57:38    -2397.299157        0.316977
MDMin:  267 02:57:39    -2397.299280        0.315347
MDMin:  268 02:57:41    -2397.299423        0.313370
MDMin:  269 02:57:42    -2397.299584        0.311009
MDMin:  270 02:57:44    -2397.299763        0.308227
MDMin:  271 02:57:45    -2397.299960        0.304995
MDMin:  272 02:57:47    -2397.300175        0.301292
MDMin:  273 02:57:49    -2397.300330        0.297112
MDMin:  274 02:57:51    -2397.300416        0.292525
MDMin:  275 02:57:52    -2397.300454        0.287604
MDMin:  276 02:57:53    -2397.300727        0.282384
MDMin:  277 02:57:55    -2397.300599        0.277002
MDMin:  278 02:57:56    -2397.300910        0.271504
MDMin:  279 02:57:58    -2397.301190        0.265954
MDMin:  280 02:57:59    -2397.301054        0.260608
MDMin:  281 02:58:00    -2397.301401        0.255507
MDMin:  282 02:58:01    -2397.301751        0.258317
MDMin:  283 02:58:03    -2397.301964        0.265421
MDMin:  284 02:58:04    -2397.301893        0.381624
MDMin:  285 02:58:05    -2397.301981        0.273012
MDMin:  286 02:58:07    -2397.302083        0.275530
MDMin:  287 02:58:08    -2397.302198        0.278508
MDMin:  288 02:58:09    -2397.302327        0.281978
MDMin:  289 02:58:11    -2397.302467        0.285978
MDMin:  290 02:58:12    -2397.302617        0.290551
MDMin:  291 02:58:14    -2397.302744        0.295743
MDMin:  292 02:58:16    -2397.302599        0.301439
MDMin:  293 02:58:18    -2397.302782        0.307813
MDMin:  294 02:58:20    -2397.302971        0.314909
MDMin:  295 02:58:22    -2397.303163        0.322732
MDMin:  296 02:58:25    -2397.303359        0.331243
MDMin:  297 02:58:26    -2397.303557        0.340334
MDMin:  298 02:58:28    -2397.303747        0.349797
MDMin:  299 02:58:30    -2397.303459        0.359057
MDMin:  300 02:58:31    -2397.303682        0.367910
MDMin:  301 02:58:33    -2397.303899        0.375780
MDMin:  302 02:58:35    -2397.304110        0.381999
MDMin:  303 02:58:36    -2397.304312        0.385933
MDMin:  304 02:58:38    -2397.304492        0.387256
MDMin:  305 02:58:40    -2397.304601        0.402843
MDMin:  306 02:58:42    -2397.304648        0.386481
MDMin:  307 02:58:43    -2397.304704        0.385744
MDMin:  308 02:58:46    -2397.304768        0.384630
MDMin:  309 02:58:48    -2397.304838        0.383058
MDMin:  310 02:58:50    -2397.304915        0.380956
MDMin:  311 02:58:51    -2397.304998        0.378270
MDMin:  312 02:58:52    -2397.305087        0.374969
MDMin:  313 02:58:54    -2397.305180        0.371040
MDMin:  314 02:58:55    -2397.305277        0.366492
MDMin:  315 02:58:57    -2397.305378        0.361344
MDMin:  316 02:58:58    -2397.305483        0.355615
MDMin:  317 02:58:59    -2397.305590        0.349318
MDMin:  318 02:59:01    -2397.305701        0.342450
MDMin:  319 02:59:03    -2397.305813        0.334994
MDMin:  320 02:59:05    -2397.305928        0.326928
MDMin:  321 02:59:07    -2397.306043        0.322386
MDMin:  322 02:59:09    -2397.306154        0.329891
MDMin:  323 02:59:10    -2397.306235        0.515804
MDMin:  324 02:59:12    -2397.306263        0.334716
MDMin:  325 02:59:14    -2397.306296        0.335634
MDMin:  326 02:59:16    -2397.306335        0.336448
MDMin:  327 02:59:18    -2397.306378        0.337044
MDMin:  328 02:59:20    -2397.306427        0.337294
MDMin:  329 02:59:21    -2397.306480        0.337060
MDMin:  330 02:59:23    -2397.306537        0.336198
MDMin:  331 02:59:24    -2397.306600        0.334562
MDMin:  332 02:59:26    -2397.306666        0.332014
MDMin:  333 02:59:27    -2397.306738        0.328435
MDMin:  334 02:59:29    -2397.306814        0.323731
MDMin:  335 02:59:31    -2397.306894        0.317850
MDMin:  336 02:59:33    -2397.306979        0.310787
MDMin:  337 02:59:35    -2397.307069        0.302596
MDMin:  338 02:59:37    -2397.307163        0.293397
MDMin:  339 02:59:38    -2397.307263        0.283378
MDMin:  340 02:59:40    -2397.307366        0.272888
MDMin:  341 02:59:41    -2397.307461        0.490296
MDMin:  342 02:59:43    -2397.307491        0.260442
MDMin:  343 02:59:45    -2397.307509        0.258726
MDMin:  344 02:59:47    -2397.307531        0.256580
MDMin:  345 02:59:49    -2397.307558        0.254074
MDMin:  346 02:59:51    -2397.307588        0.251227
MDMin:  347 02:59:53    -2397.307623        0.248063
MDMin:  348 02:59:55    -2397.307662        0.244611
MDMin:  349 02:59:57    -2397.307705        0.240909
MDMin:  350 02:59:59    -2397.307753        0.236999
MDMin:  351 03:00:01    -2397.307805        0.232934
MDMin:  352 03:00:03    -2397.307862        0.233437
MDMin:  353 03:00:05    -2397.307923        0.234862
MDMin:  354 03:00:06    -2397.307988        0.236873
MDMin:  355 03:00:08    -2397.308058        0.239592
MDMin:  356 03:00:10    -2397.308133        0.243153
MDMin:  357 03:00:11    -2397.308212        0.247698
MDMin:  358 03:00:13    -2397.308296        0.253375
MDMin:  359 03:00:15    -2397.308384        0.260330
MDMin:  360 03:00:17    -2397.308477        0.268698
MDMin:  361 03:00:19    -2397.308573        0.278565
MDMin:  362 03:00:21    -2397.308669        0.289650
MDMin:  363 03:00:23    -2397.308744        0.464238
MDMin:  364 03:00:24    -2397.308765        0.301897
MDMin:  365 03:00:25    -2397.308792        0.305541
MDMin:  366 03:00:26    -2397.308824        0.309850
MDMin:  367 03:00:27    -2397.308859        0.314868
MDMin:  368 03:00:28    -2397.308899        0.320634
MDMin:  369 03:00:29    -2397.308943        0.327192
MDMin:  370 03:00:31    -2397.308991        0.334580
MDMin:  371 03:00:32    -2397.309043        0.342833
MDMin:  372 03:00:34    -2397.309099        0.351979
MDMin:  373 03:00:35    -2397.309159        0.362037
MDMin:  374 03:00:37    -2397.309223        0.373013
MDMin:  375 03:00:38    -2397.309291        0.384897
MDMin:  376 03:00:39    -2397.309362        0.397663
MDMin:  377 03:00:40    -2397.309437        0.411266
MDMin:  378 03:00:42    -2397.309515        0.425638
MDMin:  379 03:00:44    -2397.309596        0.440682
MDMin:  380 03:00:46    -2397.309680        0.456199
MDMin:  381 03:00:49    -2397.309763        0.471503
MDMin:  382 03:00:51    -2397.309831        0.483964
MDMin:  383 03:00:52    -2397.309865        0.490038
MDMin:  384 03:00:54    -2397.309893        0.495031
MDMin:  385 03:00:56    -2397.309925        0.500731
MDMin:  386 03:00:58    -2397.309961        0.507205
MDMin:  387 03:01:00    -2397.310001        0.514456
MDMin:  388 03:01:01    -2397.310045        0.522481
MDMin:  389 03:01:03    -2397.310093        0.531284
MDMin:  390 03:01:04    -2397.310145        0.540873
MDMin:  391 03:01:05    -2397.310200        0.551273
MDMin:  392 03:01:06    -2397.310258        0.562533
MDMin:  393 03:01:08    -2397.310320        0.574738
MDMin:  394 03:01:09    -2397.310385        0.588014
MDMin:  395 03:01:11    -2397.310453        0.602514
MDMin:  396 03:01:13    -2397.310523        0.618352
MDMin:  397 03:01:16    -2397.310595        0.635431
MDMin:  398 03:01:17    -2397.310667        0.653010
MDMin:  399 03:01:19    -2397.310734        0.668742
MDMin:  400 03:01:20    -2397.310783        0.678692
MDMin:  401 03:01:21    -2397.310811        0.683481
MDMin:  402 03:01:23    -2397.310839        0.687498
MDMin:  403 03:01:24    -2397.310870        0.690939
MDMin:  404 03:01:25    -2397.310905        0.693195
MDMin:  405 03:01:27    -2397.310944        0.693460
MDMin:  406 03:01:29    -2397.310986        0.690808
MDMin:  407 03:01:31    -2397.311031        0.684300
MDMin:  408 03:01:33    -2397.311080        0.673124
MDMin:  409 03:01:35    -2397.311133        0.656751
MDMin:  410 03:01:37    -2397.311189        0.635050
MDMin:  411 03:01:39    -2397.311250        0.608329
MDMin:  412 03:01:41    -2397.311313        0.577395
MDMin:  413 03:01:43    -2397.311378        0.544208
MDMin:  414 03:01:45    -2397.311433        0.515338
MDMin:  415 03:01:47    -2397.311459        0.502097
MDMin:  416 03:01:48    -2397.311479        0.491323
MDMin:  417 03:01:50    -2397.311503        0.479063
MDMin:  418 03:01:51    -2397.311531        0.465341
MDMin:  419 03:01:52    -2397.311562        0.450311
MDMin:  420 03:01:53    -2397.311597        0.434169
MDMin:  421 03:01:55    -2397.311635        0.417164
MDMin:  422 03:01:56    -2397.311676        0.399602
MDMin:  423 03:01:57    -2397.311722        0.381841
MDMin:  424 03:01:59    -2397.311770        0.364294
MDMin:  425 03:02:01    -2397.311823        0.347405
MDMin:  426 03:02:02    -2397.311878        0.331638
MDMin:  427 03:02:04    -2397.311936        0.317456
MDMin:  428 03:02:05    -2397.311995        0.305526
MDMin:  429 03:02:07    -2397.312041        0.394902
MDMin:  430 03:02:09    -2397.312057        0.295328
MDMin:  431 03:02:10    -2397.312075        0.292722
MDMin:  432 03:02:11    -2397.312096        0.289980
MDMin:  433 03:02:13    -2397.312119        0.287188
MDMin:  434 03:02:15    -2397.312145        0.284437
MDMin:  435 03:02:17    -2397.312174        0.281810
MDMin:  436 03:02:19    -2397.312205        0.279383
MDMin:  437 03:02:20    -2397.312238        0.277219
MDMin:  438 03:02:22    -2397.312273        0.275364
MDMin:  439 03:02:24    -2397.312310        0.273845
MDMin:  440 03:02:25    -2397.312349        0.272669
MDMin:  441 03:02:26    -2397.312389        0.271825
MDMin:  442 03:02:28    -2397.312432        0.271288
MDMin:  443 03:02:30    -2397.312475        0.271021
MDMin:  444 03:02:31    -2397.312520        0.270977
MDMin:  445 03:02:32    -2397.312565        0.271104
MDMin:  446 03:02:33    -2397.312607        0.284853
MDMin:  447 03:02:34    -2397.312631        0.301743
MDMin:  448 03:02:36    -2397.312639        0.271310
MDMin:  449 03:02:37    -2397.312650        0.271305
MDMin:  450 03:02:38    -2397.312662        0.271312
MDMin:  451 03:02:40    -2397.312677        0.271337
MDMin:  452 03:02:42    -2397.312693        0.271381
MDMin:  453 03:02:44    -2397.312712        0.271447
MDMin:  454 03:02:46    -2397.312732        0.271535
MDMin:  455 03:02:47    -2397.312753        0.271657
MDMin:  456 03:02:49    -2397.312777        0.271835
MDMin:  457 03:02:51    -2397.312802        0.272074
MDMin:  458 03:02:52    -2397.312828        0.272372
MDMin:  459 03:02:54    -2397.312856        0.272720
MDMin:  460 03:02:56    -2397.312886        0.273102
MDMin:  461 03:02:58    -2397.312917        0.273488
MDMin:  462 03:03:00    -2397.312949        0.273830
MDMin:  463 03:03:01    -2397.312982        0.274056
MDMin:  464 03:03:03    -2397.313017        0.274062
MDMin:  465 03:03:05    -2397.313053        0.273710
MDMin:  466 03:03:07    -2397.313090        0.272818
MDMin:  467 03:03:09    -2397.313126        0.271238
MDMin:  468 03:03:11    -2397.313149        0.383246
MDMin:  469 03:03:13    -2397.313154        0.269329
MDMin:  470 03:03:15    -2397.313160        0.268749
MDMin:  471 03:03:17    -2397.313169        0.267968
MDMin:  472 03:03:18    -2397.313179        0.266990
MDMin:  473 03:03:19    -2397.313191        0.265779
MDMin:  474 03:03:20    -2397.313204        0.264293
MDMin:  475 03:03:22    -2397.313218        0.262479
MDMin:  476 03:03:23    -2397.313234        0.260281
MDMin:  477 03:03:24    -2397.313251        0.257631
MDMin:  478 03:03:25    -2397.313270        0.254450
MDMin:  479 03:03:27    -2397.313290        0.250654
MDMin:  480 03:03:28    -2397.313311        0.246153
MDMin:  481 03:03:30    -2397.313334        0.240857
MDMin:  482 03:03:31    -2397.313358        0.234679
MDMin:  483 03:03:33    -2397.313384        0.227541
MDMin:  484 03:03:35    -2397.313411        0.219380
MDMin:  485 03:03:37    -2397.313440        0.210158
MDMin:  486 03:03:39    -2397.313470        0.199874
MDMin:  487 03:03:41    -2397.313502        0.191303
MDMin:  488 03:03:43    -2397.313536        0.192798
MDMin:  489 03:03:45    -2397.313567        0.315654
MDMin:  490 03:03:47    -2397.313579        0.192760
MDMin:  491 03:03:49    -2397.313585        0.192508
MDMin:  492 03:03:51    -2397.313594        0.192172
MDMin:  493 03:03:53    -2397.313604        0.191740
MDMin:  494 03:03:54    -2397.313615        0.191190
MDMin:  495 03:03:56    -2397.313628        0.190492
MDMin:  496 03:03:57    -2397.313643        0.189617
MDMin:  497 03:03:59    -2397.313659        0.188529
MDMin:  498 03:04:01    -2397.313677        0.187193
MDMin:  499 03:04:02    -2397.313697        0.185574
MDMin:  500 03:04:04    -2397.313719        0.183637
MDMin:  501 03:04:06    -2397.313742        0.181356
MDMin:  502 03:04:08    -2397.313768        0.178707
MDMin:  503 03:04:10    -2397.313795        0.175678
MDMin:  504 03:04:12    -2397.313825        0.172262
MDMin:  505 03:04:14    -2397.313857        0.168464
MDMin:  506 03:04:15    -2397.313891        0.165253
MDMin:  507 03:04:16    -2397.313928        0.166333
MDMin:  508 03:04:18    -2397.313967        0.167447
MDMin:  509 03:04:19    -2397.314003        0.271401
MDMin:  510 03:04:21    -2397.314017        0.168709
MDMin:  511 03:04:22    -2397.314026        0.168893
MDMin:  512 03:04:24    -2397.314037        0.169113
MDMin:  513 03:04:25    -2397.314049        0.169362
MDMin:  514 03:04:26    -2397.314064        0.169633
MDMin:  515 03:04:27    -2397.314080        0.169916
MDMin:  516 03:04:29    -2397.314099        0.170196
MDMin:  517 03:04:30    -2397.314119        0.170452
MDMin:  518 03:04:32    -2397.314142        0.170654
MDMin:  519 03:04:34    -2397.314167        0.170764
MDMin:  520 03:04:35    -2397.314194        0.170732
MDMin:  521 03:04:37    -2397.314224        0.170492
MDMin:  522 03:04:38    -2397.314256        0.169962
MDMin:  523 03:04:40    -2397.314290        0.169040
MDMin:  524 03:04:42    -2397.314328        0.167607
MDMin:  525 03:04:44    -2397.314368        0.165526
MDMin:  526 03:04:45    -2397.314411        0.162651
MDMin:  527 03:04:47    -2397.314457        0.158856
MDMin:  528 03:04:49    -2397.314504        0.154174
MDMin:  529 03:04:51    -2397.314545        0.261843
MDMin:  530 03:04:53    -2397.314560        0.158728
MDMin:  531 03:04:55    -2397.314575        0.159964
MDMin:  532 03:04:56    -2397.314592        0.161371
MDMin:  533 03:04:58    -2397.314612        0.162927
MDMin:  534 03:04:59    -2397.314635        0.164591
MDMin:  535 03:05:01    -2397.314660        0.166309
MDMin:  536 03:05:02    -2397.314688        0.168005
MDMin:  537 03:05:03    -2397.314719        0.169584
MDMin:  538 03:05:04    -2397.314753        0.170925
MDMin:  539 03:05:06    -2397.314790        0.171880
MDMin:  540 03:05:07    -2397.314831        0.172272
MDMin:  541 03:05:08    -2397.314875        0.171894
MDMin:  542 03:05:10    -2397.314923        0.170513
MDMin:  543 03:05:12    -2397.314974        0.167880
MDMin:  544 03:05:13    -2397.315030        0.163763
MDMin:  545 03:05:16    -2397.315089        0.158081
MDMin:  546 03:05:17    -2397.315142        0.222297
MDMin:  547 03:05:19    -2397.315169        0.147937
