       Step     Time          Energy          fmax
MDMin:    0 12:51:27    -2397.706259        0.196406
MDMin:    1 12:51:28    -2397.706250        0.196410
MDMin:    2 12:51:29    -2397.706222        0.196423
MDMin:    3 12:51:30    -2397.706177        0.196444
MDMin:    4 12:51:31    -2397.706113        0.196473
MDMin:    5 12:51:33    -2397.706030        0.196507
MDMin:    6 12:51:34    -2397.705930        0.196547
MDMin:    7 12:51:35    -2397.705812        0.196589
MDMin:    8 12:51:36    -2397.705676        0.196632
MDMin:    9 12:51:38    -2397.705523        0.196673
MDMin:   10 12:51:39    -2397.705351        0.196711
MDMin:   11 12:51:40    -2397.705163        0.196741
MDMin:   12 12:51:42    -2397.704958        0.196762
MDMin:   13 12:51:43    -2397.704735        0.196770
MDMin:   14 12:51:44    -2397.704497        0.196761
MDMin:   15 12:51:45    -2397.704242        0.196733
MDMin:   16 12:51:47    -2397.703971        0.196682
MDMin:   17 12:51:48    -2397.703685        0.196603
MDMin:   18 12:51:50    -2397.703384        0.196494
MDMin:   19 12:51:52    -2397.703068        0.196351
MDMin:   20 12:51:53    -2397.702739        0.196170
MDMin:   21 12:51:55    -2397.702396        0.195947
MDMin:   22 12:51:57    -2397.702040        0.195679
MDMin:   23 12:51:59    -2397.701671        0.195361
MDMin:   24 12:52:00    -2397.701291        0.194991
MDMin:   25 12:52:02    -2397.700900        0.194565
MDMin:   26 12:52:04    -2397.700499        0.194079
MDMin:   27 12:52:06    -2397.700088        0.193531
MDMin:   28 12:52:08    -2397.699668        0.192917
MDMin:   29 12:52:10    -2397.699240        0.192234
MDMin:   30 12:52:11    -2397.698805        0.191481
MDMin:   31 12:52:14    -2397.698364        0.190654
MDMin:   32 12:52:15    -2397.697917        0.189750
MDMin:   33 12:52:17    -2397.697466        0.188768
MDMin:   34 12:52:19    -2397.697011        0.187707
MDMin:   35 12:52:21    -2397.696554        0.186564
MDMin:   36 12:52:23    -2397.696094        0.185339
MDMin:   37 12:52:25    -2397.695635        0.184031
MDMin:   38 12:52:27    -2397.695175        0.182640
MDMin:   39 12:52:29    -2397.694717        0.181166
MDMin:   40 12:52:31    -2397.694262        0.179609
MDMin:   41 12:52:33    -2397.693810        0.177969
MDMin:   42 12:52:34    -2397.693362        0.176246
MDMin:   43 12:52:36    -2397.692920        0.174442
MDMin:   44 12:52:38    -2397.692485        0.172558
MDMin:   45 12:52:40    -2397.692057        0.170596
MDMin:   46 12:52:42    -2397.691639        0.168557
MDMin:   47 12:52:44    -2397.691230        0.166445
MDMin:   48 12:52:46    -2397.690831        0.164261
MDMin:   49 12:52:48    -2397.690444        0.162009
MDMin:   50 12:52:50    -2397.690070        0.159692
MDMin:   51 12:52:53    -2397.689709        0.157313
MDMin:   52 12:52:54    -2397.689363        0.154877
MDMin:   53 12:52:56    -2397.689031        0.152388
MDMin:   54 12:52:58    -2397.688715        0.149850
MDMin:   55 12:53:00    -2397.688416        0.147268
MDMin:   56 12:53:02    -2397.688134        0.145547
MDMin:   57 12:53:04    -2397.687870        0.145389
MDMin:   58 12:53:05    -2397.687624        0.145192
MDMin:   59 12:53:07    -2397.687396        0.144950
MDMin:   60 12:53:09    -2397.687188        0.144661
MDMin:   61 12:53:11    -2397.687000        0.144321
MDMin:   62 12:53:13    -2397.686831        0.143926
MDMin:   63 12:53:15    -2397.686683        0.143472
MDMin:   64 12:53:17    -2397.686555        0.142957
MDMin:   65 12:53:19    -2397.686447        0.142378
MDMin:   66 12:53:21    -2397.686360        0.141731
MDMin:   67 12:53:23    -2397.686293        0.141015
MDMin:   68 12:53:25    -2397.686247        0.140227
MDMin:   69 12:53:26    -2397.686221        0.139367
MDMin:   70 12:53:28    -2397.686216        0.138907
MDMin:   71 12:53:30    -2397.686231        0.138570
MDMin:   72 12:53:32    -2397.686266        0.138212
MDMin:   73 12:53:34    -2397.686321        0.137832
MDMin:   74 12:53:36    -2397.686395        0.137428
MDMin:   75 12:53:38    -2397.686488        0.136998
MDMin:   76 12:53:39    -2397.686600        0.136542
MDMin:   77 12:53:40    -2397.686731        0.136058
MDMin:   78 12:53:42    -2397.686880        0.135545
MDMin:   79 12:53:43    -2397.687047        0.135001
MDMin:   80 12:53:44    -2397.687231        0.134424
MDMin:   81 12:53:45    -2397.687432        0.133815
MDMin:   82 12:53:47    -2397.687650        0.133171
MDMin:   83 12:53:48    -2397.687885        0.132491
MDMin:   84 12:53:49    -2397.688135        0.131774
MDMin:   85 12:53:50    -2397.688400        0.131019
MDMin:   86 12:53:52    -2397.688681        0.130225
MDMin:   87 12:53:54    -2397.688977        0.129391
MDMin:   88 12:53:56    -2397.689287        0.128517
MDMin:   89 12:53:58    -2397.689611        0.127602
MDMin:   90 12:53:59    -2397.689950        0.127887
MDMin:   91 12:54:00    -2397.690301        0.130885
MDMin:   92 12:54:01    -2397.690666        0.134067
MDMin:   93 12:54:02    -2397.691044        0.137443
MDMin:   94 12:54:04    -2397.691435        0.141025
MDMin:   95 12:54:05    -2397.691838        0.144818
MDMin:   96 12:54:06    -2397.692253        0.148827
MDMin:   97 12:54:07    -2397.692680        0.153047
MDMin:   98 12:54:09    -2397.693119        0.157468
MDMin:   99 12:54:10    -2397.693568        0.162060
MDMin:  100 12:54:12    -2397.694023        0.166755
MDMin:  101 12:54:14    -2397.694472        0.171365
MDMin:  102 12:54:16    -2397.694870        0.182082
MDMin:  103 12:54:18    -2397.695159        0.178307
MDMin:  104 12:54:19    -2397.695375        0.180426
MDMin:  105 12:54:21    -2397.695584        0.182439
MDMin:  106 12:54:23    -2397.695798        0.184453
MDMin:  107 12:54:24    -2397.696017        0.186468
MDMin:  108 12:54:26    -2397.696241        0.188474
MDMin:  109 12:54:28    -2397.696472        0.190460
MDMin:  110 12:54:30    -2397.696708        0.192411
MDMin:  111 12:54:32    -2397.696951        0.194315
MDMin:  112 12:54:34    -2397.697199        0.196153
MDMin:  113 12:54:36    -2397.697454        0.197911
MDMin:  114 12:54:38    -2397.697715        0.199571
MDMin:  115 12:54:40    -2397.697983        0.201112
MDMin:  116 12:54:41    -2397.698258        0.202517
MDMin:  117 12:54:42    -2397.698539        0.203766
MDMin:  118 12:54:43    -2397.698828        0.204838
MDMin:  119 12:54:45    -2397.699123        0.205715
MDMin:  120 12:54:46    -2397.699427        0.206379
MDMin:  121 12:54:47    -2397.699738        0.206810
MDMin:  122 12:54:48    -2397.700057        0.206993
MDMin:  123 12:54:50    -2397.700385        0.206914
MDMin:  124 12:54:51    -2397.700721        0.206560
MDMin:  125 12:54:52    -2397.701066        0.205923
MDMin:  126 12:54:53    -2397.701420        0.204996
MDMin:  127 12:54:55    -2397.701784        0.203777
MDMin:  128 12:54:56    -2397.702158        0.202266
MDMin:  129 12:54:57    -2397.702543        0.200468
MDMin:  130 12:54:58    -2397.702938        0.198392
MDMin:  131 12:55:00    -2397.703345        0.196049
MDMin:  132 12:55:01    -2397.703763        0.193457
MDMin:  133 12:55:02    -2397.704194        0.190633
MDMin:  134 12:55:03    -2397.704637        0.187600
MDMin:  135 12:55:05    -2397.705092        0.184381
MDMin:  136 12:55:06    -2397.705561        0.181003
MDMin:  137 12:55:07    -2397.706044        0.177492
MDMin:  138 12:55:09    -2397.706541        0.173875
MDMin:  139 12:55:10    -2397.707053        0.170177
MDMin:  140 12:55:11    -2397.707579        0.166425
MDMin:  141 12:55:12    -2397.708121        0.162642
MDMin:  142 12:55:14    -2397.708678        0.158850
MDMin:  143 12:55:16    -2397.709251        0.155069
MDMin:  144 12:55:18    -2397.709839        0.151316
MDMin:  145 12:55:20    -2397.710444        0.147609
MDMin:  146 12:55:21    -2397.711064        0.143959
MDMin:  147 12:55:22    -2397.711701        0.140380
MDMin:  148 12:55:24    -2397.712353        0.136881
MDMin:  149 12:55:26    -2397.713021        0.133473
MDMin:  150 12:55:27    -2397.713704        0.130162
MDMin:  151 12:55:29    -2397.714403        0.126956
MDMin:  152 12:55:31    -2397.715115        0.125416
MDMin:  153 12:55:32    -2397.715842        0.125960
MDMin:  154 12:55:34    -2397.716582        0.126425
MDMin:  155 12:55:36    -2397.717334        0.126808
MDMin:  156 12:55:38    -2397.718098        0.127106
MDMin:  157 12:55:39    -2397.718872        0.127310
MDMin:  158 12:55:41    -2397.719657        0.127416
MDMin:  159 12:55:43    -2397.720450        0.127416
MDMin:  160 12:55:45    -2397.721249        0.127304
MDMin:  161 12:55:47    -2397.722044        0.127083
MDMin:  162 12:55:48    -2397.722798        0.160880
MDMin:  163 12:55:50    -2397.723380        0.191842
MDMin:  164 12:55:51    -2397.723702        0.126254
MDMin:  165 12:55:52    -2397.723982        0.126062
MDMin:  166 12:55:54    -2397.724265        0.125851
MDMin:  167 12:55:57    -2397.724554        0.125620
MDMin:  168 12:55:59    -2397.724849        0.125368
MDMin:  169 12:56:00    -2397.725150        0.125095
MDMin:  170 12:56:03    -2397.725456        0.124800
MDMin:  171 12:56:04    -2397.725768        0.124482
MDMin:  172 12:56:06    -2397.726084        0.124141
MDMin:  173 12:56:07    -2397.726406        0.123774
MDMin:  174 12:56:09    -2397.726732        0.123383
MDMin:  175 12:56:11    -2397.727063        0.122967
MDMin:  176 12:56:13    -2397.727399        0.122524
MDMin:  177 12:56:15    -2397.727738        0.122054
MDMin:  178 12:56:17    -2397.728082        0.121557
MDMin:  179 12:56:19    -2397.728430        0.121561
MDMin:  180 12:56:21    -2397.728781        0.121903
MDMin:  181 12:56:23    -2397.729136        0.122276
MDMin:  182 12:56:25    -2397.729493        0.122681
MDMin:  183 12:56:27    -2397.729854        0.123120
MDMin:  184 12:56:29    -2397.730218        0.123594
MDMin:  185 12:56:31    -2397.730583        0.124103
MDMin:  186 12:56:33    -2397.730952        0.124648
MDMin:  187 12:56:34    -2397.731322        0.125230
MDMin:  188 12:56:35    -2397.731694        0.125849
MDMin:  189 12:56:37    -2397.732068        0.126505
MDMin:  190 12:56:38    -2397.732443        0.127197
MDMin:  191 12:56:40    -2397.732820        0.127925
MDMin:  192 12:56:42    -2397.733197        0.128686
MDMin:  193 12:56:44    -2397.733576        0.129480
MDMin:  194 12:56:46    -2397.733955        0.130303
MDMin:  195 12:56:48    -2397.734334        0.131152
MDMin:  196 12:56:50    -2397.734714        0.132022
MDMin:  197 12:56:51    -2397.735094        0.132909
MDMin:  198 12:56:52    -2397.735475        0.133807
MDMin:  199 12:56:53    -2397.735855        0.134707
MDMin:  200 12:56:54    -2397.736236        0.135601
MDMin:  201 12:56:56    -2397.736616        0.136478
MDMin:  202 12:56:57    -2397.736996        0.137328
MDMin:  203 12:56:58    -2397.737376        0.138137
MDMin:  204 12:57:00    -2397.737756        0.138891
MDMin:  205 12:57:02    -2397.738135        0.139573
MDMin:  206 12:57:04    -2397.738514        0.140168
MDMin:  207 12:57:05    -2397.738894        0.140656
MDMin:  208 12:57:07    -2397.739273        0.141019
MDMin:  209 12:57:08    -2397.739652        0.141238
MDMin:  210 12:57:10    -2397.740031        0.141293
MDMin:  211 12:57:12    -2397.740410        0.141167
MDMin:  212 12:57:14    -2397.740789        0.140842
MDMin:  213 12:57:15    -2397.741169        0.140305
MDMin:  214 12:57:17    -2397.741549        0.139543
MDMin:  215 12:57:19    -2397.741929        0.138548
MDMin:  216 12:57:20    -2397.742311        0.137319
MDMin:  217 12:57:22    -2397.742693        0.135858
MDMin:  218 12:57:23    -2397.743076        0.134173
MDMin:  219 12:57:25    -2397.743460        0.132279
MDMin:  220 12:57:27    -2397.743844        0.130198
MDMin:  221 12:57:29    -2397.744230        0.127957
MDMin:  222 12:57:31    -2397.744617        0.125587
MDMin:  223 12:57:33    -2397.745005        0.123125
MDMin:  224 12:57:35    -2397.745394        0.120611
MDMin:  225 12:57:37    -2397.745784        0.121084
MDMin:  226 12:57:39    -2397.746175        0.122869
MDMin:  227 12:57:40    -2397.746567        0.124724
MDMin:  228 12:57:42    -2397.746960        0.126648
MDMin:  229 12:57:43    -2397.747352        0.128641
MDMin:  230 12:57:45    -2397.747746        0.130701
MDMin:  231 12:57:47    -2397.748139        0.132823
MDMin:  232 12:57:49    -2397.748531        0.135003
MDMin:  233 12:57:51    -2397.748919        0.137218
MDMin:  234 12:57:53    -2397.749294        0.139407
MDMin:  235 12:57:54    -2397.749623        0.141378
MDMin:  236 12:57:55    -2397.749866        0.142858
MDMin:  237 12:57:57    -2397.750045        0.144210
MDMin:  238 12:57:58    -2397.750213        0.146117
MDMin:  239 12:58:00    -2397.750382        0.148074
MDMin:  240 12:58:02    -2397.750554        0.150097
MDMin:  241 12:58:04    -2397.750728        0.152185
MDMin:  242 12:58:06    -2397.750905        0.154336
MDMin:  243 12:58:07    -2397.751085        0.156549
MDMin:  244 12:58:09    -2397.751267        0.158821
MDMin:  245 12:58:10    -2397.751452        0.161146
MDMin:  246 12:58:12    -2397.751639        0.163522
MDMin:  247 12:58:13    -2397.751829        0.165941
MDMin:  248 12:58:14    -2397.752021        0.168396
MDMin:  249 12:58:15    -2397.752215        0.170881
MDMin:  250 12:58:17    -2397.752412        0.173385
MDMin:  251 12:58:18    -2397.752611        0.175898
MDMin:  252 12:58:19    -2397.752812        0.178408
MDMin:  253 12:58:21    -2397.753015        0.180901
MDMin:  254 12:58:22    -2397.753220        0.183364
MDMin:  255 12:58:23    -2397.753427        0.185781
MDMin:  256 12:58:25    -2397.753637        0.188134
MDMin:  257 12:58:26    -2397.753848        0.190407
MDMin:  258 12:58:28    -2397.754061        0.192579
MDMin:  259 12:58:30    -2397.754277        0.194631
MDMin:  260 12:58:31    -2397.754494        0.196544
MDMin:  261 12:58:33    -2397.754714        0.198297
MDMin:  262 12:58:35    -2397.754936        0.199869
MDMin:  263 12:58:37    -2397.755159        0.201242
MDMin:  264 12:58:39    -2397.755385        0.202396
MDMin:  265 12:58:40    -2397.755613        0.203314
MDMin:  266 12:58:41    -2397.755843        0.203981
MDMin:  267 12:58:42    -2397.756075        0.204382
MDMin:  268 12:58:45    -2397.756309        0.204507
MDMin:  269 12:58:47    -2397.756546        0.204349
MDMin:  270 12:58:48    -2397.756785        0.203904
MDMin:  271 12:58:50    -2397.757026        0.203172
MDMin:  272 12:58:52    -2397.757270        0.202157
MDMin:  273 12:58:54    -2397.757517        0.200867
MDMin:  274 12:58:56    -2397.757766        0.199315
MDMin:  275 12:58:58    -2397.758018        0.197518
MDMin:  276 12:58:59    -2397.758272        0.195497
MDMin:  277 12:59:00    -2397.758529        0.193276
MDMin:  278 12:59:02    -2397.758790        0.190880
MDMin:  279 12:59:03    -2397.759052        0.188340
MDMin:  280 12:59:04    -2397.759318        0.185682
MDMin:  281 12:59:06    -2397.759587        0.182938
MDMin:  282 12:59:07    -2397.759859        0.180135
MDMin:  283 12:59:08    -2397.760133        0.177300
MDMin:  284 12:59:09    -2397.760411        0.174458
MDMin:  285 12:59:11    -2397.760691        0.171630
MDMin:  286 12:59:12    -2397.760974        0.168835
MDMin:  287 12:59:13    -2397.761260        0.166089
MDMin:  288 12:59:15    -2397.761548        0.163408
MDMin:  289 12:59:16    -2397.761839        0.160802
MDMin:  290 12:59:17    -2397.762133        0.158282
MDMin:  291 12:59:19    -2397.762429        0.155857
MDMin:  292 12:59:20    -2397.762727        0.153536
MDMin:  293 12:59:22    -2397.763027        0.151325
MDMin:  294 12:59:23    -2397.763329        0.149235
MDMin:  295 12:59:24    -2397.763633        0.147273
MDMin:  296 12:59:26    -2397.763939        0.145447
MDMin:  297 12:59:27    -2397.764246        0.143765
MDMin:  298 12:59:29    -2397.764555        0.142234
MDMin:  299 12:59:31    -2397.764865        0.141835
MDMin:  300 12:59:33    -2397.765176        0.143710
MDMin:  301 12:59:35    -2397.765489        0.145498
MDMin:  302 12:59:38    -2397.765802        0.147193
MDMin:  303 12:59:39    -2397.766116        0.148789
MDMin:  304 12:59:41    -2397.766430        0.150277
MDMin:  305 12:59:43    -2397.766744        0.151648
MDMin:  306 12:59:45    -2397.767055        0.152886
MDMin:  307 12:59:48    -2397.767352        0.153950
MDMin:  308 12:59:49    -2397.767600        0.200409
MDMin:  309 12:59:52    -2397.767758        0.155219
MDMin:  310 12:59:54    -2397.767880        0.155554
MDMin:  311 12:59:55    -2397.768000        0.155863
MDMin:  312 12:59:57    -2397.768123        0.156155
MDMin:  313 12:59:58    -2397.768247        0.156427
MDMin:  314 13:00:00    -2397.768375        0.156677
MDMin:  315 13:00:02    -2397.768504        0.156903
MDMin:  316 13:00:04    -2397.768636        0.157104
MDMin:  317 13:00:06    -2397.768770        0.157276
MDMin:  318 13:00:08    -2397.768906        0.157418
MDMin:  319 13:00:10    -2397.769044        0.157527
MDMin:  320 13:00:12    -2397.769185        0.157600
MDMin:  321 13:00:14    -2397.769327        0.157635
MDMin:  322 13:00:16    -2397.769472        0.157630
MDMin:  323 13:00:18    -2397.769619        0.157583
MDMin:  324 13:00:20    -2397.769767        0.157489
MDMin:  325 13:00:22    -2397.769918        0.157348
MDMin:  326 13:00:24    -2397.770071        0.157155
MDMin:  327 13:00:26    -2397.770226        0.156910
MDMin:  328 13:00:28    -2397.770382        0.156610
MDMin:  329 13:00:30    -2397.770541        0.156251
MDMin:  330 13:00:32    -2397.770701        0.155833
MDMin:  331 13:00:33    -2397.770863        0.155353
MDMin:  332 13:00:35    -2397.771027        0.154809
MDMin:  333 13:00:36    -2397.771193        0.154200
MDMin:  334 13:00:38    -2397.771360        0.153524
MDMin:  335 13:00:40    -2397.771530        0.152780
MDMin:  336 13:00:42    -2397.771700        0.151968
MDMin:  337 13:00:43    -2397.771873        0.151087
MDMin:  338 13:00:45    -2397.772047        0.150138
MDMin:  339 13:00:46    -2397.772222        0.151059
MDMin:  340 13:00:48    -2397.772399        0.152099
MDMin:  341 13:00:50    -2397.772578        0.153643
MDMin:  342 13:00:51    -2397.772758        0.155722
MDMin:  343 13:00:53    -2397.772939        0.157857
MDMin:  344 13:00:55    -2397.773122        0.160050
MDMin:  345 13:00:57    -2397.773306        0.162303
MDMin:  346 13:00:59    -2397.773491        0.164616
MDMin:  347 13:01:01    -2397.773677        0.166991
MDMin:  348 13:01:03    -2397.773865        0.169428
MDMin:  349 13:01:05    -2397.774053        0.171925
MDMin:  350 13:01:07    -2397.774243        0.174481
MDMin:  351 13:01:09    -2397.774433        0.177093
MDMin:  352 13:01:11    -2397.774624        0.179757
MDMin:  353 13:01:13    -2397.774816        0.182467
MDMin:  354 13:01:15    -2397.775009        0.185215
MDMin:  355 13:01:17    -2397.775202        0.187992
MDMin:  356 13:01:19    -2397.775396        0.190784
MDMin:  357 13:01:21    -2397.775590        0.193578
MDMin:  358 13:01:23    -2397.775784        0.196356
MDMin:  359 13:01:25    -2397.775979        0.199096
MDMin:  360 13:01:27    -2397.776174        0.201776
MDMin:  361 13:01:29    -2397.776369        0.204369
MDMin:  362 13:01:31    -2397.776563        0.206844
MDMin:  363 13:01:32    -2397.776758        0.209167
MDMin:  364 13:01:34    -2397.776953        0.211303
MDMin:  365 13:01:36    -2397.777147        0.213211
MDMin:  366 13:01:38    -2397.777340        0.214849
MDMin:  367 13:01:40    -2397.777534        0.219210
MDMin:  368 13:01:42    -2397.777727        0.224241
MDMin:  369 13:01:44    -2397.777919        0.229500
MDMin:  370 13:01:45    -2397.778110        0.234970
MDMin:  371 13:01:46    -2397.778301        0.240626
MDMin:  372 13:01:48    -2397.778492        0.246429
MDMin:  373 13:01:50    -2397.778681        0.252327
MDMin:  374 13:01:52    -2397.778870        0.258247
MDMin:  375 13:01:54    -2397.779058        0.264097
MDMin:  376 13:01:56    -2397.779245        0.269758
MDMin:  377 13:01:57    -2397.779432        0.275080
MDMin:  378 13:01:59    -2397.779618        0.279886
MDMin:  379 13:02:00    -2397.779804        0.283965
MDMin:  380 13:02:01    -2397.779989        0.287077
MDMin:  381 13:02:03    -2397.780175        0.288964
MDMin:  382 13:02:05    -2397.780360        0.289356
MDMin:  383 13:02:07    -2397.780546        0.287998
MDMin:  384 13:02:09    -2397.780732        0.284693
MDMin:  385 13:02:11    -2397.780914        0.279418
MDMin:  386 13:02:13    -2397.781086        0.272646
MDMin:  387 13:02:15    -2397.781226        0.265889
MDMin:  388 13:02:17    -2397.781325        0.260470
MDMin:  389 13:02:19    -2397.781411        0.255458
MDMin:  390 13:02:20    -2397.781496        0.250155
MDMin:  391 13:02:22    -2397.781583        0.244453
MDMin:  392 13:02:24    -2397.781673        0.238348
MDMin:  393 13:02:26    -2397.781765        0.231860
MDMin:  394 13:02:28    -2397.781859        0.225018
MDMin:  395 13:02:30    -2397.781956        0.217856
MDMin:  396 13:02:32    -2397.782056        0.210418
MDMin:  397 13:02:34    -2397.782158        0.202751
MDMin:  398 13:02:37    -2397.782264        0.194908
MDMin:  399 13:02:39    -2397.782372        0.186945
MDMin:  400 13:02:41    -2397.782483        0.178919
MDMin:  401 13:02:43    -2397.782597        0.170890
MDMin:  402 13:02:44    -2397.782714        0.162914
MDMin:  403 13:02:45    -2397.782834        0.155045
MDMin:  404 13:02:47    -2397.782957        0.147332
MDMin:  405 13:02:48    -2397.783082        0.139818
MDMin:  406 13:02:49    -2397.783211        0.132541
MDMin:  407 13:02:50    -2397.783343        0.125530
MDMin:  408 13:02:52    -2397.783477        0.118808
MDMin:  409 13:02:53    -2397.783614        0.112391
MDMin:  410 13:02:54    -2397.783754        0.106289
MDMin:  411 13:02:55    -2397.783896        0.100507
MDMin:  412 13:02:57    -2397.784040        0.095475
MDMin:  413 13:02:58    -2397.784186        0.095464
MDMin:  414 13:02:59    -2397.784334        0.095450
MDMin:  415 13:03:01    -2397.784484        0.095433
MDMin:  416 13:03:02    -2397.784635        0.095412
MDMin:  417 13:03:03    -2397.784786        0.095389
MDMin:  418 13:03:04    -2397.784934        0.114933
MDMin:  419 13:03:06    -2397.785066        0.135831
MDMin:  420 13:03:07    -2397.785161        0.149332
MDMin:  421 13:03:08    -2397.785223        0.095301
MDMin:  422 13:03:09    -2397.785281        0.095287
MDMin:  423 13:03:11    -2397.785340        0.095271
MDMin:  424 13:03:12    -2397.785400        0.095255
MDMin:  425 13:03:14    -2397.785462        0.095238
MDMin:  426 13:03:15    -2397.785525        0.095220
MDMin:  427 13:03:17    -2397.785588        0.095202
MDMin:  428 13:03:19    -2397.785653        0.095182
MDMin:  429 13:03:20    -2397.785719        0.095161
MDMin:  430 13:03:22    -2397.785786        0.095140
MDMin:  431 13:03:25    -2397.785853        0.095118
MDMin:  432 13:03:27    -2397.785922        0.095095
MDMin:  433 13:03:28    -2397.785992        0.095071
MDMin:  434 13:03:30    -2397.786062        0.095046
MDMin:  435 13:03:31    -2397.786133        0.095020
MDMin:  436 13:03:33    -2397.786206        0.094993
MDMin:  437 13:03:35    -2397.786278        0.094966
MDMin:  438 13:03:37    -2397.786352        0.094937
MDMin:  439 13:03:39    -2397.786426        0.094908
MDMin:  440 13:03:40    -2397.786501        0.094877
MDMin:  441 13:03:42    -2397.786576        0.094846
MDMin:  442 13:03:44    -2397.786652        0.094815
MDMin:  443 13:03:46    -2397.786729        0.094782
MDMin:  444 13:03:48    -2397.786805        0.094749
MDMin:  445 13:03:50    -2397.786882        0.094715
MDMin:  446 13:03:52    -2397.786960        0.095631
MDMin:  447 13:03:54    -2397.787038        0.097709
MDMin:  448 13:03:56    -2397.787116        0.099952
MDMin:  449 13:03:57    -2397.787194        0.102368
MDMin:  450 13:03:58    -2397.787272        0.104963
MDMin:  451 13:04:00    -2397.787350        0.107746
MDMin:  452 13:04:01    -2397.787428        0.110722
MDMin:  453 13:04:03    -2397.787506        0.113897
MDMin:  454 13:04:05    -2397.787584        0.117274
MDMin:  455 13:04:07    -2397.787661        0.120857
MDMin:  456 13:04:09    -2397.787738        0.124641
MDMin:  457 13:04:11    -2397.787815        0.128620
MDMin:  458 13:04:12    -2397.787891        0.132783
MDMin:  459 13:04:14    -2397.787967        0.137115
MDMin:  460 13:04:16    -2397.788042        0.141594
MDMin:  461 13:04:18    -2397.788116        0.146189
MDMin:  462 13:04:20    -2397.788189        0.150860
MDMin:  463 13:04:22    -2397.788262        0.155556
MDMin:  464 13:04:24    -2397.788333        0.160216
MDMin:  465 13:04:26    -2397.788404        0.164765
MDMin:  466 13:04:27    -2397.788474        0.169116
MDMin:  467 13:04:28    -2397.788543        0.173168
MDMin:  468 13:04:30    -2397.788610        0.179578
MDMin:  469 13:04:31    -2397.788677        0.189028
MDMin:  470 13:04:32    -2397.788743        0.198785
MDMin:  471 13:04:34    -2397.788808        0.208750
MDMin:  472 13:04:36    -2397.788871        0.218805
MDMin:  473 13:04:38    -2397.788935        0.228811
MDMin:  474 13:04:40    -2397.788997        0.238611
MDMin:  475 13:04:42    -2397.789059        0.248034
MDMin:  476 13:04:44    -2397.789120        0.256897
MDMin:  477 13:04:46    -2397.789182        0.265014
MDMin:  478 13:04:48    -2397.789242        0.272199
MDMin:  479 13:04:50    -2397.789303        0.278278
MDMin:  480 13:04:52    -2397.789364        0.283091
MDMin:  481 13:04:53    -2397.789426        0.286502
MDMin:  482 13:04:55    -2397.789487        0.288406
MDMin:  483 13:04:56    -2397.789549        0.288732
MDMin:  484 13:04:57    -2397.789612        0.287449
MDMin:  485 13:04:59    -2397.789676        0.284567
MDMin:  486 13:05:00    -2397.789741        0.280136
MDMin:  487 13:05:02    -2397.789807        0.274243
MDMin:  488 13:05:04    -2397.789875        0.267036
MDMin:  489 13:05:05    -2397.789943        0.258676
MDMin:  490 13:05:07    -2397.790013        0.249336
MDMin:  491 13:05:09    -2397.790085        0.239201
MDMin:  492 13:05:11    -2397.790157        0.228465
MDMin:  493 13:05:13    -2397.790232        0.217320
MDMin:  494 13:05:15    -2397.790307        0.205950
MDMin:  495 13:05:17    -2397.790384        0.194528
MDMin:  496 13:05:19    -2397.790462        0.183211
MDMin:  497 13:05:21    -2397.790541        0.172132
MDMin:  498 13:05:22    -2397.790621        0.161405
MDMin:  499 13:05:24    -2397.790702        0.151117
MDMin:  500 13:05:26    -2397.790783        0.141331
MDMin:  501 13:05:28    -2397.790865        0.132086
MDMin:  502 13:05:29    -2397.790948        0.123399
MDMin:  503 13:05:31    -2397.791031        0.115271
MDMin:  504 13:05:32    -2397.791114        0.107684
MDMin:  505 13:05:34    -2397.791197        0.100622
MDMin:  506 13:05:35    -2397.791280        0.107229
MDMin:  507 13:05:36    -2397.791357        0.162919
MDMin:  508 13:05:38    -2397.791408        0.229227
MDMin:  509 13:05:39    -2397.791426        0.091375
MDMin:  510 13:05:41    -2397.791446        0.091401
MDMin:  511 13:05:43    -2397.791467        0.091411
MDMin:  512 13:05:44    -2397.791488        0.091419
MDMin:  513 13:05:46    -2397.791510        0.091426
MDMin:  514 13:05:48    -2397.791533        0.091434
MDMin:  515 13:05:50    -2397.791556        0.091442
MDMin:  516 13:05:51    -2397.791580        0.091450
MDMin:  517 13:05:53    -2397.791604        0.091457
MDMin:  518 13:05:54    -2397.791629        0.091464
MDMin:  519 13:05:55    -2397.791654        0.091472
MDMin:  520 13:05:56    -2397.791680        0.091479
MDMin:  521 13:05:58    -2397.791706        0.091486
MDMin:  522 13:05:59    -2397.791733        0.091492
MDMin:  523 13:06:00    -2397.791760        0.091499
MDMin:  524 13:06:02    -2397.791788        0.091505
MDMin:  525 13:06:03    -2397.791817        0.091511
MDMin:  526 13:06:04    -2397.791846        0.091516
MDMin:  527 13:06:06    -2397.791875        0.091522
MDMin:  528 13:06:08    -2397.791905        0.091526
MDMin:  529 13:06:10    -2397.791935        0.091531
MDMin:  530 13:06:12    -2397.791966        0.091534
MDMin:  531 13:06:14    -2397.791998        0.091538
MDMin:  532 13:06:15    -2397.792029        0.091541
MDMin:  533 13:06:17    -2397.792062        0.091543
MDMin:  534 13:06:19    -2397.792094        0.091544
MDMin:  535 13:06:20    -2397.792128        0.091545
MDMin:  536 13:06:22    -2397.792161        0.091545
MDMin:  537 13:06:23    -2397.792195        0.091545
MDMin:  538 13:06:25    -2397.792230        0.091543
MDMin:  539 13:06:27    -2397.792265        0.091541
MDMin:  540 13:06:29    -2397.792300        0.091538
MDMin:  541 13:06:30    -2397.792336        0.091534
MDMin:  542 13:06:31    -2397.792372        0.091529
MDMin:  543 13:06:33    -2397.792408        0.091523
MDMin:  544 13:06:34    -2397.792445        0.091516
MDMin:  545 13:06:35    -2397.792482        0.091508
MDMin:  546 13:06:37    -2397.792519        0.091499
MDMin:  547 13:06:38    -2397.792557        0.091489
MDMin:  548 13:06:39    -2397.792595        0.091477
MDMin:  549 13:06:41    -2397.792634        0.091465
MDMin:  550 13:06:42    -2397.792673        0.091451
MDMin:  551 13:06:44    -2397.792712        0.091435
MDMin:  552 13:06:45    -2397.792751        0.091418
MDMin:  553 13:06:47    -2397.792791        0.091400
MDMin:  554 13:06:48    -2397.792831        0.091380
MDMin:  555 13:06:50    -2397.792871        0.091359
MDMin:  556 13:06:51    -2397.792912        0.091336
MDMin:  557 13:06:52    -2397.792952        0.091312
MDMin:  558 13:06:54    -2397.792994        0.091286
MDMin:  559 13:06:55    -2397.793035        0.091258
MDMin:  560 13:06:56    -2397.793077        0.091229
MDMin:  561 13:06:57    -2397.793118        0.091198
MDMin:  562 13:06:59    -2397.793161        0.091165
MDMin:  563 13:07:00    -2397.793203        0.091131
MDMin:  564 13:07:01    -2397.793245        0.091094
MDMin:  565 13:07:03    -2397.793288        0.091056
MDMin:  566 13:07:05    -2397.793331        0.091016
MDMin:  567 13:07:07    -2397.793375        0.090975
MDMin:  568 13:07:09    -2397.793418        0.090932
MDMin:  569 13:07:11    -2397.793462        0.090887
MDMin:  570 13:07:13    -2397.793506        0.090840
MDMin:  571 13:07:15    -2397.793550        0.090792
MDMin:  572 13:07:18    -2397.793594        0.090742
MDMin:  573 13:07:19    -2397.793639        0.090691
MDMin:  574 13:07:21    -2397.793683        0.090638
MDMin:  575 13:07:23    -2397.793728        0.090584
MDMin:  576 13:07:25    -2397.793773        0.090529
MDMin:  577 13:07:27    -2397.793818        0.090472
MDMin:  578 13:07:29    -2397.793863        0.090417
MDMin:  579 13:07:31    -2397.793909        0.090355
MDMin:  580 13:07:32    -2397.793954        0.090307
MDMin:  581 13:07:33    -2397.794000        0.090227
MDMin:  582 13:07:35    -2397.794046        0.090213
MDMin:  583 13:07:36    -2397.794091        0.090056
MDMin:  584 13:07:38    -2397.794137        0.090215
MDMin:  585 13:07:40    -2397.794183        0.089689
MDMin:  586 13:07:41    -2397.794227        0.102169
MDMin:  587 13:07:43    -2397.794266        0.127789
MDMin:  588 13:07:45    -2397.794295        0.115733
MDMin:  589 13:07:46    -2397.794315        0.089299
MDMin:  590 13:07:47    -2397.794334        0.090020
MDMin:  591 13:07:49    -2397.794352        0.089743
MDMin:  592 13:07:50    -2397.794371        0.089806
MDMin:  593 13:07:53    -2397.794391        0.089751
MDMin:  594 13:07:54    -2397.794410        0.089740
MDMin:  595 13:07:56    -2397.794430        0.089712
MDMin:  596 13:07:58    -2397.794450        0.089691
MDMin:  597 13:08:00    -2397.794471        0.090367
MDMin:  598 13:08:02    -2397.794491        0.091733
MDMin:  599 13:08:03    -2397.794512        0.093132
MDMin:  600 13:08:05    -2397.794534        0.094561
MDMin:  601 13:08:06    -2397.794555        0.096020
MDMin:  602 13:08:07    -2397.794577        0.097505
MDMin:  603 13:08:08    -2397.794599        0.099015
MDMin:  604 13:08:10    -2397.794621        0.100547
MDMin:  605 13:08:12    -2397.794644        0.102099
MDMin:  606 13:08:14    -2397.794666        0.103667
MDMin:  607 13:08:16    -2397.794689        0.105248
MDMin:  608 13:08:18    -2397.794713        0.106839
MDMin:  609 13:08:20    -2397.794736        0.108436
MDMin:  610 13:08:21    -2397.794760        0.110034
MDMin:  611 13:08:22    -2397.794784        0.111630
MDMin:  612 13:08:24    -2397.794808        0.113218
MDMin:  613 13:08:25    -2397.794832        0.114794
MDMin:  614 13:08:27    -2397.794856        0.116352
MDMin:  615 13:08:29    -2397.794881        0.117888
MDMin:  616 13:08:31    -2397.794906        0.119396
MDMin:  617 13:08:33    -2397.794931        0.120870
MDMin:  618 13:08:34    -2397.794956        0.122306
MDMin:  619 13:08:35    -2397.794982        0.123697
MDMin:  620 13:08:36    -2397.795008        0.125039
MDMin:  621 13:08:38    -2397.795034        0.126325
MDMin:  622 13:08:39    -2397.795060        0.127550
MDMin:  623 13:08:41    -2397.795086        0.128709
MDMin:  624 13:08:43    -2397.795112        0.129796
MDMin:  625 13:08:45    -2397.795139        0.130807
MDMin:  626 13:08:47    -2397.795166        0.131737
MDMin:  627 13:08:49    -2397.795193        0.132580
MDMin:  628 13:08:51    -2397.795220        0.133332
MDMin:  629 13:08:53    -2397.795247        0.133989
MDMin:  630 13:08:55    -2397.795275        0.134547
MDMin:  631 13:08:58    -2397.795303        0.135002
MDMin:  632 13:09:00    -2397.795331        0.135350
MDMin:  633 13:09:02    -2397.795359        0.135588
MDMin:  634 13:09:03    -2397.795387        0.135712
MDMin:  635 13:09:05    -2397.795416        0.135721
MDMin:  636 13:09:07    -2397.795444        0.135610
MDMin:  637 13:09:09    -2397.795473        0.135377
MDMin:  638 13:09:11    -2397.795503        0.135021
MDMin:  639 13:09:13    -2397.795532        0.134546
MDMin:  640 13:09:15    -2397.795561        0.133952
MDMin:  641 13:09:17    -2397.795591        0.133237
MDMin:  642 13:09:19    -2397.795621        0.132400
MDMin:  643 13:09:21    -2397.795651        0.131442
MDMin:  644 13:09:23    -2397.795681        0.130370
MDMin:  645 13:09:25    -2397.795711        0.129206
MDMin:  646 13:09:27    -2397.795739        0.128019
MDMin:  647 13:09:29    -2397.795762        0.126944
MDMin:  648 13:09:31    -2397.795780        0.126075
MDMin:  649 13:09:33    -2397.795796        0.125296
MDMin:  650 13:09:34    -2397.795811        0.124509
MDMin:  651 13:09:36    -2397.795827        0.123686
MDMin:  652 13:09:38    -2397.795842        0.122822
MDMin:  653 13:09:40    -2397.795858        0.121916
MDMin:  654 13:09:42    -2397.795875        0.120967
MDMin:  655 13:09:44    -2397.795891        0.119973
MDMin:  656 13:09:46    -2397.795908        0.118935
MDMin:  657 13:09:48    -2397.795925        0.117852
MDMin:  658 13:09:50    -2397.795943        0.116724
MDMin:  659 13:09:52    -2397.795960        0.115550
MDMin:  660 13:09:53    -2397.795978        0.114330
MDMin:  661 13:09:54    -2397.795997        0.113065
MDMin:  662 13:09:57    -2397.796015        0.111755
MDMin:  663 13:09:58    -2397.796034        0.110400
MDMin:  664 13:10:00    -2397.796054        0.109002
MDMin:  665 13:10:02    -2397.796073        0.107562
MDMin:  666 13:10:04    -2397.796093        0.106080
MDMin:  667 13:10:06    -2397.796113        0.104558
MDMin:  668 13:10:08    -2397.796133        0.102998
MDMin:  669 13:10:11    -2397.796154        0.101402
MDMin:  670 13:10:13    -2397.796175        0.099771
MDMin:  671 13:10:15    -2397.796197        0.098108
MDMin:  672 13:10:18    -2397.796218        0.096415
MDMin:  673 13:10:19    -2397.796240        0.095891
MDMin:  674 13:10:21    -2397.796262        0.096035
MDMin:  675 13:10:23    -2397.796285        0.096181
MDMin:  676 13:10:25    -2397.796308        0.096329
MDMin:  677 13:10:27    -2397.796331        0.096478
MDMin:  678 13:10:29    -2397.796355        0.096629
MDMin:  679 13:10:31    -2397.796378        0.096781
MDMin:  680 13:10:33    -2397.796402        0.096935
MDMin:  681 13:10:35    -2397.796427        0.097090
MDMin:  682 13:10:37    -2397.796452        0.097247
MDMin:  683 13:10:38    -2397.796477        0.097405
MDMin:  684 13:10:40    -2397.796502        0.097565
MDMin:  685 13:10:42    -2397.796528        0.097725
MDMin:  686 13:10:44    -2397.796554        0.097888
MDMin:  687 13:10:46    -2397.796580        0.098051
MDMin:  688 13:10:48    -2397.796607        0.098216
MDMin:  689 13:10:50    -2397.796634        0.098381
MDMin:  690 13:10:52    -2397.796661        0.098548
MDMin:  691 13:10:53    -2397.796689        0.098716
MDMin:  692 13:10:55    -2397.796717        0.098885
MDMin:  693 13:10:57    -2397.796745        0.099054
MDMin:  694 13:10:58    -2397.796774        0.099225
MDMin:  695 13:11:00    -2397.796803        0.099393
MDMin:  696 13:11:02    -2397.796831        0.099565
MDMin:  697 13:11:04    -2397.796859        0.105484
MDMin:  698 13:11:05    -2397.796883        0.111880
MDMin:  699 13:11:07    -2397.796901        0.105023
MDMin:  700 13:11:09    -2397.796915        0.100052
MDMin:  701 13:11:11    -2397.796929        0.100128
MDMin:  702 13:11:13    -2397.796944        0.100207
MDMin:  703 13:11:15    -2397.796958        0.100287
MDMin:  704 13:11:16    -2397.796973        0.100368
MDMin:  705 13:11:18    -2397.796988        0.100450
MDMin:  706 13:11:19    -2397.797003        0.100534
MDMin:  707 13:11:22    -2397.797019        0.100619
MDMin:  708 13:11:23    -2397.797035        0.100705
MDMin:  709 13:11:26    -2397.797051        0.100792
MDMin:  710 13:11:28    -2397.797068        0.100880
MDMin:  711 13:11:30    -2397.797085        0.100969
MDMin:  712 13:11:32    -2397.797102        0.101060
MDMin:  713 13:11:34    -2397.797120        0.101151
MDMin:  714 13:11:36    -2397.797138        0.101243
MDMin:  715 13:11:38    -2397.797156        0.101337
MDMin:  716 13:11:40    -2397.797174        0.101431
MDMin:  717 13:11:42    -2397.797193        0.101526
MDMin:  718 13:11:44    -2397.797212        0.101621
MDMin:  719 13:11:45    -2397.797232        0.101718
MDMin:  720 13:11:47    -2397.797251        0.101815
MDMin:  721 13:11:49    -2397.797271        0.101914
MDMin:  722 13:11:50    -2397.797292        0.102012
MDMin:  723 13:11:52    -2397.797313        0.102112
MDMin:  724 13:11:54    -2397.797334        0.102212
MDMin:  725 13:11:56    -2397.797355        0.102312
MDMin:  726 13:11:58    -2397.797377        0.102413
MDMin:  727 13:12:00    -2397.797399        0.102515
MDMin:  728 13:12:02    -2397.797421        0.102616
MDMin:  729 13:12:03    -2397.797444        0.102719
MDMin:  730 13:12:06    -2397.797467        0.102821
MDMin:  731 13:12:08    -2397.797490        0.102923
MDMin:  732 13:12:09    -2397.797514        0.103026
MDMin:  733 13:12:11    -2397.797538        0.103129
MDMin:  734 13:12:13    -2397.797563        0.103232
MDMin:  735 13:12:14    -2397.797587        0.103335
MDMin:  736 13:12:16    -2397.797613        0.103438
MDMin:  737 13:12:18    -2397.797638        0.103540
MDMin:  738 13:12:19    -2397.797664        0.103643
MDMin:  739 13:12:21    -2397.797690        0.103746
MDMin:  740 13:12:23    -2397.797717        0.103848
MDMin:  741 13:12:25    -2397.797744        0.103951
MDMin:  742 13:12:27    -2397.797771        0.104054
MDMin:  743 13:12:28    -2397.797799        0.104157
MDMin:  744 13:12:30    -2397.797827        0.104260
MDMin:  745 13:12:31    -2397.797855        0.104364
MDMin:  746 13:12:32    -2397.797884        0.104467
MDMin:  747 13:12:34    -2397.797913        0.104571
MDMin:  748 13:12:36    -2397.797943        0.104675
MDMin:  749 13:12:37    -2397.797973        0.104779
MDMin:  750 13:12:39    -2397.798003        0.104885
MDMin:  751 13:12:40    -2397.798034        0.104988
MDMin:  752 13:12:41    -2397.798065        0.105097
MDMin:  753 13:12:43    -2397.798095        0.105193
MDMin:  754 13:12:45    -2397.798124        0.105302
MDMin:  755 13:12:47    -2397.798148        0.121760
MDMin:  756 13:12:49    -2397.798167        0.105447
MDMin:  757 13:12:51    -2397.798183        0.105494
MDMin:  758 13:12:53    -2397.798199        0.105547
MDMin:  759 13:12:55    -2397.798215        0.105597
MDMin:  760 13:12:56    -2397.798231        0.105649
MDMin:  761 13:12:58    -2397.798248        0.105702
MDMin:  762 13:13:00    -2397.798265        0.105756
MDMin:  763 13:13:01    -2397.798282        0.105811
MDMin:  764 13:13:03    -2397.798300        0.105867
MDMin:  765 13:13:04    -2397.798318        0.105923
MDMin:  766 13:13:06    -2397.798337        0.105981
MDMin:  767 13:13:07    -2397.798356        0.106040
MDMin:  768 13:13:08    -2397.798375        0.106100
MDMin:  769 13:13:10    -2397.798395        0.106161
MDMin:  770 13:13:12    -2397.798415        0.106222
MDMin:  771 13:13:13    -2397.798435        0.106285
MDMin:  772 13:13:14    -2397.798456        0.106348
MDMin:  773 13:13:16    -2397.798477        0.106413
MDMin:  774 13:13:18    -2397.798498        0.106478
MDMin:  775 13:13:20    -2397.798520        0.106545
MDMin:  776 13:13:22    -2397.798543        0.106612
MDMin:  777 13:13:24    -2397.798566        0.106680
MDMin:  778 13:13:26    -2397.798589        0.106750
MDMin:  779 13:13:28    -2397.798612        0.106820
MDMin:  780 13:13:30    -2397.798636        0.106890
MDMin:  781 13:13:32    -2397.798661        0.106962
MDMin:  782 13:13:34    -2397.798685        0.107035
MDMin:  783 13:13:35    -2397.798711        0.107108
MDMin:  784 13:13:37    -2397.798736        0.107183
MDMin:  785 13:13:39    -2397.798762        0.107258
MDMin:  786 13:13:41    -2397.798789        0.107334
MDMin:  787 13:13:42    -2397.798816        0.107410
MDMin:  788 13:13:44    -2397.798843        0.107488
MDMin:  789 13:13:46    -2397.798871        0.107566
MDMin:  790 13:13:48    -2397.798900        0.107645
MDMin:  791 13:13:50    -2397.798928        0.107725
MDMin:  792 13:13:52    -2397.798958        0.107806
MDMin:  793 13:13:54    -2397.798988        0.107888
MDMin:  794 13:13:56    -2397.799018        0.107970
MDMin:  795 13:13:57    -2397.799049        0.108053
MDMin:  796 13:13:59    -2397.799081        0.108137
MDMin:  797 13:14:00    -2397.799113        0.108222
MDMin:  798 13:14:01    -2397.799145        0.108307
MDMin:  799 13:14:02    -2397.799179        0.108393
MDMin:  800 13:14:04    -2397.799213        0.108480
MDMin:  801 13:14:05    -2397.799248        0.108568
MDMin:  802 13:14:06    -2397.799283        0.108656
MDMin:  803 13:14:07    -2397.799319        0.108746
MDMin:  804 13:14:09    -2397.799356        0.108836
MDMin:  805 13:14:10    -2397.799394        0.108926
MDMin:  806 13:14:11    -2397.799433        0.109018
MDMin:  807 13:14:12    -2397.799472        0.109110
MDMin:  808 13:14:14    -2397.799513        0.109203
MDMin:  809 13:14:15    -2397.799554        0.109296
MDMin:  810 13:14:16    -2397.799597        0.109390
MDMin:  811 13:14:17    -2397.799640        0.109484
MDMin:  812 13:14:19    -2397.799684        0.109580
MDMin:  813 13:14:20    -2397.799730        0.109674
MDMin:  814 13:14:22    -2397.799776        0.109772
MDMin:  815 13:14:25    -2397.799823        0.109861
MDMin:  816 13:14:26    -2397.799868        0.109963
MDMin:  817 13:14:28    -2397.799909        0.135385
MDMin:  818 13:14:30    -2397.799940        0.110111
MDMin:  819 13:14:33    -2397.799965        0.110149
MDMin:  820 13:14:35    -2397.799989        0.110195
MDMin:  821 13:14:36    -2397.800013        0.110237
MDMin:  822 13:14:38    -2397.800037        0.110280
MDMin:  823 13:14:40    -2397.800063        0.110323
MDMin:  824 13:14:42    -2397.800089        0.110367
MDMin:  825 13:14:43    -2397.800115        0.110412
MDMin:  826 13:14:44    -2397.800143        0.110457
MDMin:  827 13:14:45    -2397.800171        0.110502
MDMin:  828 13:14:46    -2397.800199        0.110548
MDMin:  829 13:14:48    -2397.800229        0.110594
MDMin:  830 13:14:49    -2397.800259        0.110641
MDMin:  831 13:14:50    -2397.800290        0.110688
MDMin:  832 13:14:51    -2397.800322        0.110735
MDMin:  833 13:14:53    -2397.800355        0.110783
MDMin:  834 13:14:54    -2397.800388        0.110831
MDMin:  835 13:14:55    -2397.800423        0.110879
MDMin:  836 13:14:57    -2397.800458        0.110927
MDMin:  837 13:14:58    -2397.800494        0.110975
MDMin:  838 13:14:59    -2397.800531        0.111024
MDMin:  839 13:15:01    -2397.800569        0.111072
MDMin:  840 13:15:02    -2397.800607        0.111121
MDMin:  841 13:15:05    -2397.800647        0.111170
MDMin:  842 13:15:07    -2397.800688        0.111219
MDMin:  843 13:15:09    -2397.800730        0.111267
MDMin:  844 13:15:11    -2397.800773        0.111316
MDMin:  845 13:15:12    -2397.800817        0.111364
MDMin:  846 13:15:14    -2397.800862        0.111413
MDMin:  847 13:15:15    -2397.800908        0.111461
MDMin:  848 13:15:17    -2397.800955        0.111509
MDMin:  849 13:15:19    -2397.801003        0.111557
MDMin:  850 13:15:20    -2397.801053        0.111605
MDMin:  851 13:15:22    -2397.801104        0.111653
MDMin:  852 13:15:23    -2397.801156        0.111700
MDMin:  853 13:15:25    -2397.801210        0.111747
MDMin:  854 13:15:26    -2397.801265        0.111794
MDMin:  855 13:15:28    -2397.801321        0.111841
MDMin:  856 13:15:30    -2397.801379        0.111888
MDMin:  857 13:15:32    -2397.801438        0.111935
MDMin:  858 13:15:34    -2397.801498        0.111982
MDMin:  859 13:15:35    -2397.801561        0.112029
MDMin:  860 13:15:37    -2397.801625        0.112076
MDMin:  861 13:15:39    -2397.801690        0.112123
MDMin:  862 13:15:41    -2397.801757        0.112171
MDMin:  863 13:15:43    -2397.801826        0.112219
MDMin:  864 13:15:45    -2397.801897        0.112268
MDMin:  865 13:15:47    -2397.801970        0.112317
MDMin:  866 13:15:49    -2397.802044        0.112368
MDMin:  867 13:15:50    -2397.802121        0.112420
MDMin:  868 13:15:51    -2397.802199        0.112472
MDMin:  869 13:15:53    -2397.802280        0.112527
MDMin:  870 13:15:54    -2397.802363        0.112583
MDMin:  871 13:15:57    -2397.802448        0.112642
MDMin:  872 13:15:58    -2397.802535        0.112700
MDMin:  873 13:15:59    -2397.802625        0.112767
MDMin:  874 13:16:01    -2397.802716        0.112825
MDMin:  875 13:16:03    -2397.802810        0.112906
MDMin:  876 13:16:05    -2397.802904        0.112956
MDMin:  877 13:16:07    -2397.802998        0.118966
MDMin:  878 13:16:09    -2397.803079        0.121794
MDMin:  879 13:16:11    -2397.803144        0.124562
MDMin:  880 13:16:13    -2397.803196        0.113207
MDMin:  881 13:16:15    -2397.803246        0.113256
MDMin:  882 13:16:17    -2397.803297        0.113294
MDMin:  883 13:16:18    -2397.803350        0.113337
MDMin:  884 13:16:19    -2397.803404        0.113381
MDMin:  885 13:16:20    -2397.803459        0.113427
MDMin:  886 13:16:22    -2397.803516        0.113475
MDMin:  887 13:16:23    -2397.803574        0.113525
MDMin:  888 13:16:25    -2397.803634        0.113577
MDMin:  889 13:16:27    -2397.803695        0.113632
MDMin:  890 13:16:29    -2397.803759        0.113689
MDMin:  891 13:16:31    -2397.803823        0.113749
MDMin:  892 13:16:33    -2397.803890        0.113812
MDMin:  893 13:16:35    -2397.803958        0.113877
MDMin:  894 13:16:36    -2397.804028        0.113945
MDMin:  895 13:16:38    -2397.804100        0.114016
MDMin:  896 13:16:40    -2397.804173        0.114089
MDMin:  897 13:16:42    -2397.804249        0.114166
MDMin:  898 13:16:44    -2397.804326        0.114245
MDMin:  899 13:16:46    -2397.804405        0.114327
MDMin:  900 13:16:48    -2397.804486        0.114413
MDMin:  901 13:16:50    -2397.804569        0.114501
MDMin:  902 13:16:51    -2397.804654        0.114593
MDMin:  903 13:16:53    -2397.804741        0.114689
MDMin:  904 13:16:55    -2397.804831        0.114788
MDMin:  905 13:16:57    -2397.804922        0.114890
MDMin:  906 13:16:59    -2397.805015        0.114996
MDMin:  907 13:17:01    -2397.805110        0.115106
MDMin:  908 13:17:03    -2397.805208        0.115221
MDMin:  909 13:17:05    -2397.805308        0.115339
MDMin:  910 13:17:07    -2397.805410        0.115461
MDMin:  911 13:17:08    -2397.805514        0.115587
MDMin:  912 13:17:10    -2397.805620        0.115718
MDMin:  913 13:17:12    -2397.805729        0.115853
MDMin:  914 13:17:14    -2397.805840        0.115992
MDMin:  915 13:17:16    -2397.805953        0.116136
MDMin:  916 13:17:18    -2397.806068        0.116284
MDMin:  917 13:17:20    -2397.806186        0.116436
MDMin:  918 13:17:21    -2397.806306        0.116594
MDMin:  919 13:17:23    -2397.806428        0.116755
MDMin:  920 13:17:25    -2397.806552        0.116922
MDMin:  921 13:17:26    -2397.806679        0.117092
MDMin:  922 13:17:29    -2397.806807        0.117267
MDMin:  923 13:17:31    -2397.806938        0.117447
MDMin:  924 13:17:33    -2397.807071        0.117631
MDMin:  925 13:17:35    -2397.807205        0.117819
MDMin:  926 13:17:37    -2397.807342        0.118011
MDMin:  927 13:17:39    -2397.807481        0.118207
MDMin:  928 13:17:41    -2397.807621        0.118408
MDMin:  929 13:17:43    -2397.807763        0.118611
MDMin:  930 13:17:44    -2397.807907        0.118896
MDMin:  931 13:17:46    -2397.808052        0.119361
MDMin:  932 13:17:48    -2397.808198        0.119829
MDMin:  933 13:17:50    -2397.808346        0.120306
MDMin:  934 13:17:51    -2397.808495        0.120784
MDMin:  935 13:17:52    -2397.808645        0.121274
MDMin:  936 13:17:54    -2397.808796        0.121759
MDMin:  937 13:17:55    -2397.808947        0.122265
MDMin:  938 13:17:56    -2397.809099        0.122751
MDMin:  939 13:17:57    -2397.809250        0.123279
MDMin:  940 13:17:59    -2397.809401        0.123753
MDMin:  941 13:18:00    -2397.809550        0.124310
MDMin:  942 13:18:01    -2397.809691        0.124736
MDMin:  943 13:18:03    -2397.809821        0.144082
MDMin:  944 13:18:04    -2397.809926        0.125565
MDMin:  945 13:18:05    -2397.810014        0.125912
MDMin:  946 13:18:06    -2397.810092        0.126165
MDMin:  947 13:18:08    -2397.810170        0.126450
MDMin:  948 13:18:09    -2397.810248        0.126727
MDMin:  949 13:18:11    -2397.810326        0.127012
MDMin:  950 13:18:12    -2397.810405        0.127301
MDMin:  951 13:18:13    -2397.810485        0.127595
MDMin:  952 13:18:14    -2397.810565        0.127893
MDMin:  953 13:18:16    -2397.810645        0.128195
MDMin:  954 13:18:17    -2397.810725        0.128501
MDMin:  955 13:18:18    -2397.810805        0.128812
MDMin:  956 13:18:19    -2397.810886        0.129127
MDMin:  957 13:18:21    -2397.810967        0.129445
MDMin:  958 13:18:22    -2397.811047        0.129768
MDMin:  959 13:18:23    -2397.811127        0.130094
MDMin:  960 13:18:24    -2397.811207        0.130424
MDMin:  961 13:18:26    -2397.811287        0.130757
MDMin:  962 13:18:27    -2397.811366        0.131094
MDMin:  963 13:18:28    -2397.811444        0.131434
MDMin:  964 13:18:30    -2397.811522        0.131777
MDMin:  965 13:18:31    -2397.811599        0.132122
MDMin:  966 13:18:32    -2397.811676        0.132471
MDMin:  967 13:18:33    -2397.811751        0.132821
MDMin:  968 13:18:35    -2397.811825        0.133174
MDMin:  969 13:18:36    -2397.811899        0.133529
MDMin:  970 13:18:37    -2397.811971        0.133886
MDMin:  971 13:18:38    -2397.812042        0.134245
MDMin:  972 13:18:40    -2397.812111        0.134605
MDMin:  973 13:18:43    -2397.812179        0.134966
MDMin:  974 13:18:45    -2397.812245        0.135328
MDMin:  975 13:18:47    -2397.812310        0.135690
MDMin:  976 13:18:49    -2397.812373        0.136053
MDMin:  977 13:18:51    -2397.812435        0.136415
MDMin:  978 13:18:53    -2397.812495        0.136777
MDMin:  979 13:18:56    -2397.812553        0.137139
MDMin:  980 13:18:58    -2397.812609        0.137500
MDMin:  981 13:19:00    -2397.812663        0.137859
MDMin:  982 13:19:02    -2397.812715        0.138216
MDMin:  983 13:19:04    -2397.812766        0.138572
MDMin:  984 13:19:06    -2397.812814        0.138925
MDMin:  985 13:19:07    -2397.812861        0.139275
MDMin:  986 13:19:10    -2397.812905        0.139622
MDMin:  987 13:19:12    -2397.812947        0.139965
MDMin:  988 13:19:14    -2397.812988        0.140305
MDMin:  989 13:19:15    -2397.813027        0.140640
MDMin:  990 13:19:17    -2397.813063        0.140972
MDMin:  991 13:19:19    -2397.813098        0.141297
MDMin:  992 13:19:21    -2397.813131        0.141620
MDMin:  993 13:19:23    -2397.813162        0.141934
MDMin:  994 13:19:25    -2397.813191        0.142248
MDMin:  995 13:19:26    -2397.813218        0.142547
MDMin:  996 13:19:28    -2397.813244        0.142852
MDMin:  997 13:19:29    -2397.813268        0.143130
MDMin:  998 13:19:31    -2397.813291        0.143433
MDMin:  999 13:19:33    -2397.813312        0.143675
MDMin:  1000 13:19:35    -2397.813331        0.143993
MDMin:  1001 13:19:36    -2397.813349        0.144161
MDMin:  1002 13:19:38    -2397.813365        0.144531
MDMin:  1003 13:19:41    -2397.813378        0.144556
MDMin:  1004 13:19:43    -2397.813388        0.144923
MDMin:  1005 13:19:45    -2397.813396        0.144905
MDMin:  1006 13:19:47    -2397.813403        0.145090
MDMin:  1007 13:19:48    -2397.813410        0.145164
MDMin:  1008 13:19:50    -2397.813416        0.145280
MDMin:  1009 13:19:53    -2397.813422        0.145375
MDMin:  1010 13:19:55    -2397.813429        0.145477
MDMin:  1011 13:19:57    -2397.813435        0.145572
MDMin:  1012 13:19:58    -2397.813440        0.145667
MDMin:  1013 13:20:00    -2397.813446        0.145758
MDMin:  1014 13:20:01    -2397.813452        0.145846
MDMin:  1015 13:20:03    -2397.813457        0.145931
MDMin:  1016 13:20:05    -2397.813462        0.146012
MDMin:  1017 13:20:07    -2397.813467        0.146090
MDMin:  1018 13:20:09    -2397.813473        0.146163
MDMin:  1019 13:20:11    -2397.813478        0.146233
MDMin:  1020 13:20:13    -2397.813482        0.146297
MDMin:  1021 13:20:14    -2397.813487        0.146356
MDMin:  1022 13:20:16    -2397.813492        0.146411
MDMin:  1023 13:20:18    -2397.813497        0.146459
MDMin:  1024 13:20:20    -2397.813502        0.146502
MDMin:  1025 13:20:21    -2397.813506        0.146539
MDMin:  1026 13:20:23    -2397.813511        0.146569
MDMin:  1027 13:20:25    -2397.813516        0.146592
MDMin:  1028 13:20:27    -2397.813521        0.146609
MDMin:  1029 13:20:29    -2397.813526        0.146618
MDMin:  1030 13:20:30    -2397.813531        0.146619
MDMin:  1031 13:20:32    -2397.813536        0.146612
MDMin:  1032 13:20:34    -2397.813541        0.146598
MDMin:  1033 13:20:35    -2397.813546        0.146574
MDMin:  1034 13:20:37    -2397.813552        0.146542
MDMin:  1035 13:20:39    -2397.813558        0.146501
MDMin:  1036 13:20:41    -2397.813564        0.146450
MDMin:  1037 13:20:44    -2397.813570        0.146390
MDMin:  1038 13:20:45    -2397.813576        0.146319
MDMin:  1039 13:20:47    -2397.813583        0.146239
MDMin:  1040 13:20:48    -2397.813590        0.146148
MDMin:  1041 13:20:50    -2397.813597        0.146046
MDMin:  1042 13:20:52    -2397.813605        0.145934
MDMin:  1043 13:20:53    -2397.813613        0.145810
MDMin:  1044 13:20:55    -2397.813621        0.145675
MDMin:  1045 13:20:57    -2397.813630        0.145527
MDMin:  1046 13:20:59    -2397.813639        0.145369
MDMin:  1047 13:21:00    -2397.813648        0.145198
MDMin:  1048 13:21:02    -2397.813658        0.145016
MDMin:  1049 13:21:04    -2397.813668        0.144821
MDMin:  1050 13:21:06    -2397.813679        0.144617
MDMin:  1051 13:21:09    -2397.813690        0.144399
MDMin:  1052 13:21:11    -2397.813701        0.144183
MDMin:  1053 13:21:13    -2397.813712        0.143962
MDMin:  1054 13:21:15    -2397.813722        0.146787
MDMin:  1055 13:21:18    -2397.813729        0.143624
MDMin:  1056 13:21:20    -2397.813736        0.143490
MDMin:  1057 13:21:21    -2397.813743        0.143346
MDMin:  1058 13:21:24    -2397.813749        0.143202
MDMin:  1059 13:21:26    -2397.813756        0.143050
MDMin:  1060 13:21:28    -2397.813764        0.142894
MDMin:  1061 13:21:30    -2397.813771        0.142732
MDMin:  1062 13:21:32    -2397.813779        0.142564
MDMin:  1063 13:21:34    -2397.813786        0.142391
MDMin:  1064 13:21:36    -2397.813794        0.142212
MDMin:  1065 13:21:38    -2397.813803        0.142026
MDMin:  1066 13:21:40    -2397.813811        0.141835
MDMin:  1067 13:21:42    -2397.813820        0.141638
MDMin:  1068 13:21:44    -2397.813829        0.141434
MDMin:  1069 13:21:46    -2397.813839        0.141223
MDMin:  1070 13:21:49    -2397.813848        0.141006
MDMin:  1071 13:21:51    -2397.813858        0.140783
MDMin:  1072 13:21:53    -2397.813868        0.140552
MDMin:  1073 13:21:55    -2397.813878        0.140314
MDMin:  1074 13:21:57    -2397.813889        0.140069
MDMin:  1075 13:21:59    -2397.813900        0.139817
MDMin:  1076 13:22:01    -2397.813911        0.139557
MDMin:  1077 13:22:03    -2397.813922        0.139290
MDMin:  1078 13:22:05    -2397.813934        0.139015
MDMin:  1079 13:22:07    -2397.813946        0.138732
MDMin:  1080 13:22:09    -2397.813958        0.138442
MDMin:  1081 13:22:11    -2397.813971        0.138144
MDMin:  1082 13:22:12    -2397.813984        0.137838
MDMin:  1083 13:22:14    -2397.813997        0.137524
MDMin:  1084 13:22:15    -2397.814010        0.137203
MDMin:  1085 13:22:16    -2397.814024        0.136873
MDMin:  1086 13:22:17    -2397.814038        0.136535
MDMin:  1087 13:22:20    -2397.814052        0.136189
MDMin:  1088 13:22:22    -2397.814066        0.135835
MDMin:  1089 13:22:24    -2397.814081        0.135473
MDMin:  1090 13:22:26    -2397.814096        0.135103
MDMin:  1091 13:22:28    -2397.814111        0.134724
MDMin:  1092 13:22:30    -2397.814127        0.134338
MDMin:  1093 13:22:32    -2397.814143        0.133943
MDMin:  1094 13:22:34    -2397.814159        0.133541
MDMin:  1095 13:22:36    -2397.814175        0.133130
MDMin:  1096 13:22:37    -2397.814192        0.132714
MDMin:  1097 13:22:39    -2397.814208        0.132287
MDMin:  1098 13:22:41    -2397.814226        0.131859
MDMin:  1099 13:22:42    -2397.814243        0.131421
MDMin:  1100 13:22:44    -2397.814260        0.131000
MDMin:  1101 13:22:45    -2397.814275        0.130589
MDMin:  1102 13:22:47    -2397.814289        0.145655
MDMin:  1103 13:22:49    -2397.814298        0.130019
MDMin:  1104 13:22:51    -2397.814307        0.129806
MDMin:  1105 13:22:52    -2397.814316        0.129582
MDMin:  1106 13:22:54    -2397.814324        0.129358
MDMin:  1107 13:22:55    -2397.814333        0.129128
MDMin:  1108 13:22:56    -2397.814342        0.128895
MDMin:  1109 13:22:58    -2397.814351        0.128655
MDMin:  1110 13:23:00    -2397.814360        0.128412
MDMin:  1111 13:23:02    -2397.814370        0.128163
MDMin:  1112 13:23:03    -2397.814380        0.127910
MDMin:  1113 13:23:05    -2397.814389        0.127652
MDMin:  1114 13:23:06    -2397.814399        0.127389
MDMin:  1115 13:23:07    -2397.814410        0.127122
MDMin:  1116 13:23:08    -2397.814420        0.126850
MDMin:  1117 13:23:10    -2397.814431        0.126573
MDMin:  1118 13:23:11    -2397.814441        0.126291
MDMin:  1119 13:23:12    -2397.814452        0.126005
MDMin:  1120 13:23:14    -2397.814463        0.125714
MDMin:  1121 13:23:16    -2397.814474        0.125418
MDMin:  1122 13:23:18    -2397.814486        0.125118
MDMin:  1123 13:23:20    -2397.814497        0.124812
MDMin:  1124 13:23:21    -2397.814509        0.124503
MDMin:  1125 13:23:22    -2397.814521        0.124188
MDMin:  1126 13:23:23    -2397.814533        0.123869
MDMin:  1127 13:23:25    -2397.814545        0.123546
MDMin:  1128 13:23:26    -2397.814557        0.123217
MDMin:  1129 13:23:28    -2397.814569        0.122885
MDMin:  1130 13:23:30    -2397.814582        0.122547
MDMin:  1131 13:23:32    -2397.814595        0.122206
MDMin:  1132 13:23:34    -2397.814608        0.121859
MDMin:  1133 13:23:36    -2397.814621        0.121509
MDMin:  1134 13:23:38    -2397.814634        0.121154
MDMin:  1135 13:23:40    -2397.814647        0.120795
MDMin:  1136 13:23:42    -2397.814660        0.120431
MDMin:  1137 13:23:44    -2397.814674        0.120063
MDMin:  1138 13:23:46    -2397.814688        0.119691
MDMin:  1139 13:23:48    -2397.814702        0.119314
MDMin:  1140 13:23:49    -2397.814715        0.118933
MDMin:  1141 13:23:51    -2397.814730        0.118549
MDMin:  1142 13:23:53    -2397.814744        0.118159
MDMin:  1143 13:23:54    -2397.814758        0.117767
MDMin:  1144 13:23:55    -2397.814772        0.117369
MDMin:  1145 13:23:57    -2397.814787        0.116969
MDMin:  1146 13:23:58    -2397.814802        0.116563
MDMin:  1147 13:23:59    -2397.814816        0.116155
MDMin:  1148 13:24:01    -2397.814831        0.116578
MDMin:  1149 13:24:02    -2397.814846        0.117445
MDMin:  1150 13:24:03    -2397.814861        0.118314
MDMin:  1151 13:24:04    -2397.814876        0.119181
MDMin:  1152 13:24:06    -2397.814892        0.120045
MDMin:  1153 13:24:07    -2397.814907        0.120898
MDMin:  1154 13:24:08    -2397.814922        0.121738
MDMin:  1155 13:24:10    -2397.814937        0.122520
MDMin:  1156 13:24:11    -2397.814950        0.139914
MDMin:  1157 13:24:12    -2397.814959        0.123699
MDMin:  1158 13:24:14    -2397.814967        0.124093
MDMin:  1159 13:24:15    -2397.814974        0.124454
MDMin:  1160 13:24:16    -2397.814982        0.124818
MDMin:  1161 13:24:18    -2397.814989        0.125181
MDMin:  1162 13:24:20    -2397.814997        0.125546
MDMin:  1163 13:24:22    -2397.815004        0.125912
MDMin:  1164 13:24:23    -2397.815012        0.126277
MDMin:  1165 13:24:24    -2397.815020        0.126643
MDMin:  1166 13:24:25    -2397.815028        0.127007
MDMin:  1167 13:24:27    -2397.815037        0.127369
MDMin:  1168 13:24:28    -2397.815045        0.127729
MDMin:  1169 13:24:29    -2397.815054        0.128085
MDMin:  1170 13:24:30    -2397.815062        0.128437
MDMin:  1171 13:24:32    -2397.815071        0.128785
MDMin:  1172 13:24:33    -2397.815080        0.129127
MDMin:  1173 13:24:34    -2397.815089        0.129462
MDMin:  1174 13:24:36    -2397.815098        0.129789
MDMin:  1175 13:24:37    -2397.815107        0.130109
MDMin:  1176 13:24:38    -2397.815117        0.130419
MDMin:  1177 13:24:39    -2397.815126        0.130719
MDMin:  1178 13:24:41    -2397.815136        0.131007
MDMin:  1179 13:24:42    -2397.815145        0.131284
MDMin:  1180 13:24:43    -2397.815155        0.131547
MDMin:  1181 13:24:44    -2397.815165        0.131796
MDMin:  1182 13:24:46    -2397.815175        0.132029
MDMin:  1183 13:24:48    -2397.815186        0.132247
MDMin:  1184 13:24:50    -2397.815196        0.132447
MDMin:  1185 13:24:52    -2397.815206        0.132628
MDMin:  1186 13:24:54    -2397.815217        0.132790
MDMin:  1187 13:24:55    -2397.815228        0.132932
MDMin:  1188 13:24:57    -2397.815238        0.133052
MDMin:  1189 13:24:58    -2397.815249        0.133150
MDMin:  1190 13:25:00    -2397.815260        0.133224
MDMin:  1191 13:25:01    -2397.815271        0.133273
MDMin:  1192 13:25:02    -2397.815283        0.133297
MDMin:  1193 13:25:04    -2397.815294        0.133295
MDMin:  1194 13:25:05    -2397.815305        0.133265
MDMin:  1195 13:25:06    -2397.815317        0.133207
MDMin:  1196 13:25:07    -2397.815328        0.133120
MDMin:  1197 13:25:09    -2397.815340        0.133004
MDMin:  1198 13:25:10    -2397.815352        0.132858
MDMin:  1199 13:25:11    -2397.815364        0.132682
MDMin:  1200 13:25:13    -2397.815376        0.132474
MDMin:  1201 13:25:14    -2397.815388        0.132236
MDMin:  1202 13:25:15    -2397.815400        0.131965
MDMin:  1203 13:25:16    -2397.815413        0.131664
MDMin:  1204 13:25:18    -2397.815425        0.131330
MDMin:  1205 13:25:19    -2397.815437        0.130966
MDMin:  1206 13:25:20    -2397.815450        0.130570
MDMin:  1207 13:25:21    -2397.815463        0.130144
MDMin:  1208 13:25:22    -2397.815475        0.129686
MDMin:  1209 13:25:24    -2397.815488        0.129208
MDMin:  1210 13:25:25    -2397.815500        0.128701
MDMin:  1211 13:25:26    -2397.815512        0.128226
MDMin:  1212 13:25:27    -2397.815521        0.140330
MDMin:  1213 13:25:29    -2397.815528        0.127505
MDMin:  1214 13:25:30    -2397.815534        0.127225
MDMin:  1215 13:25:31    -2397.815540        0.126950
MDMin:  1216 13:25:33    -2397.815546        0.126665
MDMin:  1217 13:25:34    -2397.815552        0.126372
MDMin:  1218 13:25:35    -2397.815558        0.126069
MDMin:  1219 13:25:37    -2397.815564        0.125757
MDMin:  1220 13:25:38    -2397.815570        0.125436
MDMin:  1221 13:25:39    -2397.815577        0.125106
MDMin:  1222 13:25:41    -2397.815583        0.124767
MDMin:  1223 13:25:42    -2397.815590        0.124418
MDMin:  1224 13:25:44    -2397.815596        0.124061
MDMin:  1225 13:25:46    -2397.815603        0.123694
MDMin:  1226 13:25:48    -2397.815610        0.123319
MDMin:  1227 13:25:50    -2397.815617        0.122935
MDMin:  1228 13:25:51    -2397.815624        0.122541
MDMin:  1229 13:25:52    -2397.815631        0.122140
MDMin:  1230 13:25:54    -2397.815639        0.121730
MDMin:  1231 13:25:56    -2397.815646        0.121311
MDMin:  1232 13:25:58    -2397.815654        0.120884
MDMin:  1233 13:26:00    -2397.815661        0.120450
MDMin:  1234 13:26:03    -2397.815669        0.120007
MDMin:  1235 13:26:05    -2397.815677        0.119558
MDMin:  1236 13:26:06    -2397.815684        0.119101
MDMin:  1237 13:26:08    -2397.815692        0.118636
MDMin:  1238 13:26:09    -2397.815700        0.118165
MDMin:  1239 13:26:10    -2397.815709        0.117688
MDMin:  1240 13:26:12    -2397.815717        0.117204
MDMin:  1241 13:26:13    -2397.815725        0.116714
MDMin:  1242 13:26:14    -2397.815733        0.116219
MDMin:  1243 13:26:15    -2397.815742        0.115718
MDMin:  1244 13:26:17    -2397.815750        0.115211
MDMin:  1245 13:26:18    -2397.815759        0.114699
MDMin:  1246 13:26:20    -2397.815767        0.114183
MDMin:  1247 13:26:23    -2397.815776        0.113661
MDMin:  1248 13:26:25    -2397.815785        0.113135
MDMin:  1249 13:26:26    -2397.815794        0.112604
MDMin:  1250 13:26:28    -2397.815803        0.112068
MDMin:  1251 13:26:30    -2397.815812        0.111528
MDMin:  1252 13:26:32    -2397.815821        0.110983
MDMin:  1253 13:26:34    -2397.815830        0.110433
MDMin:  1254 13:26:35    -2397.815839        0.109878
MDMin:  1255 13:26:36    -2397.815848        0.109996
MDMin:  1256 13:26:38    -2397.815857        0.110318
MDMin:  1257 13:26:39    -2397.815867        0.110647
MDMin:  1258 13:26:41    -2397.815876        0.110983
MDMin:  1259 13:26:42    -2397.815886        0.111324
MDMin:  1260 13:26:44    -2397.815895        0.111673
MDMin:  1261 13:26:46    -2397.815905        0.112027
MDMin:  1262 13:26:48    -2397.815914        0.112389
MDMin:  1263 13:26:49    -2397.815924        0.112755
MDMin:  1264 13:26:51    -2397.815933        0.113131
MDMin:  1265 13:26:52    -2397.815943        0.113506
MDMin:  1266 13:26:54    -2397.815953        0.113901
MDMin:  1267 13:26:56    -2397.815963        0.114277
MDMin:  1268 13:26:57    -2397.815972        0.114703
MDMin:  1269 13:26:58    -2397.815982        0.115057
MDMin:  1270 13:27:00    -2397.815992        0.115550
MDMin:  1271 13:27:02    -2397.816001        0.115802
MDMin:  1272 13:27:03    -2397.816010        0.134489
MDMin:  1273 13:27:05    -2397.816017        0.116431
MDMin:  1274 13:27:06    -2397.816022        0.116863
MDMin:  1275 13:27:07    -2397.816026        0.116958
MDMin:  1276 13:27:09    -2397.816031        0.117192
MDMin:  1277 13:27:11    -2397.816036        0.117379
MDMin:  1278 13:27:13    -2397.816040        0.117590
MDMin:  1279 13:27:14    -2397.816045        0.117797
MDMin:  1280 13:27:16    -2397.816050        0.118012
MDMin:  1281 13:27:17    -2397.816055        0.118230
MDMin:  1282 13:27:19    -2397.816060        0.118453
MDMin:  1283 13:27:21    -2397.816065        0.118680
MDMin:  1284 13:27:22    -2397.816070        0.118911
MDMin:  1285 13:27:24    -2397.816075        0.119147
MDMin:  1286 13:27:25    -2397.816081        0.119387
MDMin:  1287 13:27:26    -2397.816086        0.119632
MDMin:  1288 13:27:28    -2397.816091        0.119881
MDMin:  1289 13:27:30    -2397.816097        0.120134
MDMin:  1290 13:27:32    -2397.816102        0.120392
MDMin:  1291 13:27:35    -2397.816108        0.120654
MDMin:  1292 13:27:37    -2397.816113        0.120920
MDMin:  1293 13:27:39    -2397.816119        0.121190
MDMin:  1294 13:27:40    -2397.816125        0.121465
MDMin:  1295 13:27:41    -2397.816131        0.121744
MDMin:  1296 13:27:42    -2397.816137        0.122026
MDMin:  1297 13:27:44    -2397.816143        0.122313
MDMin:  1298 13:27:45    -2397.816149        0.122604
MDMin:  1299 13:27:46    -2397.816155        0.122899
MDMin:  1300 13:27:47    -2397.816161        0.123197
MDMin:  1301 13:27:49    -2397.816167        0.123499
MDMin:  1302 13:27:50    -2397.816173        0.123804
MDMin:  1303 13:27:51    -2397.816179        0.124113
MDMin:  1304 13:27:53    -2397.816186        0.124426
MDMin:  1305 13:27:55    -2397.816192        0.124741
MDMin:  1306 13:27:57    -2397.816198        0.125059
MDMin:  1307 13:27:59    -2397.816205        0.125380
MDMin:  1308 13:28:01    -2397.816211        0.125704
MDMin:  1309 13:28:03    -2397.816218        0.126030
MDMin:  1310 13:28:05    -2397.816224        0.126358
MDMin:  1311 13:28:07    -2397.816231        0.126688
MDMin:  1312 13:28:09    -2397.816237        0.127020
MDMin:  1313 13:28:11    -2397.816244        0.127353
MDMin:  1314 13:28:13    -2397.816251        0.127687
MDMin:  1315 13:28:15    -2397.816258        0.128023
MDMin:  1316 13:28:17    -2397.816264        0.128359
MDMin:  1317 13:28:18    -2397.816271        0.128695
MDMin:  1318 13:28:20    -2397.816278        0.129031
MDMin:  1319 13:28:21    -2397.816285        0.129366
MDMin:  1320 13:28:23    -2397.816292        0.129701
MDMin:  1321 13:28:26    -2397.816299        0.130036
MDMin:  1322 13:28:28    -2397.816306        0.130369
MDMin:  1323 13:28:30    -2397.816313        0.130700
MDMin:  1324 13:28:31    -2397.816320        0.131030
MDMin:  1325 13:28:33    -2397.816327        0.131357
MDMin:  1326 13:28:35    -2397.816334        0.131681
MDMin:  1327 13:28:37    -2397.816341        0.132003
MDMin:  1328 13:28:39    -2397.816348        0.132318
MDMin:  1329 13:28:40    -2397.816355        0.132633
MDMin:  1330 13:28:42    -2397.816362        0.132936
MDMin:  1331 13:28:43    -2397.816370        0.133246
MDMin:  1332 13:28:44    -2397.816377        0.133523
MDMin:  1333 13:28:46    -2397.816384        0.133846
MDMin:  1334 13:28:47    -2397.816391        0.134057
MDMin:  1335 13:28:49    -2397.816398        0.134454
MDMin:  1336 13:28:51    -2397.816405        0.135354
MDMin:  1337 13:28:53    -2397.816410        0.135012
MDMin:  1338 13:28:55    -2397.816415        0.134839
MDMin:  1339 13:28:57    -2397.816418        0.135148
MDMin:  1340 13:28:59    -2397.816422        0.135181
MDMin:  1341 13:29:01    -2397.816425        0.135315
MDMin:  1342 13:29:03    -2397.816429        0.135407
MDMin:  1343 13:29:05    -2397.816432        0.135514
MDMin:  1344 13:29:07    -2397.816436        0.135612
MDMin:  1345 13:29:09    -2397.816439        0.135712
MDMin:  1346 13:29:10    -2397.816443        0.135808
MDMin:  1347 13:29:12    -2397.816447        0.135904
MDMin:  1348 13:29:14    -2397.816451        0.135996
MDMin:  1349 13:29:16    -2397.816454        0.136086
MDMin:  1350 13:29:18    -2397.816458        0.136173
MDMin:  1351 13:29:19    -2397.816462        0.136256
MDMin:  1352 13:29:21    -2397.816466        0.136337
MDMin:  1353 13:29:23    -2397.816470        0.136413
MDMin:  1354 13:29:24    -2397.816474        0.136485
MDMin:  1355 13:29:25    -2397.816479        0.136553
MDMin:  1356 13:29:27    -2397.816483        0.136617
MDMin:  1357 13:29:28    -2397.816487        0.136675
MDMin:  1358 13:29:29    -2397.816491        0.136728
MDMin:  1359 13:29:31    -2397.816495        0.136775
MDMin:  1360 13:29:32    -2397.816500        0.136817
MDMin:  1361 13:29:33    -2397.816504        0.136852
MDMin:  1362 13:29:35    -2397.816509        0.136881
MDMin:  1363 13:29:37    -2397.816513        0.136903
MDMin:  1364 13:29:39    -2397.816518        0.136918
MDMin:  1365 13:29:41    -2397.816522        0.136925
MDMin:  1366 13:29:43    -2397.816527        0.136924
MDMin:  1367 13:29:44    -2397.816531        0.136916
MDMin:  1368 13:29:45    -2397.816536        0.136899
MDMin:  1369 13:29:48    -2397.816541        0.136873
MDMin:  1370 13:29:50    -2397.816545        0.136838
MDMin:  1371 13:29:52    -2397.816550        0.136794
MDMin:  1372 13:29:54    -2397.816555        0.136740
MDMin:  1373 13:29:55    -2397.816560        0.136676
MDMin:  1374 13:29:56    -2397.816565        0.136602
MDMin:  1375 13:29:58    -2397.816569        0.136518
MDMin:  1376 13:29:59    -2397.816574        0.136423
MDMin:  1377 13:30:00    -2397.816579        0.136317
MDMin:  1378 13:30:02    -2397.816584        0.136200
MDMin:  1379 13:30:03    -2397.816589        0.136072
MDMin:  1380 13:30:05    -2397.816594        0.135932
MDMin:  1381 13:30:08    -2397.816599        0.135781
MDMin:  1382 13:30:09    -2397.816604        0.135617
MDMin:  1383 13:30:11    -2397.816610        0.135442
MDMin:  1384 13:30:13    -2397.816615        0.135254
MDMin:  1385 13:30:15    -2397.816620        0.135055
MDMin:  1386 13:30:17    -2397.816625        0.134842
MDMin:  1387 13:30:19    -2397.816630        0.134619
MDMin:  1388 13:30:20    -2397.816635        0.134378
MDMin:  1389 13:30:23    -2397.816641        0.134135
MDMin:  1390 13:30:24    -2397.816646        0.133861
MDMin:  1391 13:30:25    -2397.816651        0.133605
MDMin:  1392 13:30:27    -2397.816657        0.133283
MDMin:  1393 13:30:30    -2397.816662        0.133046
MDMin:  1394 13:30:31    -2397.816667        0.132615
MDMin:  1395 13:30:33    -2397.816672        0.132515
MDMin:  1396 13:30:36    -2397.816678        0.131771
MDMin:  1397 13:30:37    -2397.816683        0.132193
MDMin:  1398 13:30:39    -2397.816687        0.142563
MDMin:  1399 13:30:41    -2397.816690        0.131675
MDMin:  1400 13:30:44    -2397.816693        0.130927
MDMin:  1401 13:30:45    -2397.816695        0.130978
MDMin:  1402 13:30:46    -2397.816697        0.130727
MDMin:  1403 13:30:47    -2397.816700        0.130571
MDMin:  1404 13:30:49    -2397.816702        0.130372
MDMin:  1405 13:30:51    -2397.816705        0.130183
MDMin:  1406 13:30:53    -2397.816708        0.129983
MDMin:  1407 13:30:55    -2397.816710        0.129780
MDMin:  1408 13:30:57    -2397.816713        0.129570
MDMin:  1409 13:30:59    -2397.816715        0.129355
MDMin:  1410 13:31:01    -2397.816718        0.129135
MDMin:  1411 13:31:02    -2397.816721        0.128909
MDMin:  1412 13:31:04    -2397.816724        0.128676
MDMin:  1413 13:31:06    -2397.816727        0.128439
MDMin:  1414 13:31:08    -2397.816730        0.128195
MDMin:  1415 13:31:10    -2397.816732        0.127945
MDMin:  1416 13:31:12    -2397.816735        0.127689
MDMin:  1417 13:31:14    -2397.816738        0.127427
MDMin:  1418 13:31:16    -2397.816741        0.127158
MDMin:  1419 13:31:19    -2397.816744        0.126884
MDMin:  1420 13:31:21    -2397.816748        0.126603
MDMin:  1421 13:31:23    -2397.816751        0.126315
MDMin:  1422 13:31:24    -2397.816754        0.126021
MDMin:  1423 13:31:26    -2397.816757        0.125721
MDMin:  1424 13:31:28    -2397.816760        0.125413
MDMin:  1425 13:31:30    -2397.816763        0.125100
MDMin:  1426 13:31:32    -2397.816767        0.124779
MDMin:  1427 13:31:34    -2397.816770        0.124452
MDMin:  1428 13:31:35    -2397.816773        0.124118
MDMin:  1429 13:31:36    -2397.816777        0.123777
MDMin:  1430 13:31:38    -2397.816780        0.123429
MDMin:  1431 13:31:39    -2397.816783        0.123074
MDMin:  1432 13:31:41    -2397.816787        0.122713
MDMin:  1433 13:31:42    -2397.816790        0.122344
MDMin:  1434 13:31:44    -2397.816794        0.121969
MDMin:  1435 13:31:46    -2397.816797        0.121586
MDMin:  1436 13:31:48    -2397.816801        0.121197
MDMin:  1437 13:31:49    -2397.816804        0.120801
MDMin:  1438 13:31:50    -2397.816808        0.120397
MDMin:  1439 13:31:51    -2397.816812        0.119987
MDMin:  1440 13:31:53    -2397.816815        0.119569
MDMin:  1441 13:31:55    -2397.816819        0.119145
MDMin:  1442 13:31:57    -2397.816823        0.118713
MDMin:  1443 13:31:59    -2397.816826        0.118274
MDMin:  1444 13:32:00    -2397.816830        0.117827
MDMin:  1445 13:32:02    -2397.816834        0.117374
MDMin:  1446 13:32:04    -2397.816837        0.116913
MDMin:  1447 13:32:06    -2397.816841        0.116446
MDMin:  1448 13:32:08    -2397.816845        0.115968
MDMin:  1449 13:32:10    -2397.816849        0.115491
MDMin:  1450 13:32:11    -2397.816852        0.114995
MDMin:  1451 13:32:13    -2397.816856        0.114527
MDMin:  1452 13:32:14    -2397.816860        0.114033
MDMin:  1453 13:32:16    -2397.816863        0.113695
MDMin:  1454 13:32:18    -2397.816865        0.113374
MDMin:  1455 13:32:20    -2397.816867        0.113173
MDMin:  1456 13:32:21    -2397.816868        0.112938
MDMin:  1457 13:32:22    -2397.816870        0.112709
MDMin:  1458 13:32:23    -2397.816872        0.112472
MDMin:  1459 13:32:25    -2397.816873        0.112230
MDMin:  1460 13:32:27    -2397.816875        0.111983
MDMin:  1461 13:32:29    -2397.816877        0.111730
MDMin:  1462 13:32:31    -2397.816879        0.111473
MDMin:  1463 13:32:33    -2397.816881        0.111209
MDMin:  1464 13:32:35    -2397.816882        0.110940
MDMin:  1465 13:32:37    -2397.816884        0.110666
MDMin:  1466 13:32:39    -2397.816886        0.110386
MDMin:  1467 13:32:41    -2397.816888        0.110101
MDMin:  1468 13:32:43    -2397.816890        0.109811
MDMin:  1469 13:32:45    -2397.816892        0.109516
MDMin:  1470 13:32:47    -2397.816894        0.109215
MDMin:  1471 13:32:49    -2397.816896        0.108910
MDMin:  1472 13:32:51    -2397.816898        0.108600
MDMin:  1473 13:32:52    -2397.816901        0.108284
MDMin:  1474 13:32:54    -2397.816903        0.107964
MDMin:  1475 13:32:56    -2397.816905        0.107638
MDMin:  1476 13:32:58    -2397.816907        0.107308
MDMin:  1477 13:33:00    -2397.816909        0.106972
MDMin:  1478 13:33:02    -2397.816911        0.106631
MDMin:  1479 13:33:03    -2397.816914        0.106286
MDMin:  1480 13:33:05    -2397.816916        0.105935
MDMin:  1481 13:33:07    -2397.816918        0.105578
MDMin:  1482 13:33:10    -2397.816921        0.105217
MDMin:  1483 13:33:11    -2397.816923        0.104851
MDMin:  1484 13:33:13    -2397.816925        0.104479
MDMin:  1485 13:33:15    -2397.816928        0.104102
MDMin:  1486 13:33:17    -2397.816930        0.103720
MDMin:  1487 13:33:19    -2397.816932        0.103332
MDMin:  1488 13:33:21    -2397.816935        0.102939
MDMin:  1489 13:33:23    -2397.816937        0.102541
MDMin:  1490 13:33:25    -2397.816940        0.102137
MDMin:  1491 13:33:27    -2397.816942        0.101728
MDMin:  1492 13:33:29    -2397.816945        0.101314
MDMin:  1493 13:33:31    -2397.816947        0.100894
MDMin:  1494 13:33:33    -2397.816950        0.100469
MDMin:  1495 13:33:34    -2397.816953        0.100038
MDMin:  1496 13:33:35    -2397.816955        0.099601
MDMin:  1497 13:33:37    -2397.816958        0.099159
MDMin:  1498 13:33:39    -2397.816960        0.098711
MDMin:  1499 13:33:41    -2397.816963        0.098258
MDMin:  1500 13:33:43    -2397.816966        0.097799
MDMin:  1501 13:33:45    -2397.816968        0.097334
MDMin:  1502 13:33:47    -2397.816971        0.096863
MDMin:  1503 13:33:48    -2397.816974        0.096386
MDMin:  1504 13:33:50    -2397.816976        0.095903
MDMin:  1505 13:33:52    -2397.816979        0.095415
MDMin:  1506 13:33:54    -2397.816982        0.094920
MDMin:  1507 13:33:56    -2397.816984        0.094422
MDMin:  1508 13:33:58    -2397.816987        0.093913
MDMin:  1509 13:34:00    -2397.816990        0.093410
MDMin:  1510 13:34:02    -2397.816992        0.092889
MDMin:  1511 13:34:04    -2397.816995        0.092434
MDMin:  1512 13:34:06    -2397.816997        0.095039
MDMin:  1513 13:34:08    -2397.816999        0.091791
MDMin:  1514 13:34:10    -2397.817000        0.091563
MDMin:  1515 13:34:11    -2397.817001        0.091355
MDMin:  1516 13:34:13    -2397.817002        0.091137
MDMin:  1517 13:34:16    -2397.817003        0.090915
MDMin:  1518 13:34:18    -2397.817004        0.090688
MDMin:  1519 13:34:20    -2397.817005        0.090456
MDMin:  1520 13:34:22    -2397.817006        0.090219
MDMin:  1521 13:34:24    -2397.817008        0.089978
MDMin:  1522 13:34:26    -2397.817009        0.089732
MDMin:  1523 13:34:28    -2397.817010        0.089481
MDMin:  1524 13:34:30    -2397.817011        0.089226
MDMin:  1525 13:34:32    -2397.817013        0.088965
MDMin:  1526 13:34:34    -2397.817014        0.088700
MDMin:  1527 13:34:36    -2397.817015        0.088483
MDMin:  1528 13:34:38    -2397.817017        0.088390
MDMin:  1529 13:34:40    -2397.817018        0.088294
MDMin:  1530 13:34:42    -2397.817019        0.088193
MDMin:  1531 13:34:43    -2397.817021        0.088087
MDMin:  1532 13:34:45    -2397.817022        0.087976
MDMin:  1533 13:34:47    -2397.817024        0.087861
MDMin:  1534 13:34:50    -2397.817025        0.087742
MDMin:  1535 13:34:52    -2397.817026        0.087619
MDMin:  1536 13:34:54    -2397.817028        0.087492
MDMin:  1537 13:34:56    -2397.817029        0.087360
MDMin:  1538 13:34:58    -2397.817031        0.087223
MDMin:  1539 13:35:00    -2397.817032        0.087080
MDMin:  1540 13:35:02    -2397.817034        0.086932
MDMin:  1541 13:35:04    -2397.817036        0.086777
MDMin:  1542 13:35:06    -2397.817037        0.086615
MDMin:  1543 13:35:08    -2397.817039        0.086446
MDMin:  1544 13:35:10    -2397.817040        0.086268
MDMin:  1545 13:35:11    -2397.817042        0.086081
MDMin:  1546 13:35:13    -2397.817044        0.085885
MDMin:  1547 13:35:15    -2397.817045        0.085679
MDMin:  1548 13:35:16    -2397.817047        0.085461
MDMin:  1549 13:35:18    -2397.817048        0.085231
MDMin:  1550 13:35:20    -2397.817050        0.084988
MDMin:  1551 13:35:22    -2397.817052        0.084731
MDMin:  1552 13:35:24    -2397.817053        0.084458
MDMin:  1553 13:35:26    -2397.817055        0.084169
MDMin:  1554 13:35:28    -2397.817057        0.083863
MDMin:  1555 13:35:30    -2397.817059        0.083538
MDMin:  1556 13:35:31    -2397.817060        0.083192
MDMin:  1557 13:35:33    -2397.817062        0.082825
MDMin:  1558 13:35:34    -2397.817064        0.082436
MDMin:  1559 13:35:36    -2397.817066        0.082021
MDMin:  1560 13:35:38    -2397.817067        0.081581
MDMin:  1561 13:35:40    -2397.817069        0.081114
MDMin:  1562 13:35:42    -2397.817071        0.080618
MDMin:  1563 13:35:44    -2397.817073        0.080091
MDMin:  1564 13:35:46    -2397.817075        0.079532
MDMin:  1565 13:35:47    -2397.817076        0.078940
MDMin:  1566 13:35:49    -2397.817078        0.078314
MDMin:  1567 13:35:50    -2397.817080        0.077650
MDMin:  1568 13:35:51    -2397.817082        0.076950
MDMin:  1569 13:35:53    -2397.817084        0.076208
MDMin:  1570 13:35:54    -2397.817085        0.075431
MDMin:  1571 13:35:56    -2397.817087        0.074605
MDMin:  1572 13:35:58    -2397.817089        0.073751
MDMin:  1573 13:35:59    -2397.817091        0.072829
MDMin:  1574 13:36:01    -2397.817093        0.071914
MDMin:  1575 13:36:03    -2397.817095        0.070873
MDMin:  1576 13:36:04    -2397.817096        0.070007
MDMin:  1577 13:36:06    -2397.817098        0.094759
MDMin:  1578 13:36:08    -2397.817099        0.069250
MDMin:  1579 13:36:09    -2397.817100        0.069087
MDMin:  1580 13:36:11    -2397.817100        0.068906
MDMin:  1581 13:36:13    -2397.817101        0.068723
MDMin:  1582 13:36:15    -2397.817102        0.068536
MDMin:  1583 13:36:17    -2397.817102        0.068344
MDMin:  1584 13:36:19    -2397.817103        0.068148
MDMin:  1585 13:36:21    -2397.817104        0.067947
MDMin:  1586 13:36:23    -2397.817105        0.067742
MDMin:  1587 13:36:25    -2397.817105        0.067533
MDMin:  1588 13:36:27    -2397.817106        0.067319
MDMin:  1589 13:36:28    -2397.817107        0.067100
MDMin:  1590 13:36:30    -2397.817108        0.066876
MDMin:  1591 13:36:31    -2397.817109        0.066648
MDMin:  1592 13:36:33    -2397.817109        0.066415
MDMin:  1593 13:36:35    -2397.817110        0.066177
MDMin:  1594 13:36:37    -2397.817111        0.065934
MDMin:  1595 13:36:39    -2397.817112        0.065686
MDMin:  1596 13:36:41    -2397.817113        0.065434
MDMin:  1597 13:36:42    -2397.817114        0.065176
MDMin:  1598 13:36:44    -2397.817115        0.064912
MDMin:  1599 13:36:46    -2397.817116        0.064644
MDMin:  1600 13:36:48    -2397.817117        0.064370
MDMin:  1601 13:36:49    -2397.817118        0.064091
MDMin:  1602 13:36:51    -2397.817119        0.063806
MDMin:  1603 13:36:53    -2397.817119        0.063516
MDMin:  1604 13:36:54    -2397.817120        0.063219
MDMin:  1605 13:36:56    -2397.817121        0.062917
MDMin:  1606 13:36:58    -2397.817122        0.062609
MDMin:  1607 13:37:00    -2397.817124        0.062295
MDMin:  1608 13:37:02    -2397.817125        0.061975
MDMin:  1609 13:37:03    -2397.817126        0.061649
MDMin:  1610 13:37:04    -2397.817127        0.061316
MDMin:  1611 13:37:06    -2397.817128        0.060977
MDMin:  1612 13:37:08    -2397.817129        0.060631
MDMin:  1613 13:37:10    -2397.817130        0.060278
MDMin:  1614 13:37:12    -2397.817131        0.059919
MDMin:  1615 13:37:13    -2397.817132        0.059553
MDMin:  1616 13:37:14    -2397.817133        0.059180
MDMin:  1617 13:37:16    -2397.817134        0.058799
MDMin:  1618 13:37:18    -2397.817135        0.058412
MDMin:  1619 13:37:20    -2397.817137        0.058017
MDMin:  1620 13:37:22    -2397.817138        0.057615
MDMin:  1621 13:37:23    -2397.817139        0.057205
MDMin:  1622 13:37:24    -2397.817140        0.056788
MDMin:  1623 13:37:26    -2397.817141        0.056364
MDMin:  1624 13:37:28    -2397.817143        0.055932
MDMin:  1625 13:37:30    -2397.817144        0.055492
MDMin:  1626 13:37:32    -2397.817145        0.055045
MDMin:  1627 13:37:34    -2397.817146        0.054591
MDMin:  1628 13:37:36    -2397.817148        0.054129
MDMin:  1629 13:37:38    -2397.817149        0.053659
MDMin:  1630 13:37:40    -2397.817150        0.053183
MDMin:  1631 13:37:42    -2397.817151        0.052699
MDMin:  1632 13:37:44    -2397.817153        0.052208
MDMin:  1633 13:37:46    -2397.817154        0.051710
MDMin:  1634 13:37:47    -2397.817155        0.051205
MDMin:  1635 13:37:49    -2397.817156        0.050695
MDMin:  1636 13:37:51    -2397.817158        0.050177
MDMin:  1637 13:37:53    -2397.817159        0.049656
