       Step     Time          Energy          fmax
MDMin:    0 02:18:09    -2397.362542        0.145837
MDMin:    1 02:18:11    -2397.362542        0.145820
MDMin:    2 02:18:12    -2397.362542        0.145769
MDMin:    3 02:18:14    -2397.362542        0.145684
MDMin:    4 02:18:15    -2397.362543        0.145565
MDMin:    5 02:18:17    -2397.362543        0.145413
MDMin:    6 02:18:19    -2397.362544        0.145338
MDMin:    7 02:18:21    -2397.362545        0.145250
MDMin:    8 02:18:23    -2397.362546        0.145149
MDMin:    9 02:18:25    -2397.362548        0.145033
MDMin:   10 02:18:26    -2397.362549        0.144904
MDMin:   11 02:18:28    -2397.362551        0.144760
MDMin:   12 02:18:29    -2397.362552        0.144602
MDMin:   13 02:18:31    -2397.362554        0.144430
MDMin:   14 02:18:32    -2397.362556        0.144242
MDMin:   15 02:18:33    -2397.362558        0.144040
MDMin:   16 02:18:34    -2397.362561        0.143822
MDMin:   17 02:18:35    -2397.362563        0.143589
MDMin:   18 02:18:37    -2397.362566        0.143339
MDMin:   19 02:18:38    -2397.362569        0.143074
MDMin:   20 02:18:40    -2397.362572        0.142791
MDMin:   21 02:18:41    -2397.362575        0.142492
MDMin:   22 02:18:42    -2397.362579        0.142174
MDMin:   23 02:18:43    -2397.362582        0.141839
MDMin:   24 02:18:44    -2397.362586        0.141486
MDMin:   25 02:18:46    -2397.362590        0.141114
MDMin:   26 02:18:47    -2397.362594        0.140722
MDMin:   27 02:18:48    -2397.362598        0.140309
MDMin:   28 02:18:49    -2397.362603        0.139875
MDMin:   29 02:18:51    -2397.362608        0.139470
MDMin:   30 02:18:53    -2397.362613        0.139433
MDMin:   31 02:18:55    -2397.362618        0.139394
MDMin:   32 02:18:56    -2397.362623        0.139351
MDMin:   33 02:18:57    -2397.362629        0.139305
MDMin:   34 02:18:58    -2397.362634        0.139255
MDMin:   35 02:19:00    -2397.362640        0.139202
MDMin:   36 02:19:01    -2397.362646        0.139146
MDMin:   37 02:19:03    -2397.362653        0.139086
MDMin:   38 02:19:04    -2397.362659        0.139022
MDMin:   39 02:19:05    -2397.362666        0.138954
MDMin:   40 02:19:06    -2397.362673        0.138883
MDMin:   41 02:19:07    -2397.362680        0.138808
MDMin:   42 02:19:09    -2397.362688        0.138729
MDMin:   43 02:19:10    -2397.362695        0.138646
MDMin:   44 02:19:11    -2397.362703        0.138560
MDMin:   45 02:19:12    -2397.362711        0.138470
MDMin:   46 02:19:14    -2397.362719        0.138376
MDMin:   47 02:19:16    -2397.362727        0.138280
MDMin:   48 02:19:17    -2397.362736        0.138180
MDMin:   49 02:19:19    -2397.362744        0.138078
MDMin:   50 02:19:21    -2397.362753        0.137973
MDMin:   51 02:19:23    -2397.362762        0.137866
MDMin:   52 02:19:25    -2397.362772        0.137757
MDMin:   53 02:19:27    -2397.362781        0.137647
MDMin:   54 02:19:29    -2397.362791        0.137536
MDMin:   55 02:19:31    -2397.362800        0.137424
MDMin:   56 02:19:32    -2397.362810        0.137313
MDMin:   57 02:19:34    -2397.362821        0.137203
MDMin:   58 02:19:36    -2397.362831        0.137094
MDMin:   59 02:19:39    -2397.362842        0.136988
MDMin:   60 02:19:41    -2397.362853        0.136885
MDMin:   61 02:19:43    -2397.362864        0.136787
MDMin:   62 02:19:44    -2397.362876        0.136694
MDMin:   63 02:19:46    -2397.362888        0.136607
MDMin:   64 02:19:47    -2397.362900        0.136528
MDMin:   65 02:19:49    -2397.362913        0.136458
MDMin:   66 02:19:51    -2397.362926        0.136398
MDMin:   67 02:19:52    -2397.362939        0.136350
MDMin:   68 02:19:53    -2397.362953        0.136315
MDMin:   69 02:19:55    -2397.362968        0.136295
MDMin:   70 02:19:56    -2397.362983        0.136292
MDMin:   71 02:19:58    -2397.362998        0.136307
MDMin:   72 02:19:59    -2397.363014        0.136343
MDMin:   73 02:20:00    -2397.363031        0.136400
MDMin:   74 02:20:01    -2397.363048        0.136481
MDMin:   75 02:20:03    -2397.363067        0.136587
MDMin:   76 02:20:05    -2397.363085        0.136719
MDMin:   77 02:20:07    -2397.363105        0.136877
MDMin:   78 02:20:09    -2397.363126        0.137070
MDMin:   79 02:20:11    -2397.363147        0.137294
MDMin:   80 02:20:12    -2397.363170        0.137547
MDMin:   81 02:20:14    -2397.363194        0.137819
MDMin:   82 02:20:16    -2397.363218        0.138102
MDMin:   83 02:20:18    -2397.363244        0.138380
MDMin:   84 02:20:19    -2397.363271        0.138638
MDMin:   85 02:20:21    -2397.363299        0.138852
MDMin:   86 02:20:23    -2397.363329        0.138990
MDMin:   87 02:20:24    -2397.363359        0.139022
MDMin:   88 02:20:26    -2397.363392        0.138912
MDMin:   89 02:20:28    -2397.363425        0.138635
MDMin:   90 02:20:29    -2397.363460        0.138173
MDMin:   91 02:20:31    -2397.363497        0.137532
MDMin:   92 02:20:32    -2397.363536        0.136738
MDMin:   93 02:20:33    -2397.363576        0.135841
MDMin:   94 02:20:35    -2397.363618        0.135819
MDMin:   95 02:20:37    -2397.363661        0.135756
MDMin:   96 02:20:38    -2397.363707        0.135605
MDMin:   97 02:20:40    -2397.363755        0.135374
MDMin:   98 02:20:41    -2397.363804        0.135075
MDMin:   99 02:20:43    -2397.363855        0.134721
MDMin:  100 02:20:45    -2397.363909        0.134327
MDMin:  101 02:20:47    -2397.363964        0.133903
MDMin:  102 02:20:49    -2397.364022        0.133460
MDMin:  103 02:20:50    -2397.364081        0.133003
MDMin:  104 02:20:52    -2397.364143        0.132537
MDMin:  105 02:20:53    -2397.364206        0.132062
MDMin:  106 02:20:55    -2397.364272        0.131580
MDMin:  107 02:20:57    -2397.364340        0.131092
MDMin:  108 02:20:58    -2397.364409        0.130598
MDMin:  109 02:20:59    -2397.364480        0.130100
MDMin:  110 02:21:00    -2397.364553        0.129600
MDMin:  111 02:21:01    -2397.364624        0.149762
MDMin:  112 02:21:03    -2397.364676        0.246176
MDMin:  113 02:21:04    -2397.364694        0.128657
MDMin:  114 02:21:06    -2397.364714        0.128528
MDMin:  115 02:21:07    -2397.364734        0.128396
MDMin:  116 02:21:09    -2397.364755        0.128259
MDMin:  117 02:21:11    -2397.364776        0.128119
MDMin:  118 02:21:13    -2397.364798        0.127975
MDMin:  119 02:21:15    -2397.364821        0.127827
MDMin:  120 02:21:16    -2397.364845        0.127676
MDMin:  121 02:21:18    -2397.364869        0.127522
MDMin:  122 02:21:20    -2397.364894        0.127365
MDMin:  123 02:21:22    -2397.364919        0.127204
MDMin:  124 02:21:24    -2397.364946        0.127041
MDMin:  125 02:21:26    -2397.364973        0.126875
MDMin:  126 02:21:28    -2397.365000        0.126707
MDMin:  127 02:21:30    -2397.365029        0.126536
MDMin:  128 02:21:32    -2397.365058        0.126364
MDMin:  129 02:21:34    -2397.365088        0.126189
MDMin:  130 02:21:36    -2397.365119        0.126013
MDMin:  131 02:21:38    -2397.365150        0.125835
MDMin:  132 02:21:40    -2397.365182        0.125656
MDMin:  133 02:21:41    -2397.365214        0.125475
MDMin:  134 02:21:43    -2397.365248        0.125294
MDMin:  135 02:21:44    -2397.365282        0.125113
MDMin:  136 02:21:45    -2397.365317        0.124931
MDMin:  137 02:21:47    -2397.365352        0.124749
MDMin:  138 02:21:49    -2397.365388        0.124567
MDMin:  139 02:21:51    -2397.365425        0.124386
MDMin:  140 02:21:52    -2397.365462        0.124205
MDMin:  141 02:21:53    -2397.365500        0.124026
MDMin:  142 02:21:55    -2397.365539        0.123848
MDMin:  143 02:21:57    -2397.365578        0.123672
MDMin:  144 02:21:59    -2397.365618        0.123498
MDMin:  145 02:22:01    -2397.365659        0.123326
MDMin:  146 02:22:03    -2397.365700        0.123158
MDMin:  147 02:22:04    -2397.365741        0.122993
MDMin:  148 02:22:06    -2397.365783        0.122833
MDMin:  149 02:22:08    -2397.365826        0.122676
MDMin:  150 02:22:10    -2397.365869        0.122526
MDMin:  151 02:22:12    -2397.365913        0.122380
MDMin:  152 02:22:13    -2397.365958        0.122242
MDMin:  153 02:22:15    -2397.366002        0.122111
MDMin:  154 02:22:17    -2397.366047        0.121988
MDMin:  155 02:22:19    -2397.366093        0.121875
MDMin:  156 02:22:21    -2397.366139        0.121772
MDMin:  157 02:22:23    -2397.366185        0.121681
MDMin:  158 02:22:24    -2397.366232        0.121602
MDMin:  159 02:22:26    -2397.366279        0.121538
MDMin:  160 02:22:27    -2397.366327        0.121490
MDMin:  161 02:22:29    -2397.366374        0.121460
MDMin:  162 02:22:30    -2397.366422        0.121449
MDMin:  163 02:22:31    -2397.366470        0.121461
MDMin:  164 02:22:32    -2397.366519        0.121503
MDMin:  165 02:22:34    -2397.366567        0.121582
MDMin:  166 02:22:35    -2397.366616        0.121699
MDMin:  167 02:22:36    -2397.366665        0.121858
MDMin:  168 02:22:38    -2397.366714        0.122058
MDMin:  169 02:22:39    -2397.366762        0.122300
MDMin:  170 02:22:40    -2397.366811        0.122582
MDMin:  171 02:22:41    -2397.366860        0.122900
MDMin:  172 02:22:42    -2397.366909        0.123246
MDMin:  173 02:22:44    -2397.366958        0.123611
MDMin:  174 02:22:45    -2397.367007        0.123976
MDMin:  175 02:22:46    -2397.367055        0.124321
MDMin:  176 02:22:47    -2397.367104        0.124617
MDMin:  177 02:22:49    -2397.367152        0.124832
MDMin:  178 02:22:51    -2397.367200        0.124932
MDMin:  179 02:22:52    -2397.367248        0.124883
MDMin:  180 02:22:53    -2397.367295        0.124662
MDMin:  181 02:22:55    -2397.367343        0.124259
MDMin:  182 02:22:57    -2397.367390        0.123689
MDMin:  183 02:22:58    -2397.367437        0.122989
MDMin:  184 02:22:59    -2397.367483        0.122216
MDMin:  185 02:23:01    -2397.367530        0.121437
MDMin:  186 02:23:02    -2397.367576        0.120709
MDMin:  187 02:23:04    -2397.367622        0.120071
MDMin:  188 02:23:06    -2397.367667        0.119536
MDMin:  189 02:23:07    -2397.367712        0.119095
MDMin:  190 02:23:09    -2397.367757        0.118727
MDMin:  191 02:23:11    -2397.367800        0.118413
MDMin:  192 02:23:13    -2397.367836        0.192029
MDMin:  193 02:23:15    -2397.367851        0.118045
MDMin:  194 02:23:17    -2397.367862        0.117962
MDMin:  195 02:23:19    -2397.367873        0.117877
MDMin:  196 02:23:21    -2397.367885        0.117789
MDMin:  197 02:23:23    -2397.367896        0.117700
MDMin:  198 02:23:25    -2397.367909        0.117608
MDMin:  199 02:23:27    -2397.367921        0.117514
MDMin:  200 02:23:29    -2397.367933        0.117417
MDMin:  201 02:23:31    -2397.367946        0.117317
MDMin:  202 02:23:33    -2397.367959        0.117214
MDMin:  203 02:23:35    -2397.367973        0.117107
MDMin:  204 02:23:37    -2397.367986        0.116996
MDMin:  205 02:23:39    -2397.368000        0.116881
MDMin:  206 02:23:41    -2397.368014        0.116761
MDMin:  207 02:23:43    -2397.368029        0.116636
MDMin:  208 02:23:45    -2397.368043        0.116505
MDMin:  209 02:23:47    -2397.368058        0.116369
MDMin:  210 02:23:49    -2397.368073        0.116225
MDMin:  211 02:23:51    -2397.368088        0.116075
MDMin:  212 02:23:53    -2397.368104        0.115917
MDMin:  213 02:23:55    -2397.368119        0.115751
MDMin:  214 02:23:57    -2397.368135        0.115577
MDMin:  215 02:23:59    -2397.368151        0.115392
MDMin:  216 02:24:01    -2397.368167        0.115198
MDMin:  217 02:24:03    -2397.368184        0.114993
MDMin:  218 02:24:05    -2397.368200        0.114777
MDMin:  219 02:24:06    -2397.368217        0.114549
MDMin:  220 02:24:08    -2397.368234        0.114308
MDMin:  221 02:24:09    -2397.368251        0.114054
MDMin:  222 02:24:11    -2397.368268        0.113785
MDMin:  223 02:24:13    -2397.368285        0.113502
MDMin:  224 02:24:15    -2397.368302        0.113202
MDMin:  225 02:24:17    -2397.368320        0.112887
MDMin:  226 02:24:18    -2397.368338        0.112554
MDMin:  227 02:24:20    -2397.368355        0.112203
MDMin:  228 02:24:22    -2397.368373        0.111835
MDMin:  229 02:24:23    -2397.368391        0.111447
MDMin:  230 02:24:25    -2397.368409        0.111039
MDMin:  231 02:24:26    -2397.368427        0.110612
MDMin:  232 02:24:28    -2397.368445        0.110163
MDMin:  233 02:24:30    -2397.368464        0.109694
MDMin:  234 02:24:32    -2397.368482        0.109203
MDMin:  235 02:24:34    -2397.368500        0.108688
MDMin:  236 02:24:36    -2397.368519        0.108150
MDMin:  237 02:24:38    -2397.368537        0.107588
MDMin:  238 02:24:40    -2397.368556        0.107003
MDMin:  239 02:24:42    -2397.368574        0.106395
MDMin:  240 02:24:44    -2397.368593        0.105765
MDMin:  241 02:24:46    -2397.368611        0.105112
MDMin:  242 02:24:48    -2397.368630        0.104437
MDMin:  243 02:24:50    -2397.368648        0.103742
MDMin:  244 02:24:51    -2397.368667        0.103027
MDMin:  245 02:24:53    -2397.368686        0.102767
MDMin:  246 02:24:55    -2397.368704        0.102556
MDMin:  247 02:24:56    -2397.368723        0.102345
MDMin:  248 02:24:58    -2397.368742        0.102134
MDMin:  249 02:24:59    -2397.368760        0.101924
MDMin:  250 02:25:00    -2397.368779        0.101715
MDMin:  251 02:25:01    -2397.368797        0.101508
MDMin:  252 02:25:03    -2397.368816        0.101306
MDMin:  253 02:25:05    -2397.368834        0.101109
MDMin:  254 02:25:06    -2397.368853        0.100918
MDMin:  255 02:25:07    -2397.368871        0.100736
MDMin:  256 02:25:09    -2397.368890        0.100564
MDMin:  257 02:25:10    -2397.368908        0.100404
MDMin:  258 02:25:12    -2397.368926        0.100260
MDMin:  259 02:25:14    -2397.368944        0.100134
MDMin:  260 02:25:16    -2397.368963        0.100030
MDMin:  261 02:25:18    -2397.368981        0.099951
MDMin:  262 02:25:20    -2397.368999        0.099900
MDMin:  263 02:25:22    -2397.369016        0.099884
MDMin:  264 02:25:24    -2397.369034        0.099911
MDMin:  265 02:25:26    -2397.369052        0.099985
MDMin:  266 02:25:27    -2397.369069        0.100110
MDMin:  267 02:25:29    -2397.369087        0.100290
MDMin:  268 02:25:30    -2397.369104        0.100528
MDMin:  269 02:25:31    -2397.369121        0.100822
MDMin:  270 02:25:32    -2397.369136        0.130448
MDMin:  271 02:25:33    -2397.369144        0.113871
MDMin:  272 02:25:35    -2397.369148        0.101411
MDMin:  273 02:25:36    -2397.369152        0.101510
MDMin:  274 02:25:37    -2397.369156        0.101616
MDMin:  275 02:25:39    -2397.369161        0.101728
MDMin:  276 02:25:41    -2397.369165        0.101847
MDMin:  277 02:25:42    -2397.369169        0.101974
MDMin:  278 02:25:44    -2397.369174        0.102108
MDMin:  279 02:25:45    -2397.369179        0.102249
MDMin:  280 02:25:47    -2397.369183        0.102397
MDMin:  281 02:25:49    -2397.369188        0.102553
MDMin:  282 02:25:51    -2397.369193        0.102716
MDMin:  283 02:25:52    -2397.369198        0.102885
MDMin:  284 02:25:54    -2397.369204        0.103060
MDMin:  285 02:25:55    -2397.369209        0.103241
MDMin:  286 02:25:57    -2397.369214        0.103427
MDMin:  287 02:25:59    -2397.369220        0.103616
MDMin:  288 02:26:01    -2397.369225        0.103808
MDMin:  289 02:26:03    -2397.369231        0.104000
MDMin:  290 02:26:05    -2397.369237        0.104192
MDMin:  291 02:26:08    -2397.369243        0.104380
MDMin:  292 02:26:10    -2397.369249        0.104562
MDMin:  293 02:26:11    -2397.369255        0.104736
MDMin:  294 02:26:13    -2397.369261        0.104898
MDMin:  295 02:26:14    -2397.369267        0.105046
MDMin:  296 02:26:15    -2397.369273        0.105174
MDMin:  297 02:26:17    -2397.369279        0.105280
MDMin:  298 02:26:18    -2397.369286        0.105361
MDMin:  299 02:26:20    -2397.369292        0.105411
MDMin:  300 02:26:22    -2397.369299        0.105429
MDMin:  301 02:26:24    -2397.369305        0.105410
MDMin:  302 02:26:26    -2397.369312        0.105354
MDMin:  303 02:26:27    -2397.369318        0.105259
MDMin:  304 02:26:29    -2397.369325        0.105126
MDMin:  305 02:26:30    -2397.369332        0.104955
MDMin:  306 02:26:32    -2397.369339        0.104750
MDMin:  307 02:26:33    -2397.369346        0.104515
MDMin:  308 02:26:34    -2397.369352        0.104255
MDMin:  309 02:26:36    -2397.369359        0.103977
MDMin:  310 02:26:38    -2397.369366        0.103688
MDMin:  311 02:26:40    -2397.369374        0.103394
MDMin:  312 02:26:42    -2397.369381        0.103102
MDMin:  313 02:26:44    -2397.369388        0.102819
MDMin:  314 02:26:46    -2397.369395        0.102547
MDMin:  315 02:26:47    -2397.369402        0.102291
MDMin:  316 02:26:49    -2397.369410        0.102052
MDMin:  317 02:26:51    -2397.369417        0.101830
MDMin:  318 02:26:53    -2397.369424        0.101624
MDMin:  319 02:26:55    -2397.369432        0.101433
MDMin:  320 02:26:57    -2397.369439        0.101254
MDMin:  321 02:26:58    -2397.369446        0.101085
MDMin:  322 02:26:59    -2397.369454        0.100923
MDMin:  323 02:27:00    -2397.369461        0.100767
MDMin:  324 02:27:02    -2397.369469        0.100614
MDMin:  325 02:27:03    -2397.369476        0.100462
MDMin:  326 02:27:05    -2397.369484        0.100312
MDMin:  327 02:27:06    -2397.369491        0.100160
MDMin:  328 02:27:08    -2397.369499        0.100007
MDMin:  329 02:27:11    -2397.369506        0.099852
MDMin:  330 02:27:13    -2397.369514        0.099693
MDMin:  331 02:27:15    -2397.369521        0.099529
MDMin:  332 02:27:17    -2397.369529        0.099361
MDMin:  333 02:27:19    -2397.369536        0.099186
MDMin:  334 02:27:21    -2397.369544        0.099005
MDMin:  335 02:27:23    -2397.369551        0.098815
MDMin:  336 02:27:25    -2397.369559        0.098617
MDMin:  337 02:27:27    -2397.369566        0.098410
MDMin:  338 02:27:29    -2397.369574        0.098192
MDMin:  339 02:27:30    -2397.369581        0.097962
MDMin:  340 02:27:31    -2397.369588        0.097721
MDMin:  341 02:27:33    -2397.369596        0.097466
MDMin:  342 02:27:34    -2397.369603        0.097197
MDMin:  343 02:27:35    -2397.369611        0.096914
MDMin:  344 02:27:36    -2397.369618        0.096615
MDMin:  345 02:27:38    -2397.369625        0.096299
MDMin:  346 02:27:40    -2397.369632        0.095967
MDMin:  347 02:27:41    -2397.369639        0.095617
MDMin:  348 02:27:43    -2397.369647        0.095248
MDMin:  349 02:27:44    -2397.369654        0.094859
MDMin:  350 02:27:46    -2397.369661        0.094446
MDMin:  351 02:27:48    -2397.369668        0.094008
MDMin:  352 02:27:50    -2397.369675        0.093545
MDMin:  353 02:27:52    -2397.369682        0.093057
MDMin:  354 02:27:53    -2397.369688        0.092553
MDMin:  355 02:27:55    -2397.369694        0.106183
MDMin:  356 02:27:57    -2397.369698        0.109452
MDMin:  357 02:27:59    -2397.369699        0.091651
MDMin:  358 02:28:01    -2397.369701        0.091513
MDMin:  359 02:28:03    -2397.369703        0.091368
MDMin:  360 02:28:04    -2397.369704        0.091217
MDMin:  361 02:28:06    -2397.369706        0.091060
MDMin:  362 02:28:08    -2397.369708        0.090896
MDMin:  363 02:28:09    -2397.369710        0.090727
MDMin:  364 02:28:11    -2397.369711        0.090551
MDMin:  365 02:28:13    -2397.369713        0.090368
MDMin:  366 02:28:15    -2397.369715        0.090180
MDMin:  367 02:28:17    -2397.369717        0.089984
MDMin:  368 02:28:18    -2397.369719        0.089782
MDMin:  369 02:28:20    -2397.369721        0.089574
MDMin:  370 02:28:21    -2397.369723        0.089358
MDMin:  371 02:28:22    -2397.369726        0.089135
MDMin:  372 02:28:24    -2397.369728        0.088906
MDMin:  373 02:28:25    -2397.369730        0.088669
MDMin:  374 02:28:27    -2397.369732        0.088425
MDMin:  375 02:28:29    -2397.369734        0.088173
MDMin:  376 02:28:31    -2397.369737        0.087913
MDMin:  377 02:28:33    -2397.369739        0.087646
MDMin:  378 02:28:35    -2397.369742        0.087371
MDMin:  379 02:28:37    -2397.369744        0.087088
MDMin:  380 02:28:39    -2397.369747        0.086796
MDMin:  381 02:28:41    -2397.369749        0.086496
MDMin:  382 02:28:43    -2397.369752        0.086188
MDMin:  383 02:28:45    -2397.369754        0.085871
MDMin:  384 02:28:46    -2397.369757        0.085545
MDMin:  385 02:28:47    -2397.369759        0.085211
MDMin:  386 02:28:49    -2397.369762        0.084868
MDMin:  387 02:28:51    -2397.369765        0.084516
MDMin:  388 02:28:53    -2397.369767        0.084155
MDMin:  389 02:28:55    -2397.369770        0.083785
MDMin:  390 02:28:57    -2397.369773        0.083406
MDMin:  391 02:28:59    -2397.369776        0.083019
MDMin:  392 02:29:01    -2397.369779        0.082625
MDMin:  393 02:29:02    -2397.369781        0.082222
MDMin:  394 02:29:04    -2397.369784        0.081813
MDMin:  395 02:29:05    -2397.369787        0.081397
MDMin:  396 02:29:07    -2397.369790        0.080974
MDMin:  397 02:29:08    -2397.369793        0.080544
MDMin:  398 02:29:10    -2397.369796        0.080158
MDMin:  399 02:29:12    -2397.369799        0.080030
MDMin:  400 02:29:13    -2397.369802        0.079893
MDMin:  401 02:29:15    -2397.369805        0.079748
MDMin:  402 02:29:17    -2397.369808        0.079596
MDMin:  403 02:29:19    -2397.369811        0.079437
MDMin:  404 02:29:21    -2397.369814        0.079272
MDMin:  405 02:29:23    -2397.369817        0.079101
MDMin:  406 02:29:25    -2397.369820        0.078925
MDMin:  407 02:29:26    -2397.369823        0.078744
MDMin:  408 02:29:28    -2397.369827        0.078561
MDMin:  409 02:29:30    -2397.369830        0.078376
MDMin:  410 02:29:31    -2397.369833        0.078190
MDMin:  411 02:29:33    -2397.369836        0.078004
MDMin:  412 02:29:35    -2397.369839        0.077819
MDMin:  413 02:29:37    -2397.369842        0.077637
MDMin:  414 02:29:39    -2397.369845        0.077459
MDMin:  415 02:29:41    -2397.369849        0.077287
MDMin:  416 02:29:42    -2397.369852        0.077123
MDMin:  417 02:29:44    -2397.369855        0.076969
MDMin:  418 02:29:45    -2397.369858        0.076825
MDMin:  419 02:29:47    -2397.369862        0.076693
MDMin:  420 02:29:48    -2397.369865        0.076575
MDMin:  421 02:29:49    -2397.369868        0.076472
MDMin:  422 02:29:50    -2397.369871        0.076386
MDMin:  423 02:29:52    -2397.369874        0.076319
MDMin:  424 02:29:53    -2397.369878        0.076271
MDMin:  425 02:29:56    -2397.369881        0.076244
MDMin:  426 02:29:58    -2397.369884        0.076240
MDMin:  427 02:30:00    -2397.369887        0.076261
MDMin:  428 02:30:02    -2397.369890        0.076311
MDMin:  429 02:30:04    -2397.369894        0.076393
MDMin:  430 02:30:06    -2397.369897        0.076506
MDMin:  431 02:30:08    -2397.369900        0.076654
MDMin:  432 02:30:10    -2397.369903        0.076837
MDMin:  433 02:30:12    -2397.369906        0.077056
MDMin:  434 02:30:13    -2397.369909        0.077313
MDMin:  435 02:30:14    -2397.369912        0.077607
MDMin:  436 02:30:16    -2397.369915        0.077928
MDMin:  437 02:30:18    -2397.369918        0.106033
MDMin:  438 02:30:20    -2397.369919        0.078338
MDMin:  439 02:30:21    -2397.369920        0.078443
MDMin:  440 02:30:23    -2397.369920        0.078554
MDMin:  441 02:30:24    -2397.369921        0.078671
MDMin:  442 02:30:26    -2397.369922        0.078794
MDMin:  443 02:30:27    -2397.369923        0.078924
MDMin:  444 02:30:28    -2397.369924        0.079060
MDMin:  445 02:30:30    -2397.369925        0.079203
MDMin:  446 02:30:31    -2397.369926        0.079352
MDMin:  447 02:30:33    -2397.369927        0.079508
MDMin:  448 02:30:35    -2397.369928        0.079671
MDMin:  449 02:30:37    -2397.369929        0.079841
MDMin:  450 02:30:38    -2397.369930        0.080018
MDMin:  451 02:30:40    -2397.369931        0.080201
MDMin:  452 02:30:42    -2397.369932        0.080391
MDMin:  453 02:30:44    -2397.369933        0.080586
MDMin:  454 02:30:45    -2397.369934        0.080788
MDMin:  455 02:30:47    -2397.369936        0.080994
MDMin:  456 02:30:48    -2397.369937        0.081205
MDMin:  457 02:30:50    -2397.369938        0.081420
MDMin:  458 02:30:51    -2397.369939        0.081637
MDMin:  459 02:30:52    -2397.369940        0.081855
MDMin:  460 02:30:54    -2397.369941        0.082074
MDMin:  461 02:30:56    -2397.369943        0.082291
MDMin:  462 02:30:57    -2397.369944        0.082504
MDMin:  463 02:30:59    -2397.369945        0.082712
MDMin:  464 02:31:00    -2397.369946        0.082913
MDMin:  465 02:31:01    -2397.369948        0.083103
MDMin:  466 02:31:03    -2397.369949        0.083280
MDMin:  467 02:31:05    -2397.369950        0.083442
MDMin:  468 02:31:06    -2397.369952        0.083585
MDMin:  469 02:31:08    -2397.369953        0.083707
MDMin:  470 02:31:10    -2397.369954        0.083806
MDMin:  471 02:31:12    -2397.369956        0.083878
MDMin:  472 02:31:14    -2397.369957        0.083922
MDMin:  473 02:31:15    -2397.369958        0.083937
MDMin:  474 02:31:17    -2397.369960        0.083921
MDMin:  475 02:31:19    -2397.369961        0.083874
MDMin:  476 02:31:21    -2397.369962        0.083797
MDMin:  477 02:31:22    -2397.369964        0.083692
MDMin:  478 02:31:24    -2397.369965        0.083562
MDMin:  479 02:31:26    -2397.369967        0.083408
MDMin:  480 02:31:27    -2397.369968        0.083234
MDMin:  481 02:31:29    -2397.369970        0.083046
MDMin:  482 02:31:31    -2397.369971        0.082846
MDMin:  483 02:31:33    -2397.369973        0.082639
MDMin:  484 02:31:35    -2397.369974        0.082428
MDMin:  485 02:31:37    -2397.369976        0.082216
MDMin:  486 02:31:39    -2397.369977        0.082004
MDMin:  487 02:31:40    -2397.369978        0.081795
MDMin:  488 02:31:42    -2397.369980        0.081589
MDMin:  489 02:31:44    -2397.369982        0.081387
MDMin:  490 02:31:46    -2397.369983        0.081187
MDMin:  491 02:31:48    -2397.369985        0.080991
MDMin:  492 02:31:50    -2397.369986        0.080797
MDMin:  493 02:31:52    -2397.369988        0.080606
MDMin:  494 02:31:54    -2397.369989        0.080417
MDMin:  495 02:31:56    -2397.369991        0.080230
MDMin:  496 02:31:58    -2397.369992        0.080046
MDMin:  497 02:32:00    -2397.369994        0.079863
MDMin:  498 02:32:02    -2397.369995        0.079683
MDMin:  499 02:32:04    -2397.369997        0.079505
MDMin:  500 02:32:06    -2397.369999        0.079330
MDMin:  501 02:32:08    -2397.370000        0.079156
MDMin:  502 02:32:10    -2397.370002        0.078983
MDMin:  503 02:32:12    -2397.370003        0.078811
MDMin:  504 02:32:14    -2397.370005        0.078639
MDMin:  505 02:32:16    -2397.370007        0.078465
MDMin:  506 02:32:18    -2397.370008        0.078290
MDMin:  507 02:32:20    -2397.370010        0.078110
MDMin:  508 02:32:22    -2397.370011        0.077926
MDMin:  509 02:32:25    -2397.370013        0.077736
MDMin:  510 02:32:27    -2397.370015        0.077539
MDMin:  511 02:32:29    -2397.370016        0.077332
MDMin:  512 02:32:30    -2397.370018        0.077116
MDMin:  513 02:32:32    -2397.370019        0.076889
MDMin:  514 02:32:34    -2397.370021        0.076649
MDMin:  515 02:32:36    -2397.370022        0.076399
MDMin:  516 02:32:37    -2397.370024        0.078281
MDMin:  517 02:32:39    -2397.370025        0.076007
MDMin:  518 02:32:41    -2397.370025        0.075941
MDMin:  519 02:32:43    -2397.370025        0.075869
MDMin:  520 02:32:45    -2397.370026        0.075793
MDMin:  521 02:32:47    -2397.370026        0.075715
MDMin:  522 02:32:49    -2397.370026        0.075634
MDMin:  523 02:32:51    -2397.370027        0.075549
MDMin:  524 02:32:53    -2397.370027        0.075462
MDMin:  525 02:32:55    -2397.370028        0.075371
MDMin:  526 02:32:57    -2397.370028        0.075277
MDMin:  527 02:32:59    -2397.370029        0.075180
MDMin:  528 02:33:01    -2397.370029        0.075079
MDMin:  529 02:33:02    -2397.370029        0.074975
MDMin:  530 02:33:04    -2397.370030        0.074867
MDMin:  531 02:33:06    -2397.370030        0.074755
MDMin:  532 02:33:07    -2397.370031        0.074639
MDMin:  533 02:33:09    -2397.370031        0.074520
MDMin:  534 02:33:12    -2397.370032        0.074396
MDMin:  535 02:33:13    -2397.370032        0.074269
MDMin:  536 02:33:14    -2397.370033        0.074137
MDMin:  537 02:33:16    -2397.370034        0.074000
MDMin:  538 02:33:18    -2397.370034        0.073859
MDMin:  539 02:33:20    -2397.370035        0.073714
MDMin:  540 02:33:22    -2397.370035        0.073563
MDMin:  541 02:33:24    -2397.370036        0.073408
MDMin:  542 02:33:26    -2397.370036        0.073248
MDMin:  543 02:33:28    -2397.370037        0.073083
MDMin:  544 02:33:30    -2397.370038        0.072912
MDMin:  545 02:33:32    -2397.370038        0.072737
MDMin:  546 02:33:34    -2397.370039        0.072555
MDMin:  547 02:33:36    -2397.370040        0.072368
MDMin:  548 02:33:38    -2397.370040        0.072175
MDMin:  549 02:33:41    -2397.370041        0.071977
MDMin:  550 02:33:43    -2397.370042        0.071773
MDMin:  551 02:33:45    -2397.370042        0.071563
MDMin:  552 02:33:46    -2397.370043        0.071347
MDMin:  553 02:33:48    -2397.370044        0.071125
MDMin:  554 02:33:50    -2397.370044        0.070897
MDMin:  555 02:33:52    -2397.370045        0.070663
MDMin:  556 02:33:54    -2397.370046        0.070423
MDMin:  557 02:33:55    -2397.370046        0.070176
MDMin:  558 02:33:57    -2397.370047        0.069924
MDMin:  559 02:33:59    -2397.370048        0.069665
MDMin:  560 02:34:01    -2397.370049        0.069400
MDMin:  561 02:34:03    -2397.370049        0.069129
MDMin:  562 02:34:04    -2397.370050        0.068852
MDMin:  563 02:34:06    -2397.370051        0.068568
MDMin:  564 02:34:07    -2397.370052        0.068278
MDMin:  565 02:34:09    -2397.370052        0.067983
MDMin:  566 02:34:11    -2397.370053        0.067680
MDMin:  567 02:34:13    -2397.370054        0.067372
MDMin:  568 02:34:15    -2397.370055        0.067058
MDMin:  569 02:34:17    -2397.370056        0.066739
MDMin:  570 02:34:18    -2397.370056        0.066413
MDMin:  571 02:34:19    -2397.370057        0.066082
MDMin:  572 02:34:21    -2397.370058        0.065745
MDMin:  573 02:34:22    -2397.370059        0.065403
MDMin:  574 02:34:24    -2397.370060        0.065056
MDMin:  575 02:34:26    -2397.370060        0.064704
MDMin:  576 02:34:28    -2397.370061        0.064347
MDMin:  577 02:34:30    -2397.370062        0.063986
MDMin:  578 02:34:32    -2397.370063        0.063620
MDMin:  579 02:34:33    -2397.370064        0.063251
MDMin:  580 02:34:34    -2397.370065        0.062878
MDMin:  581 02:34:36    -2397.370066        0.062501
MDMin:  582 02:34:38    -2397.370066        0.062121
MDMin:  583 02:34:40    -2397.370067        0.061739
MDMin:  584 02:34:42    -2397.370068        0.061354
MDMin:  585 02:34:44    -2397.370069        0.060967
MDMin:  586 02:34:46    -2397.370070        0.060579
MDMin:  587 02:34:47    -2397.370071        0.060190
MDMin:  588 02:34:49    -2397.370072        0.059802
MDMin:  589 02:34:51    -2397.370073        0.059416
MDMin:  590 02:34:53    -2397.370073        0.059032
MDMin:  591 02:34:55    -2397.370074        0.058652
MDMin:  592 02:34:57    -2397.370075        0.058275
MDMin:  593 02:34:59    -2397.370076        0.057904
MDMin:  594 02:35:01    -2397.370077        0.057538
MDMin:  595 02:35:03    -2397.370078        0.057179
MDMin:  596 02:35:05    -2397.370079        0.056834
MDMin:  597 02:35:07    -2397.370080        0.069362
MDMin:  598 02:35:09    -2397.370080        0.056403
MDMin:  599 02:35:11    -2397.370080        0.056322
MDMin:  600 02:35:12    -2397.370080        0.056238
MDMin:  601 02:35:14    -2397.370081        0.056151
MDMin:  602 02:35:17    -2397.370081        0.056062
MDMin:  603 02:35:19    -2397.370081        0.055971
MDMin:  604 02:35:21    -2397.370081        0.055879
MDMin:  605 02:35:23    -2397.370082        0.055785
MDMin:  606 02:35:25    -2397.370082        0.055690
MDMin:  607 02:35:27    -2397.370082        0.055593
MDMin:  608 02:35:29    -2397.370082        0.055496
MDMin:  609 02:35:30    -2397.370083        0.055398
MDMin:  610 02:35:32    -2397.370083        0.055299
MDMin:  611 02:35:34    -2397.370083        0.055199
MDMin:  612 02:35:36    -2397.370083        0.055099
MDMin:  613 02:35:38    -2397.370084        0.054999
MDMin:  614 02:35:40    -2397.370084        0.054898
MDMin:  615 02:35:42    -2397.370084        0.054798
MDMin:  616 02:35:44    -2397.370085        0.054698
MDMin:  617 02:35:46    -2397.370085        0.054598
MDMin:  618 02:35:47    -2397.370085        0.054499
MDMin:  619 02:35:49    -2397.370086        0.054401
MDMin:  620 02:35:51    -2397.370086        0.054303
MDMin:  621 02:35:53    -2397.370086        0.054207
MDMin:  622 02:35:55    -2397.370087        0.054112
MDMin:  623 02:35:57    -2397.370087        0.054019
MDMin:  624 02:35:59    -2397.370087        0.053928
MDMin:  625 02:36:01    -2397.370088        0.053838
MDMin:  626 02:36:03    -2397.370088        0.053751
MDMin:  627 02:36:05    -2397.370089        0.053667
MDMin:  628 02:36:07    -2397.370089        0.053585
MDMin:  629 02:36:09    -2397.370089        0.053507
MDMin:  630 02:36:11    -2397.370090        0.053432
MDMin:  631 02:36:13    -2397.370090        0.053360
MDMin:  632 02:36:15    -2397.370090        0.053293
MDMin:  633 02:36:17    -2397.370091        0.053229
MDMin:  634 02:36:19    -2397.370091        0.053170
MDMin:  635 02:36:21    -2397.370092        0.053117
MDMin:  636 02:36:23    -2397.370092        0.053068
MDMin:  637 02:36:25    -2397.370092        0.053025
MDMin:  638 02:36:27    -2397.370093        0.052988
MDMin:  639 02:36:28    -2397.370093        0.052957
MDMin:  640 02:36:29    -2397.370094        0.052932
MDMin:  641 02:36:31    -2397.370094        0.052915
MDMin:  642 02:36:33    -2397.370095        0.052904
MDMin:  643 02:36:34    -2397.370095        0.052902
MDMin:  644 02:36:35    -2397.370095        0.052907
MDMin:  645 02:36:37    -2397.370096        0.052921
MDMin:  646 02:36:39    -2397.370096        0.053222
MDMin:  647 02:36:41    -2397.370097        0.053804
MDMin:  648 02:36:42    -2397.370097        0.054398
MDMin:  649 02:36:44    -2397.370098        0.055004
MDMin:  650 02:36:45    -2397.370098        0.055622
MDMin:  651 02:36:46    -2397.370099        0.056252
MDMin:  652 02:36:48    -2397.370099        0.056893
MDMin:  653 02:36:49    -2397.370099        0.057545
MDMin:  654 02:36:51    -2397.370100        0.058209
MDMin:  655 02:36:52    -2397.370100        0.058883
MDMin:  656 02:36:54    -2397.370101        0.059567
MDMin:  657 02:36:56    -2397.370101        0.060261
MDMin:  658 02:36:57    -2397.370102        0.060965
MDMin:  659 02:36:59    -2397.370102        0.061677
MDMin:  660 02:37:01    -2397.370103        0.062399
MDMin:  661 02:37:03    -2397.370103        0.063128
MDMin:  662 02:37:05    -2397.370104        0.063865
MDMin:  663 02:37:07    -2397.370104        0.064608
MDMin:  664 02:37:09    -2397.370105        0.065358
MDMin:  665 02:37:11    -2397.370105        0.066114
MDMin:  666 02:37:13    -2397.370105        0.066875
MDMin:  667 02:37:15    -2397.370106        0.067640
MDMin:  668 02:37:17    -2397.370106        0.068409
MDMin:  669 02:37:19    -2397.370107        0.069182
MDMin:  670 02:37:21    -2397.370107        0.069956
MDMin:  671 02:37:22    -2397.370108        0.070733
MDMin:  672 02:37:24    -2397.370108        0.071510
MDMin:  673 02:37:25    -2397.370109        0.072288
MDMin:  674 02:37:26    -2397.370109        0.073065
MDMin:  675 02:37:27    -2397.370109        0.073842
MDMin:  676 02:37:29    -2397.370110        0.074616
MDMin:  677 02:37:30    -2397.370110        0.075387
MDMin:  678 02:37:32    -2397.370111        0.076155
MDMin:  679 02:37:33    -2397.370111        0.076918
MDMin:  680 02:37:34    -2397.370112        0.077676
MDMin:  681 02:37:35    -2397.370112        0.078428
MDMin:  682 02:37:36    -2397.370113        0.079173
MDMin:  683 02:37:38    -2397.370113        0.079910
MDMin:  684 02:37:39    -2397.370113        0.080637
MDMin:  685 02:37:40    -2397.370114        0.081354
MDMin:  686 02:37:42    -2397.370114        0.082059
MDMin:  687 02:37:43    -2397.370115        0.082751
MDMin:  688 02:37:45    -2397.370115        0.083424
MDMin:  689 02:37:47    -2397.370115        0.084068
MDMin:  690 02:37:49    -2397.370116        0.084650
MDMin:  691 02:37:51    -2397.370116        0.085109
MDMin:  692 02:37:52    -2397.370116        0.085424
MDMin:  693 02:37:54    -2397.370117        0.085685
MDMin:  694 02:37:55    -2397.370117        0.085940
MDMin:  695 02:37:56    -2397.370117        0.086196
MDMin:  696 02:37:57    -2397.370117        0.086454
MDMin:  697 02:37:59    -2397.370117        0.086712
MDMin:  698 02:38:01    -2397.370118        0.086970
MDMin:  699 02:38:03    -2397.370118        0.087227
MDMin:  700 02:38:04    -2397.370118        0.087483
MDMin:  701 02:38:06    -2397.370118        0.087736
MDMin:  702 02:38:07    -2397.370118        0.087986
MDMin:  703 02:38:09    -2397.370119        0.088232
MDMin:  704 02:38:11    -2397.370119        0.088474
MDMin:  705 02:38:13    -2397.370119        0.088710
MDMin:  706 02:38:14    -2397.370119        0.088940
MDMin:  707 02:38:16    -2397.370119        0.089163
MDMin:  708 02:38:18    -2397.370120        0.089378
MDMin:  709 02:38:20    -2397.370120        0.089583
MDMin:  710 02:38:21    -2397.370120        0.089779
MDMin:  711 02:38:23    -2397.370120        0.089965
MDMin:  712 02:38:25    -2397.370120        0.090138
MDMin:  713 02:38:27    -2397.370121        0.090297
MDMin:  714 02:38:29    -2397.370121        0.090443
MDMin:  715 02:38:31    -2397.370121        0.090573
MDMin:  716 02:38:33    -2397.370121        0.090686
MDMin:  717 02:38:35    -2397.370122        0.090782
MDMin:  718 02:38:36    -2397.370122        0.090857
MDMin:  719 02:38:38    -2397.370122        0.090913
MDMin:  720 02:38:40    -2397.370122        0.090945
MDMin:  721 02:38:41    -2397.370123        0.090955
MDMin:  722 02:38:42    -2397.370123        0.090939
MDMin:  723 02:38:43    -2397.370123        0.090896
MDMin:  724 02:38:44    -2397.370123        0.090825
MDMin:  725 02:38:46    -2397.370124        0.090724
MDMin:  726 02:38:48    -2397.370124        0.090592
MDMin:  727 02:38:50    -2397.370124        0.090426
MDMin:  728 02:38:52    -2397.370124        0.090226
MDMin:  729 02:38:54    -2397.370125        0.089989
MDMin:  730 02:38:55    -2397.370125        0.089713
MDMin:  731 02:38:57    -2397.370125        0.089397
MDMin:  732 02:38:59    -2397.370126        0.089040
MDMin:  733 02:39:01    -2397.370126        0.088639
MDMin:  734 02:39:03    -2397.370126        0.088194
MDMin:  735 02:39:05    -2397.370126        0.087701
MDMin:  736 02:39:07    -2397.370127        0.087161
MDMin:  737 02:39:09    -2397.370127        0.086571
MDMin:  738 02:39:11    -2397.370127        0.085931
MDMin:  739 02:39:13    -2397.370128        0.085238
MDMin:  740 02:39:15    -2397.370128        0.084492
MDMin:  741 02:39:16    -2397.370128        0.083691
MDMin:  742 02:39:17    -2397.370128        0.082836
MDMin:  743 02:39:19    -2397.370129        0.081925
MDMin:  744 02:39:21    -2397.370129        0.080958
MDMin:  745 02:39:23    -2397.370129        0.079935
MDMin:  746 02:39:25    -2397.370130        0.078855
MDMin:  747 02:39:27    -2397.370130        0.077720
MDMin:  748 02:39:29    -2397.370130        0.076528
MDMin:  749 02:39:31    -2397.370131        0.075282
MDMin:  750 02:39:33    -2397.370131        0.073981
MDMin:  751 02:39:35    -2397.370131        0.072629
MDMin:  752 02:39:36    -2397.370132        0.071225
MDMin:  753 02:39:37    -2397.370132        0.069775
MDMin:  754 02:39:38    -2397.370132        0.068293
MDMin:  755 02:39:40    -2397.370133        0.066846
MDMin:  756 02:39:41    -2397.370133        0.076162
MDMin:  757 02:39:43    -2397.370133        0.065084
MDMin:  758 02:39:44    -2397.370133        0.064557
MDMin:  759 02:39:46    -2397.370133        0.064018
MDMin:  760 02:39:48    -2397.370134        0.063464
MDMin:  761 02:39:50    -2397.370134        0.062894
MDMin:  762 02:39:51    -2397.370134        0.062309
MDMin:  763 02:39:53    -2397.370134        0.061708
MDMin:  764 02:39:55    -2397.370134        0.061092
MDMin:  765 02:39:57    -2397.370134        0.060460
MDMin:  766 02:39:58    -2397.370134        0.059813
MDMin:  767 02:40:00    -2397.370135        0.059151
MDMin:  768 02:40:02    -2397.370135        0.058473
MDMin:  769 02:40:04    -2397.370135        0.057781
MDMin:  770 02:40:05    -2397.370135        0.057074
MDMin:  771 02:40:06    -2397.370135        0.056352
MDMin:  772 02:40:08    -2397.370135        0.055616
MDMin:  773 02:40:10    -2397.370135        0.054867
MDMin:  774 02:40:11    -2397.370136        0.054104
MDMin:  775 02:40:13    -2397.370136        0.053328
MDMin:  776 02:40:15    -2397.370136        0.052539
MDMin:  777 02:40:16    -2397.370136        0.051738
MDMin:  778 02:40:18    -2397.370136        0.050926
MDMin:  779 02:40:19    -2397.370137        0.050102
MDMin:  780 02:40:21    -2397.370137        0.049268
       Step     Time          Energy          fmax
MDMin:    0 05:02:59    -2397.362394        0.149776
MDMin:    1 05:03:00    -2397.362394        0.149757
MDMin:    2 05:03:02    -2397.362395        0.149702
MDMin:    3 05:03:03    -2397.362395        0.149610
MDMin:    4 05:03:05    -2397.362395        0.149481
MDMin:    5 05:03:07    -2397.362396        0.149316
MDMin:    6 05:03:09    -2397.362397        0.149115
MDMin:    7 05:03:11    -2397.362398        0.148877
MDMin:    8 05:03:12    -2397.362399        0.148605
MDMin:    9 05:03:14    -2397.362400        0.148297
MDMin:   10 05:03:15    -2397.362402        0.147955
MDMin:   11 05:03:16    -2397.362403        0.147579
MDMin:   12 05:03:18    -2397.362405        0.147171
MDMin:   13 05:03:19    -2397.362407        0.146730
MDMin:   14 05:03:20    -2397.362409        0.146258
MDMin:   15 05:03:22    -2397.362411        0.145755
MDMin:   16 05:03:23    -2397.362413        0.145383
MDMin:   17 05:03:24    -2397.362416        0.145159
MDMin:   18 05:03:25    -2397.362419        0.144920
MDMin:   19 05:03:27    -2397.362421        0.144664
MDMin:   20 05:03:28    -2397.362425        0.144393
MDMin:   21 05:03:29    -2397.362428        0.144106
MDMin:   22 05:03:31    -2397.362431        0.143801
MDMin:   23 05:03:33    -2397.362435        0.143480
MDMin:   24 05:03:35    -2397.362439        0.143141
MDMin:   25 05:03:37    -2397.362443        0.142783
MDMin:   26 05:03:39    -2397.362447        0.142407
MDMin:   27 05:03:41    -2397.362451        0.142011
MDMin:   28 05:03:42    -2397.362456        0.141595
MDMin:   29 05:03:44    -2397.362461        0.141159
MDMin:   30 05:03:45    -2397.362466        0.140702
MDMin:   31 05:03:47    -2397.362471        0.140222
MDMin:   32 05:03:49    -2397.362477        0.139719
MDMin:   33 05:03:50    -2397.362483        0.139474
MDMin:   34 05:03:52    -2397.362488        0.139431
MDMin:   35 05:03:54    -2397.362495        0.139384
MDMin:   36 05:03:56    -2397.362501        0.139334
MDMin:   37 05:03:58    -2397.362508        0.139280
MDMin:   38 05:04:00    -2397.362515        0.139222
MDMin:   39 05:04:02    -2397.362522        0.139160
MDMin:   40 05:04:04    -2397.362529        0.139093
MDMin:   41 05:04:06    -2397.362536        0.139023
MDMin:   42 05:04:08    -2397.362544        0.138949
MDMin:   43 05:04:10    -2397.362552        0.138871
MDMin:   44 05:04:12    -2397.362560        0.138788
MDMin:   45 05:04:14    -2397.362569        0.138702
MDMin:   46 05:04:16    -2397.362577        0.138611
MDMin:   47 05:04:18    -2397.362586        0.138517
MDMin:   48 05:04:20    -2397.362595        0.138419
MDMin:   49 05:04:22    -2397.362604        0.138318
MDMin:   50 05:04:23    -2397.362614        0.138214
MDMin:   51 05:04:25    -2397.362624        0.138106
MDMin:   52 05:04:27    -2397.362634        0.137997
MDMin:   53 05:04:29    -2397.362644        0.137884
MDMin:   54 05:04:31    -2397.362654        0.137771
MDMin:   55 05:04:33    -2397.362664        0.137655
MDMin:   56 05:04:35    -2397.362675        0.137540
MDMin:   57 05:04:36    -2397.362686        0.137424
MDMin:   58 05:04:38    -2397.362697        0.137308
MDMin:   59 05:04:39    -2397.362709        0.137194
MDMin:   60 05:04:41    -2397.362720        0.137082
MDMin:   61 05:04:43    -2397.362732        0.136974
MDMin:   62 05:04:45    -2397.362745        0.136869
MDMin:   63 05:04:47    -2397.362757        0.136769
MDMin:   64 05:04:49    -2397.362770        0.136676
MDMin:   65 05:04:50    -2397.362784        0.136590
MDMin:   66 05:04:52    -2397.362798        0.136512
MDMin:   67 05:04:53    -2397.362812        0.136445
MDMin:   68 05:04:54    -2397.362826        0.136390
MDMin:   69 05:04:55    -2397.362842        0.136348
MDMin:   70 05:04:56    -2397.362857        0.136322
MDMin:   71 05:04:58    -2397.362874        0.136312
MDMin:   72 05:04:59    -2397.362890        0.136321
MDMin:   73 05:05:01    -2397.362908        0.136350
MDMin:   74 05:05:03    -2397.362926        0.136402
MDMin:   75 05:05:05    -2397.362945        0.136478
MDMin:   76 05:05:06    -2397.362965        0.136580
MDMin:   77 05:05:08    -2397.362985        0.136708
MDMin:   78 05:05:09    -2397.363006        0.136864
MDMin:   79 05:05:11    -2397.363029        0.137053
MDMin:   80 05:05:13    -2397.363052        0.137277
MDMin:   81 05:05:15    -2397.363076        0.137531
MDMin:   82 05:05:16    -2397.363101        0.137807
MDMin:   83 05:05:18    -2397.363128        0.138094
MDMin:   84 05:05:20    -2397.363155        0.138379
MDMin:   85 05:05:22    -2397.363184        0.138645
MDMin:   86 05:05:24    -2397.363214        0.138866
MDMin:   87 05:05:26    -2397.363246        0.139012
MDMin:   88 05:05:28    -2397.363278        0.139048
MDMin:   89 05:05:29    -2397.363313        0.138940
MDMin:   90 05:05:31    -2397.363348        0.138658
MDMin:   91 05:05:32    -2397.363386        0.138187
MDMin:   92 05:05:34    -2397.363425        0.137530
MDMin:   93 05:05:36    -2397.363465        0.136718
MDMin:   94 05:05:38    -2397.363508        0.135824
MDMin:   95 05:05:40    -2397.363552        0.135846
MDMin:   96 05:05:41    -2397.363598        0.135774
MDMin:   97 05:05:43    -2397.363646        0.135613
MDMin:   98 05:05:44    -2397.363696        0.135370
MDMin:   99 05:05:45    -2397.363748        0.135059
MDMin:  100 05:05:47    -2397.363802        0.134694
MDMin:  101 05:05:49    -2397.363858        0.134289
MDMin:  102 05:05:50    -2397.363917        0.133857
MDMin:  103 05:05:52    -2397.363977        0.133405
MDMin:  104 05:05:53    -2397.364039        0.132941
MDMin:  105 05:05:55    -2397.364103        0.132467
MDMin:  106 05:05:57    -2397.364169        0.131986
MDMin:  107 05:05:58    -2397.364237        0.131506
MDMin:  108 05:06:00    -2397.364299        0.196589
MDMin:  109 05:06:01    -2397.364335        0.177878
MDMin:  110 05:06:03    -2397.364351        0.130698
MDMin:  111 05:06:05    -2397.364369        0.130571
MDMin:  112 05:06:07    -2397.364388        0.130439
MDMin:  113 05:06:09    -2397.364407        0.130303
MDMin:  114 05:06:10    -2397.364427        0.130163
MDMin:  115 05:06:12    -2397.364448        0.130019
MDMin:  116 05:06:14    -2397.364469        0.129870
MDMin:  117 05:06:16    -2397.364491        0.129717
MDMin:  118 05:06:18    -2397.364514        0.129560
MDMin:  119 05:06:19    -2397.364538        0.129400
MDMin:  120 05:06:21    -2397.364562        0.129235
MDMin:  121 05:06:22    -2397.364587        0.129066
MDMin:  122 05:06:24    -2397.364613        0.128894
MDMin:  123 05:06:26    -2397.364639        0.128719
MDMin:  124 05:06:27    -2397.364666        0.128540
MDMin:  125 05:06:29    -2397.364694        0.128357
MDMin:  126 05:06:30    -2397.364723        0.128171
MDMin:  127 05:06:32    -2397.364752        0.127983
MDMin:  128 05:06:33    -2397.364783        0.127791
MDMin:  129 05:06:35    -2397.364814        0.127597
MDMin:  130 05:06:36    -2397.364845        0.127400
MDMin:  131 05:06:37    -2397.364878        0.127201
MDMin:  132 05:06:38    -2397.364911        0.126999
MDMin:  133 05:06:40    -2397.364945        0.126796
MDMin:  134 05:06:41    -2397.364979        0.126591
MDMin:  135 05:06:42    -2397.365015        0.126385
MDMin:  136 05:06:44    -2397.365051        0.126177
MDMin:  137 05:06:45    -2397.365088        0.125969
MDMin:  138 05:06:47    -2397.365125        0.125760
MDMin:  139 05:06:48    -2397.365164        0.125551
MDMin:  140 05:06:49    -2397.365203        0.125341
MDMin:  141 05:06:50    -2397.365243        0.125132
MDMin:  142 05:06:52    -2397.365283        0.124924
MDMin:  143 05:06:53    -2397.365324        0.124717
MDMin:  144 05:06:54    -2397.365366        0.124511
MDMin:  145 05:06:55    -2397.365408        0.124307
MDMin:  146 05:06:57    -2397.365452        0.124105
MDMin:  147 05:06:58    -2397.365495        0.123905
MDMin:  148 05:07:00    -2397.365540        0.123708
MDMin:  149 05:07:02    -2397.365585        0.123515
MDMin:  150 05:07:03    -2397.365630        0.123326
MDMin:  151 05:07:05    -2397.365676        0.123140
MDMin:  152 05:07:07    -2397.365723        0.122960
MDMin:  153 05:07:09    -2397.365770        0.122786
MDMin:  154 05:07:11    -2397.365818        0.122618
MDMin:  155 05:07:13    -2397.365866        0.122457
MDMin:  156 05:07:15    -2397.365915        0.122304
MDMin:  157 05:07:17    -2397.365964        0.122159
MDMin:  158 05:07:19    -2397.366014        0.122025
MDMin:  159 05:07:21    -2397.366064        0.121902
MDMin:  160 05:07:23    -2397.366114        0.121791
MDMin:  161 05:07:24    -2397.366165        0.121694
MDMin:  162 05:07:26    -2397.366216        0.121613
MDMin:  163 05:07:28    -2397.366267        0.121549
MDMin:  164 05:07:30    -2397.366319        0.121504
MDMin:  165 05:07:32    -2397.366370        0.121480
MDMin:  166 05:07:34    -2397.366422        0.121479
MDMin:  167 05:07:35    -2397.366474        0.121507
MDMin:  168 05:07:37    -2397.366527        0.121575
MDMin:  169 05:07:38    -2397.366579        0.121687
MDMin:  170 05:07:39    -2397.366631        0.121844
MDMin:  171 05:07:41    -2397.366684        0.122047
MDMin:  172 05:07:43    -2397.366736        0.122298
MDMin:  173 05:07:45    -2397.366788        0.122594
MDMin:  174 05:07:47    -2397.366841        0.122931
MDMin:  175 05:07:48    -2397.366893        0.123300
MDMin:  176 05:07:50    -2397.366945        0.123688
MDMin:  177 05:07:52    -2397.366997        0.124073
MDMin:  178 05:07:54    -2397.367048        0.124431
MDMin:  179 05:07:56    -2397.367099        0.124727
MDMin:  180 05:07:58    -2397.367150        0.124922
MDMin:  181 05:08:00    -2397.367201        0.124976
MDMin:  182 05:08:02    -2397.367252        0.124854
MDMin:  183 05:08:04    -2397.367302        0.124534
MDMin:  184 05:08:05    -2397.367352        0.124018
MDMin:  185 05:08:07    -2397.367401        0.123336
MDMin:  186 05:08:08    -2397.367451        0.122547
MDMin:  187 05:08:10    -2397.367500        0.121725
MDMin:  188 05:08:11    -2397.367548        0.120944
MDMin:  189 05:08:12    -2397.367595        0.120268
MDMin:  190 05:08:14    -2397.367635        0.188908
MDMin:  191 05:08:16    -2397.367652        0.119576
MDMin:  192 05:08:18    -2397.367664        0.119451
MDMin:  193 05:08:19    -2397.367676        0.119326
MDMin:  194 05:08:21    -2397.367688        0.119202
MDMin:  195 05:08:23    -2397.367701        0.119080
MDMin:  196 05:08:25    -2397.367714        0.118959
MDMin:  197 05:08:27    -2397.367727        0.118839
MDMin:  198 05:08:29    -2397.367740        0.118722
MDMin:  199 05:08:30    -2397.367754        0.118605
MDMin:  200 05:08:31    -2397.367768        0.118491
MDMin:  201 05:08:32    -2397.367783        0.118377
MDMin:  202 05:08:34    -2397.367797        0.118264
MDMin:  203 05:08:35    -2397.367812        0.118152
MDMin:  204 05:08:37    -2397.367828        0.118040
MDMin:  205 05:08:39    -2397.367843        0.117928
MDMin:  206 05:08:41    -2397.367859        0.117814
MDMin:  207 05:08:43    -2397.367875        0.117700
MDMin:  208 05:08:45    -2397.367891        0.117583
MDMin:  209 05:08:46    -2397.367908        0.117464
MDMin:  210 05:08:47    -2397.367924        0.117341
MDMin:  211 05:08:48    -2397.367941        0.117215
MDMin:  212 05:08:50    -2397.367958        0.117084
MDMin:  213 05:08:52    -2397.367976        0.116948
MDMin:  214 05:08:54    -2397.367993        0.116807
MDMin:  215 05:08:55    -2397.368011        0.116659
MDMin:  216 05:08:56    -2397.368029        0.116504
MDMin:  217 05:08:58    -2397.368047        0.116341
MDMin:  218 05:09:00    -2397.368065        0.116170
MDMin:  219 05:09:01    -2397.368084        0.115990
MDMin:  220 05:09:02    -2397.368102        0.115799
MDMin:  221 05:09:04    -2397.368121        0.115598
MDMin:  222 05:09:06    -2397.368140        0.115385
MDMin:  223 05:09:08    -2397.368159        0.115159
MDMin:  224 05:09:10    -2397.368178        0.114920
MDMin:  225 05:09:11    -2397.368198        0.114666
MDMin:  226 05:09:12    -2397.368217        0.114397
MDMin:  227 05:09:14    -2397.368237        0.114112
MDMin:  228 05:09:16    -2397.368256        0.113809
MDMin:  229 05:09:18    -2397.368276        0.113489
MDMin:  230 05:09:20    -2397.368296        0.113149
MDMin:  231 05:09:22    -2397.368316        0.112790
MDMin:  232 05:09:24    -2397.368335        0.112410
MDMin:  233 05:09:26    -2397.368355        0.112008
MDMin:  234 05:09:28    -2397.368376        0.111584
MDMin:  235 05:09:29    -2397.368396        0.111138
MDMin:  236 05:09:30    -2397.368416        0.110668
MDMin:  237 05:09:31    -2397.368436        0.110174
MDMin:  238 05:09:33    -2397.368456        0.109656
MDMin:  239 05:09:34    -2397.368476        0.109111
MDMin:  240 05:09:35    -2397.368497        0.108540
MDMin:  241 05:09:37    -2397.368517        0.107941
MDMin:  242 05:09:39    -2397.368537        0.107317
MDMin:  243 05:09:41    -2397.368558        0.106665
MDMin:  244 05:09:43    -2397.368578        0.105989
MDMin:  245 05:09:45    -2397.368598        0.105287
MDMin:  246 05:09:47    -2397.368618        0.104560
MDMin:  247 05:09:49    -2397.368639        0.103811
MDMin:  248 05:09:51    -2397.368659        0.103040
MDMin:  249 05:09:53    -2397.368679        0.102780
MDMin:  250 05:09:55    -2397.368699        0.102554
MDMin:  251 05:09:57    -2397.368719        0.102328
MDMin:  252 05:09:59    -2397.368739        0.102102
MDMin:  253 05:10:01    -2397.368759        0.101877
MDMin:  254 05:10:03    -2397.368779        0.101655
MDMin:  255 05:10:05    -2397.368799        0.101437
MDMin:  256 05:10:07    -2397.368819        0.101224
MDMin:  257 05:10:09    -2397.368839        0.101019
MDMin:  258 05:10:11    -2397.368859        0.100822
MDMin:  259 05:10:12    -2397.368878        0.100636
MDMin:  260 05:10:14    -2397.368898        0.100464
MDMin:  261 05:10:15    -2397.368917        0.100309
MDMin:  262 05:10:17    -2397.368937        0.100175
MDMin:  263 05:10:19    -2397.368956        0.100065
MDMin:  264 05:10:20    -2397.368975        0.099982
MDMin:  265 05:10:21    -2397.368994        0.099932
MDMin:  266 05:10:23    -2397.369013        0.099921
MDMin:  267 05:10:24    -2397.369032        0.099959
MDMin:  268 05:10:25    -2397.369050        0.100043
MDMin:  269 05:10:26    -2397.369063        0.159178
MDMin:  270 05:10:28    -2397.369067        0.100173
MDMin:  271 05:10:29    -2397.369072        0.100216
MDMin:  272 05:10:31    -2397.369077        0.100265
MDMin:  273 05:10:33    -2397.369082        0.100320
MDMin:  274 05:10:35    -2397.369088        0.100382
MDMin:  275 05:10:36    -2397.369093        0.100450
MDMin:  276 05:10:38    -2397.369098        0.100526
MDMin:  277 05:10:40    -2397.369104        0.100611
MDMin:  278 05:10:42    -2397.369110        0.100703
MDMin:  279 05:10:44    -2397.369115        0.100805
MDMin:  280 05:10:46    -2397.369121        0.100916
MDMin:  281 05:10:48    -2397.369127        0.101037
MDMin:  282 05:10:49    -2397.369133        0.101168
MDMin:  283 05:10:51    -2397.369140        0.101310
MDMin:  284 05:10:53    -2397.369146        0.101463
MDMin:  285 05:10:55    -2397.369152        0.101627
MDMin:  286 05:10:56    -2397.369159        0.101803
MDMin:  287 05:10:58    -2397.369165        0.101990
MDMin:  288 05:11:00    -2397.369172        0.102188
MDMin:  289 05:11:01    -2397.369179        0.102397
MDMin:  290 05:11:02    -2397.369186        0.102616
MDMin:  291 05:11:03    -2397.369193        0.102844
MDMin:  292 05:11:05    -2397.369200        0.103080
MDMin:  293 05:11:07    -2397.369207        0.103322
MDMin:  294 05:11:09    -2397.369214        0.103568
MDMin:  295 05:11:11    -2397.369221        0.103815
MDMin:  296 05:11:13    -2397.369228        0.104061
MDMin:  297 05:11:15    -2397.369236        0.104301
MDMin:  298 05:11:17    -2397.369243        0.104531
MDMin:  299 05:11:19    -2397.369250        0.104747
MDMin:  300 05:11:21    -2397.369258        0.104942
MDMin:  301 05:11:23    -2397.369265        0.105111
MDMin:  302 05:11:25    -2397.369273        0.105249
MDMin:  303 05:11:27    -2397.369281        0.105350
MDMin:  304 05:11:29    -2397.369288        0.105407
MDMin:  305 05:11:31    -2397.369296        0.105417
MDMin:  306 05:11:33    -2397.369304        0.105376
MDMin:  307 05:11:35    -2397.369312        0.105282
MDMin:  308 05:11:37    -2397.369320        0.105136
MDMin:  309 05:11:39    -2397.369328        0.104941
MDMin:  310 05:11:41    -2397.369335        0.104701
MDMin:  311 05:11:43    -2397.369343        0.104423
MDMin:  312 05:11:44    -2397.369351        0.104117
MDMin:  313 05:11:46    -2397.369359        0.103794
MDMin:  314 05:11:48    -2397.369368        0.103463
MDMin:  315 05:11:49    -2397.369376        0.103134
MDMin:  316 05:11:50    -2397.369384        0.102816
MDMin:  317 05:11:52    -2397.369392        0.102514
MDMin:  318 05:11:53    -2397.369400        0.102234
MDMin:  319 05:11:55    -2397.369408        0.101975
MDMin:  320 05:11:57    -2397.369416        0.101738
MDMin:  321 05:11:58    -2397.369425        0.101521
MDMin:  322 05:11:59    -2397.369433        0.101320
MDMin:  323 05:12:01    -2397.369441        0.101132
MDMin:  324 05:12:02    -2397.369449        0.100954
MDMin:  325 05:12:04    -2397.369458        0.100783
MDMin:  326 05:12:06    -2397.369466        0.100616
MDMin:  327 05:12:07    -2397.369474        0.100451
MDMin:  328 05:12:09    -2397.369482        0.100287
MDMin:  329 05:12:11    -2397.369491        0.100122
MDMin:  330 05:12:12    -2397.369499        0.099955
MDMin:  331 05:12:14    -2397.369507        0.099784
MDMin:  332 05:12:16    -2397.369515        0.099609
MDMin:  333 05:12:18    -2397.369523        0.099429
MDMin:  334 05:12:19    -2397.369532        0.099242
MDMin:  335 05:12:20    -2397.369540        0.099048
MDMin:  336 05:12:22    -2397.369548        0.098845
MDMin:  337 05:12:23    -2397.369556        0.098633
MDMin:  338 05:12:25    -2397.369564        0.098409
MDMin:  339 05:12:27    -2397.369572        0.098174
MDMin:  340 05:12:29    -2397.369580        0.097925
MDMin:  341 05:12:31    -2397.369588        0.097663
MDMin:  342 05:12:33    -2397.369596        0.097385
MDMin:  343 05:12:35    -2397.369604        0.097091
MDMin:  344 05:12:36    -2397.369612        0.096781
MDMin:  345 05:12:38    -2397.369619        0.096454
MDMin:  346 05:12:40    -2397.369627        0.096110
MDMin:  347 05:12:42    -2397.369634        0.095767
MDMin:  348 05:12:44    -2397.369639        0.126839
MDMin:  349 05:12:46    -2397.369641        0.095402
MDMin:  350 05:12:48    -2397.369643        0.095289
MDMin:  351 05:12:50    -2397.369645        0.095171
MDMin:  352 05:12:51    -2397.369647        0.095048
MDMin:  353 05:12:53    -2397.369649        0.094920
MDMin:  354 05:12:55    -2397.369652        0.094787
MDMin:  355 05:12:57    -2397.369654        0.094648
MDMin:  356 05:12:59    -2397.369656        0.094503
MDMin:  357 05:13:01    -2397.369659        0.094353
MDMin:  358 05:13:03    -2397.369661        0.094197
MDMin:  359 05:13:04    -2397.369663        0.094035
MDMin:  360 05:13:06    -2397.369666        0.093867
MDMin:  361 05:13:08    -2397.369669        0.093692
MDMin:  362 05:13:10    -2397.369671        0.093511
MDMin:  363 05:13:12    -2397.369674        0.093323
MDMin:  364 05:13:14    -2397.369676        0.093129
MDMin:  365 05:13:16    -2397.369679        0.092927
MDMin:  366 05:13:18    -2397.369682        0.092719
MDMin:  367 05:13:19    -2397.369685        0.092503
MDMin:  368 05:13:21    -2397.369688        0.092281
MDMin:  369 05:13:23    -2397.369690        0.092051
MDMin:  370 05:13:25    -2397.369693        0.091813
MDMin:  371 05:13:27    -2397.369696        0.091568
MDMin:  372 05:13:29    -2397.369699        0.091315
MDMin:  373 05:13:31    -2397.369702        0.091053
MDMin:  374 05:13:32    -2397.369705        0.090783
MDMin:  375 05:13:33    -2397.369708        0.090505
MDMin:  376 05:13:35    -2397.369712        0.090218
MDMin:  377 05:13:37    -2397.369715        0.089921
MDMin:  378 05:13:38    -2397.369718        0.089615
MDMin:  379 05:13:40    -2397.369721        0.089300
MDMin:  380 05:13:42    -2397.369724        0.088975
MDMin:  381 05:13:44    -2397.369728        0.088640
MDMin:  382 05:13:46    -2397.369731        0.088295
MDMin:  383 05:13:48    -2397.369734        0.087940
MDMin:  384 05:13:50    -2397.369737        0.087574
MDMin:  385 05:13:52    -2397.369741        0.087198
MDMin:  386 05:13:54    -2397.369744        0.086810
MDMin:  387 05:13:56    -2397.369748        0.086412
MDMin:  388 05:13:57    -2397.369751        0.086002
MDMin:  389 05:13:59    -2397.369754        0.085582
MDMin:  390 05:14:00    -2397.369758        0.085150
MDMin:  391 05:14:02    -2397.369761        0.084707
MDMin:  392 05:14:04    -2397.369765        0.084253
MDMin:  393 05:14:06    -2397.369768        0.083787
MDMin:  394 05:14:07    -2397.369772        0.083311
MDMin:  395 05:14:09    -2397.369775        0.082826
MDMin:  396 05:14:11    -2397.369779        0.082331
MDMin:  397 05:14:12    -2397.369783        0.081829
MDMin:  398 05:14:14    -2397.369786        0.081318
MDMin:  399 05:14:16    -2397.369790        0.080801
MDMin:  400 05:14:17    -2397.369793        0.080278
MDMin:  401 05:14:19    -2397.369797        0.080048
MDMin:  402 05:14:20    -2397.369801        0.079886
MDMin:  403 05:14:22    -2397.369804        0.079713
MDMin:  404 05:14:23    -2397.369808        0.079531
MDMin:  405 05:14:25    -2397.369811        0.079339
MDMin:  406 05:14:27    -2397.369815        0.079141
MDMin:  407 05:14:29    -2397.369819        0.078936
MDMin:  408 05:14:31    -2397.369822        0.078726
MDMin:  409 05:14:33    -2397.369826        0.078512
MDMin:  410 05:14:35    -2397.369830        0.078297
MDMin:  411 05:14:37    -2397.369833        0.078082
MDMin:  412 05:14:38    -2397.369837        0.077869
MDMin:  413 05:14:40    -2397.369841        0.077660
MDMin:  414 05:14:42    -2397.369844        0.077457
MDMin:  415 05:14:44    -2397.369848        0.077262
MDMin:  416 05:14:45    -2397.369852        0.077079
MDMin:  417 05:14:46    -2397.369855        0.076908
MDMin:  418 05:14:48    -2397.369859        0.076753
MDMin:  419 05:14:50    -2397.369863        0.076616
MDMin:  420 05:14:52    -2397.369866        0.076498
MDMin:  421 05:14:54    -2397.369870        0.076402
MDMin:  422 05:14:56    -2397.369874        0.076329
MDMin:  423 05:14:58    -2397.369877        0.076281
MDMin:  424 05:14:59    -2397.369881        0.076261
MDMin:  425 05:15:01    -2397.369884        0.076269
MDMin:  426 05:15:03    -2397.369888        0.076308
MDMin:  427 05:15:05    -2397.369890        0.114308
MDMin:  428 05:15:07    -2397.369891        0.076373
MDMin:  429 05:15:09    -2397.369892        0.076395
MDMin:  430 05:15:11    -2397.369893        0.076422
MDMin:  431 05:15:13    -2397.369894        0.076451
MDMin:  432 05:15:15    -2397.369895        0.076485
MDMin:  433 05:15:17    -2397.369896        0.076523
MDMin:  434 05:15:18    -2397.369897        0.076565
MDMin:  435 05:15:19    -2397.369898        0.076611
MDMin:  436 05:15:21    -2397.369899        0.076663
MDMin:  437 05:15:23    -2397.369900        0.076719
MDMin:  438 05:15:25    -2397.369901        0.076782
MDMin:  439 05:15:26    -2397.369902        0.076850
MDMin:  440 05:15:28    -2397.369904        0.076924
MDMin:  441 05:15:30    -2397.369905        0.077005
MDMin:  442 05:15:32    -2397.369906        0.077093
MDMin:  443 05:15:33    -2397.369907        0.077189
MDMin:  444 05:15:35    -2397.369908        0.077292
MDMin:  445 05:15:37    -2397.369910        0.077403
MDMin:  446 05:15:39    -2397.369911        0.077523
MDMin:  447 05:15:40    -2397.369912        0.077651
MDMin:  448 05:15:41    -2397.369914        0.077789
MDMin:  449 05:15:42    -2397.369915        0.077936
MDMin:  450 05:15:44    -2397.369916        0.078093
MDMin:  451 05:15:45    -2397.369918        0.078260
MDMin:  452 05:15:46    -2397.369919        0.078437
MDMin:  453 05:15:48    -2397.369920        0.078625
MDMin:  454 05:15:49    -2397.369922        0.078823
MDMin:  455 05:15:50    -2397.369923        0.079033
MDMin:  456 05:15:51    -2397.369925        0.079253
MDMin:  457 05:15:53    -2397.369926        0.079484
MDMin:  458 05:15:55    -2397.369928        0.079724
MDMin:  459 05:15:57    -2397.369929        0.079975
MDMin:  460 05:15:59    -2397.369931        0.080235
MDMin:  461 05:16:01    -2397.369932        0.080504
MDMin:  462 05:16:02    -2397.369934        0.080779
MDMin:  463 05:16:03    -2397.369935        0.081061
MDMin:  464 05:16:05    -2397.369937        0.081346
MDMin:  465 05:16:07    -2397.369938        0.081633
MDMin:  466 05:16:08    -2397.369940        0.081919
MDMin:  467 05:16:10    -2397.369941        0.082202
MDMin:  468 05:16:11    -2397.369943        0.082477
MDMin:  469 05:16:13    -2397.369945        0.082742
MDMin:  470 05:16:15    -2397.369946        0.082991
MDMin:  471 05:16:17    -2397.369948        0.083221
MDMin:  472 05:16:19    -2397.369949        0.083427
MDMin:  473 05:16:21    -2397.369951        0.083603
MDMin:  474 05:16:23    -2397.369953        0.083747
MDMin:  475 05:16:25    -2397.369954        0.083853
MDMin:  476 05:16:26    -2397.369956        0.083918
MDMin:  477 05:16:28    -2397.369957        0.083941
MDMin:  478 05:16:30    -2397.369959        0.083921
MDMin:  479 05:16:31    -2397.369961        0.083857
MDMin:  480 05:16:33    -2397.369962        0.083753
MDMin:  481 05:16:34    -2397.369964        0.083612
MDMin:  482 05:16:35    -2397.369966        0.083438
MDMin:  483 05:16:37    -2397.369967        0.083239
MDMin:  484 05:16:38    -2397.369969        0.083020
MDMin:  485 05:16:40    -2397.369971        0.082788
MDMin:  486 05:16:41    -2397.369973        0.082548
MDMin:  487 05:16:42    -2397.369974        0.082307
MDMin:  488 05:16:44    -2397.369976        0.082066
MDMin:  489 05:16:45    -2397.369978        0.081829
MDMin:  490 05:16:46    -2397.369979        0.081596
MDMin:  491 05:16:48    -2397.369981        0.081367
MDMin:  492 05:16:50    -2397.369983        0.081143
MDMin:  493 05:16:52    -2397.369985        0.080923
MDMin:  494 05:16:54    -2397.369986        0.080707
MDMin:  495 05:16:55    -2397.369988        0.080494
MDMin:  496 05:16:56    -2397.369990        0.080284
MDMin:  497 05:16:58    -2397.369992        0.080077
MDMin:  498 05:17:00    -2397.369993        0.079873
MDMin:  499 05:17:01    -2397.369995        0.079673
MDMin:  500 05:17:03    -2397.369997        0.079476
MDMin:  501 05:17:05    -2397.369999        0.079282
MDMin:  502 05:17:07    -2397.370000        0.079090
MDMin:  503 05:17:09    -2397.370002        0.078900
MDMin:  504 05:17:11    -2397.370004        0.078711
MDMin:  505 05:17:13    -2397.370006        0.078521
MDMin:  506 05:17:15    -2397.370007        0.078330
MDMin:  507 05:17:17    -2397.370009        0.078137
MDMin:  508 05:17:19    -2397.370011        0.088023
MDMin:  509 05:17:21    -2397.370011        0.077858
MDMin:  510 05:17:22    -2397.370012        0.077802
MDMin:  511 05:17:23    -2397.370012        0.077743
MDMin:  512 05:17:25    -2397.370013        0.077682
MDMin:  513 05:17:27    -2397.370013        0.077619
MDMin:  514 05:17:29    -2397.370014        0.077554
MDMin:  515 05:17:31    -2397.370014        0.077488
MDMin:  516 05:17:33    -2397.370014        0.077419
MDMin:  517 05:17:35    -2397.370015        0.077348
MDMin:  518 05:17:37    -2397.370015        0.077275
MDMin:  519 05:17:39    -2397.370016        0.077199
MDMin:  520 05:17:41    -2397.370017        0.077121
MDMin:  521 05:17:43    -2397.370017        0.077041
MDMin:  522 05:17:45    -2397.370018        0.076957
MDMin:  523 05:17:47    -2397.370018        0.076871
MDMin:  524 05:17:49    -2397.370019        0.076782
MDMin:  525 05:17:51    -2397.370019        0.076690
MDMin:  526 05:17:52    -2397.370020        0.076595
MDMin:  527 05:17:54    -2397.370021        0.076496
MDMin:  528 05:17:56    -2397.370021        0.076394
MDMin:  529 05:17:58    -2397.370022        0.076288
MDMin:  530 05:18:00    -2397.370022        0.076179
MDMin:  531 05:18:02    -2397.370023        0.076065
MDMin:  532 05:18:04    -2397.370024        0.075947
MDMin:  533 05:18:06    -2397.370024        0.075825
MDMin:  534 05:18:08    -2397.370025        0.075699
MDMin:  535 05:18:09    -2397.370026        0.075568
MDMin:  536 05:18:11    -2397.370026        0.075432
MDMin:  537 05:18:13    -2397.370027        0.075291
MDMin:  538 05:18:15    -2397.370028        0.075145
MDMin:  539 05:18:17    -2397.370029        0.074994
MDMin:  540 05:18:19    -2397.370029        0.074837
MDMin:  541 05:18:20    -2397.370030        0.074674
MDMin:  542 05:18:22    -2397.370031        0.074506
MDMin:  543 05:18:24    -2397.370032        0.074331
MDMin:  544 05:18:26    -2397.370032        0.074150
MDMin:  545 05:18:27    -2397.370033        0.073963
MDMin:  546 05:18:29    -2397.370034        0.073770
MDMin:  547 05:18:30    -2397.370035        0.073570
MDMin:  548 05:18:31    -2397.370036        0.073363
MDMin:  549 05:18:33    -2397.370036        0.073149
MDMin:  550 05:18:34    -2397.370037        0.072928
MDMin:  551 05:18:36    -2397.370038        0.072700
MDMin:  552 05:18:37    -2397.370039        0.072464
MDMin:  553 05:18:38    -2397.370040        0.072220
MDMin:  554 05:18:40    -2397.370041        0.071969
MDMin:  555 05:18:41    -2397.370041        0.071710
MDMin:  556 05:18:42    -2397.370042        0.071444
MDMin:  557 05:18:44    -2397.370043        0.071170
MDMin:  558 05:18:45    -2397.370044        0.070889
MDMin:  559 05:18:47    -2397.370045        0.070600
MDMin:  560 05:18:49    -2397.370046        0.070303
MDMin:  561 05:18:51    -2397.370047        0.069998
MDMin:  562 05:18:53    -2397.370047        0.069686
MDMin:  563 05:18:54    -2397.370048        0.069366
MDMin:  564 05:18:56    -2397.370049        0.069039
MDMin:  565 05:18:58    -2397.370050        0.068704
MDMin:  566 05:18:59    -2397.370051        0.068362
MDMin:  567 05:19:01    -2397.370052        0.068012
MDMin:  568 05:19:03    -2397.370053        0.067656
MDMin:  569 05:19:05    -2397.370054        0.067292
MDMin:  570 05:19:07    -2397.370055        0.066921
MDMin:  571 05:19:09    -2397.370056        0.066544
MDMin:  572 05:19:11    -2397.370057        0.066161
MDMin:  573 05:19:13    -2397.370058        0.065771
MDMin:  574 05:19:15    -2397.370059        0.065375
MDMin:  575 05:19:16    -2397.370060        0.064974
MDMin:  576 05:19:18    -2397.370061        0.064568
MDMin:  577 05:19:19    -2397.370062        0.064156
MDMin:  578 05:19:20    -2397.370062        0.063743
MDMin:  579 05:19:22    -2397.370063        0.063337
MDMin:  580 05:19:24    -2397.370064        0.064649
MDMin:  581 05:19:25    -2397.370065        0.062793
MDMin:  582 05:19:27    -2397.370065        0.062662
MDMin:  583 05:19:28    -2397.370065        0.062528
MDMin:  584 05:19:30    -2397.370066        0.062391
MDMin:  585 05:19:32    -2397.370066        0.062250
MDMin:  586 05:19:34    -2397.370066        0.062106
MDMin:  587 05:19:36    -2397.370066        0.061958
MDMin:  588 05:19:38    -2397.370067        0.061806
MDMin:  589 05:19:39    -2397.370067        0.061651
MDMin:  590 05:19:41    -2397.370068        0.061493
MDMin:  591 05:19:42    -2397.370068        0.061332
MDMin:  592 05:19:44    -2397.370068        0.061168
MDMin:  593 05:19:45    -2397.370069        0.061000
MDMin:  594 05:19:47    -2397.370069        0.060830
MDMin:  595 05:19:48    -2397.370069        0.060656
MDMin:  596 05:19:49    -2397.370070        0.060480
MDMin:  597 05:19:50    -2397.370070        0.060301
MDMin:  598 05:19:52    -2397.370071        0.060119
MDMin:  599 05:19:53    -2397.370071        0.059935
MDMin:  600 05:19:55    -2397.370071        0.059749
MDMin:  601 05:19:56    -2397.370072        0.059561
MDMin:  602 05:19:57    -2397.370072        0.059372
MDMin:  603 05:19:59    -2397.370073        0.059180
MDMin:  604 05:20:00    -2397.370073        0.058987
MDMin:  605 05:20:02    -2397.370074        0.058792
MDMin:  606 05:20:03    -2397.370074        0.058596
MDMin:  607 05:20:04    -2397.370074        0.058398
MDMin:  608 05:20:05    -2397.370075        0.058200
MDMin:  609 05:20:07    -2397.370075        0.058001
MDMin:  610 05:20:09    -2397.370076        0.057801
MDMin:  611 05:20:11    -2397.370076        0.057601
MDMin:  612 05:20:12    -2397.370077        0.057401
MDMin:  613 05:20:13    -2397.370077        0.057201
MDMin:  614 05:20:15    -2397.370078        0.057001
MDMin:  615 05:20:17    -2397.370078        0.056802
MDMin:  616 05:20:19    -2397.370079        0.056604
MDMin:  617 05:20:21    -2397.370079        0.056406
MDMin:  618 05:20:23    -2397.370080        0.056210
MDMin:  619 05:20:25    -2397.370080        0.056016
MDMin:  620 05:20:27    -2397.370081        0.055824
MDMin:  621 05:20:29    -2397.370082        0.055634
MDMin:  622 05:20:30    -2397.370082        0.055447
MDMin:  623 05:20:32    -2397.370083        0.055263
MDMin:  624 05:20:33    -2397.370083        0.055083
MDMin:  625 05:20:35    -2397.370084        0.054906
MDMin:  626 05:20:37    -2397.370084        0.054734
MDMin:  627 05:20:38    -2397.370085        0.054566
MDMin:  628 05:20:39    -2397.370085        0.054404
MDMin:  629 05:20:41    -2397.370086        0.054247
MDMin:  630 05:20:43    -2397.370087        0.054097
MDMin:  631 05:20:46    -2397.370087        0.053953
MDMin:  632 05:20:47    -2397.370088        0.053816
MDMin:  633 05:20:49    -2397.370088        0.053687
MDMin:  634 05:20:51    -2397.370089        0.053566
MDMin:  635 05:20:53    -2397.370089        0.053454
MDMin:  636 05:20:55    -2397.370090        0.053351
MDMin:  637 05:20:57    -2397.370091        0.053258
MDMin:  638 05:20:59    -2397.370091        0.053175
MDMin:  639 05:21:01    -2397.370092        0.053104
MDMin:  640 05:21:03    -2397.370092        0.053044
MDMin:  641 05:21:04    -2397.370093        0.052997
MDMin:  642 05:21:06    -2397.370094        0.052962
MDMin:  643 05:21:08    -2397.370094        0.052941
MDMin:  644 05:21:10    -2397.370095        0.052933
MDMin:  645 05:21:12    -2397.370095        0.052940
MDMin:  646 05:21:13    -2397.370096        0.052970
MDMin:  647 05:21:15    -2397.370097        0.053742
MDMin:  648 05:21:16    -2397.370097        0.054529
MDMin:  649 05:21:18    -2397.370098        0.055332
MDMin:  650 05:21:19    -2397.370098        0.056149
MDMin:  651 05:21:21    -2397.370099        0.056980
MDMin:  652 05:21:23    -2397.370099        0.057825
MDMin:  653 05:21:25    -2397.370100        0.058683
MDMin:  654 05:21:26    -2397.370101        0.059552
MDMin:  655 05:21:28    -2397.370101        0.060431
MDMin:  656 05:21:30    -2397.370102        0.061310
MDMin:  657 05:21:32    -2397.370102        0.062149
MDMin:  658 05:21:33    -2397.370103        0.062802
MDMin:  659 05:21:35    -2397.370103        0.063153
MDMin:  660 05:21:36    -2397.370103        0.063450
MDMin:  661 05:21:38    -2397.370103        0.063755
MDMin:  662 05:21:40    -2397.370104        0.064068
MDMin:  663 05:21:42    -2397.370104        0.064391
MDMin:  664 05:21:44    -2397.370104        0.064722
MDMin:  665 05:21:46    -2397.370104        0.065061
MDMin:  666 05:21:48    -2397.370104        0.065409
MDMin:  667 05:21:50    -2397.370105        0.065765
MDMin:  668 05:21:52    -2397.370105        0.066130
MDMin:  669 05:21:54    -2397.370105        0.066501
MDMin:  670 05:21:55    -2397.370105        0.066881
MDMin:  671 05:21:57    -2397.370106        0.067269
MDMin:  672 05:21:58    -2397.370106        0.067663
MDMin:  673 05:21:59    -2397.370106        0.068066
MDMin:  674 05:22:00    -2397.370106        0.068475
MDMin:  675 05:22:02    -2397.370107        0.068891
MDMin:  676 05:22:03    -2397.370107        0.069314
MDMin:  677 05:22:04    -2397.370107        0.069744
MDMin:  678 05:22:06    -2397.370107        0.070181
MDMin:  679 05:22:07    -2397.370108        0.070623
MDMin:  680 05:22:08    -2397.370108        0.071072
MDMin:  681 05:22:09    -2397.370108        0.071527
MDMin:  682 05:22:11    -2397.370108        0.071987
MDMin:  683 05:22:13    -2397.370109        0.072453
MDMin:  684 05:22:15    -2397.370109        0.072924
MDMin:  685 05:22:17    -2397.370109        0.073399
MDMin:  686 05:22:19    -2397.370109        0.073880
MDMin:  687 05:22:20    -2397.370110        0.074364
MDMin:  688 05:22:21    -2397.370110        0.074853
MDMin:  689 05:22:23    -2397.370110        0.075345
MDMin:  690 05:22:25    -2397.370111        0.075841
MDMin:  691 05:22:27    -2397.370111        0.076339
MDMin:  692 05:22:28    -2397.370111        0.076840
MDMin:  693 05:22:29    -2397.370111        0.077344
MDMin:  694 05:22:31    -2397.370112        0.077849
MDMin:  695 05:22:34    -2397.370112        0.078356
MDMin:  696 05:22:35    -2397.370112        0.078864
MDMin:  697 05:22:37    -2397.370113        0.079372
MDMin:  698 05:22:39    -2397.370113        0.079881
MDMin:  699 05:22:41    -2397.370113        0.080388
MDMin:  700 05:22:43    -2397.370113        0.080895
MDMin:  701 05:22:45    -2397.370114        0.081400
MDMin:  702 05:22:47    -2397.370114        0.081903
MDMin:  703 05:22:49    -2397.370114        0.082403
MDMin:  704 05:22:50    -2397.370115        0.082900
MDMin:  705 05:22:51    -2397.370115        0.083392
MDMin:  706 05:22:54    -2397.370115        0.083878
MDMin:  707 05:22:55    -2397.370116        0.084359
MDMin:  708 05:22:57    -2397.370116        0.084833
MDMin:  709 05:22:59    -2397.370116        0.085300
MDMin:  710 05:23:01    -2397.370117        0.085757
MDMin:  711 05:23:03    -2397.370117        0.086205
MDMin:  712 05:23:05    -2397.370117        0.086642
MDMin:  713 05:23:07    -2397.370117        0.087067
MDMin:  714 05:23:09    -2397.370118        0.087479
MDMin:  715 05:23:10    -2397.370118        0.087876
MDMin:  716 05:23:12    -2397.370118        0.088258
MDMin:  717 05:23:14    -2397.370119        0.088622
MDMin:  718 05:23:16    -2397.370119        0.088968
MDMin:  719 05:23:17    -2397.370119        0.089293
MDMin:  720 05:23:18    -2397.370120        0.089597
MDMin:  721 05:23:20    -2397.370120        0.089878
MDMin:  722 05:23:22    -2397.370120        0.090133
MDMin:  723 05:23:23    -2397.370121        0.090361
MDMin:  724 05:23:25    -2397.370121        0.090560
MDMin:  725 05:23:26    -2397.370121        0.090729
MDMin:  726 05:23:28    -2397.370122        0.090865
MDMin:  727 05:23:30    -2397.370122        0.090966
MDMin:  728 05:23:32    -2397.370122        0.091030
MDMin:  729 05:23:34    -2397.370122        0.091056
MDMin:  730 05:23:36    -2397.370123        0.091039
MDMin:  731 05:23:37    -2397.370123        0.090980
MDMin:  732 05:23:39    -2397.370123        0.090874
MDMin:  733 05:23:40    -2397.370124        0.090720
MDMin:  734 05:23:42    -2397.370124        0.090516
MDMin:  735 05:23:44    -2397.370124        0.090259
MDMin:  736 05:23:46    -2397.370125        0.089946
MDMin:  737 05:23:48    -2397.370125        0.089577
MDMin:  738 05:23:49    -2397.370125        0.089148
MDMin:  739 05:23:51    -2397.370126        0.088657
MDMin:  740 05:23:53    -2397.370126        0.088102
MDMin:  741 05:23:55    -2397.370126        0.087482
MDMin:  742 05:23:57    -2397.370127        0.086794
MDMin:  743 05:23:59    -2397.370127        0.086038
MDMin:  744 05:24:01    -2397.370127        0.085214
MDMin:  745 05:24:03    -2397.370128        0.084325
MDMin:  746 05:24:04    -2397.370128        0.083396
MDMin:  747 05:24:06    -2397.370128        0.082517
MDMin:  748 05:24:08    -2397.370129        0.081872
MDMin:  749 05:24:10    -2397.370129        0.081413
MDMin:  750 05:24:12    -2397.370129        0.080964
MDMin:  751 05:24:14    -2397.370129        0.080498
MDMin:  752 05:24:16    -2397.370129        0.080014
MDMin:  753 05:24:17    -2397.370129        0.079511
MDMin:  754 05:24:18    -2397.370130        0.078987
MDMin:  755 05:24:20    -2397.370130        0.078442
MDMin:  756 05:24:22    -2397.370130        0.077876
MDMin:  757 05:24:23    -2397.370130        0.077289
MDMin:  758 05:24:25    -2397.370130        0.076679
MDMin:  759 05:24:27    -2397.370130        0.076047
MDMin:  760 05:24:29    -2397.370131        0.075392
MDMin:  761 05:24:31    -2397.370131        0.074714
MDMin:  762 05:24:33    -2397.370131        0.074012
MDMin:  763 05:24:34    -2397.370131        0.073287
MDMin:  764 05:24:35    -2397.370131        0.072537
MDMin:  765 05:24:37    -2397.370131        0.071764
MDMin:  766 05:24:39    -2397.370132        0.070967
MDMin:  767 05:24:41    -2397.370132        0.070146
MDMin:  768 05:24:43    -2397.370132        0.069300
MDMin:  769 05:24:45    -2397.370132        0.068431
MDMin:  770 05:24:47    -2397.370133        0.067537
MDMin:  771 05:24:49    -2397.370133        0.066620
MDMin:  772 05:24:51    -2397.370133        0.065680
MDMin:  773 05:24:53    -2397.370133        0.064717
MDMin:  774 05:24:55    -2397.370133        0.063732
MDMin:  775 05:24:56    -2397.370134        0.062724
MDMin:  776 05:24:59    -2397.370134        0.061696
MDMin:  777 05:25:00    -2397.370134        0.060646
MDMin:  778 05:25:01    -2397.370134        0.059577
MDMin:  779 05:25:03    -2397.370135        0.058489
MDMin:  780 05:25:04    -2397.370135        0.057382
MDMin:  781 05:25:06    -2397.370135        0.056259
MDMin:  782 05:25:08    -2397.370135        0.055120
MDMin:  783 05:25:10    -2397.370136        0.053965
MDMin:  784 05:25:11    -2397.370136        0.052798
MDMin:  785 05:25:13    -2397.370136        0.051618
MDMin:  786 05:25:15    -2397.370136        0.050428
MDMin:  787 05:25:17    -2397.370137        0.049228
