       Step     Time          Energy          fmax
MDMin:    0 13:50:30    -2394.147097        7.657240
MDMin:    1 13:50:32    -2394.151259        7.580508
MDMin:    2 13:50:33    -2394.163659        7.874156
MDMin:    3 13:50:35    -2394.184285        7.977543
MDMin:    4 13:50:37    -2394.213998        8.362629
MDMin:    5 13:50:39    -2394.255744        6.465494
MDMin:    6 13:50:41    -2394.316933        7.673679
MDMin:    7 13:50:43    -2394.407739        5.804990
MDMin:    8 13:50:45    -2394.531259        6.077701
MDMin:    9 13:50:46    -2394.609157        3.610057
MDMin:   10 13:50:47    -2394.720904        4.648544
MDMin:   11 13:50:49    -2394.872042        2.509448
MDMin:   12 13:50:50    -2395.125158        1.844237
MDMin:   13 13:50:51    -2395.410329        2.230251
MDMin:   14 13:50:53    -2395.680912        2.551675
MDMin:   15 13:50:54    -2395.838521        2.959399
MDMin:   16 13:50:56    -2395.979779        2.761857
MDMin:   17 13:50:58    -2396.129940        2.213421
MDMin:   18 13:51:00    -2396.287609        1.566438
MDMin:   19 13:51:02    -2396.440858        1.413131
MDMin:   20 13:51:03    -2396.573812        1.572397
MDMin:   21 13:51:05    -2396.682786        1.609302
MDMin:   22 13:51:07    -2396.752874        1.555982
MDMin:   23 13:51:09    -2396.804447        1.499218
MDMin:   24 13:51:11    -2396.861999        1.431240
MDMin:   25 13:51:13    -2396.929417        1.413309
MDMin:   26 13:51:15    -2397.006878        1.416254
MDMin:   27 13:51:17    -2397.092491        1.378917
MDMin:   28 13:51:18    -2397.152049        1.266349
MDMin:   29 13:51:20    -2397.189236        1.116248
MDMin:   30 13:51:21    -2397.208373        0.933409
MDMin:   31 13:51:22    -2397.227960        0.761047
MDMin:   32 13:51:24    -2397.247325        0.721258
MDMin:   33 13:51:26    -2397.263195        0.860266
MDMin:   34 13:51:28    -2397.268992        0.696724
MDMin:   35 13:51:29    -2397.274669        0.690522
MDMin:   36 13:51:31    -2397.281135        0.682401
MDMin:   37 13:51:33    -2397.288446        0.671905
MDMin:   38 13:51:34    -2397.296640        0.658751
MDMin:   39 13:51:35    -2397.305774        0.642764
MDMin:   40 13:51:37    -2397.309651        0.623985
MDMin:   41 13:51:38    -2397.312810        0.604506
MDMin:   42 13:51:40    -2397.316172        0.583839
MDMin:   43 13:51:42    -2397.319770        0.563345
MDMin:   44 13:51:44    -2397.323649        0.544174
MDMin:   45 13:51:46    -2397.327875        0.527160
MDMin:   46 13:51:48    -2397.332519        0.512392
MDMin:   47 13:51:50    -2397.337604        0.499392
MDMin:   48 13:51:51    -2397.342665        0.494303
MDMin:   49 13:51:53    -2397.345907        0.493444
MDMin:   50 13:51:54    -2397.347705        0.492589
MDMin:   51 13:51:56    -2397.349885        0.491161
MDMin:   52 13:51:57    -2397.352468        0.488905
MDMin:   53 13:51:58    -2397.355499        0.485477
MDMin:   54 13:52:00    -2397.359037        0.480459
MDMin:   55 13:52:01    -2397.363155        0.473390
MDMin:   56 13:52:02    -2397.367946        0.463826
MDMin:   57 13:52:04    -2397.373529        0.475294
MDMin:   58 13:52:05    -2397.380058        0.488060
MDMin:   59 13:52:06    -2397.387726        0.499410
MDMin:   60 13:52:08    -2397.396785        0.508294
MDMin:   61 13:52:09    -2397.407560        0.513602
MDMin:   62 13:52:11    -2397.420467        0.514391
MDMin:   63 13:52:13    -2397.436039        0.510229
MDMin:   64 13:52:15    -2397.454953        0.546050
MDMin:   65 13:52:17    -2397.478043        0.616276
MDMin:   66 13:52:18    -2397.506295        0.696774
MDMin:   67 13:52:20    -2397.540787        0.785743
MDMin:   68 13:52:21    -2397.582441        0.878178
MDMin:   69 13:52:23    -2397.631320        0.964768
MDMin:   70 13:52:25    -2397.666553        1.039668
MDMin:   71 13:52:27    -2397.667583        1.068763
MDMin:   72 13:52:29    -2397.668903        1.082112
MDMin:   73 13:52:31    -2397.670542        1.074998
MDMin:   74 13:52:32    -2397.672487        1.129854
MDMin:   75 13:52:34    -2397.674704        1.232955
MDMin:   76 13:52:36    -2397.677124        1.299071
MDMin:   77 13:52:37    -2397.679613        1.299133
MDMin:   78 13:52:38    -2397.682198        1.230409
MDMin:   79 13:52:39    -2397.684908        1.109551
MDMin:   80 13:52:41    -2397.687682        0.949075
MDMin:   81 13:52:42    -2397.690320        0.787444
MDMin:   82 13:52:44    -2397.688298        0.895965
MDMin:   83 13:52:45    -2397.688134        0.705937
MDMin:   84 13:52:46    -2397.687881        0.682784
MDMin:   85 13:52:47    -2397.687572        0.654011
MDMin:   86 13:52:50    -2397.687237        0.620095
MDMin:   87 13:52:51    -2397.686909        0.581035
MDMin:   88 13:52:53    -2397.686620        0.537008
MDMin:   89 13:52:55    -2397.686404        0.501515
MDMin:   90 13:52:56    -2397.686288        0.471319
MDMin:   91 13:52:58    -2397.686297        0.440751
MDMin:   92 13:53:00    -2397.686445        0.411176
MDMin:   93 13:53:01    -2397.686745        0.384001
MDMin:   94 13:53:03    -2397.687201        0.360295
MDMin:   95 13:53:05    -2397.687812        0.340334
MDMin:   96 13:53:06    -2397.688573        0.323234
MDMin:   97 13:53:08    -2397.689452        0.346213
MDMin:   98 13:53:10    -2397.690179        0.760045
MDMin:   99 13:53:12    -2397.690293        0.433331
MDMin:  100 13:53:14    -2397.690478        0.289668
MDMin:  101 13:53:16    -2397.690718        0.285426
MDMin:  102 13:53:18    -2397.690998        0.280274
MDMin:  103 13:53:19    -2397.691320        0.274105
MDMin:  104 13:53:21    -2397.691685        0.266818
MDMin:  105 13:53:22    -2397.692094        0.258329
MDMin:  106 13:53:23    -2397.692548        0.257466
MDMin:  107 13:53:24    -2397.693046        0.258273
MDMin:  108 13:53:26    -2397.693591        0.258552
MDMin:  109 13:53:27    -2397.694181        0.258231
MDMin:  110 13:53:28    -2397.694818        0.257295
MDMin:  111 13:53:30    -2397.695503        0.255817
MDMin:  112 13:53:31    -2397.696236        0.253966
MDMin:  113 13:53:32    -2397.697019        0.252024
MDMin:  114 13:53:34    -2397.697852        0.250371
MDMin:  115 13:53:35    -2397.698723        0.249443
MDMin:  116 13:53:36    -2397.699511        0.439256
MDMin:  117 13:53:37    -2397.699843        0.249565
MDMin:  118 13:53:39    -2397.700062        0.249734
MDMin:  119 13:53:40    -2397.700323        0.250055
MDMin:  120 13:53:42    -2397.700211        0.584150
MDMin:  121 13:53:44    -2397.699684        0.250817
MDMin:  122 13:53:46    -2397.699786        0.251071
MDMin:  123 13:53:48    -2397.699924        0.251452
MDMin:  124 13:53:50    -2397.700099        0.251992
MDMin:  125 13:53:52    -2397.700313        0.252728
MDMin:  126 13:53:54    -2397.699174        0.574938
MDMin:  127 13:53:55    -2397.699694        0.254115
MDMin:  128 13:53:57    -2397.699786        0.254540
MDMin:  129 13:53:59    -2397.699911        0.255144
MDMin:  130 13:54:01    -2397.700072        0.255951
MDMin:  131 13:54:03    -2397.699032        0.567815
MDMin:  132 13:54:05    -2397.699502        0.257441
MDMin:  133 13:54:06    -2397.699583        0.257917
MDMin:  134 13:54:08    -2397.699698        0.258594
MDMin:  135 13:54:09    -2397.699685        0.561617
MDMin:  136 13:54:10    -2397.699178        0.259911
MDMin:  137 13:54:12    -2397.699249        0.260375
MDMin:  138 13:54:14    -2397.699353        0.261043
MDMin:  139 13:54:15    -2397.699491        0.261917
MDMin:  140 13:54:17    -2397.698735        0.558864
MDMin:  141 13:54:19    -2397.698939        0.263476
MDMin:  142 13:54:20    -2397.699014        0.263966
MDMin:  143 13:54:21    -2397.699122        0.264648
MDMin:  144 13:54:23    -2397.699097        0.554153
MDMin:  145 13:54:25    -2397.698608        0.265917
MDMin:  146 13:54:26    -2397.698678        0.266345
MDMin:  147 13:54:29    -2397.698779        0.266940
MDMin:  148 13:54:31    -2397.698916        0.267684
MDMin:  149 13:54:32    -2397.697924        0.552520
MDMin:  150 13:54:34    -2397.698368        0.268899
MDMin:  151 13:54:36    -2397.698444        0.269247
MDMin:  152 13:54:38    -2397.698553        0.269701
MDMin:  153 13:54:40    -2397.698165        0.548326
MDMin:  154 13:54:41    -2397.698042        0.270443
MDMin:  155 13:54:43    -2397.698113        0.270655
MDMin:  156 13:54:44    -2397.698217        0.270916
MDMin:  157 13:54:46    -2397.698175        0.545100
MDMin:  158 13:54:48    -2397.697712        0.271269
MDMin:  159 13:54:49    -2397.697782        0.271336
MDMin:  160 13:54:51    -2397.697885        0.271383
MDMin:  161 13:54:52    -2397.698023        0.271355
MDMin:  162 13:54:54    -2397.696756        0.544329
MDMin:  163 13:54:56    -2397.697481        0.271004
MDMin:  164 13:54:57    -2397.697560        0.270792
MDMin:  165 13:54:59    -2397.697673        0.273200
MDMin:  166 13:55:01    -2397.696868        0.540388
MDMin:  167 13:55:02    -2397.697167        0.275733
MDMin:  168 13:55:03    -2397.697242        0.277741
MDMin:  169 13:55:05    -2397.697351        0.280574
MDMin:  170 13:55:07    -2397.696772        0.537211
MDMin:  171 13:55:09    -2397.696852        0.283224
MDMin:  172 13:55:11    -2397.696926        0.285245
MDMin:  173 13:55:12    -2397.697035        0.288101
MDMin:  174 13:55:13    -2397.696602        0.534217
MDMin:  175 13:55:14    -2397.696538        0.290909
MDMin:  176 13:55:16    -2397.696613        0.292959
MDMin:  177 13:55:17    -2397.696721        0.295845
MDMin:  178 13:55:19    -2397.696385        0.531249
MDMin:  179 13:55:20    -2397.696226        0.298775
MDMin:  180 13:55:21    -2397.696302        0.300831
MDMin:  181 13:55:23    -2397.696412        0.303713
MDMin:  182 13:55:25    -2397.696127        0.528232
MDMin:  183 13:55:26    -2397.695919        0.306683
MDMin:  184 13:55:27    -2397.695995        0.308717
MDMin:  185 13:55:29    -2397.696106        0.311552
MDMin:  186 13:55:30    -2397.695833        0.525108
MDMin:  187 13:55:31    -2397.695616        0.314466
MDMin:  188 13:55:33    -2397.695694        0.316442
MDMin:  189 13:55:34    -2397.695807        0.319180
MDMin:  190 13:55:35    -2397.695502        0.521825
MDMin:  191 13:55:36    -2397.695320        0.321930
MDMin:  192 13:55:38    -2397.695399        0.323809
MDMin:  193 13:55:40    -2397.695513        0.326396
MDMin:  194 13:55:41    -2397.695137        0.518335
MDMin:  195 13:55:43    -2397.695030        0.328864
MDMin:  196 13:55:44    -2397.695111        0.330604
MDMin:  197 13:55:45    -2397.695227        0.332979
MDMin:  198 13:55:47    -2397.694738        0.514595
MDMin:  199 13:55:49    -2397.694748        0.335041
MDMin:  200 13:55:51    -2397.694830        0.336598
MDMin:  201 13:55:53    -2397.694948        0.338701
MDMin:  202 13:55:55    -2397.694304        0.510564
MDMin:  203 13:55:57    -2397.694474        0.340233
MDMin:  204 13:55:59    -2397.694558        0.341564
MDMin:  205 13:56:01    -2397.694678        0.343337
MDMin:  206 13:56:02    -2397.693836        0.506206
MDMin:  207 13:56:04    -2397.694209        0.344222
MDMin:  208 13:56:05    -2397.694294        0.345288
MDMin:  209 13:56:07    -2397.694417        0.346680
MDMin:  210 13:56:09    -2397.693334        0.501491
MDMin:  211 13:56:11    -2397.693954        0.346815
MDMin:  212 13:56:13    -2397.694041        0.347584
MDMin:  213 13:56:15    -2397.694146        0.495044
MDMin:  214 13:56:17    -2397.693620        0.347156
MDMin:  215 13:56:19    -2397.693698        0.347686
MDMin:  216 13:56:21    -2397.693812        0.348354
MDMin:  217 13:56:23    -2397.693359        0.491148
MDMin:  218 13:56:24    -2397.693363        0.347225
MDMin:  219 13:56:25    -2397.693332        0.908870
MDMin:  220 13:56:27    -2397.693211        0.346248
MDMin:  221 13:56:29    -2397.693229        0.906787
MDMin:  222 13:56:31    -2397.692996        0.345120
MDMin:  223 13:56:33    -2397.693023        0.345259
MDMin:  224 13:56:35    -2397.692990        0.904469
MDMin:  225 13:56:36    -2397.692842        0.344367
MDMin:  226 13:56:38    -2397.692867        0.344508
MDMin:  227 13:56:40    -2397.692759        0.902280
MDMin:  228 13:56:42    -2397.692685        0.343670
MDMin:  229 13:56:44    -2397.692668        0.900130
MDMin:  230 13:56:45    -2397.692464        0.342697
MDMin:  231 13:56:47    -2397.692485        0.342856
MDMin:  232 13:56:49    -2397.692452        0.898009
MDMin:  233 13:56:51    -2397.692296        0.342136
MDMin:  234 13:56:53    -2397.692315        0.342291
MDMin:  235 13:56:55    -2397.692243        0.896011
MDMin:  236 13:56:56    -2397.692125        0.341602
MDMin:  237 13:56:57    -2397.692144        0.341750
MDMin:  238 13:56:59    -2397.692042        0.894053
MDMin:  239 13:57:00    -2397.691952        0.341087
MDMin:  240 13:57:02    -2397.691964        0.891780
MDMin:  241 13:57:04    -2397.691726        0.340256
MDMin:  242 13:57:06    -2397.691741        0.340413
MDMin:  243 13:57:08    -2397.691775        0.889789
MDMin:  244 13:57:10    -2397.691543        0.339832
MDMin:  245 13:57:12    -2397.691557        0.339981
MDMin:  246 13:57:14    -2397.691590        0.340276
MDMin:  247 13:57:16    -2397.691418        0.888609
MDMin:  248 13:57:18    -2397.691401        0.886208
MDMin:  249 13:57:20    -2397.690953        0.338151
MDMin:  250 13:57:21    -2397.690961        0.338270
MDMin:  251 13:57:22    -2397.690982        0.338553
MDMin:  252 13:57:24    -2397.691019        0.338933
MDMin:  253 13:57:26    -2397.690879        0.883532
MDMin:  254 13:57:27    -2397.690866        0.881183
MDMin:  255 13:57:29    -2397.690420        0.337171
MDMin:  256 13:57:31    -2397.690426        0.337257
MDMin:  257 13:57:33    -2397.690443        0.337465
MDMin:  258 13:57:35    -2397.690475        0.337727
MDMin:  259 13:57:36    -2397.690390        0.878776
MDMin:  260 13:57:38    -2397.690329        0.337363
MDMin:  261 13:57:40    -2397.690338        0.876665
MDMin:  262 13:57:42    -2397.690102        0.336719
MDMin:  263 13:57:44    -2397.690112        0.336764
MDMin:  264 13:57:45    -2397.690133        0.336839
MDMin:  265 13:57:47    -2397.690057        0.875630
MDMin:  266 13:57:49    -2397.689966        0.336335
MDMin:  267 13:57:51    -2397.689976        0.336340
MDMin:  268 13:57:52    -2397.689921        0.873978
MDMin:  269 13:57:54    -2397.689780        0.335772
MDMin:  270 13:57:55    -2397.689790        0.335771
MDMin:  271 13:57:57    -2397.689791        0.872140
MDMin:  272 13:57:59    -2397.689592        0.335217
MDMin:  273 13:58:00    -2397.689601        0.335209
MDMin:  274 13:58:02    -2397.689622        0.335164
MDMin:  275 13:58:04    -2397.689538        0.871274
MDMin:  276 13:58:06    -2397.689457        0.334581
MDMin:  277 13:58:07    -2397.689467        0.334533
MDMin:  278 13:58:09    -2397.689419        0.869627
MDMin:  279 13:58:11    -2397.689273        0.333958
MDMin:  280 13:58:13    -2397.689282        0.333906
MDMin:  281 13:58:15    -2397.689304        0.333762
MDMin:  282 13:58:16    -2397.689187        0.868656
MDMin:  283 13:58:17    -2397.689143        0.333104
MDMin:  284 13:58:19    -2397.689153        0.333014
MDMin:  285 13:58:21    -2397.689079        0.866996
MDMin:  286 13:58:23    -2397.688962        0.332427
MDMin:  287 13:58:25    -2397.688971        0.332335
MDMin:  288 13:58:27    -2397.688979        0.865132
MDMin:  289 13:58:29    -2397.688778        0.331768
MDMin:  290 13:58:31    -2397.688786        0.331671
MDMin:  291 13:58:32    -2397.688806        0.331425
MDMin:  292 13:58:34    -2397.688781        0.864164
MDMin:  293 13:58:36    -2397.688646        0.330715
MDMin:  294 13:58:38    -2397.688655        0.330581
MDMin:  295 13:58:40    -2397.688678        0.330255
MDMin:  296 13:58:41    -2397.688594        0.863255
MDMin:  297 13:58:43    -2397.688523        0.329475
MDMin:  298 13:58:45    -2397.688533        0.329309
MDMin:  299 13:58:47    -2397.688514        0.861577
MDMin:  300 13:58:48    -2397.688347        0.328717
MDMin:  301 13:58:49    -2397.688356        0.328553
MDMin:  302 13:58:51    -2397.688379        0.328152
MDMin:  303 13:58:53    -2397.688356        0.860383
MDMin:  304 13:58:54    -2397.688225        0.327334
MDMin:  305 13:58:55    -2397.688235        0.327135
MDMin:  306 13:58:57    -2397.688260        0.326662
MDMin:  307 13:58:59    -2397.688212        0.859262
MDMin:  308 13:59:01    -2397.688111        0.325790
MDMin:  309 13:59:02    -2397.688122        0.325562
MDMin:  310 13:59:04    -2397.688149        0.325025
MDMin:  311 13:59:05    -2397.688085        0.858004
MDMin:  312 13:59:07    -2397.688003        0.324111
MDMin:  313 13:59:08    -2397.688015        0.323857
MDMin:  314 13:59:10    -2397.688040        0.856290
MDMin:  315 13:59:12    -2397.687836        0.323270
MDMin:  316 13:59:13    -2397.687847        0.323022
MDMin:  317 13:59:15    -2397.687872        0.322431
MDMin:  318 13:59:17    -2397.687916        0.321449
MDMin:  319 13:59:18    -2397.687879        0.855128
MDMin:  320 13:59:20    -2397.687811        0.320095
MDMin:  321 13:59:22    -2397.687825        0.319777
MDMin:  322 13:59:23    -2397.687855        0.853550
MDMin:  323 13:59:25    -2397.687653        0.319190
MDMin:  324 13:59:27    -2397.687665        0.318889
MDMin:  325 13:59:29    -2397.687694        0.318177
MDMin:  326 13:59:30    -2397.687744        0.317013
MDMin:  327 13:59:32    -2397.687770        0.851801
MDMin:  328 13:59:34    -2397.687647        0.315540
MDMin:  329 13:59:36    -2397.687662        0.315173
MDMin:  330 13:59:38    -2397.687698        0.314338
MDMin:  331 13:59:40    -2397.687756        0.850027
MDMin:  332 13:59:42    -2397.687570        0.313286
MDMin:  333 13:59:43    -2397.687586        0.312909
MDMin:  334 13:59:45    -2397.687622        0.312044
MDMin:  335 13:59:47    -2397.687682        0.310653
MDMin:  336 13:59:49    -2397.687768        0.308682
MDMin:  337 13:59:51    -2397.687784        0.846491
MDMin:  338 13:59:53    -2397.687732        0.306447
MDMin:  339 13:59:55    -2397.687753        0.305984
MDMin:  340 13:59:56    -2397.687800        0.304955
MDMin:  341 13:59:58    -2397.687860        0.844118
MDMin:  342 14:00:00    -2397.687689        0.303851
MDMin:  343 14:00:02    -2397.687710        0.303393
MDMin:  344 14:00:04    -2397.687756        0.302358
MDMin:  345 14:00:06    -2397.687830        0.300718
MDMin:  346 14:00:08    -2397.687935        0.298435
MDMin:  347 14:00:09    -2397.688078        0.295458
MDMin:  348 14:00:10    -2397.688262        0.291736
MDMin:  349 14:00:12    -2397.688476        0.832184
MDMin:  350 14:00:13    -2397.688353        0.293162
MDMin:  351 14:00:14    -2397.688383        0.293354
MDMin:  352 14:00:16    -2397.688449        0.293748
MDMin:  353 14:00:17    -2397.688552        0.294304
MDMin:  354 14:00:18    -2397.688694        0.294959
MDMin:  355 14:00:20    -2397.687931        0.424548
MDMin:  356 14:00:22    -2397.688246        0.295921
MDMin:  357 14:00:24    -2397.688352        0.296155
MDMin:  358 14:00:25    -2397.688497        0.296336
MDMin:  359 14:00:27    -2397.687594        0.412163
MDMin:  360 14:00:28    -2397.688035        0.296226
MDMin:  361 14:00:30    -2397.688141        0.296005
MDMin:  362 14:00:32    -2397.688287        0.295564
MDMin:  363 14:00:33    -2397.687082        0.401997
MDMin:  364 14:00:34    -2397.687824        0.294148
MDMin:  365 14:00:36    -2397.687932        0.293410
MDMin:  366 14:00:38    -2397.687876        0.398773
MDMin:  367 14:00:40    -2397.687513        0.291431
MDMin:  368 14:00:42    -2397.687607        0.290453
MDMin:  369 14:00:44    -2397.687741        0.291914
MDMin:  370 14:00:45    -2397.686904        0.395706
MDMin:  371 14:00:47    -2397.687298        0.295845
MDMin:  372 14:00:48    -2397.687403        0.297230
MDMin:  373 14:00:49    -2397.687448        0.392813
MDMin:  374 14:00:51    -2397.686999        0.300016
MDMin:  375 14:00:53    -2397.687093        0.301054
MDMin:  376 14:00:55    -2397.687228        0.302348
MDMin:  377 14:00:56    -2397.686262        0.389947
MDMin:  378 14:00:58    -2397.686803        0.304587
MDMin:  379 14:00:59    -2397.686909        0.305284
MDMin:  380 14:01:01    -2397.686665        0.387187
MDMin:  381 14:01:02    -2397.686523        0.306502
MDMin:  382 14:01:03    -2397.686621        0.306863
MDMin:  383 14:01:04    -2397.686760        0.307224
MDMin:  384 14:01:06    -2397.685343        0.384301
MDMin:  385 14:01:08    -2397.686356        0.307498
MDMin:  386 14:01:09    -2397.686467        0.307420
MDMin:  387 14:01:12    -2397.685646        0.381617
MDMin:  388 14:01:14    -2397.686101        0.306905
MDMin:  389 14:01:16    -2397.686203        0.306545
MDMin:  390 14:01:18    -2397.685752        0.379281
MDMin:  391 14:01:20    -2397.685853        0.305421
MDMin:  392 14:01:22    -2397.685951        0.304813
MDMin:  393 14:01:24    -2397.685770        0.377090
MDMin:  394 14:01:26    -2397.685610        0.303132
MDMin:  395 14:01:28    -2397.685707        0.302294
MDMin:  396 14:01:30    -2397.685735        0.374980
MDMin:  397 14:01:31    -2397.685374        0.300095
MDMin:  398 14:01:32    -2397.685470        0.299047
MDMin:  399 14:01:34    -2397.685608        0.297504
MDMin:  400 14:01:35    -2397.684148        0.372383
MDMin:  401 14:01:36    -2397.685259        0.293939
MDMin:  402 14:01:38    -2397.685371        0.292445
MDMin:  403 14:01:40    -2397.684237        0.369907
MDMin:  404 14:01:42    -2397.685056        0.288867
MDMin:  405 14:01:43    -2397.685159        0.287304
MDMin:  406 14:01:45    -2397.684180        0.367721
MDMin:  407 14:01:46    -2397.684859        0.283521
MDMin:  408 14:01:47    -2397.684959        0.281857
MDMin:  409 14:01:48    -2397.684061        0.365651
MDMin:  410 14:01:50    -2397.684668        0.277837
MDMin:  411 14:01:51    -2397.684767        0.276078
MDMin:  412 14:01:52    -2397.683909        0.363643
MDMin:  413 14:01:53    -2397.684485        0.271843
MDMin:  414 14:01:55    -2397.684583        0.270005
MDMin:  415 14:01:57    -2397.683731        0.361678
MDMin:  416 14:01:59    -2397.684308        0.265594
MDMin:  417 14:02:01    -2397.684405        0.263693
MDMin:  418 14:02:03    -2397.683532        0.359747
MDMin:  419 14:02:05    -2397.684140        0.259148
MDMin:  420 14:02:07    -2397.684236        0.257202
MDMin:  421 14:02:08    -2397.683316        0.357846
MDMin:  422 14:02:09    -2397.683978        0.252563
MDMin:  423 14:02:11    -2397.684074        0.250589
MDMin:  424 14:02:12    -2397.683084        0.355971
MDMin:  425 14:02:15    -2397.683824        0.245891
MDMin:  426 14:02:17    -2397.683919        0.243903
MDMin:  427 14:02:19    -2397.682840        0.354119
MDMin:  428 14:02:20    -2397.683677        0.239178
MDMin:  429 14:02:22    -2397.683723        0.352682
MDMin:  430 14:02:24    -2397.683458        0.235596
MDMin:  431 14:02:26    -2397.683540        0.233824
MDMin:  432 14:02:28    -2397.683303        0.351269
MDMin:  433 14:02:30    -2397.683309        0.229417
MDMin:  434 14:02:32    -2397.683397        0.227509
MDMin:  435 14:02:33    -2397.682966        0.349661
MDMin:  436 14:02:34    -2397.683171        0.222924
MDMin:  437 14:02:36    -2397.683260        0.220999
MDMin:  438 14:02:38    -2397.682647        0.348002
MDMin:  439 14:02:40    -2397.683041        0.216410
MDMin:  440 14:02:41    -2397.683131        0.214501
MDMin:  441 14:02:43    -2397.682330        0.346331
MDMin:  442 14:02:44    -2397.682918        0.209960
MDMin:  443 14:02:46    -2397.683008        0.208079
MDMin:  444 14:02:47    -2397.682013        0.344661
MDMin:  445 14:02:48    -2397.682803        0.203607
MDMin:  446 14:02:49    -2397.682787        0.343391
MDMin:  447 14:02:51    -2397.682616        0.200279
MDMin:  448 14:02:52    -2397.682693        0.198643
MDMin:  449 14:02:54    -2397.682324        0.342098
MDMin:  450 14:02:56    -2397.682498        0.194567
MDMin:  451 14:02:58    -2397.682582        0.192831
MDMin:  452 14:03:00    -2397.681945        0.340620
MDMin:  453 14:03:02    -2397.682390        0.188655
MDMin:  454 14:03:04    -2397.682476        0.186928
MDMin:  455 14:03:06    -2397.681587        0.339090
MDMin:  456 14:03:08    -2397.682291        0.182803
MDMin:  457 14:03:09    -2397.682300        0.337920
MDMin:  458 14:03:11    -2397.682120        0.181498
MDMin:  459 14:03:12    -2397.682194        0.181148
MDMin:  460 14:03:14    -2397.681817        0.336719
MDMin:  461 14:03:16    -2397.682017        0.180244
MDMin:  462 14:03:18    -2397.682098        0.179847
MDMin:  463 14:03:20    -2397.681418        0.335336
MDMin:  464 14:03:21    -2397.681925        0.178855
MDMin:  465 14:03:23    -2397.682008        0.178431
MDMin:  466 14:03:25    -2397.681042        0.333902
MDMin:  467 14:03:26    -2397.681841        0.177385
MDMin:  468 14:03:28    -2397.681708        0.332824
MDMin:  469 14:03:30    -2397.681685        0.176580
MDMin:  470 14:03:31    -2397.681757        0.176175
MDMin:  471 14:03:33    -2397.681218        0.331690
MDMin:  472 14:03:35    -2397.681597        0.175134
MDMin:  473 14:03:37    -2397.681675        0.174684
MDMin:  474 14:03:39    -2397.680811        0.330385
MDMin:  475 14:03:40    -2397.681520        0.173566
MDMin:  476 14:03:42    -2397.681438        0.329375
MDMin:  477 14:03:44    -2397.681373        0.172711
MDMin:  478 14:03:46    -2397.681442        0.172282
MDMin:  479 14:03:48    -2397.680939        0.328315
MDMin:  480 14:03:50    -2397.681293        0.171179
MDMin:  481 14:03:51    -2397.681368        0.170707
MDMin:  482 14:03:54    -2397.680522        0.327086
MDMin:  483 14:03:56    -2397.681223        0.169535
MDMin:  484 14:03:58    -2397.681123        0.326134
MDMin:  485 14:03:59    -2397.681085        0.168646
MDMin:  486 14:04:01    -2397.681152        0.168202
MDMin:  487 14:04:03    -2397.680620        0.325133
MDMin:  488 14:04:04    -2397.681012        0.167060
MDMin:  489 14:04:06    -2397.681085        0.166574
MDMin:  490 14:04:08    -2397.680200        0.323969
MDMin:  491 14:04:09    -2397.680950        0.165369
MDMin:  492 14:04:11    -2397.680777        0.323073
MDMin:  493 14:04:13    -2397.680820        0.164462
MDMin:  494 14:04:15    -2397.680885        0.164009
MDMin:  495 14:04:17    -2397.680275        0.322123
MDMin:  496 14:04:18    -2397.680754        0.162845
MDMin:  497 14:04:20    -2397.680810        0.321283
MDMin:  498 14:04:22    -2397.680628        0.161946
MDMin:  499 14:04:23    -2397.680691        0.161494
MDMin:  500 14:04:25    -2397.680296        0.320411
MDMin:  501 14:04:26    -2397.680564        0.160330
MDMin:  502 14:04:27    -2397.680632        0.159838
MDMin:  503 14:04:28    -2397.679866        0.319376
MDMin:  504 14:04:30    -2397.680510        0.158620
MDMin:  505 14:04:32    -2397.680408        0.318563
MDMin:  506 14:04:33    -2397.680391        0.157794
MDMin:  507 14:04:35    -2397.680453        0.157530
MDMin:  508 14:04:37    -2397.679904        0.317717
MDMin:  509 14:04:39    -2397.680334        0.156860
MDMin:  510 14:04:41    -2397.680401        0.156574
MDMin:  511 14:04:43    -2397.679481        0.316724
MDMin:  512 14:04:45    -2397.680288        0.155874
MDMin:  513 14:04:46    -2397.680008        0.315959
MDMin:  514 14:04:47    -2397.680176        0.155344
MDMin:  515 14:04:49    -2397.680236        0.155077
MDMin:  516 14:04:50    -2397.679512        0.315149
MDMin:  517 14:04:51    -2397.680126        0.154402
MDMin:  518 14:04:52    -2397.680005        0.314436
MDMin:  519 14:04:54    -2397.680017        0.153880
MDMin:  520 14:04:55    -2397.680074        0.153615
MDMin:  521 14:04:56    -2397.679502        0.313692
MDMin:  522 14:04:58    -2397.679967        0.152945
MDMin:  523 14:05:00    -2397.679983        0.313008
MDMin:  524 14:05:02    -2397.679861        0.152430
MDMin:  525 14:05:03    -2397.679917        0.152169
MDMin:  526 14:05:05    -2397.679477        0.312318
MDMin:  527 14:05:06    -2397.679813        0.151509
MDMin:  528 14:05:07    -2397.679873        0.151232
MDMin:  529 14:05:09    -2397.679054        0.311488
MDMin:  530 14:05:11    -2397.679774        0.150555
MDMin:  531 14:05:12    -2397.679547        0.310827
MDMin:  532 14:05:14    -2397.679674        0.150053
MDMin:  533 14:05:15    -2397.679729        0.149801
       Step     Time          Energy          fmax
MDMin:    0 17:04:30    -2394.147097        7.657240
MDMin:    1 17:04:33    -2394.151259        7.580508
MDMin:    2 17:04:34    -2394.163659        7.874156
MDMin:    3 17:04:35    -2394.184285        7.977543
MDMin:    4 17:04:37    -2394.213998        8.362629
MDMin:    5 17:04:38    -2394.255744        6.465494
MDMin:    6 17:04:39    -2394.316933        7.673679
MDMin:    7 17:04:41    -2394.407739        5.804990
MDMin:    8 17:04:43    -2394.531259        6.077701
MDMin:    9 17:04:45    -2394.609157        3.610057
MDMin:   10 17:04:47    -2394.720904        4.648544
MDMin:   11 17:04:49    -2394.872042        2.509448
MDMin:   12 17:04:51    -2395.125158        1.844237
MDMin:   13 17:04:53    -2395.410329        2.230251
MDMin:   14 17:04:55    -2395.680912        2.551675
MDMin:   15 17:04:57    -2395.838521        2.959399
MDMin:   16 17:04:58    -2395.979779        2.761857
MDMin:   17 17:04:59    -2396.129940        2.213421
MDMin:   18 17:05:01    -2396.287609        1.566438
MDMin:   19 17:05:03    -2396.440858        1.413131
MDMin:   20 17:05:05    -2396.573812        1.572397
MDMin:   21 17:05:07    -2396.682786        1.609302
MDMin:   22 17:05:09    -2396.752874        1.555982
MDMin:   23 17:05:11    -2396.804447        1.499218
MDMin:   24 17:05:13    -2396.861999        1.431240
MDMin:   25 17:05:14    -2396.929417        1.413309
MDMin:   26 17:05:16    -2397.006878        1.416254
MDMin:   27 17:05:18    -2397.092491        1.378917
MDMin:   28 17:05:20    -2397.152049        1.266349
MDMin:   29 17:05:22    -2397.189236        1.116248
MDMin:   30 17:05:24    -2397.208373        0.933409
MDMin:   31 17:05:25    -2397.227960        0.761047
MDMin:   32 17:05:27    -2397.247325        0.721258
MDMin:   33 17:05:28    -2397.263195        0.860266
MDMin:   34 17:05:30    -2397.268992        0.696724
MDMin:   35 17:05:32    -2397.274669        0.690522
MDMin:   36 17:05:33    -2397.281135        0.682401
MDMin:   37 17:05:35    -2397.288446        0.671905
MDMin:   38 17:05:37    -2397.296640        0.658751
MDMin:   39 17:05:38    -2397.305774        0.642764
MDMin:   40 17:05:39    -2397.309651        0.623985
MDMin:   41 17:05:40    -2397.312810        0.604506
MDMin:   42 17:05:42    -2397.316172        0.583839
MDMin:   43 17:05:44    -2397.319770        0.563345
MDMin:   44 17:05:46    -2397.323649        0.544174
MDMin:   45 17:05:47    -2397.327875        0.527160
MDMin:   46 17:05:49    -2397.332519        0.512392
MDMin:   47 17:05:50    -2397.337604        0.499392
MDMin:   48 17:05:52    -2397.342665        0.494303
MDMin:   49 17:05:54    -2397.345907        0.493444
MDMin:   50 17:05:55    -2397.347705        0.492589
MDMin:   51 17:05:58    -2397.349885        0.491161
MDMin:   52 17:05:59    -2397.352468        0.488905
MDMin:   53 17:06:01    -2397.355499        0.485477
MDMin:   54 17:06:02    -2397.359037        0.480459
MDMin:   55 17:06:04    -2397.363155        0.473390
MDMin:   56 17:06:05    -2397.367946        0.463826
MDMin:   57 17:06:06    -2397.373529        0.475294
MDMin:   58 17:06:08    -2397.380058        0.488060
MDMin:   59 17:06:10    -2397.387726        0.499410
MDMin:   60 17:06:12    -2397.396785        0.508294
MDMin:   61 17:06:14    -2397.407560        0.513602
MDMin:   62 17:06:16    -2397.420467        0.514391
MDMin:   63 17:06:18    -2397.436039        0.510229
MDMin:   64 17:06:20    -2397.454953        0.546050
MDMin:   65 17:06:21    -2397.478043        0.616276
MDMin:   66 17:06:22    -2397.506295        0.696774
MDMin:   67 17:06:24    -2397.540787        0.785743
MDMin:   68 17:06:26    -2397.582441        0.878178
MDMin:   69 17:06:28    -2397.631320        0.964768
MDMin:   70 17:06:29    -2397.666553        1.039668
MDMin:   71 17:06:31    -2397.667583        1.068763
MDMin:   72 17:06:32    -2397.668903        1.082112
MDMin:   73 17:06:34    -2397.670542        1.074998
MDMin:   74 17:06:36    -2397.672487        1.129854
MDMin:   75 17:06:38    -2397.674704        1.232955
MDMin:   76 17:06:40    -2397.677124        1.299071
MDMin:   77 17:06:42    -2397.679613        1.299133
MDMin:   78 17:06:44    -2397.682198        1.230409
MDMin:   79 17:06:46    -2397.684908        1.109551
MDMin:   80 17:06:48    -2397.687682        0.949075
MDMin:   81 17:06:50    -2397.690320        0.787444
MDMin:   82 17:06:52    -2397.688298        0.895965
MDMin:   83 17:06:54    -2397.688134        0.705937
MDMin:   84 17:06:55    -2397.687881        0.682784
MDMin:   85 17:06:57    -2397.687572        0.654011
MDMin:   86 17:06:58    -2397.687237        0.620095
MDMin:   87 17:07:00    -2397.686909        0.581035
MDMin:   88 17:07:01    -2397.686620        0.537008
MDMin:   89 17:07:03    -2397.686404        0.501515
MDMin:   90 17:07:04    -2397.686288        0.471319
MDMin:   91 17:07:06    -2397.686297        0.440751
MDMin:   92 17:07:07    -2397.686445        0.411176
MDMin:   93 17:07:09    -2397.686745        0.384001
MDMin:   94 17:07:10    -2397.687201        0.360295
MDMin:   95 17:07:11    -2397.687812        0.340334
MDMin:   96 17:07:13    -2397.688573        0.323234
MDMin:   97 17:07:14    -2397.689452        0.346213
MDMin:   98 17:07:16    -2397.690179        0.760045
MDMin:   99 17:07:18    -2397.690293        0.433331
MDMin:  100 17:07:20    -2397.690478        0.289668
MDMin:  101 17:07:21    -2397.690718        0.285426
MDMin:  102 17:07:23    -2397.690998        0.280274
MDMin:  103 17:07:25    -2397.691320        0.274105
MDMin:  104 17:07:26    -2397.691685        0.266818
MDMin:  105 17:07:28    -2397.692094        0.258329
MDMin:  106 17:07:30    -2397.692548        0.257466
MDMin:  107 17:07:32    -2397.693046        0.258273
MDMin:  108 17:07:34    -2397.693591        0.258552
MDMin:  109 17:07:36    -2397.694181        0.258231
MDMin:  110 17:07:38    -2397.694818        0.257295
MDMin:  111 17:07:40    -2397.695503        0.255817
MDMin:  112 17:07:42    -2397.696236        0.253966
MDMin:  113 17:07:43    -2397.697019        0.252024
MDMin:  114 17:07:45    -2397.697852        0.250371
MDMin:  115 17:07:46    -2397.698723        0.249443
MDMin:  116 17:07:48    -2397.699511        0.439256
MDMin:  117 17:07:49    -2397.699843        0.249565
MDMin:  118 17:07:50    -2397.700062        0.249734
MDMin:  119 17:07:52    -2397.700323        0.250055
MDMin:  120 17:07:53    -2397.700211        0.584150
MDMin:  121 17:07:55    -2397.699684        0.250817
MDMin:  122 17:07:56    -2397.699786        0.251071
MDMin:  123 17:07:58    -2397.699924        0.251452
MDMin:  124 17:07:59    -2397.700099        0.251992
MDMin:  125 17:08:01    -2397.700313        0.252728
MDMin:  126 17:08:03    -2397.699174        0.574938
MDMin:  127 17:08:05    -2397.699694        0.254115
MDMin:  128 17:08:07    -2397.699786        0.254540
MDMin:  129 17:08:09    -2397.699911        0.255144
MDMin:  130 17:08:11    -2397.700072        0.255951
MDMin:  131 17:08:12    -2397.699032        0.567815
MDMin:  132 17:08:14    -2397.699502        0.257441
MDMin:  133 17:08:16    -2397.699583        0.257917
MDMin:  134 17:08:18    -2397.699698        0.258594
MDMin:  135 17:08:19    -2397.699685        0.561617
MDMin:  136 17:08:20    -2397.699178        0.259911
MDMin:  137 17:08:22    -2397.699249        0.260375
MDMin:  138 17:08:23    -2397.699353        0.261043
MDMin:  139 17:08:24    -2397.699491        0.261917
MDMin:  140 17:08:25    -2397.698735        0.558864
MDMin:  141 17:08:27    -2397.698939        0.263476
MDMin:  142 17:08:28    -2397.699014        0.263966
MDMin:  143 17:08:29    -2397.699122        0.264648
MDMin:  144 17:08:30    -2397.699097        0.554153
MDMin:  145 17:08:31    -2397.698608        0.265917
MDMin:  146 17:08:33    -2397.698678        0.266345
MDMin:  147 17:08:34    -2397.698779        0.266940
MDMin:  148 17:08:35    -2397.698916        0.267684
MDMin:  149 17:08:37    -2397.697924        0.552520
MDMin:  150 17:08:38    -2397.698368        0.268899
MDMin:  151 17:08:39    -2397.698444        0.269247
MDMin:  152 17:08:41    -2397.698553        0.269701
MDMin:  153 17:08:43    -2397.698165        0.548326
MDMin:  154 17:08:45    -2397.698042        0.270443
MDMin:  155 17:08:47    -2397.698113        0.270655
MDMin:  156 17:08:48    -2397.698217        0.270916
MDMin:  157 17:08:50    -2397.698175        0.545100
MDMin:  158 17:08:51    -2397.697712        0.271269
MDMin:  159 17:08:52    -2397.697782        0.271336
MDMin:  160 17:08:54    -2397.697885        0.271383
MDMin:  161 17:08:55    -2397.698023        0.271355
MDMin:  162 17:08:57    -2397.696756        0.544329
MDMin:  163 17:08:59    -2397.697481        0.271004
MDMin:  164 17:09:01    -2397.697560        0.270792
MDMin:  165 17:09:03    -2397.697673        0.273200
MDMin:  166 17:09:05    -2397.696868        0.540388
MDMin:  167 17:09:07    -2397.697167        0.275733
MDMin:  168 17:09:08    -2397.697242        0.277741
MDMin:  169 17:09:10    -2397.697351        0.280574
MDMin:  170 17:09:12    -2397.696772        0.537211
MDMin:  171 17:09:14    -2397.696852        0.283224
MDMin:  172 17:09:16    -2397.696926        0.285245
MDMin:  173 17:09:18    -2397.697035        0.288101
MDMin:  174 17:09:21    -2397.696602        0.534217
MDMin:  175 17:09:23    -2397.696538        0.290909
MDMin:  176 17:09:25    -2397.696613        0.292959
MDMin:  177 17:09:26    -2397.696721        0.295845
MDMin:  178 17:09:28    -2397.696385        0.531249
MDMin:  179 17:09:30    -2397.696226        0.298775
MDMin:  180 17:09:32    -2397.696302        0.300831
MDMin:  181 17:09:34    -2397.696412        0.303713
MDMin:  182 17:09:36    -2397.696127        0.528232
MDMin:  183 17:09:38    -2397.695919        0.306683
MDMin:  184 17:09:40    -2397.695995        0.308717
MDMin:  185 17:09:41    -2397.696106        0.311552
MDMin:  186 17:09:43    -2397.695833        0.525108
MDMin:  187 17:09:44    -2397.695616        0.314466
MDMin:  188 17:09:46    -2397.695694        0.316442
MDMin:  189 17:09:48    -2397.695807        0.319180
MDMin:  190 17:09:50    -2397.695502        0.521825
MDMin:  191 17:09:52    -2397.695320        0.321930
MDMin:  192 17:09:53    -2397.695399        0.323809
MDMin:  193 17:09:55    -2397.695513        0.326396
MDMin:  194 17:09:57    -2397.695137        0.518335
MDMin:  195 17:09:59    -2397.695030        0.328864
MDMin:  196 17:10:01    -2397.695111        0.330604
MDMin:  197 17:10:02    -2397.695227        0.332979
MDMin:  198 17:10:04    -2397.694738        0.514595
MDMin:  199 17:10:05    -2397.694748        0.335041
MDMin:  200 17:10:07    -2397.694830        0.336598
MDMin:  201 17:10:08    -2397.694948        0.338701
MDMin:  202 17:10:10    -2397.694304        0.510564
MDMin:  203 17:10:12    -2397.694474        0.340233
MDMin:  204 17:10:14    -2397.694558        0.341564
MDMin:  205 17:10:15    -2397.694678        0.343337
MDMin:  206 17:10:17    -2397.693836        0.506206
MDMin:  207 17:10:18    -2397.694209        0.344222
MDMin:  208 17:10:20    -2397.694294        0.345288
MDMin:  209 17:10:22    -2397.694417        0.346680
MDMin:  210 17:10:24    -2397.693334        0.501491
MDMin:  211 17:10:26    -2397.693954        0.346815
MDMin:  212 17:10:28    -2397.694041        0.347584
MDMin:  213 17:10:30    -2397.694146        0.495044
MDMin:  214 17:10:31    -2397.693620        0.347156
MDMin:  215 17:10:33    -2397.693698        0.347686
MDMin:  216 17:10:35    -2397.693812        0.348354
MDMin:  217 17:10:37    -2397.693359        0.491148
MDMin:  218 17:10:38    -2397.693363        0.347225
MDMin:  219 17:10:40    -2397.693332        0.908870
MDMin:  220 17:10:42    -2397.693211        0.346248
MDMin:  221 17:10:43    -2397.693229        0.906787
MDMin:  222 17:10:45    -2397.692996        0.345120
MDMin:  223 17:10:46    -2397.693023        0.345259
MDMin:  224 17:10:47    -2397.692990        0.904469
MDMin:  225 17:10:49    -2397.692842        0.344367
MDMin:  226 17:10:50    -2397.692867        0.344508
MDMin:  227 17:10:51    -2397.692759        0.902280
MDMin:  228 17:10:52    -2397.692685        0.343670
MDMin:  229 17:10:54    -2397.692668        0.900130
MDMin:  230 17:10:56    -2397.692464        0.342697
MDMin:  231 17:10:58    -2397.692485        0.342856
MDMin:  232 17:11:00    -2397.692452        0.898009
MDMin:  233 17:11:02    -2397.692296        0.342136
MDMin:  234 17:11:04    -2397.692315        0.342291
MDMin:  235 17:11:06    -2397.692243        0.896011
MDMin:  236 17:11:08    -2397.692125        0.341602
MDMin:  237 17:11:09    -2397.692144        0.341750
MDMin:  238 17:11:11    -2397.692042        0.894053
MDMin:  239 17:11:12    -2397.691952        0.341087
MDMin:  240 17:11:14    -2397.691964        0.891780
MDMin:  241 17:11:16    -2397.691726        0.340256
MDMin:  242 17:11:18    -2397.691741        0.340413
MDMin:  243 17:11:20    -2397.691775        0.889789
MDMin:  244 17:11:22    -2397.691543        0.339832
MDMin:  245 17:11:23    -2397.691557        0.339981
MDMin:  246 17:11:24    -2397.691590        0.340276
MDMin:  247 17:11:26    -2397.691418        0.888609
MDMin:  248 17:11:28    -2397.691401        0.886208
MDMin:  249 17:11:30    -2397.690953        0.338151
MDMin:  250 17:11:32    -2397.690961        0.338270
MDMin:  251 17:11:34    -2397.690982        0.338553
MDMin:  252 17:11:36    -2397.691019        0.338933
MDMin:  253 17:11:38    -2397.690879        0.883532
MDMin:  254 17:11:40    -2397.690866        0.881183
MDMin:  255 17:11:42    -2397.690420        0.337171
MDMin:  256 17:11:45    -2397.690426        0.337257
MDMin:  257 17:11:47    -2397.690443        0.337465
MDMin:  258 17:11:49    -2397.690475        0.337727
MDMin:  259 17:11:51    -2397.690390        0.878776
MDMin:  260 17:11:53    -2397.690329        0.337363
MDMin:  261 17:11:55    -2397.690338        0.876665
MDMin:  262 17:11:57    -2397.690102        0.336719
MDMin:  263 17:11:59    -2397.690112        0.336764
MDMin:  264 17:12:01    -2397.690133        0.336839
MDMin:  265 17:12:02    -2397.690057        0.875630
MDMin:  266 17:12:04    -2397.689966        0.336335
MDMin:  267 17:12:06    -2397.689976        0.336340
MDMin:  268 17:12:08    -2397.689921        0.873978
MDMin:  269 17:12:10    -2397.689780        0.335772
MDMin:  270 17:12:12    -2397.689790        0.335771
MDMin:  271 17:12:13    -2397.689791        0.872140
MDMin:  272 17:12:15    -2397.689592        0.335217
MDMin:  273 17:12:16    -2397.689601        0.335209
MDMin:  274 17:12:17    -2397.689622        0.335164
MDMin:  275 17:12:18    -2397.689538        0.871274
MDMin:  276 17:12:20    -2397.689457        0.334581
MDMin:  277 17:12:21    -2397.689467        0.334533
MDMin:  278 17:12:22    -2397.689419        0.869627
MDMin:  279 17:12:23    -2397.689273        0.333958
MDMin:  280 17:12:25    -2397.689282        0.333906
MDMin:  281 17:12:27    -2397.689304        0.333762
MDMin:  282 17:12:29    -2397.689187        0.868656
MDMin:  283 17:12:30    -2397.689143        0.333104
MDMin:  284 17:12:31    -2397.689153        0.333014
MDMin:  285 17:12:33    -2397.689079        0.866996
MDMin:  286 17:12:34    -2397.688962        0.332427
MDMin:  287 17:12:35    -2397.688971        0.332335
MDMin:  288 17:12:36    -2397.688979        0.865132
MDMin:  289 17:12:38    -2397.688778        0.331768
MDMin:  290 17:12:39    -2397.688786        0.331671
MDMin:  291 17:12:41    -2397.688806        0.331425
MDMin:  292 17:12:43    -2397.688781        0.864164
MDMin:  293 17:12:45    -2397.688646        0.330715
MDMin:  294 17:12:46    -2397.688655        0.330581
MDMin:  295 17:12:48    -2397.688678        0.330255
MDMin:  296 17:12:51    -2397.688594        0.863255
MDMin:  297 17:12:53    -2397.688523        0.329475
MDMin:  298 17:12:55    -2397.688533        0.329309
MDMin:  299 17:12:57    -2397.688514        0.861577
MDMin:  300 17:12:58    -2397.688347        0.328717
MDMin:  301 17:13:00    -2397.688356        0.328553
MDMin:  302 17:13:03    -2397.688379        0.328152
MDMin:  303 17:13:05    -2397.688356        0.860383
MDMin:  304 17:13:07    -2397.688225        0.327334
MDMin:  305 17:13:09    -2397.688235        0.327135
MDMin:  306 17:13:11    -2397.688260        0.326662
MDMin:  307 17:13:13    -2397.688212        0.859262
MDMin:  308 17:13:15    -2397.688111        0.325790
MDMin:  309 17:13:17    -2397.688122        0.325562
MDMin:  310 17:13:19    -2397.688149        0.325025
MDMin:  311 17:13:21    -2397.688085        0.858004
MDMin:  312 17:13:23    -2397.688003        0.324111
MDMin:  313 17:13:25    -2397.688015        0.323857
MDMin:  314 17:13:27    -2397.688040        0.856290
MDMin:  315 17:13:28    -2397.687836        0.323270
MDMin:  316 17:13:30    -2397.687847        0.323022
MDMin:  317 17:13:32    -2397.687872        0.322431
MDMin:  318 17:13:33    -2397.687916        0.321449
MDMin:  319 17:13:35    -2397.687879        0.855128
MDMin:  320 17:13:37    -2397.687811        0.320095
MDMin:  321 17:13:39    -2397.687825        0.319777
MDMin:  322 17:13:41    -2397.687855        0.853550
MDMin:  323 17:13:43    -2397.687653        0.319190
MDMin:  324 17:13:44    -2397.687665        0.318889
MDMin:  325 17:13:45    -2397.687694        0.318177
MDMin:  326 17:13:46    -2397.687744        0.317013
MDMin:  327 17:13:48    -2397.687770        0.851801
MDMin:  328 17:13:49    -2397.687647        0.315540
MDMin:  329 17:13:51    -2397.687662        0.315173
MDMin:  330 17:13:53    -2397.687698        0.314338
MDMin:  331 17:13:55    -2397.687756        0.850027
MDMin:  332 17:13:57    -2397.687570        0.313286
MDMin:  333 17:13:59    -2397.687586        0.312909
MDMin:  334 17:14:00    -2397.687622        0.312044
MDMin:  335 17:14:02    -2397.687682        0.310653
MDMin:  336 17:14:04    -2397.687768        0.308682
MDMin:  337 17:14:05    -2397.687784        0.846491
MDMin:  338 17:14:08    -2397.687732        0.306447
MDMin:  339 17:14:09    -2397.687753        0.305984
MDMin:  340 17:14:11    -2397.687800        0.304955
MDMin:  341 17:14:13    -2397.687860        0.844118
MDMin:  342 17:14:14    -2397.687689        0.303851
MDMin:  343 17:14:17    -2397.687710        0.303393
MDMin:  344 17:14:18    -2397.687756        0.302358
MDMin:  345 17:14:20    -2397.687830        0.300718
MDMin:  346 17:14:22    -2397.687935        0.298435
MDMin:  347 17:14:24    -2397.688078        0.295458
MDMin:  348 17:14:25    -2397.688262        0.291736
MDMin:  349 17:14:27    -2397.688476        0.832184
MDMin:  350 17:14:29    -2397.688353        0.293162
MDMin:  351 17:14:30    -2397.688383        0.293354
MDMin:  352 17:14:32    -2397.688449        0.293748
MDMin:  353 17:14:33    -2397.688552        0.294304
MDMin:  354 17:14:35    -2397.688694        0.294959
MDMin:  355 17:14:37    -2397.687931        0.424548
MDMin:  356 17:14:39    -2397.688246        0.295921
MDMin:  357 17:14:41    -2397.688352        0.296155
MDMin:  358 17:14:43    -2397.688497        0.296336
MDMin:  359 17:14:44    -2397.687594        0.412163
MDMin:  360 17:14:46    -2397.688035        0.296226
MDMin:  361 17:14:47    -2397.688141        0.296005
MDMin:  362 17:14:48    -2397.688287        0.295564
MDMin:  363 17:14:50    -2397.687082        0.401997
MDMin:  364 17:14:52    -2397.687824        0.294148
MDMin:  365 17:14:54    -2397.687932        0.293410
MDMin:  366 17:14:56    -2397.687876        0.398773
MDMin:  367 17:14:57    -2397.687513        0.291431
MDMin:  368 17:14:59    -2397.687607        0.290453
MDMin:  369 17:15:01    -2397.687741        0.291914
MDMin:  370 17:15:03    -2397.686904        0.395706
MDMin:  371 17:15:05    -2397.687298        0.295845
MDMin:  372 17:15:07    -2397.687403        0.297230
MDMin:  373 17:15:09    -2397.687448        0.392813
MDMin:  374 17:15:11    -2397.686999        0.300016
MDMin:  375 17:15:12    -2397.687093        0.301054
MDMin:  376 17:15:14    -2397.687228        0.302348
MDMin:  377 17:15:16    -2397.686262        0.389947
MDMin:  378 17:15:18    -2397.686803        0.304588
MDMin:  379 17:15:19    -2397.686909        0.305284
MDMin:  380 17:15:20    -2397.686665        0.387187
MDMin:  381 17:15:23    -2397.686523        0.306502
MDMin:  382 17:15:24    -2397.686621        0.306863
MDMin:  383 17:15:25    -2397.686760        0.307224
MDMin:  384 17:15:27    -2397.685343        0.384301
MDMin:  385 17:15:28    -2397.686356        0.307498
MDMin:  386 17:15:29    -2397.686467        0.307420
MDMin:  387 17:15:30    -2397.685646        0.381617
MDMin:  388 17:15:31    -2397.686101        0.306905
MDMin:  389 17:15:33    -2397.686203        0.306545
MDMin:  390 17:15:34    -2397.685752        0.379281
MDMin:  391 17:15:35    -2397.685853        0.305421
MDMin:  392 17:15:37    -2397.685951        0.304813
MDMin:  393 17:15:39    -2397.685770        0.377090
MDMin:  394 17:15:41    -2397.685610        0.303132
MDMin:  395 17:15:43    -2397.685707        0.302294
MDMin:  396 17:15:45    -2397.685735        0.374980
MDMin:  397 17:15:47    -2397.685374        0.300095
MDMin:  398 17:15:48    -2397.685470        0.299047
MDMin:  399 17:15:50    -2397.685608        0.297504
MDMin:  400 17:15:51    -2397.684148        0.372383
MDMin:  401 17:15:52    -2397.685259        0.293939
MDMin:  402 17:15:54    -2397.685371        0.292445
MDMin:  403 17:15:55    -2397.684237        0.369907
MDMin:  404 17:15:57    -2397.685056        0.288867
MDMin:  405 17:15:59    -2397.685159        0.287304
MDMin:  406 17:16:01    -2397.684180        0.367721
MDMin:  407 17:16:02    -2397.684859        0.283521
MDMin:  408 17:16:04    -2397.684959        0.281857
MDMin:  409 17:16:05    -2397.684061        0.365651
MDMin:  410 17:16:07    -2397.684668        0.277837
MDMin:  411 17:16:09    -2397.684767        0.276078
MDMin:  412 17:16:11    -2397.683909        0.363643
MDMin:  413 17:16:13    -2397.684485        0.271843
MDMin:  414 17:16:15    -2397.684583        0.270005
MDMin:  415 17:16:17    -2397.683731        0.361678
MDMin:  416 17:16:19    -2397.684308        0.265594
MDMin:  417 17:16:20    -2397.684405        0.263693
MDMin:  418 17:16:23    -2397.683532        0.359747
MDMin:  419 17:16:25    -2397.684140        0.259148
MDMin:  420 17:16:26    -2397.684236        0.257202
MDMin:  421 17:16:28    -2397.683316        0.357846
MDMin:  422 17:16:29    -2397.683978        0.252563
MDMin:  423 17:16:31    -2397.684074        0.250589
MDMin:  424 17:16:33    -2397.683084        0.355971
MDMin:  425 17:16:34    -2397.683824        0.245891
MDMin:  426 17:16:36    -2397.683919        0.243903
MDMin:  427 17:16:39    -2397.682840        0.354119
MDMin:  428 17:16:40    -2397.683677        0.239178
MDMin:  429 17:16:41    -2397.683723        0.352682
MDMin:  430 17:16:43    -2397.683458        0.235596
MDMin:  431 17:16:45    -2397.683540        0.233824
MDMin:  432 17:16:47    -2397.683303        0.351269
MDMin:  433 17:16:49    -2397.683309        0.229417
MDMin:  434 17:16:50    -2397.683397        0.227509
MDMin:  435 17:16:53    -2397.682966        0.349661
MDMin:  436 17:16:54    -2397.683171        0.222924
MDMin:  437 17:16:56    -2397.683260        0.220999
MDMin:  438 17:16:58    -2397.682647        0.348002
MDMin:  439 17:16:59    -2397.683041        0.216410
MDMin:  440 17:17:00    -2397.683131        0.214501
MDMin:  441 17:17:02    -2397.682330        0.346331
MDMin:  442 17:17:03    -2397.682918        0.209960
MDMin:  443 17:17:05    -2397.683008        0.208079
MDMin:  444 17:17:07    -2397.682013        0.344661
MDMin:  445 17:17:10    -2397.682803        0.203607
MDMin:  446 17:17:12    -2397.682787        0.343390
MDMin:  447 17:17:13    -2397.682616        0.200279
MDMin:  448 17:17:14    -2397.682693        0.198643
MDMin:  449 17:17:16    -2397.682324        0.342098
MDMin:  450 17:17:18    -2397.682498        0.194567
MDMin:  451 17:17:20    -2397.682582        0.192831
MDMin:  452 17:17:22    -2397.681945        0.340619
MDMin:  453 17:17:23    -2397.682390        0.188655
MDMin:  454 17:17:25    -2397.682476        0.186928
MDMin:  455 17:17:26    -2397.681587        0.339090
MDMin:  456 17:17:28    -2397.682291        0.182803
MDMin:  457 17:17:29    -2397.682300        0.337920
MDMin:  458 17:17:31    -2397.682120        0.181498
MDMin:  459 17:17:33    -2397.682194        0.181148
MDMin:  460 17:17:34    -2397.681817        0.336719
MDMin:  461 17:17:36    -2397.682017        0.180244
MDMin:  462 17:17:37    -2397.682098        0.179847
MDMin:  463 17:17:39    -2397.681418        0.335336
MDMin:  464 17:17:41    -2397.681925        0.178854
MDMin:  465 17:17:42    -2397.682008        0.178431
MDMin:  466 17:17:43    -2397.681042        0.333902
MDMin:  467 17:17:45    -2397.681841        0.177385
MDMin:  468 17:17:47    -2397.681708        0.332824
MDMin:  469 17:17:49    -2397.681685        0.176580
MDMin:  470 17:17:51    -2397.681757        0.176175
MDMin:  471 17:17:53    -2397.681218        0.331690
MDMin:  472 17:17:55    -2397.681597        0.175134
MDMin:  473 17:17:57    -2397.681675        0.174684
MDMin:  474 17:17:59    -2397.680811        0.330385
MDMin:  475 17:18:00    -2397.681520        0.173566
MDMin:  476 17:18:01    -2397.681438        0.329375
MDMin:  477 17:18:03    -2397.681373        0.172711
MDMin:  478 17:18:04    -2397.681442        0.172282
MDMin:  479 17:18:05    -2397.680939        0.328315
MDMin:  480 17:18:07    -2397.681293        0.171179
MDMin:  481 17:18:09    -2397.681368        0.170707
MDMin:  482 17:18:10    -2397.680522        0.327086
MDMin:  483 17:18:12    -2397.681223        0.169535
MDMin:  484 17:18:14    -2397.681123        0.326134
MDMin:  485 17:18:17    -2397.681085        0.168646
MDMin:  486 17:18:19    -2397.681152        0.168202
MDMin:  487 17:18:21    -2397.680620        0.325133
MDMin:  488 17:18:23    -2397.681012        0.167060
MDMin:  489 17:18:25    -2397.681085        0.166574
MDMin:  490 17:18:26    -2397.680200        0.323969
MDMin:  491 17:18:28    -2397.680950        0.165369
MDMin:  492 17:18:30    -2397.680777        0.323073
MDMin:  493 17:18:31    -2397.680820        0.164462
MDMin:  494 17:18:33    -2397.680885        0.164009
MDMin:  495 17:18:35    -2397.680275        0.322123
MDMin:  496 17:18:37    -2397.680754        0.162845
MDMin:  497 17:18:39    -2397.680810        0.321283
MDMin:  498 17:18:41    -2397.680628        0.161946
MDMin:  499 17:18:42    -2397.680691        0.161494
MDMin:  500 17:18:44    -2397.680296        0.320411
MDMin:  501 17:18:46    -2397.680564        0.160330
MDMin:  502 17:18:47    -2397.680632        0.159838
MDMin:  503 17:18:49    -2397.679866        0.319376
MDMin:  504 17:18:51    -2397.680510        0.158620
MDMin:  505 17:18:53    -2397.680408        0.318563
MDMin:  506 17:18:54    -2397.680391        0.157794
MDMin:  507 17:18:56    -2397.680453        0.157530
MDMin:  508 17:18:57    -2397.679904        0.317717
MDMin:  509 17:18:59    -2397.680334        0.156860
MDMin:  510 17:19:00    -2397.680401        0.156574
MDMin:  511 17:19:02    -2397.679481        0.316724
MDMin:  512 17:19:03    -2397.680288        0.155874
MDMin:  513 17:19:05    -2397.680008        0.315959
MDMin:  514 17:19:07    -2397.680176        0.155344
MDMin:  515 17:19:08    -2397.680236        0.155077
MDMin:  516 17:19:10    -2397.679512        0.315149
MDMin:  517 17:19:12    -2397.680126        0.154402
MDMin:  518 17:19:13    -2397.680005        0.314436
MDMin:  519 17:19:15    -2397.680017        0.153880
MDMin:  520 17:19:16    -2397.680074        0.153615
MDMin:  521 17:19:18    -2397.679502        0.313692
MDMin:  522 17:19:20    -2397.679967        0.152945
MDMin:  523 17:19:22    -2397.679983        0.313008
MDMin:  524 17:19:24    -2397.679861        0.152430
MDMin:  525 17:19:26    -2397.679917        0.152169
MDMin:  526 17:19:28    -2397.679477        0.312318
MDMin:  527 17:19:30    -2397.679813        0.151509
MDMin:  528 17:19:31    -2397.679873        0.151232
MDMin:  529 17:19:33    -2397.679054        0.311488
MDMin:  530 17:19:34    -2397.679774        0.150555
MDMin:  531 17:19:35    -2397.679547        0.310827
MDMin:  532 17:19:36    -2397.679674        0.150053
MDMin:  533 17:19:38    -2397.679729        0.149801
