       Step     Time          Energy          fmax
MDMin:    0 14:05:15    -2397.679729        0.359010
MDMin:    1 14:05:16    -2397.679695        0.359017
MDMin:    2 14:05:17    -2397.679593        0.359035
MDMin:    3 14:05:18    -2397.679423        0.359062
MDMin:    4 14:05:20    -2397.679185        0.359093
MDMin:    5 14:05:22    -2397.678878        0.359120
MDMin:    6 14:05:24    -2397.678503        0.359136
MDMin:    7 14:05:26    -2397.678060        0.359129
MDMin:    8 14:05:27    -2397.677547        0.359086
MDMin:    9 14:05:29    -2397.676965        0.358990
MDMin:   10 14:05:31    -2397.676314        0.358824
MDMin:   11 14:05:33    -2397.675594        0.358568
MDMin:   12 14:05:34    -2397.674804        0.358200
MDMin:   13 14:05:36    -2397.673946        0.357693
MDMin:   14 14:05:37    -2397.673020        0.357020
MDMin:   15 14:05:38    -2397.672026        0.356150
MDMin:   16 14:05:40    -2397.670965        0.355051
MDMin:   17 14:05:41    -2397.669839        0.353688
MDMin:   18 14:05:42    -2397.668650        0.352023
MDMin:   19 14:05:44    -2397.667400        0.350015
MDMin:   20 14:05:46    -2397.666092        0.347623
MDMin:   21 14:05:47    -2397.664729        0.344805
MDMin:   22 14:05:50    -2397.663315        0.341516
MDMin:   23 14:05:52    -2397.661856        0.337711
MDMin:   24 14:05:53    -2397.660357        0.333347
MDMin:   25 14:05:55    -2397.658824        0.328382
MDMin:   26 14:05:57    -2397.657264        0.322774
MDMin:   27 14:05:58    -2397.655686        0.316489
MDMin:   28 14:06:00    -2397.654098        0.309496
MDMin:   29 14:06:02    -2397.652509        0.301771
MDMin:   30 14:06:03    -2397.650930        0.293299
MDMin:   31 14:06:05    -2397.649371        0.284077
MDMin:   32 14:06:07    -2397.647844        0.274111
MDMin:   33 14:06:09    -2397.646360        0.263424
MDMin:   34 14:06:11    -2397.644930        0.252053
MDMin:   35 14:06:13    -2397.643567        0.240055
MDMin:   36 14:06:15    -2397.642279        0.227499
MDMin:   37 14:06:17    -2397.641078        0.214478
MDMin:   38 14:06:19    -2397.639972        0.201099
MDMin:   39 14:06:21    -2397.638968        0.187486
MDMin:   40 14:06:23    -2397.638071        0.173782
MDMin:   41 14:06:25    -2397.637286        0.160141
MDMin:   42 14:06:26    -2397.636614        0.155851
MDMin:   43 14:06:28    -2397.636053        0.154095
MDMin:   44 14:06:30    -2397.635602        0.151872
MDMin:   45 14:06:32    -2397.635256        0.149207
MDMin:   46 14:06:34    -2397.635009        0.147101
MDMin:   47 14:06:35    -2397.634853        0.147081
MDMin:   48 14:06:37    -2397.634781        0.147049
MDMin:   49 14:06:39    -2397.634783        0.147003
MDMin:   50 14:06:40    -2397.634851        0.146945
MDMin:   51 14:06:42    -2397.634975        0.146871
MDMin:   52 14:06:44    -2397.635147        0.146782
MDMin:   53 14:06:46    -2397.635357        0.146677
MDMin:   54 14:06:48    -2397.635600        0.146555
MDMin:   55 14:06:50    -2397.635867        0.146415
MDMin:   56 14:06:51    -2397.636154        0.146257
MDMin:   57 14:06:53    -2397.636454        0.146080
MDMin:   58 14:06:54    -2397.636766        0.145884
MDMin:   59 14:06:56    -2397.637084        0.146311
MDMin:   60 14:06:57    -2397.637407        0.149049
MDMin:   61 14:06:59    -2397.637734        0.152132
MDMin:   62 14:07:01    -2397.638062        0.155578
MDMin:   63 14:07:03    -2397.638391        0.159404
MDMin:   64 14:07:05    -2397.638721        0.163625
MDMin:   65 14:07:07    -2397.639052        0.168254
MDMin:   66 14:07:08    -2397.639382        0.173304
MDMin:   67 14:07:10    -2397.639713        0.178782
MDMin:   68 14:07:12    -2397.640045        0.184690
MDMin:   69 14:07:13    -2397.640376        0.191026
MDMin:   70 14:07:14    -2397.640708        0.197792
MDMin:   71 14:07:16    -2397.641040        0.204985
MDMin:   72 14:07:18    -2397.641373        0.212577
MDMin:   73 14:07:20    -2397.641705        0.220522
MDMin:   74 14:07:22    -2397.642038        0.228759
MDMin:   75 14:07:23    -2397.642370        0.237208
MDMin:   76 14:07:25    -2397.642703        0.245765
MDMin:   77 14:07:27    -2397.643036        0.254306
MDMin:   78 14:07:28    -2397.643368        0.262682
MDMin:   79 14:07:30    -2397.643700        0.270726
MDMin:   80 14:07:32    -2397.644033        0.278251
MDMin:   81 14:07:34    -2397.644366        0.285058
MDMin:   82 14:07:35    -2397.644699        0.290942
MDMin:   83 14:07:37    -2397.645032        0.295699
MDMin:   84 14:07:38    -2397.645367        0.299113
MDMin:   85 14:07:39    -2397.645703        0.301016
MDMin:   86 14:07:41    -2397.646041        0.301284
MDMin:   87 14:07:42    -2397.646381        0.299840
MDMin:   88 14:07:44    -2397.646723        0.296664
MDMin:   89 14:07:46    -2397.647068        0.291802
MDMin:   90 14:07:47    -2397.647417        0.285360
MDMin:   91 14:07:49    -2397.647768        0.277508
MDMin:   92 14:07:50    -2397.648124        0.268465
MDMin:   93 14:07:52    -2397.648482        0.258484
MDMin:   94 14:07:53    -2397.648844        0.247843
MDMin:   95 14:07:55    -2397.649210        0.236819
MDMin:   96 14:07:57    -2397.649578        0.238454
MDMin:   97 14:07:59    -2397.649950        0.246506
MDMin:   98 14:08:00    -2397.650325        0.254062
MDMin:   99 14:08:02    -2397.650703        0.260851
MDMin:  100 14:08:04    -2397.651083        0.266580
MDMin:  101 14:08:06    -2397.651466        0.270956
MDMin:  102 14:08:07    -2397.651851        0.273716
MDMin:  103 14:08:08    -2397.652232        0.274686
MDMin:  104 14:08:10    -2397.652598        0.273897
MDMin:  105 14:08:12    -2397.652925        0.271798
MDMin:  106 14:08:14    -2397.653190        0.269172
MDMin:  107 14:08:16    -2397.653412        0.266396
MDMin:  108 14:08:17    -2397.653623        0.263297
MDMin:  109 14:08:19    -2397.653836        0.259776
MDMin:  110 14:08:21    -2397.654053        0.255812
MDMin:  111 14:08:22    -2397.654276        0.251417
MDMin:  112 14:08:24    -2397.654504        0.246611
MDMin:  113 14:08:26    -2397.654738        0.241419
MDMin:  114 14:08:28    -2397.654979        0.235869
MDMin:  115 14:08:30    -2397.655225        0.229998
MDMin:  116 14:08:32    -2397.655478        0.223843
MDMin:  117 14:08:34    -2397.655738        0.217443
MDMin:  118 14:08:36    -2397.656004        0.210835
MDMin:  119 14:08:38    -2397.656278        0.204060
MDMin:  120 14:08:40    -2397.656559        0.197154
MDMin:  121 14:08:41    -2397.656848        0.190155
MDMin:  122 14:08:42    -2397.657145        0.183097
MDMin:  123 14:08:43    -2397.657451        0.176014
MDMin:  124 14:08:44    -2397.657765        0.168935
MDMin:  125 14:08:46    -2397.658088        0.161889
MDMin:  126 14:08:47    -2397.658420        0.158890
MDMin:  127 14:08:48    -2397.658762        0.158249
MDMin:  128 14:08:50    -2397.659115        0.157521
MDMin:  129 14:08:51    -2397.659478        0.156617
MDMin:  130 14:08:53    -2397.659852        0.155550
MDMin:  131 14:08:54    -2397.660237        0.154337
MDMin:  132 14:08:55    -2397.660635        0.152994
MDMin:  133 14:08:56    -2397.661045        0.151538
MDMin:  134 14:08:58    -2397.661468        0.149990
MDMin:  135 14:09:00    -2397.661906        0.148369
MDMin:  136 14:09:01    -2397.662358        0.146696
MDMin:  137 14:09:02    -2397.662824        0.144994
MDMin:  138 14:09:03    -2397.663307        0.143285
MDMin:  139 14:09:05    -2397.663806        0.141594
MDMin:  140 14:09:06    -2397.664321        0.139948
MDMin:  141 14:09:08    -2397.664849        0.138380
MDMin:  142 14:09:10    -2397.665379        0.136940
MDMin:  143 14:09:12    -2397.665874        0.159866
MDMin:  144 14:09:14    -2397.666270        0.159237
MDMin:  145 14:09:16    -2397.666561        0.134211
MDMin:  146 14:09:18    -2397.666831        0.133696
MDMin:  147 14:09:20    -2397.667105        0.133222
MDMin:  148 14:09:22    -2397.667387        0.132784
MDMin:  149 14:09:24    -2397.667679        0.132386
MDMin:  150 14:09:25    -2397.667981        0.132032
MDMin:  151 14:09:27    -2397.668292        0.131729
MDMin:  152 14:09:29    -2397.668614        0.131481
MDMin:  153 14:09:31    -2397.668946        0.131296
MDMin:  154 14:09:33    -2397.669289        0.131179
MDMin:  155 14:09:35    -2397.669644        0.131138
MDMin:  156 14:09:37    -2397.670010        0.131181
MDMin:  157 14:09:38    -2397.670387        0.131314
MDMin:  158 14:09:39    -2397.670778        0.131547
MDMin:  159 14:09:40    -2397.671181        0.131888
MDMin:  160 14:09:42    -2397.671597        0.132346
MDMin:  161 14:09:43    -2397.672027        0.132933
MDMin:  162 14:09:44    -2397.672471        0.133657
MDMin:  163 14:09:46    -2397.672930        0.134529
MDMin:  164 14:09:48    -2397.673404        0.135562
MDMin:  165 14:09:50    -2397.673894        0.136767
MDMin:  166 14:09:51    -2397.674400        0.138156
MDMin:  167 14:09:53    -2397.674923        0.139742
MDMin:  168 14:09:54    -2397.675463        0.141538
MDMin:  169 14:09:56    -2397.676022        0.143558
MDMin:  170 14:09:58    -2397.676600        0.145816
MDMin:  171 14:10:00    -2397.677197        0.148324
MDMin:  172 14:10:02    -2397.677815        0.151098
MDMin:  173 14:10:04    -2397.678454        0.154151
MDMin:  174 14:10:06    -2397.679115        0.157495
MDMin:  175 14:10:08    -2397.679799        0.161143
MDMin:  176 14:10:10    -2397.680507        0.165107
MDMin:  177 14:10:12    -2397.681239        0.169395
MDMin:  178 14:10:13    -2397.681998        0.174015
MDMin:  179 14:10:15    -2397.682783        0.178972
MDMin:  180 14:10:17    -2397.683597        0.184267
MDMin:  181 14:10:19    -2397.684440        0.189898
MDMin:  182 14:10:20    -2397.685313        0.195855
MDMin:  183 14:10:21    -2397.686218        0.202126
MDMin:  184 14:10:23    -2397.687156        0.208692
MDMin:  185 14:10:25    -2397.688130        0.215538
MDMin:  186 14:10:26    -2397.689139        0.222629
MDMin:  187 14:10:28    -2397.690187        0.229922
MDMin:  188 14:10:29    -2397.691275        0.237362
MDMin:  189 14:10:30    -2397.692405        0.244887
MDMin:  190 14:10:32    -2397.693580        0.252421
MDMin:  191 14:10:34    -2397.694801        0.259878
MDMin:  192 14:10:36    -2397.696071        0.267164
MDMin:  193 14:10:37    -2397.697392        0.274175
MDMin:  194 14:10:38    -2397.698767        0.280797
MDMin:  195 14:10:40    -2397.700200        0.286900
MDMin:  196 14:10:41    -2397.701692        0.292368
MDMin:  197 14:10:42    -2397.703247        0.297085
MDMin:  198 14:10:44    -2397.704868        0.300944
MDMin:  199 14:10:46    -2397.706556        0.303847
MDMin:  200 14:10:48    -2397.708314        0.305713
MDMin:  201 14:10:50    -2397.710142        0.306477
MDMin:  202 14:10:51    -2397.712042        0.306102
MDMin:  203 14:10:53    -2397.714011        0.304570
MDMin:  204 14:10:55    -2397.716045        0.301894
MDMin:  205 14:10:58    -2397.716722        0.734499
MDMin:  206 14:10:59    -2397.716716        0.734207
MDMin:  207 14:11:00    -2397.716698        0.733332
MDMin:  208 14:11:01    -2397.716668        0.731865
MDMin:  209 14:11:03    -2397.716626        0.729796
MDMin:  210 14:11:04    -2397.716572        0.727109
MDMin:  211 14:11:06    -2397.716506        0.723784
MDMin:  212 14:11:07    -2397.716428        0.719799
MDMin:  213 14:11:09    -2397.716338        0.715130
MDMin:  214 14:11:11    -2397.716236        0.709753
MDMin:  215 14:11:13    -2397.716122        0.703643
MDMin:  216 14:11:15    -2397.715996        0.696781
MDMin:  217 14:11:17    -2397.715857        0.689146
MDMin:  218 14:11:19    -2397.715706        0.680726
MDMin:  219 14:11:21    -2397.715543        0.671513
MDMin:  220 14:11:23    -2397.715368        0.661504
MDMin:  221 14:11:25    -2397.715181        0.650704
MDMin:  222 14:11:26    -2397.714982        0.639126
MDMin:  223 14:11:27    -2397.714772        0.626790
MDMin:  224 14:11:29    -2397.714550        0.613724
MDMin:  225 14:11:31    -2397.714318        0.599963
MDMin:  226 14:11:33    -2397.714075        0.585549
MDMin:  227 14:11:35    -2397.713822        0.570532
MDMin:  228 14:11:37    -2397.713559        0.554967
MDMin:  229 14:11:39    -2397.713289        0.538915
MDMin:  230 14:11:40    -2397.713011        0.522442
MDMin:  231 14:11:42    -2397.712727        0.505618
MDMin:  232 14:11:44    -2397.712438        0.488517
MDMin:  233 14:11:46    -2397.712147        0.471216
MDMin:  234 14:11:48    -2397.711854        0.453795
MDMin:  235 14:11:50    -2397.711562        0.436336
MDMin:  236 14:11:51    -2397.711274        0.418922
MDMin:  237 14:11:53    -2397.710993        0.401634
MDMin:  238 14:11:55    -2397.710722        0.384551
MDMin:  239 14:11:57    -2397.710464        0.367751
MDMin:  240 14:11:58    -2397.710224        0.351306
MDMin:  241 14:12:00    -2397.710005        0.335282
MDMin:  242 14:12:01    -2397.709812        0.319736
MDMin:  243 14:12:02    -2397.709649        0.304720
MDMin:  244 14:12:04    -2397.709520        0.290274
MDMin:  245 14:12:05    -2397.709430        0.276432
MDMin:  246 14:12:06    -2397.709384        0.263220
MDMin:  247 14:12:08    -2397.709385        0.263269
MDMin:  248 14:12:09    -2397.709437        0.264837
MDMin:  249 14:12:11    -2397.709544        0.265831
MDMin:  250 14:12:12    -2397.709707        0.266264
MDMin:  251 14:12:14    -2397.709931        0.266154
MDMin:  252 14:12:15    -2397.710215        0.265524
MDMin:  253 14:12:17    -2397.710560        0.264404
MDMin:  254 14:12:19    -2397.710967        0.262827
MDMin:  255 14:12:20    -2397.711433        0.260828
MDMin:  256 14:12:22    -2397.711957        0.258445
MDMin:  257 14:12:24    -2397.712536        0.255716
MDMin:  258 14:12:26    -2397.713029        0.430005
MDMin:  259 14:12:28    -2397.713041        0.412844
MDMin:  260 14:12:30    -2397.713052        0.395589
MDMin:  261 14:12:32    -2397.713065        0.378201
MDMin:  262 14:12:34    -2397.713078        0.360675
MDMin:  263 14:12:36    -2397.713091        0.343038
MDMin:  264 14:12:38    -2397.713105        0.325337
MDMin:  265 14:12:40    -2397.713119        0.307637
MDMin:  266 14:12:42    -2397.713134        0.290017
MDMin:  267 14:12:44    -2397.713150        0.272560
MDMin:  268 14:12:46    -2397.713165        0.255353
MDMin:  269 14:12:48    -2397.713181        0.238479
MDMin:  270 14:12:50    -2397.713197        0.225345
MDMin:  271 14:12:52    -2397.713214        0.228081
MDMin:  272 14:12:54    -2397.713230        0.231045
MDMin:  273 14:12:56    -2397.713247        0.234249
MDMin:  274 14:12:58    -2397.713264        0.237709
MDMin:  275 14:13:00    -2397.713281        0.241441
MDMin:  276 14:13:02    -2397.713298        0.245463
MDMin:  277 14:13:04    -2397.713315        0.249795
MDMin:  278 14:13:05    -2397.713331        0.254459
MDMin:  279 14:13:07    -2397.713348        0.259483
MDMin:  280 14:13:08    -2397.713364        0.264893
MDMin:  281 14:13:09    -2397.713381        0.270725
MDMin:  282 14:13:11    -2397.713397        0.277013
MDMin:  283 14:13:13    -2397.713412        0.283799
MDMin:  284 14:13:15    -2397.713428        0.291125
MDMin:  285 14:13:17    -2397.713443        0.299030
MDMin:  286 14:13:18    -2397.713458        0.307559
MDMin:  287 14:13:20    -2397.713473        0.316757
MDMin:  288 14:13:22    -2397.713487        0.326666
MDMin:  289 14:13:24    -2397.713501        0.337320
MDMin:  290 14:13:26    -2397.713515        0.348746
MDMin:  291 14:13:28    -2397.713528        0.360952
MDMin:  292 14:13:29    -2397.713541        0.373928
MDMin:  293 14:13:30    -2397.713553        0.387632
MDMin:  294 14:13:32    -2397.713565        0.401984
MDMin:  295 14:13:33    -2397.713577        0.416871
MDMin:  296 14:13:34    -2397.713589        0.432125
MDMin:  297 14:13:36    -2397.713600        0.447483
MDMin:  298 14:13:37    -2397.713611        0.462826
MDMin:  299 14:13:38    -2397.713621        0.488537
MDMin:  300 14:13:40    -2397.713631        0.516051
MDMin:  301 14:13:42    -2397.713641        0.545307
MDMin:  302 14:13:43    -2397.713650        0.576165
MDMin:  303 14:13:45    -2397.713660        0.608377
MDMin:  304 14:13:46    -2397.713669        0.641540
MDMin:  305 14:13:48    -2397.713677        0.675051
MDMin:  306 14:13:49    -2397.713686        0.708051
MDMin:  307 14:13:51    -2397.713694        0.739376
MDMin:  308 14:13:53    -2397.713702        0.767529
MDMin:  309 14:13:54    -2397.713710        0.790700
MDMin:  310 14:13:56    -2397.713718        0.806845
MDMin:  311 14:13:57    -2397.713726        0.813862
MDMin:  312 14:13:59    -2397.713734        0.809834
MDMin:  313 14:14:01    -2397.713742        0.793336
MDMin:  314 14:14:03    -2397.713750        0.763722
MDMin:  315 14:14:05    -2397.713759        0.721343
MDMin:  316 14:14:07    -2397.713767        0.667610
MDMin:  317 14:14:08    -2397.713776        0.604894
MDMin:  318 14:14:10    -2397.713786        0.536272
MDMin:  319 14:14:12    -2397.713795        0.465167
MDMin:  320 14:14:14    -2397.713806        0.394970
MDMin:  321 14:14:16    -2397.713817        0.329791
MDMin:  322 14:14:17    -2397.713829        0.292774
MDMin:  323 14:14:19    -2397.713841        0.260621
MDMin:  324 14:14:20    -2397.713854        0.250273
MDMin:  325 14:14:22    -2397.713867        0.238950
MDMin:  326 14:14:24    -2397.713881        0.226918
MDMin:  327 14:14:25    -2397.713895        0.214492
MDMin:  328 14:14:26    -2397.713909        0.201988
MDMin:  329 14:14:28    -2397.713923        0.189682
MDMin:  330 14:14:30    -2397.713937        0.183389
MDMin:  331 14:14:32    -2397.713951        0.179289
MDMin:  332 14:14:34    -2397.713964        0.174621
MDMin:  333 14:14:36    -2397.713978        0.169536
MDMin:  334 14:14:38    -2397.713991        0.164159
MDMin:  335 14:14:40    -2397.714005        0.158631
MDMin:  336 14:14:42    -2397.714018        0.153013
MDMin:  337 14:14:44    -2397.714031        0.147533
MDMin:  338 14:14:45    -2397.714043        0.141847
MDMin:  339 14:14:47    -2397.714055        0.216920
MDMin:  340 14:14:49    -2397.714060        0.262155
MDMin:  341 14:14:50    -2397.714060        0.253486
MDMin:  342 14:14:51    -2397.714061        0.240867
MDMin:  343 14:14:52    -2397.714061        0.225005
MDMin:  344 14:14:54    -2397.714061        0.206919
MDMin:  345 14:14:56    -2397.714062        0.187947
MDMin:  346 14:14:58    -2397.714062        0.169653
MDMin:  347 14:14:59    -2397.714063        0.153542
MDMin:  348 14:15:00    -2397.714063        0.140639
MDMin:  349 14:15:02    -2397.714064        0.132829
MDMin:  350 14:15:03    -2397.714065        0.132531
MDMin:  351 14:15:05    -2397.714066        0.132194
MDMin:  352 14:15:07    -2397.714067        0.131821
MDMin:  353 14:15:09    -2397.714068        0.131417
MDMin:  354 14:15:10    -2397.714069        0.130985
MDMin:  355 14:15:11    -2397.714070        0.130529
MDMin:  356 14:15:13    -2397.714071        0.130049
MDMin:  357 14:15:15    -2397.714072        0.129549
MDMin:  358 14:15:17    -2397.714073        0.129029
MDMin:  359 14:15:19    -2397.714075        0.128490
MDMin:  360 14:15:21    -2397.714076        0.127934
MDMin:  361 14:15:23    -2397.714078        0.127362
MDMin:  362 14:15:25    -2397.714079        0.126774
MDMin:  363 14:15:26    -2397.714081        0.126172
MDMin:  364 14:15:28    -2397.714082        0.125556
MDMin:  365 14:15:30    -2397.714084        0.124928
MDMin:  366 14:15:32    -2397.714086        0.124289
MDMin:  367 14:15:34    -2397.714087        0.123639
MDMin:  368 14:15:35    -2397.714089        0.122980
MDMin:  369 14:15:37    -2397.714091        0.122314
MDMin:  370 14:15:38    -2397.714093        0.121641
MDMin:  371 14:15:40    -2397.714095        0.120963
MDMin:  372 14:15:41    -2397.714096        0.120282
MDMin:  373 14:15:43    -2397.714098        0.119598
MDMin:  374 14:15:44    -2397.714100        0.118915
MDMin:  375 14:15:45    -2397.714102        0.118233
MDMin:  376 14:15:47    -2397.714105        0.117554
MDMin:  377 14:15:49    -2397.714107        0.116880
MDMin:  378 14:15:51    -2397.714109        0.116213
MDMin:  379 14:15:52    -2397.714111        0.115556
MDMin:  380 14:15:54    -2397.714113        0.114911
MDMin:  381 14:15:56    -2397.714115        0.114280
MDMin:  382 14:15:58    -2397.714118        0.113666
MDMin:  383 14:16:00    -2397.714120        0.113072
MDMin:  384 14:16:02    -2397.714122        0.112500
MDMin:  385 14:16:03    -2397.714125        0.111954
MDMin:  386 14:16:05    -2397.714127        0.111436
MDMin:  387 14:16:06    -2397.714129        0.110952
MDMin:  388 14:16:08    -2397.714132        0.110504
MDMin:  389 14:16:09    -2397.714134        0.110097
MDMin:  390 14:16:11    -2397.714137        0.109734
MDMin:  391 14:16:13    -2397.714139        0.109421
MDMin:  392 14:16:14    -2397.714141        0.109162
MDMin:  393 14:16:16    -2397.714144        0.108962
MDMin:  394 14:16:18    -2397.714146        0.108828
MDMin:  395 14:16:20    -2397.714149        0.108764
MDMin:  396 14:16:22    -2397.714151        0.108777
MDMin:  397 14:16:24    -2397.714154        0.108874
MDMin:  398 14:16:25    -2397.714156        0.109062
MDMin:  399 14:16:26    -2397.714158        0.109346
MDMin:  400 14:16:28    -2397.714161        0.109736
MDMin:  401 14:16:29    -2397.714163        0.110240
MDMin:  402 14:16:31    -2397.714166        0.110865
MDMin:  403 14:16:33    -2397.714168        0.111620
MDMin:  404 14:16:35    -2397.714170        0.112514
MDMin:  405 14:16:36    -2397.714173        0.113556
MDMin:  406 14:16:38    -2397.714175        0.114757
MDMin:  407 14:16:39    -2397.714177        0.116124
MDMin:  408 14:16:40    -2397.714180        0.117669
MDMin:  409 14:16:42    -2397.714182        0.119400
MDMin:  410 14:16:43    -2397.714184        0.121327
MDMin:  411 14:16:45    -2397.714186        0.123458
MDMin:  412 14:16:47    -2397.714188        0.125803
MDMin:  413 14:16:49    -2397.714191        0.128369
MDMin:  414 14:16:51    -2397.714193        0.131162
MDMin:  415 14:16:52    -2397.714195        0.134189
MDMin:  416 14:16:55    -2397.714197        0.137452
MDMin:  417 14:16:56    -2397.714199        0.140953
MDMin:  418 14:16:57    -2397.714200        0.144691
MDMin:  419 14:16:58    -2397.714202        0.148664
MDMin:  420 14:17:00    -2397.714204        0.152864
MDMin:  421 14:17:01    -2397.714206        0.157282
MDMin:  422 14:17:03    -2397.714208        0.161901
MDMin:  423 14:17:04    -2397.714209        0.166704
MDMin:  424 14:17:06    -2397.714211        0.171667
MDMin:  425 14:17:08    -2397.714212        0.176759
MDMin:  426 14:17:10    -2397.714214        0.181942
MDMin:  427 14:17:12    -2397.714215        0.187168
MDMin:  428 14:17:13    -2397.714217        0.192389
MDMin:  429 14:17:15    -2397.714218        0.197556
MDMin:  430 14:17:17    -2397.714220        0.202614
MDMin:  431 14:17:18    -2397.714221        0.207499
MDMin:  432 14:17:20    -2397.714222        0.212142
MDMin:  433 14:17:21    -2397.714224        0.216473
MDMin:  434 14:17:23    -2397.714225        0.220417
MDMin:  435 14:17:25    -2397.714226        0.223899
MDMin:  436 14:17:27    -2397.714227        0.226846
MDMin:  437 14:17:29    -2397.714228        0.229184
MDMin:  438 14:17:31    -2397.714229        0.230846
MDMin:  439 14:17:33    -2397.714231        0.231770
MDMin:  440 14:17:34    -2397.714232        0.231902
MDMin:  441 14:17:36    -2397.714233        0.231200
MDMin:  442 14:17:38    -2397.714234        0.229632
MDMin:  443 14:17:40    -2397.714235        0.227185
MDMin:  444 14:17:42    -2397.714236        0.223857
MDMin:  445 14:17:44    -2397.714237        0.219669
MDMin:  446 14:17:45    -2397.714238        0.214657
MDMin:  447 14:17:46    -2397.714239        0.208878
MDMin:  448 14:17:47    -2397.714240        0.202406
MDMin:  449 14:17:49    -2397.714241        0.195333
MDMin:  450 14:17:50    -2397.714242        0.187763
MDMin:  451 14:17:51    -2397.714243        0.179812
MDMin:  452 14:17:53    -2397.714244        0.171605
MDMin:  453 14:17:55    -2397.714245        0.163275
MDMin:  454 14:17:57    -2397.714246        0.154981
MDMin:  455 14:17:59    -2397.714246        0.157407
MDMin:  456 14:18:01    -2397.714247        0.163072
MDMin:  457 14:18:03    -2397.714248        0.167367
MDMin:  458 14:18:05    -2397.714248        0.170243
MDMin:  459 14:18:07    -2397.714248        0.173087
MDMin:  460 14:18:09    -2397.714249        0.176088
MDMin:  461 14:18:11    -2397.714249        0.179262
MDMin:  462 14:18:12    -2397.714249        0.182619
MDMin:  463 14:18:14    -2397.714250        0.186163
MDMin:  464 14:18:16    -2397.714250        0.189901
MDMin:  465 14:18:18    -2397.714250        0.193838
MDMin:  466 14:18:20    -2397.714251        0.197976
MDMin:  467 14:18:21    -2397.714251        0.202317
MDMin:  468 14:18:23    -2397.714251        0.206858
MDMin:  469 14:18:25    -2397.714252        0.211595
MDMin:  470 14:18:27    -2397.714252        0.216518
MDMin:  471 14:18:29    -2397.714252        0.221615
MDMin:  472 14:18:31    -2397.714253        0.226865
MDMin:  473 14:18:33    -2397.714253        0.232243
MDMin:  474 14:18:34    -2397.713917        0.937929
MDMin:  475 14:18:35    -2397.713888        0.936155
MDMin:  476 14:18:36    -2397.713838        0.933103
MDMin:  477 14:18:38    -2397.713767        0.928768
MDMin:  478 14:18:40    -2397.713675        0.923142
MDMin:  479 14:18:42    -2397.713561        0.916216
MDMin:  480 14:18:43    -2397.713426        0.907982
MDMin:  481 14:18:44    -2397.713269        0.898434
MDMin:  482 14:18:45    -2397.713091        0.887570
MDMin:  483 14:18:47    -2397.712890        0.875391
MDMin:  484 14:18:48    -2397.712666        0.861909
MDMin:  485 14:18:49    -2397.712420        0.847143
MDMin:  486 14:18:51    -2397.712150        0.831121
MDMin:  487 14:18:53    -2397.711857        0.813883
MDMin:  488 14:18:55    -2397.711541        0.795481
MDMin:  489 14:18:57    -2397.711200        0.775977
MDMin:  490 14:18:59    -2397.710835        0.755447
MDMin:  491 14:19:01    -2397.710446        0.733977
MDMin:  492 14:19:02    -2397.710032        0.711666
MDMin:  493 14:19:03    -2397.709594        0.688620
MDMin:  494 14:19:05    -2397.709131        0.664956
MDMin:  495 14:19:07    -2397.708645        0.640797
MDMin:  496 14:19:09    -2397.708135        0.616272
MDMin:  497 14:19:11    -2397.707603        0.591514
MDMin:  498 14:19:13    -2397.707049        0.566658
MDMin:  499 14:19:15    -2397.706475        0.541839
MDMin:  500 14:19:17    -2397.705883        0.517190
MDMin:  501 14:19:19    -2397.705276        0.492838
MDMin:  502 14:19:21    -2397.704654        0.468904
MDMin:  503 14:19:22    -2397.704023        0.445500
MDMin:  504 14:19:24    -2397.703385        0.422727
MDMin:  505 14:19:26    -2397.702745        0.400674
MDMin:  506 14:19:28    -2397.702107        0.379414
MDMin:  507 14:19:30    -2397.701476        0.359008
MDMin:  508 14:19:32    -2397.700859        0.339500
MDMin:  509 14:19:34    -2397.700260        0.320922
MDMin:  510 14:19:36    -2397.699686        0.303291
MDMin:  511 14:19:38    -2397.699144        0.286612
MDMin:  512 14:19:39    -2397.698642        0.281138
MDMin:  513 14:19:40    -2397.698185        0.276953
MDMin:  514 14:19:42    -2397.697783        0.271741
MDMin:  515 14:19:43    -2397.697442        0.265497
MDMin:  516 14:19:45    -2397.697171        0.258237
MDMin:  517 14:19:47    -2397.696977        0.250004
MDMin:  518 14:19:48    -2397.696869        0.240872
MDMin:  519 14:19:50    -2397.696855        0.242807
MDMin:  520 14:19:52    -2397.696941        0.248105
MDMin:  521 14:19:53    -2397.697135        0.252562
MDMin:  522 14:19:55    -2397.697444        0.256101
MDMin:  523 14:19:57    -2397.697872        0.258664
MDMin:  524 14:19:59    -2397.698426        0.260216
MDMin:  525 14:20:01    -2397.699108        0.260743
MDMin:  526 14:20:03    -2397.699919        0.260252
MDMin:  527 14:20:04    -2397.700860        0.258770
MDMin:  528 14:20:06    -2397.701929        0.256340
MDMin:  529 14:20:08    -2397.703120        0.253019
MDMin:  530 14:20:10    -2397.704428        0.248876
MDMin:  531 14:20:12    -2397.705841        0.243987
MDMin:  532 14:20:14    -2397.707350        0.238432
MDMin:  533 14:20:15    -2397.708938        0.232296
MDMin:  534 14:20:17    -2397.710591        0.225662
MDMin:  535 14:20:18    -2397.712289        0.218610
MDMin:  536 14:20:20    -2397.714015        0.211219
MDMin:  537 14:20:22    -2397.715749        0.203562
MDMin:  538 14:20:24    -2397.716733        0.602315
MDMin:  539 14:20:26    -2397.716713        0.583320
MDMin:  540 14:20:27    -2397.716692        0.563663
MDMin:  541 14:20:29    -2397.716669        0.543334
MDMin:  542 14:20:31    -2397.716644        0.522333
MDMin:  543 14:20:33    -2397.716617        0.500672
MDMin:  544 14:20:35    -2397.716588        0.478380
MDMin:  545 14:20:36    -2397.716558        0.455499
MDMin:  546 14:20:38    -2397.716525        0.432084
MDMin:  547 14:20:39    -2397.716490        0.408207
MDMin:  548 14:20:40    -2397.716454        0.383950
MDMin:  549 14:20:42    -2397.716415        0.359410
MDMin:  550 14:20:44    -2397.716374        0.334690
MDMin:  551 14:20:46    -2397.716331        0.309909
MDMin:  552 14:20:48    -2397.716285        0.285189
MDMin:  553 14:20:49    -2397.716238        0.260659
MDMin:  554 14:20:51    -2397.716189        0.236455
MDMin:  555 14:20:53    -2397.716137        0.212720
MDMin:  556 14:20:55    -2397.716084        0.189603
MDMin:  557 14:20:56    -2397.716030        0.167629
MDMin:  558 14:20:57    -2397.715974        0.170958
MDMin:  559 14:20:58    -2397.715918        0.174723
MDMin:  560 14:21:00    -2397.715861        0.178879
MDMin:  561 14:21:02    -2397.715804        0.183365
MDMin:  562 14:21:04    -2397.715747        0.188109
MDMin:  563 14:21:06    -2397.715690        0.193023
MDMin:  564 14:21:08    -2397.715634        0.198013
MDMin:  565 14:21:10    -2397.715580        0.202980
MDMin:  566 14:21:11    -2397.715526        0.207827
MDMin:  567 14:21:13    -2397.715474        0.212462
MDMin:  568 14:21:14    -2397.715424        0.216799
MDMin:  569 14:21:16    -2397.715375        0.220759
MDMin:  570 14:21:18    -2397.715328        0.224269
MDMin:  571 14:21:19    -2397.715282        0.227268
MDMin:  572 14:21:20    -2397.715238        0.229703
MDMin:  573 14:21:21    -2397.715195        0.231532
MDMin:  574 14:21:23    -2397.715153        0.232722
MDMin:  575 14:21:25    -2397.715113        0.233250
MDMin:  576 14:21:27    -2397.715075        0.233105
MDMin:  577 14:21:29    -2397.715037        0.232282
MDMin:  578 14:21:31    -2397.715001        0.230790
MDMin:  579 14:21:33    -2397.714966        0.228645
MDMin:  580 14:21:34    -2397.714931        0.225873
MDMin:  581 14:21:36    -2397.714898        0.222509
MDMin:  582 14:21:38    -2397.714866        0.218594
MDMin:  583 14:21:40    -2397.714835        0.214178
MDMin:  584 14:21:42    -2397.714804        0.209316
MDMin:  585 14:21:44    -2397.714775        0.204066
MDMin:  586 14:21:45    -2397.714746        0.198492
MDMin:  587 14:21:47    -2397.714718        0.192655
MDMin:  588 14:21:49    -2397.714691        0.186620
MDMin:  589 14:21:51    -2397.714665        0.180447
MDMin:  590 14:21:52    -2397.714640        0.174194
MDMin:  591 14:21:54    -2397.714615        0.167915
MDMin:  592 14:21:56    -2397.714592        0.161659
MDMin:  593 14:21:58    -2397.714569        0.155467
MDMin:  594 14:22:00    -2397.714547        0.149375
MDMin:  595 14:22:02    -2397.714525        0.143414
MDMin:  596 14:22:03    -2397.714505        0.137605
MDMin:  597 14:22:05    -2397.714485        0.131967
MDMin:  598 14:22:06    -2397.714466        0.126509
MDMin:  599 14:22:07    -2397.714448        0.121240
MDMin:  600 14:22:09    -2397.714431        0.116159
MDMin:  601 14:22:10    -2397.714414        0.111267
MDMin:  602 14:22:11    -2397.714399        0.106561
MDMin:  603 14:22:13    -2397.714384        0.102055
MDMin:  604 14:22:14    -2397.714371        0.098353
MDMin:  605 14:22:15    -2397.714361        0.156581
MDMin:  606 14:22:17    -2397.714358        0.095191
MDMin:  607 14:22:18    -2397.714355        0.094404
MDMin:  608 14:22:19    -2397.714351        0.093605
MDMin:  609 14:22:20    -2397.714348        0.092794
MDMin:  610 14:22:22    -2397.714345        0.091972
MDMin:  611 14:22:24    -2397.714342        0.091140
MDMin:  612 14:22:26    -2397.714338        0.090298
MDMin:  613 14:22:28    -2397.714335        0.089447
MDMin:  614 14:22:29    -2397.714332        0.088588
MDMin:  615 14:22:31    -2397.714329        0.087720
MDMin:  616 14:22:32    -2397.714325        0.086846
MDMin:  617 14:22:34    -2397.714322        0.085964
MDMin:  618 14:22:35    -2397.714319        0.085077
MDMin:  619 14:22:37    -2397.714316        0.084183
MDMin:  620 14:22:39    -2397.714313        0.083285
MDMin:  621 14:22:41    -2397.714310        0.082383
MDMin:  622 14:22:43    -2397.714307        0.081477
MDMin:  623 14:22:45    -2397.714304        0.080568
MDMin:  624 14:22:47    -2397.714301        0.079657
MDMin:  625 14:22:48    -2397.714298        0.078744
MDMin:  626 14:22:50    -2397.714295        0.077830
MDMin:  627 14:22:52    -2397.714292        0.076917
MDMin:  628 14:22:54    -2397.714290        0.076004
MDMin:  629 14:22:56    -2397.714287        0.075093
MDMin:  630 14:22:57    -2397.714285        0.074185
MDMin:  631 14:22:59    -2397.714282        0.073281
MDMin:  632 14:23:00    -2397.714280        0.072383
MDMin:  633 14:23:02    -2397.714278        0.071490
MDMin:  634 14:23:03    -2397.714275        0.070605
MDMin:  635 14:23:04    -2397.714273        0.069730
MDMin:  636 14:23:06    -2397.714271        0.068867
MDMin:  637 14:23:07    -2397.714270        0.068016
MDMin:  638 14:23:09    -2397.714268        0.067182
MDMin:  639 14:23:11    -2397.714266        0.066365
MDMin:  640 14:23:13    -2397.714265        0.065569
MDMin:  641 14:23:15    -2397.714263        0.064796
MDMin:  642 14:23:17    -2397.714262        0.064050
MDMin:  643 14:23:19    -2397.714261        0.063333
MDMin:  644 14:23:21    -2397.714259        0.062651
MDMin:  645 14:23:23    -2397.714258        0.062007
MDMin:  646 14:23:24    -2397.714257        0.061406
MDMin:  647 14:23:26    -2397.714257        0.060853
MDMin:  648 14:23:27    -2397.714256        0.060353
MDMin:  649 14:23:28    -2397.714255        0.059913
MDMin:  650 14:23:29    -2397.714255        0.059539
MDMin:  651 14:23:31    -2397.714255        0.059238
MDMin:  652 14:23:33    -2397.714254        0.059021
MDMin:  653 14:23:35    -2397.714254        0.058891
MDMin:  654 14:23:36    -2397.714254        0.058865
MDMin:  655 14:23:38    -2397.714254        0.058938
MDMin:  656 14:23:40    -2397.714254        0.059159
MDMin:  657 14:23:42    -2397.714254        0.059433
MDMin:  658 14:23:44    -2397.714255        0.060032
MDMin:  659 14:23:46    -2397.714255        0.101344
MDMin:  660 14:23:48    -2397.714255        0.060650
MDMin:  661 14:23:49    -2397.714255        0.060775
MDMin:  662 14:23:51    -2397.714255        0.060977
MDMin:  663 14:23:53    -2397.714255        0.061198
MDMin:  664 14:23:55    -2397.714256        0.061438
MDMin:  665 14:23:57    -2397.714256        0.061699
MDMin:  666 14:23:59    -2397.714256        0.061982
MDMin:  667 14:24:01    -2397.714256        0.062288
MDMin:  668 14:24:03    -2397.714256        0.062619
MDMin:  669 14:24:05    -2397.714256        0.062975
MDMin:  670 14:24:07    -2397.714257        0.063358
MDMin:  671 14:24:09    -2397.714257        0.063769
MDMin:  672 14:24:10    -2397.714257        0.064210
MDMin:  673 14:24:11    -2397.714257        0.064682
MDMin:  674 14:24:13    -2397.714257        0.065188
MDMin:  675 14:24:14    -2397.714258        0.065727
MDMin:  676 14:24:15    -2397.714258        0.066302
MDMin:  677 14:24:17    -2397.714258        0.066915
MDMin:  678 14:24:19    -2397.714258        0.067567
MDMin:  679 14:24:21    -2397.714259        0.068259
MDMin:  680 14:24:23    -2397.714259        0.068993
MDMin:  681 14:24:25    -2397.714259        0.069772
MDMin:  682 14:24:27    -2397.714259        0.070596
MDMin:  683 14:24:28    -2397.714260        0.071467
MDMin:  684 14:24:30    -2397.714260        0.072387
MDMin:  685 14:24:31    -2397.714260        0.073356
MDMin:  686 14:24:32    -2397.714261        0.074378
MDMin:  687 14:24:34    -2397.714261        0.075453
MDMin:  688 14:24:35    -2397.714261        0.076582
MDMin:  689 14:24:37    -2397.714262        0.077766
MDMin:  690 14:24:39    -2397.714262        0.079008
MDMin:  691 14:24:41    -2397.714262        0.080307
MDMin:  692 14:24:42    -2397.714263        0.081665
MDMin:  693 14:24:44    -2397.714263        0.083081
MDMin:  694 14:24:46    -2397.714263        0.084557
MDMin:  695 14:24:47    -2397.714264        0.086091
MDMin:  696 14:24:49    -2397.714264        0.087685
MDMin:  697 14:24:51    -2397.714264        0.089338
MDMin:  698 14:24:53    -2397.714265        0.091050
MDMin:  699 14:24:54    -2397.714265        0.092819
MDMin:  700 14:24:56    -2397.714265        0.094646
MDMin:  701 14:24:57    -2397.714266        0.096528
MDMin:  702 14:24:59    -2397.714266        0.098463
MDMin:  703 14:25:01    -2397.714266        0.100451
MDMin:  704 14:25:02    -2397.714267        0.102488
MDMin:  705 14:25:04    -2397.714267        0.104572
MDMin:  706 14:25:06    -2397.714267        0.106699
MDMin:  707 14:25:08    -2397.714268        0.108865
MDMin:  708 14:25:10    -2397.714268        0.111067
MDMin:  709 14:25:11    -2397.714268        0.113300
MDMin:  710 14:25:13    -2397.714269        0.115559
MDMin:  711 14:25:15    -2397.714269        0.117838
MDMin:  712 14:25:16    -2397.714269        0.120130
MDMin:  713 14:25:17    -2397.714269        0.122429
MDMin:  714 14:25:19    -2397.714270        0.124727
MDMin:  715 14:25:21    -2397.714270        0.127017
MDMin:  716 14:25:23    -2397.714270        0.129289
MDMin:  717 14:25:25    -2397.714271        0.131534
MDMin:  718 14:25:26    -2397.714271        0.133743
MDMin:  719 14:25:28    -2397.714271        0.135904
MDMin:  720 14:25:30    -2397.714271        0.138006
MDMin:  721 14:25:32    -2397.714272        0.140038
MDMin:  722 14:25:34    -2397.714272        0.141987
MDMin:  723 14:25:36    -2397.714272        0.143840
MDMin:  724 14:25:38    -2397.714273        0.145583
MDMin:  725 14:25:40    -2397.714273        0.147203
MDMin:  726 14:25:42    -2397.714273        0.148684
MDMin:  727 14:25:43    -2397.714273        0.150012
MDMin:  728 14:25:45    -2397.714274        0.151172
MDMin:  729 14:25:47    -2397.714274        0.152148
MDMin:  730 14:25:48    -2397.714274        0.152926
MDMin:  731 14:25:50    -2397.714274        0.153490
MDMin:  732 14:25:52    -2397.714275        0.153824
MDMin:  733 14:25:53    -2397.714275        0.153915
MDMin:  734 14:25:54    -2397.714275        0.153748
MDMin:  735 14:25:56    -2397.714275        0.153311
MDMin:  736 14:25:58    -2397.714276        0.152590
MDMin:  737 14:26:00    -2397.714276        0.151575
MDMin:  738 14:26:01    -2397.714276        0.150262
MDMin:  739 14:26:03    -2397.714276        0.148652
MDMin:  740 14:26:04    -2397.714276        0.146746
MDMin:  741 14:26:06    -2397.714277        0.144542
MDMin:  742 14:26:08    -2397.714277        0.142042
MDMin:  743 14:26:10    -2397.714277        0.139252
MDMin:  744 14:26:12    -2397.714277        0.136181
MDMin:  745 14:26:13    -2397.714278        0.132841
MDMin:  746 14:26:15    -2397.714278        0.129248
MDMin:  747 14:26:16    -2397.714278        0.125422
MDMin:  748 14:26:18    -2397.714278        0.121386
MDMin:  749 14:26:20    -2397.714278        0.117167
MDMin:  750 14:26:22    -2397.714279        0.112794
MDMin:  751 14:26:23    -2397.714279        0.108301
MDMin:  752 14:26:24    -2397.714279        0.103721
MDMin:  753 14:26:26    -2397.714279        0.099091
MDMin:  754 14:26:27    -2397.714280        0.094446
MDMin:  755 14:26:29    -2397.714280        0.089822
MDMin:  756 14:26:30    -2397.714280        0.085254
MDMin:  757 14:26:32    -2397.714280        0.080776
MDMin:  758 14:26:34    -2397.714280        0.076417
MDMin:  759 14:26:36    -2397.714281        0.072207
MDMin:  760 14:26:38    -2397.714281        0.068214
MDMin:  761 14:26:40    -2397.714281        0.104544
MDMin:  762 14:26:41    -2397.714281        0.074480
MDMin:  763 14:26:43    -2397.714281        0.062976
MDMin:  764 14:26:44    -2397.714281        0.062401
MDMin:  765 14:26:46    -2397.714281        0.061809
MDMin:  766 14:26:48    -2397.714281        0.061202
MDMin:  767 14:26:50    -2397.714281        0.060582
MDMin:  768 14:26:52    -2397.714281        0.059949
MDMin:  769 14:26:54    -2397.714281        0.059305
MDMin:  770 14:26:55    -2397.714281        0.058649
MDMin:  771 14:26:57    -2397.714281        0.057983
MDMin:  772 14:26:59    -2397.714282        0.057307
MDMin:  773 14:27:01    -2397.714282        0.056622
MDMin:  774 14:27:03    -2397.714282        0.055930
MDMin:  775 14:27:04    -2397.714282        0.055231
MDMin:  776 14:27:06    -2397.714282        0.054525
MDMin:  777 14:27:08    -2397.714282        0.053814
MDMin:  778 14:27:10    -2397.714282        0.053098
MDMin:  779 14:27:11    -2397.714282        0.052379
MDMin:  780 14:27:13    -2397.714282        0.051657
MDMin:  781 14:27:14    -2397.714282        0.050932
MDMin:  782 14:27:16    -2397.714282        0.050207
MDMin:  783 14:27:18    -2397.714282        0.049480
       Step     Time          Energy          fmax
MDMin:    0 17:19:38    -2397.679729        0.359010
MDMin:    1 17:19:39    -2397.679695        0.359017
MDMin:    2 17:19:40    -2397.679593        0.359035
MDMin:    3 17:19:42    -2397.679423        0.359062
MDMin:    4 17:19:44    -2397.679185        0.359093
MDMin:    5 17:19:46    -2397.678878        0.359120
MDMin:    6 17:19:48    -2397.678503        0.359136
MDMin:    7 17:19:50    -2397.678060        0.359129
MDMin:    8 17:19:51    -2397.677547        0.359086
MDMin:    9 17:19:53    -2397.676965        0.358990
MDMin:   10 17:19:54    -2397.676314        0.358824
MDMin:   11 17:19:56    -2397.675594        0.358568
MDMin:   12 17:19:58    -2397.674804        0.358200
MDMin:   13 17:20:00    -2397.673946        0.357693
MDMin:   14 17:20:02    -2397.673020        0.357020
MDMin:   15 17:20:04    -2397.672026        0.356150
MDMin:   16 17:20:05    -2397.670965        0.355051
MDMin:   17 17:20:07    -2397.669839        0.353688
MDMin:   18 17:20:09    -2397.668650        0.352023
MDMin:   19 17:20:11    -2397.667400        0.350015
MDMin:   20 17:20:13    -2397.666092        0.347623
MDMin:   21 17:20:15    -2397.664729        0.344805
MDMin:   22 17:20:16    -2397.663315        0.341516
MDMin:   23 17:20:18    -2397.661856        0.337711
MDMin:   24 17:20:20    -2397.660357        0.333347
MDMin:   25 17:20:22    -2397.658824        0.328382
MDMin:   26 17:20:24    -2397.657264        0.322774
MDMin:   27 17:20:26    -2397.655686        0.316489
MDMin:   28 17:20:27    -2397.654098        0.309496
MDMin:   29 17:20:28    -2397.652509        0.301771
MDMin:   30 17:20:30    -2397.650930        0.293299
MDMin:   31 17:20:31    -2397.649371        0.284077
MDMin:   32 17:20:32    -2397.647844        0.274111
MDMin:   33 17:20:33    -2397.646360        0.263424
MDMin:   34 17:20:35    -2397.644930        0.252053
MDMin:   35 17:20:37    -2397.643567        0.240055
MDMin:   36 17:20:39    -2397.642279        0.227499
MDMin:   37 17:20:40    -2397.641078        0.214478
MDMin:   38 17:20:42    -2397.639972        0.201099
MDMin:   39 17:20:45    -2397.638968        0.187486
MDMin:   40 17:20:47    -2397.638071        0.173782
MDMin:   41 17:20:48    -2397.637286        0.160141
MDMin:   42 17:20:49    -2397.636614        0.155851
MDMin:   43 17:20:51    -2397.636053        0.154095
MDMin:   44 17:20:53    -2397.635602        0.151872
MDMin:   45 17:20:54    -2397.635256        0.149207
MDMin:   46 17:20:56    -2397.635009        0.147101
MDMin:   47 17:20:58    -2397.634853        0.147081
MDMin:   48 17:21:00    -2397.634781        0.147049
MDMin:   49 17:21:02    -2397.634783        0.147003
MDMin:   50 17:21:04    -2397.634851        0.146945
MDMin:   51 17:21:07    -2397.634975        0.146871
MDMin:   52 17:21:08    -2397.635147        0.146782
MDMin:   53 17:21:09    -2397.635357        0.146677
MDMin:   54 17:21:10    -2397.635600        0.146555
MDMin:   55 17:21:12    -2397.635867        0.146415
MDMin:   56 17:21:14    -2397.636154        0.146257
MDMin:   57 17:21:16    -2397.636454        0.146080
MDMin:   58 17:21:18    -2397.636766        0.145884
MDMin:   59 17:21:19    -2397.637084        0.146311
MDMin:   60 17:21:20    -2397.637407        0.149049
MDMin:   61 17:21:22    -2397.637734        0.152132
MDMin:   62 17:21:23    -2397.638062        0.155578
MDMin:   63 17:21:25    -2397.638391        0.159404
MDMin:   64 17:21:26    -2397.638721        0.163625
MDMin:   65 17:21:27    -2397.639052        0.168254
MDMin:   66 17:21:29    -2397.639382        0.173304
MDMin:   67 17:21:30    -2397.639713        0.178782
MDMin:   68 17:21:32    -2397.640045        0.184690
MDMin:   69 17:21:34    -2397.640376        0.191026
MDMin:   70 17:21:36    -2397.640708        0.197792
MDMin:   71 17:21:38    -2397.641040        0.204985
MDMin:   72 17:21:40    -2397.641373        0.212577
MDMin:   73 17:21:42    -2397.641705        0.220522
MDMin:   74 17:21:44    -2397.642038        0.228759
MDMin:   75 17:21:46    -2397.642370        0.237208
MDMin:   76 17:21:48    -2397.642703        0.245765
MDMin:   77 17:21:50    -2397.643036        0.254306
MDMin:   78 17:21:51    -2397.643368        0.262682
MDMin:   79 17:21:53    -2397.643700        0.270726
MDMin:   80 17:21:54    -2397.644033        0.278251
MDMin:   81 17:21:56    -2397.644366        0.285058
MDMin:   82 17:21:58    -2397.644699        0.290942
MDMin:   83 17:22:00    -2397.645032        0.295699
MDMin:   84 17:22:02    -2397.645367        0.299113
MDMin:   85 17:22:03    -2397.645703        0.301016
MDMin:   86 17:22:04    -2397.646041        0.301284
MDMin:   87 17:22:06    -2397.646381        0.299840
MDMin:   88 17:22:07    -2397.646723        0.296664
MDMin:   89 17:22:09    -2397.647068        0.291802
MDMin:   90 17:22:11    -2397.647417        0.285360
MDMin:   91 17:22:13    -2397.647768        0.277508
MDMin:   92 17:22:15    -2397.648124        0.268465
MDMin:   93 17:22:17    -2397.648482        0.258484
MDMin:   94 17:22:19    -2397.648844        0.247843
MDMin:   95 17:22:21    -2397.649210        0.236819
MDMin:   96 17:22:23    -2397.649578        0.238454
MDMin:   97 17:22:24    -2397.649950        0.246506
MDMin:   98 17:22:26    -2397.650325        0.254062
MDMin:   99 17:22:28    -2397.650703        0.260851
MDMin:  100 17:22:30    -2397.651083        0.266580
MDMin:  101 17:22:31    -2397.651466        0.270956
MDMin:  102 17:22:33    -2397.651851        0.273716
MDMin:  103 17:22:35    -2397.652232        0.274686
MDMin:  104 17:22:37    -2397.652598        0.273897
MDMin:  105 17:22:39    -2397.652925        0.271798
MDMin:  106 17:22:40    -2397.653190        0.269172
MDMin:  107 17:22:41    -2397.653412        0.266396
MDMin:  108 17:22:42    -2397.653623        0.263297
MDMin:  109 17:22:43    -2397.653836        0.259776
MDMin:  110 17:22:45    -2397.654053        0.255812
MDMin:  111 17:22:47    -2397.654276        0.251417
MDMin:  112 17:22:49    -2397.654504        0.246611
MDMin:  113 17:22:51    -2397.654738        0.241419
MDMin:  114 17:22:52    -2397.654979        0.235869
MDMin:  115 17:22:54    -2397.655225        0.229998
MDMin:  116 17:22:55    -2397.655478        0.223843
MDMin:  117 17:22:57    -2397.655738        0.217443
MDMin:  118 17:22:58    -2397.656004        0.210835
MDMin:  119 17:23:00    -2397.656278        0.204060
MDMin:  120 17:23:01    -2397.656559        0.197154
MDMin:  121 17:23:03    -2397.656848        0.190155
MDMin:  122 17:23:04    -2397.657145        0.183097
MDMin:  123 17:23:07    -2397.657451        0.176014
MDMin:  124 17:23:09    -2397.657765        0.168935
MDMin:  125 17:23:11    -2397.658088        0.161889
MDMin:  126 17:23:13    -2397.658420        0.158890
MDMin:  127 17:23:15    -2397.658762        0.158249
MDMin:  128 17:23:17    -2397.659115        0.157521
MDMin:  129 17:23:19    -2397.659478        0.156617
MDMin:  130 17:23:21    -2397.659852        0.155550
MDMin:  131 17:23:23    -2397.660237        0.154337
MDMin:  132 17:23:25    -2397.660635        0.152994
MDMin:  133 17:23:27    -2397.661045        0.151538
MDMin:  134 17:23:29    -2397.661468        0.149990
MDMin:  135 17:23:31    -2397.661906        0.148369
MDMin:  136 17:23:33    -2397.662358        0.146696
MDMin:  137 17:23:35    -2397.662824        0.144994
MDMin:  138 17:23:37    -2397.663307        0.143285
MDMin:  139 17:23:38    -2397.663806        0.141594
MDMin:  140 17:23:41    -2397.664321        0.139948
MDMin:  141 17:23:42    -2397.664849        0.138380
MDMin:  142 17:23:44    -2397.665379        0.136940
MDMin:  143 17:23:47    -2397.665874        0.159865
MDMin:  144 17:23:49    -2397.666270        0.159238
MDMin:  145 17:23:50    -2397.666561        0.134211
MDMin:  146 17:23:52    -2397.666831        0.133696
MDMin:  147 17:23:54    -2397.667105        0.133222
MDMin:  148 17:23:56    -2397.667387        0.132784
MDMin:  149 17:23:58    -2397.667679        0.132385
MDMin:  150 17:24:00    -2397.667981        0.132032
MDMin:  151 17:24:02    -2397.668292        0.131729
MDMin:  152 17:24:04    -2397.668614        0.131481
MDMin:  153 17:24:05    -2397.668946        0.131296
MDMin:  154 17:24:07    -2397.669289        0.131179
MDMin:  155 17:24:08    -2397.669644        0.131138
MDMin:  156 17:24:10    -2397.670010        0.131181
MDMin:  157 17:24:12    -2397.670387        0.131314
MDMin:  158 17:24:14    -2397.670778        0.131547
MDMin:  159 17:24:16    -2397.671181        0.131888
MDMin:  160 17:24:18    -2397.671597        0.132346
MDMin:  161 17:24:19    -2397.672027        0.132933
MDMin:  162 17:24:21    -2397.672471        0.133657
MDMin:  163 17:24:23    -2397.672930        0.134529
MDMin:  164 17:24:25    -2397.673404        0.135562
MDMin:  165 17:24:26    -2397.673894        0.136767
MDMin:  166 17:24:28    -2397.674400        0.138156
MDMin:  167 17:24:29    -2397.674923        0.139742
MDMin:  168 17:24:30    -2397.675463        0.141538
MDMin:  169 17:24:32    -2397.676022        0.143558
MDMin:  170 17:24:34    -2397.676600        0.145816
MDMin:  171 17:24:36    -2397.677197        0.148324
MDMin:  172 17:24:38    -2397.677815        0.151098
MDMin:  173 17:24:40    -2397.678454        0.154151
MDMin:  174 17:24:42    -2397.679115        0.157495
MDMin:  175 17:24:43    -2397.679799        0.161144
MDMin:  176 17:24:45    -2397.680507        0.165107
MDMin:  177 17:24:46    -2397.681239        0.169395
MDMin:  178 17:24:47    -2397.681998        0.174015
MDMin:  179 17:24:49    -2397.682783        0.178972
MDMin:  180 17:24:50    -2397.683597        0.184268
MDMin:  181 17:24:51    -2397.684440        0.189898
MDMin:  182 17:24:53    -2397.685313        0.195856
MDMin:  183 17:24:55    -2397.686218        0.202126
MDMin:  184 17:24:57    -2397.687156        0.208693
MDMin:  185 17:24:59    -2397.688130        0.215538
MDMin:  186 17:25:01    -2397.689139        0.222629
MDMin:  187 17:25:03    -2397.690187        0.229922
MDMin:  188 17:25:05    -2397.691275        0.237362
MDMin:  189 17:25:06    -2397.692405        0.244887
MDMin:  190 17:25:07    -2397.693580        0.252421
MDMin:  191 17:25:09    -2397.694801        0.259878
MDMin:  192 17:25:10    -2397.696071        0.267164
MDMin:  193 17:25:11    -2397.697392        0.274175
MDMin:  194 17:25:12    -2397.698767        0.280797
MDMin:  195 17:25:13    -2397.700200        0.286900
MDMin:  196 17:25:15    -2397.701692        0.292368
MDMin:  197 17:25:18    -2397.703247        0.297085
MDMin:  198 17:25:20    -2397.704868        0.300944
MDMin:  199 17:25:21    -2397.706556        0.303847
MDMin:  200 17:25:23    -2397.708314        0.305713
MDMin:  201 17:25:24    -2397.710142        0.306477
MDMin:  202 17:25:26    -2397.712042        0.306102
MDMin:  203 17:25:28    -2397.714011        0.304570
MDMin:  204 17:25:30    -2397.716045        0.301894
MDMin:  205 17:25:32    -2397.716722        0.734499
MDMin:  206 17:25:34    -2397.716716        0.734208
MDMin:  207 17:25:35    -2397.716698        0.733332
MDMin:  208 17:25:37    -2397.716668        0.731865
MDMin:  209 17:25:38    -2397.716626        0.729797
MDMin:  210 17:25:39    -2397.716572        0.727109
MDMin:  211 17:25:41    -2397.716506        0.723785
MDMin:  212 17:25:42    -2397.716428        0.719800
MDMin:  213 17:25:43    -2397.716338        0.715131
MDMin:  214 17:25:44    -2397.716236        0.709753
MDMin:  215 17:25:46    -2397.716122        0.703644
MDMin:  216 17:25:47    -2397.715995        0.696781
MDMin:  217 17:25:50    -2397.715857        0.689147
MDMin:  218 17:25:52    -2397.715706        0.680727
MDMin:  219 17:25:53    -2397.715543        0.671513
MDMin:  220 17:25:55    -2397.715368        0.661504
MDMin:  221 17:25:57    -2397.715181        0.650704
MDMin:  222 17:25:59    -2397.714982        0.639127
MDMin:  223 17:26:01    -2397.714772        0.626791
MDMin:  224 17:26:03    -2397.714550        0.613724
MDMin:  225 17:26:06    -2397.714318        0.599963
MDMin:  226 17:26:08    -2397.714075        0.585549
MDMin:  227 17:26:09    -2397.713822        0.570532
MDMin:  228 17:26:11    -2397.713559        0.554967
MDMin:  229 17:26:13    -2397.713289        0.538915
MDMin:  230 17:26:15    -2397.713011        0.522442
MDMin:  231 17:26:17    -2397.712727        0.505618
MDMin:  232 17:26:19    -2397.712438        0.488517
MDMin:  233 17:26:20    -2397.712147        0.471216
MDMin:  234 17:26:22    -2397.711854        0.453795
MDMin:  235 17:26:23    -2397.711562        0.436336
MDMin:  236 17:26:24    -2397.711274        0.418922
MDMin:  237 17:26:25    -2397.710993        0.401634
MDMin:  238 17:26:27    -2397.710722        0.384551
MDMin:  239 17:26:28    -2397.710464        0.367751
MDMin:  240 17:26:30    -2397.710224        0.351306
MDMin:  241 17:26:32    -2397.710005        0.335282
MDMin:  242 17:26:34    -2397.709812        0.319736
MDMin:  243 17:26:36    -2397.709649        0.304720
MDMin:  244 17:26:38    -2397.709520        0.290274
MDMin:  245 17:26:40    -2397.709430        0.276433
MDMin:  246 17:26:42    -2397.709384        0.263220
MDMin:  247 17:26:43    -2397.709385        0.263269
MDMin:  248 17:26:45    -2397.709437        0.264837
MDMin:  249 17:26:47    -2397.709544        0.265831
MDMin:  250 17:26:49    -2397.709707        0.266264
MDMin:  251 17:26:51    -2397.709931        0.266154
MDMin:  252 17:26:53    -2397.710215        0.265524
MDMin:  253 17:26:54    -2397.710560        0.264404
MDMin:  254 17:26:56    -2397.710967        0.262827
MDMin:  255 17:26:58    -2397.711433        0.260828
MDMin:  256 17:26:59    -2397.711957        0.258445
MDMin:  257 17:27:01    -2397.712536        0.255716
MDMin:  258 17:27:03    -2397.713029        0.430005
MDMin:  259 17:27:05    -2397.713041        0.412844
MDMin:  260 17:27:07    -2397.713052        0.395589
MDMin:  261 17:27:09    -2397.713065        0.378200
MDMin:  262 17:27:11    -2397.713078        0.360675
MDMin:  263 17:27:13    -2397.713091        0.343038
MDMin:  264 17:27:14    -2397.713105        0.325336
MDMin:  265 17:27:16    -2397.713119        0.307637
MDMin:  266 17:27:17    -2397.713134        0.290017
MDMin:  267 17:27:19    -2397.713150        0.272560
MDMin:  268 17:27:21    -2397.713165        0.255352
MDMin:  269 17:27:23    -2397.713181        0.238479
MDMin:  270 17:27:24    -2397.713197        0.225345
MDMin:  271 17:27:25    -2397.713214        0.228081
MDMin:  272 17:27:27    -2397.713230        0.231045
MDMin:  273 17:27:28    -2397.713247        0.234249
MDMin:  274 17:27:29    -2397.713264        0.237709
MDMin:  275 17:27:31    -2397.713281        0.241441
MDMin:  276 17:27:33    -2397.713298        0.245463
MDMin:  277 17:27:35    -2397.713315        0.249795
MDMin:  278 17:27:37    -2397.713331        0.254460
MDMin:  279 17:27:39    -2397.713348        0.259483
MDMin:  280 17:27:41    -2397.713364        0.264894
MDMin:  281 17:27:43    -2397.713381        0.270725
MDMin:  282 17:27:45    -2397.713397        0.277014
MDMin:  283 17:27:47    -2397.713412        0.283800
MDMin:  284 17:27:49    -2397.713428        0.291125
MDMin:  285 17:27:51    -2397.713443        0.299030
MDMin:  286 17:27:52    -2397.713458        0.307560
MDMin:  287 17:27:53    -2397.713473        0.316758
MDMin:  288 17:27:55    -2397.713487        0.326667
MDMin:  289 17:27:57    -2397.713501        0.337321
MDMin:  290 17:27:59    -2397.713515        0.348746
MDMin:  291 17:28:01    -2397.713528        0.360953
MDMin:  292 17:28:04    -2397.713541        0.373929
MDMin:  293 17:28:06    -2397.713553        0.387634
MDMin:  294 17:28:08    -2397.713565        0.401985
MDMin:  295 17:28:09    -2397.713577        0.416872
MDMin:  296 17:28:11    -2397.713589        0.432126
MDMin:  297 17:28:13    -2397.713600        0.447484
MDMin:  298 17:28:15    -2397.713611        0.462828
MDMin:  299 17:28:17    -2397.713621        0.488539
MDMin:  300 17:28:19    -2397.713631        0.516053
MDMin:  301 17:28:21    -2397.713641        0.545309
MDMin:  302 17:28:23    -2397.713650        0.576167
MDMin:  303 17:28:24    -2397.713660        0.608379
MDMin:  304 17:28:26    -2397.713669        0.641542
MDMin:  305 17:28:27    -2397.713677        0.675053
MDMin:  306 17:28:29    -2397.713686        0.708053
MDMin:  307 17:28:31    -2397.713694        0.739378
MDMin:  308 17:28:33    -2397.713702        0.767531
MDMin:  309 17:28:34    -2397.713710        0.790701
MDMin:  310 17:28:36    -2397.713718        0.806846
MDMin:  311 17:28:38    -2397.713726        0.813862
MDMin:  312 17:28:40    -2397.713734        0.809833
MDMin:  313 17:28:42    -2397.713742        0.793335
MDMin:  314 17:28:43    -2397.713750        0.763720
MDMin:  315 17:28:45    -2397.713759        0.721340
MDMin:  316 17:28:46    -2397.713767        0.667606
MDMin:  317 17:28:48    -2397.713776        0.604890
MDMin:  318 17:28:50    -2397.713786        0.536268
MDMin:  319 17:28:51    -2397.713795        0.465163
MDMin:  320 17:28:53    -2397.713806        0.394966
MDMin:  321 17:28:55    -2397.713817        0.329789
MDMin:  322 17:28:57    -2397.713829        0.292772
MDMin:  323 17:28:59    -2397.713841        0.260620
MDMin:  324 17:29:02    -2397.713854        0.250272
MDMin:  325 17:29:04    -2397.713867        0.238949
MDMin:  326 17:29:05    -2397.713881        0.226918
MDMin:  327 17:29:07    -2397.713895        0.214492
MDMin:  328 17:29:09    -2397.713909        0.201987
MDMin:  329 17:29:10    -2397.713923        0.189682
MDMin:  330 17:29:12    -2397.713937        0.183388
MDMin:  331 17:29:14    -2397.713951        0.179288
MDMin:  332 17:29:16    -2397.713964        0.174621
MDMin:  333 17:29:18    -2397.713978        0.169535
MDMin:  334 17:29:20    -2397.713991        0.164158
MDMin:  335 17:29:21    -2397.714005        0.158631
MDMin:  336 17:29:23    -2397.714018        0.153013
MDMin:  337 17:29:24    -2397.714031        0.147532
MDMin:  338 17:29:26    -2397.714043        0.141847
MDMin:  339 17:29:27    -2397.714055        0.216926
MDMin:  340 17:29:28    -2397.714060        0.262121
MDMin:  341 17:29:30    -2397.714060        0.253448
MDMin:  342 17:29:31    -2397.714061        0.240827
MDMin:  343 17:29:32    -2397.714061        0.224964
MDMin:  344 17:29:34    -2397.714061        0.206879
MDMin:  345 17:29:35    -2397.714062        0.187910
MDMin:  346 17:29:37    -2397.714062        0.169621
MDMin:  347 17:29:39    -2397.714063        0.153517
MDMin:  348 17:29:41    -2397.714063        0.140621
MDMin:  349 17:29:42    -2397.714064        0.132829
MDMin:  350 17:29:44    -2397.714065        0.132531
MDMin:  351 17:29:45    -2397.714066        0.132194
MDMin:  352 17:29:47    -2397.714067        0.131821
MDMin:  353 17:29:49    -2397.714068        0.131417
MDMin:  354 17:29:51    -2397.714069        0.130985
MDMin:  355 17:29:52    -2397.714070        0.130528
MDMin:  356 17:29:54    -2397.714071        0.130049
MDMin:  357 17:29:56    -2397.714072        0.129548
MDMin:  358 17:29:58    -2397.714074        0.129028
MDMin:  359 17:29:59    -2397.714075        0.128490
MDMin:  360 17:30:01    -2397.714076        0.127934
MDMin:  361 17:30:03    -2397.714078        0.127361
MDMin:  362 17:30:04    -2397.714079        0.126774
MDMin:  363 17:30:06    -2397.714081        0.126171
MDMin:  364 17:30:08    -2397.714082        0.125556
MDMin:  365 17:30:10    -2397.714084        0.124927
MDMin:  366 17:30:12    -2397.714086        0.124288
MDMin:  367 17:30:15    -2397.714087        0.123638
MDMin:  368 17:30:17    -2397.714089        0.122979
MDMin:  369 17:30:18    -2397.714091        0.122313
MDMin:  370 17:30:20    -2397.714093        0.121640
MDMin:  371 17:30:22    -2397.714095        0.120962
MDMin:  372 17:30:24    -2397.714096        0.120281
MDMin:  373 17:30:26    -2397.714098        0.119598
MDMin:  374 17:30:28    -2397.714100        0.118914
MDMin:  375 17:30:30    -2397.714102        0.118232
MDMin:  376 17:30:32    -2397.714105        0.117553
MDMin:  377 17:30:34    -2397.714107        0.116879
MDMin:  378 17:30:36    -2397.714109        0.116213
MDMin:  379 17:30:38    -2397.714111        0.115556
MDMin:  380 17:30:40    -2397.714113        0.114911
MDMin:  381 17:30:42    -2397.714115        0.114280
MDMin:  382 17:30:44    -2397.714118        0.113666
MDMin:  383 17:30:46    -2397.714120        0.113071
MDMin:  384 17:30:48    -2397.714122        0.112499
MDMin:  385 17:30:50    -2397.714125        0.111953
MDMin:  386 17:30:52    -2397.714127        0.111436
MDMin:  387 17:30:54    -2397.714129        0.110952
MDMin:  388 17:30:56    -2397.714132        0.110504
MDMin:  389 17:30:58    -2397.714134        0.110096
MDMin:  390 17:31:00    -2397.714137        0.109734
MDMin:  391 17:31:03    -2397.714139        0.109421
MDMin:  392 17:31:05    -2397.714141        0.109162
MDMin:  393 17:31:07    -2397.714144        0.108962
MDMin:  394 17:31:09    -2397.714146        0.108828
MDMin:  395 17:31:11    -2397.714149        0.108764
MDMin:  396 17:31:13    -2397.714151        0.108778
MDMin:  397 17:31:15    -2397.714154        0.108874
MDMin:  398 17:31:16    -2397.714156        0.109062
MDMin:  399 17:31:18    -2397.714158        0.109347
MDMin:  400 17:31:20    -2397.714161        0.109737
MDMin:  401 17:31:22    -2397.714163        0.110240
MDMin:  402 17:31:24    -2397.714166        0.110865
MDMin:  403 17:31:26    -2397.714168        0.111621
MDMin:  404 17:31:28    -2397.714170        0.112515
MDMin:  405 17:31:30    -2397.714173        0.113558
MDMin:  406 17:31:32    -2397.714175        0.114758
MDMin:  407 17:31:33    -2397.714177        0.116126
MDMin:  408 17:31:35    -2397.714180        0.117670
MDMin:  409 17:31:37    -2397.714182        0.119402
MDMin:  410 17:31:39    -2397.714184        0.121329
MDMin:  411 17:31:40    -2397.714186        0.123460
MDMin:  412 17:31:42    -2397.714188        0.125806
MDMin:  413 17:31:44    -2397.714191        0.128372
MDMin:  414 17:31:45    -2397.714193        0.131165
MDMin:  415 17:31:47    -2397.714195        0.134192
MDMin:  416 17:31:49    -2397.714197        0.137455
MDMin:  417 17:31:51    -2397.714199        0.140956
MDMin:  418 17:31:53    -2397.714200        0.144695
MDMin:  419 17:31:55    -2397.714202        0.148668
MDMin:  420 17:31:57    -2397.714204        0.152868
MDMin:  421 17:31:58    -2397.714206        0.157286
MDMin:  422 17:31:59    -2397.714208        0.161906
MDMin:  423 17:32:01    -2397.714209        0.166709
MDMin:  424 17:32:03    -2397.714211        0.171672
MDMin:  425 17:32:05    -2397.714212        0.176763
MDMin:  426 17:32:06    -2397.714214        0.181947
MDMin:  427 17:32:08    -2397.714215        0.187173
MDMin:  428 17:32:10    -2397.714217        0.192394
MDMin:  429 17:32:12    -2397.714218        0.197561
MDMin:  430 17:32:14    -2397.714220        0.202619
MDMin:  431 17:32:15    -2397.714221        0.207504
MDMin:  432 17:32:17    -2397.714222        0.212147
MDMin:  433 17:32:19    -2397.714224        0.216477
MDMin:  434 17:32:21    -2397.714225        0.220420
MDMin:  435 17:32:23    -2397.714226        0.223902
MDMin:  436 17:32:25    -2397.714227        0.226848
MDMin:  437 17:32:27    -2397.714228        0.229186
MDMin:  438 17:32:29    -2397.714229        0.230847
MDMin:  439 17:32:31    -2397.714231        0.231770
MDMin:  440 17:32:33    -2397.714232        0.231902
MDMin:  441 17:32:35    -2397.714233        0.231199
MDMin:  442 17:32:37    -2397.714234        0.229631
MDMin:  443 17:32:39    -2397.714235        0.227182
MDMin:  444 17:32:41    -2397.714236        0.223854
MDMin:  445 17:32:43    -2397.714237        0.219664
MDMin:  446 17:32:45    -2397.714238        0.214652
MDMin:  447 17:32:47    -2397.714239        0.208872
MDMin:  448 17:32:49    -2397.714240        0.202400
MDMin:  449 17:32:50    -2397.714241        0.195326
MDMin:  450 17:32:52    -2397.714242        0.187755
MDMin:  451 17:32:54    -2397.714243        0.179804
MDMin:  452 17:32:56    -2397.714244        0.171597
MDMin:  453 17:32:58    -2397.714245        0.163267
MDMin:  454 17:33:00    -2397.714246        0.154974
MDMin:  455 17:33:02    -2397.714246        0.157410
MDMin:  456 17:33:04    -2397.714247        0.163065
MDMin:  457 17:33:06    -2397.714248        0.167342
MDMin:  458 17:33:07    -2397.714248        0.170214
MDMin:  459 17:33:09    -2397.714248        0.173057
MDMin:  460 17:33:11    -2397.714249        0.176056
MDMin:  461 17:33:13    -2397.714249        0.179230
MDMin:  462 17:33:15    -2397.714249        0.182585
MDMin:  463 17:33:17    -2397.714250        0.186129
MDMin:  464 17:33:19    -2397.714250        0.189866
MDMin:  465 17:33:21    -2397.714250        0.193802
MDMin:  466 17:33:23    -2397.714251        0.197939
MDMin:  467 17:33:25    -2397.714251        0.202279
MDMin:  468 17:33:27    -2397.714251        0.206819
MDMin:  469 17:33:28    -2397.714252        0.211555
MDMin:  470 17:33:30    -2397.714252        0.216479
MDMin:  471 17:33:32    -2397.714252        0.221575
MDMin:  472 17:33:34    -2397.714253        0.226825
MDMin:  473 17:33:35    -2397.714253        0.232203
MDMin:  474 17:33:37    -2397.713921        0.937913
MDMin:  475 17:33:38    -2397.713892        0.936140
MDMin:  476 17:33:40    -2397.713842        0.933090
MDMin:  477 17:33:41    -2397.713771        0.928756
MDMin:  478 17:33:43    -2397.713679        0.923132
MDMin:  479 17:33:45    -2397.713565        0.916207
MDMin:  480 17:33:47    -2397.713430        0.907975
MDMin:  481 17:33:49    -2397.713274        0.898429
MDMin:  482 17:33:50    -2397.713095        0.887566
MDMin:  483 17:33:52    -2397.712894        0.875389
MDMin:  484 17:33:54    -2397.712670        0.861909
MDMin:  485 17:33:56    -2397.712424        0.847145
MDMin:  486 17:33:58    -2397.712155        0.831125
MDMin:  487 17:34:00    -2397.711862        0.813889
MDMin:  488 17:34:02    -2397.711545        0.795488
MDMin:  489 17:34:04    -2397.711204        0.775986
MDMin:  490 17:34:07    -2397.710839        0.755457
MDMin:  491 17:34:09    -2397.710450        0.733989
MDMin:  492 17:34:11    -2397.710036        0.711679
MDMin:  493 17:34:12    -2397.709598        0.688635
MDMin:  494 17:34:14    -2397.709135        0.664972
MDMin:  495 17:34:15    -2397.708649        0.640814
MDMin:  496 17:34:17    -2397.708139        0.616289
MDMin:  497 17:34:18    -2397.707607        0.591532
MDMin:  498 17:34:20    -2397.707053        0.566677
MDMin:  499 17:34:21    -2397.706479        0.541858
MDMin:  500 17:34:23    -2397.705887        0.517209
MDMin:  501 17:34:24    -2397.705279        0.492857
MDMin:  502 17:34:26    -2397.704658        0.468922
MDMin:  503 17:34:28    -2397.704027        0.445518
MDMin:  504 17:34:30    -2397.703389        0.422745
MDMin:  505 17:34:32    -2397.702748        0.400691
MDMin:  506 17:34:33    -2397.702110        0.379430
MDMin:  507 17:34:35    -2397.701480        0.359023
MDMin:  508 17:34:37    -2397.700862        0.339514
MDMin:  509 17:34:39    -2397.700263        0.320936
MDMin:  510 17:34:41    -2397.699689        0.303303
MDMin:  511 17:34:42    -2397.699147        0.286623
MDMin:  512 17:34:44    -2397.698644        0.281168
MDMin:  513 17:34:46    -2397.698187        0.276991
MDMin:  514 17:34:48    -2397.697784        0.271785
MDMin:  515 17:34:49    -2397.697443        0.265548
MDMin:  516 17:34:51    -2397.697172        0.258294
MDMin:  517 17:34:52    -2397.696978        0.250067
MDMin:  518 17:34:54    -2397.696870        0.240939
MDMin:  519 17:34:55    -2397.696855        0.242768
MDMin:  520 17:34:56    -2397.696940        0.248073
MDMin:  521 17:34:58    -2397.697134        0.252536
MDMin:  522 17:34:59    -2397.697442        0.256081
MDMin:  523 17:35:01    -2397.697871        0.258651
MDMin:  524 17:35:03    -2397.698424        0.260210
MDMin:  525 17:35:05    -2397.699105        0.260744
MDMin:  526 17:35:07    -2397.699916        0.260259
MDMin:  527 17:35:08    -2397.700857        0.258783
MDMin:  528 17:35:11    -2397.701925        0.256358
MDMin:  529 17:35:13    -2397.703116        0.253042
MDMin:  530 17:35:15    -2397.704423        0.248903
MDMin:  531 17:35:16    -2397.705836        0.244018
MDMin:  532 17:35:17    -2397.707344        0.238467
MDMin:  533 17:35:19    -2397.708933        0.232334
MDMin:  534 17:35:20    -2397.710585        0.225701
MDMin:  535 17:35:21    -2397.712283        0.218651
MDMin:  536 17:35:23    -2397.714009        0.211261
MDMin:  537 17:35:24    -2397.715743        0.203604
MDMin:  538 17:35:25    -2397.716733        0.602384
MDMin:  539 17:35:27    -2397.716713        0.583388
MDMin:  540 17:35:28    -2397.716692        0.563729
MDMin:  541 17:35:29    -2397.716668        0.543398
MDMin:  542 17:35:30    -2397.716643        0.522395
MDMin:  543 17:35:32    -2397.716617        0.500732
MDMin:  544 17:35:33    -2397.716588        0.478438
MDMin:  545 17:35:34    -2397.716557        0.455554
MDMin:  546 17:35:35    -2397.716525        0.432137
MDMin:  547 17:35:36    -2397.716490        0.408258
MDMin:  548 17:35:39    -2397.716453        0.383999
MDMin:  549 17:35:40    -2397.716414        0.359456
MDMin:  550 17:35:42    -2397.716373        0.334735
MDMin:  551 17:35:43    -2397.716330        0.309952
MDMin:  552 17:35:45    -2397.716285        0.285229
MDMin:  553 17:35:46    -2397.716238        0.260697
MDMin:  554 17:35:47    -2397.716188        0.236491
MDMin:  555 17:35:48    -2397.716137        0.212755
MDMin:  556 17:35:50    -2397.716084        0.189636
MDMin:  557 17:35:52    -2397.716030        0.167628
MDMin:  558 17:35:54    -2397.715974        0.170957
MDMin:  559 17:35:55    -2397.715918        0.174722
MDMin:  560 17:35:56    -2397.715861        0.178877
MDMin:  561 17:35:58    -2397.715803        0.183364
MDMin:  562 17:35:59    -2397.715746        0.188107
MDMin:  563 17:36:01    -2397.715690        0.193021
MDMin:  564 17:36:02    -2397.715634        0.198011
MDMin:  565 17:36:03    -2397.715579        0.202978
MDMin:  566 17:36:04    -2397.715526        0.207824
MDMin:  567 17:36:06    -2397.715474        0.212459
MDMin:  568 17:36:07    -2397.715424        0.216797
MDMin:  569 17:36:08    -2397.715375        0.220756
MDMin:  570 17:36:09    -2397.715328        0.224266
MDMin:  571 17:36:11    -2397.715282        0.227265
MDMin:  572 17:36:13    -2397.715237        0.229699
MDMin:  573 17:36:15    -2397.715195        0.231527
MDMin:  574 17:36:16    -2397.715153        0.232717
MDMin:  575 17:36:18    -2397.715113        0.233245
MDMin:  576 17:36:20    -2397.715075        0.233098
MDMin:  577 17:36:22    -2397.715037        0.232275
MDMin:  578 17:36:24    -2397.715001        0.230782
MDMin:  579 17:36:26    -2397.714965        0.228637
MDMin:  580 17:36:28    -2397.714931        0.225864
MDMin:  581 17:36:29    -2397.714898        0.222499
MDMin:  582 17:36:31    -2397.714866        0.218583
MDMin:  583 17:36:33    -2397.714835        0.214167
MDMin:  584 17:36:35    -2397.714804        0.209304
MDMin:  585 17:36:37    -2397.714775        0.204054
MDMin:  586 17:36:39    -2397.714746        0.198479
MDMin:  587 17:36:41    -2397.714718        0.192642
MDMin:  588 17:36:42    -2397.714691        0.186607
MDMin:  589 17:36:43    -2397.714665        0.180434
MDMin:  590 17:36:45    -2397.714640        0.174181
MDMin:  591 17:36:46    -2397.714615        0.167902
MDMin:  592 17:36:48    -2397.714592        0.161646
MDMin:  593 17:36:49    -2397.714569        0.155454
MDMin:  594 17:36:50    -2397.714546        0.149363
MDMin:  595 17:36:52    -2397.714525        0.143402
MDMin:  596 17:36:53    -2397.714505        0.137594
MDMin:  597 17:36:56    -2397.714485        0.131956
MDMin:  598 17:36:57    -2397.714466        0.126499
MDMin:  599 17:36:59    -2397.714448        0.121229
MDMin:  600 17:37:01    -2397.714431        0.116149
MDMin:  601 17:37:02    -2397.714414        0.111258
MDMin:  602 17:37:04    -2397.714399        0.106552
MDMin:  603 17:37:06    -2397.714384        0.102049
MDMin:  604 17:37:09    -2397.714371        0.098377
MDMin:  605 17:37:11    -2397.714361        0.153589
MDMin:  606 17:37:13    -2397.714358        0.095294
MDMin:  607 17:37:14    -2397.714355        0.094523
MDMin:  608 17:37:16    -2397.714352        0.093731
MDMin:  609 17:37:18    -2397.714349        0.092927
MDMin:  610 17:37:20    -2397.714345        0.092113
MDMin:  611 17:37:22    -2397.714342        0.091287
MDMin:  612 17:37:24    -2397.714339        0.090452
MDMin:  613 17:37:26    -2397.714336        0.089608
MDMin:  614 17:37:28    -2397.714332        0.088754
MDMin:  615 17:37:30    -2397.714329        0.087893
MDMin:  616 17:37:32    -2397.714326        0.087024
MDMin:  617 17:37:34    -2397.714323        0.086148
MDMin:  618 17:37:36    -2397.714320        0.085266
MDMin:  619 17:37:38    -2397.714316        0.084377
MDMin:  620 17:37:40    -2397.714313        0.083484
MDMin:  621 17:37:42    -2397.714310        0.082586
MDMin:  622 17:37:44    -2397.714307        0.081684
MDMin:  623 17:37:45    -2397.714304        0.080779
MDMin:  624 17:37:47    -2397.714301        0.079872
MDMin:  625 17:37:50    -2397.714299        0.078962
MDMin:  626 17:37:51    -2397.714296        0.078052
MDMin:  627 17:37:53    -2397.714293        0.077141
MDMin:  628 17:37:54    -2397.714290        0.076231
MDMin:  629 17:37:56    -2397.714288        0.075322
MDMin:  630 17:37:58    -2397.714285        0.074416
MDMin:  631 17:37:59    -2397.714283        0.073514
MDMin:  632 17:38:00    -2397.714280        0.072616
MDMin:  633 17:38:02    -2397.714278        0.071724
MDMin:  634 17:38:04    -2397.714276        0.070839
MDMin:  635 17:38:06    -2397.714274        0.069964
MDMin:  636 17:38:08    -2397.714272        0.069099
MDMin:  637 17:38:09    -2397.714270        0.068247
MDMin:  638 17:38:11    -2397.714268        0.067409
MDMin:  639 17:38:12    -2397.714267        0.066589
MDMin:  640 17:38:15    -2397.714265        0.065789
MDMin:  641 17:38:16    -2397.714264        0.065011
MDMin:  642 17:38:18    -2397.714262        0.064258
MDMin:  643 17:38:20    -2397.714261        0.063535
MDMin:  644 17:38:22    -2397.714260        0.062844
MDMin:  645 17:38:24    -2397.714259        0.062190
MDMin:  646 17:38:26    -2397.714258        0.061577
MDMin:  647 17:38:27    -2397.714257        0.061010
MDMin:  648 17:38:29    -2397.714256        0.060495
MDMin:  649 17:38:30    -2397.714256        0.060037
MDMin:  650 17:38:32    -2397.714255        0.059643
MDMin:  651 17:38:34    -2397.714255        0.059321
MDMin:  652 17:38:36    -2397.714254        0.059077
MDMin:  653 17:38:38    -2397.714254        0.058922
MDMin:  654 17:38:39    -2397.714254        0.058860
MDMin:  655 17:38:42    -2397.714254        0.058909
MDMin:  656 17:38:44    -2397.714254        0.059064
MDMin:  657 17:38:46    -2397.714254        0.059372
MDMin:  658 17:38:48    -2397.714255        0.059748
MDMin:  659 17:38:49    -2397.714255        0.060443
MDMin:  660 17:38:51    -2397.714255        0.102179
MDMin:  661 17:38:52    -2397.714255        0.061309
MDMin:  662 17:38:54    -2397.714256        0.061411
MDMin:  663 17:38:56    -2397.714256        0.061621
MDMin:  664 17:38:58    -2397.714256        0.061856
MDMin:  665 17:39:00    -2397.714256        0.062110
MDMin:  666 17:39:02    -2397.714256        0.062384
MDMin:  667 17:39:04    -2397.714256        0.062679
MDMin:  668 17:39:05    -2397.714256        0.062996
MDMin:  669 17:39:06    -2397.714257        0.063336
MDMin:  670 17:39:08    -2397.714257        0.063700
MDMin:  671 17:39:09    -2397.714257        0.064090
MDMin:  672 17:39:11    -2397.714257        0.064507
MDMin:  673 17:39:13    -2397.714257        0.064952
MDMin:  674 17:39:15    -2397.714258        0.065427
MDMin:  675 17:39:17    -2397.714258        0.065933
MDMin:  676 17:39:19    -2397.714258        0.066470
MDMin:  677 17:39:20    -2397.714258        0.067042
MDMin:  678 17:39:22    -2397.714258        0.067649
MDMin:  679 17:39:24    -2397.714259        0.068292
MDMin:  680 17:39:26    -2397.714259        0.068974
MDMin:  681 17:39:28    -2397.714259        0.069695
MDMin:  682 17:39:30    -2397.714259        0.070457
MDMin:  683 17:39:31    -2397.714260        0.071262
MDMin:  684 17:39:32    -2397.714260        0.072111
MDMin:  685 17:39:34    -2397.714260        0.073006
MDMin:  686 17:39:35    -2397.714261        0.073947
MDMin:  687 17:39:36    -2397.714261        0.074937
MDMin:  688 17:39:38    -2397.714261        0.075977
MDMin:  689 17:39:40    -2397.714261        0.077067
MDMin:  690 17:39:41    -2397.714262        0.078210
MDMin:  691 17:39:42    -2397.714262        0.079405
MDMin:  692 17:39:43    -2397.714262        0.080655
MDMin:  693 17:39:45    -2397.714263        0.081960
MDMin:  694 17:39:46    -2397.714263        0.083320
MDMin:  695 17:39:47    -2397.714263        0.084735
MDMin:  696 17:39:48    -2397.714264        0.086206
MDMin:  697 17:39:50    -2397.714264        0.087733
MDMin:  698 17:39:51    -2397.714264        0.089316
MDMin:  699 17:39:53    -2397.714265        0.090955
MDMin:  700 17:39:54    -2397.714265        0.092649
MDMin:  701 17:39:56    -2397.714265        0.094397
MDMin:  702 17:39:58    -2397.714266        0.096199
MDMin:  703 17:40:00    -2397.714266        0.098053
MDMin:  704 17:40:01    -2397.714266        0.099958
MDMin:  705 17:40:03    -2397.714267        0.101910
MDMin:  706 17:40:05    -2397.714267        0.103909
MDMin:  707 17:40:07    -2397.714267        0.105952
MDMin:  708 17:40:08    -2397.714268        0.108034
MDMin:  709 17:40:09    -2397.714268        0.110153
MDMin:  710 17:40:11    -2397.714268        0.112305
MDMin:  711 17:40:13    -2397.714268        0.114485
MDMin:  712 17:40:14    -2397.714269        0.116688
MDMin:  713 17:40:16    -2397.714269        0.118909
MDMin:  714 17:40:18    -2397.714269        0.121141
MDMin:  715 17:40:19    -2397.714270        0.123378
MDMin:  716 17:40:21    -2397.714270        0.125613
MDMin:  717 17:40:23    -2397.714270        0.127839
MDMin:  718 17:40:25    -2397.714270        0.130046
MDMin:  719 17:40:27    -2397.714271        0.132226
MDMin:  720 17:40:29    -2397.714271        0.134369
MDMin:  721 17:40:31    -2397.714271        0.136465
MDMin:  722 17:40:32    -2397.714272        0.138503
MDMin:  723 17:40:33    -2397.714272        0.140473
MDMin:  724 17:40:35    -2397.714272        0.142361
MDMin:  725 17:40:37    -2397.714272        0.144156
MDMin:  726 17:40:38    -2397.714273        0.145844
MDMin:  727 17:40:40    -2397.714273        0.147412
MDMin:  728 17:40:42    -2397.714273        0.148845
MDMin:  729 17:40:43    -2397.714273        0.150130
MDMin:  730 17:40:45    -2397.714274        0.151253
MDMin:  731 17:40:47    -2397.714274        0.152197
MDMin:  732 17:40:48    -2397.714274        0.152949
MDMin:  733 17:40:49    -2397.714274        0.153494
MDMin:  734 17:40:51    -2397.714275        0.153818
MDMin:  735 17:40:53    -2397.714275        0.153905
MDMin:  736 17:40:54    -2397.714275        0.153742
MDMin:  737 17:40:56    -2397.714275        0.153318
MDMin:  738 17:40:58    -2397.714276        0.152618
MDMin:  739 17:41:00    -2397.714276        0.151634
MDMin:  740 17:41:02    -2397.714276        0.150360
MDMin:  741 17:41:04    -2397.714276        0.148797
MDMin:  742 17:41:06    -2397.714276        0.146945
MDMin:  743 17:41:08    -2397.714277        0.144802
MDMin:  744 17:41:10    -2397.714277        0.142371
MDMin:  745 17:41:12    -2397.714277        0.139656
MDMin:  746 17:41:14    -2397.714277        0.136664
MDMin:  747 17:41:16    -2397.714278        0.133407
MDMin:  748 17:41:18    -2397.714278        0.129900
MDMin:  749 17:41:20    -2397.714278        0.126161
MDMin:  750 17:41:21    -2397.714278        0.122212
MDMin:  751 17:41:22    -2397.714278        0.118077
MDMin:  752 17:41:24    -2397.714279        0.113785
MDMin:  753 17:41:25    -2397.714279        0.109367
MDMin:  754 17:41:26    -2397.714279        0.104855
MDMin:  755 17:41:28    -2397.714279        0.100284
MDMin:  756 17:41:29    -2397.714280        0.095689
MDMin:  757 17:41:31    -2397.714280        0.091105
MDMin:  758 17:41:33    -2397.714280        0.086565
MDMin:  759 17:41:35    -2397.714280        0.082104
MDMin:  760 17:41:37    -2397.714280        0.077747
MDMin:  761 17:41:39    -2397.714281        0.073534
MDMin:  762 17:41:41    -2397.714281        0.069456
MDMin:  763 17:41:42    -2397.714281        0.065664
MDMin:  764 17:41:44    -2397.714281        0.095195
MDMin:  765 17:41:45    -2397.714281        0.086752
MDMin:  766 17:41:47    -2397.714281        0.061662
MDMin:  767 17:41:49    -2397.714281        0.059997
MDMin:  768 17:41:50    -2397.714281        0.059523
MDMin:  769 17:41:52    -2397.714281        0.059039
MDMin:  770 17:41:54    -2397.714281        0.058544
MDMin:  771 17:41:55    -2397.714281        0.058037
MDMin:  772 17:41:57    -2397.714282        0.057517
MDMin:  773 17:41:58    -2397.714282        0.056984
MDMin:  774 17:42:00    -2397.714282        0.056440
MDMin:  775 17:42:02    -2397.714282        0.055884
MDMin:  776 17:42:03    -2397.714282        0.055318
MDMin:  777 17:42:05    -2397.714282        0.054741
MDMin:  778 17:42:07    -2397.714282        0.054156
MDMin:  779 17:42:09    -2397.714282        0.053562
MDMin:  780 17:42:10    -2397.714282        0.052960
MDMin:  781 17:42:12    -2397.714282        0.052351
MDMin:  782 17:42:14    -2397.714282        0.051736
MDMin:  783 17:42:16    -2397.714282        0.051115
MDMin:  784 17:42:17    -2397.714282        0.050489
MDMin:  785 17:42:19    -2397.714282        0.049859
