       Step     Time          Energy          fmax
MDMin:    0 10:48:10    -2396.463323        0.148111
MDMin:    1 10:48:11    -2396.463321        0.148086
MDMin:    2 10:48:12    -2396.463315        0.148010
MDMin:    3 10:48:13    -2396.463306        0.147883
MDMin:    4 10:48:15    -2396.463294        0.147705
MDMin:    5 10:48:18    -2396.463277        0.147477
MDMin:    6 10:48:19    -2396.463258        0.147199
MDMin:    7 10:48:22    -2396.463235        0.146870
MDMin:    8 10:48:24    -2396.463208        0.146492
MDMin:    9 10:48:26    -2396.463179        0.146064
MDMin:   10 10:48:28    -2396.463146        0.145586
MDMin:   11 10:48:30    -2396.463111        0.145060
MDMin:   12 10:48:32    -2396.463072        0.144486
MDMin:   13 10:48:34    -2396.463031        0.143863
MDMin:   14 10:48:36    -2396.462988        0.143194
MDMin:   15 10:48:38    -2396.462942        0.142477
MDMin:   16 10:48:40    -2396.462894        0.141715
MDMin:   17 10:48:41    -2396.462843        0.140908
MDMin:   18 10:48:42    -2396.462792        0.140056
MDMin:   19 10:48:44    -2396.462738        0.139161
MDMin:   20 10:48:46    -2396.462683        0.138223
MDMin:   21 10:48:47    -2396.462627        0.137245
MDMin:   22 10:48:49    -2396.462570        0.136226
MDMin:   23 10:48:51    -2396.462513        0.135168
MDMin:   24 10:48:53    -2396.462454        0.134073
MDMin:   25 10:48:55    -2396.462396        0.132942
MDMin:   26 10:48:57    -2396.462337        0.131777
MDMin:   27 10:48:59    -2396.462279        0.130579
MDMin:   28 10:49:01    -2396.462221        0.129351
MDMin:   29 10:49:02    -2396.462163        0.128093
MDMin:   30 10:49:03    -2396.462106        0.126809
MDMin:   31 10:49:05    -2396.462050        0.125500
MDMin:   32 10:49:06    -2396.461994        0.124169
MDMin:   33 10:49:08    -2396.461940        0.122818
MDMin:   34 10:49:10    -2396.461888        0.121450
MDMin:   35 10:49:12    -2396.461837        0.120067
MDMin:   36 10:49:14    -2396.461787        0.118672
MDMin:   37 10:49:16    -2396.461739        0.117268
MDMin:   38 10:49:18    -2396.461694        0.115857
MDMin:   39 10:49:20    -2396.461649        0.114444
MDMin:   40 10:49:21    -2396.461607        0.113031
MDMin:   41 10:49:23    -2396.461567        0.111622
MDMin:   42 10:49:24    -2396.461529        0.110219
MDMin:   43 10:49:26    -2396.461493        0.108826
MDMin:   44 10:49:27    -2396.461459        0.107447
MDMin:   45 10:49:29    -2396.461428        0.106085
MDMin:   46 10:49:30    -2396.461398        0.104743
MDMin:   47 10:49:31    -2396.461370        0.103426
MDMin:   48 10:49:33    -2396.461344        0.102135
MDMin:   49 10:49:34    -2396.461321        0.100875
MDMin:   50 10:49:35    -2396.461299        0.099648
MDMin:   51 10:49:37    -2396.461279        0.098588
MDMin:   52 10:49:38    -2396.461260        0.098306
MDMin:   53 10:49:40    -2396.461244        0.098049
MDMin:   54 10:49:41    -2396.461228        0.097816
MDMin:   55 10:49:43    -2396.461215        0.097610
MDMin:   56 10:49:45    -2396.461202        0.097429
MDMin:   57 10:49:46    -2396.461191        0.097273
MDMin:   58 10:49:48    -2396.461181        0.097143
MDMin:   59 10:49:50    -2396.461173        0.097032
MDMin:   60 10:49:52    -2396.461165        0.096939
MDMin:   61 10:49:54    -2396.461158        0.096861
MDMin:   62 10:49:56    -2396.461152        0.096794
MDMin:   63 10:49:57    -2396.461147        0.096738
MDMin:   64 10:49:59    -2396.461143        0.096687
MDMin:   65 10:50:00    -2396.461139        0.096639
MDMin:   66 10:50:02    -2396.461135        0.096589
MDMin:   67 10:50:03    -2396.461133        0.096535
MDMin:   68 10:50:04    -2396.461130        0.096470
MDMin:   69 10:50:06    -2396.461128        0.096391
MDMin:   70 10:50:07    -2396.461127        0.096291
MDMin:   71 10:50:09    -2396.461125        0.096167
MDMin:   72 10:50:11    -2396.461124        0.096013
MDMin:   73 10:50:12    -2396.461123        0.095822
MDMin:   74 10:50:13    -2396.461123        0.095588
MDMin:   75 10:50:15    -2396.461122        0.095307
MDMin:   76 10:50:16    -2396.461122        0.094971
MDMin:   77 10:50:18    -2396.461122        0.094576
MDMin:   78 10:50:20    -2396.461122        0.094113
MDMin:   79 10:50:21    -2396.461122        0.093579
MDMin:   80 10:50:23    -2396.461122        0.092966
MDMin:   81 10:50:26    -2396.461122        0.092269
MDMin:   82 10:50:27    -2396.461122        0.091483
MDMin:   83 10:50:28    -2396.461122        0.090603
MDMin:   84 10:50:29    -2396.461122        0.089625
MDMin:   85 10:50:31    -2396.461123        0.088544
MDMin:   86 10:50:33    -2396.461123        0.087358
MDMin:   87 10:50:35    -2396.461123        0.086065
MDMin:   88 10:50:37    -2396.461124        0.084663
MDMin:   89 10:50:39    -2396.461124        0.083151
MDMin:   90 10:50:41    -2396.461125        0.081531
MDMin:   91 10:50:42    -2396.461125        0.079804
MDMin:   92 10:50:44    -2396.461126        0.078233
MDMin:   93 10:50:46    -2396.461126        0.077694
MDMin:   94 10:50:48    -2396.461127        0.077120
MDMin:   95 10:50:49    -2396.461127        0.076513
MDMin:   96 10:50:51    -2396.461127        0.075875
MDMin:   97 10:50:52    -2396.461128        0.075429
MDMin:   98 10:50:53    -2396.461129        0.075726
MDMin:   99 10:50:55    -2396.461129        0.076023
MDMin:  100 10:50:56    -2396.461130        0.076323
MDMin:  101 10:50:57    -2396.461130        0.076627
MDMin:  102 10:50:58    -2396.461131        0.076936
MDMin:  103 10:51:00    -2396.461131        0.077251
MDMin:  104 10:51:01    -2396.461132        0.077576
MDMin:  105 10:51:02    -2396.461132        0.077905
MDMin:  106 10:51:04    -2396.461133        0.078252
MDMin:  107 10:51:06    -2396.461133        0.078592
MDMin:  108 10:51:08    -2396.461134        0.078978
MDMin:  109 10:51:10    -2396.461135        0.079286
MDMin:  110 10:51:12    -2396.461135        0.079735
MDMin:  111 10:51:13    -2396.461136        0.079742
MDMin:  112 10:51:15    -2396.461136        0.080276
MDMin:  113 10:51:16    -2396.461136        0.080384
MDMin:  114 10:51:18    -2396.461136        0.080533
MDMin:  115 10:51:20    -2396.461137        0.080660
MDMin:  116 10:51:22    -2396.461137        0.080794
MDMin:  117 10:51:23    -2396.461137        0.080933
MDMin:  118 10:51:25    -2396.461137        0.081075
MDMin:  119 10:51:27    -2396.461137        0.081222
MDMin:  120 10:51:29    -2396.461138        0.081373
MDMin:  121 10:51:31    -2396.461138        0.081528
MDMin:  122 10:51:33    -2396.461138        0.081687
MDMin:  123 10:51:34    -2396.461138        0.081850
MDMin:  124 10:51:36    -2396.461139        0.082017
MDMin:  125 10:51:38    -2396.461139        0.082188
MDMin:  126 10:51:40    -2396.461139        0.082362
MDMin:  127 10:51:42    -2396.461139        0.082539
MDMin:  128 10:51:44    -2396.461140        0.082718
MDMin:  129 10:51:46    -2396.461140        0.082901
MDMin:  130 10:51:48    -2396.461140        0.083086
MDMin:  131 10:51:49    -2396.461140        0.083272
MDMin:  132 10:51:51    -2396.461141        0.083460
MDMin:  133 10:51:53    -2396.461141        0.083650
MDMin:  134 10:51:55    -2396.461141        0.083840
MDMin:  135 10:51:56    -2396.461141        0.084030
MDMin:  136 10:51:57    -2396.461142        0.084220
MDMin:  137 10:51:59    -2396.461142        0.084410
MDMin:  138 10:52:01    -2396.461142        0.084597
MDMin:  139 10:52:03    -2396.461142        0.084783
MDMin:  140 10:52:05    -2396.461143        0.084966
MDMin:  141 10:52:07    -2396.461143        0.085146
MDMin:  142 10:52:09    -2396.461143        0.085321
MDMin:  143 10:52:11    -2396.461144        0.085491
MDMin:  144 10:52:12    -2396.461144        0.085656
MDMin:  145 10:52:13    -2396.461144        0.085813
MDMin:  146 10:52:15    -2396.461145        0.085963
MDMin:  147 10:52:17    -2396.461145        0.086103
MDMin:  148 10:52:19    -2396.461145        0.086234
MDMin:  149 10:52:20    -2396.461145        0.086354
MDMin:  150 10:52:22    -2396.461146        0.086462
MDMin:  151 10:52:24    -2396.461146        0.086556
MDMin:  152 10:52:26    -2396.461146        0.086635
MDMin:  153 10:52:27    -2396.461147        0.086699
MDMin:  154 10:52:29    -2396.461147        0.086746
MDMin:  155 10:52:31    -2396.461147        0.086777
MDMin:  156 10:52:32    -2396.461148        0.086796
MDMin:  157 10:52:34    -2396.461148        0.086802
MDMin:  158 10:52:35    -2396.461148        0.086796
MDMin:  159 10:52:37    -2396.461149        0.086776
MDMin:  160 10:52:39    -2396.461149        0.086741
MDMin:  161 10:52:41    -2396.461149        0.086691
MDMin:  162 10:52:43    -2396.461150        0.086623
MDMin:  163 10:52:45    -2396.461150        0.086537
MDMin:  164 10:52:47    -2396.461150        0.086429
MDMin:  165 10:52:49    -2396.461151        0.086298
MDMin:  166 10:52:50    -2396.461151        0.086143
MDMin:  167 10:52:52    -2396.461151        0.085960
MDMin:  168 10:52:54    -2396.461152        0.085747
MDMin:  169 10:52:56    -2396.461152        0.085501
MDMin:  170 10:52:57    -2396.461152        0.085220
MDMin:  171 10:52:59    -2396.461153        0.084901
MDMin:  172 10:53:01    -2396.461153        0.084541
MDMin:  173 10:53:03    -2396.461154        0.084138
MDMin:  174 10:53:04    -2396.461154        0.083691
MDMin:  175 10:53:07    -2396.461154        0.083197
MDMin:  176 10:53:08    -2396.461155        0.082654
MDMin:  177 10:53:10    -2396.461155        0.082062
MDMin:  178 10:53:12    -2396.461155        0.081418
MDMin:  179 10:53:14    -2396.461156        0.080722
MDMin:  180 10:53:15    -2396.461156        0.079972
MDMin:  181 10:53:17    -2396.461157        0.079169
MDMin:  182 10:53:18    -2396.461157        0.078311
MDMin:  183 10:53:20    -2396.461157        0.077389
MDMin:  184 10:53:22    -2396.461158        0.076399
MDMin:  185 10:53:24    -2396.461158        0.075339
MDMin:  186 10:53:25    -2396.461159        0.074208
MDMin:  187 10:53:26    -2396.461159        0.073005
MDMin:  188 10:53:27    -2396.461160        0.071724
MDMin:  189 10:53:29    -2396.461160        0.070377
MDMin:  190 10:53:31    -2396.461161        0.068935
MDMin:  191 10:53:32    -2396.461161        0.067462
MDMin:  192 10:53:33    -2396.461162        0.065821
MDMin:  193 10:53:34    -2396.461162        0.064345
MDMin:  194 10:53:36    -2396.461162        0.062595
MDMin:  195 10:53:38    -2396.461163        0.062198
MDMin:  196 10:53:40    -2396.461163        0.061559
MDMin:  197 10:53:42    -2396.461163        0.060973
MDMin:  198 10:53:44    -2396.461163        0.060363
MDMin:  199 10:53:46    -2396.461163        0.059740
MDMin:  200 10:53:48    -2396.461164        0.059102
MDMin:  201 10:53:50    -2396.461164        0.058451
MDMin:  202 10:53:52    -2396.461164        0.057785
MDMin:  203 10:53:54    -2396.461164        0.057106
MDMin:  204 10:53:56    -2396.461164        0.056412
MDMin:  205 10:53:57    -2396.461164        0.055705
MDMin:  206 10:53:59    -2396.461165        0.054983
MDMin:  207 10:54:01    -2396.461165        0.054248
MDMin:  208 10:54:03    -2396.461165        0.053500
MDMin:  209 10:54:04    -2396.461165        0.052738
MDMin:  210 10:54:07    -2396.461165        0.051964
MDMin:  211 10:54:08    -2396.461166        0.051178
MDMin:  212 10:54:10    -2396.461166        0.050380
MDMin:  213 10:54:11    -2396.461166        0.049572
       Step     Time          Energy          fmax
MDMin:    0 12:51:20    -2396.463369        0.147719
MDMin:    1 12:51:22    -2396.463368        0.147694
MDMin:    2 12:51:24    -2396.463362        0.147618
MDMin:    3 12:51:25    -2396.463353        0.147492
MDMin:    4 12:51:27    -2396.463340        0.147315
MDMin:    5 12:51:29    -2396.463323        0.147088
MDMin:    6 12:51:31    -2396.463303        0.146810
MDMin:    7 12:51:33    -2396.463280        0.146483
MDMin:    8 12:51:35    -2396.463253        0.146106
MDMin:    9 12:51:37    -2396.463223        0.145680
MDMin:   10 12:51:39    -2396.463190        0.145204
MDMin:   11 12:51:40    -2396.463153        0.144680
MDMin:   12 12:51:42    -2396.463114        0.144108
MDMin:   13 12:51:44    -2396.463072        0.143488
MDMin:   14 12:51:46    -2396.463028        0.142820
MDMin:   15 12:51:48    -2396.462981        0.142106
MDMin:   16 12:51:50    -2396.462932        0.141347
MDMin:   17 12:51:52    -2396.462881        0.140542
MDMin:   18 12:51:54    -2396.462828        0.139693
MDMin:   19 12:51:56    -2396.462773        0.138801
MDMin:   20 12:51:58    -2396.462717        0.137866
MDMin:   21 12:52:00    -2396.462660        0.136890
MDMin:   22 12:52:02    -2396.462602        0.135874
MDMin:   23 12:52:04    -2396.462543        0.134819
MDMin:   24 12:52:06    -2396.462484        0.133727
MDMin:   25 12:52:08    -2396.462424        0.132600
MDMin:   26 12:52:11    -2396.462364        0.131437
MDMin:   27 12:52:13    -2396.462305        0.130243
MDMin:   28 12:52:14    -2396.462245        0.129017
MDMin:   29 12:52:16    -2396.462186        0.127763
MDMin:   30 12:52:17    -2396.462128        0.126482
MDMin:   31 12:52:18    -2396.462071        0.125176
MDMin:   32 12:52:19    -2396.462014        0.123848
MDMin:   33 12:52:20    -2396.461959        0.122500
MDMin:   34 12:52:21    -2396.461905        0.121135
MDMin:   35 12:52:23    -2396.461853        0.119755
MDMin:   36 12:52:24    -2396.461803        0.118364
MDMin:   37 12:52:26    -2396.461754        0.116963
MDMin:   38 12:52:28    -2396.461707        0.115556
MDMin:   39 12:52:30    -2396.461662        0.114146
MDMin:   40 12:52:31    -2396.461619        0.112736
MDMin:   41 12:52:32    -2396.461578        0.111330
MDMin:   42 12:52:33    -2396.461539        0.109930
MDMin:   43 12:52:34    -2396.461502        0.108541
MDMin:   44 12:52:36    -2396.461468        0.107165
MDMin:   45 12:52:37    -2396.461435        0.105805
MDMin:   46 12:52:38    -2396.461405        0.104467
MDMin:   47 12:52:39    -2396.461377        0.103152
MDMin:   48 12:52:41    -2396.461350        0.101864
MDMin:   49 12:52:43    -2396.461326        0.100606
MDMin:   50 12:52:45    -2396.461304        0.099382
MDMin:   51 12:52:47    -2396.461283        0.098480
MDMin:   52 12:52:49    -2396.461264        0.098200
MDMin:   53 12:52:51    -2396.461247        0.097945
MDMin:   54 12:52:53    -2396.461232        0.097716
MDMin:   55 12:52:55    -2396.461218        0.097512
MDMin:   56 12:52:57    -2396.461205        0.097334
MDMin:   57 12:52:59    -2396.461194        0.097181
MDMin:   58 12:53:00    -2396.461184        0.097055
MDMin:   59 12:53:01    -2396.461175        0.096950
MDMin:   60 12:53:03    -2396.461167        0.096864
MDMin:   61 12:53:04    -2396.461160        0.096792
MDMin:   62 12:53:05    -2396.461154        0.096733
MDMin:   63 12:53:07    -2396.461148        0.096684
MDMin:   64 12:53:09    -2396.461144        0.096641
MDMin:   65 12:53:11    -2396.461140        0.096602
MDMin:   66 12:53:13    -2396.461137        0.096562
MDMin:   67 12:53:14    -2396.461134        0.096517
MDMin:   68 12:53:15    -2396.461131        0.096463
MDMin:   69 12:53:17    -2396.461129        0.096394
MDMin:   70 12:53:18    -2396.461127        0.096306
MDMin:   71 12:53:20    -2396.461126        0.096194
MDMin:   72 12:53:22    -2396.461125        0.096051
MDMin:   73 12:53:24    -2396.461124        0.095872
MDMin:   74 12:53:26    -2396.461123        0.095651
MDMin:   75 12:53:28    -2396.461123        0.095382
MDMin:   76 12:53:30    -2396.461122        0.095058
MDMin:   77 12:53:32    -2396.461122        0.094674
MDMin:   78 12:53:34    -2396.461122        0.094223
MDMin:   79 12:53:36    -2396.461122        0.093700
MDMin:   80 12:53:37    -2396.461122        0.093097
MDMin:   81 12:53:39    -2396.461122        0.092410
MDMin:   82 12:53:41    -2396.461122        0.091632
MDMin:   83 12:53:43    -2396.461123        0.090760
MDMin:   84 12:53:45    -2396.461123        0.089788
MDMin:   85 12:53:46    -2396.461123        0.088712
MDMin:   86 12:53:48    -2396.461124        0.087530
MDMin:   87 12:53:50    -2396.461124        0.086238
MDMin:   88 12:53:51    -2396.461124        0.084835
MDMin:   89 12:53:54    -2396.461125        0.083321
MDMin:   90 12:53:56    -2396.461125        0.081696
MDMin:   91 12:53:58    -2396.461126        0.079963
MDMin:   92 12:54:00    -2396.461126        0.078124
MDMin:   93 12:54:02    -2396.461127        0.077552
MDMin:   94 12:54:03    -2396.461127        0.076977
MDMin:   95 12:54:05    -2396.461128        0.076369
MDMin:   96 12:54:07    -2396.461128        0.075728
MDMin:   97 12:54:09    -2396.461129        0.075058
MDMin:   98 12:54:11    -2396.461129        0.075215
MDMin:   99 12:54:12    -2396.461130        0.075506
MDMin:  100 12:54:14    -2396.461130        0.075800
MDMin:  101 12:54:16    -2396.461131        0.076097
MDMin:  102 12:54:18    -2396.461131        0.076401
MDMin:  103 12:54:20    -2396.461132        0.076710
MDMin:  104 12:54:22    -2396.461132        0.077031
MDMin:  105 12:54:23    -2396.461133        0.077355
MDMin:  106 12:54:25    -2396.461133        0.077701
MDMin:  107 12:54:26    -2396.461134        0.078034
MDMin:  108 12:54:27    -2396.461135        0.078426
MDMin:  109 12:54:28    -2396.461135        0.078706
MDMin:  110 12:54:30    -2396.461136        0.079152
MDMin:  111 12:54:31    -2396.461136        0.079115
MDMin:  112 12:54:32    -2396.461136        0.079639
MDMin:  113 12:54:33    -2396.461137        0.079731
MDMin:  114 12:54:35    -2396.461137        0.079872
MDMin:  115 12:54:36    -2396.461137        0.080005
MDMin:  116 12:54:37    -2396.461137        0.080144
MDMin:  117 12:54:39    -2396.461137        0.080287
MDMin:  118 12:54:41    -2396.461138        0.080435
MDMin:  119 12:54:43    -2396.461138        0.080587
MDMin:  120 12:54:45    -2396.461138        0.080744
MDMin:  121 12:54:47    -2396.461138        0.080906
MDMin:  122 12:54:49    -2396.461139        0.081071
MDMin:  123 12:54:51    -2396.461139        0.081242
MDMin:  124 12:54:53    -2396.461139        0.081416
MDMin:  125 12:54:55    -2396.461139        0.081595
MDMin:  126 12:54:57    -2396.461140        0.081778
MDMin:  127 12:54:59    -2396.461140        0.081964
MDMin:  128 12:55:01    -2396.461140        0.082154
MDMin:  129 12:55:03    -2396.461140        0.082347
MDMin:  130 12:55:05    -2396.461141        0.082543
MDMin:  131 12:55:07    -2396.461141        0.082741
MDMin:  132 12:55:08    -2396.461141        0.082941
MDMin:  133 12:55:10    -2396.461141        0.083144
MDMin:  134 12:55:11    -2396.461142        0.083347
MDMin:  135 12:55:12    -2396.461142        0.083551
MDMin:  136 12:55:14    -2396.461142        0.083756
MDMin:  137 12:55:16    -2396.461142        0.083961
MDMin:  138 12:55:18    -2396.461143        0.084164
MDMin:  139 12:55:20    -2396.461143        0.084366
MDMin:  140 12:55:22    -2396.461143        0.084566
MDMin:  141 12:55:24    -2396.461144        0.084763
MDMin:  142 12:55:26    -2396.461144        0.084957
MDMin:  143 12:55:27    -2396.461144        0.085145
MDMin:  144 12:55:28    -2396.461144        0.085329
MDMin:  145 12:55:30    -2396.461145        0.085506
MDMin:  146 12:55:31    -2396.461145        0.085676
MDMin:  147 12:55:32    -2396.461145        0.085838
MDMin:  148 12:55:34    -2396.461146        0.085990
MDMin:  149 12:55:36    -2396.461146        0.086131
MDMin:  150 12:55:37    -2396.461146        0.086261
MDMin:  151 12:55:39    -2396.461147        0.086378
MDMin:  152 12:55:41    -2396.461147        0.086481
MDMin:  153 12:55:43    -2396.461147        0.086569
MDMin:  154 12:55:45    -2396.461147        0.086639
MDMin:  155 12:55:47    -2396.461148        0.086692
MDMin:  156 12:55:49    -2396.461148        0.086729
MDMin:  157 12:55:51    -2396.461148        0.086753
MDMin:  158 12:55:53    -2396.461149        0.086764
MDMin:  159 12:55:55    -2396.461149        0.086760
MDMin:  160 12:55:57    -2396.461149        0.086743
MDMin:  161 12:55:59    -2396.461150        0.086710
MDMin:  162 12:56:01    -2396.461150        0.086661
MDMin:  163 12:56:03    -2396.461150        0.086593
MDMin:  164 12:56:05    -2396.461151        0.086504
MDMin:  165 12:56:07    -2396.461151        0.086393
MDMin:  166 12:56:09    -2396.461151        0.086258
MDMin:  167 12:56:11    -2396.461152        0.086097
MDMin:  168 12:56:13    -2396.461152        0.085906
MDMin:  169 12:56:15    -2396.461153        0.085683
MDMin:  170 12:56:17    -2396.461153        0.085425
MDMin:  171 12:56:19    -2396.461153        0.085129
MDMin:  172 12:56:21    -2396.461154        0.084794
MDMin:  173 12:56:23    -2396.461154        0.084416
MDMin:  174 12:56:25    -2396.461154        0.083992
MDMin:  175 12:56:27    -2396.461155        0.083522
MDMin:  176 12:56:29    -2396.461155        0.083004
MDMin:  177 12:56:31    -2396.461156        0.082434
MDMin:  178 12:56:33    -2396.461156        0.081813
MDMin:  179 12:56:35    -2396.461156        0.081138
MDMin:  180 12:56:37    -2396.461157        0.080409
MDMin:  181 12:56:39    -2396.461157        0.079625
MDMin:  182 12:56:41    -2396.461158        0.078787
MDMin:  183 12:56:43    -2396.461158        0.077887
MDMin:  184 12:56:45    -2396.461158        0.076919
MDMin:  185 12:56:46    -2396.461159        0.075879
MDMin:  186 12:56:47    -2396.461159        0.074770
MDMin:  187 12:56:49    -2396.461160        0.073582
MDMin:  188 12:56:50    -2396.461160        0.072328
MDMin:  189 12:56:51    -2396.461161        0.070979
MDMin:  190 12:56:53    -2396.461161        0.069594
MDMin:  191 12:56:54    -2396.461162        0.068048
MDMin:  192 12:56:56    -2396.461162        0.066633
MDMin:  193 12:56:58    -2396.461163        0.064912
MDMin:  194 12:57:00    -2396.461163        0.064372
MDMin:  195 12:57:02    -2396.461163        0.063736
MDMin:  196 12:57:03    -2396.461163        0.063162
MDMin:  197 12:57:04    -2396.461163        0.062556
MDMin:  198 12:57:05    -2396.461163        0.061937
MDMin:  199 12:57:07    -2396.461164        0.061303
MDMin:  200 12:57:08    -2396.461164        0.060654
MDMin:  201 12:57:10    -2396.461164        0.059990
MDMin:  202 12:57:12    -2396.461164        0.059312
MDMin:  203 12:57:14    -2396.461164        0.058618
MDMin:  204 12:57:16    -2396.461165        0.057909
MDMin:  205 12:57:18    -2396.461165        0.057185
MDMin:  206 12:57:20    -2396.461165        0.056446
MDMin:  207 12:57:22    -2396.461165        0.055692
MDMin:  208 12:57:24    -2396.461165        0.054923
MDMin:  209 12:57:25    -2396.461166        0.054141
MDMin:  210 12:57:27    -2396.461166        0.053344
MDMin:  211 12:57:29    -2396.461166        0.052534
MDMin:  212 12:57:32    -2396.461166        0.051711
MDMin:  213 12:57:33    -2396.461166        0.050876
MDMin:  214 12:57:35    -2396.461167        0.050029
MDMin:  215 12:57:37    -2396.461167        0.049172
