       Step     Time          Energy          fmax
MDMin:    0 10:26:06    -2393.768832        8.557483
MDMin:    1 10:26:08    -2393.772872        8.348238
MDMin:    2 10:26:10    -2393.784385        7.404624
MDMin:    3 10:26:11    -2393.801777        5.582021
MDMin:    4 10:26:12    -2393.822579        6.455840
MDMin:    5 10:26:14    -2393.843016        7.437458
MDMin:    6 10:26:16    -2393.861337        5.374537
MDMin:    7 10:26:18    -2393.879233        2.397137
MDMin:    8 10:26:20    -2393.895636        1.744606
MDMin:    9 10:26:22    -2393.909856        2.236606
MDMin:   10 10:26:24    -2393.922450        2.917053
MDMin:   11 10:26:26    -2393.933604        3.014089
MDMin:   12 10:26:28    -2393.943919        2.028505
MDMin:   13 10:26:30    -2393.955368        1.462632
MDMin:   14 10:26:32    -2393.966628        2.255557
MDMin:   15 10:26:33    -2393.970747        0.901674
MDMin:   16 10:26:34    -2393.975458        0.888816
MDMin:   17 10:26:35    -2393.981066        0.874103
MDMin:   18 10:26:37    -2393.987728        0.857737
MDMin:   19 10:26:39    -2393.995659        0.840653
MDMin:   20 10:26:41    -2394.005152        0.824343
MDMin:   21 10:26:43    -2394.016594        0.809732
MDMin:   22 10:26:45    -2394.030494        0.799649
MDMin:   23 10:26:46    -2394.047509        0.819699
MDMin:   24 10:26:48    -2394.068457        0.847635
MDMin:   25 10:26:49    -2394.094327        0.883307
MDMin:   26 10:26:50    -2394.113897        0.927331
MDMin:   27 10:26:51    -2394.132437        0.980397
MDMin:   28 10:26:53    -2394.151856        1.104693
MDMin:   29 10:26:54    -2394.171936        1.269346
MDMin:   30 10:26:55    -2394.192210        1.468245
MDMin:   31 10:26:57    -2394.211895        1.742271
MDMin:   32 10:26:58    -2394.230051        2.011235
MDMin:   33 10:26:59    -2394.246828        2.137965
MDMin:   34 10:27:00    -2394.263459        2.179502
MDMin:   35 10:27:01    -2394.281257        2.324457
MDMin:   36 10:27:03    -2394.301341        2.259190
MDMin:   37 10:27:04    -2394.324990        2.022861
MDMin:   38 10:27:06    -2394.353764        1.832756
MDMin:   39 10:27:08    -2394.389375        1.686535
MDMin:   40 10:27:10    -2394.431448        1.506721
MDMin:   41 10:27:11    -2394.471890        2.064288
MDMin:   42 10:27:12    -2394.497608        1.230695
MDMin:   43 10:27:13    -2394.523413        1.151304
MDMin:   44 10:27:14    -2394.556167        1.121616
MDMin:   45 10:27:16    -2394.598368        1.196743
MDMin:   46 10:27:17    -2394.653268        1.296284
MDMin:   47 10:27:18    -2394.725523        1.425729
MDMin:   48 10:27:19    -2394.821228        1.583767
MDMin:   49 10:27:21    -2394.946236        1.742303
MDMin:   50 10:27:22    -2395.100249        1.827151
MDMin:   51 10:27:23    -2395.268853        1.742630
MDMin:   52 10:27:25    -2395.422767        1.438752
MDMin:   53 10:27:27    -2395.503243        0.963814
MDMin:   54 10:27:29    -2395.526234        0.627828
MDMin:   55 10:27:31    -2395.547089        0.522228
MDMin:   56 10:27:33    -2395.566756        0.861847
MDMin:   57 10:27:35    -2395.580786        2.537831
MDMin:   58 10:27:37    -2395.581527        1.878611
MDMin:   59 10:27:38    -2395.583024        1.013742
MDMin:   60 10:27:40    -2395.585518        0.448899
MDMin:   61 10:27:42    -2395.588733        0.449726
MDMin:   62 10:27:43    -2395.592475        0.450980
MDMin:   63 10:27:44    -2395.596704        0.452751
MDMin:   64 10:27:46    -2395.601385        0.455110
MDMin:   65 10:27:48    -2395.606474        0.458091
MDMin:   66 10:27:50    -2395.611925        0.461670
MDMin:   67 10:27:52    -2395.617680        0.465748
MDMin:   68 10:27:53    -2395.623678        0.470143
MDMin:   69 10:27:55    -2395.629852        0.474587
MDMin:   70 10:27:56    -2395.636130        0.478737
MDMin:   71 10:27:57    -2395.642435        0.482146
MDMin:   72 10:27:58    -2395.648693        0.484153
MDMin:   73 10:28:00    -2395.654827        0.483586
MDMin:   74 10:28:01    -2395.660768        0.478310
MDMin:   75 10:28:02    -2395.666453        0.464978
MDMin:   76 10:28:03    -2395.671827        0.439749
MDMin:   77 10:28:05    -2395.676836        0.413684
MDMin:   78 10:28:06    -2395.681231        0.689640
MDMin:   79 10:28:08    -2395.683707        1.275451
MDMin:   80 10:28:10    -2395.683955        0.876175
MDMin:   81 10:28:12    -2395.684391        0.437961
MDMin:   82 10:28:13    -2395.685023        0.435114
MDMin:   83 10:28:15    -2395.685788        0.437417
MDMin:   84 10:28:17    -2395.686661        0.440176
MDMin:   85 10:28:18    -2395.687629        0.443409
MDMin:   86 10:28:20    -2395.688680        0.447127
MDMin:   87 10:28:22    -2395.689800        0.451327
MDMin:   88 10:28:24    -2395.690975        0.469781
MDMin:   89 10:28:26    -2395.692190        0.494249
MDMin:   90 10:28:28    -2395.693430        0.522008
MDMin:   91 10:28:30    -2395.694682        0.552337
MDMin:   92 10:28:32    -2395.695933        0.583581
MDMin:   93 10:28:34    -2395.697174        0.612772
MDMin:   94 10:28:36    -2395.698396        0.635459
MDMin:   95 10:28:38    -2395.699594        0.646052
MDMin:   96 10:28:40    -2395.700769        0.639131
MDMin:   97 10:28:41    -2395.701919        0.611663
MDMin:   98 10:28:43    -2395.703044        0.564944
MDMin:   99 10:28:44    -2395.704144        0.504716
MDMin:  100 10:28:46    -2395.705217        0.441752
MDMin:  101 10:28:47    -2395.706264        0.457729
MDMin:  102 10:28:49    -2395.707278        0.472463
MDMin:  103 10:28:50    -2395.708215        0.693435
MDMin:  104 10:28:52    -2395.708714        0.870615
MDMin:  105 10:28:54    -2395.708787        0.603453
MDMin:  106 10:28:55    -2395.708906        0.490158
MDMin:  107 10:28:57    -2395.709069        0.491269
MDMin:  108 10:28:59    -2395.709266        0.492520
MDMin:  109 10:29:01    -2395.709493        0.493837
MDMin:  110 10:29:03    -2395.709750        0.495161
MDMin:  111 10:29:04    -2395.710033        0.496431
MDMin:  112 10:29:06    -2395.710344        0.497648
MDMin:  113 10:29:08    -2395.710680        0.498823
MDMin:  114 10:29:09    -2395.711040        0.499969
MDMin:  115 10:29:10    -2395.711422        0.501135
MDMin:  116 10:29:12    -2395.711826        0.502418
MDMin:  117 10:29:14    -2395.712250        0.503978
MDMin:  118 10:29:15    -2395.712693        0.506046
MDMin:  119 10:29:16    -2395.713154        0.509102
MDMin:  120 10:29:18    -2395.713632        0.513676
MDMin:  121 10:29:20    -2395.714125        0.520193
MDMin:  122 10:29:22    -2395.714631        0.528934
MDMin:  123 10:29:23    -2395.715150        0.539754
MDMin:  124 10:29:25    -2395.715680        0.551675
MDMin:  125 10:29:27    -2395.716218        0.562570
MDMin:  126 10:29:29    -2395.716766        0.569388
MDMin:  127 10:29:31    -2395.717321        0.569030
MDMin:  128 10:29:33    -2395.717864        0.559399
MDMin:  129 10:29:35    -2395.718219        0.820904
MDMin:  130 10:29:36    -2395.718280        0.544156
MDMin:  131 10:29:37    -2395.718374        0.539567
MDMin:  132 10:29:39    -2395.718497        0.532958
MDMin:  133 10:29:41    -2395.718640        0.524208
MDMin:  134 10:29:42    -2395.718804        0.512753
MDMin:  135 10:29:44    -2395.718989        0.497915
MDMin:  136 10:29:45    -2395.719195        0.478941
MDMin:  137 10:29:46    -2395.719423        0.455102
MDMin:  138 10:29:48    -2395.719674        0.425868
MDMin:  139 10:29:49    -2395.719949        0.391139
MDMin:  140 10:29:51    -2395.720248        0.393125
MDMin:  141 10:29:53    -2395.720574        0.399027
MDMin:  142 10:29:54    -2395.720929        0.399792
MDMin:  143 10:29:56    -2395.721314        0.394827
MDMin:  144 10:29:57    -2395.721732        0.384127
MDMin:  145 10:29:59    -2395.722187        0.368577
MDMin:  146 10:30:00    -2395.722683        0.370592
MDMin:  147 10:30:01    -2395.723224        0.370353
MDMin:  148 10:30:03    -2395.723816        0.367741
MDMin:  149 10:30:04    -2395.724463        0.362797
MDMin:  150 10:30:06    -2395.725118        0.487246
MDMin:  151 10:30:08    -2395.725441        0.557629
MDMin:  152 10:30:09    -2395.725492        0.379083
MDMin:  153 10:30:11    -2395.725577        0.350438
MDMin:  154 10:30:13    -2395.725698        0.348893
MDMin:  155 10:30:15    -2395.725849        0.346975
MDMin:  156 10:30:16    -2395.726029        0.344701
MDMin:  157 10:30:18    -2395.726240        0.342064
MDMin:  158 10:30:20    -2395.726484        0.339055
MDMin:  159 10:30:22    -2395.726762        0.335668
MDMin:  160 10:30:24    -2395.727076        0.331895
MDMin:  161 10:30:26    -2395.727430        0.327733
MDMin:  162 10:30:27    -2395.727826        0.323183
MDMin:  163 10:30:29    -2395.728267        0.318249
MDMin:  164 10:30:30    -2395.728760        0.312944
MDMin:  165 10:30:31    -2395.729307        0.307284
MDMin:  166 10:30:33    -2395.729917        0.301295
MDMin:  167 10:30:35    -2395.730595        0.295007
MDMin:  168 10:30:36    -2395.731350        0.288456
MDMin:  169 10:30:38    -2395.732192        0.281692
MDMin:  170 10:30:39    -2395.733132        0.274800
MDMin:  171 10:30:40    -2395.734184        0.267836
MDMin:  172 10:30:41    -2395.735362        0.260860
MDMin:  173 10:30:43    -2395.736676        0.253965
MDMin:  174 10:30:44    -2395.738045        0.358325
MDMin:  175 10:30:45    -2395.738896        0.498938
MDMin:  176 10:30:47    -2395.739101        0.243200
MDMin:  177 10:30:48    -2395.739414        0.241968
MDMin:  178 10:30:50    -2395.739807        0.240473
MDMin:  179 10:30:51    -2395.740276        0.238757
MDMin:  180 10:30:53    -2395.740825        0.236835
MDMin:  181 10:30:55    -2395.741462        0.234724
MDMin:  182 10:30:56    -2395.742191        0.232438
MDMin:  183 10:30:58    -2395.743023        0.229996
MDMin:  184 10:30:59    -2395.743967        0.227416
MDMin:  185 10:31:00    -2395.744693        0.224716
MDMin:  186 10:31:02    -2395.745148        0.222067
MDMin:  187 10:31:04    -2395.745675        0.219300
MDMin:  188 10:31:06    -2395.746275        0.223447
MDMin:  189 10:31:08    -2395.746952        0.228508
MDMin:  190 10:31:10    -2395.747707        0.234355
MDMin:  191 10:31:12    -2395.748545        0.241085
MDMin:  192 10:31:13    -2395.749469        0.248802
MDMin:  193 10:31:15    -2395.750485        0.257611
MDMin:  194 10:31:17    -2395.751601        0.267616
MDMin:  195 10:31:19    -2395.752827        0.278902
MDMin:  196 10:31:21    -2395.754173        0.291517
MDMin:  197 10:31:23    -2395.755653        0.305440
MDMin:  198 10:31:24    -2395.757284        0.320534
MDMin:  199 10:31:26    -2395.759084        0.336497
MDMin:  200 10:31:28    -2395.761071        0.352800
MDMin:  201 10:31:30    -2395.763227        0.368454
MDMin:  202 10:31:31    -2395.765291        0.596003
MDMin:  203 10:31:33    -2395.766373        0.386853
MDMin:  204 10:31:35    -2395.767042        0.390057
MDMin:  205 10:31:37    -2395.767854        0.393642
MDMin:  206 10:31:39    -2395.768809        0.397443
MDMin:  207 10:31:41    -2395.769918        0.401314
MDMin:  208 10:31:43    -2395.771194        0.405077
MDMin:  209 10:31:44    -2395.772652        0.408520
MDMin:  210 10:31:46    -2395.774310        0.411394
MDMin:  211 10:31:48    -2395.776190        0.413390
MDMin:  212 10:31:50    -2395.778316        0.414109
MDMin:  213 10:31:52    -2395.780716        0.413049
MDMin:  214 10:31:53    -2395.783421        0.424167
MDMin:  215 10:31:55    -2395.786465        0.469322
MDMin:  216 10:31:56    -2395.789886        0.526279
MDMin:  217 10:31:58    -2395.793722        0.598323
MDMin:  218 10:32:00    -2395.798010        0.688694
MDMin:  219 10:32:02    -2395.802784        0.798662
MDMin:  220 10:32:03    -2395.808079        0.923101
MDMin:  221 10:32:04    -2395.813947        1.043591
MDMin:  222 10:32:06    -2395.820505        1.124660
MDMin:  223 10:32:08    -2395.828005        1.126590
MDMin:  224 10:32:10    -2395.836904        1.038541
MDMin:  225 10:32:12    -2395.847863        0.898633
MDMin:  226 10:32:13    -2395.861620        0.762781
MDMin:  227 10:32:15    -2395.878845        0.702367
MDMin:  228 10:32:17    -2395.899613        0.764417
MDMin:  229 10:32:19    -2395.921530        0.873945
MDMin:  230 10:32:21    -2395.938676        0.867458
MDMin:  231 10:32:22    -2395.953499        0.899563
MDMin:  232 10:32:24    -2395.971031        0.932965
MDMin:  233 10:32:26    -2395.992438        0.961998
MDMin:  234 10:32:27    -2396.018443        1.003208
MDMin:  235 10:32:29    -2396.049602        1.049964
MDMin:  236 10:32:30    -2396.085991        1.077062
MDMin:  237 10:32:32    -2396.126742        1.070609
MDMin:  238 10:32:34    -2396.169739        1.020140
MDMin:  239 10:32:36    -2396.211949        0.924887
MDMin:  240 10:32:38    -2396.250539        0.804853
MDMin:  241 10:32:39    -2396.279912        1.018422
MDMin:  242 10:32:40    -2396.300716        0.820861
MDMin:  243 10:32:41    -2396.321671        0.684553
MDMin:  244 10:32:43    -2396.336458        0.656731
MDMin:  245 10:32:45    -2396.341044        0.698760
MDMin:  246 10:32:46    -2396.344091        0.674100
MDMin:  247 10:32:47    -2396.345975        0.679276
MDMin:  248 10:32:49    -2396.347825        0.683157
MDMin:  249 10:32:51    -2396.349796        0.686618
MDMin:  250 10:32:52    -2396.351890        0.688327
MDMin:  251 10:32:54    -2396.354094        0.687253
MDMin:  252 10:32:56    -2396.356392        0.681855
MDMin:  253 10:32:58    -2396.358773        0.671111
MDMin:  254 10:32:59    -2396.361219        0.654203
MDMin:  255 10:33:01    -2396.363703        0.631689
MDMin:  256 10:33:03    -2396.366162        0.604323
MDMin:  257 10:33:04    -2396.368388        0.598624
MDMin:  258 10:33:06    -2396.369843        0.614062
MDMin:  259 10:33:08    -2396.370604        0.545627
MDMin:  260 10:33:10    -2396.371437        0.533112
MDMin:  261 10:33:12    -2396.372359        0.518626
MDMin:  262 10:33:13    -2396.373363        0.502028
MDMin:  263 10:33:15    -2396.374437        0.483293
MDMin:  264 10:33:17    -2396.375571        0.462414
MDMin:  265 10:33:19    -2396.376753        0.439470
MDMin:  266 10:33:20    -2396.377971        0.414596
MDMin:  267 10:33:21    -2396.379211        0.388048
MDMin:  268 10:33:23    -2396.380461        0.360144
MDMin:  269 10:33:25    -2396.381707        0.353419
MDMin:  270 10:33:27    -2396.382934        0.353478
MDMin:  271 10:33:28    -2396.384104        0.357058
MDMin:  272 10:33:30    -2396.385037        0.664093
MDMin:  273 10:33:31    -2396.385400        0.336827
MDMin:  274 10:33:32    -2396.385706        0.340225
MDMin:  275 10:33:34    -2396.386046        0.337650
MDMin:  276 10:33:36    -2396.386421        0.336128
MDMin:  277 10:33:38    -2396.386828        0.333987
MDMin:  278 10:33:40    -2396.387265        0.332069
MDMin:  279 10:33:42    -2396.387726        0.329868
MDMin:  280 10:33:44    -2396.388211        0.327995
MDMin:  281 10:33:46    -2396.388715        0.325935
MDMin:  282 10:33:48    -2396.389235        0.324682
MDMin:  283 10:33:51    -2396.389770        0.323017
MDMin:  284 10:33:53    -2396.390316        0.323685
MDMin:  285 10:33:54    -2396.390870        0.321776
MDMin:  286 10:33:56    -2396.391427        0.329072
MDMin:  287 10:33:57    -2396.391954        0.426057
MDMin:  288 10:33:59    -2396.392334        0.569265
MDMin:  289 10:34:00    -2396.392498        0.331475
MDMin:  290 10:34:02    -2396.392682        0.334240
MDMin:  291 10:34:04    -2396.392889        0.336383
MDMin:  292 10:34:06    -2396.393118        0.339459
MDMin:  293 10:34:08    -2396.393369        0.343064
MDMin:  294 10:34:09    -2396.393641        0.347573
MDMin:  295 10:34:11    -2396.393934        0.352851
MDMin:  296 10:34:13    -2396.394247        0.359157
MDMin:  297 10:34:14    -2396.394581        0.366250
MDMin:  298 10:34:15    -2396.394934        0.374367
MDMin:  299 10:34:17    -2396.395308        0.382847
MDMin:  300 10:34:19    -2396.395704        0.392188
MDMin:  301 10:34:21    -2396.396122        0.400506
MDMin:  302 10:34:23    -2396.396564        0.410293
MDMin:  303 10:34:24    -2396.397032        0.414707
MDMin:  304 10:34:25    -2396.397523        0.428114
MDMin:  305 10:34:27    -2396.398001        0.524844
MDMin:  306 10:34:29    -2396.398337        0.626792
MDMin:  307 10:34:30    -2396.398495        0.430083
MDMin:  308 10:34:32    -2396.398684        0.430492
MDMin:  309 10:34:33    -2396.398903        0.431160
MDMin:  310 10:34:35    -2396.399152        0.431553
MDMin:  311 10:34:37    -2396.399433        0.431710
MDMin:  312 10:34:39    -2396.399747        0.431429
MDMin:  313 10:34:41    -2396.400099        0.430625
MDMin:  314 10:34:43    -2396.400489        0.429067
MDMin:  315 10:34:45    -2396.400921        0.426615
MDMin:  316 10:34:47    -2396.401400        0.422938
MDMin:  317 10:34:48    -2396.401929        0.417912
MDMin:  318 10:34:49    -2396.402513        0.411022
MDMin:  319 10:34:51    -2396.403158        0.402578
MDMin:  320 10:34:52    -2396.403868        0.391462
MDMin:  321 10:34:54    -2396.404651        0.380640
MDMin:  322 10:34:55    -2396.405504        0.363864
MDMin:  323 10:34:56    -2396.406414        0.461242
MDMin:  324 10:34:58    -2396.407159        0.649670
MDMin:  325 10:35:00    -2396.407373        0.342116
MDMin:  326 10:35:01    -2396.407633        0.340498
MDMin:  327 10:35:03    -2396.407934        0.337764
MDMin:  328 10:35:04    -2396.408279        0.335169
MDMin:  329 10:35:06    -2396.408669        0.332710
MDMin:  330 10:35:08    -2396.409104        0.330637
MDMin:  331 10:35:10    -2396.409586        0.329130
MDMin:  332 10:35:12    -2396.409990        0.328470
MDMin:  333 10:35:14    -2396.410071        0.328901
MDMin:  334 10:35:16    -2396.410150        0.330833
MDMin:  335 10:35:18    -2396.410224        0.334632
MDMin:  336 10:35:20    -2396.410290        0.340836
MDMin:  337 10:35:22    -2396.410347        0.349796
MDMin:  338 10:35:23    -2396.410392        0.362282
MDMin:  339 10:35:24    -2396.410424        0.378205
MDMin:  340 10:35:26    -2396.410441        0.398993
MDMin:  341 10:35:27    -2396.410444        0.421794
MDMin:  342 10:35:29    -2396.410432        0.451972
MDMin:  343 10:35:30    -2396.410409        0.471594
MDMin:  344 10:35:32    -2396.410379        0.601097
MDMin:  345 10:35:34    -2396.410360        0.505423
MDMin:  346 10:35:36    -2396.410344        0.520491
MDMin:  347 10:35:38    -2396.410325        0.527219
MDMin:  348 10:35:39    -2396.410303        0.536637
MDMin:  349 10:35:41    -2396.410278        0.545413
MDMin:  350 10:35:42    -2396.410250        0.554961
MDMin:  351 10:35:44    -2396.410217        0.564604
MDMin:  352 10:35:46    -2396.410181        0.575260
MDMin:  353 10:35:48    -2396.410142        0.586525
MDMin:  354 10:35:50    -2396.410099        0.598976
MDMin:  355 10:35:52    -2396.410053        0.611413
MDMin:  356 10:35:54    -2396.410005        0.623720
MDMin:  357 10:35:56    -2396.409956        0.632659
MDMin:  358 10:35:58    -2396.409905        0.637487
MDMin:  359 10:36:00    -2396.409855        0.631946
MDMin:  360 10:36:01    -2396.409807        0.626635
MDMin:  361 10:36:03    -2396.409762        0.681381
MDMin:  362 10:36:05    -2396.409722        0.750160
MDMin:  363 10:36:06    -2396.409692        0.775534
MDMin:  364 10:36:07    -2396.409674        0.823763
MDMin:  365 10:36:09    -2396.409667        0.795740
MDMin:  366 10:36:11    -2396.409667        0.800473
MDMin:  367 10:36:13    -2396.409673        0.770902
MDMin:  368 10:36:15    -2396.409687        0.745222
MDMin:  369 10:36:17    -2396.409710        0.697944
MDMin:  370 10:36:18    -2396.409749        0.642084
MDMin:  371 10:36:20    -2396.409808        0.565349
MDMin:  372 10:36:22    -2396.409895        0.487945
MDMin:  373 10:36:25    -2396.410018        0.406385
MDMin:  374 10:36:26    -2396.410188        0.351902
MDMin:  375 10:36:28    -2396.410384        0.282622
MDMin:  376 10:36:30    -2396.410565        0.377314
MDMin:  377 10:36:31    -2396.410689        0.261512
MDMin:  378 10:36:33    -2396.410834        0.252811
MDMin:  379 10:36:34    -2396.411001        0.243421
MDMin:  380 10:36:35    -2396.411194        0.233366
MDMin:  381 10:36:37    -2396.411408        0.222635
MDMin:  382 10:36:39    -2396.411625        0.212358
MDMin:  383 10:36:41    -2396.411822        0.203017
MDMin:  384 10:36:43    -2396.411997        0.195993
MDMin:  385 10:36:45    -2396.412176        0.189704
MDMin:  386 10:36:47    -2396.411984        0.183455
MDMin:  387 10:36:49    -2396.411660        0.178317
MDMin:  388 10:36:51    -2396.411351        0.176906
MDMin:  389 10:36:53    -2396.411062        0.175405
MDMin:  390 10:36:55    -2396.410797        0.173826
MDMin:  391 10:36:57    -2396.410560        0.172182
MDMin:  392 10:36:59    -2396.410354        0.170492
MDMin:  393 10:37:01    -2396.410184        0.168775
MDMin:  394 10:37:03    -2396.410052        0.167067
MDMin:  395 10:37:05    -2396.409964        0.165426
MDMin:  396 10:37:06    -2396.409918        0.164263
MDMin:  397 10:37:08    -2396.409906        0.165861
MDMin:  398 10:37:10    -2396.409913        0.167254
MDMin:  399 10:37:11    -2396.409934        0.168638
MDMin:  400 10:37:13    -2396.409971        0.170126
MDMin:  401 10:37:15    -2396.410026        0.171753
MDMin:  402 10:37:17    -2396.410101        0.173523
MDMin:  403 10:37:19    -2396.410200        0.175423
MDMin:  404 10:37:21    -2396.410325        0.177427
MDMin:  405 10:37:22    -2396.410479        0.179492
MDMin:  406 10:37:24    -2396.410664        0.181555
MDMin:  407 10:37:25    -2396.410879        0.183525
MDMin:  408 10:37:27    -2396.411127        0.185282
MDMin:  409 10:37:29    -2396.411401        0.186680
MDMin:  410 10:37:31    -2396.411690        0.187571
MDMin:  411 10:37:33    -2396.411969        0.187891
MDMin:  412 10:37:34    -2396.412218        0.187749
MDMin:  413 10:37:36    -2396.412446        0.187285
MDMin:  414 10:37:37    -2396.412678        0.186500
MDMin:  415 10:37:39    -2396.412928        0.185316
MDMin:  416 10:37:41    -2396.413202        0.183645
MDMin:  417 10:37:43    -2396.413503        0.181394
MDMin:  418 10:37:45    -2396.413832        0.178457
MDMin:  419 10:37:46    -2396.414191        0.174729
MDMin:  420 10:37:47    -2396.414582        0.170119
MDMin:  421 10:37:48    -2396.415007        0.164564
MDMin:  422 10:37:50    -2396.415466        0.158045
MDMin:  423 10:37:52    -2396.415957        0.151779
MDMin:  424 10:37:54    -2396.416472        0.153881
MDMin:  425 10:37:56    -2396.416991        0.155945
MDMin:  426 10:37:58    -2396.417479        0.157818
MDMin:  427 10:37:59    -2396.417907        0.159407
MDMin:  428 10:38:01    -2396.418301        0.160824
MDMin:  429 10:38:03    -2396.418700        0.162223
MDMin:  430 10:38:04    -2396.419126        0.163679
MDMin:  431 10:38:06    -2396.419589        0.165214
MDMin:  432 10:38:08    -2396.420094        0.166833
MDMin:  433 10:38:10    -2396.420645        0.168530
MDMin:  434 10:38:11    -2396.421247        0.170296
MDMin:  435 10:38:13    -2396.421903        0.172117
MDMin:  436 10:38:15    -2396.422617        0.173973
MDMin:  437 10:38:16    -2396.423388        0.175837
MDMin:  438 10:38:18    -2396.424216        0.177674
MDMin:  439 10:38:19    -2396.425089        0.179430
MDMin:  440 10:38:21    -2396.425977        0.181036
MDMin:  441 10:38:22    -2396.426834        0.182437
MDMin:  442 10:38:24    -2396.427627        0.185764
MDMin:  443 10:38:25    -2396.428381        0.191836
MDMin:  444 10:38:27    -2396.429148        0.198150
MDMin:  445 10:38:28    -2396.429963        0.205012
MDMin:  446 10:38:29    -2396.430846        0.212612
MDMin:  447 10:38:31    -2396.431809        0.221079
MDMin:  448 10:38:32    -2396.432861        0.230526
MDMin:  449 10:38:33    -2396.434008        0.241049
MDMin:  450 10:38:35    -2396.435258        0.252738
MDMin:  451 10:38:36    -2396.436619        0.265665
MDMin:  452 10:38:37    -2396.438095        0.279876
MDMin:  453 10:38:39    -2396.439691        0.295375
MDMin:  454 10:38:40    -2396.441408        0.312126
MDMin:  455 10:38:42    -2396.443239        0.330236
MDMin:  456 10:38:44    -2396.445169        0.349555
MDMin:  457 10:38:46    -2396.447169        0.369731
MDMin:  458 10:38:48    -2396.449200        0.390323
MDMin:  459 10:38:50    -2396.451230        0.410980
MDMin:  460 10:38:52    -2396.453256        0.431671
MDMin:  461 10:38:54    -2396.455305        0.452712
MDMin:  462 10:38:56    -2396.457419        0.474590
MDMin:  463 10:38:58    -2396.459631        0.497762
MDMin:  464 10:39:00    -2396.461968        0.522603
MDMin:  465 10:39:01    -2396.464444        0.549380
MDMin:  466 10:39:03    -2396.467065        0.578227
MDMin:  467 10:39:04    -2396.469835        0.609059
MDMin:  468 10:39:06    -2396.472750        0.641443
MDMin:  469 10:39:08    -2396.475806        0.674457
MDMin:  470 10:39:10    -2396.478994        0.706565
MDMin:  471 10:39:11    -2396.482306        0.735588
MDMin:  472 10:39:13    -2396.483101        0.758786
MDMin:  473 10:39:14    -2396.486345        0.770977
MDMin:  474 10:39:15    -2396.487470        0.775918
MDMin:  475 10:39:17    -2396.486423        0.771804
MDMin:  476 10:39:19    -2396.485330        0.756481
MDMin:  477 10:39:21    -2396.484209        0.728300
MDMin:  478 10:39:23    -2396.483073        0.687494
MDMin:  479 10:39:25    -2396.481943        0.670686
MDMin:  480 10:39:27    -2396.480847        0.700739
MDMin:  481 10:39:28    -2396.479833        0.730850
MDMin:  482 10:39:29    -2396.478959        0.759799
MDMin:  483 10:39:31    -2396.478237        0.786608
MDMin:  484 10:39:32    -2396.477603        0.812342
MDMin:  485 10:39:34    -2396.476997        0.837888
MDMin:  486 10:39:35    -2396.476393        0.861601
MDMin:  487 10:39:37    -2396.475783        0.878051
MDMin:  488 10:39:39    -2396.475164        0.877410
MDMin:  489 10:39:40    -2396.474532        0.847946
MDMin:  490 10:39:42    -2396.473882        0.784152
MDMin:  491 10:39:43    -2396.473205        0.695083
MDMin:  492 10:39:45    -2396.472503        0.600784
MDMin:  493 10:39:46    -2396.471802        0.542543
MDMin:  494 10:39:47    -2396.471192        0.484525
MDMin:  495 10:39:48    -2396.470795        0.446003
MDMin:  496 10:39:51    -2396.470501        0.417668
MDMin:  497 10:39:52    -2396.470203        0.389062
MDMin:  498 10:39:54    -2396.469882        0.366441
MDMin:  499 10:39:55    -2396.469539        0.346110
MDMin:  500 10:39:57    -2396.469177        0.326413
MDMin:  501 10:39:59    -2396.468797        0.307804
MDMin:  502 10:40:01    -2396.468404        0.290765
MDMin:  503 10:40:03    -2396.468003        0.275814
MDMin:  504 10:40:05    -2396.467597        0.272584
MDMin:  505 10:40:06    -2396.467194        0.272758
MDMin:  506 10:40:08    -2396.466806        0.271946
MDMin:  507 10:40:10    -2396.466464        0.271562
MDMin:  508 10:40:13    -2396.466221        0.278355
MDMin:  509 10:40:14    -2396.466066        0.268120
MDMin:  510 10:40:16    -2396.465919        0.267721
MDMin:  511 10:40:18    -2396.465766        0.267827
MDMin:  512 10:40:20    -2396.465607        0.267922
MDMin:  513 10:40:21    -2396.465442        0.268209
MDMin:  514 10:40:23    -2396.465273        0.275383
MDMin:  515 10:40:24    -2396.465103        0.285519
MDMin:  516 10:40:25    -2396.464931        0.297894
MDMin:  517 10:40:26    -2396.464761        0.312707
MDMin:  518 10:40:27    -2396.464594        0.330096
MDMin:  519 10:40:29    -2396.464432        0.350098
MDMin:  520 10:40:31    -2396.464275        0.372574
MDMin:  521 10:40:33    -2396.464126        0.397104
MDMin:  522 10:40:35    -2396.463985        0.422814
MDMin:  523 10:40:37    -2396.463856        0.448094
MDMin:  524 10:40:39    -2396.463743        0.470285
MDMin:  525 10:40:41    -2396.463656        0.486414
MDMin:  526 10:40:43    -2396.463594        0.496396
MDMin:  527 10:40:44    -2396.463541        0.503261
MDMin:  528 10:40:45    -2396.463490        0.508214
MDMin:  529 10:40:47    -2396.463437        0.510884
MDMin:  530 10:40:49    -2396.463382        0.510511
MDMin:  531 10:40:51    -2396.463325        0.506243
MDMin:  532 10:40:53    -2396.463268        0.497262
MDMin:  533 10:40:55    -2396.463208        0.483072
MDMin:  534 10:40:57    -2396.463148        0.463478
MDMin:  535 10:40:59    -2396.463086        0.438928
MDMin:  536 10:41:01    -2396.463023        0.410923
MDMin:  537 10:41:02    -2396.462962        0.382434
MDMin:  538 10:41:04    -2396.462915        0.360195
MDMin:  539 10:41:06    -2396.462890        0.348983
MDMin:  540 10:41:08    -2396.462867        0.339291
MDMin:  541 10:41:10    -2396.462843        0.329327
MDMin:  542 10:41:12    -2396.462816        0.319224
MDMin:  543 10:41:14    -2396.462787        0.309286
MDMin:  544 10:41:15    -2396.462756        0.299866
MDMin:  545 10:41:17    -2396.462723        0.291330
MDMin:  546 10:41:19    -2396.462688        0.284033
MDMin:  547 10:41:21    -2396.462652        0.278291
MDMin:  548 10:41:23    -2396.462614        0.274350
MDMin:  549 10:41:25    -2396.462574        0.272376
MDMin:  550 10:41:26    -2396.462534        0.272450
MDMin:  551 10:41:28    -2396.462492        0.274563
MDMin:  552 10:41:29    -2396.462450        0.278659
MDMin:  553 10:41:31    -2396.462409        0.284551
MDMin:  554 10:41:33    -2396.462372        0.291241
MDMin:  555 10:41:35    -2396.462345        0.297029
MDMin:  556 10:41:36    -2396.462324        0.301828
MDMin:  557 10:41:38    -2396.462304        0.306816
MDMin:  558 10:41:40    -2396.462283        0.312369
MDMin:  559 10:41:42    -2396.462260        0.318533
MDMin:  560 10:41:43    -2396.462236        0.325266
MDMin:  561 10:41:45    -2396.462211        0.334371
MDMin:  562 10:41:46    -2396.462185        0.352263
MDMin:  563 10:41:48    -2396.462158        0.371439
MDMin:  564 10:41:50    -2396.462129        0.391496
MDMin:  565 10:41:52    -2396.462100        0.411824
MDMin:  566 10:41:54    -2396.462070        0.431610
MDMin:  567 10:41:56    -2396.462039        0.449848
MDMin:  568 10:41:58    -2396.462007        0.465377
MDMin:  569 10:42:00    -2396.461974        0.476916
MDMin:  570 10:42:02    -2396.461941        0.483095
MDMin:  571 10:42:03    -2396.461906        0.482500
MDMin:  572 10:42:04    -2396.461871        0.473796
MDMin:  573 10:42:06    -2396.461834        0.455977
MDMin:  574 10:42:08    -2396.461797        0.428764
MDMin:  575 10:42:10    -2396.461758        0.442825
MDMin:  576 10:42:11    -2396.461721        0.458033
MDMin:  577 10:42:13    -2396.461686        0.468913
MDMin:  578 10:42:15    -2396.461660        0.473826
MDMin:  579 10:42:16    -2396.461642        0.475583
MDMin:  580 10:42:18    -2396.461623        0.476359
MDMin:  581 10:42:20    -2396.461604        0.476231
MDMin:  582 10:42:22    -2396.461583        0.474909
MDMin:  583 10:42:24    -2396.461560        0.472041
MDMin:  584 10:42:26    -2396.461536        0.467254
MDMin:  585 10:42:27    -2396.461510        0.460187
MDMin:  586 10:42:28    -2396.461483        0.450596
MDMin:  587 10:42:30    -2396.461454        0.438147
MDMin:  588 10:42:32    -2396.461424        0.422529
MDMin:  589 10:42:34    -2396.461392        0.403562
MDMin:  590 10:42:36    -2396.461361        0.381520
MDMin:  591 10:42:38    -2396.461331        0.358361
MDMin:  592 10:42:39    -2396.461309        0.340367
MDMin:  593 10:42:41    -2396.461297        0.330084
MDMin:  594 10:42:43    -2396.461284        0.325075
MDMin:  595 10:42:45    -2396.461271        0.321258
MDMin:  596 10:42:47    -2396.461256        0.316945
MDMin:  597 10:42:49    -2396.461241        0.312104
MDMin:  598 10:42:50    -2396.461224        0.306713
MDMin:  599 10:42:52    -2396.461207        0.300766
MDMin:  600 10:42:54    -2396.461188        0.294279
MDMin:  601 10:42:56    -2396.461169        0.287305
MDMin:  602 10:42:58    -2396.461149        0.279942
MDMin:  603 10:43:00    -2396.461129        0.272345
MDMin:  604 10:43:03    -2396.461109        0.264744
MDMin:  605 10:43:05    -2396.461089        0.257480
MDMin:  606 10:43:07    -2396.461070        0.251091
MDMin:  607 10:43:08    -2396.461056        0.246596
MDMin:  608 10:43:09    -2396.461049        0.244809
MDMin:  609 10:43:11    -2396.461044        0.243598
MDMin:  610 10:43:12    -2396.461039        0.242453
MDMin:  611 10:43:13    -2396.461033        0.241437
MDMin:  612 10:43:14    -2396.461027        0.240640
MDMin:  613 10:43:16    -2396.461021        0.240161
MDMin:  614 10:43:17    -2396.461015        0.240116
MDMin:  615 10:43:18    -2396.461010        0.240632
MDMin:  616 10:43:20    -2396.461004        0.241850
MDMin:  617 10:43:22    -2396.461000        0.243918
MDMin:  618 10:43:23    -2396.460996        0.246990
MDMin:  619 10:43:25    -2396.460992        0.251219
MDMin:  620 10:43:27    -2396.460990        0.256750
MDMin:  621 10:43:29    -2396.460989        0.263711
MDMin:  622 10:43:30    -2396.460990        0.272204
MDMin:  623 10:43:31    -2396.460992        0.282302
MDMin:  624 10:43:33    -2396.460996        0.294039
MDMin:  625 10:43:35    -2396.461002        0.307401
MDMin:  626 10:43:37    -2396.461010        0.322310
MDMin:  627 10:43:38    -2396.461020        0.338662
MDMin:  628 10:43:39    -2396.461033        0.356271
MDMin:  629 10:43:41    -2396.461049        0.374774
MDMin:  630 10:43:42    -2396.461066        0.393363
MDMin:  631 10:43:44    -2396.461085        0.410237
MDMin:  632 10:43:45    -2396.461101        0.422822
MDMin:  633 10:43:47    -2396.461113        0.431799
MDMin:  634 10:43:49    -2396.461126        0.440229
MDMin:  635 10:43:50    -2396.461140        0.448881
MDMin:  636 10:43:51    -2396.461156        0.457739
MDMin:  637 10:43:53    -2396.461174        0.466649
MDMin:  638 10:43:54    -2396.461195        0.475414
MDMin:  639 10:43:56    -2396.461219        0.483821
MDMin:  640 10:43:57    -2396.461245        0.491653
MDMin:  641 10:43:59    -2396.461275        0.498684
MDMin:  642 10:44:01    -2396.461309        0.504670
MDMin:  643 10:44:02    -2396.461347        0.509318
MDMin:  644 10:44:04    -2396.461389        0.512245
MDMin:  645 10:44:06    -2396.461437        0.512936
MDMin:  646 10:44:08    -2396.461490        0.510726
MDMin:  647 10:44:10    -2396.461549        0.504896
MDMin:  648 10:44:12    -2396.461612        0.495126
MDMin:  649 10:44:14    -2396.461672        0.482896
MDMin:  650 10:44:16    -2396.461717        0.472406
MDMin:  651 10:44:18    -2396.461751        0.463830
MDMin:  652 10:44:20    -2396.461788        0.454254
MDMin:  653 10:44:22    -2396.461829        0.443008
MDMin:  654 10:44:23    -2396.461875        0.429937
MDMin:  655 10:44:25    -2396.461927        0.414980
MDMin:  656 10:44:27    -2396.461987        0.398144
MDMin:  657 10:44:29    -2396.462054        0.379507
MDMin:  658 10:44:30    -2396.462130        0.359257
MDMin:  659 10:44:31    -2396.462215        0.337693
MDMin:  660 10:44:33    -2396.462312        0.315214
MDMin:  661 10:44:34    -2396.462420        0.292334
MDMin:  662 10:44:35    -2396.462540        0.269896
MDMin:  663 10:44:36    -2396.462663        0.249742
MDMin:  664 10:44:37    -2396.462757        0.241309
MDMin:  665 10:44:39    -2396.462808        0.242547
MDMin:  666 10:44:40    -2396.462861        0.243837
MDMin:  667 10:44:41    -2396.462922        0.245309
MDMin:  668 10:44:43    -2396.462990        0.247005
MDMin:  669 10:44:44    -2396.463067        0.248979
MDMin:  670 10:44:46    -2396.463151        0.251301
MDMin:  671 10:44:48    -2396.463244        0.254053
MDMin:  672 10:44:50    -2396.463347        0.257328
MDMin:  673 10:44:52    -2396.463458        0.261218
MDMin:  674 10:44:53    -2396.463579        0.265807
MDMin:  675 10:44:54    -2396.463710        0.271148
MDMin:  676 10:44:56    -2396.463850        0.277245
MDMin:  677 10:44:58    -2396.463999        0.284027
MDMin:  678 10:45:00    -2396.464157        0.291329
MDMin:  679 10:45:02    -2396.464324        0.298888
MDMin:  680 10:45:04    -2396.464500        0.306333
MDMin:  681 10:45:06    -2396.464683        0.313211
MDMin:  682 10:45:08    -2396.464873        0.319108
MDMin:  683 10:45:10    -2396.465057        0.323627
MDMin:  684 10:45:12    -2396.465207        0.326447
MDMin:  685 10:45:14    -2396.465302        0.327883
MDMin:  686 10:45:15    -2396.465386        0.328969
MDMin:  687 10:45:17    -2396.465477        0.329960
MDMin:  688 10:45:18    -2396.465577        0.330875
MDMin:  689 10:45:19    -2396.465686        0.331722
MDMin:  690 10:45:21    -2396.465804        0.332530
MDMin:  691 10:45:22    -2396.465931        0.333347
MDMin:  692 10:45:24    -2396.466067        0.334241
MDMin:  693 10:45:26    -2396.466212        0.335297
MDMin:  694 10:45:27    -2396.466366        0.336612
MDMin:  695 10:45:29    -2396.466529        0.338281
MDMin:  696 10:45:30    -2396.466699        0.340391
MDMin:  697 10:45:32    -2396.466878        0.343004
MDMin:  698 10:45:33    -2396.467062        0.346152
MDMin:  699 10:45:35    -2396.467046        0.349815
MDMin:  700 10:45:36    -2396.466920        0.354014
MDMin:  701 10:45:38    -2396.466805        0.358480
MDMin:  702 10:45:40    -2396.466721        0.362098
MDMin:  703 10:45:42    -2396.466661        0.364863
MDMin:  704 10:45:44    -2396.466601        0.367813
MDMin:  705 10:45:45    -2396.466538        0.371216
MDMin:  706 10:45:46    -2396.466469        0.375163
MDMin:  707 10:45:48    -2396.466396        0.379732
MDMin:  708 10:45:49    -2396.466319        0.385016
MDMin:  709 10:45:52    -2396.466238        0.391129
MDMin:  710 10:45:53    -2396.466154        0.398213
MDMin:  711 10:45:54    -2396.466066        0.406449
MDMin:  712 10:45:55    -2396.465977        0.416054
MDMin:  713 10:45:57    -2396.465886        0.427284
MDMin:  714 10:45:58    -2396.465793        0.440570
MDMin:  715 10:46:00    -2396.465701        0.456379
MDMin:  716 10:46:01    -2396.465609        0.474896
MDMin:  717 10:46:03    -2396.465519        0.496097
MDMin:  718 10:46:05    -2396.465430        0.519581
MDMin:  719 10:46:07    -2396.465344        0.544431
MDMin:  720 10:46:09    -2396.465261        0.569163
MDMin:  721 10:46:11    -2396.465181        0.591874
MDMin:  722 10:46:13    -2396.465105        0.610495
MDMin:  723 10:46:15    -2396.465032        0.622896
MDMin:  724 10:46:17    -2396.464964        0.626634
MDMin:  725 10:46:19    -2396.464900        0.618862
MDMin:  726 10:46:20    -2396.464841        0.597128
MDMin:  727 10:46:22    -2396.464786        0.560589
MDMin:  728 10:46:24    -2396.464734        0.510444
MDMin:  729 10:46:25    -2396.464683        0.449871
MDMin:  730 10:46:27    -2396.464633        0.395111
MDMin:  731 10:46:28    -2396.464583        0.406863
MDMin:  732 10:46:29    -2396.464533        0.413314
MDMin:  733 10:46:30    -2396.464486        0.416187
MDMin:  734 10:46:32    -2396.464440        0.417577
MDMin:  735 10:46:33    -2396.464397        0.419270
MDMin:  736 10:46:35    -2396.464356        0.422506
MDMin:  737 10:46:37    -2396.464317        0.428094
MDMin:  738 10:46:39    -2396.464279        0.436603
MDMin:  739 10:46:41    -2396.464242        0.448455
MDMin:  740 10:46:42    -2396.464206        0.463934
MDMin:  741 10:46:44    -2396.464170        0.483166
MDMin:  742 10:46:46    -2396.464136        0.506152
MDMin:  743 10:46:48    -2396.464103        0.532814
MDMin:  744 10:46:49    -2396.464070        0.563062
MDMin:  745 10:46:51    -2396.464039        0.596835
MDMin:  746 10:46:53    -2396.464009        0.634111
MDMin:  747 10:46:54    -2396.463980        0.681773
MDMin:  748 10:46:56    -2396.463952        0.725096
MDMin:  749 10:46:58    -2396.463925        0.767502
MDMin:  750 10:47:00    -2396.463898        0.820324
MDMin:  751 10:47:02    -2396.463872        0.878178
MDMin:  752 10:47:04    -2396.463847        0.940849
MDMin:  753 10:47:06    -2396.463822        1.006615
MDMin:  754 10:47:08    -2396.463797        1.071403
MDMin:  755 10:47:10    -2396.463772        1.128459
MDMin:  756 10:47:12    -2396.463747        1.169021
MDMin:  757 10:47:13    -2396.463722        1.183238
MDMin:  758 10:47:15    -2396.463697        1.160131
MDMin:  759 10:47:17    -2396.463671        1.087042
MDMin:  760 10:47:19    -2396.463643        0.951572
MDMin:  761 10:47:21    -2396.463614        0.763991
MDMin:  762 10:47:23    -2396.463590        0.612280
MDMin:  763 10:47:24    -2396.463582        0.571842
MDMin:  764 10:47:26    -2396.463572        0.531566
MDMin:  765 10:47:27    -2396.463562        0.491400
MDMin:  766 10:47:29    -2396.463550        0.452657
MDMin:  767 10:47:31    -2396.463538        0.416412
MDMin:  768 10:47:32    -2396.463525        0.383398
MDMin:  769 10:47:34    -2396.463510        0.353984
MDMin:  770 10:47:35    -2396.463495        0.328172
MDMin:  771 10:47:37    -2396.463479        0.305598
MDMin:  772 10:47:38    -2396.463462        0.286917
MDMin:  773 10:47:41    -2396.463445        0.271744
MDMin:  774 10:47:42    -2396.463427        0.255577
MDMin:  775 10:47:44    -2396.463409        0.238765
MDMin:  776 10:47:45    -2396.463392        0.222298
MDMin:  777 10:47:47    -2396.463382        0.322145
MDMin:  778 10:47:48    -2396.463381        0.210924
MDMin:  779 10:47:50    -2396.463379        0.208984
MDMin:  780 10:47:52    -2396.463376        0.206318
MDMin:  781 10:47:54    -2396.463373        0.203121
MDMin:  782 10:47:56    -2396.463370        0.199462
MDMin:  783 10:47:58    -2396.463366        0.195350
MDMin:  784 10:47:59    -2396.463362        0.190792
MDMin:  785 10:48:00    -2396.463357        0.185801
MDMin:  786 10:48:02    -2396.463352        0.180392
MDMin:  787 10:48:03    -2396.463347        0.174587
MDMin:  788 10:48:05    -2396.463341        0.168414
MDMin:  789 10:48:06    -2396.463335        0.161910
MDMin:  790 10:48:08    -2396.463329        0.155122
MDMin:  791 10:48:10    -2396.463323        0.148111
       Step     Time          Energy          fmax
MDMin:    0 12:27:06    -2393.768832        8.557483
MDMin:    1 12:27:08    -2393.772872        8.348238
MDMin:    2 12:27:09    -2393.784385        7.404624
MDMin:    3 12:27:10    -2393.801777        5.582021
MDMin:    4 12:27:12    -2393.822579        6.455840
MDMin:    5 12:27:14    -2393.843016        7.437458
MDMin:    6 12:27:16    -2393.861337        5.374537
MDMin:    7 12:27:17    -2393.879233        2.397137
MDMin:    8 12:27:18    -2393.895636        1.744606
MDMin:    9 12:27:20    -2393.909856        2.236606
MDMin:   10 12:27:21    -2393.922450        2.917053
MDMin:   11 12:27:23    -2393.933604        3.014089
MDMin:   12 12:27:25    -2393.943919        2.028505
MDMin:   13 12:27:27    -2393.955368        1.462632
MDMin:   14 12:27:29    -2393.966628        2.255557
MDMin:   15 12:27:31    -2393.970747        0.901674
MDMin:   16 12:27:33    -2393.975458        0.888816
MDMin:   17 12:27:35    -2393.981066        0.874103
MDMin:   18 12:27:37    -2393.987728        0.857737
MDMin:   19 12:27:39    -2393.995659        0.840653
MDMin:   20 12:27:41    -2394.005152        0.824343
MDMin:   21 12:27:43    -2394.016594        0.809732
MDMin:   22 12:27:44    -2394.030494        0.799649
MDMin:   23 12:27:46    -2394.047509        0.819699
MDMin:   24 12:27:48    -2394.068457        0.847635
MDMin:   25 12:27:50    -2394.094327        0.883307
MDMin:   26 12:27:52    -2394.113897        0.927331
MDMin:   27 12:27:55    -2394.132437        0.980397
MDMin:   28 12:27:57    -2394.151856        1.104693
MDMin:   29 12:27:59    -2394.171936        1.269346
MDMin:   30 12:28:01    -2394.192210        1.468245
MDMin:   31 12:28:03    -2394.211895        1.742271
MDMin:   32 12:28:04    -2394.230051        2.011235
MDMin:   33 12:28:06    -2394.246828        2.137965
MDMin:   34 12:28:08    -2394.263459        2.179502
MDMin:   35 12:28:10    -2394.281257        2.324457
MDMin:   36 12:28:12    -2394.301341        2.259190
MDMin:   37 12:28:14    -2394.324990        2.022861
MDMin:   38 12:28:16    -2394.353764        1.832756
MDMin:   39 12:28:18    -2394.389375        1.686535
MDMin:   40 12:28:20    -2394.431448        1.506721
MDMin:   41 12:28:22    -2394.471890        2.064288
MDMin:   42 12:28:24    -2394.497608        1.230695
MDMin:   43 12:28:26    -2394.523413        1.151304
MDMin:   44 12:28:28    -2394.556167        1.121616
MDMin:   45 12:28:30    -2394.598368        1.196743
MDMin:   46 12:28:32    -2394.653268        1.296284
MDMin:   47 12:28:34    -2394.725523        1.425729
MDMin:   48 12:28:36    -2394.821228        1.583767
MDMin:   49 12:28:38    -2394.946236        1.742303
MDMin:   50 12:28:40    -2395.100249        1.827151
MDMin:   51 12:28:42    -2395.268853        1.742630
MDMin:   52 12:28:44    -2395.422767        1.438752
MDMin:   53 12:28:46    -2395.503243        0.963814
MDMin:   54 12:28:48    -2395.526234        0.627828
MDMin:   55 12:28:50    -2395.547089        0.522228
MDMin:   56 12:28:52    -2395.566756        0.861847
MDMin:   57 12:28:54    -2395.580786        2.537831
MDMin:   58 12:28:56    -2395.581527        1.878611
MDMin:   59 12:28:58    -2395.583024        1.013742
MDMin:   60 12:29:00    -2395.585518        0.448899
MDMin:   61 12:29:02    -2395.588733        0.449726
MDMin:   62 12:29:03    -2395.592475        0.450980
MDMin:   63 12:29:05    -2395.596704        0.452751
MDMin:   64 12:29:07    -2395.601385        0.455110
MDMin:   65 12:29:09    -2395.606474        0.458091
MDMin:   66 12:29:11    -2395.611925        0.461670
MDMin:   67 12:29:13    -2395.617680        0.465748
MDMin:   68 12:29:15    -2395.623678        0.470143
MDMin:   69 12:29:17    -2395.629852        0.474587
MDMin:   70 12:29:19    -2395.636130        0.478737
MDMin:   71 12:29:21    -2395.642435        0.482146
MDMin:   72 12:29:23    -2395.648693        0.484153
MDMin:   73 12:29:25    -2395.654827        0.483586
MDMin:   74 12:29:27    -2395.660768        0.478310
MDMin:   75 12:29:29    -2395.666453        0.464978
MDMin:   76 12:29:31    -2395.671827        0.439749
MDMin:   77 12:29:33    -2395.676836        0.413684
MDMin:   78 12:29:35    -2395.681231        0.689640
MDMin:   79 12:29:37    -2395.683707        1.275451
MDMin:   80 12:29:39    -2395.683955        0.876175
MDMin:   81 12:29:41    -2395.684391        0.437961
MDMin:   82 12:29:43    -2395.685023        0.435114
MDMin:   83 12:29:45    -2395.685788        0.437417
MDMin:   84 12:29:47    -2395.686661        0.440176
MDMin:   85 12:29:49    -2395.687629        0.443409
MDMin:   86 12:29:51    -2395.688680        0.447127
MDMin:   87 12:29:53    -2395.689800        0.451327
MDMin:   88 12:29:55    -2395.690975        0.469781
MDMin:   89 12:29:57    -2395.692190        0.494249
MDMin:   90 12:29:59    -2395.693430        0.522008
MDMin:   91 12:30:01    -2395.694682        0.552337
MDMin:   92 12:30:03    -2395.695933        0.583581
MDMin:   93 12:30:05    -2395.697174        0.612772
MDMin:   94 12:30:07    -2395.698396        0.635459
MDMin:   95 12:30:09    -2395.699594        0.646052
MDMin:   96 12:30:11    -2395.700769        0.639131
MDMin:   97 12:30:13    -2395.701919        0.611663
MDMin:   98 12:30:15    -2395.703044        0.564944
MDMin:   99 12:30:17    -2395.704144        0.504716
MDMin:  100 12:30:19    -2395.705217        0.441752
MDMin:  101 12:30:21    -2395.706264        0.457729
MDMin:  102 12:30:23    -2395.707278        0.472463
MDMin:  103 12:30:25    -2395.708215        0.693435
MDMin:  104 12:30:27    -2395.708714        0.870615
MDMin:  105 12:30:29    -2395.708787        0.603453
MDMin:  106 12:30:31    -2395.708906        0.490158
MDMin:  107 12:30:33    -2395.709069        0.491269
MDMin:  108 12:30:35    -2395.709266        0.492520
MDMin:  109 12:30:37    -2395.709493        0.493837
MDMin:  110 12:30:39    -2395.709750        0.495161
MDMin:  111 12:30:41    -2395.710033        0.496431
MDMin:  112 12:30:43    -2395.710344        0.497648
MDMin:  113 12:30:45    -2395.710680        0.498823
MDMin:  114 12:30:47    -2395.711040        0.499969
MDMin:  115 12:30:49    -2395.711422        0.501135
MDMin:  116 12:30:51    -2395.711826        0.502418
MDMin:  117 12:30:54    -2395.712250        0.503978
MDMin:  118 12:30:55    -2395.712693        0.506046
MDMin:  119 12:30:57    -2395.713154        0.509102
MDMin:  120 12:30:59    -2395.713632        0.513676
MDMin:  121 12:31:01    -2395.714125        0.520193
MDMin:  122 12:31:02    -2395.714631        0.528934
MDMin:  123 12:31:04    -2395.715150        0.539754
MDMin:  124 12:31:05    -2395.715680        0.551675
MDMin:  125 12:31:07    -2395.716218        0.562570
MDMin:  126 12:31:08    -2395.716766        0.569388
MDMin:  127 12:31:10    -2395.717321        0.569030
MDMin:  128 12:31:12    -2395.717864        0.559399
MDMin:  129 12:31:14    -2395.718219        0.820904
MDMin:  130 12:31:16    -2395.718280        0.544156
MDMin:  131 12:31:17    -2395.718374        0.539567
MDMin:  132 12:31:20    -2395.718497        0.532958
MDMin:  133 12:31:21    -2395.718640        0.524208
MDMin:  134 12:31:23    -2395.718804        0.512753
MDMin:  135 12:31:26    -2395.718989        0.497915
MDMin:  136 12:31:28    -2395.719195        0.478941
MDMin:  137 12:31:30    -2395.719423        0.455102
MDMin:  138 12:31:32    -2395.719674        0.425868
MDMin:  139 12:31:34    -2395.719949        0.391139
MDMin:  140 12:31:36    -2395.720248        0.393125
MDMin:  141 12:31:38    -2395.720574        0.399027
MDMin:  142 12:31:40    -2395.720929        0.399792
MDMin:  143 12:31:42    -2395.721314        0.394827
MDMin:  144 12:31:44    -2395.721732        0.384127
MDMin:  145 12:31:46    -2395.722187        0.368577
MDMin:  146 12:31:48    -2395.722683        0.370592
MDMin:  147 12:31:50    -2395.723224        0.370353
MDMin:  148 12:31:52    -2395.723816        0.367741
MDMin:  149 12:31:54    -2395.724463        0.362797
MDMin:  150 12:31:56    -2395.725118        0.487247
MDMin:  151 12:31:58    -2395.725441        0.557624
MDMin:  152 12:32:00    -2395.725492        0.379077
MDMin:  153 12:32:02    -2395.725577        0.350438
MDMin:  154 12:32:04    -2395.725698        0.348893
MDMin:  155 12:32:06    -2395.725849        0.346975
MDMin:  156 12:32:08    -2395.726029        0.344701
MDMin:  157 12:32:10    -2395.726240        0.342064
MDMin:  158 12:32:12    -2395.726484        0.339055
MDMin:  159 12:32:14    -2395.726762        0.335668
MDMin:  160 12:32:16    -2395.727076        0.331895
MDMin:  161 12:32:18    -2395.727430        0.327733
MDMin:  162 12:32:20    -2395.727826        0.323183
MDMin:  163 12:32:22    -2395.728267        0.318249
MDMin:  164 12:32:24    -2395.728760        0.312944
MDMin:  165 12:32:26    -2395.729307        0.307284
MDMin:  166 12:32:28    -2395.729917        0.301295
MDMin:  167 12:32:30    -2395.730595        0.295007
MDMin:  168 12:32:32    -2395.731350        0.288456
MDMin:  169 12:32:34    -2395.732192        0.281692
MDMin:  170 12:32:36    -2395.733132        0.274800
MDMin:  171 12:32:38    -2395.734184        0.267836
MDMin:  172 12:32:40    -2395.735362        0.260860
MDMin:  173 12:32:42    -2395.736676        0.253965
MDMin:  174 12:32:44    -2395.738045        0.358323
MDMin:  175 12:32:46    -2395.738896        0.498943
MDMin:  176 12:32:48    -2395.739101        0.243200
MDMin:  177 12:32:50    -2395.739415        0.241968
MDMin:  178 12:32:52    -2395.739807        0.240472
MDMin:  179 12:32:55    -2395.740276        0.238757
MDMin:  180 12:32:57    -2395.740826        0.236835
MDMin:  181 12:32:58    -2395.741462        0.234723
MDMin:  182 12:33:00    -2395.742191        0.232438
MDMin:  183 12:33:02    -2395.743023        0.229996
MDMin:  184 12:33:04    -2395.743967        0.227416
MDMin:  185 12:33:06    -2395.744693        0.224716
MDMin:  186 12:33:08    -2395.745148        0.222067
MDMin:  187 12:33:10    -2395.745675        0.219300
MDMin:  188 12:33:11    -2395.746275        0.223448
MDMin:  189 12:33:13    -2395.746952        0.228508
MDMin:  190 12:33:14    -2395.747707        0.234355
MDMin:  191 12:33:16    -2395.748545        0.241086
MDMin:  192 12:33:18    -2395.749469        0.248802
MDMin:  193 12:33:20    -2395.750485        0.257611
MDMin:  194 12:33:22    -2395.751601        0.267616
MDMin:  195 12:33:24    -2395.752827        0.278902
MDMin:  196 12:33:26    -2395.754173        0.291518
MDMin:  197 12:33:27    -2395.755653        0.305440
MDMin:  198 12:33:29    -2395.757284        0.320535
MDMin:  199 12:33:30    -2395.759084        0.336498
MDMin:  200 12:33:32    -2395.761071        0.352800
MDMin:  201 12:33:33    -2395.763227        0.368454
MDMin:  202 12:33:35    -2395.765291        0.596127
MDMin:  203 12:33:36    -2395.766372        0.386849
MDMin:  204 12:33:38    -2395.767041        0.390053
MDMin:  205 12:33:39    -2395.767854        0.393639
MDMin:  206 12:33:41    -2395.768809        0.397441
MDMin:  207 12:33:42    -2395.769918        0.401312
MDMin:  208 12:33:44    -2395.771193        0.405076
MDMin:  209 12:33:46    -2395.772652        0.408520
MDMin:  210 12:33:48    -2395.774310        0.411395
MDMin:  211 12:33:50    -2395.776191        0.413390
MDMin:  212 12:33:52    -2395.778317        0.414109
MDMin:  213 12:33:54    -2395.780717        0.413048
MDMin:  214 12:33:56    -2395.783422        0.424179
MDMin:  215 12:33:58    -2395.786466        0.469340
MDMin:  216 12:34:00    -2395.789887        0.526304
MDMin:  217 12:34:02    -2395.793724        0.598357
MDMin:  218 12:34:04    -2395.798012        0.688739
MDMin:  219 12:34:06    -2395.802787        0.798718
MDMin:  220 12:34:08    -2395.808082        0.923164
MDMin:  221 12:34:10    -2395.813951        1.043647
MDMin:  222 12:34:12    -2395.820509        1.124685
MDMin:  223 12:34:14    -2395.828009        1.126566
MDMin:  224 12:34:16    -2395.836910        1.038472
MDMin:  225 12:34:18    -2395.847870        0.898549
MDMin:  226 12:34:19    -2395.861629        0.762708
MDMin:  227 12:34:21    -2395.878858        0.702405
MDMin:  228 12:34:23    -2395.899630        0.764465
MDMin:  229 12:34:24    -2395.921556        0.873858
MDMin:  230 12:34:26    -2395.938713        0.867546
MDMin:  231 12:34:28    -2395.953540        0.899650
MDMin:  232 12:34:30    -2395.971078        0.933034
MDMin:  233 12:34:32    -2395.992491        0.962062
MDMin:  234 12:34:34    -2396.018503        1.003316
MDMin:  235 12:34:36    -2396.049669        1.050040
MDMin:  236 12:34:38    -2396.086063        1.077085
MDMin:  237 12:34:40    -2396.126818        1.070560
MDMin:  238 12:34:42    -2396.169813        1.020014
MDMin:  239 12:34:44    -2396.212016        0.924700
MDMin:  240 12:34:46    -2396.250597        0.804667
MDMin:  241 12:34:48    -2396.279916        1.018426
MDMin:  242 12:34:50    -2396.300679        0.820454
MDMin:  243 12:34:52    -2396.321625        0.684186
MDMin:  244 12:34:54    -2396.336459        0.656732
MDMin:  245 12:34:56    -2396.341041        0.697722
MDMin:  246 12:34:58    -2396.344089        0.674096
MDMin:  247 12:35:00    -2396.345976        0.679280
MDMin:  248 12:35:02    -2396.347827        0.683163
MDMin:  249 12:35:04    -2396.349799        0.686625
MDMin:  250 12:35:06    -2396.351894        0.688330
MDMin:  251 12:35:08    -2396.354098        0.687251
MDMin:  252 12:35:10    -2396.356397        0.681843
MDMin:  253 12:35:12    -2396.358778        0.671089
MDMin:  254 12:35:13    -2396.361223        0.654169
MDMin:  255 12:35:14    -2396.363707        0.631653
MDMin:  256 12:35:16    -2396.366163        0.604304
MDMin:  257 12:35:17    -2396.368382        0.602212
MDMin:  258 12:35:18    -2396.369824        0.607988
MDMin:  259 12:35:20    -2396.370585        0.545915
MDMin:  260 12:35:21    -2396.371419        0.533397
MDMin:  261 12:35:23    -2396.372342        0.518909
MDMin:  262 12:35:25    -2396.373346        0.502306
MDMin:  263 12:35:27    -2396.374422        0.483566
MDMin:  264 12:35:29    -2396.375557        0.462680
MDMin:  265 12:35:32    -2396.376740        0.439727
MDMin:  266 12:35:34    -2396.377959        0.414840
MDMin:  267 12:35:36    -2396.379200        0.388278
MDMin:  268 12:35:38    -2396.380451        0.360356
MDMin:  269 12:35:40    -2396.381698        0.353455
MDMin:  270 12:35:42    -2396.382927        0.353486
MDMin:  271 12:35:44    -2396.384098        0.355202
MDMin:  272 12:35:47    -2396.385035        0.663223
MDMin:  273 12:35:49    -2396.385402        0.336659
MDMin:  274 12:35:51    -2396.385706        0.340232
MDMin:  275 12:35:53    -2396.386044        0.337674
MDMin:  276 12:35:55    -2396.386417        0.336150
MDMin:  277 12:35:57    -2396.386822        0.334024
MDMin:  278 12:35:59    -2396.387257        0.332104
MDMin:  279 12:36:01    -2396.387717        0.329915
MDMin:  280 12:36:03    -2396.388200        0.328032
MDMin:  281 12:36:05    -2396.388702        0.325986
MDMin:  282 12:36:08    -2396.389222        0.324698
MDMin:  283 12:36:10    -2396.389756        0.323070
MDMin:  284 12:36:12    -2396.390301        0.323613
MDMin:  285 12:36:14    -2396.390855        0.321909
MDMin:  286 12:36:17    -2396.391412        0.328618
MDMin:  287 12:36:19    -2396.391946        0.401812
MDMin:  288 12:36:21    -2396.392353        0.578019
MDMin:  289 12:36:23    -2396.392531        0.330540
MDMin:  290 12:36:25    -2396.392716        0.334956
MDMin:  291 12:36:27    -2396.392923        0.336698
MDMin:  292 12:36:29    -2396.393152        0.340032
MDMin:  293 12:36:31    -2396.393404        0.343571
MDMin:  294 12:36:33    -2396.393676        0.348247
MDMin:  295 12:36:35    -2396.393969        0.353490
MDMin:  296 12:36:37    -2396.394283        0.359974
MDMin:  297 12:36:39    -2396.394616        0.366966
MDMin:  298 12:36:41    -2396.394970        0.375346
MDMin:  299 12:36:43    -2396.395345        0.383460
MDMin:  300 12:36:45    -2396.395740        0.393448
MDMin:  301 12:36:47    -2396.396158        0.400370
MDMin:  302 12:36:49    -2396.396598        0.412762
MDMin:  303 12:36:52    -2396.397050        0.410980
MDMin:  304 12:36:53    -2396.397472        0.557141
MDMin:  305 12:36:55    -2396.397750        0.482407
MDMin:  306 12:36:57    -2396.397931        0.428567
MDMin:  307 12:36:59    -2396.398123        0.426969
MDMin:  308 12:37:01    -2396.398343        0.429133
MDMin:  309 12:37:03    -2396.398591        0.429867
MDMin:  310 12:37:05    -2396.398871        0.431080
MDMin:  311 12:37:07    -2396.399182        0.431425
MDMin:  312 12:37:09    -2396.399529        0.431783
MDMin:  313 12:37:11    -2396.399913        0.430964
MDMin:  314 12:37:13    -2396.400337        0.430041
MDMin:  315 12:37:15    -2396.400805        0.427001
MDMin:  316 12:37:17    -2396.401321        0.424455
MDMin:  317 12:37:19    -2396.401889        0.416894
MDMin:  318 12:37:21    -2396.402512        0.414534
MDMin:  319 12:37:23    -2396.403168        0.394968
MDMin:  320 12:37:25    -2396.403765        0.620983
MDMin:  321 12:37:27    -2396.404082        0.381854
MDMin:  322 12:37:29    -2396.404344        0.385302
MDMin:  323 12:37:31    -2396.404633        0.378704
MDMin:  324 12:37:33    -2396.404965        0.374183
MDMin:  325 12:37:35    -2396.405340        0.368025
MDMin:  326 12:37:37    -2396.405761        0.362176
MDMin:  327 12:37:39    -2396.406230        0.355483
MDMin:  328 12:37:40    -2396.406748        0.349388
MDMin:  329 12:37:42    -2396.407317        0.342785
MDMin:  330 12:37:43    -2396.407940        0.337880
MDMin:  331 12:37:45    -2396.408615        0.332178
MDMin:  332 12:37:48    -2396.409344        0.331107
MDMin:  333 12:37:50    -2396.409986        0.325553
MDMin:  334 12:37:52    -2396.410097        0.398964
MDMin:  335 12:37:54    -2396.410179        0.417812
MDMin:  336 12:37:56    -2396.410221        0.391682
MDMin:  337 12:37:58    -2396.410249        0.335696
MDMin:  338 12:38:00    -2396.410278        0.339734
MDMin:  339 12:38:02    -2396.410308        0.343430
MDMin:  340 12:38:04    -2396.410337        0.348904
MDMin:  341 12:38:06    -2396.410364        0.355584
MDMin:  342 12:38:08    -2396.410387        0.364298
MDMin:  343 12:38:10    -2396.410407        0.374890
MDMin:  344 12:38:12    -2396.410421        0.388085
MDMin:  345 12:38:14    -2396.410429        0.403538
MDMin:  346 12:38:16    -2396.410430        0.421974
MDMin:  347 12:38:18    -2396.410423        0.442080
MDMin:  348 12:38:20    -2396.410408        0.464830
MDMin:  349 12:38:22    -2396.410384        0.486200
MDMin:  350 12:38:23    -2396.410353        0.510027
MDMin:  351 12:38:24    -2396.410315        0.524997
MDMin:  352 12:38:25    -2396.410272        0.550173
MDMin:  353 12:38:27    -2396.410232        0.549617
MDMin:  354 12:38:28    -2396.410201        0.573640
MDMin:  355 12:38:29    -2396.410177        0.572213
MDMin:  356 12:38:30    -2396.410151        0.582364
MDMin:  357 12:38:31    -2396.410122        0.589643
MDMin:  358 12:38:32    -2396.410090        0.599492
MDMin:  359 12:38:33    -2396.410055        0.608775
MDMin:  360 12:38:34    -2396.410018        0.618965
MDMin:  361 12:38:36    -2396.409978        0.627470
MDMin:  362 12:38:37    -2396.409936        0.634396
MDMin:  363 12:38:38    -2396.409893        0.636119
MDMin:  364 12:38:40    -2396.409850        0.631978
MDMin:  365 12:38:41    -2396.409807        0.616714
MDMin:  366 12:38:43    -2396.409766        0.671156
MDMin:  367 12:38:45    -2396.409730        0.722191
MDMin:  368 12:38:47    -2396.409698        0.776709
MDMin:  369 12:38:49    -2396.409675        0.801201
MDMin:  370 12:38:51    -2396.409664        0.825438
MDMin:  371 12:38:53    -2396.409667        0.779875
MDMin:  372 12:38:55    -2396.409683        0.761037
MDMin:  373 12:38:57    -2396.409704        0.693849
MDMin:  374 12:38:59    -2396.409734        0.654211
MDMin:  375 12:39:00    -2396.409775        0.593264
MDMin:  376 12:39:02    -2396.409833        0.536822
MDMin:  377 12:39:04    -2396.409913        0.470160
MDMin:  378 12:39:06    -2396.410022        0.412995
MDMin:  379 12:39:08    -2396.410166        0.351703
MDMin:  380 12:39:10    -2396.410355        0.307883
MDMin:  381 12:39:12    -2396.410577        0.268703
MDMin:  382 12:39:13    -2396.410819        0.334431
MDMin:  383 12:39:15    -2396.411009        0.242295
MDMin:  384 12:39:17    -2396.411165        0.232885
MDMin:  385 12:39:18    -2396.411298        0.225547
MDMin:  386 12:39:20    -2396.411435        0.219420
MDMin:  387 12:39:22    -2396.411590        0.213006
MDMin:  388 12:39:23    -2396.411768        0.206154
MDMin:  389 12:39:25    -2396.411971        0.198640
MDMin:  390 12:39:26    -2396.412202        0.190589
MDMin:  391 12:39:28    -2396.411847        0.181941
MDMin:  392 12:39:30    -2396.411444        0.177353
MDMin:  393 12:39:31    -2396.411086        0.175607
MDMin:  394 12:39:32    -2396.410776        0.173816
MDMin:  395 12:39:34    -2396.410516        0.172025
MDMin:  396 12:39:35    -2396.410312        0.170313
MDMin:  397 12:39:36    -2396.410164        0.168787
MDMin:  398 12:39:37    -2396.410066        0.167511
MDMin:  399 12:39:39    -2396.409998        0.166401
MDMin:  400 12:39:41    -2396.409949        0.165331
MDMin:  401 12:39:42    -2396.409915        0.164244
MDMin:  402 12:39:44    -2396.409899        0.165185
MDMin:  403 12:39:45    -2396.409902        0.166825
MDMin:  404 12:39:46    -2396.409928        0.168644
MDMin:  405 12:39:47    -2396.409981        0.170640
MDMin:  406 12:39:49    -2396.410062        0.172795
MDMin:  407 12:39:51    -2396.410173        0.175071
MDMin:  408 12:39:53    -2396.410316        0.177402
MDMin:  409 12:39:55    -2396.410487        0.179680
MDMin:  410 12:39:56    -2396.410677        0.181750
MDMin:  411 12:39:58    -2396.410868        0.183456
MDMin:  412 12:40:00    -2396.411050        0.184769
MDMin:  413 12:40:01    -2396.411227        0.185802
MDMin:  414 12:40:03    -2396.411414        0.186647
MDMin:  415 12:40:05    -2396.411618        0.187301
MDMin:  416 12:40:07    -2396.411844        0.187710
MDMin:  417 12:40:08    -2396.412094        0.187785
MDMin:  418 12:40:09    -2396.412371        0.187419
MDMin:  419 12:40:11    -2396.412675        0.186489
MDMin:  420 12:40:13    -2396.413008        0.184867
MDMin:  421 12:40:15    -2396.413370        0.182449
MDMin:  422 12:40:17    -2396.413760        0.179150
MDMin:  423 12:40:19    -2396.414171        0.174950
MDMin:  424 12:40:21    -2396.414593        0.169988
MDMin:  425 12:40:23    -2396.415002        0.164641
MDMin:  426 12:40:25    -2396.415377        0.159370
MDMin:  427 12:40:27    -2396.415723        0.154289
MDMin:  428 12:40:29    -2396.416065        0.151931
MDMin:  429 12:40:31    -2396.416422        0.153344
MDMin:  430 12:40:33    -2396.416806        0.154843
MDMin:  431 12:40:34    -2396.417221        0.156440
MDMin:  432 12:40:36    -2396.417672        0.158138
MDMin:  433 12:40:38    -2396.418161        0.159933
MDMin:  434 12:40:40    -2396.418691        0.161816
MDMin:  435 12:40:42    -2396.419263        0.163771
MDMin:  436 12:40:44    -2396.419876        0.165775
MDMin:  437 12:40:46    -2396.420526        0.167787
MDMin:  438 12:40:48    -2396.421197        0.169743
MDMin:  439 12:40:49    -2396.421861        0.171554
MDMin:  440 12:40:51    -2396.422487        0.173147
MDMin:  441 12:40:53    -2396.423071        0.174538
MDMin:  442 12:40:55    -2396.423645        0.175824
MDMin:  443 12:40:57    -2396.424242        0.177081
MDMin:  444 12:40:58    -2396.424881        0.178342
MDMin:  445 12:41:00    -2396.425575        0.179611
MDMin:  446 12:41:01    -2396.426330        0.180880
MDMin:  447 12:41:03    -2396.427153        0.182172
MDMin:  448 12:41:05    -2396.428050        0.188030
MDMin:  449 12:41:06    -2396.429024        0.195931
MDMin:  450 12:41:08    -2396.430079        0.204730
MDMin:  451 12:41:10    -2396.431214        0.214468
MDMin:  452 12:41:12    -2396.432426        0.225133
MDMin:  453 12:41:14    -2396.433698        0.236613
MDMin:  454 12:41:16    -2396.435006        0.248664
MDMin:  455 12:41:18    -2396.436317        0.260956
MDMin:  456 12:41:20    -2396.437613        0.273264
MDMin:  457 12:41:21    -2396.438904        0.285642
MDMin:  458 12:41:23    -2396.440225        0.298384
MDMin:  459 12:41:25    -2396.441610        0.311809
MDMin:  460 12:41:27    -2396.443088        0.326299
MDMin:  461 12:41:29    -2396.444676        0.342045
MDMin:  462 12:41:30    -2396.446389        0.359163
MDMin:  463 12:41:32    -2396.448235        0.377732
MDMin:  464 12:41:34    -2396.450225        0.397816
MDMin:  465 12:41:36    -2396.452363        0.419470
MDMin:  466 12:41:38    -2396.454654        0.442762
MDMin:  467 12:41:39    -2396.457098        0.467776
MDMin:  468 12:41:41    -2396.459689        0.494606
MDMin:  469 12:41:43    -2396.462418        0.523316
MDMin:  470 12:41:45    -2396.465267        0.553863
MDMin:  471 12:41:47    -2396.468211        0.585984
MDMin:  472 12:41:49    -2396.471218        0.619081
MDMin:  473 12:41:51    -2396.474258        0.652188
MDMin:  474 12:41:52    -2396.477308        0.684040
MDMin:  475 12:41:54    -2396.480361        0.713215
MDMin:  476 12:41:55    -2396.483425        0.738203
MDMin:  477 12:41:56    -2396.482950        0.757412
MDMin:  478 12:41:58    -2396.485811        0.767396
MDMin:  479 12:42:00    -2396.487960        0.771649
MDMin:  480 12:42:01    -2396.487048        0.768774
MDMin:  481 12:42:02    -2396.486068        0.756822
MDMin:  482 12:42:04    -2396.485036        0.733962
MDMin:  483 12:42:05    -2396.483962        0.699227
MDMin:  484 12:42:06    -2396.482859        0.656851
MDMin:  485 12:42:07    -2396.481741        0.686427
MDMin:  486 12:42:08    -2396.480628        0.717849
MDMin:  487 12:42:10    -2396.479551        0.751745
MDMin:  488 12:42:11    -2396.478561        0.787259
MDMin:  489 12:42:12    -2396.477723        0.820689
MDMin:  490 12:42:14    -2396.477057        0.847805
MDMin:  491 12:42:15    -2396.476486        0.867755
MDMin:  492 12:42:16    -2396.475937        0.878525
MDMin:  493 12:42:17    -2396.475381        0.873578
MDMin:  494 12:42:18    -2396.474808        0.844693
MDMin:  495 12:42:19    -2396.474210        0.787782
MDMin:  496 12:42:21    -2396.473582        0.708446
MDMin:  497 12:42:22    -2396.472919        0.620647
MDMin:  498 12:42:23    -2396.472229        0.553854
MDMin:  499 12:42:24    -2396.471540        0.490368
MDMin:  500 12:42:25    -2396.470945        0.432843
MDMin:  501 12:42:27    -2396.470562        0.396899
MDMin:  502 12:42:28    -2396.470279        0.376586
MDMin:  503 12:42:29    -2396.469990        0.359216
MDMin:  504 12:42:30    -2396.469681        0.341780
MDMin:  505 12:42:33    -2396.469350        0.324540
MDMin:  506 12:42:35    -2396.469001        0.307896
MDMin:  507 12:42:37    -2396.468637        0.292288
MDMin:  508 12:42:39    -2396.468260        0.278192
MDMin:  509 12:42:41    -2396.467875        0.272029
MDMin:  510 12:42:43    -2396.467487        0.271992
MDMin:  511 12:42:45    -2396.467100        0.272021
MDMin:  512 12:42:47    -2396.466723        0.271411
MDMin:  513 12:42:49    -2396.466374        0.271291
MDMin:  514 12:42:51    -2396.466095        0.291816
MDMin:  515 12:42:53    -2396.465918        0.268400
MDMin:  516 12:42:55    -2396.465779        0.267654
MDMin:  517 12:42:57    -2396.465639        0.267901
MDMin:  518 12:42:59    -2396.465494        0.269070
MDMin:  519 12:43:00    -2396.465343        0.276669
MDMin:  520 12:43:02    -2396.465188        0.285996
MDMin:  521 12:43:04    -2396.465031        0.297266
MDMin:  522 12:43:06    -2396.464873        0.310671
MDMin:  523 12:43:08    -2396.464716        0.326364
MDMin:  524 12:43:09    -2396.464562        0.344424
MDMin:  525 12:43:11    -2396.464410        0.364814
MDMin:  526 12:43:13    -2396.464264        0.387308
MDMin:  527 12:43:15    -2396.464124        0.411402
MDMin:  528 12:43:17    -2396.463990        0.436190
MDMin:  529 12:43:19    -2396.463865        0.460196
MDMin:  530 12:43:21    -2396.463750        0.481240
MDMin:  531 12:43:23    -2396.463651        0.496693
MDMin:  532 12:43:25    -2396.463576        0.505162
MDMin:  533 12:43:27    -2396.463523        0.508699
MDMin:  534 12:43:29    -2396.463475        0.509606
MDMin:  535 12:43:31    -2396.463426        0.507987
MDMin:  536 12:43:33    -2396.463375        0.503281
MDMin:  537 12:43:34    -2396.463323        0.494841
MDMin:  538 12:43:36    -2396.463269        0.482227
MDMin:  539 12:43:38    -2396.463212        0.465166
MDMin:  540 12:43:40    -2396.463154        0.443764
MDMin:  541 12:43:42    -2396.463094        0.418817
MDMin:  542 12:43:44    -2396.463034        0.391701
MDMin:  543 12:43:46    -2396.462975        0.364980
MDMin:  544 12:43:48    -2396.462927        0.344404
MDMin:  545 12:43:50    -2396.462900        0.333595
MDMin:  546 12:43:52    -2396.462877        0.324874
MDMin:  547 12:43:54    -2396.462853        0.316132
MDMin:  548 12:43:56    -2396.462826        0.307429
MDMin:  549 12:43:58    -2396.462797        0.299043
MDMin:  550 12:44:00    -2396.462766        0.291285
MDMin:  551 12:44:02    -2396.462733        0.284470
MDMin:  552 12:44:04    -2396.462698        0.278892
MDMin:  553 12:44:06    -2396.462661        0.274802
MDMin:  554 12:44:08    -2396.462623        0.272391
MDMin:  555 12:44:10    -2396.462584        0.271782
MDMin:  556 12:44:12    -2396.462543        0.273029
MDMin:  557 12:44:15    -2396.462502        0.276120
MDMin:  558 12:44:17    -2396.462460        0.281098
MDMin:  559 12:44:19    -2396.462418        0.287707
MDMin:  560 12:44:21    -2396.462381        0.295100
MDMin:  561 12:44:22    -2396.462351        0.301777
MDMin:  562 12:44:25    -2396.462328        0.307271
MDMin:  563 12:44:27    -2396.462307        0.312683
MDMin:  564 12:44:29    -2396.462285        0.318543
MDMin:  565 12:44:31    -2396.462262        0.324920
MDMin:  566 12:44:33    -2396.462237        0.334050
MDMin:  567 12:44:35    -2396.462211        0.351085
MDMin:  568 12:44:37    -2396.462185        0.369408
MDMin:  569 12:44:39    -2396.462157        0.388672
MDMin:  570 12:44:41    -2396.462128        0.408344
MDMin:  571 12:44:43    -2396.462098        0.427694
MDMin:  572 12:44:45    -2396.462067        0.445807
MDMin:  573 12:44:47    -2396.462035        0.461608
MDMin:  574 12:44:49    -2396.462003        0.473896
MDMin:  575 12:44:51    -2396.461969        0.481366
MDMin:  576 12:44:53    -2396.461935        0.482654
MDMin:  577 12:44:55    -2396.461899        0.476421
MDMin:  578 12:44:57    -2396.461863        0.461563
MDMin:  579 12:44:59    -2396.461825        0.437560
MDMin:  580 12:45:01    -2396.461787        0.436027
MDMin:  581 12:45:03    -2396.461749        0.451543
MDMin:  582 12:45:05    -2396.461714        0.463728
MDMin:  583 12:45:07    -2396.461685        0.470296
MDMin:  584 12:45:09    -2396.461665        0.472998
MDMin:  585 12:45:11    -2396.461646        0.474388
MDMin:  586 12:45:13    -2396.461626        0.474898
MDMin:  587 12:45:15    -2396.461605        0.474297
MDMin:  588 12:45:17    -2396.461582        0.472238
MDMin:  589 12:45:19    -2396.461558        0.468347
MDMin:  590 12:45:21    -2396.461532        0.462238
MDMin:  591 12:45:23    -2396.461504        0.453639
MDMin:  592 12:45:24    -2396.461475        0.442253
MDMin:  593 12:45:26    -2396.461445        0.427759
MDMin:  594 12:45:27    -2396.461413        0.409971
MDMin:  595 12:45:28    -2396.461381        0.389162
MDMin:  596 12:45:30    -2396.461351        0.367315
MDMin:  597 12:45:31    -2396.461329        0.350095
MDMin:  598 12:45:33    -2396.461316        0.339520
MDMin:  599 12:45:34    -2396.461303        0.329009
MDMin:  600 12:45:36    -2396.461289        0.320526
MDMin:  601 12:45:38    -2396.461274        0.316207
MDMin:  602 12:45:40    -2396.461258        0.311333
MDMin:  603 12:45:42    -2396.461241        0.305870
MDMin:  604 12:45:44    -2396.461222        0.299797
MDMin:  605 12:45:45    -2396.461203        0.293114
MDMin:  606 12:45:47    -2396.461183        0.285855
MDMin:  607 12:45:49    -2396.461163        0.278097
MDMin:  608 12:45:51    -2396.461142        0.269975
MDMin:  609 12:45:53    -2396.461120        0.261703
MDMin:  610 12:45:54    -2396.461099        0.253643
MDMin:  611 12:45:56    -2396.461080        0.246561
MDMin:  612 12:45:58    -2396.461068        0.242134
MDMin:  613 12:46:00    -2396.461062        0.240364
MDMin:  614 12:46:02    -2396.461057        0.238521
MDMin:  615 12:46:04    -2396.461050        0.236657
MDMin:  616 12:46:06    -2396.461044        0.234844
MDMin:  617 12:46:07    -2396.461037        0.233165
MDMin:  618 12:46:09    -2396.461030        0.231718
MDMin:  619 12:46:11    -2396.461023        0.230616
MDMin:  620 12:46:13    -2396.461016        0.229987
MDMin:  621 12:46:14    -2396.461010        0.229975
MDMin:  622 12:46:16    -2396.461004        0.230740
MDMin:  623 12:46:17    -2396.460999        0.232451
MDMin:  624 12:46:19    -2396.460995        0.235287
MDMin:  625 12:46:22    -2396.460992        0.239423
MDMin:  626 12:46:24    -2396.460990        0.245029
MDMin:  627 12:46:25    -2396.460990        0.252252
MDMin:  628 12:46:27    -2396.460991        0.261208
MDMin:  629 12:46:28    -2396.460995        0.271974
MDMin:  630 12:46:30    -2396.461001        0.284579
MDMin:  631 12:46:31    -2396.461008        0.298990
MDMin:  632 12:46:33    -2396.461019        0.315099
MDMin:  633 12:46:35    -2396.461032        0.332763
MDMin:  634 12:46:37    -2396.461048        0.351770
MDMin:  635 12:46:38    -2396.461067        0.371794
MDMin:  636 12:46:40    -2396.461089        0.392270
MDMin:  637 12:46:42    -2396.461114        0.412070
MDMin:  638 12:46:44    -2396.461138        0.428791
MDMin:  639 12:46:46    -2396.461156        0.439912
MDMin:  640 12:46:48    -2396.461171        0.447873
MDMin:  641 12:46:50    -2396.461186        0.455593
MDMin:  642 12:46:52    -2396.461203        0.463482
MDMin:  643 12:46:54    -2396.461223        0.471438
MDMin:  644 12:46:56    -2396.461245        0.479290
MDMin:  645 12:46:58    -2396.461270        0.486844
MDMin:  646 12:47:00    -2396.461298        0.493901
MDMin:  647 12:47:02    -2396.461330        0.500247
MDMin:  648 12:47:05    -2396.461366        0.505647
MDMin:  649 12:47:07    -2396.461406        0.509816
MDMin:  650 12:47:09    -2396.461451        0.512383
MDMin:  651 12:47:10    -2396.461501        0.512851
MDMin:  652 12:47:12    -2396.461556        0.510574
MDMin:  653 12:47:14    -2396.461619        0.504772
MDMin:  654 12:47:16    -2396.461688        0.494661
MDMin:  655 12:47:18    -2396.461765        0.479833
MDMin:  656 12:47:21    -2396.461843        0.461586
MDMin:  657 12:47:23    -2396.461905        0.445628
MDMin:  658 12:47:25    -2396.461943        0.435673
MDMin:  659 12:47:27    -2396.461981        0.425570
MDMin:  660 12:47:29    -2396.462024        0.414044
MDMin:  661 12:47:31    -2396.462073        0.400974
MDMin:  662 12:47:33    -2396.462129        0.386349
MDMin:  663 12:47:35    -2396.462191        0.370225
MDMin:  664 12:47:37    -2396.462262        0.352730
MDMin:  665 12:47:39    -2396.462342        0.334055
MDMin:  666 12:47:40    -2396.462431        0.314456
MDMin:  667 12:47:41    -2396.462532        0.294237
MDMin:  668 12:47:42    -2396.462645        0.273784
MDMin:  669 12:47:44    -2396.462772        0.253503
MDMin:  670 12:47:46    -2396.462912        0.242315
MDMin:  671 12:47:48    -2396.463064        0.246932
MDMin:  672 12:47:50    -2396.463208        0.251007
MDMin:  673 12:47:52    -2396.463294        0.253237
MDMin:  674 12:47:54    -2396.463347        0.254608
MDMin:  675 12:47:56    -2396.463406        0.256241
MDMin:  676 12:47:57    -2396.463473        0.258209
MDMin:  677 12:47:59    -2396.463548        0.260567
MDMin:  678 12:48:01    -2396.463631        0.263373
MDMin:  679 12:48:03    -2396.463723        0.266684
MDMin:  680 12:48:05    -2396.463822        0.270551
MDMin:  681 12:48:07    -2396.463930        0.275006
MDMin:  682 12:48:09    -2396.464047        0.280055
MDMin:  683 12:48:11    -2396.464172        0.285663
MDMin:  684 12:48:13    -2396.464306        0.291742
MDMin:  685 12:48:14    -2396.464448        0.298142
MDMin:  686 12:48:16    -2396.464598        0.304650
MDMin:  687 12:48:17    -2396.464757        0.310970
MDMin:  688 12:48:18    -2396.464924        0.316819
MDMin:  689 12:48:19    -2396.465100        0.321948
MDMin:  690 12:48:21    -2396.465285        0.326186
MDMin:  691 12:48:22    -2396.465480        0.329485
MDMin:  692 12:48:23    -2396.465685        0.331948
MDMin:  693 12:48:24    -2396.465900        0.333818
MDMin:  694 12:48:25    -2396.466124        0.335445
MDMin:  695 12:48:27    -2396.466353        0.337186
MDMin:  696 12:48:29    -2396.466559        0.339128
MDMin:  697 12:48:31    -2396.466676        0.340489
MDMin:  698 12:48:33    -2396.466742        0.341339
MDMin:  699 12:48:35    -2396.466816        0.342335
MDMin:  700 12:48:37    -2396.466898        0.343508
MDMin:  701 12:48:39    -2396.466987        0.344884
MDMin:  702 12:48:40    -2396.467085        0.346492
MDMin:  703 12:48:42    -2396.467095        0.348357
MDMin:  704 12:48:44    -2396.467018        0.350498
MDMin:  705 12:48:46    -2396.466935        0.352948
MDMin:  706 12:48:48    -2396.466847        0.355832
MDMin:  707 12:48:49    -2396.466754        0.359274
MDMin:  708 12:48:50    -2396.466656        0.363289
MDMin:  709 12:48:52    -2396.466554        0.367937
MDMin:  710 12:48:54    -2396.466448        0.373473
MDMin:  711 12:48:56    -2396.466339        0.380007
MDMin:  712 12:48:59    -2396.466227        0.387675
MDMin:  713 12:49:00    -2396.466113        0.396671
MDMin:  714 12:49:02    -2396.465999        0.407266
MDMin:  715 12:49:04    -2396.465885        0.419802
MDMin:  716 12:49:06    -2396.465772        0.434703
MDMin:  717 12:49:08    -2396.465661        0.452743
MDMin:  718 12:49:10    -2396.465553        0.474294
MDMin:  719 12:49:12    -2396.465449        0.499236
MDMin:  720 12:49:13    -2396.465349        0.526813
MDMin:  721 12:49:15    -2396.465255        0.555412
MDMin:  722 12:49:17    -2396.465165        0.582618
MDMin:  723 12:49:18    -2396.465080        0.605599
MDMin:  724 12:49:19    -2396.465001        0.621500
MDMin:  725 12:49:20    -2396.464930        0.627563
MDMin:  726 12:49:22    -2396.464869        0.621850
MDMin:  727 12:49:24    -2396.464817        0.604591
MDMin:  728 12:49:26    -2396.464770        0.576450
MDMin:  729 12:49:28    -2396.464725        0.536459
MDMin:  730 12:49:30    -2396.464678        0.483680
MDMin:  731 12:49:32    -2396.464630        0.419502
MDMin:  732 12:49:34    -2396.464579        0.403214
MDMin:  733 12:49:36    -2396.464527        0.413051
MDMin:  734 12:49:37    -2396.464474        0.417552
MDMin:  735 12:49:39    -2396.464422        0.419247
MDMin:  736 12:49:41    -2396.464377        0.420948
MDMin:  737 12:49:43    -2396.464338        0.424120
MDMin:  738 12:49:44    -2396.464305        0.429074
MDMin:  739 12:49:46    -2396.464274        0.436235
MDMin:  740 12:49:48    -2396.464242        0.446171
MDMin:  741 12:49:50    -2396.464211        0.459375
MDMin:  742 12:49:52    -2396.464179        0.476175
MDMin:  743 12:49:54    -2396.464147        0.496741
MDMin:  744 12:49:56    -2396.464116        0.521098
MDMin:  745 12:49:58    -2396.464086        0.549200
MDMin:  746 12:50:00    -2396.464056        0.580980
MDMin:  747 12:50:02    -2396.464027        0.616383
MDMin:  748 12:50:04    -2396.463999        0.658917
MDMin:  749 12:50:06    -2396.463972        0.704661
MDMin:  750 12:50:08    -2396.463946        0.744273
MDMin:  751 12:50:11    -2396.463921        0.794876
MDMin:  752 12:50:13    -2396.463896        0.850333
MDMin:  753 12:50:15    -2396.463872        0.910841
MDMin:  754 12:50:17    -2396.463848        0.975457
MDMin:  755 12:50:19    -2396.463824        1.041248
MDMin:  756 12:50:22    -2396.463801        1.102603
MDMin:  757 12:50:24    -2396.463777        1.151514
MDMin:  758 12:50:26    -2396.463754        1.178551
MDMin:  759 12:50:27    -2396.463730        1.173280
MDMin:  760 12:50:29    -2396.463706        1.123718
MDMin:  761 12:50:32    -2396.463680        1.015674
MDMin:  762 12:50:34    -2396.463653        0.840781
MDMin:  763 12:50:36    -2396.463624        0.632525
MDMin:  764 12:50:38    -2396.463597        0.560134
MDMin:  765 12:50:40    -2396.463588        0.456356
MDMin:  766 12:50:42    -2396.463581        0.435424
MDMin:  767 12:50:44    -2396.463573        0.413789
MDMin:  768 12:50:46    -2396.463565        0.392089
MDMin:  769 12:50:48    -2396.463555        0.370833
MDMin:  770 12:50:50    -2396.463545        0.350452
MDMin:  771 12:50:52    -2396.463534        0.331227
MDMin:  772 12:50:54    -2396.463522        0.313282
MDMin:  773 12:50:56    -2396.463510        0.296539
MDMin:  774 12:50:57    -2396.463497        0.283646
MDMin:  775 12:50:58    -2396.463483        0.270815
MDMin:  776 12:50:59    -2396.463469        0.257143
MDMin:  777 12:51:00    -2396.463455        0.242767
MDMin:  778 12:51:02    -2396.463441        0.227768
MDMin:  779 12:51:03    -2396.463426        0.212207
MDMin:  780 12:51:05    -2396.463411        0.196197
MDMin:  781 12:51:06    -2396.463399        0.265924
MDMin:  782 12:51:08    -2396.463396        0.178475
MDMin:  783 12:51:09    -2396.463393        0.175177
MDMin:  784 12:51:10    -2396.463390        0.171484
MDMin:  785 12:51:12    -2396.463386        0.167409
MDMin:  786 12:51:14    -2396.463382        0.162967
MDMin:  787 12:51:16    -2396.463378        0.158183
MDMin:  788 12:51:18    -2396.463374        0.153087
MDMin:  789 12:51:20    -2396.463369        0.147719
