       Step     Time          Energy          fmax
MDMin:    0 03:46:37    -2393.457367        6.968966
MDMin:    1 03:46:40    -2393.459669        7.198305
MDMin:    2 03:46:42    -2393.466289        7.747579
MDMin:    3 03:46:44    -2393.476344        7.890383
MDMin:    4 03:46:45    -2393.488658        6.224986
MDMin:    5 03:46:47    -2393.502415        4.879209
MDMin:    6 03:46:50    -2393.515857        5.959832
MDMin:    7 03:46:52    -2393.527299        4.394262
MDMin:    8 03:46:54    -2393.538171        2.060268
MDMin:    9 03:46:55    -2393.548379        1.877523
MDMin:   10 03:46:57    -2393.556602        2.420620
MDMin:   11 03:46:58    -2393.561014        2.446101
MDMin:   12 03:46:59    -2393.564755        1.778062
MDMin:   13 03:47:00    -2393.568576        1.617012
MDMin:   14 03:47:02    -2393.571412        3.200558
MDMin:   15 03:47:04    -2393.571764        1.614870
MDMin:   16 03:47:06    -2393.572387        1.143140
MDMin:   17 03:47:08    -2393.573217        1.122024
MDMin:   18 03:47:10    -2393.574216        1.086102
MDMin:   19 03:47:12    -2393.575390        1.034757
MDMin:   20 03:47:13    -2393.576753        1.009789
MDMin:   21 03:47:15    -2393.578318        0.994561
MDMin:   22 03:47:18    -2393.580102        0.980332
MDMin:   23 03:47:20    -2393.582119        0.971074
MDMin:   24 03:47:22    -2393.584384        0.968568
MDMin:   25 03:47:24    -2393.586912        0.970456
MDMin:   26 03:47:26    -2393.589724        0.968707
MDMin:   27 03:47:27    -2393.592854        0.950916
MDMin:   28 03:47:29    -2393.596356        0.908916
MDMin:   29 03:47:31    -2393.600309        0.850442
MDMin:   30 03:47:33    -2393.604808        0.796079
MDMin:   31 03:47:35    -2393.609956        0.761388
MDMin:   32 03:47:37    -2393.615861        0.764422
MDMin:   33 03:47:38    -2393.618595        0.785015
MDMin:   34 03:47:40    -2393.621113        0.816975
MDMin:   35 03:47:42    -2393.623431        1.644134
MDMin:   36 03:47:44    -2393.624369        0.885062
MDMin:   37 03:47:46    -2393.624961        0.900995
MDMin:   38 03:47:47    -2393.625693        0.921004
MDMin:   39 03:47:49    -2393.626553        0.944419
MDMin:   40 03:47:51    -2393.627546        0.970379
MDMin:   41 03:47:53    -2393.628679        0.996863
MDMin:   42 03:47:55    -2393.629960        1.020041
MDMin:   43 03:47:57    -2393.631398        1.033836
MDMin:   44 03:47:59    -2393.633006        1.030547
MDMin:   45 03:48:01    -2393.634801        1.003380
MDMin:   46 03:48:03    -2393.636806        0.950073
MDMin:   47 03:48:05    -2393.639050        0.877156
MDMin:   48 03:48:07    -2393.641562        0.944949
MDMin:   49 03:48:09    -2393.644368        1.016834
MDMin:   50 03:48:11    -2393.647487        1.078057
MDMin:   51 03:48:12    -2393.650943        1.106198
MDMin:   52 03:48:15    -2393.654783        1.084149
MDMin:   53 03:48:16    -2393.659089        1.009874
MDMin:   54 03:48:18    -2393.663980        0.893162
MDMin:   55 03:48:19    -2393.669605        0.936080
MDMin:   56 03:48:21    -2393.676167        0.949916
MDMin:   57 03:48:22    -2393.683950        0.879417
MDMin:   58 03:48:24    -2393.693303        0.811445
MDMin:   59 03:48:25    -2393.703780        1.341020
MDMin:   60 03:48:27    -2393.710089        1.511863
MDMin:   61 03:48:28    -2393.711691        0.916518
MDMin:   62 03:48:30    -2393.714156        0.934314
MDMin:   63 03:48:32    -2393.717343        0.956891
MDMin:   64 03:48:34    -2393.721265        0.983518
MDMin:   65 03:48:36    -2393.726021        1.013257
MDMin:   66 03:48:38    -2393.731737        1.044153
MDMin:   67 03:48:39    -2393.738582        1.072941
MDMin:   68 03:48:41    -2393.746777        1.095113
MDMin:   69 03:48:44    -2393.756618        1.105352
MDMin:   70 03:48:46    -2393.768514        1.097898
MDMin:   71 03:48:48    -2393.783029        1.066940
MDMin:   72 03:48:50    -2393.800955        1.008962
MDMin:   73 03:48:52    -2393.823396        0.927810
MDMin:   74 03:48:53    -2393.851870        0.837016
MDMin:   75 03:48:54    -2393.888408        0.753665
MDMin:   76 03:48:55    -2393.935656        0.841034
MDMin:   77 03:48:57    -2393.996903        0.965787
MDMin:   78 03:48:58    -2394.075898        1.107018
MDMin:   79 03:48:59    -2394.176400        1.258422
MDMin:   80 03:49:01    -2394.301587        1.412630
MDMin:   81 03:49:02    -2394.448632        1.657166
MDMin:   82 03:49:04    -2394.591728        1.938508
MDMin:   83 03:49:06    -2394.769112        2.721538
MDMin:   84 03:49:08    -2394.960288        1.932450
MDMin:   85 03:49:10    -2395.198967        2.084555
MDMin:   86 03:49:12    -2395.427714        2.149698
MDMin:   87 03:49:14    -2395.636357        1.913442
MDMin:   88 03:49:16    -2395.852789        1.657329
MDMin:   89 03:49:17    -2396.061095        1.403839
MDMin:   90 03:49:19    -2396.262756        1.461333
MDMin:   91 03:49:20    -2396.460905        1.451597
MDMin:   92 03:49:22    -2396.633178        1.584369
MDMin:   93 03:49:23    -2396.706390        1.306896
MDMin:   94 03:49:25    -2396.728622        1.264404
MDMin:   95 03:49:26    -2396.757780        1.214558
MDMin:   96 03:49:27    -2396.790163        1.148140
MDMin:   97 03:49:28    -2396.823860        1.065177
MDMin:   98 03:49:29    -2396.857259        0.967270
MDMin:   99 03:49:31    -2396.889015        0.866567
MDMin:  100 03:49:32    -2396.918402        0.771919
MDMin:  101 03:49:33    -2396.945554        0.670021
MDMin:  102 03:49:35    -2396.971317        0.593897
MDMin:  103 03:49:36    -2396.996644        0.544704
MDMin:  104 03:49:37    -2397.022094        0.518492
MDMin:  105 03:49:39    -2397.047829        0.498966
MDMin:  106 03:49:40    -2397.073783        0.483671
MDMin:  107 03:49:42    -2397.099556        0.490921
MDMin:  108 03:49:44    -2397.122777        0.842364
MDMin:  109 03:49:46    -2397.133152        0.691673
MDMin:  110 03:49:47    -2397.136659        0.562486
MDMin:  111 03:49:49    -2397.141480        0.573710
MDMin:  112 03:49:50    -2397.147255        0.587466
MDMin:  113 03:49:52    -2397.153893        0.603559
MDMin:  114 03:49:54    -2397.161362        0.621742
MDMin:  115 03:49:56    -2397.169624        0.641456
MDMin:  116 03:49:57    -2397.178638        0.661664
MDMin:  117 03:50:00    -2397.188364        0.680680
MDMin:  118 03:50:02    -2397.198762        0.696038
MDMin:  119 03:50:04    -2397.209796        0.704532
MDMin:  120 03:50:06    -2397.221438        0.702567
MDMin:  121 03:50:07    -2397.233668        0.687037
MDMin:  122 03:50:09    -2397.246468        0.656599
MDMin:  123 03:50:11    -2397.259824        0.612719
MDMin:  124 03:50:13    -2397.273711        0.559649
MDMin:  125 03:50:15    -2397.288100        0.517221
MDMin:  126 03:50:17    -2397.302958        0.524718
MDMin:  127 03:50:19    -2397.318249        0.531342
MDMin:  128 03:50:21    -2397.333944        0.545423
MDMin:  129 03:50:23    -2397.350003        0.563299
MDMin:  130 03:50:25    -2397.366324        0.580622
MDMin:  131 03:50:27    -2397.379333        0.791852
MDMin:  132 03:50:28    -2397.379924        0.733196
MDMin:  133 03:50:29    -2397.380777        0.683742
MDMin:  134 03:50:30    -2397.381865        0.637926
MDMin:  135 03:50:32    -2397.383235        0.603948
MDMin:  136 03:50:33    -2397.384910        0.602771
MDMin:  137 03:50:34    -2397.381692        0.599507
MDMin:  138 03:50:36    -2397.379785        0.593696
MDMin:  139 03:50:38    -2397.377897        0.585117
MDMin:  140 03:50:40    -2397.376049        0.573890
MDMin:  141 03:50:42    -2397.374292        0.566839
MDMin:  142 03:50:44    -2397.372724        0.571036
MDMin:  143 03:50:46    -2397.371501        0.573188
MDMin:  144 03:50:48    -2397.370563        0.574083
MDMin:  145 03:50:49    -2397.369661        0.574310
MDMin:  146 03:50:51    -2397.368703        0.573872
MDMin:  147 03:50:53    -2397.367673        0.572633
MDMin:  148 03:50:54    -2397.366566        0.579247
MDMin:  149 03:50:56    -2397.365387        0.586687
MDMin:  150 03:50:58    -2397.364141        0.593989
MDMin:  151 03:51:00    -2397.362842        0.601226
MDMin:  152 03:51:02    -2397.361513        0.608629
MDMin:  153 03:51:03    -2397.360209        0.616728
MDMin:  154 03:51:04    -2397.359037        0.625738
MDMin:  155 03:51:06    -2397.358143        0.634322
MDMin:  156 03:51:08    -2397.357468        0.642218
MDMin:  157 03:51:09    -2397.356820        0.651273
MDMin:  158 03:51:11    -2397.356144        0.662632
MDMin:  159 03:51:13    -2397.355436        0.677081
MDMin:  160 03:51:15    -2397.354703        0.695371
MDMin:  161 03:51:17    -2397.353959        0.718176
MDMin:  162 03:51:19    -2397.353218        0.745864
MDMin:  163 03:51:21    -2397.352495        0.778026
MDMin:  164 03:51:22    -2397.351808        0.812754
MDMin:  165 03:51:24    -2397.351173        0.845742
MDMin:  166 03:51:26    -2397.350606        0.869951
MDMin:  167 03:51:28    -2397.350126        0.877349
MDMin:  168 03:51:30    -2397.349750        0.864115
MDMin:  169 03:51:31    -2397.349488        0.849355
MDMin:  170 03:51:34    -2397.349319        0.824459
MDMin:  171 03:51:36    -2397.349205        0.792890
MDMin:  172 03:51:37    -2397.349127        0.762486
MDMin:  173 03:51:39    -2397.349089        0.740785
MDMin:  174 03:51:41    -2397.349099        0.707180
MDMin:  175 03:51:43    -2397.349174        0.661311
MDMin:  176 03:51:45    -2397.349327        0.604903
MDMin:  177 03:51:47    -2397.349569        0.542506
MDMin:  178 03:51:49    -2397.349888        0.499667
MDMin:  179 03:51:51    -2397.350225        0.492637
MDMin:  180 03:51:53    -2397.350522        0.485940
MDMin:  181 03:51:55    -2397.350819        0.478975
MDMin:  182 03:51:57    -2397.351162        0.470813
MDMin:  183 03:51:58    -2397.351569        0.461035
MDMin:  184 03:52:00    -2397.352052        0.449427
MDMin:  185 03:52:02    -2397.352622        0.435896
MDMin:  186 03:52:04    -2397.353285        0.420460
MDMin:  187 03:52:06    -2397.354042        0.413244
MDMin:  188 03:52:08    -2397.354884        0.415483
MDMin:  189 03:52:10    -2397.355756        0.416410
MDMin:  190 03:52:12    -2397.356536        0.416252
MDMin:  191 03:52:14    -2397.357130        0.415616
MDMin:  192 03:52:16    -2397.357665        0.414802
MDMin:  193 03:52:18    -2397.358245        0.413764
MDMin:  194 03:52:19    -2397.358896        0.412455
MDMin:  195 03:52:21    -2397.359627        0.410848
MDMin:  196 03:52:23    -2397.360445        0.408931
MDMin:  197 03:52:25    -2397.361352        0.406709
MDMin:  198 03:52:27    -2397.362350        0.404202
MDMin:  199 03:52:29    -2397.363439        0.401451
MDMin:  200 03:52:31    -2397.364609        0.398527
MDMin:  201 03:52:33    -2397.365815        0.395567
MDMin:  202 03:52:35    -2397.366942        0.392856
MDMin:  203 03:52:36    -2397.367813        0.390779
MDMin:  204 03:52:37    -2397.368497        0.389168
MDMin:  205 03:52:39    -2397.369195        0.387556
MDMin:  206 03:52:40    -2397.369967        0.385827
MDMin:  207 03:52:42    -2397.370823        0.383965
MDMin:  208 03:52:44    -2397.371769        0.381969
MDMin:  209 03:52:46    -2397.372807        0.379836
MDMin:  210 03:52:48    -2397.373938        0.377558
MDMin:  211 03:52:50    -2397.375162        0.386855
MDMin:  212 03:52:52    -2397.376475        0.404302
MDMin:  213 03:52:54    -2397.377863        0.423892
MDMin:  214 03:52:56    -2397.379290        0.444939
MDMin:  215 03:52:58    -2397.380655        0.465445
MDMin:  216 03:53:00    -2397.381790        0.482268
MDMin:  217 03:53:02    -2397.382661        0.494669
MDMin:  218 03:53:04    -2397.383468        0.505473
MDMin:  219 03:53:06    -2397.384327        0.515940
MDMin:  220 03:53:08    -2397.385266        0.525774
MDMin:  221 03:53:10    -2397.386291        0.534121
MDMin:  222 03:53:11    -2397.387405        0.539804
MDMin:  223 03:53:14    -2397.388610        0.541412
MDMin:  224 03:53:15    -2397.388204        0.537498
MDMin:  225 03:53:17    -2397.388968        0.526893
MDMin:  226 03:53:19    -2397.389613        0.508907
MDMin:  227 03:53:21    -2397.390128        0.484192
MDMin:  228 03:53:23    -2397.390502        0.455952
MDMin:  229 03:53:25    -2397.390722        0.431164
MDMin:  230 03:53:27    -2397.390833        0.413623
MDMin:  231 03:53:29    -2397.390912        0.397405
MDMin:  232 03:53:30    -2397.390973        0.379969
MDMin:  233 03:53:32    -2397.391016        0.374610
MDMin:  234 03:53:34    -2397.391033        0.376217
MDMin:  235 03:53:36    -2397.391020        0.376864
MDMin:  236 03:53:38    -2397.390971        0.376491
MDMin:  237 03:53:40    -2397.390881        0.375113
MDMin:  238 03:53:42    -2397.390746        0.372837
MDMin:  239 03:53:44    -2397.390565        0.369897
MDMin:  240 03:53:46    -2397.390350        0.366695
MDMin:  241 03:53:48    -2397.390139        0.364106
MDMin:  242 03:53:50    -2397.389982        0.361984
MDMin:  243 03:53:51    -2397.389840        0.360418
MDMin:  244 03:53:52    -2397.389683        0.358851
MDMin:  245 03:53:53    -2397.389503        0.357897
MDMin:  246 03:53:55    -2397.389298        0.362019
MDMin:  247 03:53:57    -2397.389066        0.367539
MDMin:  248 03:53:59    -2397.388808        0.374794
MDMin:  249 03:54:01    -2397.388523        0.384146
MDMin:  250 03:54:03    -2397.388213        0.395946
MDMin:  251 03:54:05    -2397.387880        0.410446
MDMin:  252 03:54:07    -2397.387531        0.427598
MDMin:  253 03:54:09    -2397.387179        0.446564
MDMin:  254 03:54:11    -2397.386859        0.464889
MDMin:  255 03:54:13    -2397.386616        0.478963
MDMin:  256 03:54:15    -2397.386434        0.489436
MDMin:  257 03:54:17    -2397.386254        0.499513
MDMin:  258 03:54:19    -2397.386061        0.509743
MDMin:  259 03:54:21    -2397.385854        0.519698
MDMin:  260 03:54:23    -2397.385635        0.528595
MDMin:  261 03:54:25    -2397.385405        0.535385
MDMin:  262 03:54:27    -2397.385166        0.538811
MDMin:  263 03:54:29    -2397.384921        0.537521
MDMin:  264 03:54:30    -2397.384674        0.530261
MDMin:  265 03:54:32    -2397.384427        0.516241
MDMin:  266 03:54:34    -2397.384186        0.495451
MDMin:  267 03:54:37    -2397.383962        0.469439
MDMin:  268 03:54:39    -2397.383774        0.442659
MDMin:  269 03:54:41    -2397.383644        0.421864
MDMin:  270 03:54:43    -2397.383553        0.406174
MDMin:  271 03:54:45    -2397.383466        0.390088
MDMin:  272 03:54:47    -2397.383377        0.372422
MDMin:  273 03:54:48    -2397.383287        0.358375
MDMin:  274 03:54:49    -2397.383199        0.359182
MDMin:  275 03:54:51    -2397.383114        0.358488
MDMin:  276 03:54:53    -2397.383037        0.359453
MDMin:  277 03:54:55    -2397.382972        0.360121
MDMin:  278 03:54:57    -2397.382921        0.358946
MDMin:  279 03:54:59    -2397.382889        0.355305
MDMin:  280 03:55:01    -2397.382880        0.348812
MDMin:  281 03:55:03    -2397.382892        0.340327
MDMin:  282 03:55:05    -2397.382912        0.332743
MDMin:  283 03:55:07    -2397.382933        0.326517
MDMin:  284 03:55:09    -2397.382960        0.319579
MDMin:  285 03:55:11    -2397.382997        0.311274
MDMin:  286 03:55:13    -2397.383046        0.308363
MDMin:  287 03:55:15    -2397.383109        0.308324
MDMin:  288 03:55:17    -2397.383190        0.308547
MDMin:  289 03:55:19    -2397.383291        0.309116
MDMin:  290 03:55:21    -2397.383416        0.310133
MDMin:  291 03:55:23    -2397.383568        0.311728
MDMin:  292 03:55:25    -2397.383749        0.314057
MDMin:  293 03:55:26    -2397.383958        0.317265
MDMin:  294 03:55:27    -2397.384185        0.321288
MDMin:  295 03:55:29    -2397.384384        0.329559
MDMin:  296 03:55:31    -2397.384524        0.328282
MDMin:  297 03:55:32    -2397.384654        0.331308
MDMin:  298 03:55:34    -2397.384800        0.334977
MDMin:  299 03:55:36    -2397.384968        0.339527
MDMin:  300 03:55:38    -2397.385160        0.345160
MDMin:  301 03:55:40    -2397.385377        0.352094
MDMin:  302 03:55:42    -2397.385622        0.360577
MDMin:  303 03:55:45    -2397.385896        0.370867
MDMin:  304 03:55:47    -2397.386202        0.383215
MDMin:  305 03:55:49    -2397.386540        0.397792
MDMin:  306 03:55:51    -2397.386911        0.414582
MDMin:  307 03:55:53    -2397.387311        0.433151
MDMin:  308 03:55:55    -2397.387727        0.452281
MDMin:  309 03:55:57    -2397.388117        0.469356
MDMin:  310 03:55:59    -2397.388424        0.481674
MDMin:  311 03:56:00    -2397.388666        0.490458
MDMin:  312 03:56:01    -2397.388910        0.498293
MDMin:  313 03:56:03    -2397.389179        0.505570
MDMin:  314 03:56:05    -2397.389477        0.511816
MDMin:  315 03:56:06    -2397.389808        0.516274
MDMin:  316 03:56:08    -2397.390172        0.518040
MDMin:  317 03:56:10    -2397.390571        0.516145
MDMin:  318 03:56:12    -2397.391008        0.509676
MDMin:  319 03:56:14    -2397.391484        0.497993
MDMin:  320 03:56:15    -2397.391999        0.480833
MDMin:  321 03:56:17    -2397.392550        0.458594
MDMin:  322 03:56:18    -2397.393123        0.432811
MDMin:  323 03:56:19    -2397.393665        0.407299
MDMin:  324 03:56:21    -2397.394091        0.387240
MDMin:  325 03:56:23    -2397.394418        0.372130
MDMin:  326 03:56:24    -2397.394745        0.364059
MDMin:  327 03:56:26    -2397.395106        0.364197
MDMin:  328 03:56:28    -2397.395510        0.363829
MDMin:  329 03:56:30    -2397.395959        0.362796
MDMin:  330 03:56:31    -2397.396457        0.360929
MDMin:  331 03:56:33    -2397.397006        0.358063
MDMin:  332 03:56:35    -2397.397609        0.354050
MDMin:  333 03:56:36    -2397.398265        0.348780
MDMin:  334 03:56:38    -2397.398971        0.342230
MDMin:  335 03:56:40    -2397.399706        0.334632
MDMin:  336 03:56:41    -2397.400406        0.355789
MDMin:  337 03:56:43    -2397.400948        0.340188
MDMin:  338 03:56:45    -2397.401354        0.347935
MDMin:  339 03:56:47    -2397.401764        0.355556
MDMin:  340 03:56:49    -2397.402218        0.363793
MDMin:  341 03:56:51    -2397.402723        0.372710
MDMin:  342 03:56:53    -2397.403282        0.382273
MDMin:  343 03:56:54    -2397.403898        0.392409
MDMin:  344 03:56:56    -2397.404572        0.403036
MDMin:  345 03:56:58    -2397.405303        0.414045
MDMin:  346 03:57:00    -2397.406093        0.425319
MDMin:  347 03:57:03    -2397.406939        0.436692
MDMin:  348 03:57:04    -2397.406785        0.447924
MDMin:  349 03:57:07    -2397.407290        0.458443
MDMin:  350 03:57:09    -2397.407680        0.467409
MDMin:  351 03:57:11    -2397.407941        0.473818
MDMin:  352 03:57:13    -2397.408126        0.478561
MDMin:  353 03:57:15    -2397.408296        0.483068
MDMin:  354 03:57:17    -2397.408467        0.487695
MDMin:  355 03:57:19    -2397.408639        0.492417
MDMin:  356 03:57:21    -2397.408809        0.497134
MDMin:  357 03:57:23    -2397.408977        0.501701
MDMin:  358 03:57:25    -2397.409142        0.505949
MDMin:  359 03:57:27    -2397.409302        0.509685
MDMin:  360 03:57:29    -2397.409456        0.512709
MDMin:  361 03:57:31    -2397.409605        0.514822
MDMin:  362 03:57:33    -2397.409747        0.515869
MDMin:  363 03:57:34    -2397.409876        0.515804
MDMin:  364 03:57:36    -2397.409982        0.514884
MDMin:  365 03:57:38    -2397.410058        0.513670
MDMin:  366 03:57:40    -2397.410123        0.512336
MDMin:  367 03:57:41    -2397.410189        0.510751
MDMin:  368 03:57:43    -2397.410261        0.508847
MDMin:  369 03:57:44    -2397.410340        0.506603
MDMin:  370 03:57:46    -2397.410425        0.504018
MDMin:  371 03:57:48    -2397.410518        0.501108
MDMin:  372 03:57:50    -2397.410618        0.497908
MDMin:  373 03:57:52    -2397.410727        0.494481
MDMin:  374 03:57:54    -2397.410845        0.490914
MDMin:  375 03:57:56    -2397.410970        0.487333
MDMin:  376 03:57:57    -2397.411100        0.483904
MDMin:  377 03:57:59    -2397.411223        0.480910
MDMin:  378 03:58:00    -2397.411323        0.478590
MDMin:  379 03:58:02    -2397.411406        0.476746
MDMin:  380 03:58:03    -2397.411490        0.474973
MDMin:  381 03:58:05    -2397.411583        0.473134
MDMin:  382 03:58:06    -2397.411686        0.473152
MDMin:  383 03:58:08    -2397.411802        0.488044
MDMin:  384 03:58:10    -2397.411930        0.502749
MDMin:  385 03:58:13    -2397.412073        0.516252
MDMin:  386 03:58:15    -2397.412230        0.527226
MDMin:  387 03:58:17    -2397.412402        0.534056
MDMin:  388 03:58:19    -2397.412589        0.535126
MDMin:  389 03:58:21    -2397.412786        0.529410
MDMin:  390 03:58:23    -2397.412978        0.517839
MDMin:  391 03:58:24    -2397.413138        0.504595
MDMin:  392 03:58:26    -2397.413264        0.492341
MDMin:  393 03:58:28    -2397.413387        0.479112
MDMin:  394 03:58:30    -2397.413524        0.463530
MDMin:  395 03:58:32    -2397.413676        0.445230
MDMin:  396 03:58:34    -2397.413847        0.424132
MDMin:  397 03:58:36    -2397.414038        0.412943
MDMin:  398 03:58:38    -2397.414250        0.405466
MDMin:  399 03:58:40    -2397.414483        0.397085
MDMin:  400 03:58:41    -2397.414738        0.387889
MDMin:  401 03:58:42    -2397.415006        0.378276
MDMin:  402 03:58:44    -2397.415261        0.375731
MDMin:  403 03:58:46    -2397.415455        0.362476
MDMin:  404 03:58:48    -2397.415600        0.357522
MDMin:  405 03:58:50    -2397.415749        0.352551
MDMin:  406 03:58:52    -2397.415916        0.347153
MDMin:  407 03:58:54    -2397.416104        0.341327
MDMin:  408 03:58:56    -2397.416315        0.335117
MDMin:  409 03:58:58    -2397.416549        0.328605
MDMin:  410 03:58:59    -2397.416808        0.321888
MDMin:  411 03:59:01    -2397.417091        0.315104
MDMin:  412 03:59:03    -2397.417401        0.308425
MDMin:  413 03:59:04    -2397.417730        0.302126
MDMin:  414 03:59:06    -2397.418061        0.299195
MDMin:  415 03:59:08    -2397.418331        0.302001
MDMin:  416 03:59:10    -2397.418502        0.296829
MDMin:  417 03:59:12    -2397.418660        0.296127
MDMin:  418 03:59:14    -2397.418835        0.295468
MDMin:  419 03:59:16    -2397.419030        0.294884
MDMin:  420 03:59:18    -2397.419247        0.294424
MDMin:  421 03:59:20    -2397.419486        0.294152
MDMin:  422 03:59:22    -2397.419747        0.294136
MDMin:  423 03:59:23    -2397.420031        0.294454
MDMin:  424 03:59:25    -2397.420337        0.295189
MDMin:  425 03:59:27    -2397.420665        0.296425
MDMin:  426 03:59:28    -2397.421014        0.298238
MDMin:  427 03:59:29    -2397.421375        0.300647
MDMin:  428 03:59:31    -2397.421729        0.303503
MDMin:  429 03:59:33    -2397.422015        0.306140
MDMin:  430 03:59:35    -2397.422203        0.308022
MDMin:  431 03:59:37    -2397.422372        0.309813
MDMin:  432 03:59:39    -2397.422556        0.311874
MDMin:  433 03:59:41    -2397.422758        0.314268
MDMin:  434 03:59:42    -2397.422980        0.317031
MDMin:  435 03:59:44    -2397.423221        0.320174
MDMin:  436 03:59:45    -2397.423481        0.323706
MDMin:  437 03:59:47    -2397.423760        0.327621
MDMin:  438 03:59:49    -2397.424057        0.331903
MDMin:  439 03:59:50    -2397.424371        0.336514
MDMin:  440 03:59:52    -2397.424702        0.341398
MDMin:  441 03:59:54    -2397.425047        0.346448
MDMin:  442 03:59:56    -2397.425401        0.351501
MDMin:  443 03:59:58    -2397.425749        0.356187
MDMin:  444 04:00:00    -2397.426055        0.359962
MDMin:  445 04:00:01    -2397.426279        0.362414
MDMin:  446 04:00:03    -2397.426462        0.364169
MDMin:  447 04:00:05    -2397.426650        0.365678
MDMin:  448 04:00:06    -2397.426854        0.366928
MDMin:  449 04:00:08    -2397.427077        0.367729
MDMin:  450 04:00:10    -2397.427318        0.367819
MDMin:  451 04:00:12    -2397.427578        0.366854
MDMin:  452 04:00:14    -2397.427857        0.364417
MDMin:  453 04:00:16    -2397.428154        0.360043
MDMin:  454 04:00:18    -2397.428470        0.353255
MDMin:  455 04:00:20    -2397.428802        0.364096
MDMin:  456 04:00:22    -2397.429150        0.385600
MDMin:  457 04:00:24    -2397.429507        0.408225
MDMin:  458 04:00:26    -2397.429858        0.430461
MDMin:  459 04:00:27    -2397.430162        0.449151
MDMin:  460 04:00:29    -2397.430396        0.462746
MDMin:  461 04:00:31    -2397.430599        0.473732
MDMin:  462 04:00:33    -2397.430812        0.484186
MDMin:  463 04:00:35    -2397.431043        0.494122
MDMin:  464 04:00:37    -2397.431296        0.502966
MDMin:  465 04:00:39    -2397.431573        0.509787
MDMin:  466 04:00:41    -2397.431875        0.513480
MDMin:  467 04:00:43    -2397.432204        0.512811
MDMin:  468 04:00:45    -2397.432560        0.506599
MDMin:  469 04:00:47    -2397.432943        0.494027
MDMin:  470 04:00:49    -2397.433351        0.475088
MDMin:  471 04:00:50    -2397.433762        0.451748
MDMin:  472 04:00:52    -2397.434121        0.429108
MDMin:  473 04:00:53    -2397.434375        0.412512
MDMin:  474 04:00:55    -2397.434598        0.397755
MDMin:  475 04:00:57    -2397.434840        0.381755
MDMin:  476 04:00:59    -2397.435112        0.363871
MDMin:  477 04:01:01    -2397.435418        0.344184
MDMin:  478 04:01:03    -2397.435761        0.322869
MDMin:  479 04:01:05    -2397.436144        0.300272
MDMin:  480 04:01:07    -2397.436571        0.295924
MDMin:  481 04:01:09    -2397.437042        0.292205
MDMin:  482 04:01:11    -2397.437558        0.286791
MDMin:  483 04:01:13    -2397.438096        0.280068
MDMin:  484 04:01:14    -2397.438580        0.273314
MDMin:  485 04:01:15    -2397.438889        0.268720
MDMin:  486 04:01:16    -2397.439139        0.264964
MDMin:  487 04:01:18    -2397.439414        0.260894
MDMin:  488 04:01:20    -2397.439727        0.256366
MDMin:  489 04:01:21    -2397.440080        0.251402
MDMin:  490 04:01:22    -2397.440476        0.246038
MDMin:  491 04:01:24    -2397.440917        0.240342
MDMin:  492 04:01:25    -2397.441407        0.234396
MDMin:  493 04:01:27    -2397.441946        0.228313
MDMin:  494 04:01:29    -2397.442537        0.222221
MDMin:  495 04:01:31    -2397.443181        0.216292
MDMin:  496 04:01:33    -2397.443874        0.210718
MDMin:  497 04:01:35    -2397.444583        0.205849
MDMin:  498 04:01:37    -2397.445201        0.217208
MDMin:  499 04:01:39    -2397.445562        0.200379
MDMin:  500 04:01:40    -2397.445861        0.198988
MDMin:  501 04:01:42    -2397.446191        0.197619
MDMin:  502 04:01:44    -2397.446563        0.196276
MDMin:  503 04:01:46    -2397.446978        0.195019
MDMin:  504 04:01:47    -2397.447438        0.193908
MDMin:  505 04:01:49    -2397.447943        0.193008
MDMin:  506 04:01:50    -2397.448493        0.192382
MDMin:  507 04:01:51    -2397.449090        0.192089
MDMin:  508 04:01:53    -2397.449734        0.192179
MDMin:  509 04:01:55    -2397.450424        0.192683
MDMin:  510 04:01:57    -2397.451160        0.193609
MDMin:  511 04:01:58    -2397.451278        0.282405
MDMin:  512 04:01:59    -2397.451407        0.242768
MDMin:  513 04:02:01    -2397.451551        0.219997
MDMin:  514 04:02:02    -2397.451712        0.204812
MDMin:  515 04:02:03    -2397.451886        0.198926
MDMin:  516 04:02:04    -2397.452068        0.200045
MDMin:  517 04:02:06    -2397.452253        0.200936
MDMin:  518 04:02:08    -2397.452435        0.201343
MDMin:  519 04:02:10    -2397.452605        0.200984
MDMin:  520 04:02:12    -2397.452748        0.199798
MDMin:  521 04:02:14    -2397.452847        0.198308
MDMin:  522 04:02:16    -2397.452922        0.196720
MDMin:  523 04:02:18    -2397.452994        0.194694
MDMin:  524 04:02:20    -2397.453070        0.191959
MDMin:  525 04:02:22    -2397.453149        0.189695
MDMin:  526 04:02:24    -2397.453231        0.198841
MDMin:  527 04:02:26    -2397.453315        0.208674
MDMin:  528 04:02:28    -2397.453401        0.219018
MDMin:  529 04:02:29    -2397.453487        0.229589
MDMin:  530 04:02:30    -2397.453573        0.240054
MDMin:  531 04:02:32    -2397.453658        0.249980
MDMin:  532 04:02:34    -2397.453742        0.258911
MDMin:  533 04:02:36    -2397.453824        0.266285
MDMin:  534 04:02:38    -2397.453899        0.271589
MDMin:  535 04:02:40    -2397.453961        0.274446
MDMin:  536 04:02:42    -2397.454005        0.275513
MDMin:  537 04:02:43    -2397.454040        0.275855
MDMin:  538 04:02:44    -2397.454076        0.275804
MDMin:  539 04:02:46    -2397.454114        0.275323
MDMin:  540 04:02:48    -2397.454154        0.274338
MDMin:  541 04:02:50    -2397.454196        0.272791
MDMin:  542 04:02:51    -2397.454240        0.270653
MDMin:  543 04:02:53    -2397.454286        0.267946
MDMin:  544 04:02:54    -2397.454332        0.264733
MDMin:  545 04:02:56    -2397.454380        0.261145
MDMin:  546 04:02:58    -2397.454427        0.257370
MDMin:  547 04:03:00    -2397.454472        0.253756
MDMin:  548 04:03:02    -2397.454510        0.250803
MDMin:  549 04:03:04    -2397.454535        0.248883
MDMin:  550 04:03:05    -2397.454556        0.247366
MDMin:  551 04:03:07    -2397.454578        0.245851
MDMin:  552 04:03:08    -2397.454601        0.244277
MDMin:  553 04:03:09    -2397.454626        0.242668
MDMin:  554 04:03:11    -2397.454653        0.241052
MDMin:  555 04:03:13    -2397.454681        0.239457
MDMin:  556 04:03:14    -2397.454711        0.237899
MDMin:  557 04:03:16    -2397.454743        0.236384
MDMin:  558 04:03:18    -2397.454775        0.234891
MDMin:  559 04:03:20    -2397.454809        0.233382
MDMin:  560 04:03:22    -2397.454843        0.231796
MDMin:  561 04:03:24    -2397.454873        0.230160
MDMin:  562 04:03:26    -2397.454897        0.228707
MDMin:  563 04:03:29    -2397.454913        0.227560
MDMin:  564 04:03:31    -2397.454928        0.226326
MDMin:  565 04:03:33    -2397.454945        0.224855
MDMin:  566 04:03:35    -2397.454964        0.223067
MDMin:  567 04:03:37    -2397.454984        0.220885
MDMin:  568 04:03:39    -2397.455006        0.218214
MDMin:  569 04:03:41    -2397.455030        0.214942
MDMin:  570 04:03:43    -2397.455055        0.210938
MDMin:  571 04:03:45    -2397.455082        0.206066
MDMin:  572 04:03:47    -2397.455111        0.200186
MDMin:  573 04:03:49    -2397.455142        0.193548
MDMin:  574 04:03:51    -2397.455173        0.190523
MDMin:  575 04:03:53    -2397.455201        0.187148
MDMin:  576 04:03:55    -2397.455222        0.184414
MDMin:  577 04:03:57    -2397.455236        0.182414
MDMin:  578 04:03:59    -2397.455251        0.180223
MDMin:  579 04:04:01    -2397.455267        0.177669
MDMin:  580 04:04:03    -2397.455285        0.174707
MDMin:  581 04:04:05    -2397.455305        0.171318
MDMin:  582 04:04:07    -2397.455327        0.167495
MDMin:  583 04:04:09    -2397.455352        0.163257
MDMin:  584 04:04:11    -2397.455378        0.158643
MDMin:  585 04:04:13    -2397.455407        0.153737
MDMin:  586 04:04:14    -2397.455439        0.148660
