       Step     Time          Energy          fmax
MDMin:    0 11:12:34    -2397.373507        0.148457
MDMin:    1 11:12:36    -2397.373506        0.148442
MDMin:    2 11:12:38    -2397.373502        0.148396
MDMin:    3 11:12:39    -2397.373495        0.148319
MDMin:    4 11:12:40    -2397.373485        0.148211
MDMin:    5 11:12:41    -2397.373473        0.148072
MDMin:    6 11:12:42    -2397.373458        0.147901
MDMin:    7 11:12:43    -2397.373440        0.147698
MDMin:    8 11:12:45    -2397.373419        0.147462
MDMin:    9 11:12:46    -2397.373396        0.147193
MDMin:   10 11:12:47    -2397.373370        0.146891
MDMin:   11 11:12:48    -2397.373342        0.146554
MDMin:   12 11:12:50    -2397.373311        0.146181
MDMin:   13 11:12:51    -2397.373277        0.145773
MDMin:   14 11:12:52    -2397.373242        0.145327
MDMin:   15 11:12:53    -2397.373204        0.144845
MDMin:   16 11:12:54    -2397.373163        0.144323
MDMin:   17 11:12:55    -2397.373121        0.143763
MDMin:   18 11:12:57    -2397.373077        0.143163
MDMin:   19 11:12:58    -2397.373030        0.142523
MDMin:   20 11:12:59    -2397.372982        0.141841
MDMin:   21 11:13:00    -2397.372932        0.141117
MDMin:   22 11:13:01    -2397.372880        0.140351
MDMin:   23 11:13:03    -2397.372827        0.139543
MDMin:   24 11:13:04    -2397.372772        0.138691
MDMin:   25 11:13:05    -2397.372716        0.137796
MDMin:   26 11:13:06    -2397.372659        0.136858
MDMin:   27 11:13:07    -2397.372600        0.135876
MDMin:   28 11:13:08    -2397.372541        0.134851
MDMin:   29 11:13:09    -2397.372481        0.133783
MDMin:   30 11:13:11    -2397.372420        0.132672
MDMin:   31 11:13:12    -2397.372358        0.131519
MDMin:   32 11:13:13    -2397.372296        0.130324
MDMin:   33 11:13:14    -2397.372233        0.129088
MDMin:   34 11:13:15    -2397.372170        0.127812
MDMin:   35 11:13:17    -2397.372107        0.126497
MDMin:   36 11:13:18    -2397.372044        0.125144
MDMin:   37 11:13:19    -2397.371981        0.123755
MDMin:   38 11:13:20    -2397.371918        0.122329
MDMin:   39 11:13:21    -2397.371856        0.120870
MDMin:   40 11:13:22    -2397.371793        0.121458
MDMin:   41 11:13:24    -2397.371732        0.123267
MDMin:   42 11:13:25    -2397.371670        0.124990
MDMin:   43 11:13:26    -2397.371610        0.126623
MDMin:   44 11:13:27    -2397.371550        0.128162
MDMin:   45 11:13:29    -2397.371491        0.129604
MDMin:   46 11:13:30    -2397.371433        0.130947
MDMin:   47 11:13:31    -2397.371375        0.132188
MDMin:   48 11:13:32    -2397.371319        0.133326
MDMin:   49 11:13:33    -2397.371264        0.134361
MDMin:   50 11:13:34    -2397.371210        0.135292
MDMin:   51 11:13:35    -2397.371158        0.136118
MDMin:   52 11:13:36    -2397.371106        0.136841
MDMin:   53 11:13:38    -2397.371056        0.137462
MDMin:   54 11:13:39    -2397.371008        0.137980
MDMin:   55 11:13:40    -2397.370961        0.138397
MDMin:   56 11:13:41    -2397.370915        0.138715
MDMin:   57 11:13:42    -2397.370871        0.138936
MDMin:   58 11:13:44    -2397.370828        0.139061
MDMin:   59 11:13:45    -2397.370787        0.139092
MDMin:   60 11:13:46    -2397.370747        0.139032
MDMin:   61 11:13:48    -2397.370709        0.138881
MDMin:   62 11:13:49    -2397.370673        0.138643
MDMin:   63 11:13:51    -2397.370638        0.138319
MDMin:   64 11:13:53    -2397.370605        0.137911
MDMin:   65 11:13:54    -2397.370573        0.137421
MDMin:   66 11:13:55    -2397.370543        0.136851
MDMin:   67 11:13:57    -2397.370515        0.136202
MDMin:   68 11:13:59    -2397.370488        0.135476
MDMin:   69 11:14:01    -2397.370463        0.134673
MDMin:   70 11:14:03    -2397.370439        0.133794
MDMin:   71 11:14:05    -2397.370417        0.132838
MDMin:   72 11:14:07    -2397.370397        0.131805
MDMin:   73 11:14:08    -2397.370378        0.130691
MDMin:   74 11:14:10    -2397.370360        0.129492
MDMin:   75 11:14:12    -2397.370344        0.128203
MDMin:   76 11:14:14    -2397.370328        0.126815
MDMin:   77 11:14:16    -2397.370315        0.125317
MDMin:   78 11:14:18    -2397.370302        0.123695
MDMin:   79 11:14:20    -2397.370290        0.124588
MDMin:   80 11:14:22    -2397.370280        0.126474
MDMin:   81 11:14:24    -2397.370270        0.127999
MDMin:   82 11:14:25    -2397.370262        0.129060
MDMin:   83 11:14:27    -2397.370254        0.129561
MDMin:   84 11:14:30    -2397.370247        0.129413
MDMin:   85 11:14:32    -2397.370240        0.128539
MDMin:   86 11:14:34    -2397.370234        0.126877
MDMin:   87 11:14:35    -2397.370229        0.124381
MDMin:   88 11:14:37    -2397.370224        0.121027
MDMin:   89 11:14:39    -2397.370220        0.116810
MDMin:   90 11:14:41    -2397.370216        0.111754
MDMin:   91 11:14:43    -2397.370212        0.105907
MDMin:   92 11:14:45    -2397.370209        0.099348
MDMin:   93 11:14:47    -2397.370206        0.092188
MDMin:   94 11:14:49    -2397.370203        0.087004
MDMin:   95 11:14:51    -2397.370201        0.102796
MDMin:   96 11:14:52    -2397.370200        0.160413
MDMin:   97 11:14:54    -2397.370199        0.087236
MDMin:   98 11:14:55    -2397.370199        0.087247
MDMin:   99 11:14:58    -2397.370198        0.087252
MDMin:  100 11:14:59    -2397.370198        0.087253
MDMin:  101 11:15:01    -2397.370197        0.087250
MDMin:  102 11:15:02    -2397.370197        0.087244
MDMin:  103 11:15:04    -2397.370196        0.087237
MDMin:  104 11:15:06    -2397.370196        0.087229
MDMin:  105 11:15:08    -2397.370195        0.087222
MDMin:  106 11:15:10    -2397.370195        0.087217
MDMin:  107 11:15:12    -2397.370194        0.087217
MDMin:  108 11:15:13    -2397.370194        0.087222
MDMin:  109 11:15:15    -2397.370193        0.087234
MDMin:  110 11:15:17    -2397.370193        0.087255
MDMin:  111 11:15:19    -2397.370193        0.087286
MDMin:  112 11:15:21    -2397.370192        0.087328
MDMin:  113 11:15:23    -2397.370192        0.087384
MDMin:  114 11:15:25    -2397.370192        0.087453
MDMin:  115 11:15:26    -2397.370191        0.087538
MDMin:  116 11:15:28    -2397.370191        0.087639
MDMin:  117 11:15:30    -2397.370191        0.087758
MDMin:  118 11:15:31    -2397.370190        0.087894
MDMin:  119 11:15:33    -2397.370190        0.088049
MDMin:  120 11:15:35    -2397.370190        0.088222
MDMin:  121 11:15:37    -2397.370190        0.088415
MDMin:  122 11:15:39    -2397.370190        0.088628
MDMin:  123 11:15:40    -2397.370190        0.088860
MDMin:  124 11:15:42    -2397.370189        0.089111
MDMin:  125 11:15:44    -2397.370189        0.089382
MDMin:  126 11:15:46    -2397.370189        0.089671
MDMin:  127 11:15:47    -2397.370189        0.089980
MDMin:  128 11:15:49    -2397.370189        0.090307
MDMin:  129 11:15:50    -2397.370189        0.090652
MDMin:  130 11:15:51    -2397.370189        0.091015
MDMin:  131 11:15:53    -2397.370189        0.091396
MDMin:  132 11:15:54    -2397.370189        0.091793
MDMin:  133 11:15:55    -2397.370189        0.092207
MDMin:  134 11:15:57    -2397.370189        0.092637
MDMin:  135 11:15:59    -2397.370189        0.093082
MDMin:  136 11:16:00    -2397.370189        0.093542
MDMin:  137 11:16:01    -2397.370189        0.094017
MDMin:  138 11:16:03    -2397.370189        0.094505
MDMin:  139 11:16:05    -2397.370189        0.095007
MDMin:  140 11:16:07    -2397.370189        0.095521
MDMin:  141 11:16:09    -2397.370190        0.096048
MDMin:  142 11:16:11    -2397.370190        0.096586
MDMin:  143 11:16:12    -2397.370190        0.097134
MDMin:  144 11:16:13    -2397.370190        0.097691
MDMin:  145 11:16:14    -2397.370190        0.098258
MDMin:  146 11:16:15    -2397.370190        0.098831
MDMin:  147 11:16:16    -2397.370190        0.099412
MDMin:  148 11:16:18    -2397.370190        0.099997
MDMin:  149 11:16:19    -2397.370191        0.100587
MDMin:  150 11:16:20    -2397.370191        0.101180
MDMin:  151 11:16:21    -2397.370191        0.101775
MDMin:  152 11:16:22    -2397.370191        0.102371
MDMin:  153 11:16:23    -2397.370191        0.102965
MDMin:  154 11:16:24    -2397.370192        0.103557
MDMin:  155 11:16:25    -2397.370192        0.104144
MDMin:  156 11:16:27    -2397.370192        0.104725
MDMin:  157 11:16:28    -2397.370192        0.105297
MDMin:  158 11:16:29    -2397.370192        0.105861
MDMin:  159 11:16:30    -2397.370192        0.106412
MDMin:  160 11:16:31    -2397.370193        0.106950
MDMin:  161 11:16:33    -2397.370193        0.107474
MDMin:  162 11:16:35    -2397.370193        0.107980
MDMin:  163 11:16:37    -2397.370193        0.108467
MDMin:  164 11:16:39    -2397.370193        0.108934
MDMin:  165 11:16:40    -2397.370194        0.109381
MDMin:  166 11:16:42    -2397.370194        0.109811
MDMin:  167 11:16:43    -2397.370194        0.110216
MDMin:  168 11:16:45    -2397.370194        0.110570
MDMin:  169 11:16:47    -2397.370194        0.110793
MDMin:  170 11:16:49    -2397.370194        0.110905
MDMin:  171 11:16:51    -2397.370194        0.111017
MDMin:  172 11:16:53    -2397.370194        0.111128
MDMin:  173 11:16:55    -2397.370194        0.111239
MDMin:  174 11:16:56    -2397.370194        0.111350
MDMin:  175 11:16:58    -2397.370195        0.111460
MDMin:  176 11:17:00    -2397.370195        0.111570
MDMin:  177 11:17:02    -2397.370195        0.111679
MDMin:  178 11:17:04    -2397.370195        0.111787
MDMin:  179 11:17:06    -2397.370195        0.111893
MDMin:  180 11:17:08    -2397.370195        0.111998
MDMin:  181 11:17:10    -2397.370195        0.112100
MDMin:  182 11:17:12    -2397.370195        0.112200
MDMin:  183 11:17:13    -2397.370195        0.112297
MDMin:  184 11:17:15    -2397.370195        0.112390
MDMin:  185 11:17:17    -2397.370195        0.112480
MDMin:  186 11:17:18    -2397.370195        0.112566
MDMin:  187 11:17:20    -2397.370195        0.112647
MDMin:  188 11:17:21    -2397.370195        0.112723
MDMin:  189 11:17:22    -2397.370195        0.112793
MDMin:  190 11:17:24    -2397.370196        0.112857
MDMin:  191 11:17:26    -2397.370196        0.112914
MDMin:  192 11:17:27    -2397.370196        0.112964
MDMin:  193 11:17:28    -2397.370196        0.113005
MDMin:  194 11:17:30    -2397.370196        0.113037
MDMin:  195 11:17:32    -2397.370196        0.113060
MDMin:  196 11:17:34    -2397.370196        0.113072
MDMin:  197 11:17:35    -2397.370196        0.113073
MDMin:  198 11:17:37    -2397.370196        0.113062
MDMin:  199 11:17:39    -2397.370196        0.113038
MDMin:  200 11:17:42    -2397.370196        0.112999
MDMin:  201 11:17:44    -2397.370196        0.112945
MDMin:  202 11:17:46    -2397.370197        0.112875
MDMin:  203 11:17:48    -2397.370197        0.112787
MDMin:  204 11:17:49    -2397.370197        0.112680
MDMin:  205 11:17:50    -2397.370197        0.112552
MDMin:  206 11:17:52    -2397.370197        0.112403
MDMin:  207 11:17:54    -2397.370197        0.112231
MDMin:  208 11:17:56    -2397.370197        0.112035
MDMin:  209 11:17:58    -2397.370197        0.111813
MDMin:  210 11:18:00    -2397.370197        0.111565
MDMin:  211 11:18:02    -2397.370197        0.111288
MDMin:  212 11:18:03    -2397.370197        0.110981
MDMin:  213 11:18:05    -2397.370198        0.110642
MDMin:  214 11:18:07    -2397.370198        0.110269
MDMin:  215 11:18:09    -2397.370198        0.109861
MDMin:  216 11:18:11    -2397.370198        0.109416
MDMin:  217 11:18:13    -2397.370198        0.108932
MDMin:  218 11:18:15    -2397.370198        0.108407
MDMin:  219 11:18:17    -2397.370198        0.107839
MDMin:  220 11:18:18    -2397.370198        0.107221
MDMin:  221 11:18:20    -2397.370198        0.106547
MDMin:  222 11:18:22    -2397.370199        0.105817
MDMin:  223 11:18:23    -2397.370199        0.105029
MDMin:  224 11:18:25    -2397.370199        0.104181
MDMin:  225 11:18:27    -2397.370199        0.103271
MDMin:  226 11:18:29    -2397.370199        0.102299
MDMin:  227 11:18:31    -2397.370199        0.101262
MDMin:  228 11:18:33    -2397.370199        0.100162
MDMin:  229 11:18:35    -2397.370199        0.098997
MDMin:  230 11:18:37    -2397.370199        0.097768
MDMin:  231 11:18:39    -2397.370200        0.096475
MDMin:  232 11:18:41    -2397.370200        0.095118
MDMin:  233 11:18:43    -2397.370200        0.093698
MDMin:  234 11:18:45    -2397.370200        0.092216
MDMin:  235 11:18:47    -2397.370200        0.090676
MDMin:  236 11:18:49    -2397.370200        0.089077
MDMin:  237 11:18:51    -2397.370200        0.087423
MDMin:  238 11:18:53    -2397.370200        0.085717
MDMin:  239 11:18:55    -2397.370201        0.083961
MDMin:  240 11:18:58    -2397.370201        0.082159
MDMin:  241 11:18:59    -2397.370201        0.080314
MDMin:  242 11:19:01    -2397.370201        0.078429
MDMin:  243 11:19:03    -2397.370201        0.076509
MDMin:  244 11:19:05    -2397.370201        0.074558
MDMin:  245 11:19:07    -2397.370201        0.072580
MDMin:  246 11:19:09    -2397.370202        0.070579
MDMin:  247 11:19:11    -2397.370202        0.068560
MDMin:  248 11:19:12    -2397.370202        0.066533
MDMin:  249 11:19:13    -2397.370202        0.064542
MDMin:  250 11:19:14    -2397.370202        0.121415
MDMin:  251 11:19:15    -2397.370202        0.062495
MDMin:  252 11:19:16    -2397.370202        0.062091
MDMin:  253 11:19:18    -2397.370202        0.061675
MDMin:  254 11:19:19    -2397.370202        0.061246
MDMin:  255 11:19:20    -2397.370202        0.060806
MDMin:  256 11:19:21    -2397.370202        0.060353
MDMin:  257 11:19:22    -2397.370202        0.059888
MDMin:  258 11:19:23    -2397.370202        0.059411
MDMin:  259 11:19:25    -2397.370203        0.058921
MDMin:  260 11:19:26    -2397.370203        0.058421
MDMin:  261 11:19:28    -2397.370203        0.057908
MDMin:  262 11:19:29    -2397.370203        0.057384
MDMin:  263 11:19:30    -2397.370203        0.056848
MDMin:  264 11:19:32    -2397.370203        0.056302
MDMin:  265 11:19:33    -2397.370203        0.055744
MDMin:  266 11:19:34    -2397.370203        0.055176
MDMin:  267 11:19:35    -2397.370203        0.054597
MDMin:  268 11:19:37    -2397.370203        0.054008
MDMin:  269 11:19:39    -2397.370203        0.053409
MDMin:  270 11:19:41    -2397.370203        0.052800
MDMin:  271 11:19:42    -2397.370203        0.052182
MDMin:  272 11:19:44    -2397.370203        0.051555
MDMin:  273 11:19:45    -2397.370203        0.050919
MDMin:  274 11:19:46    -2397.370203        0.050275
MDMin:  275 11:19:47    -2397.370203        0.049622
