       Step     Time          Energy          fmax
MDMin:    0 08:36:59    -2397.710934        0.149958
MDMin:    1 08:37:01    -2397.710934        0.149910
MDMin:    2 08:37:02    -2397.710932        0.149768
MDMin:    3 08:37:04    -2397.710929        0.149532
MDMin:    4 08:37:06    -2397.710925        0.149200
MDMin:    5 08:37:07    -2397.710920        0.148775
MDMin:    6 08:37:08    -2397.710914        0.148255
MDMin:    7 08:37:09    -2397.710906        0.147640
MDMin:    8 08:37:10    -2397.710898        0.146932
MDMin:    9 08:37:12    -2397.710889        0.146129
MDMin:   10 08:37:14    -2397.710878        0.145233
MDMin:   11 08:37:15    -2397.710867        0.144243
MDMin:   12 08:37:17    -2397.710855        0.143160
MDMin:   13 08:37:19    -2397.710842        0.141985
MDMin:   14 08:37:21    -2397.710829        0.140717
MDMin:   15 08:37:22    -2397.710815        0.139358
MDMin:   16 08:37:24    -2397.710800        0.137908
MDMin:   17 08:37:26    -2397.710785        0.136368
MDMin:   18 08:37:28    -2397.710770        0.134739
MDMin:   19 08:37:30    -2397.710754        0.133021
MDMin:   20 08:37:31    -2397.710738        0.131217
MDMin:   21 08:37:33    -2397.710722        0.129328
MDMin:   22 08:37:34    -2397.710706        0.127354
MDMin:   23 08:37:36    -2397.710689        0.127210
MDMin:   24 08:37:37    -2397.710673        0.127581
MDMin:   25 08:37:39    -2397.710657        0.127946
MDMin:   26 08:37:41    -2397.710642        0.128304
MDMin:   27 08:37:42    -2397.710627        0.128651
MDMin:   28 08:37:44    -2397.710612        0.128985
MDMin:   29 08:37:45    -2397.710598        0.129306
MDMin:   30 08:37:47    -2397.710584        0.129612
MDMin:   31 08:37:49    -2397.710571        0.129902
MDMin:   32 08:37:51    -2397.710559        0.130174
MDMin:   33 08:37:53    -2397.710547        0.130427
MDMin:   34 08:37:55    -2397.710536        0.130662
MDMin:   35 08:37:56    -2397.710526        0.130876
MDMin:   36 08:37:58    -2397.710518        0.131069
MDMin:   37 08:38:00    -2397.710510        0.131241
MDMin:   38 08:38:02    -2397.710503        0.131392
MDMin:   39 08:38:03    -2397.710497        0.131520
MDMin:   40 08:38:05    -2397.710492        0.131627
MDMin:   41 08:38:07    -2397.710489        0.131712
MDMin:   42 08:38:09    -2397.710487        0.131775
MDMin:   43 08:38:10    -2397.710486        0.131816
MDMin:   44 08:38:12    -2397.710486        0.131836
MDMin:   45 08:38:14    -2397.710488        0.131833
MDMin:   46 08:38:16    -2397.710490        0.132561
MDMin:   47 08:38:17    -2397.710495        0.133621
MDMin:   48 08:38:19    -2397.710500        0.134694
MDMin:   49 08:38:20    -2397.710507        0.135777
MDMin:   50 08:38:22    -2397.710516        0.136869
MDMin:   51 08:38:23    -2397.710526        0.137969
MDMin:   52 08:38:25    -2397.710537        0.139075
MDMin:   53 08:38:27    -2397.710550        0.140185
MDMin:   54 08:38:28    -2397.710564        0.141298
MDMin:   55 08:38:31    -2397.710580        0.143036
MDMin:   56 08:38:33    -2397.710597        0.145150
MDMin:   57 08:38:35    -2397.710616        0.147282
MDMin:   58 08:38:36    -2397.710636        0.149427
MDMin:   59 08:38:38    -2397.710658        0.151583
MDMin:   60 08:38:39    -2397.710681        0.153748
MDMin:   61 08:38:41    -2397.710706        0.155916
MDMin:   62 08:38:43    -2397.710732        0.158084
MDMin:   63 08:38:45    -2397.710760        0.160248
MDMin:   64 08:38:47    -2397.710789        0.162403
MDMin:   65 08:38:49    -2397.710819        0.164544
MDMin:   66 08:38:51    -2397.710851        0.166666
MDMin:   67 08:38:53    -2397.710884        0.168764
MDMin:   68 08:38:55    -2397.710919        0.170830
MDMin:   69 08:38:56    -2397.710955        0.172858
MDMin:   70 08:38:58    -2397.710992        0.174839
MDMin:   71 08:39:00    -2397.711030        0.176760
MDMin:   72 08:39:01    -2397.711069        0.178614
MDMin:   73 08:39:03    -2397.711110        0.180391
MDMin:   74 08:39:05    -2397.711151        0.182084
MDMin:   75 08:39:07    -2397.711193        0.183683
MDMin:   76 08:39:09    -2397.711237        0.185179
MDMin:   77 08:39:10    -2397.711281        0.186562
MDMin:   78 08:39:12    -2397.711326        0.187824
MDMin:   79 08:39:13    -2397.711372        0.188955
MDMin:   80 08:39:15    -2397.711419        0.189946
MDMin:   81 08:39:16    -2397.711466        0.190790
MDMin:   82 08:39:17    -2397.711514        0.191478
MDMin:   83 08:39:19    -2397.711562        0.192003
MDMin:   84 08:39:21    -2397.711611        0.192359
MDMin:   85 08:39:23    -2397.711660        0.192541
MDMin:   86 08:39:25    -2397.711710        0.192546
MDMin:   87 08:39:27    -2397.711760        0.192370
MDMin:   88 08:39:29    -2397.711810        0.192013
MDMin:   89 08:39:30    -2397.711860        0.191473
MDMin:   90 08:39:32    -2397.711911        0.190754
MDMin:   91 08:39:34    -2397.711961        0.189861
MDMin:   92 08:39:36    -2397.712012        0.188801
MDMin:   93 08:39:37    -2397.712062        0.187577
MDMin:   94 08:39:39    -2397.712113        0.186197
MDMin:   95 08:39:40    -2397.712163        0.184667
MDMin:   96 08:39:42    -2397.712213        0.182996
MDMin:   97 08:39:43    -2397.712263        0.181191
MDMin:   98 08:39:45    -2397.712313        0.179263
MDMin:   99 08:39:47    -2397.712362        0.177220
MDMin:  100 08:39:49    -2397.712411        0.175073
MDMin:  101 08:39:51    -2397.712460        0.172831
MDMin:  102 08:39:52    -2397.712509        0.170505
MDMin:  103 08:39:54    -2397.712557        0.168104
MDMin:  104 08:39:56    -2397.712604        0.165638
MDMin:  105 08:39:58    -2397.712651        0.163118
MDMin:  106 08:39:59    -2397.712698        0.160554
MDMin:  107 08:40:01    -2397.712744        0.157956
MDMin:  108 08:40:02    -2397.712789        0.157473
MDMin:  109 08:40:03    -2397.712833        0.157007
MDMin:  110 08:40:04    -2397.712875        0.156447
MDMin:  111 08:40:06    -2397.712907        0.171167
MDMin:  112 08:40:07    -2397.712923        0.155649
MDMin:  113 08:40:09    -2397.712936        0.155405
MDMin:  114 08:40:11    -2397.712950        0.155150
MDMin:  115 08:40:12    -2397.712963        0.154885
MDMin:  116 08:40:14    -2397.712977        0.154609
MDMin:  117 08:40:16    -2397.712991        0.154323
MDMin:  118 08:40:18    -2397.713006        0.154028
MDMin:  119 08:40:20    -2397.713020        0.153725
MDMin:  120 08:40:21    -2397.713035        0.153414
MDMin:  121 08:40:22    -2397.713049        0.153096
MDMin:  122 08:40:25    -2397.713064        0.152772
MDMin:  123 08:40:26    -2397.713079        0.152443
MDMin:  124 08:40:28    -2397.713094        0.152109
MDMin:  125 08:40:29    -2397.713109        0.151772
MDMin:  126 08:40:31    -2397.713125        0.151432
MDMin:  127 08:40:32    -2397.713140        0.151089
MDMin:  128 08:40:34    -2397.713155        0.150744
MDMin:  129 08:40:36    -2397.713171        0.150397
MDMin:  130 08:40:38    -2397.713186        0.150048
MDMin:  131 08:40:39    -2397.713202        0.149697
MDMin:  132 08:40:40    -2397.713217        0.149344
MDMin:  133 08:40:41    -2397.713233        0.151725
MDMin:  134 08:40:43    -2397.713248        0.155468
MDMin:  135 08:40:45    -2397.713264        0.159497
MDMin:  136 08:40:46    -2397.713279        0.163827
MDMin:  137 08:40:48    -2397.713294        0.168476
MDMin:  138 08:40:50    -2397.713310        0.173461
MDMin:  139 08:40:52    -2397.713325        0.178795
MDMin:  140 08:40:54    -2397.713340        0.184493
MDMin:  141 08:40:55    -2397.713355        0.190564
MDMin:  142 08:40:57    -2397.713369        0.197017
MDMin:  143 08:40:58    -2397.713384        0.203853
MDMin:  144 08:40:59    -2397.713398        0.211068
MDMin:  145 08:41:00    -2397.713412        0.218651
MDMin:  146 08:41:01    -2397.713426        0.226581
MDMin:  147 08:41:03    -2397.713440        0.234827
MDMin:  148 08:41:05    -2397.713453        0.243344
MDMin:  149 08:41:06    -2397.713466        0.252074
MDMin:  150 08:41:08    -2397.713479        0.260943
MDMin:  151 08:41:09    -2397.713492        0.269858
MDMin:  152 08:41:10    -2397.713504        0.278712
MDMin:  153 08:41:11    -2397.713516        0.287376
MDMin:  154 08:41:13    -2397.713528        0.295707
MDMin:  155 08:41:15    -2397.713540        0.303548
MDMin:  156 08:41:17    -2397.713551        0.310730
MDMin:  157 08:41:19    -2397.713563        0.317074
MDMin:  158 08:41:20    -2397.713574        0.322395
MDMin:  159 08:41:22    -2397.713585        0.326506
MDMin:  160 08:41:23    -2397.713596        0.329248
MDMin:  161 08:41:25    -2397.713606        0.330484
MDMin:  162 08:41:27    -2397.713617        0.330106
MDMin:  163 08:41:29    -2397.713627        0.328049
MDMin:  164 08:41:30    -2397.713637        0.324291
MDMin:  165 08:41:32    -2397.713647        0.318862
MDMin:  166 08:41:33    -2397.713658        0.311841
MDMin:  167 08:41:35    -2397.713668        0.303360
MDMin:  168 08:41:36    -2397.713678        0.293595
MDMin:  169 08:41:38    -2397.713688        0.282757
MDMin:  170 08:41:40    -2397.713698        0.271085
MDMin:  171 08:41:42    -2397.713708        0.258828
MDMin:  172 08:41:44    -2397.713718        0.246233
MDMin:  173 08:41:46    -2397.713728        0.233534
MDMin:  174 08:41:47    -2397.713738        0.220944
MDMin:  175 08:41:49    -2397.713748        0.208640
MDMin:  176 08:41:51    -2397.713758        0.196766
MDMin:  177 08:41:53    -2397.713768        0.185428
MDMin:  178 08:41:55    -2397.713778        0.174700
MDMin:  179 08:41:56    -2397.713788        0.164621
MDMin:  180 08:41:58    -2397.713798        0.155208
MDMin:  181 08:42:00    -2397.713808        0.149401
MDMin:  182 08:42:02    -2397.713818        0.144849
MDMin:  183 08:42:03    -2397.713828        0.139998
MDMin:  184 08:42:05    -2397.713838        0.134956
MDMin:  185 08:42:07    -2397.713848        0.129816
MDMin:  186 08:42:08    -2397.713858        0.124659
MDMin:  187 08:42:10    -2397.713867        0.123051
MDMin:  188 08:42:12    -2397.713876        0.182033
MDMin:  189 08:42:14    -2397.713881        0.197897
MDMin:  190 08:42:16    -2397.713882        0.127615
MDMin:  191 08:42:18    -2397.713884        0.128187
MDMin:  192 08:42:19    -2397.713885        0.128786
MDMin:  193 08:42:21    -2397.713887        0.129412
MDMin:  194 08:42:23    -2397.713889        0.130069
MDMin:  195 08:42:25    -2397.713891        0.130759
MDMin:  196 08:42:27    -2397.713892        0.131484
MDMin:  197 08:42:28    -2397.713894        0.132243
MDMin:  198 08:42:30    -2397.713896        0.133037
MDMin:  199 08:42:32    -2397.713898        0.133866
MDMin:  200 08:42:33    -2397.713900        0.134730
MDMin:  201 08:42:34    -2397.713902        0.135628
MDMin:  202 08:42:36    -2397.713904        0.136560
MDMin:  203 08:42:37    -2397.713907        0.137524
MDMin:  204 08:42:38    -2397.713909        0.138519
MDMin:  205 08:42:40    -2397.713911        0.139544
MDMin:  206 08:42:42    -2397.713913        0.140596
MDMin:  207 08:42:44    -2397.713915        0.141672
MDMin:  208 08:42:46    -2397.713918        0.142768
MDMin:  209 08:42:48    -2397.713920        0.143882
MDMin:  210 08:42:50    -2397.713922        0.145007
MDMin:  211 08:42:52    -2397.713925        0.146139
MDMin:  212 08:42:53    -2397.713927        0.147271
MDMin:  213 08:42:55    -2397.713930        0.148397
MDMin:  214 08:42:57    -2397.713932        0.149507
MDMin:  215 08:42:59    -2397.713935        0.150593
MDMin:  216 08:43:01    -2397.713937        0.151646
MDMin:  217 08:43:03    -2397.713940        0.152654
MDMin:  218 08:43:05    -2397.713942        0.153604
MDMin:  219 08:43:07    -2397.713945        0.154485
MDMin:  220 08:43:09    -2397.713947        0.155283
MDMin:  221 08:43:11    -2397.713950        0.155982
MDMin:  222 08:43:13    -2397.713952        0.156568
MDMin:  223 08:43:14    -2397.713955        0.157024
MDMin:  224 08:43:16    -2397.713958        0.157334
MDMin:  225 08:43:17    -2397.713960        0.157482
MDMin:  226 08:43:18    -2397.713963        0.157452
MDMin:  227 08:43:20    -2397.713966        0.157227
MDMin:  228 08:43:22    -2397.713968        0.156793
MDMin:  229 08:43:24    -2397.713971        0.156135
MDMin:  230 08:43:26    -2397.713973        0.155241
MDMin:  231 08:43:28    -2397.713976        0.154101
MDMin:  232 08:43:30    -2397.713979        0.152705
MDMin:  233 08:43:32    -2397.713981        0.151047
MDMin:  234 08:43:34    -2397.713984        0.149126
MDMin:  235 08:43:35    -2397.713987        0.146941
MDMin:  236 08:43:37    -2397.713990        0.144495
MDMin:  237 08:43:39    -2397.713992        0.141795
MDMin:  238 08:43:41    -2397.713995        0.138853
MDMin:  239 08:43:42    -2397.713998        0.135681
MDMin:  240 08:43:44    -2397.714001        0.132297
MDMin:  241 08:43:46    -2397.714003        0.128720
MDMin:  242 08:43:48    -2397.714006        0.124974
MDMin:  243 08:43:49    -2397.714009        0.121083
MDMin:  244 08:43:51    -2397.714012        0.117073
MDMin:  245 08:43:53    -2397.714015        0.112971
MDMin:  246 08:43:54    -2397.714017        0.108807
MDMin:  247 08:43:55    -2397.714020        0.104608
MDMin:  248 08:43:56    -2397.714023        0.100403
MDMin:  249 08:43:58    -2397.714026        0.096219
MDMin:  250 08:43:59    -2397.714029        0.092082
MDMin:  251 08:44:00    -2397.714032        0.088018
MDMin:  252 08:44:01    -2397.714035        0.084050
MDMin:  253 08:44:03    -2397.714038        0.080199
MDMin:  254 08:44:04    -2397.714041        0.076487
MDMin:  255 08:44:05    -2397.714044        0.072929
MDMin:  256 08:44:06    -2397.714047        0.069543
MDMin:  257 08:44:07    -2397.714050        0.068226
MDMin:  258 08:44:09    -2397.714053        0.067582
MDMin:  259 08:44:11    -2397.714056        0.066934
MDMin:  260 08:44:13    -2397.714059        0.066285
MDMin:  261 08:44:14    -2397.714062        0.065638
MDMin:  262 08:44:15    -2397.714065        0.065000
MDMin:  263 08:44:17    -2397.714068        0.071551
MDMin:  264 08:44:18    -2397.714070        0.138993
MDMin:  265 08:44:20    -2397.714071        0.063738
MDMin:  266 08:44:21    -2397.714071        0.063595
MDMin:  267 08:44:22    -2397.714072        0.063449
MDMin:  268 08:44:24    -2397.714073        0.063302
MDMin:  269 08:44:26    -2397.714073        0.063153
MDMin:  270 08:44:27    -2397.714074        0.063003
MDMin:  271 08:44:29    -2397.714075        0.062851
MDMin:  272 08:44:31    -2397.714076        0.062699
MDMin:  273 08:44:32    -2397.714076        0.062546
MDMin:  274 08:44:33    -2397.714077        0.062392
MDMin:  275 08:44:34    -2397.714078        0.062238
MDMin:  276 08:44:36    -2397.714079        0.062085
MDMin:  277 08:44:37    -2397.714080        0.061931
MDMin:  278 08:44:39    -2397.714081        0.061779
MDMin:  279 08:44:40    -2397.714081        0.061627
MDMin:  280 08:44:42    -2397.714082        0.061477
MDMin:  281 08:44:44    -2397.714083        0.061328
MDMin:  282 08:44:46    -2397.714084        0.061181
MDMin:  283 08:44:48    -2397.714085        0.061037
MDMin:  284 08:44:50    -2397.714086        0.060896
MDMin:  285 08:44:51    -2397.714087        0.060758
MDMin:  286 08:44:53    -2397.714088        0.060624
MDMin:  287 08:44:55    -2397.714089        0.060494
MDMin:  288 08:44:57    -2397.714090        0.060369
MDMin:  289 08:44:59    -2397.714091        0.060249
MDMin:  290 08:45:01    -2397.714092        0.060135
MDMin:  291 08:45:03    -2397.714093        0.060027
MDMin:  292 08:45:05    -2397.714094        0.059926
MDMin:  293 08:45:07    -2397.714095        0.059832
MDMin:  294 08:45:08    -2397.714096        0.059747
MDMin:  295 08:45:10    -2397.714097        0.059670
MDMin:  296 08:45:11    -2397.714098        0.059603
MDMin:  297 08:45:13    -2397.714099        0.059546
MDMin:  298 08:45:15    -2397.714100        0.059500
MDMin:  299 08:45:17    -2397.714101        0.059465
MDMin:  300 08:45:19    -2397.714102        0.059443
MDMin:  301 08:45:20    -2397.714103        0.059434
MDMin:  302 08:45:22    -2397.714104        0.059439
MDMin:  303 08:45:23    -2397.714105        0.059459
MDMin:  304 08:45:25    -2397.714106        0.059495
MDMin:  305 08:45:26    -2397.714108        0.059547
MDMin:  306 08:45:28    -2397.714109        0.059617
MDMin:  307 08:45:30    -2397.714110        0.059706
MDMin:  308 08:45:31    -2397.714111        0.059815
MDMin:  309 08:45:32    -2397.714112        0.059945
MDMin:  310 08:45:34    -2397.714113        0.060097
MDMin:  311 08:45:35    -2397.714114        0.060273
MDMin:  312 08:45:37    -2397.714115        0.060474
MDMin:  313 08:45:39    -2397.714116        0.060701
MDMin:  314 08:45:41    -2397.714117        0.060956
MDMin:  315 08:45:42    -2397.714119        0.061239
MDMin:  316 08:45:44    -2397.714120        0.061553
MDMin:  317 08:45:46    -2397.714121        0.061899
MDMin:  318 08:45:48    -2397.714122        0.062278
MDMin:  319 08:45:49    -2397.714123        0.062693
MDMin:  320 08:45:51    -2397.714124        0.063143
MDMin:  321 08:45:53    -2397.714125        0.063632
MDMin:  322 08:45:54    -2397.714126        0.064161
MDMin:  323 08:45:56    -2397.714127        0.064732
MDMin:  324 08:45:58    -2397.714128        0.065346
MDMin:  325 08:45:59    -2397.714129        0.066004
MDMin:  326 08:46:01    -2397.714131        0.066710
MDMin:  327 08:46:03    -2397.714132        0.067464
MDMin:  328 08:46:05    -2397.714133        0.068268
MDMin:  329 08:46:07    -2397.714134        0.069124
MDMin:  330 08:46:09    -2397.714135        0.070033
MDMin:  331 08:46:11    -2397.714136        0.070996
MDMin:  332 08:46:13    -2397.714137        0.072014
MDMin:  333 08:46:15    -2397.714138        0.073089
MDMin:  334 08:46:16    -2397.714139        0.074221
MDMin:  335 08:46:18    -2397.714140        0.075410
MDMin:  336 08:46:19    -2397.714141        0.076657
MDMin:  337 08:46:21    -2397.714142        0.077959
MDMin:  338 08:46:23    -2397.714143        0.079316
MDMin:  339 08:46:25    -2397.714144        0.080726
MDMin:  340 08:46:26    -2397.714145        0.082184
MDMin:  341 08:46:28    -2397.714146        0.083683
MDMin:  342 08:46:30    -2397.714147        0.085192
MDMin:  343 08:46:32    -2397.714147        0.086602
MDMin:  344 08:46:34    -2397.714148        0.087628
MDMin:  345 08:46:36    -2397.714148        0.088251
MDMin:  346 08:46:38    -2397.714149        0.088832
MDMin:  347 08:46:40    -2397.714149        0.089426
MDMin:  348 08:46:42    -2397.714149        0.090034
MDMin:  349 08:46:43    -2397.714150        0.090656
MDMin:  350 08:46:45    -2397.714150        0.091291
MDMin:  351 08:46:47    -2397.714150        0.091939
MDMin:  352 08:46:49    -2397.714151        0.092597
MDMin:  353 08:46:50    -2397.714151        0.093267
MDMin:  354 08:46:52    -2397.714151        0.093945
MDMin:  355 08:46:54    -2397.714152        0.094632
MDMin:  356 08:46:55    -2397.714152        0.095325
MDMin:  357 08:46:57    -2397.714153        0.096022
MDMin:  358 08:46:59    -2397.714153        0.096723
MDMin:  359 08:47:00    -2397.714153        0.097425
MDMin:  360 08:47:02    -2397.714154        0.098125
MDMin:  361 08:47:04    -2397.714154        0.098822
MDMin:  362 08:47:06    -2397.714154        0.099511
MDMin:  363 08:47:07    -2397.714155        0.100192
MDMin:  364 08:47:09    -2397.714155        0.100859
MDMin:  365 08:47:10    -2397.714156        0.101510
MDMin:  366 08:47:11    -2397.714156        0.102141
MDMin:  367 08:47:13    -2397.714156        0.102747
MDMin:  368 08:47:14    -2397.714157        0.103325
MDMin:  369 08:47:15    -2397.714157        0.103869
MDMin:  370 08:47:17    -2397.714158        0.104374
MDMin:  371 08:47:18    -2397.714158        0.104836
MDMin:  372 08:47:19    -2397.714158        0.105248
MDMin:  373 08:47:21    -2397.714159        0.105604
MDMin:  374 08:47:22    -2397.714159        0.105899
MDMin:  375 08:47:24    -2397.714160        0.106126
MDMin:  376 08:47:25    -2397.714160        0.106277
MDMin:  377 08:47:27    -2397.714160        0.106347
MDMin:  378 08:47:29    -2397.714161        0.106328
MDMin:  379 08:47:31    -2397.714161        0.106214
MDMin:  380 08:47:33    -2397.714162        0.105996
MDMin:  381 08:47:35    -2397.714162        0.105668
MDMin:  382 08:47:37    -2397.714162        0.105223
MDMin:  383 08:47:38    -2397.714163        0.104654
MDMin:  384 08:47:40    -2397.714163        0.103955
MDMin:  385 08:47:42    -2397.714164        0.103119
MDMin:  386 08:47:44    -2397.714164        0.102141
MDMin:  387 08:47:46    -2397.714165        0.101017
MDMin:  388 08:47:48    -2397.714165        0.099740
MDMin:  389 08:47:50    -2397.714165        0.098309
MDMin:  390 08:47:52    -2397.714166        0.096722
MDMin:  391 08:47:54    -2397.714166        0.094975
MDMin:  392 08:47:56    -2397.714167        0.093071
MDMin:  393 08:47:58    -2397.714167        0.091009
MDMin:  394 08:47:59    -2397.714167        0.088794
MDMin:  395 08:48:01    -2397.714168        0.086429
MDMin:  396 08:48:02    -2397.714168        0.086044
MDMin:  397 08:48:03    -2397.714169        0.087552
MDMin:  398 08:48:04    -2397.714169        0.088889
MDMin:  399 08:48:06    -2397.714170        0.090037
MDMin:  400 08:48:08    -2397.714170        0.090982
MDMin:  401 08:48:10    -2397.714171        0.091708
MDMin:  402 08:48:11    -2397.714171        0.092202
MDMin:  403 08:48:12    -2397.714171        0.092453
MDMin:  404 08:48:14    -2397.714172        0.092450
MDMin:  405 08:48:15    -2397.714172        0.092186
MDMin:  406 08:48:17    -2397.714173        0.091654
MDMin:  407 08:48:19    -2397.714173        0.090854
MDMin:  408 08:48:21    -2397.714174        0.089784
MDMin:  409 08:48:23    -2397.714174        0.088448
MDMin:  410 08:48:25    -2397.714175        0.086854
MDMin:  411 08:48:26    -2397.714175        0.085012
MDMin:  412 08:48:29    -2397.714176        0.082934
MDMin:  413 08:48:30    -2397.714176        0.080639
MDMin:  414 08:48:32    -2397.714177        0.078146
MDMin:  415 08:48:34    -2397.714177        0.075478
MDMin:  416 08:48:36    -2397.714178        0.072659
MDMin:  417 08:48:38    -2397.714178        0.069718
MDMin:  418 08:48:40    -2397.714179        0.066684
MDMin:  419 08:48:42    -2397.714179        0.063585
MDMin:  420 08:48:44    -2397.714180        0.060453
MDMin:  421 08:48:46    -2397.714180        0.057317
MDMin:  422 08:48:47    -2397.714181        0.054206
MDMin:  423 08:48:48    -2397.714182        0.052322
MDMin:  424 08:48:50    -2397.714182        0.053494
MDMin:  425 08:48:52    -2397.714183        0.056050
MDMin:  426 08:48:54    -2397.714183        0.058824
MDMin:  427 08:48:56    -2397.714184        0.061829
MDMin:  428 08:48:58    -2397.714185        0.065074
MDMin:  429 08:49:00    -2397.714185        0.068488
MDMin:  430 08:49:02    -2397.714186        0.081822
MDMin:  431 08:49:04    -2397.714186        0.073008
MDMin:  432 08:49:06    -2397.714186        0.074069
MDMin:  433 08:49:07    -2397.714186        0.075178
MDMin:  434 08:49:09    -2397.714186        0.076336
MDMin:  435 08:49:11    -2397.714186        0.077544
MDMin:  436 08:49:13    -2397.714187        0.078805
MDMin:  437 08:49:15    -2397.714187        0.080119
MDMin:  438 08:49:17    -2397.714187        0.081489
MDMin:  439 08:49:19    -2397.714187        0.082915
MDMin:  440 08:49:21    -2397.714187        0.084400
MDMin:  441 08:49:23    -2397.714187        0.085945
MDMin:  442 08:49:25    -2397.714188        0.087552
MDMin:  443 08:49:27    -2397.714188        0.089221
MDMin:  444 08:49:29    -2397.714188        0.090954
MDMin:  445 08:49:31    -2397.714188        0.092752
MDMin:  446 08:49:33    -2397.714188        0.094617
MDMin:  447 08:49:35    -2397.714188        0.096548
MDMin:  448 08:49:37    -2397.714189        0.098547
MDMin:  449 08:49:38    -2397.714189        0.100615
MDMin:  450 08:49:39    -2397.714189        0.102750
MDMin:  451 08:49:41    -2397.714189        0.104954
MDMin:  452 08:49:43    -2397.714189        0.107225
MDMin:  453 08:49:44    -2397.714190        0.109563
MDMin:  454 08:49:45    -2397.714190        0.111967
MDMin:  455 08:49:47    -2397.714190        0.114434
MDMin:  456 08:49:48    -2397.714190        0.116962
MDMin:  457 08:49:50    -2397.714190        0.119549
MDMin:  458 08:49:52    -2397.714191        0.122191
MDMin:  459 08:49:53    -2397.714191        0.124884
MDMin:  460 08:49:54    -2397.714191        0.127623
MDMin:  461 08:49:56    -2397.714191        0.130402
MDMin:  462 08:49:58    -2397.714191        0.133214
MDMin:  463 08:50:00    -2397.714191        0.136052
MDMin:  464 08:50:02    -2397.714192        0.138907
MDMin:  465 08:50:04    -2397.714192        0.141770
MDMin:  466 08:50:06    -2397.714192        0.144629
MDMin:  467 08:50:08    -2397.714192        0.147473
MDMin:  468 08:50:10    -2397.714192        0.150289
MDMin:  469 08:50:12    -2397.714193        0.153062
MDMin:  470 08:50:14    -2397.714193        0.155777
MDMin:  471 08:50:15    -2397.714193        0.158417
MDMin:  472 08:50:16    -2397.714193        0.160963
MDMin:  473 08:50:18    -2397.714193        0.163397
MDMin:  474 08:50:19    -2397.714194        0.165697
MDMin:  475 08:50:20    -2397.714194        0.167843
MDMin:  476 08:50:21    -2397.714194        0.169811
MDMin:  477 08:50:23    -2397.714194        0.171580
MDMin:  478 08:50:24    -2397.714194        0.173125
MDMin:  479 08:50:26    -2397.714195        0.174422
MDMin:  480 08:50:27    -2397.714195        0.175448
MDMin:  481 08:50:29    -2397.714195        0.176179
MDMin:  482 08:50:31    -2397.714195        0.176594
MDMin:  483 08:50:33    -2397.714195        0.176671
MDMin:  484 08:50:35    -2397.714196        0.176392
MDMin:  485 08:50:36    -2397.714196        0.175740
MDMin:  486 08:50:38    -2397.714196        0.174701
MDMin:  487 08:50:39    -2397.714196        0.173268
MDMin:  488 08:50:40    -2397.714196        0.171434
MDMin:  489 08:50:41    -2397.714197        0.169200
MDMin:  490 08:50:43    -2397.714197        0.166570
MDMin:  491 08:50:45    -2397.714197        0.163557
MDMin:  492 08:50:47    -2397.714197        0.160178
MDMin:  493 08:50:49    -2397.714197        0.156456
MDMin:  494 08:50:51    -2397.714198        0.152419
MDMin:  495 08:50:52    -2397.714198        0.149838
MDMin:  496 08:50:54    -2397.714198        0.154873
MDMin:  497 08:50:56    -2397.714198        0.160174
MDMin:  498 08:50:58    -2397.714198        0.165743
MDMin:  499 08:51:00    -2397.714199        0.171581
MDMin:  500 08:51:02    -2397.714199        0.177682
MDMin:  501 08:51:04    -2397.714199        0.184041
MDMin:  502 08:51:06    -2397.714199        0.190654
MDMin:  503 08:51:08    -2397.714199        0.197506
MDMin:  504 08:51:10    -2397.714200        0.204575
MDMin:  505 08:51:12    -2397.714200        0.211834
MDMin:  506 08:51:13    -2397.714200        0.219250
MDMin:  507 08:51:15    -2397.714200        0.226786
MDMin:  508 08:51:17    -2397.714200        0.234397
MDMin:  509 08:51:19    -2397.714201        0.242034
MDMin:  510 08:51:21    -2397.714201        0.249643
MDMin:  511 08:51:22    -2397.714201        0.257163
MDMin:  512 08:51:24    -2397.714201        0.264530
MDMin:  513 08:51:25    -2397.714201        0.271675
MDMin:  514 08:51:26    -2397.714202        0.278523
MDMin:  515 08:51:27    -2397.714202        0.284999
MDMin:  516 08:51:29    -2397.714202        0.291012
MDMin:  517 08:51:31    -2397.714202        0.296477
MDMin:  518 08:51:33    -2397.714202        0.301313
MDMin:  519 08:51:35    -2397.714202        0.305437
MDMin:  520 08:51:36    -2397.714203        0.308771
MDMin:  521 08:51:37    -2397.714203        0.311240
MDMin:  522 08:51:39    -2397.714203        0.312776
MDMin:  523 08:51:40    -2397.714203        0.313318
MDMin:  524 08:51:42    -2397.714203        0.312815
MDMin:  525 08:51:43    -2397.714204        0.311229
MDMin:  526 08:51:45    -2397.714204        0.308534
MDMin:  527 08:51:47    -2397.714204        0.304722
MDMin:  528 08:51:49    -2397.714204        0.299801
MDMin:  529 08:51:51    -2397.714204        0.293798
MDMin:  530 08:51:53    -2397.714204        0.286760
MDMin:  531 08:51:55    -2397.714205        0.278749
MDMin:  532 08:51:57    -2397.714205        0.269850
MDMin:  533 08:51:59    -2397.714205        0.260161
MDMin:  534 08:52:00    -2397.714205        0.249793
MDMin:  535 08:52:02    -2397.714206        0.238869
MDMin:  536 08:52:03    -2397.714206        0.227517
MDMin:  537 08:52:04    -2397.714206        0.215867
MDMin:  538 08:52:06    -2397.714206        0.204046
MDMin:  539 08:52:07    -2397.714207        0.192176
MDMin:  540 08:52:08    -2397.714207        0.180367
MDMin:  541 08:52:10    -2397.714207        0.168716
MDMin:  542 08:52:11    -2397.714207        0.157308
MDMin:  543 08:52:12    -2397.714208        0.146211
MDMin:  544 08:52:13    -2397.714208        0.135478
MDMin:  545 08:52:15    -2397.714208        0.125150
MDMin:  546 08:52:17    -2397.714209        0.115256
MDMin:  547 08:52:19    -2397.714209        0.105818
MDMin:  548 08:52:21    -2397.714209        0.096849
MDMin:  549 08:52:23    -2397.714210        0.088356
MDMin:  550 08:52:25    -2397.714210        0.080350
MDMin:  551 08:52:27    -2397.714211        0.072816
MDMin:  552 08:52:29    -2397.714211        0.076534
MDMin:  553 08:52:30    -2397.714212        0.199844
MDMin:  554 08:52:32    -2397.714212        0.197337
MDMin:  555 08:52:34    -2397.714212        0.189899
MDMin:  556 08:52:35    -2397.714212        0.177808
MDMin:  557 08:52:36    -2397.714212        0.161551
MDMin:  558 08:52:37    -2397.714212        0.141851
MDMin:  559 08:52:39    -2397.714212        0.119722
MDMin:  560 08:52:41    -2397.714212        0.096580
MDMin:  561 08:52:43    -2397.714212        0.074380
MDMin:  562 08:52:45    -2397.714212        0.059917
MDMin:  563 08:52:47    -2397.714212        0.059471
MDMin:  564 08:52:49    -2397.714212        0.059102
MDMin:  565 08:52:51    -2397.714212        0.058699
MDMin:  566 08:52:52    -2397.714212        0.058270
MDMin:  567 08:52:54    -2397.714212        0.057818
MDMin:  568 08:52:55    -2397.714212        0.057347
MDMin:  569 08:52:57    -2397.714212        0.056857
MDMin:  570 08:52:59    -2397.714212        0.056350
MDMin:  571 08:53:01    -2397.714212        0.055826
MDMin:  572 08:53:03    -2397.714212        0.055285
MDMin:  573 08:53:05    -2397.714212        0.054729
MDMin:  574 08:53:07    -2397.714212        0.054158
MDMin:  575 08:53:09    -2397.714212        0.053572
MDMin:  576 08:53:10    -2397.714213        0.052972
MDMin:  577 08:53:12    -2397.714213        0.052359
MDMin:  578 08:53:14    -2397.714213        0.051732
MDMin:  579 08:53:16    -2397.714213        0.051094
MDMin:  580 08:53:18    -2397.714213        0.050444
MDMin:  581 08:53:20    -2397.714213        0.049783
