       Step     Time          Energy          fmax
MDMin:    0 08:29:42    -2393.869993        7.022252
MDMin:    1 08:29:44    -2393.871492        7.297474
MDMin:    2 08:29:46    -2393.875803        7.883201
MDMin:    3 08:29:47    -2393.882344        7.563906
MDMin:    4 08:29:49    -2393.890531        5.110117
MDMin:    5 08:29:51    -2393.899983        6.394530
MDMin:    6 08:29:53    -2393.908964        6.924502
MDMin:    7 08:29:55    -2393.917406        3.309698
MDMin:    8 08:29:57    -2393.926399        2.118336
MDMin:    9 08:29:59    -2393.935010        3.098431
MDMin:   10 08:30:01    -2393.943017        4.372184
MDMin:   11 08:30:03    -2393.950325        3.245527
MDMin:   12 08:30:04    -2393.958160        1.486220
MDMin:   13 08:30:06    -2393.967795        1.300498
MDMin:   14 08:30:07    -2393.978368        1.434029
MDMin:   15 08:30:09    -2393.988445        2.327272
MDMin:   16 08:30:10    -2393.993381        1.155932
MDMin:   17 08:30:12    -2393.998149        1.233530
MDMin:   18 08:30:13    -2394.003668        1.313899
MDMin:   19 08:30:14    -2394.010100        1.375435
MDMin:   20 08:30:15    -2394.017584        1.379916
MDMin:   21 08:30:17    -2394.026292        1.283427
MDMin:   22 08:30:18    -2394.036548        1.157994
MDMin:   23 08:30:20    -2394.048890        0.945192
MDMin:   24 08:30:21    -2394.063952        0.887115
MDMin:   25 08:30:23    -2394.081968        0.943172
MDMin:   26 08:30:25    -2394.102343        1.043325
MDMin:   27 08:30:27    -2394.121732        1.213621
MDMin:   28 08:30:29    -2394.136075        1.076065
MDMin:   29 08:30:30    -2394.148775        1.139118
MDMin:   30 08:30:31    -2394.162850        1.190365
MDMin:   31 08:30:33    -2394.179160        1.218119
MDMin:   32 08:30:35    -2394.198341        1.205698
MDMin:   33 08:30:36    -2394.221179        1.141079
MDMin:   34 08:30:37    -2394.248900        1.035286
MDMin:   35 08:30:39    -2394.283196        0.958918
MDMin:   36 08:30:41    -2394.326222        0.862641
MDMin:   37 08:30:43    -2394.380298        0.893948
MDMin:   38 08:30:44    -2394.447803        0.992523
MDMin:   39 08:30:46    -2394.530319        1.098939
MDMin:   40 08:30:47    -2394.627545        1.202258
MDMin:   41 08:30:49    -2394.732370        1.288196
MDMin:   42 08:30:51    -2394.797491        1.543935
MDMin:   43 08:30:53    -2394.851480        1.634539
MDMin:   44 08:30:54    -2394.912131        1.608767
MDMin:   45 08:30:56    -2394.987395        1.593520
MDMin:   46 08:30:58    -2395.087465        1.503426
MDMin:   47 08:31:00    -2395.226254        1.707198
MDMin:   48 08:31:02    -2395.419132        2.018305
MDMin:   49 08:31:04    -2395.667959        2.251586
MDMin:   50 08:31:06    -2395.882277        2.232849
MDMin:   51 08:31:08    -2395.993197        1.889843
MDMin:   52 08:31:10    -2396.123656        1.809681
MDMin:   53 08:31:11    -2396.301297        1.958601
MDMin:   54 08:31:13    -2396.526441        1.942813
MDMin:   55 08:31:15    -2396.740680        1.806186
MDMin:   56 08:31:16    -2396.885975        1.414715
MDMin:   57 08:31:18    -2396.957840        2.347880
MDMin:   58 08:31:20    -2396.970391        0.930123
MDMin:   59 08:31:22    -2396.982337        0.824513
MDMin:   60 08:31:23    -2396.994941        0.719591
MDMin:   61 08:31:25    -2397.008343        0.622131
MDMin:   62 08:31:26    -2397.022663        0.538159
MDMin:   63 08:31:28    -2397.037946        0.511157
MDMin:   64 08:31:30    -2397.054140        0.491838
MDMin:   65 08:31:32    -2397.071123        0.469532
MDMin:   66 08:31:34    -2397.088537        0.445339
MDMin:   67 08:31:36    -2397.104839        0.703997
MDMin:   68 08:31:38    -2397.114446        0.707710
MDMin:   69 08:31:40    -2397.118322        0.405227
MDMin:   70 08:31:41    -2397.123279        0.400101
MDMin:   71 08:31:43    -2397.128964        0.394749
MDMin:   72 08:31:45    -2397.135362        0.388799
MDMin:   73 08:31:47    -2397.142447        0.382293
MDMin:   74 08:31:48    -2397.150186        0.375276
MDMin:   75 08:31:49    -2397.158543        0.367790
MDMin:   76 08:31:51    -2397.167477        0.359882
MDMin:   77 08:31:52    -2397.176942        0.351596
MDMin:   78 08:31:53    -2397.186890        0.342983
MDMin:   79 08:31:55    -2397.197269        0.334096
MDMin:   80 08:31:56    -2397.208020        0.324992
MDMin:   81 08:31:58    -2397.219085        0.315803
MDMin:   82 08:32:00    -2397.230383        0.306705
MDMin:   83 08:32:02    -2397.241727        0.297866
MDMin:   84 08:32:04    -2397.251993        0.720444
MDMin:   85 08:32:06    -2397.256805        0.574064
MDMin:   86 08:32:08    -2397.258614        0.285354
MDMin:   87 08:32:09    -2397.261046        0.284290
MDMin:   88 08:32:10    -2397.263922        0.283909
MDMin:   89 08:32:12    -2397.267216        0.283474
MDMin:   90 08:32:14    -2397.270914        0.282988
MDMin:   91 08:32:16    -2397.275000        0.282450
MDMin:   92 08:32:18    -2397.279457        0.281861
MDMin:   93 08:32:20    -2397.284267        0.281221
MDMin:   94 08:32:22    -2397.289407        0.280530
MDMin:   95 08:32:24    -2397.294858        0.279786
MDMin:   96 08:32:25    -2397.300593        0.278987
MDMin:   97 08:32:26    -2397.306590        0.282552
MDMin:   98 08:32:28    -2397.312820        0.288181
MDMin:   99 08:32:30    -2397.319255        0.294440
MDMin:  100 08:32:32    -2397.325866        0.305404
MDMin:  101 08:32:34    -2397.332620        0.333598
MDMin:  102 08:32:37    -2397.339487        0.365833
MDMin:  103 08:32:39    -2397.346433        0.401023
MDMin:  104 08:32:41    -2397.353412        0.436584
MDMin:  105 08:32:42    -2397.360260        0.467750
MDMin:  106 08:32:44    -2397.366153        0.771614
MDMin:  107 08:32:46    -2397.369053        0.493453
MDMin:  108 08:32:47    -2397.370853        0.495683
MDMin:  109 08:32:49    -2397.372973        0.496897
MDMin:  110 08:32:51    -2397.375388        0.496339
MDMin:  111 08:32:53    -2397.378091        0.493218
MDMin:  112 08:32:55    -2397.381078        0.486749
MDMin:  113 08:32:56    -2397.384342        0.476259
MDMin:  114 08:32:58    -2397.387876        0.461302
MDMin:  115 08:33:01    -2397.391676        0.441770
MDMin:  116 08:33:02    -2397.395733        0.417943
MDMin:  117 08:33:04    -2397.400039        0.390475
MDMin:  118 08:33:06    -2397.404581        0.379776
MDMin:  119 08:33:08    -2397.409346        0.390545
MDMin:  120 08:33:10    -2397.414314        0.400738
MDMin:  121 08:33:12    -2397.419464        0.409961
MDMin:  122 08:33:13    -2397.424766        0.417793
MDMin:  123 08:33:15    -2397.430173        0.423812
MDMin:  124 08:33:17    -2397.435484        0.443198
MDMin:  125 08:33:19    -2397.439621        0.934147
MDMin:  126 08:33:20    -2397.440870        0.429064
MDMin:  127 08:33:22    -2397.442316        0.429050
MDMin:  128 08:33:24    -2397.443972        0.428869
MDMin:  129 08:33:26    -2397.445834        0.428459
MDMin:  130 08:33:28    -2397.447894        0.427768
MDMin:  131 08:33:30    -2397.450143        0.426758
MDMin:  132 08:33:31    -2397.452572        0.425417
MDMin:  133 08:33:33    -2397.455172        0.423774
MDMin:  134 08:33:34    -2397.457932        0.421919
MDMin:  135 08:33:35    -2397.460842        0.427682
MDMin:  136 08:33:36    -2397.463892        0.441121
MDMin:  137 08:33:38    -2397.467070        0.455531
MDMin:  138 08:33:39    -2397.470368        0.470579
MDMin:  139 08:33:40    -2397.473776        0.485690
MDMin:  140 08:33:42    -2397.477287        0.499995
MDMin:  141 08:33:43    -2397.480896        0.512363
MDMin:  142 08:33:45    -2397.484601        0.521570
MDMin:  143 08:33:47    -2397.488400        0.526622
MDMin:  144 08:33:49    -2397.492282        0.556678
MDMin:  145 08:33:50    -2397.496172        0.589935
MDMin:  146 08:33:52    -2397.499651        0.754210
MDMin:  147 08:33:53    -2397.501789        0.661878
MDMin:  148 08:33:55    -2397.503099        0.687176
MDMin:  149 08:33:56    -2397.504526        0.715309
MDMin:  150 08:33:57    -2397.506142        0.747173
MDMin:  151 08:33:58    -2397.507952        0.781642
MDMin:  152 08:34:00    -2397.509961        0.816372
MDMin:  153 08:34:02    -2397.512179        0.847429
MDMin:  154 08:34:04    -2397.514625        0.869075
MDMin:  155 08:34:06    -2397.517331        0.874181
MDMin:  156 08:34:07    -2397.520351        0.855639
MDMin:  157 08:34:09    -2397.523767        0.808841
MDMin:  158 08:34:10    -2397.527325        0.734457
MDMin:  159 08:34:12    -2397.530182        0.641319
MDMin:  160 08:34:14    -2397.533576        0.540854
MDMin:  161 08:34:16    -2397.537658        0.445627
MDMin:  162 08:34:17    -2397.542545        0.403318
MDMin:  163 08:34:19    -2397.547528        1.082143
MDMin:  164 08:34:21    -2397.549106        0.375011
MDMin:  165 08:34:23    -2397.550741        0.378248
MDMin:  166 08:34:25    -2397.552738        0.381377
MDMin:  167 08:34:26    -2397.555150        0.384059
MDMin:  168 08:34:27    -2397.558039        0.385928
MDMin:  169 08:34:29    -2397.561482        0.386675
MDMin:  170 08:34:30    -2397.565574        0.386080
MDMin:  171 08:34:32    -2397.570423        0.384046
MDMin:  172 08:34:33    -2397.576140        0.380554
MDMin:  173 08:34:35    -2397.582824        0.375494
MDMin:  174 08:34:37    -2397.590517        0.368340
MDMin:  175 08:34:39    -2397.599161        0.357843
MDMin:  176 08:34:41    -2397.608564        0.342128
MDMin:  177 08:34:43    -2397.618413        0.321650
MDMin:  178 08:34:45    -2397.628376        0.321357
MDMin:  179 08:34:47    -2397.638230        0.315856
MDMin:  180 08:34:48    -2397.647812        0.303149
MDMin:  181 08:34:49    -2397.656360        0.438670
MDMin:  182 08:34:51    -2397.660568        0.764282
MDMin:  183 08:34:52    -2397.660779        0.649125
MDMin:  184 08:34:53    -2397.661214        0.441876
MDMin:  185 08:34:55    -2397.661914        0.260173
MDMin:  186 08:34:57    -2397.662848        0.254985
MDMin:  187 08:34:59    -2397.663902        0.248503
MDMin:  188 08:35:01    -2397.665030        0.240724
MDMin:  189 08:35:03    -2397.666201        0.231602
MDMin:  190 08:35:05    -2397.667399        0.221127
MDMin:  191 08:35:06    -2397.668621        0.211468
MDMin:  192 08:35:08    -2397.669876        0.214535
MDMin:  193 08:35:10    -2397.671181        0.218061
MDMin:  194 08:35:12    -2397.672550        0.222107
MDMin:  195 08:35:13    -2397.673995        0.226749
MDMin:  196 08:35:15    -2397.675528        0.232086
MDMin:  197 08:35:17    -2397.677156        0.238240
MDMin:  198 08:35:19    -2397.678884        0.245355
MDMin:  199 08:35:20    -2397.680717        0.253589
MDMin:  200 08:35:21    -2397.682650        0.263086
MDMin:  201 08:35:23    -2397.684669        0.273931
MDMin:  202 08:35:24    -2397.686710        0.285846
MDMin:  203 08:35:26    -2397.688368        0.449372
MDMin:  204 08:35:27    -2397.688837        0.299158
MDMin:  205 08:35:29    -2397.689385        0.302725
MDMin:  206 08:35:30    -2397.690011        0.306881
MDMin:  207 08:35:31    -2397.690711        0.311635
MDMin:  208 08:35:33    -2397.691481        0.316983
MDMin:  209 08:35:35    -2397.692316        0.322911
MDMin:  210 08:35:37    -2397.693211        0.329383
MDMin:  211 08:35:39    -2397.694158        0.336335
MDMin:  212 08:35:41    -2397.695151        0.343665
MDMin:  213 08:35:42    -2397.696179        0.351209
MDMin:  214 08:35:43    -2397.697234        0.358687
MDMin:  215 08:35:44    -2397.698305        0.365649
MDMin:  216 08:35:46    -2397.699382        0.371382
MDMin:  217 08:35:47    -2397.700454        0.374814
MDMin:  218 08:35:48    -2397.701149        1.265724
MDMin:  219 08:35:49    -2397.701628        1.231710
MDMin:  220 08:35:51    -2397.702186        0.372824
MDMin:  221 08:35:52    -2397.702343        0.371846
MDMin:  222 08:35:53    -2397.702547        0.370330
MDMin:  223 08:35:54    -2397.702797        0.368072
MDMin:  224 08:35:55    -2397.703089        0.364813
MDMin:  225 08:35:57    -2397.703422        0.360236
MDMin:  226 08:35:58    -2397.703791        0.353978
MDMin:  227 08:36:00    -2397.704193        0.345649
MDMin:  228 08:36:02    -2397.704624        0.334874
MDMin:  229 08:36:03    -2397.705081        0.321348
MDMin:  230 08:36:05    -2397.705558        0.304906
MDMin:  231 08:36:06    -2397.706051        0.285597
MDMin:  232 08:36:08    -2397.706556        0.263732
MDMin:  233 08:36:10    -2397.707067        0.239893
MDMin:  234 08:36:12    -2397.707580        0.214878
MDMin:  235 08:36:14    -2397.708090        0.212889
MDMin:  236 08:36:16    -2397.708591        0.209288
MDMin:  237 08:36:18    -2397.709080        0.202255
MDMin:  238 08:36:20    -2397.709511        1.258573
MDMin:  239 08:36:22    -2397.709694        0.190692
MDMin:  240 08:36:24    -2397.709730        0.189575
MDMin:  241 08:36:25    -2397.709783        0.187888
MDMin:  242 08:36:27    -2397.709854        0.185621
MDMin:  243 08:36:29    -2397.709941        0.182755
MDMin:  244 08:36:30    -2397.710043        0.179272
MDMin:  245 08:36:32    -2397.710109        1.233194
MDMin:  246 08:36:34    -2397.710235        0.174339
MDMin:  247 08:36:36    -2397.710258        0.173446
MDMin:  248 08:36:38    -2397.710296        0.171962
MDMin:  249 08:36:39    -2397.710346        1.218855
MDMin:  250 08:36:40    -2397.710412        0.169185
MDMin:  251 08:36:41    -2397.710432        0.168354
MDMin:  252 08:36:43    -2397.710467        0.166927
MDMin:  253 08:36:44    -2397.710515        0.164903
MDMin:  254 08:36:46    -2397.710576        0.162278
MDMin:  255 08:36:47    -2397.710622        1.209551
MDMin:  256 08:36:49    -2397.710714        0.158311
MDMin:  257 08:36:51    -2397.710732        0.157486
MDMin:  258 08:36:53    -2397.710762        0.156066
MDMin:  259 08:36:55    -2397.710805        0.154051
MDMin:  260 08:36:56    -2397.710846        1.198841
MDMin:  261 08:36:57    -2397.710919        0.150746
MDMin:  262 08:36:59    -2397.710934        0.149958
