       Step     Time          Energy          fmax
MDMin:    0 11:32:34    -2397.759036        0.149215
MDMin:    1 11:32:36    -2397.759036        0.149203
MDMin:    2 11:32:37    -2397.759036        0.149166
MDMin:    3 11:32:39    -2397.759034        0.149103
MDMin:    4 11:32:41    -2397.759036        0.149018
MDMin:    5 11:32:43    -2397.759036        0.148907
MDMin:    6 11:32:44    -2397.759033        0.148791
MDMin:    7 11:32:45    -2397.759035        0.148653
MDMin:    8 11:32:47    -2397.759035        0.148491
MDMin:    9 11:32:49    -2397.759032        0.148332
MDMin:   10 11:32:51    -2397.759035        0.148152
MDMin:   11 11:32:53    -2397.759028        0.147979
MDMin:   12 11:32:55    -2397.759031        0.147786
MDMin:   13 11:32:57    -2397.759034        0.147569
MDMin:   14 11:32:58    -2397.759028        0.147364
MDMin:   15 11:33:00    -2397.759031        0.147140
MDMin:   16 11:33:01    -2397.759033        0.146894
MDMin:   17 11:33:03    -2397.759027        0.146664
MDMin:   18 11:33:05    -2397.759031        0.146417
MDMin:   19 11:33:06    -2397.759032        0.146147
MDMin:   20 11:33:08    -2397.759027        0.145898
MDMin:   21 11:33:09    -2397.759031        0.145632
MDMin:   22 11:33:11    -2397.759023        0.145893
MDMin:   23 11:33:13    -2397.759028        0.146327
MDMin:   24 11:33:14    -2397.759030        0.146804
MDMin:   25 11:33:16    -2397.759024        0.147252
MDMin:   26 11:33:18    -2397.759029        0.147733
MDMin:   27 11:33:20    -2397.759029        0.148259
MDMin:   28 11:33:22    -2397.759025        0.148752
MDMin:   29 11:33:24    -2397.759029        0.149278
MDMin:   30 11:33:26    -2397.759021        0.149774
MDMin:   31 11:33:28    -2397.759026        0.150303
MDMin:   32 11:33:30    -2397.759028        0.150880
MDMin:   33 11:33:32    -2397.759023        0.151422
MDMin:   34 11:33:34    -2397.759028        0.151998
MDMin:   35 11:33:36    -2397.759019        0.152542
MDMin:   36 11:33:38    -2397.759025        0.153121
MDMin:   37 11:33:40    -2397.759027        0.153750
MDMin:   38 11:33:42    -2397.759022        0.154342
MDMin:   39 11:33:44    -2397.759026        0.154971
MDMin:   40 11:33:46    -2397.759019        0.155564
MDMin:   41 11:33:48    -2397.759024        0.156195
MDMin:   42 11:33:50    -2397.759026        0.156879
MDMin:   43 11:33:51    -2397.759021        0.157523
MDMin:   44 11:33:53    -2397.759025        0.158205
MDMin:   45 11:33:55    -2397.759019        0.158851
MDMin:   46 11:33:57    -2397.759025        0.159536
MDMin:   47 11:33:59    -2397.759025        0.160276
MDMin:   48 11:34:00    -2397.759022        0.160975
MDMin:   49 11:34:02    -2397.759025        0.161714
MDMin:   50 11:34:03    -2397.759020        0.162415
MDMin:   51 11:34:05    -2397.759024        0.163156
MDMin:   52 11:34:07    -2397.759018        0.163862
MDMin:   53 11:34:08    -2397.759024        0.164609
MDMin:   54 11:34:10    -2397.759024        0.165415
MDMin:   55 11:34:11    -2397.759022        0.166180
MDMin:   56 11:34:12    -2397.759024        0.166987
MDMin:   57 11:34:14    -2397.759021        0.167757
MDMin:   58 11:34:15    -2397.759024        0.168569
MDMin:   59 11:34:17    -2397.759019        0.169346
MDMin:   60 11:34:19    -2397.759023        0.170166
MDMin:   61 11:34:21    -2397.759018        0.170953
MDMin:   62 11:34:23    -2397.759023        0.171784
MDMin:   63 11:34:25    -2397.759017        0.172584
MDMin:   64 11:34:27    -2397.759023        0.173428
MDMin:   65 11:34:28    -2397.759023        0.174336
MDMin:   66 11:34:30    -2397.759022        0.175207
MDMin:   67 11:34:32    -2397.759023        0.176124
MDMin:   68 11:34:34    -2397.759021        0.177005
MDMin:   69 11:34:36    -2397.759023        0.177933
MDMin:   70 11:34:38    -2397.759020        0.178828
MDMin:   71 11:34:40    -2397.759023        0.179769
MDMin:   72 11:34:42    -2397.759020        0.180680
MDMin:   73 11:34:44    -2397.759023        0.181638
MDMin:   74 11:34:46    -2397.759019        0.182566
MDMin:   75 11:34:48    -2397.759023        0.183542
MDMin:   76 11:34:50    -2397.759019        0.184490
MDMin:   77 11:34:52    -2397.759023        0.185487
MDMin:   78 11:34:54    -2397.759019        0.186456
MDMin:   79 11:34:56    -2397.759023        0.187475
MDMin:   80 11:34:58    -2397.759019        0.188468
MDMin:   81 11:35:00    -2397.759023        0.189511
MDMin:   82 11:35:02    -2397.759019        0.190528
MDMin:   83 11:35:04    -2397.759023        0.191597
MDMin:   84 11:35:05    -2397.759019        0.192640
MDMin:   85 11:35:06    -2397.759023        0.193736
MDMin:   86 11:35:07    -2397.759019        0.194807
MDMin:   87 11:35:09    -2397.759024        0.195931
MDMin:   88 11:35:10    -2397.759019        0.197031
MDMin:   89 11:35:12    -2397.759024        0.198185
MDMin:   90 11:35:14    -2397.759020        0.199315
MDMin:   91 11:35:16    -2397.759024        0.200500
MDMin:   92 11:35:18    -2397.759020        0.201662
MDMin:   93 11:35:20    -2397.759024        0.202879
MDMin:   94 11:35:22    -2397.759020        0.204073
MDMin:   95 11:35:23    -2397.759024        0.205323
MDMin:   96 11:35:25    -2397.759021        0.206552
MDMin:   97 11:35:27    -2397.759025        0.207836
MDMin:   98 11:35:29    -2397.759021        0.209100
MDMin:   99 11:35:31    -2397.759025        0.210419
MDMin:  100 11:35:33    -2397.759021        0.211718
MDMin:  101 11:35:35    -2397.759025        0.213074
MDMin:  102 11:35:38    -2397.759022        0.214410
MDMin:  103 11:35:39    -2397.759025        0.215803
MDMin:  104 11:35:41    -2397.759022        0.217176
MDMin:  105 11:35:43    -2397.759026        0.218606
MDMin:  106 11:35:44    -2397.759023        0.220017
MDMin:  107 11:35:46    -2397.759026        0.221485
MDMin:  108 11:35:48    -2397.759023        0.222934
MDMin:  109 11:35:49    -2397.759026        0.224441
MDMin:  110 11:35:51    -2397.759023        0.225928
MDMin:  111 11:35:53    -2397.759027        0.227473
MDMin:  112 11:35:55    -2397.759024        0.228999
MDMin:  113 11:35:56    -2397.759027        0.230581
MDMin:  114 11:35:58    -2397.759024        0.232143
MDMin:  115 11:36:00    -2397.759028        0.233760
MDMin:  116 11:36:01    -2397.759024        0.235358
MDMin:  117 11:36:03    -2397.759028        0.237010
MDMin:  118 11:36:05    -2397.759025        0.238641
MDMin:  119 11:36:06    -2397.759029        0.240325
MDMin:  120 11:36:08    -2397.759025        0.241988
MDMin:  121 11:36:10    -2397.759029        0.243701
MDMin:  122 11:36:11    -2397.759025        0.245392
MDMin:  123 11:36:12    -2397.759030        0.247131
MDMin:  124 11:36:14    -2397.759025        0.248847
MDMin:  125 11:36:15    -2397.759030        0.250608
MDMin:  126 11:36:17    -2397.759025        0.252345
MDMin:  127 11:36:19    -2397.759030        0.254124
MDMin:  128 11:36:21    -2397.759031        0.255963
MDMin:  129 11:36:22    -2397.759030        0.257769
MDMin:  130 11:36:24    -2397.759032        0.259608
MDMin:  131 11:36:25    -2397.759029        0.261412
MDMin:  132 11:36:27    -2397.759033        0.263246
MDMin:  133 11:36:29    -2397.759029        0.265042
MDMin:  134 11:36:31    -2397.759033        0.266864
MDMin:  135 11:36:33    -2397.759028        0.268646
MDMin:  136 11:36:35    -2397.759033        0.270448
MDMin:  137 11:36:36    -2397.759035        0.272285
MDMin:  138 11:36:37    -2397.759032        0.274072
MDMin:  139 11:36:38    -2397.759035        0.275868
MDMin:  140 11:36:40    -2397.759031        0.277613
MDMin:  141 11:36:42    -2397.759036        0.279363
MDMin:  142 11:36:44    -2397.759037        0.281130
MDMin:  143 11:36:46    -2397.759034        0.282836
MDMin:  144 11:36:48    -2397.759038        0.284538
MDMin:  145 11:36:50    -2397.759032        0.286180
MDMin:  146 11:36:52    -2397.759037        0.287814
MDMin:  147 11:36:54    -2397.759039        0.289453
MDMin:  148 11:36:56    -2397.759035        0.291027
MDMin:  149 11:36:58    -2397.759039        0.292589
MDMin:  150 11:37:00    -2397.759041        0.294152
MDMin:  151 11:37:02    -2397.759037        0.295651
MDMin:  152 11:37:04    -2397.759041        0.297138
MDMin:  153 11:37:06    -2397.759042        0.298629
MDMin:  154 11:37:08    -2397.759038        0.300062
MDMin:  155 11:37:10    -2397.759043        0.301491
MDMin:  156 11:37:11    -2397.759044        0.302932
MDMin:  157 11:37:13    -2397.759039        0.304328
MDMin:  158 11:37:15    -2397.759043        0.305733
MDMin:  159 11:37:17    -2397.759046        0.307164
MDMin:  160 11:37:18    -2397.759039        0.308563
MDMin:  161 11:37:19    -2397.759043        0.309985
MDMin:  162 11:37:20    -2397.759047        0.311443
MDMin:  163 11:37:21    -2397.759038        0.312873
MDMin:  164 11:37:23    -2397.759043        0.314326
MDMin:  165 11:37:24    -2397.759047        0.315804
MDMin:  166 11:37:26    -2397.759050        0.317290
MDMin:  167 11:37:28    -2397.759041        0.318686
MDMin:  168 11:37:30    -2397.759046        0.320017
MDMin:  169 11:37:31    -2397.759050        0.321239
MDMin:  170 11:37:33    -2397.759053        0.322268
MDMin:  171 11:37:34    -2397.759042        0.322927
MDMin:  172 11:37:37    -2397.759047        0.323144
MDMin:  173 11:37:39    -2397.759051        0.322730
MDMin:  174 11:37:41    -2397.759055        0.321411
MDMin:  175 11:37:43    -2397.759042        0.318846
MDMin:  176 11:37:45    -2397.759047        0.314661
MDMin:  177 11:37:47    -2397.759051        0.308278
MDMin:  178 11:37:49    -2397.759055        0.298969
MDMin:  179 11:37:51    -2397.759059        0.285928
MDMin:  180 11:37:52    -2397.759043        0.269255
MDMin:  181 11:37:55    -2397.759048        0.249237
MDMin:  182 11:37:57    -2397.759053        0.227868
MDMin:  183 11:37:59    -2397.759057        0.207849
MDMin:  184 11:38:00    -2397.759062        0.188729
MDMin:  185 11:38:02    -2397.759063        0.177281
MDMin:  186 11:38:04    -2397.759043        0.173656
MDMin:  187 11:38:06    -2397.759049        0.169588
MDMin:  188 11:38:08    -2397.759054        0.165086
MDMin:  189 11:38:10    -2397.759059        0.160128
MDMin:  190 11:38:12    -2397.759064        0.154743
MDMin:  191 11:38:13    -2397.759068        0.148907
MDMin:  192 11:38:15    -2397.759037        0.143390
MDMin:  193 11:38:18    -2397.759044        0.137586
MDMin:  194 11:38:20    -2397.759048        0.131437
MDMin:  195 11:38:22    -2397.759052        0.124972
MDMin:  196 11:38:23    -2397.759056        0.121456
MDMin:  197 11:38:25    -2397.759060        0.119557
MDMin:  198 11:38:27    -2397.759064        0.117250
MDMin:  199 11:38:28    -2397.759067        0.114551
MDMin:  200 11:38:29    -2397.759070        0.111484
MDMin:  201 11:38:31    -2397.759073        0.108084
MDMin:  202 11:38:33    -2397.759076        0.104394
MDMin:  203 11:38:35    -2397.759031        0.101580
MDMin:  204 11:38:36    -2397.759036        0.098734
MDMin:  205 11:38:38    -2397.759037        0.095804
MDMin:  206 11:38:40    -2397.759038        0.092805
MDMin:  207 11:38:42    -2397.759038        0.089757
MDMin:  208 11:38:43    -2397.759038        0.086679
MDMin:  209 11:38:45    -2397.759037        0.083592
MDMin:  210 11:38:46    -2397.759036        0.080518
MDMin:  211 11:38:48    -2397.759034        0.077477
MDMin:  212 11:38:50    -2397.759031        0.074491
MDMin:  213 11:38:52    -2397.759028        0.071583
MDMin:  214 11:38:54    -2397.759024        0.068803
MDMin:  215 11:38:56    -2397.759019        0.066297
MDMin:  216 11:38:58    -2397.759014        0.064459
MDMin:  217 11:38:59    -2397.759012        0.063455
MDMin:  218 11:39:01    -2397.759009        0.062589
MDMin:  219 11:39:02    -2397.759006        0.061728
MDMin:  220 11:39:04    -2397.759003        0.060867
MDMin:  221 11:39:06    -2397.759000        0.060007
MDMin:  222 11:39:07    -2397.758997        0.059149
MDMin:  223 11:39:08    -2397.758993        0.058294
MDMin:  224 11:39:10    -2397.758989        0.057442
MDMin:  225 11:39:12    -2397.758985        0.056594
MDMin:  226 11:39:14    -2397.758980        0.055752
MDMin:  227 11:39:15    -2397.758976        0.054915
MDMin:  228 11:39:16    -2397.758970        0.054085
MDMin:  229 11:39:18    -2397.758965        0.053262
MDMin:  230 11:39:19    -2397.758959        0.052446
MDMin:  231 11:39:20    -2397.758953        0.051639
MDMin:  232 11:39:22    -2397.758946        0.050840
MDMin:  233 11:39:23    -2397.758939        0.050050
MDMin:  234 11:39:24    -2397.758931        0.049270
       Step     Time          Energy          fmax
MDMin:    0 15:18:27    -2397.759036        0.149215
MDMin:    1 15:18:28    -2397.759036        0.149203
MDMin:    2 15:18:30    -2397.759036        0.149166
MDMin:    3 15:18:32    -2397.759034        0.149103
MDMin:    4 15:18:34    -2397.759036        0.149018
MDMin:    5 15:18:36    -2397.759036        0.148907
MDMin:    6 15:18:38    -2397.759033        0.148791
MDMin:    7 15:18:40    -2397.759035        0.148653
MDMin:    8 15:18:42    -2397.759035        0.148491
MDMin:    9 15:18:44    -2397.759032        0.148332
MDMin:   10 15:18:46    -2397.759035        0.148152
MDMin:   11 15:18:48    -2397.759028        0.147979
MDMin:   12 15:18:50    -2397.759031        0.147786
MDMin:   13 15:18:51    -2397.759034        0.147569
MDMin:   14 15:18:53    -2397.759028        0.147364
MDMin:   15 15:18:55    -2397.759031        0.147140
MDMin:   16 15:18:57    -2397.759033        0.146894
MDMin:   17 15:18:59    -2397.759027        0.146664
MDMin:   18 15:19:01    -2397.759031        0.146417
MDMin:   19 15:19:03    -2397.759032        0.146147
MDMin:   20 15:19:05    -2397.759027        0.145898
MDMin:   21 15:19:07    -2397.759031        0.145632
MDMin:   22 15:19:09    -2397.759023        0.145893
MDMin:   23 15:19:11    -2397.759028        0.146327
MDMin:   24 15:19:12    -2397.759030        0.146804
MDMin:   25 15:19:15    -2397.759024        0.147252
MDMin:   26 15:19:16    -2397.759029        0.147733
MDMin:   27 15:19:18    -2397.759029        0.148259
MDMin:   28 15:19:20    -2397.759025        0.148752
MDMin:   29 15:19:22    -2397.759029        0.149278
MDMin:   30 15:19:24    -2397.759021        0.149774
MDMin:   31 15:19:26    -2397.759026        0.150303
MDMin:   32 15:19:28    -2397.759028        0.150880
MDMin:   33 15:19:30    -2397.759023        0.151422
MDMin:   34 15:19:32    -2397.759028        0.151998
MDMin:   35 15:19:34    -2397.759019        0.152542
MDMin:   36 15:19:35    -2397.759025        0.153121
MDMin:   37 15:19:37    -2397.759027        0.153750
MDMin:   38 15:19:39    -2397.759022        0.154342
MDMin:   39 15:19:41    -2397.759026        0.154971
MDMin:   40 15:19:42    -2397.759019        0.155564
MDMin:   41 15:19:43    -2397.759024        0.156195
MDMin:   42 15:19:44    -2397.759026        0.156879
MDMin:   43 15:19:45    -2397.759021        0.157523
MDMin:   44 15:19:47    -2397.759025        0.158205
MDMin:   45 15:19:48    -2397.759019        0.158851
MDMin:   46 15:19:49    -2397.759025        0.159536
MDMin:   47 15:19:50    -2397.759025        0.160276
MDMin:   48 15:19:52    -2397.759022        0.160975
MDMin:   49 15:19:54    -2397.759025        0.161714
MDMin:   50 15:19:56    -2397.759020        0.162415
MDMin:   51 15:19:57    -2397.759024        0.163156
MDMin:   52 15:19:59    -2397.759018        0.163862
MDMin:   53 15:20:00    -2397.759024        0.164609
MDMin:   54 15:20:01    -2397.759024        0.165415
MDMin:   55 15:20:03    -2397.759022        0.166180
MDMin:   56 15:20:04    -2397.759024        0.166987
MDMin:   57 15:20:06    -2397.759021        0.167757
MDMin:   58 15:20:07    -2397.759024        0.168569
MDMin:   59 15:20:09    -2397.759019        0.169346
MDMin:   60 15:20:11    -2397.759023        0.170166
MDMin:   61 15:20:13    -2397.759018        0.170953
MDMin:   62 15:20:15    -2397.759023        0.171784
MDMin:   63 15:20:17    -2397.759017        0.172584
MDMin:   64 15:20:19    -2397.759023        0.173428
MDMin:   65 15:20:20    -2397.759023        0.174336
MDMin:   66 15:20:22    -2397.759022        0.175207
MDMin:   67 15:20:23    -2397.759023        0.176124
MDMin:   68 15:20:25    -2397.759021        0.177005
MDMin:   69 15:20:27    -2397.759023        0.177933
MDMin:   70 15:20:28    -2397.759020        0.178828
MDMin:   71 15:20:30    -2397.759023        0.179769
MDMin:   72 15:20:32    -2397.759020        0.180680
MDMin:   73 15:20:34    -2397.759023        0.181638
MDMin:   74 15:20:36    -2397.759019        0.182566
MDMin:   75 15:20:37    -2397.759023        0.183542
MDMin:   76 15:20:38    -2397.759019        0.184490
MDMin:   77 15:20:40    -2397.759023        0.185487
MDMin:   78 15:20:41    -2397.759019        0.186456
MDMin:   79 15:20:42    -2397.759023        0.187475
MDMin:   80 15:20:44    -2397.759019        0.188468
MDMin:   81 15:20:46    -2397.759023        0.189511
MDMin:   82 15:20:47    -2397.759019        0.190528
MDMin:   83 15:20:49    -2397.759023        0.191597
MDMin:   84 15:20:51    -2397.759019        0.192640
MDMin:   85 15:20:53    -2397.759023        0.193736
MDMin:   86 15:20:55    -2397.759019        0.194807
MDMin:   87 15:20:57    -2397.759024        0.195931
MDMin:   88 15:20:58    -2397.759019        0.197031
MDMin:   89 15:21:00    -2397.759024        0.198185
MDMin:   90 15:21:02    -2397.759020        0.199315
MDMin:   91 15:21:03    -2397.759024        0.200500
MDMin:   92 15:21:06    -2397.759020        0.201662
MDMin:   93 15:21:08    -2397.759024        0.202879
MDMin:   94 15:21:10    -2397.759020        0.204073
MDMin:   95 15:21:12    -2397.759024        0.205323
MDMin:   96 15:21:13    -2397.759021        0.206552
MDMin:   97 15:21:15    -2397.759025        0.207836
MDMin:   98 15:21:17    -2397.759021        0.209100
MDMin:   99 15:21:19    -2397.759025        0.210419
MDMin:  100 15:21:21    -2397.759021        0.211718
MDMin:  101 15:21:23    -2397.759025        0.213074
MDMin:  102 15:21:25    -2397.759022        0.214410
MDMin:  103 15:21:27    -2397.759025        0.215803
MDMin:  104 15:21:29    -2397.759022        0.217176
MDMin:  105 15:21:31    -2397.759026        0.218606
MDMin:  106 15:21:33    -2397.759023        0.220017
MDMin:  107 15:21:35    -2397.759026        0.221485
MDMin:  108 15:21:37    -2397.759023        0.222934
MDMin:  109 15:21:38    -2397.759026        0.224441
MDMin:  110 15:21:39    -2397.759023        0.225928
MDMin:  111 15:21:41    -2397.759027        0.227473
MDMin:  112 15:21:43    -2397.759024        0.228999
MDMin:  113 15:21:44    -2397.759027        0.230581
MDMin:  114 15:21:45    -2397.759024        0.232143
MDMin:  115 15:21:46    -2397.759028        0.233760
MDMin:  116 15:21:48    -2397.759024        0.235358
MDMin:  117 15:21:50    -2397.759028        0.237010
MDMin:  118 15:21:52    -2397.759025        0.238641
MDMin:  119 15:21:53    -2397.759029        0.240325
MDMin:  120 15:21:55    -2397.759025        0.241988
MDMin:  121 15:21:57    -2397.759029        0.243701
MDMin:  122 15:21:59    -2397.759025        0.245392
MDMin:  123 15:22:01    -2397.759030        0.247131
MDMin:  124 15:22:03    -2397.759025        0.248847
MDMin:  125 15:22:05    -2397.759030        0.250608
MDMin:  126 15:22:06    -2397.759025        0.252345
MDMin:  127 15:22:08    -2397.759030        0.254124
MDMin:  128 15:22:10    -2397.759031        0.255963
MDMin:  129 15:22:12    -2397.759030        0.257769
MDMin:  130 15:22:13    -2397.759032        0.259608
MDMin:  131 15:22:15    -2397.759029        0.261412
MDMin:  132 15:22:17    -2397.759033        0.263246
MDMin:  133 15:22:19    -2397.759029        0.265042
MDMin:  134 15:22:21    -2397.759033        0.266864
MDMin:  135 15:22:22    -2397.759028        0.268646
MDMin:  136 15:22:25    -2397.759033        0.270448
MDMin:  137 15:22:27    -2397.759035        0.272285
MDMin:  138 15:22:28    -2397.759032        0.274072
MDMin:  139 15:22:30    -2397.759035        0.275868
MDMin:  140 15:22:32    -2397.759031        0.277613
MDMin:  141 15:22:34    -2397.759036        0.279363
MDMin:  142 15:22:36    -2397.759037        0.281130
MDMin:  143 15:22:37    -2397.759034        0.282836
MDMin:  144 15:22:39    -2397.759038        0.284538
MDMin:  145 15:22:40    -2397.759032        0.286180
MDMin:  146 15:22:41    -2397.759037        0.287814
MDMin:  147 15:22:42    -2397.759039        0.289453
MDMin:  148 15:22:44    -2397.759035        0.291027
MDMin:  149 15:22:46    -2397.759039        0.292589
MDMin:  150 15:22:48    -2397.759041        0.294152
MDMin:  151 15:22:50    -2397.759037        0.295651
MDMin:  152 15:22:52    -2397.759041        0.297138
MDMin:  153 15:22:54    -2397.759042        0.298629
MDMin:  154 15:22:56    -2397.759038        0.300062
MDMin:  155 15:22:57    -2397.759043        0.301491
MDMin:  156 15:22:58    -2397.759044        0.302932
MDMin:  157 15:23:00    -2397.759039        0.304328
MDMin:  158 15:23:02    -2397.759043        0.305733
MDMin:  159 15:23:04    -2397.759046        0.307164
MDMin:  160 15:23:06    -2397.759039        0.308563
MDMin:  161 15:23:08    -2397.759043        0.309985
MDMin:  162 15:23:10    -2397.759047        0.311443
MDMin:  163 15:23:12    -2397.759038        0.312873
MDMin:  164 15:23:14    -2397.759043        0.314326
MDMin:  165 15:23:16    -2397.759047        0.315804
MDMin:  166 15:23:18    -2397.759050        0.317290
MDMin:  167 15:23:20    -2397.759041        0.318686
MDMin:  168 15:23:21    -2397.759046        0.320017
MDMin:  169 15:23:23    -2397.759050        0.321239
MDMin:  170 15:23:25    -2397.759053        0.322268
MDMin:  171 15:23:27    -2397.759042        0.322927
MDMin:  172 15:23:29    -2397.759047        0.323144
MDMin:  173 15:23:30    -2397.759051        0.322730
MDMin:  174 15:23:31    -2397.759055        0.321411
MDMin:  175 15:23:32    -2397.759042        0.318846
MDMin:  176 15:23:34    -2397.759047        0.314661
MDMin:  177 15:23:36    -2397.759051        0.308278
MDMin:  178 15:23:38    -2397.759055        0.298969
MDMin:  179 15:23:40    -2397.759059        0.285928
MDMin:  180 15:23:41    -2397.759043        0.269255
MDMin:  181 15:23:43    -2397.759048        0.249237
MDMin:  182 15:23:45    -2397.759053        0.227868
MDMin:  183 15:23:47    -2397.759057        0.207849
MDMin:  184 15:23:49    -2397.759062        0.188729
MDMin:  185 15:23:51    -2397.759063        0.177281
MDMin:  186 15:23:53    -2397.759043        0.173656
MDMin:  187 15:23:55    -2397.759049        0.169588
MDMin:  188 15:23:57    -2397.759054        0.165086
MDMin:  189 15:23:59    -2397.759059        0.160128
MDMin:  190 15:24:00    -2397.759064        0.154743
MDMin:  191 15:24:02    -2397.759068        0.148907
MDMin:  192 15:24:04    -2397.759037        0.143390
MDMin:  193 15:24:06    -2397.759044        0.137586
MDMin:  194 15:24:08    -2397.759048        0.131437
MDMin:  195 15:24:10    -2397.759052        0.124972
MDMin:  196 15:24:12    -2397.759056        0.121456
MDMin:  197 15:24:13    -2397.759060        0.119557
MDMin:  198 15:24:14    -2397.759064        0.117250
MDMin:  199 15:24:16    -2397.759067        0.114551
MDMin:  200 15:24:17    -2397.759070        0.111484
MDMin:  201 15:24:19    -2397.759073        0.108084
MDMin:  202 15:24:20    -2397.759076        0.104394
MDMin:  203 15:24:22    -2397.759031        0.101580
MDMin:  204 15:24:24    -2397.759036        0.098734
MDMin:  205 15:24:26    -2397.759037        0.095804
MDMin:  206 15:24:28    -2397.759038        0.092805
MDMin:  207 15:24:30    -2397.759038        0.089757
MDMin:  208 15:24:31    -2397.759038        0.086679
MDMin:  209 15:24:33    -2397.759037        0.083592
MDMin:  210 15:24:34    -2397.759036        0.080518
MDMin:  211 15:24:36    -2397.759034        0.077477
MDMin:  212 15:24:37    -2397.759031        0.074491
MDMin:  213 15:24:38    -2397.759028        0.071583
MDMin:  214 15:24:39    -2397.759024        0.068803
MDMin:  215 15:24:40    -2397.759019        0.066297
MDMin:  216 15:24:42    -2397.759014        0.064459
MDMin:  217 15:24:43    -2397.759012        0.063455
MDMin:  218 15:24:44    -2397.759009        0.062589
MDMin:  219 15:24:45    -2397.759006        0.061728
MDMin:  220 15:24:47    -2397.759003        0.060867
MDMin:  221 15:24:49    -2397.759000        0.060007
MDMin:  222 15:24:51    -2397.758997        0.059149
MDMin:  223 15:24:53    -2397.758993        0.058294
MDMin:  224 15:24:55    -2397.758989        0.057442
MDMin:  225 15:24:57    -2397.758985        0.056594
MDMin:  226 15:24:59    -2397.758980        0.055752
MDMin:  227 15:25:00    -2397.758976        0.054915
MDMin:  228 15:25:02    -2397.758970        0.054085
MDMin:  229 15:25:03    -2397.758965        0.053262
MDMin:  230 15:25:04    -2397.758959        0.052446
MDMin:  231 15:25:06    -2397.758953        0.051639
MDMin:  232 15:25:08    -2397.758946        0.050840
MDMin:  233 15:25:10    -2397.758939        0.050050
MDMin:  234 15:25:12    -2397.758931        0.049270
