       Step     Time          Energy          fmax
MDMin:    0 11:09:06    -2394.593524        5.462662
MDMin:    1 11:09:08    -2394.612199        5.525672
MDMin:    2 11:09:09    -2394.666258        5.635225
MDMin:    3 11:09:11    -2394.750215        5.490354
MDMin:    4 11:09:12    -2394.857452        5.530800
MDMin:    5 11:09:13    -2394.983477        5.357980
MDMin:    6 11:09:14    -2395.127357        4.718587
MDMin:    7 11:09:16    -2395.291438        4.790325
MDMin:    8 11:09:17    -2395.478465        3.344641
MDMin:    9 11:09:18    -2395.691780        3.234784
MDMin:   10 11:09:20    -2395.928765        2.861210
MDMin:   11 11:09:21    -2396.185624        1.987296
MDMin:   12 11:09:23    -2396.467676        1.608647
MDMin:   13 11:09:25    -2396.744998        2.076302
MDMin:   14 11:09:27    -2396.922531        2.514748
MDMin:   15 11:09:29    -2396.992393        1.465485
MDMin:   16 11:09:30    -2397.060612        1.490400
MDMin:   17 11:09:32    -2397.139322        1.525922
MDMin:   18 11:09:34    -2397.227293        1.577036
MDMin:   19 11:09:36    -2397.325386        1.565850
MDMin:   20 11:09:37    -2397.432935        1.503588
MDMin:   21 11:09:39    -2397.547241        1.342886
MDMin:   22 11:09:41    -2397.568463        1.165666
MDMin:   23 11:09:43    -2397.601214        1.083432
MDMin:   24 11:09:45    -2397.627375        1.130232
MDMin:   25 11:09:47    -2397.648278        1.170848
MDMin:   26 11:09:49    -2397.666298        1.155827
MDMin:   27 11:09:51    -2397.682352        1.012574
MDMin:   28 11:09:52    -2397.669973        1.043519
MDMin:   29 11:09:54    -2397.685406        1.369149
MDMin:   30 11:09:57    -2397.686437        1.119228
MDMin:   31 11:09:58    -2397.688618        1.110203
MDMin:   32 11:10:00    -2397.687066        1.088925
MDMin:   33 11:10:02    -2397.688944        1.053553
MDMin:   34 11:10:04    -2397.687700        1.002634
MDMin:   35 11:10:06    -2397.689468        0.938196
MDMin:   36 11:10:07    -2397.688079        0.897606
MDMin:   37 11:10:08    -2397.690248        0.934642
MDMin:   38 11:10:10    -2397.688271        0.973788
MDMin:   39 11:10:12    -2397.691312        1.011624
MDMin:   40 11:10:14    -2397.688390        1.043636
MDMin:   41 11:10:16    -2397.692623        1.063029
MDMin:   42 11:10:17    -2397.688538        1.062600
MDMin:   43 11:10:18    -2397.694129        1.035756
MDMin:   44 11:10:19    -2397.688807        0.981246
MDMin:   45 11:10:21    -2397.694909        0.951875
MDMin:   46 11:10:23    -2397.692883        0.896419
MDMin:   47 11:10:25    -2397.694723        0.856084
MDMin:   48 11:10:26    -2397.695822        0.842685
MDMin:   49 11:10:28    -2397.695205        0.816141
MDMin:   50 11:10:30    -2397.698851        0.777472
MDMin:   51 11:10:32    -2397.696251        0.729054
MDMin:   52 11:10:34    -2397.702023        0.675487
MDMin:   53 11:10:35    -2397.697688        0.659595
MDMin:   54 11:10:37    -2397.703749        0.668736
MDMin:   55 11:10:39    -2397.704042        0.685005
MDMin:   56 11:10:41    -2397.704536        0.709271
MDMin:   57 11:10:43    -2397.708725        0.742712
MDMin:   58 11:10:45    -2397.705919        0.786287
MDMin:   59 11:10:47    -2397.710706        0.839392
MDMin:   60 11:10:49    -2397.713079        0.903093
MDMin:   61 11:10:50    -2397.711756        0.965987
MDMin:   62 11:10:52    -2397.715878        1.014660
MDMin:   63 11:10:53    -2397.718791        1.033400
MDMin:   64 11:10:54    -2397.716848        1.006455
MDMin:   65 11:10:56    -2397.720618        0.936713
MDMin:   66 11:10:57    -2397.724084        0.841553
MDMin:   67 11:10:58    -2397.726357        0.787784
MDMin:   68 11:11:00    -2397.725520        0.704611
MDMin:   69 11:11:02    -2397.726870        0.704836
MDMin:   70 11:11:03    -2397.728351        0.704397
MDMin:   71 11:11:06    -2397.729984        0.703232
MDMin:   72 11:11:07    -2397.731288        0.701369
MDMin:   73 11:11:09    -2397.730089        0.699055
MDMin:   74 11:11:10    -2397.732003        0.696618
MDMin:   75 11:11:12    -2397.734035        0.694407
MDMin:   76 11:11:14    -2397.735915        0.692964
MDMin:   77 11:11:16    -2397.734072        0.692801
MDMin:   78 11:11:17    -2397.736230        0.694248
MDMin:   79 11:11:19    -2397.738475        0.697737
MDMin:   80 11:11:21    -2397.740123        0.703358
MDMin:   81 11:11:23    -2397.738349        0.710078
MDMin:   82 11:11:25    -2397.740585        0.716816
MDMin:   83 11:11:27    -2397.742864        0.722485
MDMin:   84 11:11:28    -2397.740474        0.724934
MDMin:   85 11:11:30    -2397.742610        0.723225
MDMin:   86 11:11:31    -2397.744648        0.717409
MDMin:   87 11:11:33    -2397.745264        0.709487
MDMin:   88 11:11:34    -2397.745045        0.702980
MDMin:   89 11:11:35    -2397.746044        0.697078
MDMin:   90 11:11:36    -2397.746263        0.690633
MDMin:   91 11:11:38    -2397.745866        0.684167
MDMin:   92 11:11:39    -2397.747042        0.678021
MDMin:   93 11:11:40    -2397.745754        0.672586
MDMin:   94 11:11:41    -2397.747020        0.668162
MDMin:   95 11:11:42    -2397.747925        0.664731
MDMin:   96 11:11:44    -2397.746938        0.662444
MDMin:   97 11:11:45    -2397.748371        0.660944
MDMin:   98 11:11:47    -2397.748852        0.659575
MDMin:   99 11:11:48    -2397.748332        0.657549
MDMin:  100 11:11:49    -2397.749689        0.653890
MDMin:  101 11:11:51    -2397.748424        0.647606
MDMin:  102 11:11:53    -2397.750030        0.637824
MDMin:  103 11:11:55    -2397.750504        0.622869
MDMin:  104 11:11:57    -2397.750163        0.602586
MDMin:  105 11:11:59    -2397.751267        0.576789
MDMin:  106 11:12:01    -2397.750430        0.550027
MDMin:  107 11:12:03    -2397.751940        0.557492
MDMin:  108 11:12:05    -2397.750818        0.565553
MDMin:  109 11:12:07    -2397.752489        0.573344
MDMin:  110 11:12:09    -2397.752529        0.580582
MDMin:  111 11:12:10    -2397.752968        0.586052
MDMin:  112 11:12:12    -2397.753045        0.589377
MDMin:  113 11:12:14    -2397.753375        0.591048
MDMin:  114 11:12:16    -2397.753387        0.591256
MDMin:  115 11:12:18    -2397.753638        0.589845
MDMin:  116 11:12:19    -2397.753699        0.586583
MDMin:  117 11:12:21    -2397.753922        0.581255
MDMin:  118 11:12:23    -2397.754007        0.573937
MDMin:  119 11:12:25    -2397.754245        0.568544
MDMin:  120 11:12:27    -2397.754313        0.573781
MDMin:  121 11:12:29    -2397.754602        0.578891
MDMin:  122 11:12:31    -2397.754613        0.583242
MDMin:  123 11:12:32    -2397.754976        0.586297
MDMin:  124 11:12:33    -2397.754119        0.587455
MDMin:  125 11:12:35    -2397.755217        0.585957
MDMin:  126 11:12:36    -2397.754617        0.581470
MDMin:  127 11:12:38    -2397.755467        0.574032
MDMin:  128 11:12:40    -2397.755113        0.563894
MDMin:  129 11:12:42    -2397.755714        0.551887
MDMin:  130 11:12:43    -2397.755607        0.538892
MDMin:  131 11:12:45    -2397.755956        0.526272
MDMin:  132 11:12:47    -2397.756111        0.515113
MDMin:  133 11:12:49    -2397.756180        0.506224
MDMin:  134 11:12:51    -2397.756409        0.499392
MDMin:  135 11:12:53    -2397.755980        0.493826
MDMin:  136 11:12:55    -2397.756533        0.490818
MDMin:  137 11:12:56    -2397.756263        0.488133
MDMin:  138 11:12:58    -2397.756656        0.484213
MDMin:  139 11:12:59    -2397.756528        0.483256
MDMin:  140 11:13:00    -2397.756783        0.483423
MDMin:  141 11:13:02    -2397.756788        0.484632
MDMin:  142 11:13:03    -2397.756916        0.486687
MDMin:  143 11:13:04    -2397.757042        0.489360
MDMin:  144 11:13:05    -2397.757052        0.492259
MDMin:  145 11:13:06    -2397.757276        0.495003
MDMin:  146 11:13:08    -2397.756668        0.497169
MDMin:  147 11:13:09    -2397.757379        0.498008
MDMin:  148 11:13:10    -2397.756917        0.501284
MDMin:  149 11:13:11    -2397.757497        0.507161
MDMin:  150 11:13:13    -2397.757161        0.512998
MDMin:  151 11:13:14    -2397.757606        0.518478
MDMin:  152 11:13:15    -2397.757344        0.523727
MDMin:  153 11:13:16    -2397.757695        0.528649
MDMin:  154 11:13:18    -2397.757474        0.533266
MDMin:  155 11:13:19    -2397.757777        0.537203
MDMin:  156 11:13:20    -2397.757586        0.540094
MDMin:  157 11:13:22    -2397.757860        0.541366
MDMin:  158 11:13:23    -2397.757690        0.540514
MDMin:  159 11:13:24    -2397.757946        0.537119
MDMin:  160 11:13:25    -2397.757784        0.530918
MDMin:  161 11:13:27    -2397.758035        0.522076
MDMin:  162 11:13:28    -2397.757868        0.510875
MDMin:  163 11:13:29    -2397.758125        0.498135
MDMin:  164 11:13:31    -2397.757939        0.484460
MDMin:  165 11:13:33    -2397.758216        0.483240
MDMin:  166 11:13:35    -2397.757998        0.490067
MDMin:  167 11:13:37    -2397.758304        0.495895
MDMin:  168 11:13:39    -2397.758043        0.500465
MDMin:  169 11:13:41    -2397.758307        0.503462
MDMin:  170 11:13:43    -2397.758341        0.505038
MDMin:  171 11:13:44    -2397.758379        0.504938
MDMin:  172 11:13:46    -2397.758427        0.503213
MDMin:  173 11:13:48    -2397.758401        0.499880
MDMin:  174 11:13:49    -2397.758502        0.494908
MDMin:  175 11:13:51    -2397.758391        0.488372
MDMin:  176 11:13:53    -2397.758568        0.480321
MDMin:  177 11:13:54    -2397.758535        0.470512
MDMin:  178 11:13:56    -2397.758588        0.459603
MDMin:  179 11:13:58    -2397.758628        0.450494
MDMin:  180 11:13:59    -2397.758552        0.463449
MDMin:  181 11:14:00    -2397.758680        0.474125
MDMin:  182 11:14:02    -2397.758678        0.482047
MDMin:  183 11:14:04    -2397.758677        0.485579
MDMin:  184 11:14:06    -2397.758774        0.484462
MDMin:  185 11:14:08    -2397.758612        0.478940
MDMin:  186 11:14:09    -2397.758681        0.469473
MDMin:  187 11:14:11    -2397.758780        0.456067
MDMin:  188 11:14:13    -2397.758811        0.438712
MDMin:  189 11:14:15    -2397.758783        0.419672
MDMin:  190 11:14:17    -2397.758851        0.398997
MDMin:  191 11:14:19    -2397.758892        0.376459
MDMin:  192 11:14:21    -2397.758819        0.362360
MDMin:  193 11:14:23    -2397.758866        0.363235
MDMin:  194 11:14:24    -2397.758940        0.364959
MDMin:  195 11:14:26    -2397.758962        0.367425
MDMin:  196 11:14:27    -2397.758925        0.370217
MDMin:  197 11:14:29    -2397.758963        0.373106
MDMin:  198 11:14:30    -2397.759027        0.375991
MDMin:  199 11:14:32    -2397.759060        0.378460
MDMin:  200 11:14:34    -2397.759009        0.380019
MDMin:  201 11:14:35    -2397.759037        0.380548
MDMin:  202 11:14:37    -2397.759087        0.386893
MDMin:  203 11:14:39    -2397.759157        0.394619
MDMin:  204 11:14:41    -2397.759173        0.402819
MDMin:  205 11:14:43    -2397.759154        0.410632
MDMin:  206 11:14:45    -2397.759184        0.418511
MDMin:  207 11:14:46    -2397.759233        0.426606
MDMin:  208 11:14:48    -2397.759296        0.434838
MDMin:  209 11:14:50    -2397.759207        0.442206
MDMin:  210 11:14:52    -2397.759231        0.448910
MDMin:  211 11:14:54    -2397.759277        0.454723
MDMin:  212 11:14:56    -2397.759343        0.459115
MDMin:  213 11:14:57    -2397.759426        0.461427
MDMin:  214 11:14:59    -2397.759444        0.461188
MDMin:  215 11:15:01    -2397.759445        0.458557
MDMin:  216 11:15:03    -2397.759483        0.453950
MDMin:  217 11:15:05    -2397.759537        0.447665
MDMin:  218 11:15:07    -2397.759577        0.439960
MDMin:  219 11:15:09    -2397.759529        0.432006
MDMin:  220 11:15:11    -2397.759564        0.423566
MDMin:  221 11:15:12    -2397.759618        0.414594
MDMin:  222 11:15:13    -2397.759682        0.407921
MDMin:  223 11:15:14    -2397.759608        0.416282
MDMin:  224 11:15:16    -2397.759651        0.424658
MDMin:  225 11:15:17    -2397.759714        0.432984
MDMin:  226 11:15:19    -2397.759783        0.440852
MDMin:  227 11:15:21    -2397.759719        0.447044
MDMin:  228 11:15:23    -2397.759772        0.451719
MDMin:  229 11:15:25    -2397.759843        0.454667
MDMin:  230 11:15:26    -2397.759764        0.455506
MDMin:  231 11:15:28    -2397.759645        0.454384
MDMin:  232 11:15:29    -2397.759505        0.451128
MDMin:  233 11:15:31    -2397.759360        0.445768
MDMin:  234 11:15:33    -2397.759218        0.438497
MDMin:  235 11:15:35    -2397.759084        0.429847
MDMin:  236 11:15:37    -2397.758960        0.420274
MDMin:  237 11:15:39    -2397.758846        0.410308
MDMin:  238 11:15:41    -2397.758738        0.400039
MDMin:  239 11:15:43    -2397.758635        0.389619
MDMin:  240 11:15:45    -2397.758535        0.379002
MDMin:  241 11:15:46    -2397.758436        0.368381
MDMin:  242 11:15:49    -2397.758338        0.357862
MDMin:  243 11:15:51    -2397.758242        0.347743
MDMin:  244 11:15:53    -2397.758148        0.338203
MDMin:  245 11:15:55    -2397.758057        0.337752
MDMin:  246 11:15:56    -2397.757972        0.354594
MDMin:  247 11:15:57    -2397.757892        0.371839
MDMin:  248 11:15:59    -2397.757818        0.389227
MDMin:  249 11:16:00    -2397.757749        0.406408
MDMin:  250 11:16:01    -2397.757683        0.423376
MDMin:  251 11:16:03    -2397.757621        0.439868
MDMin:  252 11:16:05    -2397.757559        0.455601
MDMin:  253 11:16:07    -2397.757499        0.469879
MDMin:  254 11:16:09    -2397.757440        0.481864
MDMin:  255 11:16:11    -2397.757383        0.490442
MDMin:  256 11:16:14    -2397.757327        0.494531
MDMin:  257 11:16:16    -2397.757272        0.493212
MDMin:  258 11:16:17    -2397.757220        0.486072
MDMin:  259 11:16:19    -2397.757171        0.473455
MDMin:  260 11:16:20    -2397.757125        0.456372
MDMin:  261 11:16:21    -2397.757082        0.436306
MDMin:  262 11:16:23    -2397.757043        0.414428
MDMin:  263 11:16:25    -2397.757006        0.391523
MDMin:  264 11:16:27    -2397.756970        0.367878
MDMin:  265 11:16:28    -2397.756935        0.343792
MDMin:  266 11:16:30    -2397.756901        0.327119
MDMin:  267 11:16:32    -2397.756867        0.332794
MDMin:  268 11:16:33    -2397.756833        0.336852
MDMin:  269 11:16:35    -2397.756801        0.343954
MDMin:  270 11:16:36    -2397.756769        0.351574
MDMin:  271 11:16:38    -2397.756738        0.359016
MDMin:  272 11:16:40    -2397.756710        0.366197
MDMin:  273 11:16:41    -2397.756683        0.373089
MDMin:  274 11:16:43    -2397.756658        0.379783
MDMin:  275 11:16:45    -2397.756635        0.386432
MDMin:  276 11:16:46    -2397.756611        0.393205
MDMin:  277 11:16:48    -2397.756588        0.400230
MDMin:  278 11:16:49    -2397.756566        0.407586
MDMin:  279 11:16:51    -2397.756543        0.415279
MDMin:  280 11:16:52    -2397.756521        0.423227
MDMin:  281 11:16:54    -2397.756499        0.431228
MDMin:  282 11:16:56    -2397.756478        0.438944
MDMin:  283 11:16:58    -2397.756458        0.445966
MDMin:  284 11:17:00    -2397.756440        0.451856
MDMin:  285 11:17:02    -2397.756422        0.456262
MDMin:  286 11:17:04    -2397.756406        0.458987
MDMin:  287 11:17:05    -2397.756391        0.459935
MDMin:  288 11:17:07    -2397.756376        0.459039
MDMin:  289 11:17:09    -2397.756362        0.456274
MDMin:  290 11:17:10    -2397.756348        0.451710
MDMin:  291 11:17:12    -2397.756335        0.445568
MDMin:  292 11:17:13    -2397.756322        0.438231
MDMin:  293 11:17:15    -2397.756310        0.430217
MDMin:  294 11:17:17    -2397.756299        0.422076
MDMin:  295 11:17:18    -2397.756289        0.421932
MDMin:  296 11:17:19    -2397.756280        0.425719
MDMin:  297 11:17:21    -2397.756272        0.427507
MDMin:  298 11:17:23    -2397.756265        0.427365
MDMin:  299 11:17:24    -2397.756259        0.425342
MDMin:  300 11:17:25    -2397.756254        0.421426
MDMin:  301 11:17:27    -2397.756250        0.415596
MDMin:  302 11:17:29    -2397.756247        0.407887
MDMin:  303 11:17:31    -2397.756245        0.398460
MDMin:  304 11:17:33    -2397.756244        0.387630
MDMin:  305 11:17:35    -2397.756244        0.375887
MDMin:  306 11:17:37    -2397.756245        0.363819
MDMin:  307 11:17:39    -2397.756248        0.351961
MDMin:  308 11:17:41    -2397.756252        0.340588
MDMin:  309 11:17:43    -2397.756258        0.333976
MDMin:  310 11:17:45    -2397.756264        0.328085
MDMin:  311 11:17:46    -2397.756272        0.321981
MDMin:  312 11:17:47    -2397.756282        0.315625
MDMin:  313 11:17:50    -2397.756294        0.309044
MDMin:  314 11:17:51    -2397.756308        0.302310
MDMin:  315 11:17:53    -2397.756324        0.295562
MDMin:  316 11:17:55    -2397.756342        0.288972
MDMin:  317 11:17:57    -2397.756362        0.282738
MDMin:  318 11:17:59    -2397.756384        0.276983
MDMin:  319 11:18:01    -2397.756406        0.271722
MDMin:  320 11:18:03    -2397.756429        0.266836
MDMin:  321 11:18:05    -2397.756454        0.262213
MDMin:  322 11:18:07    -2397.756482        0.261249
MDMin:  323 11:18:08    -2397.756512        0.264095
MDMin:  324 11:18:10    -2397.756546        0.267500
MDMin:  325 11:18:11    -2397.756584        0.271547
MDMin:  326 11:18:13    -2397.756624        0.276305
MDMin:  327 11:18:14    -2397.756668        0.281794
MDMin:  328 11:18:15    -2397.756713        0.287986
MDMin:  329 11:18:17    -2397.756760        0.294790
MDMin:  330 11:18:19    -2397.756808        0.302147
MDMin:  331 11:18:21    -2397.756856        0.310076
MDMin:  332 11:18:23    -2397.756905        0.318754
MDMin:  333 11:18:25    -2397.756957        0.328388
MDMin:  334 11:18:27    -2397.757013        0.339227
MDMin:  335 11:18:29    -2397.757072        0.351464
MDMin:  336 11:18:31    -2397.757136        0.365282
MDMin:  337 11:18:32    -2397.757204        0.380772
MDMin:  338 11:18:34    -2397.757276        0.397960
MDMin:  339 11:18:36    -2397.757353        0.416698
MDMin:  340 11:18:38    -2397.757433        0.436690
MDMin:  341 11:18:39    -2397.757516        0.457402
MDMin:  342 11:18:41    -2397.757600        0.478196
MDMin:  343 11:18:43    -2397.757686        0.498336
MDMin:  344 11:18:45    -2397.757774        0.517159
MDMin:  345 11:18:46    -2397.757864        0.533927
MDMin:  346 11:18:47    -2397.757958        0.547821
MDMin:  347 11:18:49    -2397.758057        0.557776
MDMin:  348 11:18:51    -2397.758162        0.562573
MDMin:  349 11:18:52    -2397.758273        0.560965
MDMin:  350 11:18:54    -2397.758393        0.551969
MDMin:  351 11:18:55    -2397.758520        0.535232
MDMin:  352 11:18:57    -2397.758656        0.511334
MDMin:  353 11:18:58    -2397.758797        0.481999
MDMin:  354 11:18:59    -2397.758943        0.449747
MDMin:  355 11:19:00    -2397.759089        0.417207
MDMin:  356 11:19:02    -2397.759234        0.385887
MDMin:  357 11:19:04    -2397.759238        0.356165
MDMin:  358 11:19:05    -2397.758983        0.329137
MDMin:  359 11:19:07    -2397.759193        0.326402
MDMin:  360 11:19:09    -2397.759215        0.324915
MDMin:  361 11:19:11    -2397.759023        0.321858
MDMin:  362 11:19:12    -2397.759207        0.317673
MDMin:  363 11:19:14    -2397.758967        0.321848
MDMin:  364 11:19:15    -2397.759200        0.325826
MDMin:  365 11:19:17    -2397.758994        0.329635
MDMin:  366 11:19:19    -2397.759190        0.333381
MDMin:  367 11:19:21    -2397.759102        0.337158
MDMin:  368 11:19:23    -2397.759177        0.341070
MDMin:  369 11:19:25    -2397.759187        0.345222
MDMin:  370 11:19:27    -2397.759134        0.349813
MDMin:  371 11:19:29    -2397.759170        0.354707
MDMin:  372 11:19:30    -2397.759178        0.359953
MDMin:  373 11:19:32    -2397.759183        0.365679
MDMin:  374 11:19:34    -2397.759188        0.371992
MDMin:  375 11:19:37    -2397.759191        0.378991
MDMin:  376 11:19:38    -2397.759194        0.386791
MDMin:  377 11:19:39    -2397.759196        0.395450
MDMin:  378 11:19:41    -2397.759197        0.404986
MDMin:  379 11:19:43    -2397.759197        0.415303
MDMin:  380 11:19:45    -2397.759196        0.426208
MDMin:  381 11:19:47    -2397.759194        0.437330
MDMin:  382 11:19:49    -2397.759191        0.448182
MDMin:  383 11:19:50    -2397.759188        0.458172
MDMin:  384 11:19:52    -2397.759183        0.466698
MDMin:  385 11:19:53    -2397.759178        0.473236
MDMin:  386 11:19:55    -2397.759173        0.477455
MDMin:  387 11:19:56    -2397.759167        0.479118
MDMin:  388 11:19:57    -2397.759160        0.478059
MDMin:  389 11:19:58    -2397.759153        0.474178
MDMin:  390 11:19:59    -2397.759145        0.467501
MDMin:  391 11:20:00    -2397.759136        0.458265
MDMin:  392 11:20:02    -2397.759127        0.446922
MDMin:  393 11:20:03    -2397.759117        0.434153
MDMin:  394 11:20:05    -2397.759106        0.420694
MDMin:  395 11:20:07    -2397.759095        0.407229
MDMin:  396 11:20:09    -2397.759085        0.394118
MDMin:  397 11:20:10    -2397.759073        0.381451
MDMin:  398 11:20:12    -2397.759062        0.369061
MDMin:  399 11:20:13    -2397.759050        0.356817
MDMin:  400 11:20:15    -2397.759037        0.344616
MDMin:  401 11:20:17    -2397.759024        0.332476
MDMin:  402 11:20:18    -2397.759009        0.320466
MDMin:  403 11:20:20    -2397.758994        0.308749
MDMin:  404 11:20:22    -2397.758979        0.303479
MDMin:  405 11:20:24    -2397.758964        0.304155
MDMin:  406 11:20:26    -2397.758949        0.304435
MDMin:  407 11:20:28    -2397.758934        0.304387
MDMin:  408 11:20:29    -2397.758919        0.304064
MDMin:  409 11:20:31    -2397.758904        0.303488
MDMin:  410 11:20:33    -2397.758889        0.302654
MDMin:  411 11:20:35    -2397.758872        0.301543
MDMin:  412 11:20:37    -2397.758856        0.300135
MDMin:  413 11:20:39    -2397.758838        0.298417
MDMin:  414 11:20:41    -2397.758821        0.296396
MDMin:  415 11:20:43    -2397.758803        0.294109
MDMin:  416 11:20:44    -2397.758786        0.291621
MDMin:  417 11:20:46    -2397.758770        0.288996
MDMin:  418 11:20:47    -2397.758755        0.286260
MDMin:  419 11:20:49    -2397.758739        0.283383
MDMin:  420 11:20:51    -2397.758724        0.280321
MDMin:  421 11:20:53    -2397.758709        0.277034
MDMin:  422 11:20:55    -2397.758693        0.273501
MDMin:  423 11:20:57    -2397.758677        0.269724
MDMin:  424 11:20:58    -2397.758661        0.265732
MDMin:  425 11:21:00    -2397.758645        0.261594
MDMin:  426 11:21:02    -2397.758629        0.257412
MDMin:  427 11:21:03    -2397.758614        0.253294
MDMin:  428 11:21:05    -2397.758601        0.249324
MDMin:  429 11:21:07    -2397.758588        0.245498
MDMin:  430 11:21:09    -2397.758576        0.241759
MDMin:  431 11:21:11    -2397.758564        0.238026
MDMin:  432 11:21:13    -2397.758552        0.234255
MDMin:  433 11:21:15    -2397.758540        0.230428
MDMin:  434 11:21:16    -2397.758528        0.226559
MDMin:  435 11:21:18    -2397.758516        0.222677
MDMin:  436 11:21:20    -2397.758504        0.218838
MDMin:  437 11:21:22    -2397.758493        0.215110
MDMin:  438 11:21:24    -2397.758482        0.211572
MDMin:  439 11:21:26    -2397.758473        0.208275
MDMin:  440 11:21:28    -2397.758464        0.205220
MDMin:  441 11:21:29    -2397.758456        0.202344
MDMin:  442 11:21:30    -2397.758448        0.199577
MDMin:  443 11:21:32    -2397.758440        0.196861
MDMin:  444 11:21:33    -2397.758433        0.194170
MDMin:  445 11:21:35    -2397.758425        0.191494
MDMin:  446 11:21:36    -2397.758418        0.188843
MDMin:  447 11:21:38    -2397.758410        0.186234
MDMin:  448 11:21:39    -2397.758404        0.183698
MDMin:  449 11:21:40    -2397.758397        0.181271
MDMin:  450 11:21:42    -2397.758391        0.178992
MDMin:  451 11:21:43    -2397.758385        0.179544
MDMin:  452 11:21:45    -2397.758380        0.180263
MDMin:  453 11:21:46    -2397.758376        0.180955
MDMin:  454 11:21:47    -2397.758371        0.181635
MDMin:  455 11:21:49    -2397.758367        0.182315
MDMin:  456 11:21:51    -2397.758362        0.182998
MDMin:  457 11:21:52    -2397.758358        0.183682
MDMin:  458 11:21:53    -2397.758354        0.184358
MDMin:  459 11:21:54    -2397.758349        0.185016
MDMin:  460 11:21:55    -2397.758345        0.185638
MDMin:  461 11:21:57    -2397.758341        0.186208
MDMin:  462 11:21:58    -2397.758338        0.186713
MDMin:  463 11:21:59    -2397.758335        0.187153
MDMin:  464 11:22:01    -2397.758331        0.187539
MDMin:  465 11:22:02    -2397.758328        0.187883
MDMin:  466 11:22:04    -2397.758325        0.188193
MDMin:  467 11:22:05    -2397.758322        0.188470
MDMin:  468 11:22:06    -2397.758319        0.188708
MDMin:  469 11:22:08    -2397.758316        0.188901
MDMin:  470 11:22:10    -2397.758313        0.189041
MDMin:  471 11:22:12    -2397.758310        0.189122
MDMin:  472 11:22:14    -2397.758306        0.189140
MDMin:  473 11:22:15    -2397.758303        0.189100
MDMin:  474 11:22:16    -2397.758301        0.189011
MDMin:  475 11:22:18    -2397.758298        0.188881
MDMin:  476 11:22:20    -2397.758296        0.188714
MDMin:  477 11:22:21    -2397.758293        0.188509
MDMin:  478 11:22:22    -2397.758291        0.188264
MDMin:  479 11:22:24    -2397.758288        0.187975
MDMin:  480 11:22:26    -2397.758286        0.187644
MDMin:  481 11:22:27    -2397.758283        0.187271
MDMin:  482 11:22:29    -2397.758281        0.186866
MDMin:  483 11:22:32    -2397.758279        0.186440
MDMin:  484 11:22:33    -2397.758277        0.186009
MDMin:  485 11:22:35    -2397.758275        0.185586
MDMin:  486 11:22:37    -2397.758274        0.185172
MDMin:  487 11:22:38    -2397.758273        0.184759
MDMin:  488 11:22:39    -2397.758272        0.184339
MDMin:  489 11:22:41    -2397.758272        0.183907
MDMin:  490 11:22:42    -2397.758272        0.183463
MDMin:  491 11:22:44    -2397.758272        0.183009
MDMin:  492 11:22:46    -2397.758273        0.182550
MDMin:  493 11:22:48    -2397.758274        0.182095
MDMin:  494 11:22:50    -2397.758276        0.181655
MDMin:  495 11:22:52    -2397.758278        0.181240
MDMin:  496 11:22:53    -2397.758281        0.180860
MDMin:  497 11:22:54    -2397.758285        0.180510
MDMin:  498 11:22:56    -2397.758288        0.180191
MDMin:  499 11:22:59    -2397.758293        0.179894
MDMin:  500 11:23:01    -2397.758298        0.179613
MDMin:  501 11:23:03    -2397.758305        0.179345
MDMin:  502 11:23:04    -2397.758312        0.179092
MDMin:  503 11:23:06    -2397.758321        0.178857
MDMin:  504 11:23:07    -2397.758331        0.178642
MDMin:  505 11:23:09    -2397.758342        0.178449
MDMin:  506 11:23:10    -2397.758355        0.178280
MDMin:  507 11:23:12    -2397.758368        0.178137
MDMin:  508 11:23:13    -2397.758382        0.178015
MDMin:  509 11:23:15    -2397.758396        0.177911
MDMin:  510 11:23:17    -2397.758411        0.177818
MDMin:  511 11:23:18    -2397.758427        0.177735
MDMin:  512 11:23:20    -2397.758445        0.177657
MDMin:  513 11:23:21    -2397.758465        0.177585
MDMin:  514 11:23:22    -2397.758488        0.177516
MDMin:  515 11:23:24    -2397.758512        0.177449
MDMin:  516 11:23:25    -2397.758539        0.177382
MDMin:  517 11:23:26    -2397.758569        0.177317
MDMin:  518 11:23:28    -2397.758599        0.177257
MDMin:  519 11:23:29    -2397.758630        0.177200
MDMin:  520 11:23:31    -2397.758661        0.177145
MDMin:  521 11:23:33    -2397.758692        0.177089
MDMin:  522 11:23:35    -2397.758725        0.177031
MDMin:  523 11:23:37    -2397.758759        0.176968
MDMin:  524 11:23:39    -2397.758796        0.176895
MDMin:  525 11:23:41    -2397.758836        0.176811
MDMin:  526 11:23:42    -2397.758880        0.176712
MDMin:  527 11:23:43    -2397.758927        0.176593
MDMin:  528 11:23:45    -2397.758978        0.176452
MDMin:  529 11:23:46    -2397.759031        0.176286
MDMin:  530 11:23:48    -2397.759086        0.176094
MDMin:  531 11:23:49    -2397.759087        0.183535
MDMin:  532 11:23:51    -2397.758996        0.175726
MDMin:  533 11:23:53    -2397.759042        0.175573
MDMin:  534 11:23:54    -2397.759077        0.175384
MDMin:  535 11:23:55    -2397.758981        0.175229
MDMin:  536 11:23:57    -2397.759017        0.175068
MDMin:  537 11:23:59    -2397.759053        0.174870
MDMin:  538 11:24:01    -2397.759066        0.174627
MDMin:  539 11:24:02    -2397.758996        0.174420
MDMin:  540 11:24:04    -2397.759032        0.174206
MDMin:  541 11:24:06    -2397.759060        0.173941
MDMin:  542 11:24:07    -2397.758985        0.173710
MDMin:  543 11:24:09    -2397.759019        0.173468
MDMin:  544 11:24:11    -2397.759056        0.173169
MDMin:  545 11:24:13    -2397.758976        0.172900
MDMin:  546 11:24:15    -2397.759011        0.172620
MDMin:  547 11:24:17    -2397.759049        0.172272
MDMin:  548 11:24:18    -2397.759048        0.171849
MDMin:  549 11:24:19    -2397.759000        0.171468
MDMin:  550 11:24:21    -2397.759041        0.171073
MDMin:  551 11:24:23    -2397.759043        0.170591
MDMin:  552 11:24:24    -2397.758996        0.170150
MDMin:  553 11:24:25    -2397.759037        0.172236
MDMin:  554 11:24:27    -2397.759038        0.176686
MDMin:  555 11:24:29    -2397.758995        0.180766
MDMin:  556 11:24:31    -2397.759037        0.184951
MDMin:  557 11:24:33    -2397.759034        0.189945
MDMin:  558 11:24:35    -2397.758996        0.194593
MDMin:  559 11:24:37    -2397.759033        0.199365
MDMin:  560 11:24:39    -2397.758964        0.203937
MDMin:  561 11:24:41    -2397.759008        0.208679
MDMin:  562 11:24:43    -2397.759030        0.214351
MDMin:  563 11:24:45    -2397.758972        0.219796
MDMin:  564 11:24:46    -2397.759020        0.225413
MDMin:  565 11:24:47    -2397.759026        0.232055
MDMin:  566 11:24:49    -2397.758982        0.238454
MDMin:  567 11:24:51    -2397.759025        0.245029
MDMin:  568 11:24:53    -2397.758953        0.251490
MDMin:  569 11:24:55    -2397.759004        0.258159
MDMin:  570 11:24:57    -2397.759022        0.265946
MDMin:  571 11:24:59    -2397.758970        0.273561
MDMin:  572 11:25:01    -2397.759021        0.281346
MDMin:  573 11:25:03    -2397.758942        0.289051
MDMin:  574 11:25:04    -2397.759001        0.296921
MDMin:  575 11:25:05    -2397.759017        0.305864
MDMin:  576 11:25:07    -2397.758967        0.314588
MDMin:  577 11:25:09    -2397.759016        0.323327
MDMin:  578 11:25:11    -2397.758941        0.331861
MDMin:  579 11:25:13    -2397.759010        0.340317
MDMin:  580 11:25:14    -2397.759011        0.349430
MDMin:  581 11:25:16    -2397.758975        0.358001
MDMin:  582 11:25:19    -2397.759010        0.366101
MDMin:  583 11:25:20    -2397.758950        0.373517
MDMin:  584 11:25:22    -2397.759009        0.380214
MDMin:  585 11:25:24    -2397.758929        0.386004
MDMin:  586 11:25:26    -2397.759009        0.390773
MDMin:  587 11:25:28    -2397.758913        0.394351
MDMin:  588 11:25:30    -2397.759005        0.396584
MDMin:  589 11:25:32    -2397.759003        0.397318
MDMin:  590 11:25:34    -2397.758976        0.396156
MDMin:  591 11:25:36    -2397.759001        0.393001
MDMin:  592 11:25:38    -2397.758958        0.387794
MDMin:  593 11:25:40    -2397.758999        0.380523
MDMin:  594 11:25:42    -2397.758947        0.371222
MDMin:  595 11:25:44    -2397.758998        0.360026
MDMin:  596 11:25:46    -2397.758941        0.347021
MDMin:  597 11:25:48    -2397.758996        0.357303
MDMin:  598 11:25:50    -2397.758942        0.367563
MDMin:  599 11:25:52    -2397.758994        0.376348
MDMin:  600 11:25:54    -2397.758950        0.383669
MDMin:  601 11:25:56    -2397.758991        0.389371
MDMin:  602 11:25:58    -2397.758964        0.393555
MDMin:  603 11:25:59    -2397.758988        0.396191
MDMin:  604 11:26:01    -2397.758986        0.397444
MDMin:  605 11:26:02    -2397.758985        0.397401
MDMin:  606 11:26:04    -2397.758989        0.396247
MDMin:  607 11:26:06    -2397.758883        0.394053
MDMin:  608 11:26:08    -2397.758986        0.391018
MDMin:  609 11:26:09    -2397.758950        0.387327
MDMin:  610 11:26:11    -2397.758981        0.383266
MDMin:  611 11:26:13    -2397.758986        0.378933
MDMin:  612 11:26:15    -2397.758893        0.374271
MDMin:  613 11:26:16    -2397.758981        0.369765
MDMin:  614 11:26:17    -2397.758985        0.365399
MDMin:  615 11:26:19    -2397.758880        0.361116
MDMin:  616 11:26:21    -2397.758979        0.357346
MDMin:  617 11:26:23    -2397.758983        0.353989
MDMin:  618 11:26:25    -2397.758909        0.351003
MDMin:  619 11:26:27    -2397.758975        0.348650
MDMin:  620 11:26:29    -2397.758979        0.346814
MDMin:  621 11:26:31    -2397.758983        0.345481
MDMin:  622 11:26:33    -2397.758888        0.344701
MDMin:  623 11:26:34    -2397.758972        0.344432
MDMin:  624 11:26:35    -2397.758976        0.344591
MDMin:  625 11:26:37    -2397.758979        0.345090
MDMin:  626 11:26:39    -2397.758982        0.345698
MDMin:  627 11:26:41    -2397.758975        0.346175
MDMin:  628 11:26:43    -2397.758976        0.346546
MDMin:  629 11:26:45    -2397.758977        0.346965
MDMin:  630 11:26:47    -2397.758979        0.347458
MDMin:  631 11:26:49    -2397.758980        0.348012
MDMin:  632 11:26:51    -2397.758981        0.348600
MDMin:  633 11:26:53    -2397.758982        0.349182
MDMin:  634 11:26:55    -2397.758983        0.349725
MDMin:  635 11:26:57    -2397.758984        0.350184
MDMin:  636 11:26:59    -2397.758984        0.350480
MDMin:  637 11:27:01    -2397.758969        0.350496
MDMin:  638 11:27:03    -2397.758971        0.350212
MDMin:  639 11:27:05    -2397.758972        0.349560
MDMin:  640 11:27:07    -2397.758972        0.348452
MDMin:  641 11:27:09    -2397.758972        0.346812
MDMin:  642 11:27:11    -2397.758972        0.344623
MDMin:  643 11:27:13    -2397.758972        0.342076
MDMin:  644 11:27:15    -2397.758971        0.339737
MDMin:  645 11:27:17    -2397.758970        0.337847
MDMin:  646 11:27:19    -2397.758970        0.335892
MDMin:  647 11:27:21    -2397.758969        0.333675
MDMin:  648 11:27:23    -2397.758968        0.331140
MDMin:  649 11:27:25    -2397.758967        0.328256
MDMin:  650 11:27:27    -2397.758966        0.324997
MDMin:  651 11:27:29    -2397.758965        0.321343
MDMin:  652 11:27:30    -2397.758963        0.317283
MDMin:  653 11:27:32    -2397.758961        0.312816
MDMin:  654 11:27:34    -2397.758958        0.307959
MDMin:  655 11:27:36    -2397.758955        0.302761
MDMin:  656 11:27:38    -2397.758952        0.297332
MDMin:  657 11:27:40    -2397.758949        0.291940
MDMin:  658 11:27:41    -2397.758946        0.287192
MDMin:  659 11:27:43    -2397.758943        0.283779
MDMin:  660 11:27:45    -2397.758941        0.281183
MDMin:  661 11:27:47    -2397.758939        0.278627
MDMin:  662 11:27:49    -2397.758936        0.278871
MDMin:  663 11:27:51    -2397.758933        0.279602
MDMin:  664 11:27:52    -2397.758930        0.280234
MDMin:  665 11:27:54    -2397.758926        0.280724
MDMin:  666 11:27:56    -2397.758922        0.281021
MDMin:  667 11:27:59    -2397.758918        0.281073
MDMin:  668 11:28:01    -2397.758912        0.280823
MDMin:  669 11:28:03    -2397.758907        0.280219
MDMin:  670 11:28:05    -2397.758900        0.279242
MDMin:  671 11:28:06    -2397.758893        0.277918
MDMin:  672 11:28:08    -2397.758886        0.276397
MDMin:  673 11:28:09    -2397.758881        0.275055
MDMin:  674 11:28:11    -2397.758877        0.273999
MDMin:  675 11:28:12    -2397.758873        0.272914
MDMin:  676 11:28:14    -2397.758869        0.271710
MDMin:  677 11:28:15    -2397.758863        0.270378
MDMin:  678 11:28:17    -2397.758858        0.268918
MDMin:  679 11:28:19    -2397.758851        0.267338
MDMin:  680 11:28:22    -2397.758844        0.265655
MDMin:  681 11:28:24    -2397.758836        0.263894
MDMin:  682 11:28:26    -2397.758827        0.262088
MDMin:  683 11:28:28    -2397.758817        0.260281
MDMin:  684 11:28:29    -2397.758806        0.258529
MDMin:  685 11:28:31    -2397.758794        0.256910
MDMin:  686 11:28:33    -2397.758783        0.255553
MDMin:  687 11:28:35    -2397.758775        0.254919
MDMin:  688 11:28:37    -2397.758769        0.255179
MDMin:  689 11:28:39    -2397.758763        0.255437
MDMin:  690 11:28:41    -2397.758757        0.255728
MDMin:  691 11:28:43    -2397.758750        0.256062
MDMin:  692 11:28:45    -2397.758742        0.256447
MDMin:  693 11:28:47    -2397.758733        0.256891
MDMin:  694 11:28:49    -2397.758724        0.257408
MDMin:  695 11:28:52    -2397.758714        0.258011
MDMin:  696 11:28:53    -2397.758703        0.258721
MDMin:  697 11:28:55    -2397.758692        0.259560
MDMin:  698 11:28:57    -2397.758680        0.260558
MDMin:  699 11:28:59    -2397.758668        0.261748
MDMin:  700 11:29:01    -2397.758655        0.263168
MDMin:  701 11:29:03    -2397.758643        0.264784
MDMin:  702 11:29:04    -2397.758633        0.266339
MDMin:  703 11:29:06    -2397.758626        0.267465
MDMin:  704 11:29:07    -2397.758621        0.268458
MDMin:  705 11:29:09    -2397.758615        0.269580
MDMin:  706 11:29:11    -2397.758609        0.270892
MDMin:  707 11:29:13    -2397.758603        0.272429
MDMin:  708 11:29:15    -2397.758596        0.274221
MDMin:  709 11:29:17    -2397.758589        0.276303
MDMin:  710 11:29:19    -2397.758582        0.278713
MDMin:  711 11:29:21    -2397.758575        0.281487
MDMin:  712 11:29:23    -2397.758567        0.284667
MDMin:  713 11:29:25    -2397.758560        0.288290
MDMin:  714 11:29:27    -2397.758553        0.292392
MDMin:  715 11:29:29    -2397.758546        0.297002
MDMin:  716 11:29:32    -2397.758540        0.302110
MDMin:  717 11:29:33    -2397.758535        0.307574
MDMin:  718 11:29:36    -2397.758531        0.312897
MDMin:  719 11:29:38    -2397.758528        0.317204
MDMin:  720 11:29:40    -2397.758526        0.320532
MDMin:  721 11:29:42    -2397.758524        0.323828
MDMin:  722 11:29:44    -2397.758523        0.327448
MDMin:  723 11:29:46    -2397.758522        0.331468
MDMin:  724 11:29:48    -2397.758521        0.335913
MDMin:  725 11:29:50    -2397.758520        0.340793
MDMin:  726 11:29:52    -2397.758520        0.346107
MDMin:  727 11:29:53    -2397.758521        0.351842
MDMin:  728 11:29:55    -2397.758522        0.357973
MDMin:  729 11:29:56    -2397.758524        0.364453
MDMin:  730 11:29:58    -2397.758526        0.371210
MDMin:  731 11:30:00    -2397.758530        0.378125
MDMin:  732 11:30:02    -2397.758535        0.384998
MDMin:  733 11:30:04    -2397.758541        0.391466
MDMin:  734 11:30:06    -2397.758547        0.396888
MDMin:  735 11:30:07    -2397.758553        0.400693
MDMin:  736 11:30:09    -2397.758557        0.403427
MDMin:  737 11:30:10    -2397.758562        0.405928
MDMin:  738 11:30:12    -2397.758568        0.408440
MDMin:  739 11:30:13    -2397.758575        0.410969
MDMin:  740 11:30:15    -2397.758582        0.413474
MDMin:  741 11:30:16    -2397.758591        0.415905
MDMin:  742 11:30:18    -2397.758602        0.418215
MDMin:  743 11:30:20    -2397.758613        0.420376
MDMin:  744 11:30:22    -2397.758627        0.422382
MDMin:  745 11:30:24    -2397.758642        0.424253
MDMin:  746 11:30:26    -2397.758659        0.426020
MDMin:  747 11:30:28    -2397.758677        0.427636
MDMin:  748 11:30:30    -2397.758693        0.428876
MDMin:  749 11:30:32    -2397.758705        0.429690
MDMin:  750 11:30:34    -2397.758716        0.430492
MDMin:  751 11:30:36    -2397.758729        0.431530
MDMin:  752 11:30:38    -2397.758743        0.432924
MDMin:  753 11:30:40    -2397.758758        0.434769
MDMin:  754 11:30:42    -2397.758776        0.437196
MDMin:  755 11:30:44    -2397.758795        0.440367
MDMin:  756 11:30:45    -2397.758817        0.444408
MDMin:  757 11:30:46    -2397.758841        0.449431
MDMin:  758 11:30:48    -2397.758868        0.455499
MDMin:  759 11:30:50    -2397.758897        0.462565
MDMin:  760 11:30:52    -2397.758927        0.470373
MDMin:  761 11:30:54    -2397.758959        0.478260
MDMin:  762 11:30:56    -2397.758988        0.485085
MDMin:  763 11:30:58    -2397.759012        0.490119
MDMin:  764 11:30:59    -2397.759033        0.494051
MDMin:  765 11:31:00    -2397.759055        0.497576
MDMin:  766 11:31:02    -2397.759079        0.500767
MDMin:  767 11:31:04    -2397.759105        0.503360
MDMin:  768 11:31:06    -2397.759134        0.504906
MDMin:  769 11:31:08    -2397.759141        0.504795
MDMin:  770 11:31:10    -2397.759046        0.502523
MDMin:  771 11:31:12    -2397.759092        0.498016
MDMin:  772 11:31:14    -2397.759120        0.490554
MDMin:  773 11:31:16    -2397.759125        0.479313
MDMin:  774 11:31:18    -2397.759034        0.465478
MDMin:  775 11:31:20    -2397.759080        0.448408
MDMin:  776 11:31:22    -2397.759110        0.426864
MDMin:  777 11:31:24    -2397.759111        0.400400
MDMin:  778 11:31:25    -2397.759021        0.373206
MDMin:  779 11:31:27    -2397.759071        0.344292
MDMin:  780 11:31:29    -2397.759103        0.312006
MDMin:  781 11:31:31    -2397.758997        0.282775
MDMin:  782 11:31:33    -2397.759042        0.255534
MDMin:  783 11:31:35    -2397.759074        0.228275
MDMin:  784 11:31:38    -2397.759090        0.216296
MDMin:  785 11:31:39    -2397.759021        0.211974
MDMin:  786 11:31:41    -2397.759056        0.208177
MDMin:  787 11:31:42    -2397.759083        0.204132
MDMin:  788 11:31:43    -2397.759078        0.199781
MDMin:  789 11:31:44    -2397.759037        0.196207
MDMin:  790 11:31:46    -2397.759069        0.192887
MDMin:  791 11:31:47    -2397.759071        0.189295
MDMin:  792 11:31:48    -2397.759033        0.186389
MDMin:  793 11:31:50    -2397.759060        0.183723
MDMin:  794 11:31:51    -2397.759066        0.180828
MDMin:  795 11:31:52    -2397.759030        0.178496
MDMin:  796 11:31:54    -2397.759055        0.176359
MDMin:  797 11:31:56    -2397.759060        0.174015
MDMin:  798 11:31:58    -2397.759029        0.172114
MDMin:  799 11:32:00    -2397.759052        0.170361
MDMin:  800 11:32:02    -2397.759056        0.168416
MDMin:  801 11:32:04    -2397.759029        0.166822
MDMin:  802 11:32:06    -2397.759050        0.165340
MDMin:  803 11:32:08    -2397.759051        0.163678
MDMin:  804 11:32:10    -2397.759029        0.162301
MDMin:  805 11:32:12    -2397.759049        0.161011
MDMin:  806 11:32:14    -2397.759047        0.159551
MDMin:  807 11:32:16    -2397.759030        0.158330
MDMin:  808 11:32:18    -2397.759045        0.157179
MDMin:  809 11:32:20    -2397.759016        0.156175
MDMin:  810 11:32:22    -2397.759033        0.155206
MDMin:  811 11:32:24    -2397.759041        0.154076
MDMin:  812 11:32:26    -2397.759018        0.153096
MDMin:  813 11:32:28    -2397.759036        0.152157
MDMin:  814 11:32:30    -2397.759038        0.151064
MDMin:  815 11:32:32    -2397.759020        0.150119
MDMin:  816 11:32:34    -2397.759036        0.149215
       Step     Time          Energy          fmax
MDMin:    0 14:55:00    -2394.593524        5.462662
MDMin:    1 14:55:02    -2394.612199        5.525672
MDMin:    2 14:55:04    -2394.666258        5.635225
MDMin:    3 14:55:06    -2394.750215        5.490354
MDMin:    4 14:55:08    -2394.857452        5.530800
MDMin:    5 14:55:09    -2394.983477        5.357980
MDMin:    6 14:55:11    -2395.127357        4.718587
MDMin:    7 14:55:13    -2395.291438        4.790325
MDMin:    8 14:55:15    -2395.478465        3.344641
MDMin:    9 14:55:17    -2395.691780        3.234784
MDMin:   10 14:55:18    -2395.928765        2.861210
MDMin:   11 14:55:20    -2396.185624        1.987296
MDMin:   12 14:55:22    -2396.467676        1.608647
MDMin:   13 14:55:24    -2396.744998        2.076302
MDMin:   14 14:55:26    -2396.922531        2.514748
MDMin:   15 14:55:28    -2396.992393        1.465485
MDMin:   16 14:55:30    -2397.060612        1.490400
MDMin:   17 14:55:32    -2397.139322        1.525922
MDMin:   18 14:55:34    -2397.227293        1.577036
MDMin:   19 14:55:36    -2397.325386        1.565850
MDMin:   20 14:55:38    -2397.432935        1.503588
MDMin:   21 14:55:40    -2397.547241        1.342886
MDMin:   22 14:55:41    -2397.568463        1.165666
MDMin:   23 14:55:43    -2397.601214        1.083432
MDMin:   24 14:55:45    -2397.627375        1.130232
MDMin:   25 14:55:47    -2397.648278        1.170848
MDMin:   26 14:55:48    -2397.666298        1.155827
MDMin:   27 14:55:50    -2397.682352        1.012574
MDMin:   28 14:55:52    -2397.669973        1.043519
MDMin:   29 14:55:54    -2397.685406        1.369149
MDMin:   30 14:55:56    -2397.686437        1.119228
MDMin:   31 14:55:58    -2397.688618        1.110203
MDMin:   32 14:55:59    -2397.687066        1.088925
MDMin:   33 14:56:00    -2397.688944        1.053553
MDMin:   34 14:56:02    -2397.687700        1.002634
MDMin:   35 14:56:03    -2397.689468        0.938196
MDMin:   36 14:56:04    -2397.688079        0.897606
MDMin:   37 14:56:05    -2397.690248        0.934642
MDMin:   38 14:56:07    -2397.688271        0.973788
MDMin:   39 14:56:09    -2397.691312        1.011624
MDMin:   40 14:56:10    -2397.688390        1.043636
MDMin:   41 14:56:12    -2397.692623        1.063029
MDMin:   42 14:56:14    -2397.688538        1.062600
MDMin:   43 14:56:16    -2397.694129        1.035756
MDMin:   44 14:56:19    -2397.688807        0.981246
MDMin:   45 14:56:20    -2397.694909        0.951875
MDMin:   46 14:56:22    -2397.692883        0.896419
MDMin:   47 14:56:24    -2397.694723        0.856084
MDMin:   48 14:56:26    -2397.695822        0.842685
MDMin:   49 14:56:28    -2397.695205        0.816141
MDMin:   50 14:56:30    -2397.698851        0.777472
MDMin:   51 14:56:32    -2397.696251        0.729054
MDMin:   52 14:56:34    -2397.702023        0.675487
MDMin:   53 14:56:36    -2397.697688        0.659595
MDMin:   54 14:56:38    -2397.703749        0.668736
MDMin:   55 14:56:40    -2397.704042        0.685005
MDMin:   56 14:56:42    -2397.704536        0.709271
MDMin:   57 14:56:43    -2397.708725        0.742712
MDMin:   58 14:56:46    -2397.705919        0.786287
MDMin:   59 14:56:47    -2397.710706        0.839392
MDMin:   60 14:56:49    -2397.713079        0.903093
MDMin:   61 14:56:51    -2397.711756        0.965987
MDMin:   62 14:56:52    -2397.715878        1.014660
MDMin:   63 14:56:53    -2397.718791        1.033400
MDMin:   64 14:56:54    -2397.716848        1.006455
MDMin:   65 14:56:56    -2397.720618        0.936713
MDMin:   66 14:56:57    -2397.724084        0.841553
MDMin:   67 14:56:58    -2397.726357        0.787784
MDMin:   68 14:57:00    -2397.725520        0.704611
MDMin:   69 14:57:02    -2397.726870        0.704836
MDMin:   70 14:57:04    -2397.728351        0.704397
MDMin:   71 14:57:06    -2397.729984        0.703232
MDMin:   72 14:57:08    -2397.731288        0.701369
MDMin:   73 14:57:10    -2397.730089        0.699055
MDMin:   74 14:57:12    -2397.732003        0.696618
MDMin:   75 14:57:14    -2397.734035        0.694407
MDMin:   76 14:57:16    -2397.735915        0.692964
MDMin:   77 14:57:18    -2397.734072        0.692801
MDMin:   78 14:57:20    -2397.736230        0.694248
MDMin:   79 14:57:21    -2397.738475        0.697737
MDMin:   80 14:57:22    -2397.740123        0.703358
MDMin:   81 14:57:24    -2397.738349        0.710078
MDMin:   82 14:57:26    -2397.740585        0.716816
MDMin:   83 14:57:28    -2397.742864        0.722485
MDMin:   84 14:57:30    -2397.740474        0.724934
MDMin:   85 14:57:32    -2397.742610        0.723225
MDMin:   86 14:57:33    -2397.744648        0.717409
MDMin:   87 14:57:35    -2397.745264        0.709487
MDMin:   88 14:57:37    -2397.745045        0.702980
MDMin:   89 14:57:39    -2397.746044        0.697078
MDMin:   90 14:57:41    -2397.746263        0.690633
MDMin:   91 14:57:43    -2397.745866        0.684167
MDMin:   92 14:57:45    -2397.747042        0.678021
MDMin:   93 14:57:47    -2397.745754        0.672586
MDMin:   94 14:57:49    -2397.747020        0.668162
MDMin:   95 14:57:51    -2397.747925        0.664731
MDMin:   96 14:57:53    -2397.746938        0.662444
MDMin:   97 14:57:55    -2397.748371        0.660944
MDMin:   98 14:57:57    -2397.748852        0.659575
MDMin:   99 14:57:58    -2397.748332        0.657549
MDMin:  100 14:58:00    -2397.749689        0.653890
MDMin:  101 14:58:02    -2397.748424        0.647606
MDMin:  102 14:58:03    -2397.750030        0.637824
MDMin:  103 14:58:04    -2397.750504        0.622869
MDMin:  104 14:58:06    -2397.750163        0.602586
MDMin:  105 14:58:08    -2397.751267        0.576789
MDMin:  106 14:58:09    -2397.750430        0.550027
MDMin:  107 14:58:11    -2397.751940        0.557492
MDMin:  108 14:58:14    -2397.750818        0.565553
MDMin:  109 14:58:16    -2397.752489        0.573344
MDMin:  110 14:58:17    -2397.752529        0.580582
MDMin:  111 14:58:20    -2397.752968        0.586052
MDMin:  112 14:58:22    -2397.753045        0.589377
MDMin:  113 14:58:24    -2397.753375        0.591048
MDMin:  114 14:58:25    -2397.753387        0.591256
MDMin:  115 14:58:26    -2397.753638        0.589845
MDMin:  116 14:58:28    -2397.753699        0.586583
MDMin:  117 14:58:30    -2397.753922        0.581255
MDMin:  118 14:58:31    -2397.754007        0.573937
MDMin:  119 14:58:33    -2397.754245        0.568544
MDMin:  120 14:58:35    -2397.754313        0.573781
MDMin:  121 14:58:36    -2397.754602        0.578891
MDMin:  122 14:58:38    -2397.754613        0.583242
MDMin:  123 14:58:40    -2397.754976        0.586297
MDMin:  124 14:58:42    -2397.754119        0.587455
MDMin:  125 14:58:44    -2397.755217        0.585957
MDMin:  126 14:58:46    -2397.754617        0.581470
MDMin:  127 14:58:48    -2397.755467        0.574032
MDMin:  128 14:58:50    -2397.755113        0.563894
MDMin:  129 14:58:52    -2397.755714        0.551887
MDMin:  130 14:58:53    -2397.755607        0.538892
MDMin:  131 14:58:54    -2397.755956        0.526272
MDMin:  132 14:58:56    -2397.756111        0.515113
MDMin:  133 14:58:58    -2397.756180        0.506224
MDMin:  134 14:58:59    -2397.756409        0.499392
MDMin:  135 14:59:01    -2397.755980        0.493826
MDMin:  136 14:59:02    -2397.756533        0.490818
MDMin:  137 14:59:03    -2397.756263        0.488133
MDMin:  138 14:59:05    -2397.756656        0.484213
MDMin:  139 14:59:07    -2397.756528        0.483256
MDMin:  140 14:59:09    -2397.756783        0.483423
MDMin:  141 14:59:10    -2397.756788        0.484632
MDMin:  142 14:59:11    -2397.756916        0.486687
MDMin:  143 14:59:13    -2397.757042        0.489360
MDMin:  144 14:59:15    -2397.757052        0.492259
MDMin:  145 14:59:17    -2397.757276        0.495003
MDMin:  146 14:59:19    -2397.756668        0.497169
MDMin:  147 14:59:20    -2397.757379        0.498008
MDMin:  148 14:59:21    -2397.756917        0.501284
MDMin:  149 14:59:23    -2397.757497        0.507161
MDMin:  150 14:59:25    -2397.757161        0.512998
MDMin:  151 14:59:27    -2397.757606        0.518478
MDMin:  152 14:59:28    -2397.757344        0.523727
MDMin:  153 14:59:30    -2397.757695        0.528649
MDMin:  154 14:59:31    -2397.757474        0.533266
MDMin:  155 14:59:33    -2397.757777        0.537203
MDMin:  156 14:59:34    -2397.757586        0.540094
MDMin:  157 14:59:36    -2397.757860        0.541366
MDMin:  158 14:59:37    -2397.757690        0.540514
MDMin:  159 14:59:38    -2397.757946        0.537119
MDMin:  160 14:59:40    -2397.757784        0.530918
MDMin:  161 14:59:41    -2397.758035        0.522076
MDMin:  162 14:59:43    -2397.757868        0.510875
MDMin:  163 14:59:45    -2397.758125        0.498135
MDMin:  164 14:59:47    -2397.757939        0.484460
MDMin:  165 14:59:49    -2397.758216        0.483240
MDMin:  166 14:59:51    -2397.757998        0.490067
MDMin:  167 14:59:52    -2397.758304        0.495895
MDMin:  168 14:59:54    -2397.758043        0.500465
MDMin:  169 14:59:56    -2397.758307        0.503462
MDMin:  170 14:59:58    -2397.758341        0.505038
MDMin:  171 15:00:00    -2397.758379        0.504938
MDMin:  172 15:00:01    -2397.758427        0.503213
MDMin:  173 15:00:03    -2397.758401        0.499880
MDMin:  174 15:00:05    -2397.758502        0.494908
MDMin:  175 15:00:07    -2397.758391        0.488372
MDMin:  176 15:00:09    -2397.758568        0.480321
MDMin:  177 15:00:10    -2397.758535        0.470512
MDMin:  178 15:00:11    -2397.758588        0.459603
MDMin:  179 15:00:12    -2397.758628        0.450494
MDMin:  180 15:00:14    -2397.758552        0.463449
MDMin:  181 15:00:16    -2397.758680        0.474125
MDMin:  182 15:00:18    -2397.758678        0.482047
MDMin:  183 15:00:19    -2397.758677        0.485579
MDMin:  184 15:00:20    -2397.758774        0.484462
MDMin:  185 15:00:21    -2397.758612        0.478940
MDMin:  186 15:00:23    -2397.758681        0.469473
MDMin:  187 15:00:25    -2397.758780        0.456067
MDMin:  188 15:00:27    -2397.758811        0.438712
MDMin:  189 15:00:28    -2397.758783        0.419672
MDMin:  190 15:00:30    -2397.758851        0.398997
MDMin:  191 15:00:32    -2397.758892        0.376459
MDMin:  192 15:00:33    -2397.758819        0.362360
MDMin:  193 15:00:35    -2397.758866        0.363235
MDMin:  194 15:00:36    -2397.758940        0.364959
MDMin:  195 15:00:38    -2397.758962        0.367425
MDMin:  196 15:00:40    -2397.758925        0.370217
MDMin:  197 15:00:42    -2397.758963        0.373106
MDMin:  198 15:00:44    -2397.759027        0.375991
MDMin:  199 15:00:46    -2397.759060        0.378460
MDMin:  200 15:00:48    -2397.759009        0.380019
MDMin:  201 15:00:50    -2397.759037        0.380548
MDMin:  202 15:00:52    -2397.759087        0.386893
MDMin:  203 15:00:53    -2397.759157        0.394619
MDMin:  204 15:00:55    -2397.759173        0.402819
MDMin:  205 15:00:57    -2397.759154        0.410632
MDMin:  206 15:00:58    -2397.759184        0.418511
MDMin:  207 15:00:59    -2397.759233        0.426606
MDMin:  208 15:01:00    -2397.759296        0.434838
MDMin:  209 15:01:02    -2397.759207        0.442206
MDMin:  210 15:01:03    -2397.759231        0.448910
MDMin:  211 15:01:04    -2397.759277        0.454723
MDMin:  212 15:01:06    -2397.759343        0.459115
MDMin:  213 15:01:07    -2397.759426        0.461427
MDMin:  214 15:01:09    -2397.759444        0.461188
MDMin:  215 15:01:11    -2397.759445        0.458557
MDMin:  216 15:01:13    -2397.759483        0.453950
MDMin:  217 15:01:15    -2397.759537        0.447665
MDMin:  218 15:01:16    -2397.759577        0.439960
MDMin:  219 15:01:18    -2397.759529        0.432006
MDMin:  220 15:01:20    -2397.759564        0.423566
MDMin:  221 15:01:22    -2397.759618        0.414594
MDMin:  222 15:01:24    -2397.759682        0.407921
MDMin:  223 15:01:26    -2397.759608        0.416282
MDMin:  224 15:01:28    -2397.759651        0.424658
MDMin:  225 15:01:30    -2397.759714        0.432984
MDMin:  226 15:01:32    -2397.759783        0.440852
MDMin:  227 15:01:33    -2397.759719        0.447044
MDMin:  228 15:01:35    -2397.759772        0.451719
MDMin:  229 15:01:37    -2397.759843        0.454667
MDMin:  230 15:01:39    -2397.759764        0.455506
MDMin:  231 15:01:41    -2397.759645        0.454384
MDMin:  232 15:01:42    -2397.759505        0.451128
MDMin:  233 15:01:44    -2397.759360        0.445768
MDMin:  234 15:01:46    -2397.759218        0.438497
MDMin:  235 15:01:47    -2397.759084        0.429847
MDMin:  236 15:01:48    -2397.758960        0.420274
MDMin:  237 15:01:50    -2397.758846        0.410308
MDMin:  238 15:01:52    -2397.758738        0.400039
MDMin:  239 15:01:54    -2397.758635        0.389619
MDMin:  240 15:01:56    -2397.758535        0.379002
MDMin:  241 15:01:58    -2397.758436        0.368381
MDMin:  242 15:02:00    -2397.758338        0.357862
MDMin:  243 15:02:02    -2397.758242        0.347743
MDMin:  244 15:02:03    -2397.758148        0.338203
MDMin:  245 15:02:05    -2397.758057        0.337752
MDMin:  246 15:02:07    -2397.757972        0.354594
MDMin:  247 15:02:09    -2397.757892        0.371839
MDMin:  248 15:02:11    -2397.757818        0.389227
MDMin:  249 15:02:13    -2397.757749        0.406408
MDMin:  250 15:02:15    -2397.757683        0.423376
MDMin:  251 15:02:17    -2397.757621        0.439868
MDMin:  252 15:02:20    -2397.757559        0.455601
MDMin:  253 15:02:22    -2397.757499        0.469879
MDMin:  254 15:02:24    -2397.757440        0.481864
MDMin:  255 15:02:26    -2397.757383        0.490442
MDMin:  256 15:02:28    -2397.757327        0.494531
MDMin:  257 15:02:30    -2397.757272        0.493212
MDMin:  258 15:02:31    -2397.757220        0.486072
MDMin:  259 15:02:32    -2397.757171        0.473455
MDMin:  260 15:02:34    -2397.757125        0.456372
MDMin:  261 15:02:35    -2397.757082        0.436306
MDMin:  262 15:02:36    -2397.757043        0.414428
MDMin:  263 15:02:38    -2397.757006        0.391523
MDMin:  264 15:02:40    -2397.756970        0.367878
MDMin:  265 15:02:42    -2397.756935        0.343792
MDMin:  266 15:02:44    -2397.756901        0.327119
MDMin:  267 15:02:45    -2397.756867        0.332794
MDMin:  268 15:02:46    -2397.756833        0.336852
MDMin:  269 15:02:48    -2397.756801        0.343954
MDMin:  270 15:02:49    -2397.756769        0.351574
MDMin:  271 15:02:51    -2397.756738        0.359016
MDMin:  272 15:02:53    -2397.756710        0.366197
MDMin:  273 15:02:55    -2397.756683        0.373089
MDMin:  274 15:02:57    -2397.756658        0.379783
MDMin:  275 15:02:59    -2397.756635        0.386432
MDMin:  276 15:03:01    -2397.756611        0.393205
MDMin:  277 15:03:03    -2397.756588        0.400230
MDMin:  278 15:03:05    -2397.756566        0.407586
MDMin:  279 15:03:07    -2397.756543        0.415279
MDMin:  280 15:03:09    -2397.756521        0.423227
MDMin:  281 15:03:11    -2397.756499        0.431228
MDMin:  282 15:03:13    -2397.756478        0.438944
MDMin:  283 15:03:15    -2397.756458        0.445966
MDMin:  284 15:03:17    -2397.756440        0.451856
MDMin:  285 15:03:19    -2397.756422        0.456262
MDMin:  286 15:03:21    -2397.756406        0.458987
MDMin:  287 15:03:23    -2397.756391        0.459935
MDMin:  288 15:03:25    -2397.756376        0.459039
MDMin:  289 15:03:27    -2397.756362        0.456274
MDMin:  290 15:03:29    -2397.756348        0.451710
MDMin:  291 15:03:31    -2397.756335        0.445568
MDMin:  292 15:03:32    -2397.756322        0.438231
MDMin:  293 15:03:34    -2397.756310        0.430217
MDMin:  294 15:03:36    -2397.756299        0.422076
MDMin:  295 15:03:37    -2397.756289        0.421932
MDMin:  296 15:03:39    -2397.756280        0.425719
MDMin:  297 15:03:41    -2397.756272        0.427507
MDMin:  298 15:03:42    -2397.756265        0.427365
MDMin:  299 15:03:44    -2397.756259        0.425342
MDMin:  300 15:03:46    -2397.756254        0.421426
MDMin:  301 15:03:47    -2397.756250        0.415596
MDMin:  302 15:03:49    -2397.756247        0.407887
MDMin:  303 15:03:50    -2397.756245        0.398460
MDMin:  304 15:03:52    -2397.756244        0.387630
MDMin:  305 15:03:54    -2397.756244        0.375887
MDMin:  306 15:03:56    -2397.756245        0.363819
MDMin:  307 15:03:58    -2397.756248        0.351961
MDMin:  308 15:04:00    -2397.756252        0.340588
MDMin:  309 15:04:02    -2397.756258        0.333976
MDMin:  310 15:04:04    -2397.756264        0.328085
MDMin:  311 15:04:05    -2397.756272        0.321981
MDMin:  312 15:04:07    -2397.756282        0.315625
MDMin:  313 15:04:09    -2397.756294        0.309044
MDMin:  314 15:04:11    -2397.756308        0.302310
MDMin:  315 15:04:13    -2397.756324        0.295562
MDMin:  316 15:04:14    -2397.756342        0.288972
MDMin:  317 15:04:16    -2397.756362        0.282738
MDMin:  318 15:04:18    -2397.756384        0.276983
MDMin:  319 15:04:19    -2397.756406        0.271722
MDMin:  320 15:04:21    -2397.756429        0.266836
MDMin:  321 15:04:23    -2397.756454        0.262213
MDMin:  322 15:04:25    -2397.756482        0.261249
MDMin:  323 15:04:27    -2397.756512        0.264095
MDMin:  324 15:04:28    -2397.756546        0.267500
MDMin:  325 15:04:30    -2397.756584        0.271547
MDMin:  326 15:04:33    -2397.756624        0.276305
MDMin:  327 15:04:35    -2397.756668        0.281794
MDMin:  328 15:04:37    -2397.756713        0.287986
MDMin:  329 15:04:38    -2397.756760        0.294790
MDMin:  330 15:04:40    -2397.756808        0.302147
MDMin:  331 15:04:42    -2397.756856        0.310076
MDMin:  332 15:04:44    -2397.756905        0.318754
MDMin:  333 15:04:46    -2397.756957        0.328388
MDMin:  334 15:04:48    -2397.757013        0.339227
MDMin:  335 15:04:50    -2397.757072        0.351464
MDMin:  336 15:04:52    -2397.757136        0.365282
MDMin:  337 15:04:54    -2397.757204        0.380772
MDMin:  338 15:04:56    -2397.757276        0.397960
MDMin:  339 15:04:57    -2397.757353        0.416698
MDMin:  340 15:04:59    -2397.757433        0.436690
MDMin:  341 15:05:01    -2397.757516        0.457402
MDMin:  342 15:05:03    -2397.757600        0.478196
MDMin:  343 15:05:05    -2397.757686        0.498336
MDMin:  344 15:05:07    -2397.757774        0.517159
MDMin:  345 15:05:08    -2397.757864        0.533927
MDMin:  346 15:05:09    -2397.757958        0.547821
MDMin:  347 15:05:11    -2397.758057        0.557776
MDMin:  348 15:05:12    -2397.758162        0.562573
MDMin:  349 15:05:14    -2397.758273        0.560965
MDMin:  350 15:05:15    -2397.758393        0.551969
MDMin:  351 15:05:17    -2397.758520        0.535232
MDMin:  352 15:05:18    -2397.758656        0.511334
MDMin:  353 15:05:19    -2397.758797        0.481999
MDMin:  354 15:05:21    -2397.758943        0.449747
MDMin:  355 15:05:22    -2397.759089        0.417207
MDMin:  356 15:05:23    -2397.759234        0.385887
MDMin:  357 15:05:24    -2397.759238        0.356165
MDMin:  358 15:05:26    -2397.758983        0.329137
MDMin:  359 15:05:28    -2397.759193        0.326402
MDMin:  360 15:05:30    -2397.759215        0.324915
MDMin:  361 15:05:33    -2397.759023        0.321858
MDMin:  362 15:05:34    -2397.759207        0.317673
MDMin:  363 15:05:36    -2397.758967        0.321848
MDMin:  364 15:05:37    -2397.759200        0.325826
MDMin:  365 15:05:39    -2397.758994        0.329635
MDMin:  366 15:05:41    -2397.759190        0.333381
MDMin:  367 15:05:43    -2397.759102        0.337158
MDMin:  368 15:05:45    -2397.759177        0.341070
MDMin:  369 15:05:47    -2397.759187        0.345222
MDMin:  370 15:05:49    -2397.759134        0.349813
MDMin:  371 15:05:51    -2397.759170        0.354707
MDMin:  372 15:05:53    -2397.759178        0.359953
MDMin:  373 15:05:56    -2397.759183        0.365679
MDMin:  374 15:05:58    -2397.759188        0.371992
MDMin:  375 15:06:00    -2397.759191        0.378991
MDMin:  376 15:06:02    -2397.759194        0.386791
MDMin:  377 15:06:04    -2397.759196        0.395450
MDMin:  378 15:06:06    -2397.759197        0.404986
MDMin:  379 15:06:08    -2397.759197        0.415303
MDMin:  380 15:06:10    -2397.759196        0.426208
MDMin:  381 15:06:12    -2397.759194        0.437330
MDMin:  382 15:06:14    -2397.759191        0.448182
MDMin:  383 15:06:16    -2397.759188        0.458172
MDMin:  384 15:06:18    -2397.759183        0.466698
MDMin:  385 15:06:20    -2397.759178        0.473236
MDMin:  386 15:06:22    -2397.759173        0.477455
MDMin:  387 15:06:24    -2397.759167        0.479118
MDMin:  388 15:06:26    -2397.759160        0.478059
MDMin:  389 15:06:28    -2397.759153        0.474178
MDMin:  390 15:06:30    -2397.759145        0.467501
MDMin:  391 15:06:31    -2397.759136        0.458265
MDMin:  392 15:06:33    -2397.759127        0.446922
MDMin:  393 15:06:35    -2397.759117        0.434153
MDMin:  394 15:06:37    -2397.759106        0.420694
MDMin:  395 15:06:39    -2397.759095        0.407229
MDMin:  396 15:06:41    -2397.759085        0.394118
MDMin:  397 15:06:43    -2397.759073        0.381451
MDMin:  398 15:06:45    -2397.759062        0.369061
MDMin:  399 15:06:47    -2397.759050        0.356817
MDMin:  400 15:06:49    -2397.759037        0.344616
MDMin:  401 15:06:51    -2397.759024        0.332476
MDMin:  402 15:06:53    -2397.759009        0.320466
MDMin:  403 15:06:55    -2397.758994        0.308749
MDMin:  404 15:06:56    -2397.758979        0.303479
MDMin:  405 15:06:58    -2397.758964        0.304155
MDMin:  406 15:07:00    -2397.758949        0.304435
MDMin:  407 15:07:02    -2397.758934        0.304387
MDMin:  408 15:07:03    -2397.758919        0.304064
MDMin:  409 15:07:04    -2397.758904        0.303488
MDMin:  410 15:07:05    -2397.758889        0.302654
MDMin:  411 15:07:06    -2397.758872        0.301543
MDMin:  412 15:07:08    -2397.758856        0.300135
MDMin:  413 15:07:10    -2397.758838        0.298417
MDMin:  414 15:07:12    -2397.758821        0.296396
MDMin:  415 15:07:14    -2397.758803        0.294109
MDMin:  416 15:07:15    -2397.758786        0.291621
MDMin:  417 15:07:16    -2397.758770        0.288996
MDMin:  418 15:07:18    -2397.758755        0.286260
MDMin:  419 15:07:20    -2397.758739        0.283383
MDMin:  420 15:07:22    -2397.758724        0.280321
MDMin:  421 15:07:23    -2397.758709        0.277034
MDMin:  422 15:07:25    -2397.758693        0.273501
MDMin:  423 15:07:27    -2397.758677        0.269724
MDMin:  424 15:07:29    -2397.758661        0.265732
MDMin:  425 15:07:31    -2397.758645        0.261594
MDMin:  426 15:07:33    -2397.758629        0.257412
MDMin:  427 15:07:35    -2397.758614        0.253294
MDMin:  428 15:07:37    -2397.758601        0.249324
MDMin:  429 15:07:39    -2397.758588        0.245498
MDMin:  430 15:07:41    -2397.758576        0.241759
MDMin:  431 15:07:42    -2397.758564        0.238026
MDMin:  432 15:07:43    -2397.758552        0.234255
MDMin:  433 15:07:44    -2397.758540        0.230428
MDMin:  434 15:07:46    -2397.758528        0.226559
MDMin:  435 15:07:47    -2397.758516        0.222677
MDMin:  436 15:07:49    -2397.758504        0.218838
MDMin:  437 15:07:51    -2397.758493        0.215110
MDMin:  438 15:07:53    -2397.758482        0.211572
MDMin:  439 15:07:55    -2397.758473        0.208275
MDMin:  440 15:07:57    -2397.758464        0.205220
MDMin:  441 15:07:59    -2397.758456        0.202344
MDMin:  442 15:08:01    -2397.758448        0.199577
MDMin:  443 15:08:03    -2397.758440        0.196861
MDMin:  444 15:08:04    -2397.758433        0.194170
MDMin:  445 15:08:06    -2397.758425        0.191494
MDMin:  446 15:08:08    -2397.758418        0.188843
MDMin:  447 15:08:10    -2397.758410        0.186234
MDMin:  448 15:08:11    -2397.758404        0.183698
MDMin:  449 15:08:12    -2397.758397        0.181271
MDMin:  450 15:08:13    -2397.758391        0.178992
MDMin:  451 15:08:15    -2397.758385        0.179544
MDMin:  452 15:08:17    -2397.758380        0.180263
MDMin:  453 15:08:19    -2397.758376        0.180955
MDMin:  454 15:08:21    -2397.758371        0.181635
MDMin:  455 15:08:23    -2397.758367        0.182315
MDMin:  456 15:08:25    -2397.758362        0.182998
MDMin:  457 15:08:26    -2397.758358        0.183682
MDMin:  458 15:08:28    -2397.758354        0.184358
MDMin:  459 15:08:30    -2397.758349        0.185016
MDMin:  460 15:08:31    -2397.758345        0.185638
MDMin:  461 15:08:32    -2397.758341        0.186208
MDMin:  462 15:08:33    -2397.758338        0.186713
MDMin:  463 15:08:34    -2397.758335        0.187153
MDMin:  464 15:08:36    -2397.758331        0.187539
MDMin:  465 15:08:37    -2397.758328        0.187883
MDMin:  466 15:08:39    -2397.758325        0.188193
MDMin:  467 15:08:41    -2397.758322        0.188470
MDMin:  468 15:08:43    -2397.758319        0.188708
MDMin:  469 15:08:44    -2397.758316        0.188901
MDMin:  470 15:08:46    -2397.758313        0.189041
MDMin:  471 15:08:47    -2397.758310        0.189122
MDMin:  472 15:08:49    -2397.758306        0.189140
MDMin:  473 15:08:51    -2397.758303        0.189100
MDMin:  474 15:08:53    -2397.758301        0.189011
MDMin:  475 15:08:55    -2397.758298        0.188881
MDMin:  476 15:08:56    -2397.758296        0.188714
MDMin:  477 15:08:58    -2397.758293        0.188509
MDMin:  478 15:08:59    -2397.758291        0.188264
MDMin:  479 15:09:01    -2397.758288        0.187975
MDMin:  480 15:09:03    -2397.758286        0.187644
MDMin:  481 15:09:05    -2397.758283        0.187271
MDMin:  482 15:09:07    -2397.758281        0.186866
MDMin:  483 15:09:09    -2397.758279        0.186440
MDMin:  484 15:09:10    -2397.758277        0.186009
MDMin:  485 15:09:11    -2397.758275        0.185586
MDMin:  486 15:09:13    -2397.758274        0.185172
MDMin:  487 15:09:14    -2397.758273        0.184759
MDMin:  488 15:09:16    -2397.758272        0.184339
MDMin:  489 15:09:17    -2397.758272        0.183907
MDMin:  490 15:09:18    -2397.758272        0.183463
MDMin:  491 15:09:20    -2397.758272        0.183009
MDMin:  492 15:09:21    -2397.758273        0.182550
MDMin:  493 15:09:23    -2397.758274        0.182095
MDMin:  494 15:09:25    -2397.758276        0.181655
MDMin:  495 15:09:27    -2397.758278        0.181240
MDMin:  496 15:09:29    -2397.758281        0.180860
MDMin:  497 15:09:31    -2397.758285        0.180510
MDMin:  498 15:09:32    -2397.758288        0.180191
MDMin:  499 15:09:34    -2397.758293        0.179894
MDMin:  500 15:09:35    -2397.758298        0.179613
MDMin:  501 15:09:36    -2397.758305        0.179345
MDMin:  502 15:09:38    -2397.758312        0.179092
MDMin:  503 15:09:40    -2397.758321        0.178857
MDMin:  504 15:09:42    -2397.758331        0.178642
MDMin:  505 15:09:43    -2397.758342        0.178449
MDMin:  506 15:09:44    -2397.758355        0.178280
MDMin:  507 15:09:46    -2397.758368        0.178137
MDMin:  508 15:09:47    -2397.758382        0.178015
MDMin:  509 15:09:48    -2397.758396        0.177911
MDMin:  510 15:09:49    -2397.758411        0.177818
MDMin:  511 15:09:50    -2397.758427        0.177735
MDMin:  512 15:09:51    -2397.758445        0.177657
MDMin:  513 15:09:54    -2397.758465        0.177585
MDMin:  514 15:09:56    -2397.758488        0.177516
MDMin:  515 15:09:57    -2397.758512        0.177449
MDMin:  516 15:09:59    -2397.758539        0.177382
MDMin:  517 15:10:01    -2397.758569        0.177317
MDMin:  518 15:10:02    -2397.758599        0.177257
MDMin:  519 15:10:04    -2397.758630        0.177200
MDMin:  520 15:10:05    -2397.758661        0.177145
MDMin:  521 15:10:07    -2397.758692        0.177089
MDMin:  522 15:10:10    -2397.758725        0.177031
MDMin:  523 15:10:11    -2397.758759        0.176968
MDMin:  524 15:10:13    -2397.758796        0.176895
MDMin:  525 15:10:14    -2397.758836        0.176811
MDMin:  526 15:10:15    -2397.758880        0.176712
MDMin:  527 15:10:17    -2397.758927        0.176593
MDMin:  528 15:10:18    -2397.758978        0.176452
MDMin:  529 15:10:19    -2397.759031        0.176286
MDMin:  530 15:10:20    -2397.759086        0.176094
MDMin:  531 15:10:22    -2397.759087        0.183535
MDMin:  532 15:10:24    -2397.758996        0.175726
MDMin:  533 15:10:26    -2397.759042        0.175573
MDMin:  534 15:10:28    -2397.759077        0.175384
MDMin:  535 15:10:30    -2397.758981        0.175229
MDMin:  536 15:10:32    -2397.759017        0.175068
MDMin:  537 15:10:33    -2397.759053        0.174870
MDMin:  538 15:10:35    -2397.759066        0.174627
MDMin:  539 15:10:36    -2397.758996        0.174420
MDMin:  540 15:10:38    -2397.759032        0.174206
MDMin:  541 15:10:39    -2397.759060        0.173941
MDMin:  542 15:10:40    -2397.758985        0.173710
MDMin:  543 15:10:41    -2397.759019        0.173468
MDMin:  544 15:10:43    -2397.759056        0.173169
MDMin:  545 15:10:44    -2397.758976        0.172900
MDMin:  546 15:10:46    -2397.759011        0.172620
MDMin:  547 15:10:47    -2397.759049        0.172272
MDMin:  548 15:10:49    -2397.759048        0.171849
MDMin:  549 15:10:51    -2397.759000        0.171468
MDMin:  550 15:10:52    -2397.759041        0.171073
MDMin:  551 15:10:55    -2397.759043        0.170591
MDMin:  552 15:10:56    -2397.758996        0.170150
MDMin:  553 15:10:58    -2397.759037        0.172236
MDMin:  554 15:11:00    -2397.759038        0.176686
MDMin:  555 15:11:01    -2397.758995        0.180766
MDMin:  556 15:11:04    -2397.759037        0.184951
MDMin:  557 15:11:05    -2397.759034        0.189945
MDMin:  558 15:11:07    -2397.758996        0.194593
MDMin:  559 15:11:09    -2397.759033        0.199365
MDMin:  560 15:11:11    -2397.758964        0.203937
MDMin:  561 15:11:13    -2397.759008        0.208679
MDMin:  562 15:11:15    -2397.759030        0.214351
MDMin:  563 15:11:17    -2397.758972        0.219796
MDMin:  564 15:11:18    -2397.759020        0.225413
MDMin:  565 15:11:20    -2397.759026        0.232055
MDMin:  566 15:11:22    -2397.758982        0.238454
MDMin:  567 15:11:24    -2397.759025        0.245029
MDMin:  568 15:11:25    -2397.758953        0.251490
MDMin:  569 15:11:27    -2397.759004        0.258159
MDMin:  570 15:11:28    -2397.759022        0.265946
MDMin:  571 15:11:29    -2397.758970        0.273561
MDMin:  572 15:11:31    -2397.759021        0.281346
MDMin:  573 15:11:32    -2397.758942        0.289051
MDMin:  574 15:11:34    -2397.759001        0.296921
MDMin:  575 15:11:35    -2397.759017        0.305864
MDMin:  576 15:11:37    -2397.758967        0.314588
MDMin:  577 15:11:38    -2397.759016        0.323327
MDMin:  578 15:11:40    -2397.758941        0.331861
MDMin:  579 15:11:42    -2397.759010        0.340317
MDMin:  580 15:11:44    -2397.759011        0.349430
MDMin:  581 15:11:47    -2397.758975        0.358001
MDMin:  582 15:11:48    -2397.759010        0.366101
MDMin:  583 15:11:49    -2397.758950        0.373517
MDMin:  584 15:11:50    -2397.759009        0.380214
MDMin:  585 15:11:52    -2397.758929        0.386004
MDMin:  586 15:11:53    -2397.759009        0.390773
MDMin:  587 15:11:54    -2397.758913        0.394351
MDMin:  588 15:11:56    -2397.759005        0.396584
MDMin:  589 15:11:57    -2397.759003        0.397318
MDMin:  590 15:11:58    -2397.758976        0.396156
MDMin:  591 15:12:00    -2397.759001        0.393001
MDMin:  592 15:12:02    -2397.758958        0.387794
MDMin:  593 15:12:03    -2397.758999        0.380523
MDMin:  594 15:12:05    -2397.758947        0.371222
MDMin:  595 15:12:06    -2397.758998        0.360026
MDMin:  596 15:12:08    -2397.758941        0.347021
MDMin:  597 15:12:10    -2397.758996        0.357303
MDMin:  598 15:12:12    -2397.758942        0.367563
MDMin:  599 15:12:13    -2397.758994        0.376348
MDMin:  600 15:12:14    -2397.758950        0.383669
MDMin:  601 15:12:15    -2397.758991        0.389371
MDMin:  602 15:12:17    -2397.758964        0.393555
MDMin:  603 15:12:19    -2397.758988        0.396191
MDMin:  604 15:12:21    -2397.758986        0.397444
MDMin:  605 15:12:23    -2397.758985        0.397401
MDMin:  606 15:12:25    -2397.758989        0.396247
MDMin:  607 15:12:27    -2397.758883        0.394053
MDMin:  608 15:12:29    -2397.758986        0.391018
MDMin:  609 15:12:31    -2397.758950        0.387327
MDMin:  610 15:12:33    -2397.758981        0.383266
MDMin:  611 15:12:35    -2397.758986        0.378933
MDMin:  612 15:12:37    -2397.758893        0.374271
MDMin:  613 15:12:39    -2397.758981        0.369765
MDMin:  614 15:12:41    -2397.758985        0.365399
MDMin:  615 15:12:43    -2397.758880        0.361116
MDMin:  616 15:12:45    -2397.758979        0.357346
MDMin:  617 15:12:46    -2397.758983        0.353989
MDMin:  618 15:12:48    -2397.758909        0.351003
MDMin:  619 15:12:50    -2397.758975        0.348650
MDMin:  620 15:12:51    -2397.758979        0.346814
MDMin:  621 15:12:53    -2397.758983        0.345481
MDMin:  622 15:12:55    -2397.758888        0.344701
MDMin:  623 15:12:57    -2397.758972        0.344432
MDMin:  624 15:12:59    -2397.758976        0.344591
MDMin:  625 15:13:00    -2397.758979        0.345090
MDMin:  626 15:13:02    -2397.758982        0.345698
MDMin:  627 15:13:04    -2397.758975        0.346175
MDMin:  628 15:13:05    -2397.758976        0.346546
MDMin:  629 15:13:07    -2397.758977        0.346965
MDMin:  630 15:13:09    -2397.758979        0.347458
MDMin:  631 15:13:11    -2397.758980        0.348012
MDMin:  632 15:13:13    -2397.758981        0.348600
MDMin:  633 15:13:15    -2397.758982        0.349182
MDMin:  634 15:13:17    -2397.758983        0.349725
MDMin:  635 15:13:18    -2397.758984        0.350184
MDMin:  636 15:13:19    -2397.758984        0.350480
MDMin:  637 15:13:20    -2397.758969        0.350496
MDMin:  638 15:13:21    -2397.758971        0.350212
MDMin:  639 15:13:23    -2397.758972        0.349560
MDMin:  640 15:13:24    -2397.758972        0.348452
MDMin:  641 15:13:25    -2397.758972        0.346812
MDMin:  642 15:13:26    -2397.758972        0.344623
MDMin:  643 15:13:27    -2397.758972        0.342076
MDMin:  644 15:13:29    -2397.758971        0.339737
MDMin:  645 15:13:30    -2397.758970        0.337847
MDMin:  646 15:13:31    -2397.758970        0.335892
MDMin:  647 15:13:32    -2397.758969        0.333675
MDMin:  648 15:13:33    -2397.758968        0.331140
MDMin:  649 15:13:35    -2397.758967        0.328256
MDMin:  650 15:13:36    -2397.758966        0.324997
MDMin:  651 15:13:37    -2397.758965        0.321343
MDMin:  652 15:13:38    -2397.758963        0.317283
MDMin:  653 15:13:40    -2397.758961        0.312816
MDMin:  654 15:13:41    -2397.758958        0.307959
MDMin:  655 15:13:42    -2397.758955        0.302761
MDMin:  656 15:13:44    -2397.758952        0.297332
MDMin:  657 15:13:45    -2397.758949        0.291940
MDMin:  658 15:13:47    -2397.758946        0.287192
MDMin:  659 15:13:49    -2397.758943        0.283779
MDMin:  660 15:13:51    -2397.758941        0.281183
MDMin:  661 15:13:53    -2397.758939        0.278627
MDMin:  662 15:13:55    -2397.758936        0.278871
MDMin:  663 15:13:57    -2397.758933        0.279602
MDMin:  664 15:13:58    -2397.758930        0.280234
MDMin:  665 15:14:00    -2397.758926        0.280724
MDMin:  666 15:14:02    -2397.758922        0.281021
MDMin:  667 15:14:04    -2397.758918        0.281073
MDMin:  668 15:14:07    -2397.758912        0.280823
MDMin:  669 15:14:08    -2397.758907        0.280219
MDMin:  670 15:14:10    -2397.758900        0.279242
MDMin:  671 15:14:12    -2397.758893        0.277918
MDMin:  672 15:14:13    -2397.758886        0.276397
MDMin:  673 15:14:15    -2397.758881        0.275055
MDMin:  674 15:14:16    -2397.758877        0.273999
MDMin:  675 15:14:18    -2397.758873        0.272914
MDMin:  676 15:14:20    -2397.758869        0.271710
MDMin:  677 15:14:22    -2397.758863        0.270378
MDMin:  678 15:14:24    -2397.758858        0.268918
MDMin:  679 15:14:26    -2397.758851        0.267338
MDMin:  680 15:14:28    -2397.758844        0.265655
MDMin:  681 15:14:29    -2397.758836        0.263894
MDMin:  682 15:14:31    -2397.758827        0.262088
MDMin:  683 15:14:32    -2397.758817        0.260281
MDMin:  684 15:14:33    -2397.758806        0.258529
MDMin:  685 15:14:34    -2397.758794        0.256910
MDMin:  686 15:14:36    -2397.758783        0.255553
MDMin:  687 15:14:37    -2397.758775        0.254919
MDMin:  688 15:14:39    -2397.758769        0.255179
MDMin:  689 15:14:41    -2397.758763        0.255437
MDMin:  690 15:14:42    -2397.758757        0.255728
MDMin:  691 15:14:44    -2397.758750        0.256062
MDMin:  692 15:14:46    -2397.758742        0.256447
MDMin:  693 15:14:48    -2397.758733        0.256891
MDMin:  694 15:14:50    -2397.758724        0.257408
MDMin:  695 15:14:52    -2397.758714        0.258011
MDMin:  696 15:14:54    -2397.758703        0.258721
MDMin:  697 15:14:56    -2397.758692        0.259560
MDMin:  698 15:14:58    -2397.758680        0.260558
MDMin:  699 15:15:00    -2397.758668        0.261748
MDMin:  700 15:15:01    -2397.758655        0.263168
MDMin:  701 15:15:03    -2397.758643        0.264784
MDMin:  702 15:15:05    -2397.758633        0.266339
MDMin:  703 15:15:07    -2397.758626        0.267465
MDMin:  704 15:15:09    -2397.758621        0.268458
MDMin:  705 15:15:10    -2397.758615        0.269580
MDMin:  706 15:15:12    -2397.758609        0.270892
MDMin:  707 15:15:14    -2397.758603        0.272429
MDMin:  708 15:15:16    -2397.758596        0.274221
MDMin:  709 15:15:18    -2397.758589        0.276303
MDMin:  710 15:15:20    -2397.758582        0.278713
MDMin:  711 15:15:21    -2397.758575        0.281487
MDMin:  712 15:15:23    -2397.758567        0.284667
MDMin:  713 15:15:25    -2397.758560        0.288290
MDMin:  714 15:15:27    -2397.758553        0.292392
MDMin:  715 15:15:28    -2397.758546        0.297002
MDMin:  716 15:15:30    -2397.758540        0.302110
MDMin:  717 15:15:32    -2397.758535        0.307574
MDMin:  718 15:15:33    -2397.758531        0.312897
MDMin:  719 15:15:34    -2397.758528        0.317204
MDMin:  720 15:15:35    -2397.758526        0.320532
MDMin:  721 15:15:37    -2397.758524        0.323828
MDMin:  722 15:15:39    -2397.758523        0.327448
MDMin:  723 15:15:41    -2397.758522        0.331468
MDMin:  724 15:15:42    -2397.758521        0.335913
MDMin:  725 15:15:43    -2397.758520        0.340793
MDMin:  726 15:15:45    -2397.758520        0.346107
MDMin:  727 15:15:46    -2397.758521        0.351842
MDMin:  728 15:15:48    -2397.758522        0.357973
MDMin:  729 15:15:49    -2397.758524        0.364453
MDMin:  730 15:15:51    -2397.758526        0.371210
MDMin:  731 15:15:53    -2397.758530        0.378125
MDMin:  732 15:15:55    -2397.758535        0.384998
MDMin:  733 15:15:57    -2397.758541        0.391466
MDMin:  734 15:15:59    -2397.758547        0.396888
MDMin:  735 15:16:01    -2397.758553        0.400693
MDMin:  736 15:16:03    -2397.758557        0.403427
MDMin:  737 15:16:05    -2397.758562        0.405928
MDMin:  738 15:16:07    -2397.758568        0.408440
MDMin:  739 15:16:09    -2397.758575        0.410969
MDMin:  740 15:16:11    -2397.758582        0.413474
MDMin:  741 15:16:13    -2397.758591        0.415905
MDMin:  742 15:16:14    -2397.758602        0.418215
MDMin:  743 15:16:15    -2397.758613        0.420376
MDMin:  744 15:16:17    -2397.758627        0.422382
MDMin:  745 15:16:18    -2397.758642        0.424253
MDMin:  746 15:16:20    -2397.758659        0.426020
MDMin:  747 15:16:22    -2397.758677        0.427636
MDMin:  748 15:16:24    -2397.758693        0.428876
MDMin:  749 15:16:26    -2397.758705        0.429690
MDMin:  750 15:16:28    -2397.758716        0.430492
MDMin:  751 15:16:30    -2397.758729        0.431530
MDMin:  752 15:16:31    -2397.758743        0.432924
MDMin:  753 15:16:33    -2397.758758        0.434769
MDMin:  754 15:16:35    -2397.758776        0.437196
MDMin:  755 15:16:37    -2397.758795        0.440367
MDMin:  756 15:16:39    -2397.758817        0.444408
MDMin:  757 15:16:41    -2397.758841        0.449431
MDMin:  758 15:16:42    -2397.758868        0.455499
MDMin:  759 15:16:44    -2397.758897        0.462565
MDMin:  760 15:16:46    -2397.758927        0.470373
MDMin:  761 15:16:48    -2397.758959        0.478260
MDMin:  762 15:16:50    -2397.758988        0.485085
MDMin:  763 15:16:52    -2397.759012        0.490119
MDMin:  764 15:16:54    -2397.759033        0.494051
MDMin:  765 15:16:56    -2397.759055        0.497576
MDMin:  766 15:16:58    -2397.759079        0.500767
MDMin:  767 15:17:00    -2397.759105        0.503360
MDMin:  768 15:17:02    -2397.759134        0.504906
MDMin:  769 15:17:03    -2397.759141        0.504795
MDMin:  770 15:17:05    -2397.759046        0.502523
MDMin:  771 15:17:06    -2397.759092        0.498016
MDMin:  772 15:17:08    -2397.759120        0.490554
MDMin:  773 15:17:10    -2397.759125        0.479313
MDMin:  774 15:17:12    -2397.759034        0.465478
MDMin:  775 15:17:14    -2397.759080        0.448408
MDMin:  776 15:17:16    -2397.759110        0.426864
MDMin:  777 15:17:18    -2397.759111        0.400400
MDMin:  778 15:17:20    -2397.759021        0.373206
MDMin:  779 15:17:22    -2397.759071        0.344292
MDMin:  780 15:17:24    -2397.759103        0.312006
MDMin:  781 15:17:26    -2397.758997        0.282775
MDMin:  782 15:17:28    -2397.759042        0.255534
MDMin:  783 15:17:30    -2397.759074        0.228275
MDMin:  784 15:17:32    -2397.759090        0.216296
MDMin:  785 15:17:34    -2397.759021        0.211974
MDMin:  786 15:17:36    -2397.759056        0.208177
MDMin:  787 15:17:38    -2397.759083        0.204132
MDMin:  788 15:17:40    -2397.759078        0.199781
MDMin:  789 15:17:42    -2397.759037        0.196207
MDMin:  790 15:17:44    -2397.759069        0.192887
MDMin:  791 15:17:46    -2397.759071        0.189295
MDMin:  792 15:17:48    -2397.759033        0.186389
MDMin:  793 15:17:50    -2397.759060        0.183723
MDMin:  794 15:17:52    -2397.759066        0.180828
MDMin:  795 15:17:53    -2397.759030        0.178496
MDMin:  796 15:17:55    -2397.759055        0.176359
MDMin:  797 15:17:57    -2397.759060        0.174015
MDMin:  798 15:17:59    -2397.759029        0.172114
MDMin:  799 15:18:00    -2397.759052        0.170361
MDMin:  800 15:18:01    -2397.759056        0.168416
MDMin:  801 15:18:02    -2397.759029        0.166822
MDMin:  802 15:18:04    -2397.759050        0.165340
MDMin:  803 15:18:05    -2397.759051        0.163678
MDMin:  804 15:18:07    -2397.759029        0.162301
MDMin:  805 15:18:08    -2397.759049        0.161011
MDMin:  806 15:18:10    -2397.759047        0.159551
MDMin:  807 15:18:12    -2397.759030        0.158330
MDMin:  808 15:18:14    -2397.759045        0.157179
MDMin:  809 15:18:16    -2397.759016        0.156175
MDMin:  810 15:18:17    -2397.759033        0.155206
MDMin:  811 15:18:19    -2397.759041        0.154076
MDMin:  812 15:18:21    -2397.759018        0.153096
MDMin:  813 15:18:22    -2397.759036        0.152157
MDMin:  814 15:18:23    -2397.759038        0.151064
MDMin:  815 15:18:24    -2397.759020        0.150119
MDMin:  816 15:18:26    -2397.759036        0.149215
