       Step     Time          Energy          fmax
MDMin:    0 07:31:39    -2393.599655        6.570897
MDMin:    1 07:31:41    -2393.600289        6.261509
MDMin:    2 07:31:43    -2393.602154        6.969694
MDMin:    3 07:31:45    -2393.605130        7.636723
MDMin:    4 07:31:47    -2393.609044        6.421004
MDMin:    5 07:31:49    -2393.614054        3.903886
MDMin:    6 07:31:51    -2393.620120        5.450461
MDMin:    7 07:31:53    -2393.626297        5.493308
MDMin:    8 07:31:55    -2393.633056        2.289219
MDMin:    9 07:31:57    -2393.641514        1.723254
MDMin:   10 07:31:59    -2393.651112        2.197249
MDMin:   11 07:32:01    -2393.661926        2.527039
MDMin:   12 07:32:03    -2393.673852        2.120870
MDMin:   13 07:32:05    -2393.687012        1.592229
MDMin:   14 07:32:07    -2393.700634        2.087950
MDMin:   15 07:32:09    -2393.710855        2.176151
MDMin:   16 07:32:11    -2393.717189        1.900817
MDMin:   17 07:32:13    -2393.723632        1.842089
MDMin:   18 07:32:15    -2393.731429        1.701466
MDMin:   19 07:32:17    -2393.740999        1.575984
MDMin:   20 07:32:19    -2393.752962        1.447368
MDMin:   21 07:32:21    -2393.766098        1.255092
MDMin:   22 07:32:23    -2393.773394        1.013232
MDMin:   23 07:32:25    -2393.782464        1.114118
MDMin:   24 07:32:27    -2393.793333        1.277215
MDMin:   25 07:32:29    -2393.805521        1.344497
MDMin:   26 07:32:31    -2393.817812        1.481784
MDMin:   27 07:32:33    -2393.827161        1.741101
MDMin:   28 07:32:34    -2393.831820        1.041055
MDMin:   29 07:32:35    -2393.836780        0.950699
MDMin:   30 07:32:37    -2393.842800        0.853007
MDMin:   31 07:32:38    -2393.850043        0.755602
MDMin:   32 07:32:39    -2393.858703        0.668689
MDMin:   33 07:32:40    -2393.869001        0.601039
MDMin:   34 07:32:41    -2393.881204        0.582801
MDMin:   35 07:32:43    -2393.895641        0.607544
MDMin:   36 07:32:44    -2393.912742        0.638176
MDMin:   37 07:32:46    -2393.933053        0.675612
MDMin:   38 07:32:48    -2393.957258        0.720752
MDMin:   39 07:32:50    -2393.986161        0.774689
MDMin:   40 07:32:52    -2394.020412        0.837599
MDMin:   41 07:32:54    -2394.059090        0.943688
MDMin:   42 07:32:56    -2394.095775        1.130387
MDMin:   43 07:32:58    -2394.124541        1.014432
MDMin:   44 07:33:00    -2394.153541        1.059459
MDMin:   45 07:33:02    -2394.187306        1.109884
MDMin:   46 07:33:04    -2394.227657        1.166953
MDMin:   47 07:33:06    -2394.271511        1.306845
MDMin:   48 07:33:07    -2394.315871        1.394424
MDMin:   49 07:33:08    -2394.369483        1.463113
MDMin:   50 07:33:09    -2394.434102        1.504347
MDMin:   51 07:33:11    -2394.511941        1.524069
MDMin:   52 07:33:13    -2394.605904        1.542710
MDMin:   53 07:33:15    -2394.719622        1.600069
MDMin:   54 07:33:16    -2394.857737        1.720393
MDMin:   55 07:33:18    -2395.026178        1.853279
MDMin:   56 07:33:20    -2395.228301        1.941296
MDMin:   57 07:33:21    -2395.453046        1.882848
MDMin:   58 07:33:22    -2395.644203        1.635619
MDMin:   59 07:33:24    -2395.792198        1.346883
MDMin:   60 07:33:26    -2395.920793        1.184998
MDMin:   61 07:33:27    -2396.035244        1.327128
MDMin:   62 07:33:28    -2396.109072        2.314427
MDMin:   63 07:33:29    -2396.142699        1.237046
MDMin:   64 07:33:31    -2396.176214        1.238668
MDMin:   65 07:33:32    -2396.215297        1.256608
MDMin:   66 07:33:33    -2396.261211        1.279513
MDMin:   67 07:33:34    -2396.315229        1.307841
MDMin:   68 07:33:36    -2396.378974        1.348022
MDMin:   69 07:33:38    -2396.454494        1.431060
MDMin:   70 07:33:40    -2396.544101        1.515397
MDMin:   71 07:33:41    -2396.649722        1.587041
MDMin:   72 07:33:43    -2396.755723        1.844447
MDMin:   73 07:33:45    -2396.898420        2.019716
MDMin:   74 07:33:47    -2397.064763        2.076542
MDMin:   75 07:33:49    -2397.164937        1.969694
MDMin:   76 07:33:50    -2397.206811        1.799981
MDMin:   77 07:33:51    -2397.240331        1.562602
MDMin:   78 07:33:53    -2397.264058        1.350667
MDMin:   79 07:33:54    -2397.278634        1.446919
MDMin:   80 07:33:56    -2397.281784        1.172141
MDMin:   81 07:33:57    -2397.282743        1.110979
MDMin:   82 07:33:59    -2397.283878        1.039547
MDMin:   83 07:34:01    -2397.285205        0.984679
MDMin:   84 07:34:03    -2397.286735        0.993377
MDMin:   85 07:34:05    -2397.288478        0.990071
MDMin:   86 07:34:07    -2397.290441        1.051375
MDMin:   87 07:34:09    -2397.292633        1.121799
MDMin:   88 07:34:11    -2397.295065        1.186227
MDMin:   89 07:34:12    -2397.297748        1.213964
MDMin:   90 07:34:13    -2397.300707        1.168392
MDMin:   91 07:34:14    -2397.303970        1.046309
MDMin:   92 07:34:16    -2397.307458        0.895536
MDMin:   93 07:34:18    -2397.310459        1.545584
MDMin:   94 07:34:19    -2397.311479        0.751892
MDMin:   95 07:34:20    -2397.312545        0.738534
MDMin:   96 07:34:22    -2397.313797        0.742370
MDMin:   97 07:34:23    -2397.315242        0.747157
MDMin:   98 07:34:24    -2397.316881        0.753450
MDMin:   99 07:34:26    -2397.317739        0.762172
MDMin:  100 07:34:28    -2397.318963        0.774661
MDMin:  101 07:34:29    -2397.320232        0.793130
MDMin:  102 07:34:31    -2397.321550        0.820646
MDMin:  103 07:34:33    -2397.322895        0.861342
MDMin:  104 07:34:35    -2397.324262        0.920100
MDMin:  105 07:34:36    -2397.325622        1.000626
MDMin:  106 07:34:38    -2397.326967        1.100560
MDMin:  107 07:34:39    -2397.328239        1.202792
MDMin:  108 07:34:41    -2397.329419        1.271825
MDMin:  109 07:34:43    -2397.329479        1.278080
MDMin:  110 07:34:44    -2397.330517        1.242547
MDMin:  111 07:34:45    -2397.331182        1.186273
MDMin:  112 07:34:47    -2397.331867        1.112719
MDMin:  113 07:34:49    -2397.332601        1.140559
MDMin:  114 07:34:51    -2397.333392        1.148666
MDMin:  115 07:34:53    -2397.334243        1.122089
MDMin:  116 07:34:55    -2397.335159        1.050379
MDMin:  117 07:34:57    -2397.336136        0.938324
MDMin:  118 07:34:59    -2397.337135        0.814152
MDMin:  119 07:35:00    -2397.338015        0.718976
MDMin:  120 07:35:02    -2397.338618        0.666455
MDMin:  121 07:35:04    -2397.339108        0.629890
MDMin:  122 07:35:06    -2397.339629        0.595762
MDMin:  123 07:35:07    -2397.340205        0.563092
MDMin:  124 07:35:09    -2397.340838        0.543967
MDMin:  125 07:35:11    -2397.341529        0.554625
MDMin:  126 07:35:13    -2397.342275        0.567669
MDMin:  127 07:35:14    -2397.343072        0.583442
MDMin:  128 07:35:16    -2397.343912        0.602062
MDMin:  129 07:35:18    -2397.344785        0.623018
MDMin:  130 07:35:19    -2397.345659        0.644498
MDMin:  131 07:35:21    -2397.346460        0.662785
MDMin:  132 07:35:23    -2397.347064        0.674246
MDMin:  133 07:35:24    -2397.347500        0.680525
MDMin:  134 07:35:26    -2397.347927        0.684642
MDMin:  135 07:35:27    -2397.348391        0.686454
MDMin:  136 07:35:29    -2397.348896        0.684998
MDMin:  137 07:35:31    -2397.349444        0.679276
MDMin:  138 07:35:33    -2397.350033        0.668587
MDMin:  139 07:35:35    -2397.350661        0.652782
MDMin:  140 07:35:37    -2397.351327        0.632414
MDMin:  141 07:35:38    -2397.352027        0.608686
MDMin:  142 07:35:39    -2397.352753        0.609555
MDMin:  143 07:35:41    -2397.353485        0.625568
MDMin:  144 07:35:42    -2397.354164        0.636646
MDMin:  145 07:35:44    -2397.354681        0.641445
MDMin:  146 07:35:45    -2397.355043        0.642548
MDMin:  147 07:35:47    -2397.355397        0.641705
MDMin:  148 07:35:49    -2397.355783        0.638595
MDMin:  149 07:35:51    -2397.356208        0.632659
MDMin:  150 07:35:53    -2397.356671        0.623524
MDMin:  151 07:35:54    -2397.357174        0.611175
MDMin:  152 07:35:56    -2397.357714        0.596056
MDMin:  153 07:35:58    -2397.358292        0.579044
MDMin:  154 07:36:00    -2397.357962        0.561293
MDMin:  155 07:36:02    -2397.358415        0.544631
MDMin:  156 07:36:03    -2397.358845        0.554809
MDMin:  157 07:36:04    -2397.359211        0.569552
MDMin:  158 07:36:05    -2397.359463        0.579147
MDMin:  159 07:36:07    -2397.359652        0.585891
MDMin:  160 07:36:09    -2397.359840        0.592112
MDMin:  161 07:36:10    -2397.360039        0.598059
MDMin:  162 07:36:12    -2397.360251        0.603382
MDMin:  163 07:36:13    -2397.360473        0.607561
MDMin:  164 07:36:14    -2397.360702        0.609963
MDMin:  165 07:36:16    -2397.360937        0.609888
MDMin:  166 07:36:18    -2397.361173        0.606611
MDMin:  167 07:36:20    -2397.361408        0.599476
MDMin:  168 07:36:21    -2397.361636        0.588102
MDMin:  169 07:36:23    -2397.361846        0.572993
MDMin:  170 07:36:26    -2397.362016        0.556960
MDMin:  171 07:36:28    -2397.362127        0.544254
MDMin:  172 07:36:30    -2397.362214        0.533242
MDMin:  173 07:36:32    -2397.362301        0.533629
MDMin:  174 07:36:34    -2397.362394        0.539903
MDMin:  175 07:36:36    -2397.362492        0.546066
MDMin:  176 07:36:37    -2397.362593        0.551299
MDMin:  177 07:36:39    -2397.362696        0.554421
MDMin:  178 07:36:41    -2397.362799        0.553965
MDMin:  179 07:36:43    -2397.362902        0.548432
MDMin:  180 07:36:45    -2397.363003        0.536759
MDMin:  181 07:36:47    -2397.363099        0.518956
MDMin:  182 07:36:48    -2397.363187        0.496988
MDMin:  183 07:36:49    -2397.363256        0.475921
MDMin:  184 07:36:51    -2397.363297        0.463405
MDMin:  185 07:36:53    -2397.363326        0.462989
MDMin:  186 07:36:55    -2397.363355        0.462067
MDMin:  187 07:36:57    -2397.363384        0.460504
MDMin:  188 07:36:59    -2397.363415        0.458159
MDMin:  189 07:37:00    -2397.363445        0.454905
MDMin:  190 07:37:01    -2397.363474        0.450648
MDMin:  191 07:37:02    -2397.363501        0.445329
MDMin:  192 07:37:04    -2397.363525        0.438941
MDMin:  193 07:37:05    -2397.363545        0.431530
MDMin:  194 07:37:06    -2397.363559        0.423241
MDMin:  195 07:37:08    -2397.363566        0.414464
MDMin:  196 07:37:10    -2397.363566        0.406473
MDMin:  197 07:37:12    -2397.363564        0.401386
MDMin:  198 07:37:13    -2397.363560        0.397763
MDMin:  199 07:37:15    -2397.363555        0.393800
MDMin:  200 07:37:17    -2397.363548        0.389356
MDMin:  201 07:37:19    -2397.363539        0.384434
MDMin:  202 07:37:21    -2397.363527        0.379055
MDMin:  203 07:37:23    -2397.363511        0.373248
MDMin:  204 07:37:24    -2397.363492        0.367047
MDMin:  205 07:37:25    -2397.363468        0.360496
MDMin:  206 07:37:27    -2397.363439        0.357439
MDMin:  207 07:37:28    -2397.363404        0.371458
MDMin:  208 07:37:29    -2397.363364        0.387257
MDMin:  209 07:37:31    -2397.363319        0.404441
MDMin:  210 07:37:33    -2397.363270        0.421571
MDMin:  211 07:37:35    -2397.363229        0.436513
MDMin:  212 07:37:38    -2397.363204        0.442520
MDMin:  213 07:37:39    -2397.363181        0.448838
MDMin:  214 07:37:41    -2397.363155        0.455384
MDMin:  215 07:37:42    -2397.363126        0.461975
MDMin:  216 07:37:44    -2397.363092        0.468186
MDMin:  217 07:37:45    -2397.363055        0.473476
MDMin:  218 07:37:46    -2397.363014        0.477233
MDMin:  219 07:37:48    -2397.362968        0.478832
MDMin:  220 07:37:50    -2397.362918        0.477728
MDMin:  221 07:37:51    -2397.362863        0.479744
MDMin:  222 07:37:52    -2397.362804        0.494912
MDMin:  223 07:37:53    -2397.362741        0.509602
MDMin:  224 07:37:54    -2397.362673        0.522853
MDMin:  225 07:37:56    -2397.362605        0.533377
MDMin:  226 07:37:57    -2397.362545        0.539723
MDMin:  227 07:37:58    -2397.362508        0.542148
MDMin:  228 07:37:59    -2397.362479        0.543312
MDMin:  229 07:38:01    -2397.362447        0.543867
MDMin:  230 07:38:03    -2397.362411        0.543593
MDMin:  231 07:38:05    -2397.362371        0.542163
MDMin:  232 07:38:07    -2397.362327        0.539210
MDMin:  233 07:38:08    -2397.362278        0.534344
MDMin:  234 07:38:10    -2397.362226        0.527163
MDMin:  235 07:38:12    -2397.362169        0.517281
MDMin:  236 07:38:14    -2397.362108        0.504348
MDMin:  237 07:38:16    -2397.362044        0.488124
MDMin:  238 07:38:18    -2397.361976        0.468588
MDMin:  239 07:38:19    -2397.361906        0.446457
MDMin:  240 07:38:20    -2397.361843        0.424678
MDMin:  241 07:38:22    -2397.361800        0.409566
MDMin:  242 07:38:23    -2397.361772        0.399413
MDMin:  243 07:38:25    -2397.361742        0.388619
MDMin:  244 07:38:27    -2397.361708        0.376383
MDMin:  245 07:38:29    -2397.361671        0.369169
MDMin:  246 07:38:31    -2397.361630        0.375313
MDMin:  247 07:38:33    -2397.361586        0.380938
MDMin:  248 07:38:35    -2397.361538        0.385386
MDMin:  249 07:38:37    -2397.361486        0.387853
MDMin:  250 07:38:39    -2397.361430        0.387471
MDMin:  251 07:38:40    -2397.361372        0.383461
MDMin:  252 07:38:41    -2397.361310        0.376788
MDMin:  253 07:38:42    -2397.361245        0.376575
MDMin:  254 07:38:43    -2397.361181        0.374771
MDMin:  255 07:38:45    -2397.361128        0.481411
MDMin:  256 07:38:46    -2397.361101        0.370004
MDMin:  257 07:38:47    -2397.361077        0.368075
MDMin:  258 07:38:49    -2397.361050        0.365687
MDMin:  259 07:38:51    -2397.361020        0.362740
MDMin:  260 07:38:53    -2397.360987        0.359144
MDMin:  261 07:38:54    -2397.360950        0.354809
MDMin:  262 07:38:55    -2397.360910        0.349644
MDMin:  263 07:38:56    -2397.360868        0.343567
MDMin:  264 07:38:58    -2397.360822        0.336506
MDMin:  265 07:38:59    -2397.360773        0.328412
MDMin:  266 07:39:00    -2397.360722        0.319260
MDMin:  267 07:39:01    -2397.360669        0.309093
MDMin:  268 07:39:03    -2397.360615        0.298066
MDMin:  269 07:39:05    -2397.360563        0.341833
MDMin:  270 07:39:07    -2397.360526        0.431628
MDMin:  271 07:39:09    -2397.360511        0.275481
MDMin:  272 07:39:11    -2397.360493        0.271458
MDMin:  273 07:39:13    -2397.360473        0.266870
MDMin:  274 07:39:14    -2397.360451        0.261733
MDMin:  275 07:39:16    -2397.360427        0.256068
MDMin:  276 07:39:17    -2397.360401        0.249903
MDMin:  277 07:39:19    -2397.360373        0.243700
MDMin:  278 07:39:20    -2397.360345        0.237837
MDMin:  279 07:39:22    -2397.360315        0.231744
MDMin:  280 07:39:23    -2397.360285        0.231370
MDMin:  281 07:39:25    -2397.360255        0.240085
MDMin:  282 07:39:26    -2397.360225        0.249687
MDMin:  283 07:39:28    -2397.360196        0.260034
MDMin:  284 07:39:29    -2397.360168        0.270869
MDMin:  285 07:39:30    -2397.360141        0.281777
MDMin:  286 07:39:31    -2397.360117        0.292168
MDMin:  287 07:39:33    -2397.360096        0.301192
MDMin:  288 07:39:34    -2397.360080        0.307529
MDMin:  289 07:39:35    -2397.360072        0.333682
MDMin:  290 07:39:36    -2397.360070        0.310168
MDMin:  291 07:39:38    -2397.360067        0.310638
MDMin:  292 07:39:40    -2397.360064        0.310973
MDMin:  293 07:39:42    -2397.360060        0.311034
MDMin:  294 07:39:44    -2397.360057        0.310655
MDMin:  295 07:39:46    -2397.360054        0.309635
MDMin:  296 07:39:48    -2397.360052        0.307739
MDMin:  297 07:39:49    -2397.360050        0.304696
MDMin:  298 07:39:50    -2397.360049        0.300212
MDMin:  299 07:39:52    -2397.360049        0.293974
MDMin:  300 07:39:53    -2397.360051        0.285675
MDMin:  301 07:39:55    -2397.360054        0.275040
MDMin:  302 07:39:57    -2397.360060        0.261868
MDMin:  303 07:39:59    -2397.360068        0.259770
MDMin:  304 07:40:01    -2397.360080        0.261301
MDMin:  305 07:40:03    -2397.360094        0.261797
MDMin:  306 07:40:05    -2397.360112        0.261135
MDMin:  307 07:40:07    -2397.360135        0.259276
MDMin:  308 07:40:09    -2397.360161        0.256335
MDMin:  309 07:40:11    -2397.360186        0.400797
MDMin:  310 07:40:13    -2397.360193        0.252040
MDMin:  311 07:40:14    -2397.360202        0.250748
MDMin:  312 07:40:16    -2397.360212        0.249257
MDMin:  313 07:40:18    -2397.360224        0.247572
MDMin:  314 07:40:20    -2397.360238        0.245707
MDMin:  315 07:40:21    -2397.360255        0.243682
MDMin:  316 07:40:23    -2397.360273        0.241526
MDMin:  317 07:40:24    -2397.360294        0.239280
MDMin:  318 07:40:25    -2397.360318        0.236997
MDMin:  319 07:40:27    -2397.360344        0.234742
MDMin:  320 07:40:29    -2397.360374        0.232590
MDMin:  321 07:40:30    -2397.360407        0.230630
MDMin:  322 07:40:32    -2397.360443        0.232620
MDMin:  323 07:40:33    -2397.360482        0.241122
MDMin:  324 07:40:35    -2397.360526        0.251028
MDMin:  325 07:40:37    -2397.360573        0.262574
MDMin:  326 07:40:39    -2397.360624        0.275873
MDMin:  327 07:40:40    -2397.360675        0.290284
MDMin:  328 07:40:42    -2397.360713        0.301487
MDMin:  329 07:40:43    -2397.360728        0.305934
MDMin:  330 07:40:44    -2397.360746        0.311262
MDMin:  331 07:40:45    -2397.360766        0.317445
MDMin:  332 07:40:47    -2397.360790        0.324460
MDMin:  333 07:40:49    -2397.360816        0.332233
MDMin:  334 07:40:51    -2397.360845        0.340615
MDMin:  335 07:40:53    -2397.360877        0.349355
MDMin:  336 07:40:54    -2397.360912        0.358068
MDMin:  337 07:40:56    -2397.360951        0.366216
MDMin:  338 07:40:58    -2397.360993        0.373111
MDMin:  339 07:41:00    -2397.361038        0.377932
MDMin:  340 07:41:02    -2397.361087        0.379823
MDMin:  341 07:41:04    -2397.361140        0.378034
MDMin:  342 07:41:05    -2397.361197        0.372125
MDMin:  343 07:41:07    -2397.361258        0.362156
MDMin:  344 07:41:09    -2397.361325        0.348642
MDMin:  345 07:41:11    -2397.361397        0.332552
MDMin:  346 07:41:13    -2397.361474        0.315109
MDMin:  347 07:41:15    -2397.361555        0.297831
MDMin:  348 07:41:17    -2397.361626        0.430403
MDMin:  349 07:41:19    -2397.361654        0.279107
MDMin:  350 07:41:20    -2397.361678        0.278562
MDMin:  351 07:41:22    -2397.361706        0.277654
MDMin:  352 07:41:24    -2397.361739        0.276232
MDMin:  353 07:41:25    -2397.361776        0.274110
MDMin:  354 07:41:26    -2397.361817        0.271063
MDMin:  355 07:41:28    -2397.361863        0.266826
MDMin:  356 07:41:30    -2397.361914        0.261101
MDMin:  357 07:41:32    -2397.361970        0.253566
MDMin:  358 07:41:34    -2397.362031        0.243905
MDMin:  359 07:41:36    -2397.362098        0.231837
MDMin:  360 07:41:38    -2397.362171        0.229685
MDMin:  361 07:41:39    -2397.362249        0.234900
MDMin:  362 07:41:41    -2397.362334        0.240479
MDMin:  363 07:41:43    -2397.362426        0.245057
MDMin:  364 07:41:45    -2397.362525        0.248141
MDMin:  365 07:41:46    -2397.362631        0.249190
MDMin:  366 07:41:48    -2397.362731        0.379176
MDMin:  367 07:41:50    -2397.362777        0.247922
MDMin:  368 07:41:51    -2397.362800        0.245534
MDMin:  369 07:41:53    -2397.362829        0.244253
MDMin:  370 07:41:55    -2397.362864        0.242587
MDMin:  371 07:41:57    -2397.362905        0.240456
MDMin:  372 07:41:59    -2397.362951        0.237772
MDMin:  373 07:42:01    -2397.363004        0.234443
MDMin:  374 07:42:02    -2397.363062        0.230375
MDMin:  375 07:42:03    -2397.363128        0.225480
MDMin:  376 07:42:05    -2397.363201        0.219681
MDMin:  377 07:42:07    -2397.363281        0.212926
MDMin:  378 07:42:09    -2397.363369        0.207625
MDMin:  379 07:42:11    -2397.363465        0.203806
MDMin:  380 07:42:12    -2397.363571        0.199755
MDMin:  381 07:42:14    -2397.363686        0.195539
MDMin:  382 07:42:16    -2397.363811        0.191246
MDMin:  383 07:42:18    -2397.363947        0.191444
MDMin:  384 07:42:20    -2397.364093        0.193296
MDMin:  385 07:42:22    -2397.364248        0.195448
MDMin:  386 07:42:23    -2397.364380        0.352836
MDMin:  387 07:42:25    -2397.364412        0.197708
MDMin:  388 07:42:27    -2397.364456        0.198269
MDMin:  389 07:42:29    -2397.364506        0.198934
MDMin:  390 07:42:30    -2397.364563        0.199713
MDMin:  391 07:42:31    -2397.364627        0.200612
MDMin:  392 07:42:33    -2397.364698        0.201631
MDMin:  393 07:42:34    -2397.364776        0.202768
MDMin:  394 07:42:35    -2397.364861        0.204018
MDMin:  395 07:42:36    -2397.364954        0.205366
MDMin:  396 07:42:38    -2397.365055        0.206795
MDMin:  397 07:42:40    -2397.365163        0.208278
MDMin:  398 07:42:42    -2397.365279        0.209783
MDMin:  399 07:42:44    -2397.365402        0.211266
MDMin:  400 07:42:46    -2397.365529        0.212647
MDMin:  401 07:42:47    -2397.365644        0.213747
MDMin:  402 07:42:48    -2397.365716        0.214325
MDMin:  403 07:42:50    -2397.365763        0.214668
MDMin:  404 07:42:52    -2397.365816        0.215027
MDMin:  405 07:42:54    -2397.365875        0.215411
MDMin:  406 07:42:56    -2397.365942        0.215811
MDMin:  407 07:42:58    -2397.366016        0.216216
MDMin:  408 07:43:00    -2397.366098        0.216615
MDMin:  409 07:43:01    -2397.366187        0.216994
MDMin:  410 07:43:03    -2397.366284        0.217341
MDMin:  411 07:43:04    -2397.366389        0.217647
MDMin:  412 07:43:05    -2397.366501        0.217902
MDMin:  413 07:43:07    -2397.366621        0.218103
MDMin:  414 07:43:08    -2397.366749        0.218250
MDMin:  415 07:43:10    -2397.366884        0.218351
MDMin:  416 07:43:11    -2397.367024        0.218417
MDMin:  417 07:43:12    -2397.367159        0.220385
MDMin:  418 07:43:14    -2397.367260        0.223653
MDMin:  419 07:43:16    -2397.367317        0.225423
MDMin:  420 07:43:17    -2397.367374        0.227137
MDMin:  421 07:43:19    -2397.367438        0.228994
MDMin:  422 07:43:21    -2397.367511        0.230961
MDMin:  423 07:43:22    -2397.367591        0.232971
MDMin:  424 07:43:24    -2397.367678        0.234935
MDMin:  425 07:43:25    -2397.367774        0.236736
MDMin:  426 07:43:27    -2397.367877        0.238223
MDMin:  427 07:43:28    -2397.367988        0.239207
MDMin:  428 07:43:29    -2397.368107        0.239457
MDMin:  429 07:43:30    -2397.368233        0.238703
MDMin:  430 07:43:32    -2397.368302        0.236639
MDMin:  431 07:43:33    -2397.368151        0.233337
MDMin:  432 07:43:35    -2397.368307        0.228761
MDMin:  433 07:43:36    -2397.368011        0.222781
MDMin:  434 07:43:38    -2397.368288        0.223415
MDMin:  435 07:43:40    -2397.368054        0.223950
MDMin:  436 07:43:41    -2397.368249        0.224385
MDMin:  437 07:43:42    -2397.368212        0.224819
MDMin:  438 07:43:44    -2397.368198        0.225240
MDMin:  439 07:43:46    -2397.368235        0.225653
MDMin:  440 07:43:47    -2397.368127        0.226049
MDMin:  441 07:43:48    -2397.368267        0.226415
MDMin:  442 07:43:50    -2397.368039        0.226733
MDMin:  443 07:43:52    -2397.368231        0.226982
MDMin:  444 07:43:53    -2397.368210        0.227144
MDMin:  445 07:43:55    -2397.368084        0.227162
MDMin:  446 07:43:56    -2397.368283        0.227000
MDMin:  447 07:43:58    -2397.368191        0.226582
MDMin:  448 07:44:00    -2397.368075        0.225873
MDMin:  449 07:44:02    -2397.368273        0.224796
MDMin:  450 07:44:04    -2397.368212        0.223206
MDMin:  451 07:44:06    -2397.368008        0.221160
MDMin:  452 07:44:07    -2397.368192        0.218596
MDMin:  453 07:44:09    -2397.368278        0.215469
MDMin:  454 07:44:11    -2397.367962        0.218664
MDMin:  455 07:44:13    -2397.368077        0.221652
MDMin:  456 07:44:14    -2397.368173        0.224312
MDMin:  457 07:44:16    -2397.368266        0.226912
MDMin:  458 07:44:18    -2397.368292        0.229507
MDMin:  459 07:44:20    -2397.368003        0.231841
MDMin:  460 07:44:22    -2397.368103        0.234042
MDMin:  461 07:44:23    -2397.368198        0.236115
MDMin:  462 07:44:25    -2397.368291        0.237932
MDMin:  463 07:44:26    -2397.368301        0.239340
MDMin:  464 07:44:28    -2397.367912        0.240069
MDMin:  465 07:44:30    -2397.368007        0.240209
MDMin:  466 07:44:32    -2397.368083        0.239755
MDMin:  467 07:44:33    -2397.368147        0.238760
MDMin:  468 07:44:35    -2397.368197        0.237382
MDMin:  469 07:44:37    -2397.368238        0.235713
MDMin:  470 07:44:38    -2397.368273        0.233725
MDMin:  471 07:44:40    -2397.368304        0.231320
MDMin:  472 07:44:41    -2397.368333        0.228423
MDMin:  473 07:44:42    -2397.368345        0.224966
MDMin:  474 07:44:44    -2397.367929        0.221373
MDMin:  475 07:44:45    -2397.367966        0.217320
MDMin:  476 07:44:46    -2397.367995        0.212725
MDMin:  477 07:44:48    -2397.368018        0.207615
MDMin:  478 07:44:49    -2397.368035        0.207762
MDMin:  479 07:44:51    -2397.368044        0.212930
MDMin:  480 07:44:53    -2397.368047        0.218081
MDMin:  481 07:44:55    -2397.368046        0.222985
MDMin:  482 07:44:57    -2397.368041        0.227732
MDMin:  483 07:44:58    -2397.368032        0.232640
MDMin:  484 07:45:00    -2397.368021        0.237890
MDMin:  485 07:45:02    -2397.368006        0.243561
MDMin:  486 07:45:03    -2397.367986        0.249601
MDMin:  487 07:45:05    -2397.367961        0.255892
MDMin:  488 07:45:07    -2397.367932        0.262192
MDMin:  489 07:45:09    -2397.367898        0.268177
MDMin:  490 07:45:12    -2397.367862        0.273411
MDMin:  491 07:45:13    -2397.367823        0.277533
MDMin:  492 07:45:15    -2397.367786        0.280395
MDMin:  493 07:45:17    -2397.367750        0.282177
MDMin:  494 07:45:19    -2397.367713        0.283046
MDMin:  495 07:45:21    -2397.367673        0.282982
MDMin:  496 07:45:23    -2397.367629        0.281819
MDMin:  497 07:45:24    -2397.367580        0.279335
MDMin:  498 07:45:26    -2397.367527        0.275353
MDMin:  499 07:45:27    -2397.367470        0.269794
MDMin:  500 07:45:29    -2397.367409        0.262784
MDMin:  501 07:45:31    -2397.367347        0.254774
MDMin:  502 07:45:33    -2397.367288        0.246632
MDMin:  503 07:45:35    -2397.367235        0.238946
MDMin:  504 07:45:37    -2397.367185        0.231549
MDMin:  505 07:45:39    -2397.367134        0.223876
MDMin:  506 07:45:41    -2397.367078        0.215661
MDMin:  507 07:45:43    -2397.367018        0.206812
MDMin:  508 07:45:45    -2397.366952        0.197423
MDMin:  509 07:45:46    -2397.366882        0.187654
MDMin:  510 07:45:48    -2397.366807        0.177841
MDMin:  511 07:45:49    -2397.366732        0.168430
MDMin:  512 07:45:51    -2397.366661        0.169380
MDMin:  513 07:45:52    -2397.366597        0.171260
MDMin:  514 07:45:53    -2397.366540        0.173026
MDMin:  515 07:45:54    -2397.366483        0.174847
MDMin:  516 07:45:56    -2397.366423        0.176832
MDMin:  517 07:45:58    -2397.366358        0.179040
MDMin:  518 07:46:00    -2397.366289        0.181491
MDMin:  519 07:46:01    -2397.366215        0.184192
MDMin:  520 07:46:03    -2397.366136        0.187117
MDMin:  521 07:46:05    -2397.366056        0.190215
MDMin:  522 07:46:06    -2397.365975        0.193361
MDMin:  523 07:46:08    -2397.365898        0.196385
MDMin:  524 07:46:10    -2397.365829        0.199110
MDMin:  525 07:46:13    -2397.365766        0.201569
MDMin:  526 07:46:15    -2397.365706        0.206579
MDMin:  527 07:46:17    -2397.365644        0.212291
MDMin:  528 07:46:19    -2397.365579        0.218583
MDMin:  529 07:46:21    -2397.365511        0.225574
MDMin:  530 07:46:23    -2397.365438        0.233311
MDMin:  531 07:46:25    -2397.365363        0.241828
MDMin:  532 07:46:26    -2397.365286        0.251083
MDMin:  533 07:46:28    -2397.365206        0.260985
MDMin:  534 07:46:30    -2397.365128        0.271283
MDMin:  535 07:46:32    -2397.365052        0.281632
MDMin:  536 07:46:34    -2397.364982        0.291594
MDMin:  537 07:46:36    -2397.364917        0.301049
MDMin:  538 07:46:37    -2397.364856        0.310208
MDMin:  539 07:46:39    -2397.364795        0.319462
MDMin:  540 07:46:40    -2397.364732        0.329029
MDMin:  541 07:46:41    -2397.364668        0.339014
MDMin:  542 07:46:43    -2397.364601        0.349375
MDMin:  543 07:46:45    -2397.364532        0.360017
MDMin:  544 07:46:47    -2397.364461        0.370741
MDMin:  545 07:46:49    -2397.364389        0.381301
MDMin:  546 07:46:51    -2397.364317        0.391344
MDMin:  547 07:46:52    -2397.364247        0.400516
MDMin:  548 07:46:53    -2397.364180        0.408479
MDMin:  549 07:46:55    -2397.364119        0.415154
MDMin:  550 07:46:56    -2397.364061        0.420686
MDMin:  551 07:46:57    -2397.364004        0.425326
MDMin:  552 07:46:59    -2397.363948        0.429185
MDMin:  553 07:47:01    -2397.363889        0.432248
MDMin:  554 07:47:02    -2397.363829        0.434401
MDMin:  555 07:47:04    -2397.363767        0.435509
MDMin:  556 07:47:06    -2397.363703        0.435446
MDMin:  557 07:47:08    -2397.363639        0.434155
MDMin:  558 07:47:10    -2397.363577        0.431712
MDMin:  559 07:47:12    -2397.363518        0.428352
MDMin:  560 07:47:13    -2397.363463        0.424395
MDMin:  561 07:47:15    -2397.363413        0.419995
MDMin:  562 07:47:16    -2397.363363        0.415087
MDMin:  563 07:47:18    -2397.363313        0.409505
MDMin:  564 07:47:20    -2397.363262        0.403131
MDMin:  565 07:47:22    -2397.363208        0.395888
MDMin:  566 07:47:24    -2397.363153        0.387798
MDMin:  567 07:47:26    -2397.363096        0.378978
MDMin:  568 07:47:27    -2397.363040        0.369755
MDMin:  569 07:47:29    -2397.362988        0.360606
MDMin:  570 07:47:31    -2397.362940        0.352006
MDMin:  571 07:47:33    -2397.362897        0.343916
MDMin:  572 07:47:34    -2397.362855        0.335911
MDMin:  573 07:47:36    -2397.362812        0.327580
MDMin:  574 07:47:38    -2397.362767        0.318738
MDMin:  575 07:47:40    -2397.362721        0.309322
MDMin:  576 07:47:42    -2397.362672        0.299411
MDMin:  577 07:47:43    -2397.362623        0.289192
MDMin:  578 07:47:45    -2397.362574        0.279075
MDMin:  579 07:47:47    -2397.362529        0.269598
MDMin:  580 07:47:49    -2397.362489        0.261205
MDMin:  581 07:47:51    -2397.362453        0.253647
MDMin:  582 07:47:53    -2397.362418        0.246328
MDMin:  583 07:47:55    -2397.362382        0.238819
MDMin:  584 07:47:57    -2397.362344        0.230972
MDMin:  585 07:47:59    -2397.362304        0.222758
MDMin:  586 07:48:00    -2397.362263        0.214260
MDMin:  587 07:48:01    -2397.362221        0.205634
MDMin:  588 07:48:03    -2397.362180        0.197206
MDMin:  589 07:48:04    -2397.362141        0.192543
MDMin:  590 07:48:05    -2397.362107        0.194552
MDMin:  591 07:48:06    -2397.362077        0.196365
MDMin:  592 07:48:08    -2397.362049        0.198138
MDMin:  593 07:48:09    -2397.362020        0.199996
MDMin:  594 07:48:10    -2397.361989        0.201990
MDMin:  595 07:48:12    -2397.361958        0.204140
MDMin:  596 07:48:13    -2397.361924        0.206435
MDMin:  597 07:48:15    -2397.361890        0.208850
MDMin:  598 07:48:17    -2397.361857        0.211314
MDMin:  599 07:48:19    -2397.361824        0.213711
MDMin:  600 07:48:21    -2397.361795        0.215875
MDMin:  601 07:48:23    -2397.361770        0.217735
MDMin:  602 07:48:25    -2397.361747        0.219402
MDMin:  603 07:48:27    -2397.361725        0.221033
MDMin:  604 07:48:29    -2397.361703        0.222700
MDMin:  605 07:48:31    -2397.361679        0.224416
MDMin:  606 07:48:33    -2397.361655        0.226162
MDMin:  607 07:48:35    -2397.361629        0.227906
MDMin:  608 07:48:37    -2397.361604        0.229592
MDMin:  609 07:48:38    -2397.361578        0.231149
MDMin:  610 07:48:40    -2397.361555        0.232488
MDMin:  611 07:48:42    -2397.361534        0.233542
MDMin:  612 07:48:43    -2397.361516        0.234324
MDMin:  613 07:48:45    -2397.361501        0.234933
MDMin:  614 07:48:46    -2397.361485        0.235437
MDMin:  615 07:48:48    -2397.361469        0.235847
MDMin:  616 07:48:50    -2397.361453        0.236145
MDMin:  617 07:48:52    -2397.361436        0.236299
MDMin:  618 07:48:54    -2397.361419        0.236278
MDMin:  619 07:48:56    -2397.361402        0.236053
MDMin:  620 07:48:58    -2397.361386        0.235617
MDMin:  621 07:49:00    -2397.361371        0.235001
MDMin:  622 07:49:01    -2397.361358        0.234297
MDMin:  623 07:49:03    -2397.361348        0.233574
MDMin:  624 07:49:05    -2397.361339        0.232808
MDMin:  625 07:49:08    -2397.361330        0.231939
MDMin:  626 07:49:09    -2397.361321        0.230931
MDMin:  627 07:49:10    -2397.361312        0.229761
MDMin:  628 07:49:12    -2397.361303        0.228419
MDMin:  629 07:49:14    -2397.361294        0.226906
MDMin:  630 07:49:16    -2397.361286        0.225246
MDMin:  631 07:49:17    -2397.361279        0.223497
MDMin:  632 07:49:18    -2397.361273        0.221787
MDMin:  633 07:49:20    -2397.361268        0.220258
MDMin:  634 07:49:21    -2397.361264        0.218922
MDMin:  635 07:49:22    -2397.361262        0.217634
MDMin:  636 07:49:24    -2397.361259        0.216292
MDMin:  637 07:49:25    -2397.361257        0.214858
MDMin:  638 07:49:27    -2397.361255        0.213330
MDMin:  639 07:49:28    -2397.361254        0.211716
MDMin:  640 07:49:30    -2397.361254        0.210042
MDMin:  641 07:49:32    -2397.361255        0.208346
MDMin:  642 07:49:34    -2397.361257        0.206698
MDMin:  643 07:49:36    -2397.361259        0.205199
MDMin:  644 07:49:38    -2397.361262        0.203951
MDMin:  645 07:49:39    -2397.361265        0.202921
MDMin:  646 07:49:41    -2397.361268        0.201978
MDMin:  647 07:49:42    -2397.361272        0.201041
MDMin:  648 07:49:44    -2397.361277        0.200095
MDMin:  649 07:49:46    -2397.361283        0.199147
MDMin:  650 07:49:48    -2397.361289        0.198212
MDMin:  651 07:49:50    -2397.361297        0.197314
MDMin:  652 07:49:52    -2397.361307        0.196480
MDMin:  653 07:49:54    -2397.361317        0.195740
MDMin:  654 07:49:56    -2397.361328        0.195130
MDMin:  655 07:49:58    -2397.361339        0.194681
MDMin:  656 07:50:00    -2397.361348        0.194367
MDMin:  657 07:50:01    -2397.361358        0.194134
MDMin:  658 07:50:02    -2397.361368        0.193952
MDMin:  659 07:50:04    -2397.361379        0.193819
MDMin:  660 07:50:05    -2397.361391        0.193741
MDMin:  661 07:50:06    -2397.361405        0.193726
MDMin:  662 07:50:07    -2397.361421        0.193777
MDMin:  663 07:50:09    -2397.361438        0.193893
MDMin:  664 07:50:11    -2397.361456        0.194064
MDMin:  665 07:50:13    -2397.361476        0.194266
MDMin:  666 07:50:15    -2397.361495        0.194466
MDMin:  667 07:50:16    -2397.361512        0.194632
MDMin:  668 07:50:18    -2397.361528        0.194758
MDMin:  669 07:50:20    -2397.361544        0.194851
MDMin:  670 07:50:22    -2397.361561        0.194907
MDMin:  671 07:50:24    -2397.361579        0.194908
MDMin:  672 07:50:26    -2397.361599        0.194826
MDMin:  673 07:50:29    -2397.361620        0.194621
MDMin:  674 07:50:31    -2397.361644        0.194247
MDMin:  675 07:50:33    -2397.361670        0.193651
MDMin:  676 07:50:35    -2397.361696        0.192790
MDMin:  677 07:50:37    -2397.361724        0.191655
MDMin:  678 07:50:39    -2397.361750        0.190309
MDMin:  679 07:50:40    -2397.361773        0.188857
MDMin:  680 07:50:42    -2397.361795        0.189968
MDMin:  681 07:50:43    -2397.361817        0.193707
MDMin:  682 07:50:44    -2397.361840        0.197544
MDMin:  683 07:50:46    -2397.361865        0.201548
MDMin:  684 07:50:47    -2397.361892        0.205709
MDMin:  685 07:50:49    -2397.361922        0.209968
MDMin:  686 07:50:51    -2397.361953        0.214224
MDMin:  687 07:50:52    -2397.361986        0.218333
MDMin:  688 07:50:54    -2397.362020        0.222097
MDMin:  689 07:50:56    -2397.362054        0.225291
MDMin:  690 07:50:58    -2397.362085        0.227764
MDMin:  691 07:51:00    -2397.362113        0.229600
MDMin:  692 07:51:02    -2397.362139        0.231026
MDMin:  693 07:51:03    -2397.362167        0.232175
MDMin:  694 07:51:04    -2397.362197        0.233052
MDMin:  695 07:51:06    -2397.362229        0.233598
MDMin:  696 07:51:07    -2397.362264        0.233724
MDMin:  697 07:51:09    -2397.362301        0.233334
MDMin:  698 07:51:11    -2397.362341        0.232353
MDMin:  699 07:51:12    -2397.362381        0.230771
MDMin:  700 07:51:14    -2397.362420        0.228715
MDMin:  701 07:51:15    -2397.362455        0.226446
MDMin:  702 07:51:17    -2397.362486        0.224118
MDMin:  703 07:51:19    -2397.362517        0.221625
MDMin:  704 07:51:21    -2397.362549        0.218810
MDMin:  705 07:51:22    -2397.362584        0.215571
MDMin:  706 07:51:24    -2397.362622        0.211851
MDMin:  707 07:51:25    -2397.362663        0.207629
MDMin:  708 07:51:26    -2397.362708        0.202935
MDMin:  709 07:51:28    -2397.362754        0.197896
MDMin:  710 07:51:29    -2397.362799        0.192804
MDMin:  711 07:51:31    -2397.362841        0.188115
MDMin:  712 07:51:32    -2397.362877        0.184072
MDMin:  713 07:51:34    -2397.362911        0.180357
MDMin:  714 07:51:35    -2397.362945        0.176571
MDMin:  715 07:51:37    -2397.362983        0.172547
MDMin:  716 07:51:39    -2397.363023        0.168243
MDMin:  717 07:51:41    -2397.363068        0.163680
MDMin:  718 07:51:43    -2397.363116        0.163506
MDMin:  719 07:51:44    -2397.363167        0.164521
MDMin:  720 07:51:46    -2397.363219        0.165589
MDMin:  721 07:51:47    -2397.363269        0.166644
MDMin:  722 07:51:49    -2397.363312        0.167590
MDMin:  723 07:51:51    -2397.363349        0.168434
MDMin:  724 07:51:53    -2397.363386        0.169292
MDMin:  725 07:51:55    -2397.363424        0.170247
MDMin:  726 07:51:57    -2397.363466        0.171341
MDMin:  727 07:51:58    -2397.363512        0.172602
MDMin:  728 07:52:00    -2397.363562        0.174052
MDMin:  729 07:52:03    -2397.363615        0.175705
MDMin:  730 07:52:05    -2397.363671        0.177559
MDMin:  731 07:52:06    -2397.363729        0.179566
MDMin:  732 07:52:08    -2397.363784        0.181592
MDMin:  733 07:52:10    -2397.363832        0.183445
MDMin:  734 07:52:12    -2397.363873        0.185092
MDMin:  735 07:52:14    -2397.363912        0.186718
MDMin:  736 07:52:16    -2397.363954        0.188475
MDMin:  737 07:52:18    -2397.363998        0.190429
MDMin:  738 07:52:20    -2397.364046        0.192607
MDMin:  739 07:52:22    -2397.364098        0.195020
MDMin:  740 07:52:24    -2397.364154        0.197662
MDMin:  741 07:52:25    -2397.364213        0.200504
MDMin:  742 07:52:26    -2397.364274        0.203479
MDMin:  743 07:52:28    -2397.364335        0.206452
MDMin:  744 07:52:29    -2397.364391        0.209210
MDMin:  745 07:52:31    -2397.364441        0.211577
MDMin:  746 07:52:33    -2397.364486        0.213634
MDMin:  747 07:52:35    -2397.364529        0.215590
MDMin:  748 07:52:37    -2397.364574        0.217561
MDMin:  749 07:52:38    -2397.364623        0.219564
MDMin:  750 07:52:39    -2397.364675        0.221564
MDMin:  751 07:52:40    -2397.364731        0.223493
MDMin:  752 07:52:42    -2397.364790        0.225263
MDMin:  753 07:52:43    -2397.364852        0.226755
MDMin:  754 07:52:45    -2397.364915        0.227842
MDMin:  755 07:52:47    -2397.364978        0.228407
MDMin:  756 07:52:49    -2397.365038        0.228409
MDMin:  757 07:52:51    -2397.365091        0.227930
MDMin:  758 07:52:53    -2397.365139        0.227079
MDMin:  759 07:52:54    -2397.365186        0.225850
MDMin:  760 07:52:56    -2397.365235        0.224147
MDMin:  761 07:52:57    -2397.365287        0.221845
MDMin:  762 07:52:59    -2397.365342        0.218810
MDMin:  763 07:53:00    -2397.365400        0.214913
MDMin:  764 07:53:02    -2397.365462        0.210043
MDMin:  765 07:53:04    -2397.365526        0.204150
MDMin:  766 07:53:05    -2397.365592        0.197310
MDMin:  767 07:53:07    -2397.365656        0.189837
MDMin:  768 07:53:08    -2397.365716        0.182278
MDMin:  769 07:53:09    -2397.365770        0.175075
MDMin:  770 07:53:10    -2397.365820        0.168075
MDMin:  771 07:53:12    -2397.365870        0.160844
MDMin:  772 07:53:14    -2397.365922        0.162521
MDMin:  773 07:53:15    -2397.365977        0.167134
MDMin:  774 07:53:17    -2397.366037        0.171477
MDMin:  775 07:53:19    -2397.366100        0.175339
MDMin:  776 07:53:21    -2397.366166        0.178461
MDMin:  777 07:53:23    -2397.366233        0.180569
MDMin:  778 07:53:25    -2397.366300        0.181476
MDMin:  779 07:53:27    -2397.366360        0.181248
MDMin:  780 07:53:29    -2397.366413        0.180223
MDMin:  781 07:53:31    -2397.366463        0.178641
MDMin:  782 07:53:33    -2397.366514        0.176478
MDMin:  783 07:53:35    -2397.366568        0.173611
MDMin:  784 07:53:37    -2397.366627        0.169909
MDMin:  785 07:53:39    -2397.366691        0.165274
MDMin:  786 07:53:41    -2397.366759        0.159680
MDMin:  787 07:53:43    -2397.366674        0.153269
MDMin:  788 07:53:45    -2397.366741        0.147136
