       Step     Time          Energy          fmax
MDMin:    0 03:03:57    -2397.453135        0.149548
MDMin:    1 03:03:59    -2397.453135        0.149518
MDMin:    2 03:04:01    -2397.453136        0.149428
MDMin:    3 03:04:03    -2397.453136        0.149277
MDMin:    4 03:04:05    -2397.453136        0.149067
MDMin:    5 03:04:07    -2397.453137        0.148796
MDMin:    6 03:04:08    -2397.453138        0.148467
MDMin:    7 03:04:10    -2397.453139        0.148079
MDMin:    8 03:04:12    -2397.453140        0.147632
MDMin:    9 03:04:13    -2397.453141        0.147128
MDMin:   10 03:04:15    -2397.453142        0.146567
MDMin:   11 03:04:16    -2397.453144        0.145950
MDMin:   12 03:04:17    -2397.453145        0.145279
MDMin:   13 03:04:18    -2397.453147        0.144554
MDMin:   14 03:04:20    -2397.453149        0.143776
MDMin:   15 03:04:21    -2397.453151        0.142946
MDMin:   16 03:04:22    -2397.453153        0.142067
MDMin:   17 03:04:24    -2397.453156        0.141140
MDMin:   18 03:04:25    -2397.453158        0.140165
MDMin:   19 03:04:26    -2397.453161        0.139145
MDMin:   20 03:04:28    -2397.453164        0.138082
MDMin:   21 03:04:29    -2397.453167        0.136977
MDMin:   22 03:04:31    -2397.453170        0.135833
MDMin:   23 03:04:33    -2397.453173        0.134650
MDMin:   24 03:04:34    -2397.453176        0.133432
MDMin:   25 03:04:35    -2397.453180        0.132181
MDMin:   26 03:04:37    -2397.453183        0.130898
MDMin:   27 03:04:39    -2397.453187        0.129585
MDMin:   28 03:04:41    -2397.453191        0.128246
MDMin:   29 03:04:42    -2397.453195        0.126883
MDMin:   30 03:04:44    -2397.453199        0.125497
MDMin:   31 03:04:46    -2397.453204        0.124091
MDMin:   32 03:04:47    -2397.453208        0.122919
MDMin:   33 03:04:48    -2397.453213        0.122093
MDMin:   34 03:04:49    -2397.453218        0.121235
MDMin:   35 03:04:51    -2397.453223        0.120348
MDMin:   36 03:04:53    -2397.453228        0.119429
MDMin:   37 03:04:55    -2397.453233        0.118481
MDMin:   38 03:04:57    -2397.453239        0.117504
MDMin:   39 03:04:58    -2397.453244        0.116498
MDMin:   40 03:04:59    -2397.453250        0.115464
MDMin:   41 03:05:00    -2397.453256        0.114403
MDMin:   42 03:05:02    -2397.453262        0.113315
MDMin:   43 03:05:03    -2397.453268        0.112202
MDMin:   44 03:05:05    -2397.453275        0.111064
MDMin:   45 03:05:06    -2397.453281        0.109902
MDMin:   46 03:05:08    -2397.453288        0.108717
MDMin:   47 03:05:10    -2397.453295        0.107510
MDMin:   48 03:05:12    -2397.453302        0.106282
MDMin:   49 03:05:13    -2397.453309        0.105033
MDMin:   50 03:05:14    -2397.453316        0.103765
MDMin:   51 03:05:15    -2397.453323        0.102478
MDMin:   52 03:05:17    -2397.453331        0.101172
MDMin:   53 03:05:18    -2397.453339        0.099849
MDMin:   54 03:05:19    -2397.453347        0.098510
MDMin:   55 03:05:20    -2397.453355        0.097951
MDMin:   56 03:05:22    -2397.453363        0.097858
MDMin:   57 03:05:23    -2397.453372        0.097750
MDMin:   58 03:05:24    -2397.453380        0.097626
MDMin:   59 03:05:26    -2397.453389        0.097485
MDMin:   60 03:05:28    -2397.453398        0.097326
MDMin:   61 03:05:30    -2397.453407        0.097149
MDMin:   62 03:05:32    -2397.453417        0.096952
MDMin:   63 03:05:33    -2397.453426        0.096736
MDMin:   64 03:05:35    -2397.453436        0.096499
MDMin:   65 03:05:37    -2397.453446        0.096242
MDMin:   66 03:05:39    -2397.453456        0.095965
MDMin:   67 03:05:40    -2397.453466        0.095667
MDMin:   68 03:05:42    -2397.453476        0.095348
MDMin:   69 03:05:44    -2397.453487        0.095007
MDMin:   70 03:05:46    -2397.453498        0.094644
MDMin:   71 03:05:48    -2397.453509        0.094258
MDMin:   72 03:05:50    -2397.453520        0.093850
MDMin:   73 03:05:52    -2397.453531        0.093418
MDMin:   74 03:05:54    -2397.453543        0.092964
MDMin:   75 03:05:57    -2397.453555        0.092487
MDMin:   76 03:05:58    -2397.453567        0.091987
MDMin:   77 03:06:00    -2397.453579        0.091465
MDMin:   78 03:06:02    -2397.453591        0.090920
MDMin:   79 03:06:04    -2397.453604        0.090355
MDMin:   80 03:06:05    -2397.453617        0.089769
MDMin:   81 03:06:07    -2397.453630        0.089163
MDMin:   82 03:06:08    -2397.453643        0.088538
MDMin:   83 03:06:10    -2397.453656        0.087896
MDMin:   84 03:06:11    -2397.453670        0.087237
MDMin:   85 03:06:13    -2397.453684        0.086563
MDMin:   86 03:06:14    -2397.453698        0.085876
MDMin:   87 03:06:15    -2397.453712        0.085176
MDMin:   88 03:06:17    -2397.453727        0.084465
MDMin:   89 03:06:19    -2397.453742        0.083744
MDMin:   90 03:06:21    -2397.453757        0.083016
MDMin:   91 03:06:23    -2397.453772        0.082281
MDMin:   92 03:06:24    -2397.453787        0.081545
MDMin:   93 03:06:26    -2397.453803        0.080802
MDMin:   94 03:06:28    -2397.453819        0.080069
MDMin:   95 03:06:30    -2397.453835        0.079320
MDMin:   96 03:06:32    -2397.453851        0.078613
MDMin:   97 03:06:34    -2397.453867        0.077838
MDMin:   98 03:06:36    -2397.453884        0.077225
MDMin:   99 03:06:38    -2397.453900        0.076307
MDMin:  100 03:06:40    -2397.453917        0.076080
MDMin:  101 03:06:42    -2397.453933        0.112457
MDMin:  102 03:06:44    -2397.453945        0.154274
MDMin:  103 03:06:46    -2397.453949        0.074689
MDMin:  104 03:06:48    -2397.453953        0.074368
MDMin:  105 03:06:50    -2397.453958        0.074166
MDMin:  106 03:06:52    -2397.453962        0.073986
MDMin:  107 03:06:54    -2397.453967        0.073806
MDMin:  108 03:06:56    -2397.453972        0.073625
MDMin:  109 03:06:57    -2397.453977        0.073442
MDMin:  110 03:06:59    -2397.453982        0.073309
MDMin:  111 03:07:01    -2397.453987        0.073250
MDMin:  112 03:07:03    -2397.453992        0.073190
MDMin:  113 03:07:05    -2397.453998        0.073129
MDMin:  114 03:07:07    -2397.454003        0.073068
MDMin:  115 03:07:09    -2397.454009        0.073005
MDMin:  116 03:07:11    -2397.454015        0.072943
MDMin:  117 03:07:12    -2397.454021        0.072879
MDMin:  118 03:07:14    -2397.454027        0.072815
MDMin:  119 03:07:16    -2397.454033        0.072751
MDMin:  120 03:07:17    -2397.454039        0.072686
MDMin:  121 03:07:18    -2397.454046        0.072621
MDMin:  122 03:07:19    -2397.454052        0.072556
MDMin:  123 03:07:21    -2397.454059        0.072491
MDMin:  124 03:07:22    -2397.454065        0.072425
MDMin:  125 03:07:24    -2397.454072        0.072360
MDMin:  126 03:07:26    -2397.454079        0.072295
MDMin:  127 03:07:28    -2397.454086        0.072230
MDMin:  128 03:07:30    -2397.454093        0.072165
MDMin:  129 03:07:31    -2397.454101        0.072101
MDMin:  130 03:07:32    -2397.454108        0.072037
MDMin:  131 03:07:33    -2397.454116        0.071973
MDMin:  132 03:07:34    -2397.454123        0.071911
MDMin:  133 03:07:36    -2397.454131        0.071848
MDMin:  134 03:07:37    -2397.454139        0.071787
MDMin:  135 03:07:38    -2397.454147        0.071727
MDMin:  136 03:07:40    -2397.454155        0.071668
MDMin:  137 03:07:42    -2397.454163        0.071610
MDMin:  138 03:07:44    -2397.454171        0.071553
MDMin:  139 03:07:46    -2397.454179        0.071497
MDMin:  140 03:07:47    -2397.454188        0.071443
MDMin:  141 03:07:49    -2397.454196        0.071390
MDMin:  142 03:07:51    -2397.454205        0.071434
MDMin:  143 03:07:53    -2397.454214        0.071779
MDMin:  144 03:07:55    -2397.454222        0.072115
MDMin:  145 03:07:57    -2397.454231        0.072441
MDMin:  146 03:07:59    -2397.454240        0.072755
MDMin:  147 03:08:00    -2397.454250        0.073055
MDMin:  148 03:08:01    -2397.454259        0.073340
MDMin:  149 03:08:03    -2397.454268        0.073608
MDMin:  150 03:08:05    -2397.454277        0.073858
MDMin:  151 03:08:07    -2397.454287        0.074087
MDMin:  152 03:08:09    -2397.454296        0.074295
MDMin:  153 03:08:11    -2397.454306        0.074481
MDMin:  154 03:08:13    -2397.454316        0.074643
MDMin:  155 03:08:15    -2397.454326        0.074780
MDMin:  156 03:08:16    -2397.454336        0.074892
MDMin:  157 03:08:17    -2397.454346        0.074979
MDMin:  158 03:08:18    -2397.454356        0.075040
MDMin:  159 03:08:20    -2397.454366        0.075077
MDMin:  160 03:08:21    -2397.454376        0.075089
MDMin:  161 03:08:23    -2397.454387        0.075079
MDMin:  162 03:08:25    -2397.454397        0.075046
MDMin:  163 03:08:27    -2397.454408        0.074995
MDMin:  164 03:08:29    -2397.454418        0.074925
MDMin:  165 03:08:30    -2397.454429        0.074840
MDMin:  166 03:08:32    -2397.454440        0.074742
MDMin:  167 03:08:34    -2397.454451        0.074632
MDMin:  168 03:08:36    -2397.454462        0.074513
MDMin:  169 03:08:37    -2397.454473        0.074386
MDMin:  170 03:08:39    -2397.454484        0.074252
MDMin:  171 03:08:41    -2397.454495        0.074110
MDMin:  172 03:08:43    -2397.454506        0.073960
MDMin:  173 03:08:45    -2397.454518        0.073798
MDMin:  174 03:08:47    -2397.454529        0.073622
MDMin:  175 03:08:48    -2397.454541        0.073426
MDMin:  176 03:08:50    -2397.454553        0.073202
MDMin:  177 03:08:52    -2397.454564        0.072943
MDMin:  178 03:08:55    -2397.454576        0.072638
MDMin:  179 03:08:57    -2397.454588        0.072276
MDMin:  180 03:08:59    -2397.454600        0.071847
MDMin:  181 03:09:00    -2397.454612        0.071635
MDMin:  182 03:09:02    -2397.454625        0.071728
MDMin:  183 03:09:04    -2397.454637        0.071827
MDMin:  184 03:09:06    -2397.454650        0.071932
MDMin:  185 03:09:08    -2397.454662        0.072042
MDMin:  186 03:09:09    -2397.454675        0.072159
MDMin:  187 03:09:11    -2397.454688        0.072280
MDMin:  188 03:09:13    -2397.454700        0.072407
MDMin:  189 03:09:15    -2397.454712        0.089351
MDMin:  190 03:09:17    -2397.454721        0.111775
MDMin:  191 03:09:19    -2397.454726        0.072664
MDMin:  192 03:09:20    -2397.454730        0.072709
MDMin:  193 03:09:21    -2397.454734        0.072754
MDMin:  194 03:09:22    -2397.454739        0.072802
MDMin:  195 03:09:24    -2397.454744        0.072850
MDMin:  196 03:09:25    -2397.454748        0.072901
MDMin:  197 03:09:26    -2397.454753        0.072953
MDMin:  198 03:09:28    -2397.454758        0.073007
MDMin:  199 03:09:30    -2397.454763        0.073062
MDMin:  200 03:09:31    -2397.454768        0.073119
MDMin:  201 03:09:32    -2397.454773        0.073178
MDMin:  202 03:09:34    -2397.454779        0.073239
MDMin:  203 03:09:35    -2397.454784        0.073301
MDMin:  204 03:09:37    -2397.454790        0.073365
MDMin:  205 03:09:38    -2397.454796        0.073431
MDMin:  206 03:09:40    -2397.454801        0.073499
MDMin:  207 03:09:42    -2397.454807        0.073568
MDMin:  208 03:09:44    -2397.454813        0.073639
MDMin:  209 03:09:45    -2397.454819        0.073713
MDMin:  210 03:09:46    -2397.454826        0.073787
MDMin:  211 03:09:47    -2397.454832        0.073864
MDMin:  212 03:09:48    -2397.454838        0.073943
MDMin:  213 03:09:50    -2397.454845        0.074023
MDMin:  214 03:09:52    -2397.454851        0.074105
MDMin:  215 03:09:53    -2397.454858        0.074189
MDMin:  216 03:09:54    -2397.454865        0.074275
MDMin:  217 03:09:56    -2397.454872        0.074362
MDMin:  218 03:09:58    -2397.454879        0.074451
MDMin:  219 03:10:00    -2397.454886        0.074542
MDMin:  220 03:10:02    -2397.454894        0.074634
MDMin:  221 03:10:04    -2397.454901        0.074727
MDMin:  222 03:10:06    -2397.454908        0.074822
MDMin:  223 03:10:07    -2397.454916        0.074919
MDMin:  224 03:10:08    -2397.454924        0.075016
MDMin:  225 03:10:10    -2397.454931        0.075115
MDMin:  226 03:10:11    -2397.454939        0.075215
MDMin:  227 03:10:13    -2397.454947        0.075316
MDMin:  228 03:10:14    -2397.454955        0.075418
MDMin:  229 03:10:16    -2397.454963        0.075521
MDMin:  230 03:10:18    -2397.454972        0.075625
MDMin:  231 03:10:20    -2397.454980        0.075728
MDMin:  232 03:10:22    -2397.454988        0.075833
MDMin:  233 03:10:24    -2397.454997        0.075937
MDMin:  234 03:10:26    -2397.455006        0.076042
MDMin:  235 03:10:28    -2397.455014        0.076147
MDMin:  236 03:10:30    -2397.455023        0.076251
MDMin:  237 03:10:31    -2397.455032        0.076355
MDMin:  238 03:10:32    -2397.455041        0.076459
MDMin:  239 03:10:35    -2397.455050        0.076561
MDMin:  240 03:10:36    -2397.455059        0.076663
MDMin:  241 03:10:37    -2397.455069        0.076764
MDMin:  242 03:10:39    -2397.455078        0.076863
MDMin:  243 03:10:41    -2397.455087        0.076961
MDMin:  244 03:10:43    -2397.455097        0.077057
MDMin:  245 03:10:45    -2397.455106        0.077152
MDMin:  246 03:10:46    -2397.455116        0.077244
MDMin:  247 03:10:48    -2397.455126        0.077334
MDMin:  248 03:10:50    -2397.455135        0.077422
MDMin:  249 03:10:53    -2397.455145        0.077507
MDMin:  250 03:10:55    -2397.455155        0.077589
MDMin:  251 03:10:57    -2397.455165        0.077668
MDMin:  252 03:10:59    -2397.455175        0.077744
MDMin:  253 03:11:00    -2397.455185        0.077816
MDMin:  254 03:11:02    -2397.455196        0.077886
MDMin:  255 03:11:03    -2397.455206        0.077952
MDMin:  256 03:11:05    -2397.455216        0.078014
MDMin:  257 03:11:06    -2397.455227        0.078074
MDMin:  258 03:11:08    -2397.455237        0.078130
MDMin:  259 03:11:09    -2397.455248        0.078183
MDMin:  260 03:11:10    -2397.455258        0.078234
MDMin:  261 03:11:12    -2397.455269        0.078281
MDMin:  262 03:11:14    -2397.455279        0.078326
MDMin:  263 03:11:16    -2397.455290        0.078369
MDMin:  264 03:11:18    -2397.455301        0.078408
MDMin:  265 03:11:19    -2397.455312        0.078449
MDMin:  266 03:11:20    -2397.455322        0.078481
MDMin:  267 03:11:22    -2397.455333        0.078524
MDMin:  268 03:11:24    -2397.455344        0.086930
MDMin:  269 03:11:26    -2397.455353        0.099071
MDMin:  270 03:11:28    -2397.455359        0.093562
MDMin:  271 03:11:30    -2397.455364        0.078842
MDMin:  272 03:11:32    -2397.455368        0.079006
MDMin:  273 03:11:34    -2397.455373        0.079174
MDMin:  274 03:11:36    -2397.455377        0.079344
MDMin:  275 03:11:38    -2397.455382        0.079517
MDMin:  276 03:11:40    -2397.455387        0.079693
MDMin:  277 03:11:42    -2397.455392        0.079871
MDMin:  278 03:11:44    -2397.455397        0.080052
MDMin:  279 03:11:46    -2397.455402        0.080235
MDMin:  280 03:11:48    -2397.455407        0.080420
MDMin:  281 03:11:49    -2397.455413        0.080607
MDMin:  282 03:11:51    -2397.455418        0.080796
MDMin:  283 03:11:52    -2397.455423        0.080987
MDMin:  284 03:11:53    -2397.455429        0.081179
MDMin:  285 03:11:55    -2397.455434        0.081374
MDMin:  286 03:11:57    -2397.455440        0.081569
MDMin:  287 03:11:58    -2397.455446        0.081766
MDMin:  288 03:11:59    -2397.455452        0.081965
MDMin:  289 03:12:01    -2397.455458        0.082164
MDMin:  290 03:12:03    -2397.455464        0.082364
MDMin:  291 03:12:05    -2397.455470        0.082565
MDMin:  292 03:12:07    -2397.455476        0.082767
MDMin:  293 03:12:09    -2397.455482        0.082968
MDMin:  294 03:12:10    -2397.455488        0.083170
MDMin:  295 03:12:12    -2397.455495        0.083372
MDMin:  296 03:12:14    -2397.455501        0.083574
MDMin:  297 03:12:16    -2397.455508        0.083775
MDMin:  298 03:12:18    -2397.455514        0.083975
MDMin:  299 03:12:20    -2397.455521        0.084174
MDMin:  300 03:12:22    -2397.455528        0.084372
MDMin:  301 03:12:24    -2397.455535        0.084568
MDMin:  302 03:12:25    -2397.455542        0.084761
MDMin:  303 03:12:27    -2397.455549        0.084953
MDMin:  304 03:12:28    -2397.455556        0.085141
MDMin:  305 03:12:30    -2397.455563        0.085326
MDMin:  306 03:12:32    -2397.455570        0.085507
MDMin:  307 03:12:34    -2397.455577        0.085683
MDMin:  308 03:12:36    -2397.455584        0.085855
MDMin:  309 03:12:37    -2397.455592        0.086021
MDMin:  310 03:12:39    -2397.455599        0.086182
MDMin:  311 03:12:40    -2397.455607        0.086335
MDMin:  312 03:12:42    -2397.455614        0.086481
MDMin:  313 03:12:43    -2397.455622        0.086619
MDMin:  314 03:12:45    -2397.455630        0.086748
MDMin:  315 03:12:47    -2397.455638        0.086867
MDMin:  316 03:12:48    -2397.455645        0.086975
MDMin:  317 03:12:49    -2397.455653        0.087072
MDMin:  318 03:12:51    -2397.455661        0.087156
MDMin:  319 03:12:53    -2397.455669        0.087227
MDMin:  320 03:12:55    -2397.455678        0.087283
MDMin:  321 03:12:57    -2397.455686        0.087324
MDMin:  322 03:12:59    -2397.455694        0.087347
MDMin:  323 03:13:01    -2397.455702        0.087353
MDMin:  324 03:13:02    -2397.455711        0.087339
MDMin:  325 03:13:03    -2397.455719        0.087304
MDMin:  326 03:13:04    -2397.455728        0.087247
MDMin:  327 03:13:06    -2397.455736        0.087168
MDMin:  328 03:13:08    -2397.455745        0.087063
MDMin:  329 03:13:10    -2397.455754        0.086932
MDMin:  330 03:13:12    -2397.455762        0.086773
MDMin:  331 03:13:14    -2397.455771        0.086585
MDMin:  332 03:13:15    -2397.455780        0.086366
MDMin:  333 03:13:17    -2397.455789        0.086115
MDMin:  334 03:13:18    -2397.455798        0.085831
MDMin:  335 03:13:20    -2397.455807        0.085511
MDMin:  336 03:13:22    -2397.455816        0.085794
MDMin:  337 03:13:23    -2397.455825        0.086124
MDMin:  338 03:13:24    -2397.455835        0.086460
MDMin:  339 03:13:26    -2397.455844        0.086801
MDMin:  340 03:13:28    -2397.455854        0.087145
MDMin:  341 03:13:30    -2397.455863        0.087492
MDMin:  342 03:13:32    -2397.455873        0.087846
MDMin:  343 03:13:33    -2397.455882        0.088205
MDMin:  344 03:13:35    -2397.455892        0.088569
MDMin:  345 03:13:36    -2397.455902        0.088935
MDMin:  346 03:13:38    -2397.455912        0.089298
MDMin:  347 03:13:40    -2397.455922        0.097053
MDMin:  348 03:13:42    -2397.455930        0.108528
MDMin:  349 03:13:43    -2397.455935        0.096933
MDMin:  350 03:13:44    -2397.455939        0.090214
MDMin:  351 03:13:46    -2397.455943        0.090337
MDMin:  352 03:13:47    -2397.455948        0.090462
MDMin:  353 03:13:49    -2397.455952        0.090589
MDMin:  354 03:13:50    -2397.455956        0.090718
MDMin:  355 03:13:52    -2397.455961        0.090849
MDMin:  356 03:13:53    -2397.455965        0.090980
MDMin:  357 03:13:54    -2397.455970        0.091113
MDMin:  358 03:13:57    -2397.455974        0.091246
MDMin:  359 03:13:59    -2397.455979        0.091378
MDMin:  360 03:14:01    -2397.455984        0.091508
MDMin:  361 03:14:03    -2397.455989        0.091637
MDMin:  362 03:14:04    -2397.455994        0.091763
MDMin:  363 03:14:06    -2397.456000        0.091887
MDMin:  364 03:14:08    -2397.456005        0.092007
MDMin:  365 03:14:10    -2397.456010        0.092124
MDMin:  366 03:14:12    -2397.456016        0.092236
MDMin:  367 03:14:14    -2397.456021        0.092344
MDMin:  368 03:14:15    -2397.456027        0.092447
MDMin:  369 03:14:17    -2397.456033        0.092544
MDMin:  370 03:14:19    -2397.456039        0.092635
MDMin:  371 03:14:21    -2397.456045        0.092719
MDMin:  372 03:14:23    -2397.456051        0.092796
MDMin:  373 03:14:25    -2397.456057        0.092866
MDMin:  374 03:14:27    -2397.456063        0.092928
MDMin:  375 03:14:29    -2397.456070        0.092981
MDMin:  376 03:14:30    -2397.456076        0.093025
MDMin:  377 03:14:32    -2397.456083        0.093059
MDMin:  378 03:14:33    -2397.456090        0.093083
MDMin:  379 03:14:34    -2397.456097        0.093097
MDMin:  380 03:14:36    -2397.456103        0.093100
MDMin:  381 03:14:37    -2397.456110        0.093092
MDMin:  382 03:14:38    -2397.456118        0.093071
MDMin:  383 03:14:39    -2397.456125        0.093039
MDMin:  384 03:14:41    -2397.456132        0.092995
MDMin:  385 03:14:42    -2397.456140        0.092937
MDMin:  386 03:14:44    -2397.456147        0.092867
MDMin:  387 03:14:46    -2397.456155        0.092783
MDMin:  388 03:14:48    -2397.456162        0.092686
MDMin:  389 03:14:49    -2397.456170        0.092574
MDMin:  390 03:14:51    -2397.456178        0.092449
MDMin:  391 03:14:53    -2397.456186        0.092308
MDMin:  392 03:14:54    -2397.456194        0.092152
MDMin:  393 03:14:56    -2397.456203        0.091981
MDMin:  394 03:14:58    -2397.456211        0.091793
MDMin:  395 03:14:59    -2397.456219        0.091589
MDMin:  396 03:15:00    -2397.456228        0.091369
MDMin:  397 03:15:02    -2397.456236        0.091131
MDMin:  398 03:15:04    -2397.456245        0.090876
MDMin:  399 03:15:06    -2397.456254        0.090603
MDMin:  400 03:15:07    -2397.456263        0.090312
MDMin:  401 03:15:09    -2397.456272        0.090001
MDMin:  402 03:15:10    -2397.456281        0.089671
MDMin:  403 03:15:12    -2397.456290        0.089321
MDMin:  404 03:15:14    -2397.456299        0.088948
MDMin:  405 03:15:15    -2397.456309        0.088556
MDMin:  406 03:15:16    -2397.456318        0.088138
MDMin:  407 03:15:18    -2397.456328        0.087703
MDMin:  408 03:15:20    -2397.456337        0.087233
MDMin:  409 03:15:22    -2397.456347        0.086766
MDMin:  410 03:15:24    -2397.456356        0.088412
MDMin:  411 03:15:25    -2397.456362        0.109258
MDMin:  412 03:15:27    -2397.456366        0.085683
MDMin:  413 03:15:28    -2397.456370        0.085462
MDMin:  414 03:15:30    -2397.456374        0.085233
MDMin:  415 03:15:31    -2397.456378        0.084996
MDMin:  416 03:15:32    -2397.456382        0.084751
MDMin:  417 03:15:34    -2397.456386        0.084496
MDMin:  418 03:15:36    -2397.456390        0.084232
MDMin:  419 03:15:37    -2397.456394        0.083959
MDMin:  420 03:15:38    -2397.456399        0.083676
MDMin:  421 03:15:39    -2397.456403        0.083383
MDMin:  422 03:15:40    -2397.456407        0.083079
MDMin:  423 03:15:41    -2397.456412        0.082764
MDMin:  424 03:15:43    -2397.456417        0.082437
MDMin:  425 03:15:44    -2397.456421        0.082099
MDMin:  426 03:15:47    -2397.456426        0.081748
MDMin:  427 03:15:48    -2397.456431        0.081385
MDMin:  428 03:15:50    -2397.456436        0.081008
MDMin:  429 03:15:52    -2397.456441        0.080618
MDMin:  430 03:15:54    -2397.456446        0.080214
MDMin:  431 03:15:55    -2397.456451        0.079795
MDMin:  432 03:15:57    -2397.456457        0.079361
MDMin:  433 03:15:59    -2397.456462        0.078912
MDMin:  434 03:16:01    -2397.456467        0.078447
MDMin:  435 03:16:03    -2397.456473        0.077965
MDMin:  436 03:16:05    -2397.456478        0.077467
MDMin:  437 03:16:06    -2397.456484        0.076951
MDMin:  438 03:16:07    -2397.456490        0.076417
MDMin:  439 03:16:09    -2397.456496        0.075865
MDMin:  440 03:16:10    -2397.456502        0.075294
MDMin:  441 03:16:12    -2397.456508        0.074704
MDMin:  442 03:16:13    -2397.456514        0.074095
MDMin:  443 03:16:15    -2397.456520        0.073466
MDMin:  444 03:16:16    -2397.456526        0.072816
MDMin:  445 03:16:18    -2397.456532        0.072146
MDMin:  446 03:16:20    -2397.456539        0.071799
MDMin:  447 03:16:22    -2397.456545        0.071913
MDMin:  448 03:16:24    -2397.456552        0.072028
MDMin:  449 03:16:26    -2397.456558        0.072143
MDMin:  450 03:16:28    -2397.456565        0.072259
MDMin:  451 03:16:29    -2397.456572        0.072375
MDMin:  452 03:16:31    -2397.456579        0.072491
MDMin:  453 03:16:32    -2397.456586        0.072607
MDMin:  454 03:16:34    -2397.456593        0.072723
MDMin:  455 03:16:36    -2397.456600        0.072839
MDMin:  456 03:16:38    -2397.456607        0.072954
MDMin:  457 03:16:39    -2397.456614        0.073068
MDMin:  458 03:16:41    -2397.456621        0.073182
MDMin:  459 03:16:42    -2397.456629        0.073295
MDMin:  460 03:16:43    -2397.456636        0.073407
MDMin:  461 03:16:44    -2397.456644        0.073518
MDMin:  462 03:16:46    -2397.456651        0.073628
MDMin:  463 03:16:47    -2397.456659        0.073737
MDMin:  464 03:16:48    -2397.456667        0.073844
MDMin:  465 03:16:50    -2397.456674        0.073951
MDMin:  466 03:16:51    -2397.456682        0.074055
MDMin:  467 03:16:52    -2397.456690        0.074159
MDMin:  468 03:16:53    -2397.456698        0.074261
MDMin:  469 03:16:55    -2397.456707        0.074362
MDMin:  470 03:16:57    -2397.456715        0.074462
MDMin:  471 03:16:58    -2397.456723        0.074560
MDMin:  472 03:17:00    -2397.456731        0.074658
MDMin:  473 03:17:01    -2397.456740        0.074754
MDMin:  474 03:17:02    -2397.456748        0.074850
MDMin:  475 03:17:03    -2397.456757        0.074945
MDMin:  476 03:17:05    -2397.456765        0.075039
MDMin:  477 03:17:06    -2397.456774        0.075132
MDMin:  478 03:17:08    -2397.456783        0.075226
MDMin:  479 03:17:09    -2397.456792        0.075319
MDMin:  480 03:17:11    -2397.456800        0.075412
MDMin:  481 03:17:13    -2397.456809        0.075500
MDMin:  482 03:17:16    -2397.456816        0.096033
MDMin:  483 03:17:18    -2397.456821        0.075616
MDMin:  484 03:17:20    -2397.456824        0.075645
MDMin:  485 03:17:22    -2397.456828        0.075675
MDMin:  486 03:17:23    -2397.456831        0.075705
MDMin:  487 03:17:25    -2397.456834        0.075737
MDMin:  488 03:17:26    -2397.456838        0.075770
MDMin:  489 03:17:27    -2397.456842        0.075804
MDMin:  490 03:17:28    -2397.456845        0.075839
MDMin:  491 03:17:30    -2397.456849        0.075876
MDMin:  492 03:17:32    -2397.456853        0.075914
MDMin:  493 03:17:34    -2397.456857        0.075953
MDMin:  494 03:17:35    -2397.456861        0.075994
MDMin:  495 03:17:37    -2397.456865        0.076036
MDMin:  496 03:17:39    -2397.456869        0.076079
MDMin:  497 03:17:41    -2397.456873        0.076123
MDMin:  498 03:17:43    -2397.456877        0.076169
MDMin:  499 03:17:45    -2397.456881        0.076217
MDMin:  500 03:17:46    -2397.456886        0.076266
MDMin:  501 03:17:48    -2397.456890        0.076316
MDMin:  502 03:17:50    -2397.456895        0.076368
MDMin:  503 03:17:52    -2397.456899        0.076422
MDMin:  504 03:17:54    -2397.456904        0.076477
MDMin:  505 03:17:55    -2397.456909        0.076534
MDMin:  506 03:17:57    -2397.456913        0.076592
MDMin:  507 03:17:59    -2397.456918        0.076653
MDMin:  508 03:18:01    -2397.456923        0.076715
MDMin:  509 03:18:03    -2397.456928        0.076779
MDMin:  510 03:18:05    -2397.456933        0.076846
MDMin:  511 03:18:06    -2397.456938        0.076914
MDMin:  512 03:18:08    -2397.456943        0.076984
MDMin:  513 03:18:09    -2397.456949        0.077057
MDMin:  514 03:18:11    -2397.456954        0.077131
MDMin:  515 03:18:13    -2397.456959        0.077208
MDMin:  516 03:18:15    -2397.456965        0.077288
MDMin:  517 03:18:17    -2397.456970        0.077369
MDMin:  518 03:18:19    -2397.456975        0.077453
MDMin:  519 03:18:21    -2397.456981        0.077540
MDMin:  520 03:18:22    -2397.456987        0.077630
MDMin:  521 03:18:24    -2397.456992        0.077722
MDMin:  522 03:18:26    -2397.456998        0.077817
MDMin:  523 03:18:28    -2397.457004        0.077914
MDMin:  524 03:18:30    -2397.457010        0.078015
MDMin:  525 03:18:32    -2397.457016        0.078118
MDMin:  526 03:18:34    -2397.457022        0.078225
MDMin:  527 03:18:35    -2397.457027        0.078334
MDMin:  528 03:18:37    -2397.457034        0.078447
MDMin:  529 03:18:39    -2397.457040        0.078563
MDMin:  530 03:18:40    -2397.457046        0.078682
MDMin:  531 03:18:42    -2397.457052        0.078805
MDMin:  532 03:18:44    -2397.457058        0.078931
MDMin:  533 03:18:46    -2397.457064        0.079060
MDMin:  534 03:18:48    -2397.457071        0.079193
MDMin:  535 03:18:50    -2397.457077        0.079330
MDMin:  536 03:18:51    -2397.457083        0.079470
MDMin:  537 03:18:53    -2397.457090        0.079613
MDMin:  538 03:18:55    -2397.457096        0.079760
MDMin:  539 03:18:57    -2397.457103        0.079911
MDMin:  540 03:18:59    -2397.457109        0.080066
MDMin:  541 03:19:01    -2397.457116        0.080225
MDMin:  542 03:19:03    -2397.457122        0.080387
MDMin:  543 03:19:04    -2397.457129        0.080553
MDMin:  544 03:19:06    -2397.457136        0.080723
MDMin:  545 03:19:08    -2397.457142        0.080895
MDMin:  546 03:19:10    -2397.457149        0.081070
MDMin:  547 03:19:12    -2397.457156        0.081249
MDMin:  548 03:19:14    -2397.457163        0.081430
MDMin:  549 03:19:16    -2397.457169        0.081614
MDMin:  550 03:19:17    -2397.457176        0.081802
MDMin:  551 03:19:18    -2397.457183        0.081993
MDMin:  552 03:19:20    -2397.457190        0.082187
MDMin:  553 03:19:22    -2397.457197        0.082384
MDMin:  554 03:19:25    -2397.457204        0.082585
MDMin:  555 03:19:27    -2397.457211        0.082789
MDMin:  556 03:19:29    -2397.457218        0.082997
MDMin:  557 03:19:31    -2397.457225        0.083208
MDMin:  558 03:19:33    -2397.457232        0.083424
MDMin:  559 03:19:35    -2397.457239        0.083641
MDMin:  560 03:19:37    -2397.457246        0.083866
MDMin:  561 03:19:39    -2397.457253        0.084087
MDMin:  562 03:19:40    -2397.457260        0.084323
MDMin:  563 03:19:41    -2397.457267        0.084545
MDMin:  564 03:19:42    -2397.457274        0.084790
MDMin:  565 03:19:44    -2397.457280        0.084991
MDMin:  566 03:19:45    -2397.457286        0.089676
MDMin:  567 03:19:46    -2397.457290        0.085312
MDMin:  568 03:19:49    -2397.457293        0.085426
MDMin:  569 03:19:50    -2397.457297        0.085531
MDMin:  570 03:19:52    -2397.457300        0.085640
MDMin:  571 03:19:54    -2397.457303        0.085751
MDMin:  572 03:19:56    -2397.457307        0.085866
MDMin:  573 03:19:58    -2397.457310        0.085984
MDMin:  574 03:20:00    -2397.457314        0.086105
MDMin:  575 03:20:02    -2397.457317        0.086230
MDMin:  576 03:20:04    -2397.457321        0.086357
MDMin:  577 03:20:06    -2397.457324        0.086487
MDMin:  578 03:20:07    -2397.457328        0.086621
MDMin:  579 03:20:08    -2397.457332        0.086758
MDMin:  580 03:20:10    -2397.457336        0.086897
MDMin:  581 03:20:12    -2397.457340        0.087040
MDMin:  582 03:20:14    -2397.457344        0.087186
MDMin:  583 03:20:16    -2397.457348        0.087335
MDMin:  584 03:20:18    -2397.457352        0.087488
MDMin:  585 03:20:20    -2397.457356        0.087643
MDMin:  586 03:20:22    -2397.457360        0.087802
MDMin:  587 03:20:24    -2397.457364        0.087964
MDMin:  588 03:20:26    -2397.457368        0.088129
MDMin:  589 03:20:28    -2397.457372        0.088297
MDMin:  590 03:20:29    -2397.457377        0.088469
MDMin:  591 03:20:31    -2397.457381        0.088643
MDMin:  592 03:20:32    -2397.457386        0.088821
MDMin:  593 03:20:35    -2397.457390        0.089003
MDMin:  594 03:20:37    -2397.457395        0.089187
MDMin:  595 03:20:38    -2397.457399        0.089375
MDMin:  596 03:20:39    -2397.457404        0.089566
MDMin:  597 03:20:40    -2397.457408        0.089761
MDMin:  598 03:20:42    -2397.457413        0.089959
MDMin:  599 03:20:44    -2397.457418        0.090163
MDMin:  600 03:20:46    -2397.457423        0.090405
MDMin:  601 03:20:47    -2397.457427        0.090648
MDMin:  602 03:20:49    -2397.457432        0.090890
MDMin:  603 03:20:50    -2397.457437        0.091133
MDMin:  604 03:20:51    -2397.457442        0.091376
MDMin:  605 03:20:52    -2397.457447        0.091618
MDMin:  606 03:20:54    -2397.457452        0.091860
MDMin:  607 03:20:55    -2397.457457        0.092100
MDMin:  608 03:20:57    -2397.457462        0.092340
MDMin:  609 03:20:59    -2397.457467        0.092577
MDMin:  610 03:21:01    -2397.457472        0.092813
MDMin:  611 03:21:03    -2397.457477        0.093047
MDMin:  612 03:21:05    -2397.457483        0.093278
MDMin:  613 03:21:07    -2397.457488        0.093506
MDMin:  614 03:21:10    -2397.457493        0.093730
MDMin:  615 03:21:11    -2397.457498        0.093949
MDMin:  616 03:21:13    -2397.457504        0.094163
MDMin:  617 03:21:14    -2397.457509        0.094417
MDMin:  618 03:21:16    -2397.457514        0.095590
MDMin:  619 03:21:18    -2397.457520        0.096768
MDMin:  620 03:21:20    -2397.457525        0.097933
MDMin:  621 03:21:22    -2397.457530        0.099062
MDMin:  622 03:21:23    -2397.457536        0.100128
MDMin:  623 03:21:25    -2397.457541        0.101100
MDMin:  624 03:21:27    -2397.457547        0.101942
MDMin:  625 03:21:28    -2397.457552        0.102614
MDMin:  626 03:21:30    -2397.457558        0.103074
MDMin:  627 03:21:32    -2397.457563        0.103276
MDMin:  628 03:21:34    -2397.457569        0.103175
MDMin:  629 03:21:35    -2397.457575        0.102727
MDMin:  630 03:21:37    -2397.457580        0.101891
MDMin:  631 03:21:39    -2397.457586        0.100636
MDMin:  632 03:21:41    -2397.457592        0.099130
MDMin:  633 03:21:43    -2397.457598        0.099497
MDMin:  634 03:21:45    -2397.457603        0.099870
MDMin:  635 03:21:47    -2397.457609        0.100252
MDMin:  636 03:21:48    -2397.457615        0.100639
MDMin:  637 03:21:50    -2397.457621        0.101035
MDMin:  638 03:21:52    -2397.457627        0.101433
MDMin:  639 03:21:54    -2397.457633        0.101838
MDMin:  640 03:21:56    -2397.457639        0.102223
MDMin:  641 03:21:57    -2397.457645        0.102573
MDMin:  642 03:22:00    -2397.457649        0.102818
MDMin:  643 03:22:02    -2397.457652        0.102998
MDMin:  644 03:22:03    -2397.457655        0.103159
MDMin:  645 03:22:05    -2397.457657        0.103324
MDMin:  646 03:22:06    -2397.457660        0.103493
MDMin:  647 03:22:08    -2397.457663        0.103666
MDMin:  648 03:22:09    -2397.457666        0.103844
MDMin:  649 03:22:11    -2397.457670        0.104026
MDMin:  650 03:22:12    -2397.457673        0.104211
MDMin:  651 03:22:13    -2397.457676        0.104399
MDMin:  652 03:22:14    -2397.457679        0.104589
MDMin:  653 03:22:16    -2397.457683        0.104782
MDMin:  654 03:22:18    -2397.457686        0.104980
MDMin:  655 03:22:20    -2397.457689        0.105182
MDMin:  656 03:22:22    -2397.457693        0.105388
MDMin:  657 03:22:23    -2397.457697        0.105598
MDMin:  658 03:22:24    -2397.457700        0.105812
MDMin:  659 03:22:26    -2397.457704        0.106028
MDMin:  660 03:22:27    -2397.457708        0.106247
MDMin:  661 03:22:28    -2397.457712        0.106467
MDMin:  662 03:22:29    -2397.457716        0.106687
MDMin:  663 03:22:30    -2397.457720        0.106907
MDMin:  664 03:22:32    -2397.457724        0.107126
MDMin:  665 03:22:35    -2397.457728        0.107343
MDMin:  666 03:22:37    -2397.457732        0.107557
MDMin:  667 03:22:39    -2397.457736        0.107766
MDMin:  668 03:22:41    -2397.457741        0.107971
MDMin:  669 03:22:42    -2397.457745        0.108168
MDMin:  670 03:22:44    -2397.457750        0.108358
MDMin:  671 03:22:45    -2397.457754        0.108539
MDMin:  672 03:22:47    -2397.457759        0.108709
MDMin:  673 03:22:48    -2397.457763        0.108866
MDMin:  674 03:22:50    -2397.457768        0.109011
MDMin:  675 03:22:52    -2397.457773        0.109140
MDMin:  676 03:22:54    -2397.457778        0.109253
MDMin:  677 03:22:55    -2397.457783        0.109347
MDMin:  678 03:22:56    -2397.457788        0.109422
MDMin:  679 03:22:58    -2397.457793        0.109475
MDMin:  680 03:22:59    -2397.457798        0.109504
MDMin:  681 03:23:00    -2397.457803        0.109509
MDMin:  682 03:23:01    -2397.457808        0.109488
MDMin:  683 03:23:03    -2397.457813        0.109438
MDMin:  684 03:23:05    -2397.457819        0.109358
MDMin:  685 03:23:07    -2397.457824        0.109247
MDMin:  686 03:23:09    -2397.457830        0.109102
MDMin:  687 03:23:11    -2397.457835        0.108923
MDMin:  688 03:23:13    -2397.457841        0.108707
MDMin:  689 03:23:14    -2397.457846        0.108453
MDMin:  690 03:23:16    -2397.457852        0.108160
MDMin:  691 03:23:17    -2397.457858        0.107825
MDMin:  692 03:23:19    -2397.457863        0.107460
MDMin:  693 03:23:21    -2397.457868        0.107117
MDMin:  694 03:23:23    -2397.457871        0.106857
MDMin:  695 03:23:25    -2397.457873        0.106632
MDMin:  696 03:23:27    -2397.457876        0.106403
MDMin:  697 03:23:29    -2397.457878        0.106163
MDMin:  698 03:23:31    -2397.457881        0.105911
MDMin:  699 03:23:33    -2397.457883        0.105648
MDMin:  700 03:23:34    -2397.457886        0.105372
MDMin:  701 03:23:36    -2397.457889        0.105082
MDMin:  702 03:23:38    -2397.457892        0.104779
MDMin:  703 03:23:40    -2397.457894        0.104461
MDMin:  704 03:23:42    -2397.457897        0.104129
MDMin:  705 03:23:43    -2397.457900        0.103781
MDMin:  706 03:23:44    -2397.457903        0.103418
MDMin:  707 03:23:46    -2397.457906        0.103038
MDMin:  708 03:23:47    -2397.457909        0.102641
MDMin:  709 03:23:48    -2397.457913        0.102226
MDMin:  710 03:23:50    -2397.457916        0.101794
MDMin:  711 03:23:51    -2397.457919        0.101342
MDMin:  712 03:23:52    -2397.457922        0.100872
MDMin:  713 03:23:53    -2397.457926        0.100381
MDMin:  714 03:23:54    -2397.457929        0.099870
MDMin:  715 03:23:55    -2397.457933        0.099338
MDMin:  716 03:23:57    -2397.457936        0.098785
MDMin:  717 03:23:58    -2397.457940        0.098209
MDMin:  718 03:23:59    -2397.457944        0.097611
MDMin:  719 03:24:00    -2397.457947        0.096989
MDMin:  720 03:24:01    -2397.457951        0.096344
MDMin:  721 03:24:03    -2397.457955        0.095673
MDMin:  722 03:24:05    -2397.457959        0.094978
MDMin:  723 03:24:07    -2397.457963        0.094257
MDMin:  724 03:24:08    -2397.457967        0.093509
MDMin:  725 03:24:09    -2397.457971        0.092735
MDMin:  726 03:24:10    -2397.457975        0.091933
MDMin:  727 03:24:12    -2397.457979        0.091103
MDMin:  728 03:24:13    -2397.457984        0.090244
MDMin:  729 03:24:15    -2397.457988        0.089356
MDMin:  730 03:24:16    -2397.457992        0.088439
MDMin:  731 03:24:17    -2397.457997        0.087492
MDMin:  732 03:24:18    -2397.458001        0.086514
MDMin:  733 03:24:19    -2397.458006        0.085506
MDMin:  734 03:24:21    -2397.458011        0.084466
MDMin:  735 03:24:23    -2397.458015        0.083395
MDMin:  736 03:24:24    -2397.458020        0.082292
MDMin:  737 03:24:26    -2397.458025        0.081157
MDMin:  738 03:24:27    -2397.458030        0.079990
MDMin:  739 03:24:29    -2397.458035        0.078791
MDMin:  740 03:24:31    -2397.458040        0.077559
MDMin:  741 03:24:33    -2397.458045        0.076294
MDMin:  742 03:24:35    -2397.458051        0.074997
MDMin:  743 03:24:36    -2397.458056        0.073668
MDMin:  744 03:24:38    -2397.458061        0.072306
MDMin:  745 03:24:40    -2397.458067        0.070913
MDMin:  746 03:24:42    -2397.458072        0.069490
MDMin:  747 03:24:44    -2397.458078        0.068039
MDMin:  748 03:24:46    -2397.458084        0.066575
MDMin:  749 03:24:48    -2397.458089        0.066594
MDMin:  750 03:24:50    -2397.458094        0.084980
MDMin:  751 03:24:52    -2397.458096        0.063490
MDMin:  752 03:24:53    -2397.458098        0.062984
MDMin:  753 03:24:55    -2397.458100        0.062467
MDMin:  754 03:24:57    -2397.458102        0.061937
MDMin:  755 03:24:58    -2397.458104        0.061393
MDMin:  756 03:25:00    -2397.458106        0.060836
MDMin:  757 03:25:02    -2397.458108        0.060265
MDMin:  758 03:25:03    -2397.458110        0.059682
MDMin:  759 03:25:04    -2397.458113        0.059085
MDMin:  760 03:25:05    -2397.458115        0.058475
MDMin:  761 03:25:06    -2397.458118        0.057851
MDMin:  762 03:25:07    -2397.458120        0.057214
MDMin:  763 03:25:08    -2397.458123        0.056565
MDMin:  764 03:25:10    -2397.458125        0.055902
MDMin:  765 03:25:12    -2397.458128        0.055227
MDMin:  766 03:25:14    -2397.458130        0.054538
MDMin:  767 03:25:16    -2397.458133        0.053837
MDMin:  768 03:25:18    -2397.458136        0.053123
MDMin:  769 03:25:19    -2397.458139        0.052397
MDMin:  770 03:25:21    -2397.458142        0.051659
MDMin:  771 03:25:23    -2397.458145        0.050908
MDMin:  772 03:25:25    -2397.458148        0.050145
MDMin:  773 03:25:27    -2397.458151        0.049371
