       Step     Time          Energy          fmax
MDMin:    0 02:50:10    -2393.658795        7.301394
MDMin:    1 02:50:13    -2393.661326        7.048105
MDMin:    2 02:50:15    -2393.668635        7.271683
MDMin:    3 02:50:17    -2393.679891        6.902830
MDMin:    4 02:50:19    -2393.694054        6.138076
MDMin:    5 02:50:20    -2393.709965        5.574328
MDMin:    6 02:50:23    -2393.726720        4.685798
MDMin:    7 02:50:24    -2393.743274        4.935256
MDMin:    8 02:50:26    -2393.758707        2.592378
MDMin:    9 02:50:27    -2393.776344        3.653928
MDMin:   10 02:50:29    -2393.793119        3.196702
MDMin:   11 02:50:32    -2393.811225        1.471598
MDMin:   12 02:50:34    -2393.836490        1.844651
MDMin:   13 02:50:35    -2393.861440        2.269079
MDMin:   14 02:50:37    -2393.882669        2.329831
MDMin:   15 02:50:40    -2393.903725        2.060790
MDMin:   16 02:50:41    -2393.930375        1.847036
MDMin:   17 02:50:42    -2393.967346        1.489505
MDMin:   18 02:50:44    -2394.021125        1.244596
MDMin:   19 02:50:45    -2394.099891        1.263584
MDMin:   20 02:50:47    -2394.214666        1.374003
MDMin:   21 02:50:49    -2394.379890        1.654018
MDMin:   22 02:50:50    -2394.609936        2.041145
MDMin:   23 02:50:53    -2394.919834        2.527814
MDMin:   24 02:50:55    -2395.246791        3.240804
MDMin:   25 02:50:57    -2395.541239        3.137274
MDMin:   26 02:50:59    -2395.828217        2.441751
MDMin:   27 02:51:01    -2395.961832        2.382716
MDMin:   28 02:51:02    -2396.120277        2.032389
MDMin:   29 02:51:04    -2396.288425        1.641531
MDMin:   30 02:51:05    -2396.435312        1.800039
MDMin:   31 02:51:07    -2396.512825        1.596729
MDMin:   32 02:51:08    -2396.566309        1.594274
MDMin:   33 02:51:09    -2396.624946        1.592996
MDMin:   34 02:51:11    -2396.691972        1.589824
MDMin:   35 02:51:13    -2396.767853        1.578042
MDMin:   36 02:51:15    -2396.852153        1.546141
MDMin:   37 02:51:16    -2396.942886        1.479487
MDMin:   38 02:51:18    -2397.035858        1.365654
MDMin:   39 02:51:20    -2397.075098        1.226536
MDMin:   40 02:51:23    -2397.094742        1.086738
MDMin:   41 02:51:25    -2397.116140        0.949808
MDMin:   42 02:51:26    -2397.138790        0.826306
MDMin:   43 02:51:28    -2397.159038        1.354134
MDMin:   44 02:51:30    -2397.166206        0.705698
MDMin:   45 02:51:32    -2397.172243        0.683014
MDMin:   46 02:51:33    -2397.179390        0.656712
MDMin:   47 02:51:35    -2397.187652        0.627143
MDMin:   48 02:51:36    -2397.197061        0.594674
MDMin:   49 02:51:37    -2397.207655        0.565201
MDMin:   50 02:51:39    -2397.219482        0.570256
MDMin:   51 02:51:41    -2397.232596        0.576432
MDMin:   52 02:51:43    -2397.247055        0.583873
MDMin:   53 02:51:45    -2397.262922        0.592613
MDMin:   54 02:51:47    -2397.280256        0.602530
MDMin:   55 02:51:49    -2397.299109        0.613460
MDMin:   56 02:51:50    -2397.319523        0.625108
MDMin:   57 02:51:51    -2397.341534        0.637062
MDMin:   58 02:51:52    -2397.365162        0.648833
MDMin:   59 02:51:54    -2397.381190        0.871625
MDMin:   60 02:51:56    -2397.381795        0.801829
MDMin:   61 02:51:57    -2397.382455        0.711938
MDMin:   62 02:51:59    -2397.383168        0.607952
MDMin:   63 02:52:00    -2397.383920        0.528786
MDMin:   64 02:52:01    -2397.384656        0.564483
MDMin:   65 02:52:02    -2397.385223        0.627168
MDMin:   66 02:52:03    -2397.385577        0.640066
MDMin:   67 02:52:04    -2397.385932        0.669452
MDMin:   68 02:52:05    -2397.386326        0.701888
MDMin:   69 02:52:06    -2397.386764        0.736741
MDMin:   70 02:52:08    -2397.387248        0.772170
MDMin:   71 02:52:09    -2397.387778        0.804891
MDMin:   72 02:52:10    -2397.388357        0.829718
MDMin:   73 02:52:12    -2397.388989        0.839382
MDMin:   74 02:52:13    -2397.389680        0.825422
MDMin:   75 02:52:15    -2397.390438        0.781054
MDMin:   76 02:52:16    -2397.391275        0.706169
MDMin:   77 02:52:17    -2397.392200        0.732145
MDMin:   78 02:52:19    -2397.393205        0.777226
MDMin:   79 02:52:21    -2397.394217        0.827807
MDMin:   80 02:52:22    -2397.394996        0.871236
MDMin:   81 02:52:24    -2397.395443        0.897574
MDMin:   82 02:52:25    -2397.395896        0.924695
MDMin:   83 02:52:26    -2397.396409        0.955102
MDMin:   84 02:52:28    -2397.396989        0.987494
MDMin:   85 02:52:30    -2397.397636        1.019003
MDMin:   86 02:52:32    -2397.398354        1.044721
MDMin:   87 02:52:34    -2397.399149        1.057114
MDMin:   88 02:52:35    -2397.400026        1.046298
MDMin:   89 02:52:36    -2397.400997        1.002740
MDMin:   90 02:52:37    -2397.402076        0.923415
MDMin:   91 02:52:39    -2397.403275        0.815870
MDMin:   92 02:52:41    -2397.404602        0.696916
MDMin:   93 02:52:43    -2397.406053        0.584198
MDMin:   94 02:52:44    -2397.407599        0.488464
MDMin:   95 02:52:45    -2397.407739        0.536870
MDMin:   96 02:52:47    -2397.408098        0.516197
MDMin:   97 02:52:49    -2397.408258        0.506886
MDMin:   98 02:52:51    -2397.408436        0.511643
MDMin:   99 02:52:52    -2397.408626        0.517984
MDMin:  100 02:52:54    -2397.408823        0.526397
MDMin:  101 02:52:56    -2397.409024        0.537530
MDMin:  102 02:52:58    -2397.409225        0.552235
MDMin:  103 02:53:00    -2397.409423        0.571596
MDMin:  104 02:53:02    -2397.409616        0.596932
MDMin:  105 02:53:04    -2397.409802        0.629696
MDMin:  106 02:53:06    -2397.409982        0.671178
MDMin:  107 02:53:08    -2397.410154        0.721928
MDMin:  108 02:53:10    -2397.410319        0.780932
MDMin:  109 02:53:12    -2397.410478        0.844839
MDMin:  110 02:53:13    -2397.410632        0.907522
MDMin:  111 02:53:15    -2397.410783        0.959728
MDMin:  112 02:53:16    -2397.410933        0.989043
MDMin:  113 02:53:17    -2397.411085        0.983514
MDMin:  114 02:53:18    -2397.411240        0.941001
MDMin:  115 02:53:20    -2397.411400        0.875278
MDMin:  116 02:53:21    -2397.411558        0.808370
MDMin:  117 02:53:23    -2397.411693        0.852469
MDMin:  118 02:53:24    -2397.411775        0.886999
MDMin:  119 02:53:26    -2397.411839        0.911854
MDMin:  120 02:53:28    -2397.411909        0.934468
MDMin:  121 02:53:30    -2397.411987        0.952910
MDMin:  122 02:53:31    -2397.412073        0.963403
MDMin:  123 02:53:33    -2397.412167        0.975084
MDMin:  124 02:53:35    -2397.412272        0.998105
MDMin:  125 02:53:37    -2397.412387        1.003198
MDMin:  126 02:53:38    -2397.412515        0.984941
MDMin:  127 02:53:40    -2397.412657        0.941605
MDMin:  128 02:53:42    -2397.412818        0.876570
MDMin:  129 02:53:43    -2397.412999        0.798177
MDMin:  130 02:53:44    -2397.413203        0.764649
MDMin:  131 02:53:46    -2397.413426        0.776545
MDMin:  132 02:53:47    -2397.413631        0.969805
MDMin:  133 02:53:48    -2397.413720        0.783526
MDMin:  134 02:53:49    -2397.413790        0.783528
MDMin:  135 02:53:50    -2397.413872        0.782855
MDMin:  136 02:53:52    -2397.413968        0.781070
MDMin:  137 02:53:53    -2397.414079        0.777535
MDMin:  138 02:53:55    -2397.414205        0.771308
MDMin:  139 02:53:57    -2397.414348        0.761053
MDMin:  140 02:53:59    -2397.414509        0.745132
MDMin:  141 02:54:01    -2397.414691        0.722086
MDMin:  142 02:54:03    -2397.414895        0.691553
MDMin:  143 02:54:04    -2397.415124        0.655165
MDMin:  144 02:54:06    -2397.415382        0.616576
MDMin:  145 02:54:07    -2397.415670        0.580156
MDMin:  146 02:54:09    -2397.415993        0.549088
MDMin:  147 02:54:11    -2397.416352        0.524357
MDMin:  148 02:54:13    -2397.416749        0.529269
MDMin:  149 02:54:14    -2397.417182        0.567113
MDMin:  150 02:54:15    -2397.417600        0.717865
MDMin:  151 02:54:17    -2397.417802        0.613493
MDMin:  152 02:54:19    -2397.417899        0.618974
MDMin:  153 02:54:21    -2397.418022        0.625137
MDMin:  154 02:54:22    -2397.418168        0.631213
MDMin:  155 02:54:23    -2397.418338        0.636521
MDMin:  156 02:54:25    -2397.418533        0.640199
MDMin:  157 02:54:26    -2397.418756        0.641208
MDMin:  158 02:54:27    -2397.419008        0.638377
MDMin:  159 02:54:29    -2397.419292        0.630503
MDMin:  160 02:54:30    -2397.419611        0.616551
MDMin:  161 02:54:32    -2397.419969        0.595881
MDMin:  162 02:54:34    -2397.420370        0.568475
MDMin:  163 02:54:35    -2397.420818        0.535055
MDMin:  164 02:54:37    -2397.421317        0.497011
MDMin:  165 02:54:39    -2397.421871        0.492632
MDMin:  166 02:54:41    -2397.422486        0.502641
MDMin:  167 02:54:43    -2397.423166        0.513749
MDMin:  168 02:54:44    -2397.423912        0.525308
MDMin:  169 02:54:46    -2397.424730        0.535954
MDMin:  170 02:54:48    -2397.425619        0.543426
MDMin:  171 02:54:49    -2397.426570        0.544980
MDMin:  172 02:54:51    -2397.427470        0.764930
MDMin:  173 02:54:53    -2397.427820        0.536350
MDMin:  174 02:54:54    -2397.427998        0.534283
MDMin:  175 02:54:55    -2397.428228        0.531376
MDMin:  176 02:54:57    -2397.428502        0.527606
MDMin:  177 02:54:58    -2397.428820        0.522868
MDMin:  178 02:55:00    -2397.429183        0.517084
MDMin:  179 02:55:01    -2397.429594        0.510232
MDMin:  180 02:55:03    -2397.430054        0.502355
MDMin:  181 02:55:04    -2397.430564        0.493570
MDMin:  182 02:55:05    -2397.431127        0.484070
MDMin:  183 02:55:07    -2397.431743        0.474106
MDMin:  184 02:55:09    -2397.432417        0.463956
MDMin:  185 02:55:11    -2397.433148        0.453908
MDMin:  186 02:55:13    -2397.433939        0.444205
MDMin:  187 02:55:15    -2397.434793        0.435016
MDMin:  188 02:55:16    -2397.435634        0.426384
MDMin:  189 02:55:18    -2397.436405        0.418384
MDMin:  190 02:55:20    -2397.436356        0.410989
MDMin:  191 02:55:21    -2397.437219        0.403594
MDMin:  192 02:55:22    -2397.438031        0.395722
MDMin:  193 02:55:24    -2397.438736        0.464702
MDMin:  194 02:55:25    -2397.439081        0.473786
MDMin:  195 02:55:27    -2397.439180        0.381759
MDMin:  196 02:55:28    -2397.439320        0.379728
MDMin:  197 02:55:30    -2397.439487        0.377258
MDMin:  198 02:55:32    -2397.439678        0.374362
MDMin:  199 02:55:34    -2397.439892        0.371035
MDMin:  200 02:55:35    -2397.440129        0.367280
MDMin:  201 02:55:36    -2397.440385        0.363106
MDMin:  202 02:55:38    -2397.440660        0.358535
MDMin:  203 02:55:40    -2397.440953        0.353604
MDMin:  204 02:55:42    -2397.441261        0.348368
MDMin:  205 02:55:44    -2397.441584        0.342906
MDMin:  206 02:55:46    -2397.441920        0.337346
MDMin:  207 02:55:48    -2397.442266        0.331871
MDMin:  208 02:55:49    -2397.442621        0.330712
MDMin:  209 02:55:50    -2397.442984        0.330116
MDMin:  210 02:55:52    -2397.443352        0.329789
MDMin:  211 02:55:53    -2397.443724        0.329821
MDMin:  212 02:55:55    -2397.444096        0.330322
MDMin:  213 02:55:57    -2397.444466        0.331422
MDMin:  214 02:55:59    -2397.444826        0.333237
MDMin:  215 02:56:01    -2397.445126        0.486896
MDMin:  216 02:56:02    -2397.445236        0.336453
MDMin:  217 02:56:04    -2397.445315        0.337242
MDMin:  218 02:56:05    -2397.445406        0.338229
MDMin:  219 02:56:07    -2397.445507        0.339453
MDMin:  220 02:56:08    -2397.445620        0.340955
MDMin:  221 02:56:09    -2397.445742        0.342784
MDMin:  222 02:56:10    -2397.445873        0.344999
MDMin:  223 02:56:12    -2397.446013        0.347665
MDMin:  224 02:56:14    -2397.446159        0.350858
MDMin:  225 02:56:16    -2397.446311        0.354661
MDMin:  226 02:56:18    -2397.446469        0.359167
MDMin:  227 02:56:20    -2397.446630        0.364477
MDMin:  228 02:56:21    -2397.446795        0.370692
MDMin:  229 02:56:23    -2397.446962        0.377909
MDMin:  230 02:56:25    -2397.447130        0.386197
MDMin:  231 02:56:26    -2397.447299        0.395573
MDMin:  232 02:56:27    -2397.447469        0.405942
MDMin:  233 02:56:29    -2397.447638        0.417020
MDMin:  234 02:56:30    -2397.447807        0.428227
MDMin:  235 02:56:32    -2397.447972        0.438488
MDMin:  236 02:56:34    -2397.448113        0.461719
MDMin:  237 02:56:36    -2397.448179        0.448683
MDMin:  238 02:56:38    -2397.448223        0.450250
MDMin:  239 02:56:39    -2397.448273        0.451770
MDMin:  240 02:56:40    -2397.448331        0.453080
MDMin:  241 02:56:42    -2397.448397        0.454000
MDMin:  242 02:56:43    -2397.448469        0.454338
MDMin:  243 02:56:44    -2397.448549        0.453907
MDMin:  244 02:56:46    -2397.448636        0.452549
MDMin:  245 02:56:48    -2397.448732        0.450159
MDMin:  246 02:56:49    -2397.448835        0.446709
MDMin:  247 02:56:51    -2397.448948        0.442257
MDMin:  248 02:56:53    -2397.449071        0.436940
MDMin:  249 02:56:55    -2397.449204        0.430955
MDMin:  250 02:56:57    -2397.449349        0.424518
MDMin:  251 02:56:58    -2397.449508        0.417825
MDMin:  252 02:57:00    -2397.449682        0.411029
MDMin:  253 02:57:02    -2397.449600        0.404180
MDMin:  254 02:57:04    -2397.450037        0.398427
MDMin:  255 02:57:06    -2397.450469        0.392397
MDMin:  256 02:57:08    -2397.450892        0.386135
MDMin:  257 02:57:09    -2397.451298        0.379855
MDMin:  258 02:57:11    -2397.451600        0.464698
MDMin:  259 02:57:13    -2397.451712        0.372794
MDMin:  260 02:57:14    -2397.451841        0.370485
MDMin:  261 02:57:15    -2397.451987        0.367885
MDMin:  262 02:57:16    -2397.452151        0.365006
MDMin:  263 02:57:18    -2397.452332        0.361858
MDMin:  264 02:57:19    -2397.452531        0.360469
MDMin:  265 02:57:21    -2397.452746        0.361154
MDMin:  266 02:57:23    -2397.452979        0.361963
MDMin:  267 02:57:24    -2397.453229        0.362938
MDMin:  268 02:57:25    -2397.453495        0.364130
MDMin:  269 02:57:27    -2397.453776        0.365592
MDMin:  270 02:57:29    -2397.454074        0.367375
MDMin:  271 02:57:31    -2397.454259        0.369515
MDMin:  272 02:57:33    -2397.453486        0.371590
MDMin:  273 02:57:34    -2397.453862        0.373716
MDMin:  274 02:57:36    -2397.454212        0.376046
MDMin:  275 02:57:37    -2397.454262        0.378424
MDMin:  276 02:57:39    -2397.453938        0.380026
MDMin:  277 02:57:41    -2397.454108        0.380987
MDMin:  278 02:57:43    -2397.454263        0.381950
MDMin:  279 02:57:45    -2397.454303        0.383017
MDMin:  280 02:57:47    -2397.454054        0.384034
MDMin:  281 02:57:48    -2397.454237        0.385083
MDMin:  282 02:57:50    -2397.454327        0.386240
MDMin:  283 02:57:52    -2397.454025        0.387327
MDMin:  284 02:57:53    -2397.454231        0.388426
MDMin:  285 02:57:55    -2397.454356        0.389622
MDMin:  286 02:57:56    -2397.454020        0.390737
MDMin:  287 02:57:58    -2397.454242        0.391856
MDMin:  288 02:57:59    -2397.454387        0.393074
MDMin:  289 02:58:00    -2397.454032        0.394223
MDMin:  290 02:58:02    -2397.454267        0.395394
MDMin:  291 02:58:03    -2397.454419        0.396696
MDMin:  292 02:58:04    -2397.454057        0.397980
MDMin:  293 02:58:05    -2397.454301        0.399355
MDMin:  294 02:58:07    -2397.454450        0.400963
MDMin:  295 02:58:08    -2397.454090        0.402636
MDMin:  296 02:58:10    -2397.454340        0.404494
MDMin:  297 02:58:12    -2397.454479        0.406720
MDMin:  298 02:58:14    -2397.454130        0.409143
MDMin:  299 02:58:16    -2397.454384        0.411924
MDMin:  300 02:58:18    -2397.454505        0.415325
MDMin:  301 02:58:19    -2397.454173        0.419088
MDMin:  302 02:58:21    -2397.454428        0.423409
MDMin:  303 02:58:22    -2397.454527        0.428623
MDMin:  304 02:58:23    -2397.454220        0.434371
MDMin:  305 02:58:24    -2397.454470        0.440859
MDMin:  306 02:58:26    -2397.454546        0.448383
MDMin:  307 02:58:28    -2397.454293        0.456190
MDMin:  308 02:58:30    -2397.454494        0.463871
MDMin:  309 02:58:31    -2397.454570        0.471116
MDMin:  310 02:58:33    -2397.454407        0.477619
MDMin:  311 02:58:35    -2397.454534        0.484295
MDMin:  312 02:58:36    -2397.454577        0.491831
MDMin:  313 02:58:38    -2397.454416        0.500081
MDMin:  314 02:58:40    -2397.454557        0.509324
MDMin:  315 02:58:42    -2397.454577        0.519898
MDMin:  316 02:58:44    -2397.454424        0.531443
MDMin:  317 02:58:46    -2397.454579        0.544168
MDMin:  318 02:58:48    -2397.454578        0.558308
MDMin:  319 02:58:50    -2397.454436        0.573233
MDMin:  320 02:58:51    -2397.454596        0.588796
MDMin:  321 02:58:54    -2397.454578        0.604657
MDMin:  322 02:58:55    -2397.454455        0.619467
MDMin:  323 02:58:57    -2397.454602        0.632245
MDMin:  324 02:58:58    -2397.454584        0.642038
MDMin:  325 02:58:59    -2397.454510        0.648280
MDMin:  326 02:59:01    -2397.454604        0.651760
MDMin:  327 02:59:03    -2397.454592        0.653269
MDMin:  328 02:59:05    -2397.454516        0.652972
MDMin:  329 02:59:07    -2397.454602        0.650776
MDMin:  330 02:59:08    -2397.454592        0.646465
MDMin:  331 02:59:10    -2397.454495        0.639969
MDMin:  332 02:59:12    -2397.454588        0.631282
MDMin:  333 02:59:14    -2397.454594        0.620508
MDMin:  334 02:59:16    -2397.454471        0.608199
MDMin:  335 02:59:17    -2397.454557        0.595087
MDMin:  336 02:59:18    -2397.454606        0.582295
MDMin:  337 02:59:20    -2397.454476        0.571073
MDMin:  338 02:59:21    -2397.454524        0.561172
MDMin:  339 02:59:22    -2397.454562        0.551514
MDMin:  340 02:59:24    -2397.454597        0.541481
MDMin:  341 02:59:26    -2397.454596        0.530858
MDMin:  342 02:59:27    -2397.454485        0.519694
MDMin:  343 02:59:28    -2397.454524        0.507899
MDMin:  344 02:59:29    -2397.454553        0.495448
MDMin:  345 02:59:31    -2397.454575        0.482477
MDMin:  346 02:59:34    -2397.454588        0.469490
MDMin:  347 02:59:36    -2397.454584        0.457572
MDMin:  348 02:59:38    -2397.454480        0.447736
MDMin:  349 02:59:39    -2397.454486        0.438956
MDMin:  350 02:59:41    -2397.454487        0.429899
MDMin:  351 02:59:43    -2397.454485        0.420064
MDMin:  352 02:59:45    -2397.454479        0.409313
MDMin:  353 02:59:47    -2397.454469        0.397636
MDMin:  354 02:59:49    -2397.454453        0.385115
MDMin:  355 02:59:51    -2397.454433        0.371970
MDMin:  356 02:59:53    -2397.454407        0.358726
MDMin:  357 02:59:54    -2397.454379        0.346556
MDMin:  358 02:59:56    -2397.454353        0.337046
MDMin:  359 02:59:58    -2397.454332        0.329877
MDMin:  360 02:59:59    -2397.454310        0.323078
MDMin:  361 03:00:00    -2397.454286        0.315947
MDMin:  362 03:00:01    -2397.454257        0.308398
MDMin:  363 03:00:03    -2397.454224        0.300485
MDMin:  364 03:00:05    -2397.454187        0.292313
MDMin:  365 03:00:07    -2397.454145        0.284021
MDMin:  366 03:00:08    -2397.454099        0.275798
MDMin:  367 03:00:10    -2397.454049        0.267938
MDMin:  368 03:00:12    -2397.453999        0.260995
MDMin:  369 03:00:14    -2397.453957        0.255793
MDMin:  370 03:00:17    -2397.453927        0.252314
MDMin:  371 03:00:18    -2397.453899        0.249261
MDMin:  372 03:00:20    -2397.453868        0.246159
MDMin:  373 03:00:22    -2397.453833        0.242986
MDMin:  374 03:00:24    -2397.453795        0.239797
MDMin:  375 03:00:25    -2397.453753        0.236677
MDMin:  376 03:00:26    -2397.453707        0.233715
MDMin:  377 03:00:28    -2397.453658        0.231005
MDMin:  378 03:00:30    -2397.453606        0.228646
MDMin:  379 03:00:31    -2397.453552        0.226741
MDMin:  380 03:00:33    -2397.453499        0.225391
MDMin:  381 03:00:35    -2397.453454        0.224627
MDMin:  382 03:00:37    -2397.453423        0.224290
MDMin:  383 03:00:39    -2397.453397        0.224139
MDMin:  384 03:00:41    -2397.453370        0.224122
MDMin:  385 03:00:42    -2397.453340        0.224276
MDMin:  386 03:00:43    -2397.453308        0.224650
MDMin:  387 03:00:44    -2397.453274        0.225299
MDMin:  388 03:00:46    -2397.453237        0.226281
MDMin:  389 03:00:48    -2397.453198        0.227654
MDMin:  390 03:00:50    -2397.453158        0.229472
MDMin:  391 03:00:51    -2397.453116        0.231784
MDMin:  392 03:00:53    -2397.453074        0.234606
MDMin:  393 03:00:55    -2397.453034        0.237846
MDMin:  394 03:00:57    -2397.452999        0.241085
MDMin:  395 03:00:59    -2397.452974        0.243601
MDMin:  396 03:01:00    -2397.452956        0.245577
MDMin:  397 03:01:02    -2397.452938        0.247682
MDMin:  398 03:01:04    -2397.452918        0.250101
MDMin:  399 03:01:05    -2397.452897        0.252886
MDMin:  400 03:01:07    -2397.452876        0.256064
MDMin:  401 03:01:08    -2397.452853        0.259657
MDMin:  402 03:01:10    -2397.452829        0.263672
MDMin:  403 03:01:12    -2397.452805        0.268110
MDMin:  404 03:01:15    -2397.452781        0.272950
MDMin:  405 03:01:17    -2397.452757        0.278142
MDMin:  406 03:01:19    -2397.452734        0.283576
MDMin:  407 03:01:20    -2397.452713        0.288987
MDMin:  408 03:01:22    -2397.452695        0.293736
MDMin:  409 03:01:23    -2397.452683        0.297168
MDMin:  410 03:01:25    -2397.452674        0.299860
MDMin:  411 03:01:27    -2397.452664        0.302574
MDMin:  412 03:01:29    -2397.452655        0.305486
MDMin:  413 03:01:30    -2397.452645        0.308602
MDMin:  414 03:01:31    -2397.452635        0.311886
MDMin:  415 03:01:33    -2397.452625        0.315284
MDMin:  416 03:01:35    -2397.452615        0.318720
MDMin:  417 03:01:36    -2397.452605        0.322098
MDMin:  418 03:01:38    -2397.452596        0.325283
MDMin:  419 03:01:40    -2397.452587        0.328093
MDMin:  420 03:01:41    -2397.452579        0.330279
MDMin:  421 03:01:43    -2397.452573        0.331550
MDMin:  422 03:01:45    -2397.452568        0.331769
MDMin:  423 03:01:47    -2397.452565        0.331252
MDMin:  424 03:01:49    -2397.452562        0.330300
MDMin:  425 03:01:50    -2397.452560        0.328799
MDMin:  426 03:01:51    -2397.452558        0.326519
MDMin:  427 03:01:52    -2397.452556        0.323189
MDMin:  428 03:01:54    -2397.452555        0.318496
MDMin:  429 03:01:56    -2397.452554        0.312092
MDMin:  430 03:01:57    -2397.452553        0.303625
MDMin:  431 03:01:58    -2397.452553        0.292787
MDMin:  432 03:02:00    -2397.452554        0.279422
MDMin:  433 03:02:01    -2397.452555        0.283135
MDMin:  434 03:02:03    -2397.452557        0.293125
MDMin:  435 03:02:04    -2397.452559        0.300369
MDMin:  436 03:02:05    -2397.452561        0.304754
MDMin:  437 03:02:07    -2397.452563        0.307907
MDMin:  438 03:02:09    -2397.452565        0.310768
MDMin:  439 03:02:11    -2397.452568        0.313439
MDMin:  440 03:02:13    -2397.452571        0.315820
MDMin:  441 03:02:14    -2397.452575        0.317779
MDMin:  442 03:02:16    -2397.452579        0.319191
MDMin:  443 03:02:18    -2397.452584        0.319961
MDMin:  444 03:02:20    -2397.452590        0.320047
MDMin:  445 03:02:21    -2397.452597        0.319479
MDMin:  446 03:02:23    -2397.452604        0.318381
MDMin:  447 03:02:25    -2397.452611        0.317014
MDMin:  448 03:02:26    -2397.452616        0.315768
MDMin:  449 03:02:27    -2397.452620        0.314741
MDMin:  450 03:02:29    -2397.452625        0.313775
MDMin:  451 03:02:30    -2397.452630        0.312855
MDMin:  452 03:02:31    -2397.452636        0.312028
MDMin:  453 03:02:32    -2397.452642        0.311364
MDMin:  454 03:02:33    -2397.452650        0.310949
MDMin:  455 03:02:34    -2397.452657        0.310884
MDMin:  456 03:02:36    -2397.452666        0.311281
MDMin:  457 03:02:37    -2397.452676        0.312254
MDMin:  458 03:02:39    -2397.452686        0.313884
MDMin:  459 03:02:41    -2397.452696        0.316119
MDMin:  460 03:02:42    -2397.452705        0.318573
MDMin:  461 03:02:44    -2397.452713        0.320704
MDMin:  462 03:02:46    -2397.452719        0.322686
MDMin:  463 03:02:48    -2397.452725        0.324959
MDMin:  464 03:02:50    -2397.452732        0.327726
MDMin:  465 03:02:51    -2397.452739        0.331093
MDMin:  466 03:02:52    -2397.452747        0.335134
MDMin:  467 03:02:53    -2397.452756        0.339913
MDMin:  468 03:02:54    -2397.452766        0.345472
MDMin:  469 03:02:56    -2397.452776        0.351821
MDMin:  470 03:02:57    -2397.452787        0.358920
MDMin:  471 03:02:59    -2397.452798        0.366632
MDMin:  472 03:03:01    -2397.452810        0.374626
MDMin:  473 03:03:03    -2397.452821        0.382248
MDMin:  474 03:03:05    -2397.452831        0.388579
MDMin:  475 03:03:07    -2397.452839        0.393294
MDMin:  476 03:03:09    -2397.452847        0.397121
MDMin:  477 03:03:11    -2397.452854        0.400620
MDMin:  478 03:03:13    -2397.452862        0.403823
MDMin:  479 03:03:15    -2397.452871        0.406478
MDMin:  480 03:03:16    -2397.452880        0.408150
MDMin:  481 03:03:17    -2397.452890        0.408243
MDMin:  482 03:03:19    -2397.452901        0.405991
MDMin:  483 03:03:20    -2397.452912        0.400478
MDMin:  484 03:03:21    -2397.452924        0.390725
MDMin:  485 03:03:23    -2397.452936        0.376031
MDMin:  486 03:03:24    -2397.452948        0.356940
MDMin:  487 03:03:26    -2397.452959        0.336653
MDMin:  488 03:03:28    -2397.452967        0.318876
MDMin:  489 03:03:30    -2397.452974        0.302208
MDMin:  490 03:03:31    -2397.452982        0.284311
MDMin:  491 03:03:33    -2397.452991        0.264522
MDMin:  492 03:03:34    -2397.453000        0.242934
MDMin:  493 03:03:36    -2397.453011        0.220051
MDMin:  494 03:03:38    -2397.453023        0.202446
MDMin:  495 03:03:40    -2397.453035        0.197533
MDMin:  496 03:03:42    -2397.453048        0.191676
MDMin:  497 03:03:44    -2397.453060        0.185752
MDMin:  498 03:03:45    -2397.453070        0.181048
MDMin:  499 03:03:47    -2397.453077        0.177339
MDMin:  500 03:03:48    -2397.453084        0.173560
MDMin:  501 03:03:50    -2397.453093        0.169429
MDMin:  502 03:03:51    -2397.453102        0.164922
MDMin:  503 03:03:53    -2397.453112        0.160069
MDMin:  504 03:03:55    -2397.453123        0.154922
MDMin:  505 03:03:57    -2397.453135        0.149548
