       Step     Time          Energy          fmax
MDMin:    0 23:37:23    -2397.742302        0.149348
MDMin:    1 23:37:25    -2397.742303        0.149335
MDMin:    2 23:37:27    -2397.742304        0.149294
MDMin:    3 23:37:29    -2397.742305        0.149227
MDMin:    4 23:37:30    -2397.742308        0.149133
MDMin:    5 23:37:32    -2397.742311        0.149012
MDMin:    6 23:37:33    -2397.742314        0.148865
MDMin:    7 23:37:35    -2397.742319        0.148690
MDMin:    8 23:37:37    -2397.742324        0.148489
MDMin:    9 23:37:39    -2397.742329        0.148262
MDMin:   10 23:37:41    -2397.742336        0.148008
MDMin:   11 23:37:42    -2397.742343        0.147729
MDMin:   12 23:37:43    -2397.742351        0.147425
MDMin:   13 23:37:45    -2397.742360        0.147096
MDMin:   14 23:37:47    -2397.742370        0.146743
MDMin:   15 23:37:49    -2397.742380        0.146365
MDMin:   16 23:37:51    -2397.742391        0.145964
MDMin:   17 23:37:52    -2397.742404        0.145540
MDMin:   18 23:37:53    -2397.742417        0.145094
MDMin:   19 23:37:55    -2397.742431        0.144625
MDMin:   20 23:37:57    -2397.742446        0.144135
MDMin:   21 23:37:59    -2397.742462        0.143625
MDMin:   22 23:38:01    -2397.742479        0.143094
MDMin:   23 23:38:03    -2397.742498        0.142545
MDMin:   24 23:38:05    -2397.742517        0.141977
MDMin:   25 23:38:07    -2397.742538        0.141391
MDMin:   26 23:38:08    -2397.742560        0.140789
MDMin:   27 23:38:09    -2397.742583        0.140171
MDMin:   28 23:38:11    -2397.742607        0.139539
MDMin:   29 23:38:12    -2397.742633        0.138893
MDMin:   30 23:38:13    -2397.742660        0.138234
MDMin:   31 23:38:14    -2397.742688        0.137565
MDMin:   32 23:38:16    -2397.742717        0.136886
MDMin:   33 23:38:18    -2397.742749        0.136198
MDMin:   34 23:38:20    -2397.742781        0.135502
MDMin:   35 23:38:22    -2397.742815        0.134801
MDMin:   36 23:38:24    -2397.742851        0.134096
MDMin:   37 23:38:26    -2397.742888        0.133387
MDMin:   38 23:38:27    -2397.742926        0.132678
MDMin:   39 23:38:29    -2397.742966        0.131968
MDMin:   40 23:38:32    -2397.743008        0.131260
MDMin:   41 23:38:33    -2397.743051        0.130556
MDMin:   42 23:38:35    -2397.743096        0.129857
MDMin:   43 23:38:37    -2397.743143        0.129165
MDMin:   44 23:38:39    -2397.743191        0.128481
MDMin:   45 23:38:41    -2397.743241        0.127808
MDMin:   46 23:38:43    -2397.743292        0.127147
MDMin:   47 23:38:44    -2397.743345        0.126499
MDMin:   48 23:38:46    -2397.743399        0.125867
MDMin:   49 23:38:48    -2397.743456        0.125253
MDMin:   50 23:38:50    -2397.743513        0.124657
MDMin:   51 23:38:52    -2397.743573        0.124082
MDMin:   52 23:38:54    -2397.743634        0.123530
MDMin:   53 23:38:55    -2397.743696        0.123002
MDMin:   54 23:38:57    -2397.743760        0.122500
MDMin:   55 23:38:59    -2397.743826        0.122026
MDMin:   56 23:39:01    -2397.743893        0.121581
MDMin:   57 23:39:03    -2397.743962        0.121167
MDMin:   58 23:39:05    -2397.744032        0.120786
MDMin:   59 23:39:07    -2397.744103        0.120440
MDMin:   60 23:39:09    -2397.744177        0.120130
MDMin:   61 23:39:10    -2397.744251        0.119858
MDMin:   62 23:39:12    -2397.744327        0.119626
MDMin:   63 23:39:13    -2397.744404        0.119436
MDMin:   64 23:39:15    -2397.744483        0.119289
MDMin:   65 23:39:17    -2397.744563        0.119188
MDMin:   66 23:39:18    -2397.744644        0.119134
MDMin:   67 23:39:20    -2397.744726        0.119130
MDMin:   68 23:39:22    -2397.744810        0.119176
MDMin:   69 23:39:23    -2397.744895        0.119276
MDMin:   70 23:39:24    -2397.744981        0.119432
MDMin:   71 23:39:26    -2397.745069        0.119646
MDMin:   72 23:39:27    -2397.745157        0.119919
MDMin:   73 23:39:29    -2397.745247        0.120256
MDMin:   74 23:39:30    -2397.745338        0.120658
MDMin:   75 23:39:32    -2397.745430        0.121128
MDMin:   76 23:39:34    -2397.745523        0.121669
MDMin:   77 23:39:35    -2397.745617        0.122284
MDMin:   78 23:39:37    -2397.745712        0.122976
MDMin:   79 23:39:38    -2397.745808        0.123753
MDMin:   80 23:39:39    -2397.745905        0.124622
MDMin:   81 23:39:41    -2397.746003        0.125588
MDMin:   82 23:39:43    -2397.746102        0.126655
MDMin:   83 23:39:44    -2397.746201        0.127829
MDMin:   84 23:39:46    -2397.746302        0.129114
MDMin:   85 23:39:47    -2397.746404        0.130515
MDMin:   86 23:39:49    -2397.746506        0.132037
MDMin:   87 23:39:51    -2397.746609        0.133685
MDMin:   88 23:39:53    -2397.746713        0.135464
MDMin:   89 23:39:55    -2397.746818        0.137380
MDMin:   90 23:39:57    -2397.746923        0.139437
MDMin:   91 23:39:59    -2397.747029        0.141645
MDMin:   92 23:40:01    -2397.747136        0.144020
MDMin:   93 23:40:03    -2397.747244        0.146571
MDMin:   94 23:40:05    -2397.747351        0.149305
MDMin:   95 23:40:07    -2397.747460        0.152229
MDMin:   96 23:40:08    -2397.747569        0.155346
MDMin:   97 23:40:10    -2397.747678        0.158663
MDMin:   98 23:40:12    -2397.747788        0.162182
MDMin:   99 23:40:15    -2397.747897        0.165904
MDMin:  100 23:40:16    -2397.748008        0.169830
MDMin:  101 23:40:18    -2397.748118        0.173954
MDMin:  102 23:40:19    -2397.748228        0.178269
MDMin:  103 23:40:20    -2397.748339        0.182764
MDMin:  104 23:40:22    -2397.748449        0.187422
MDMin:  105 23:40:23    -2397.748559        0.192219
MDMin:  106 23:40:24    -2397.748669        0.197125
MDMin:  107 23:40:26    -2397.748779        0.202103
MDMin:  108 23:40:28    -2397.748888        0.207106
MDMin:  109 23:40:30    -2397.748997        0.212074
MDMin:  110 23:40:32    -2397.749106        0.216937
MDMin:  111 23:40:34    -2397.749214        0.221611
MDMin:  112 23:40:36    -2397.749322        0.225999
MDMin:  113 23:40:37    -2397.749429        0.229992
MDMin:  114 23:40:39    -2397.749536        0.233468
MDMin:  115 23:40:40    -2397.749642        0.236294
MDMin:  116 23:40:42    -2397.749747        0.238334
MDMin:  117 23:40:44    -2397.749851        0.239498
MDMin:  118 23:40:46    -2397.749953        0.239680
MDMin:  119 23:40:48    -2397.750049        0.238858
MDMin:  120 23:40:49    -2397.750134        0.237230
MDMin:  121 23:40:51    -2397.750204        0.235198
MDMin:  122 23:40:52    -2397.750264        0.232950
MDMin:  123 23:40:54    -2397.750321        0.230380
MDMin:  124 23:40:55    -2397.750377        0.227391
MDMin:  125 23:40:57    -2397.750434        0.223934
MDMin:  126 23:40:58    -2397.750492        0.219986
MDMin:  127 23:41:00    -2397.750551        0.215531
MDMin:  128 23:41:02    -2397.750610        0.211999
MDMin:  129 23:41:05    -2397.750671        0.216555
MDMin:  130 23:41:07    -2397.750732        0.220774
MDMin:  131 23:41:09    -2397.750794        0.224589
MDMin:  132 23:41:11    -2397.750858        0.227930
MDMin:  133 23:41:13    -2397.750922        0.230725
MDMin:  134 23:41:15    -2397.750988        0.232905
MDMin:  135 23:41:16    -2397.751054        0.234403
MDMin:  136 23:41:18    -2397.751122        0.235155
MDMin:  137 23:41:19    -2397.751191        0.235107
MDMin:  138 23:41:21    -2397.751262        0.234209
MDMin:  139 23:41:23    -2397.751334        0.232426
MDMin:  140 23:41:24    -2397.751408        0.229733
MDMin:  141 23:41:26    -2397.751483        0.226123
MDMin:  142 23:41:28    -2397.751560        0.221605
MDMin:  143 23:41:30    -2397.751639        0.216207
MDMin:  144 23:41:32    -2397.751720        0.209975
MDMin:  145 23:41:33    -2397.751803        0.202979
MDMin:  146 23:41:35    -2397.751887        0.195305
MDMin:  147 23:41:36    -2397.751975        0.187056
MDMin:  148 23:41:38    -2397.752064        0.178350
MDMin:  149 23:41:40    -2397.752156        0.169314
MDMin:  150 23:41:42    -2397.752250        0.160084
MDMin:  151 23:41:43    -2397.752347        0.150796
MDMin:  152 23:41:45    -2397.752446        0.141583
MDMin:  153 23:41:46    -2397.752548        0.136021
MDMin:  154 23:41:48    -2397.752653        0.133859
MDMin:  155 23:41:50    -2397.752760        0.131527
MDMin:  156 23:41:52    -2397.752870        0.129073
MDMin:  157 23:41:54    -2397.752982        0.126548
MDMin:  158 23:41:56    -2397.753097        0.124004
MDMin:  159 23:41:58    -2397.753213        0.121507
MDMin:  160 23:42:00    -2397.753327        0.119171
MDMin:  161 23:42:02    -2397.753425        0.155497
MDMin:  162 23:42:04    -2397.753490        0.116060
MDMin:  163 23:42:07    -2397.753538        0.115193
MDMin:  164 23:42:09    -2397.753586        0.114368
MDMin:  165 23:42:11    -2397.753635        0.113553
MDMin:  166 23:42:13    -2397.753685        0.112749
MDMin:  167 23:42:15    -2397.753737        0.111958
MDMin:  168 23:42:17    -2397.753789        0.111182
MDMin:  169 23:42:19    -2397.753844        0.110423
MDMin:  170 23:42:21    -2397.753899        0.109683
MDMin:  171 23:42:22    -2397.753956        0.109541
MDMin:  172 23:42:24    -2397.754014        0.109651
MDMin:  173 23:42:26    -2397.754074        0.109766
MDMin:  174 23:42:27    -2397.754135        0.109887
MDMin:  175 23:42:28    -2397.754198        0.110014
MDMin:  176 23:42:30    -2397.754262        0.110146
MDMin:  177 23:42:32    -2397.754327        0.110284
MDMin:  178 23:42:34    -2397.754394        0.110429
MDMin:  179 23:42:36    -2397.754462        0.110579
MDMin:  180 23:42:37    -2397.754532        0.110735
MDMin:  181 23:42:39    -2397.754603        0.110897
MDMin:  182 23:42:41    -2397.754676        0.111065
MDMin:  183 23:42:43    -2397.754750        0.111240
MDMin:  184 23:42:45    -2397.754825        0.111420
MDMin:  185 23:42:47    -2397.754903        0.111607
MDMin:  186 23:42:49    -2397.754982        0.111800
MDMin:  187 23:42:51    -2397.755062        0.111999
MDMin:  188 23:42:53    -2397.755144        0.112205
MDMin:  189 23:42:54    -2397.755227        0.112417
MDMin:  190 23:42:55    -2397.755313        0.112634
MDMin:  191 23:42:57    -2397.755400        0.112858
MDMin:  192 23:42:59    -2397.755488        0.113087
MDMin:  193 23:43:00    -2397.755578        0.113320
MDMin:  194 23:43:01    -2397.755670        0.113559
MDMin:  195 23:43:03    -2397.755764        0.113802
MDMin:  196 23:43:05    -2397.755860        0.114048
MDMin:  197 23:43:07    -2397.755957        0.114297
MDMin:  198 23:43:09    -2397.756056        0.114549
MDMin:  199 23:43:11    -2397.756158        0.114801
MDMin:  200 23:43:13    -2397.756261        0.115053
MDMin:  201 23:43:15    -2397.756366        0.115304
MDMin:  202 23:43:16    -2397.756473        0.115553
MDMin:  203 23:43:18    -2397.756582        0.115796
MDMin:  204 23:43:20    -2397.756693        0.116034
MDMin:  205 23:43:22    -2397.756806        0.116264
MDMin:  206 23:43:24    -2397.756921        0.116483
MDMin:  207 23:43:26    -2397.757039        0.116689
MDMin:  208 23:43:28    -2397.757159        0.116880
MDMin:  209 23:43:30    -2397.757281        0.117053
MDMin:  210 23:43:31    -2397.757405        0.117207
MDMin:  211 23:43:33    -2397.757532        0.117336
MDMin:  212 23:43:35    -2397.757661        0.117439
MDMin:  213 23:43:36    -2397.757792        0.117511
MDMin:  214 23:43:37    -2397.757926        0.117547
MDMin:  215 23:43:39    -2397.758062        0.117544
MDMin:  216 23:43:41    -2397.758202        0.117498
MDMin:  217 23:43:43    -2397.758343        0.117403
MDMin:  218 23:43:45    -2397.758488        0.117254
MDMin:  219 23:43:46    -2397.758635        0.117048
MDMin:  220 23:43:48    -2397.758784        0.116779
MDMin:  221 23:43:50    -2397.758935        0.116445
MDMin:  222 23:43:52    -2397.759083        0.116053
MDMin:  223 23:43:54    -2397.759210        0.129002
MDMin:  224 23:43:56    -2397.759295        0.115340
MDMin:  225 23:43:58    -2397.759359        0.115088
MDMin:  226 23:44:00    -2397.759422        0.114830
MDMin:  227 23:44:01    -2397.759487        0.114556
MDMin:  228 23:44:03    -2397.759553        0.114266
MDMin:  229 23:44:05    -2397.759621        0.113959
MDMin:  230 23:44:07    -2397.759691        0.113632
MDMin:  231 23:44:09    -2397.759763        0.113286
MDMin:  232 23:44:11    -2397.759836        0.112920
MDMin:  233 23:44:12    -2397.759911        0.112533
MDMin:  234 23:44:14    -2397.759988        0.112125
MDMin:  235 23:44:16    -2397.760067        0.111694
MDMin:  236 23:44:18    -2397.760148        0.111239
MDMin:  237 23:44:20    -2397.760231        0.110759
MDMin:  238 23:44:22    -2397.760316        0.110253
MDMin:  239 23:44:24    -2397.760403        0.109721
MDMin:  240 23:44:26    -2397.760492        0.109671
MDMin:  241 23:44:28    -2397.760583        0.109670
MDMin:  242 23:44:30    -2397.760676        0.109666
MDMin:  243 23:44:32    -2397.760771        0.109662
MDMin:  244 23:44:34    -2397.760869        0.109656
MDMin:  245 23:44:36    -2397.760969        0.109648
MDMin:  246 23:44:38    -2397.761071        0.109640
MDMin:  247 23:44:40    -2397.761175        0.109631
MDMin:  248 23:44:41    -2397.761282        0.109622
MDMin:  249 23:44:43    -2397.761391        0.109614
MDMin:  250 23:44:45    -2397.761503        0.109606
MDMin:  251 23:44:46    -2397.761617        0.109600
MDMin:  252 23:44:48    -2397.761734        0.109595
MDMin:  253 23:44:50    -2397.761853        0.109594
MDMin:  254 23:44:52    -2397.761975        0.109597
MDMin:  255 23:44:54    -2397.762100        0.109605
MDMin:  256 23:44:56    -2397.762227        0.109619
MDMin:  257 23:44:58    -2397.762358        0.109640
MDMin:  258 23:45:00    -2397.762491        0.109671
MDMin:  259 23:45:02    -2397.762627        0.109712
MDMin:  260 23:45:04    -2397.762766        0.109765
MDMin:  261 23:45:06    -2397.762908        0.109832
MDMin:  262 23:45:08    -2397.763053        0.109915
MDMin:  263 23:45:10    -2397.763202        0.110016
MDMin:  264 23:45:12    -2397.763354        0.110137
MDMin:  265 23:45:15    -2397.763509        0.110280
MDMin:  266 23:45:17    -2397.763667        0.110448
MDMin:  267 23:45:18    -2397.763828        0.110644
MDMin:  268 23:45:20    -2397.763994        0.110869
MDMin:  269 23:45:22    -2397.764162        0.111126
MDMin:  270 23:45:24    -2397.764335        0.111418
MDMin:  271 23:45:26    -2397.764510        0.111748
MDMin:  272 23:45:28    -2397.764690        0.112119
MDMin:  273 23:45:30    -2397.764873        0.112533
MDMin:  274 23:45:32    -2397.765060        0.112993
MDMin:  275 23:45:34    -2397.765251        0.113502
MDMin:  276 23:45:36    -2397.765446        0.114063
MDMin:  277 23:45:38    -2397.765645        0.114679
MDMin:  278 23:45:39    -2397.765848        0.115352
MDMin:  279 23:45:41    -2397.766055        0.116085
MDMin:  280 23:45:43    -2397.766266        0.116882
MDMin:  281 23:45:45    -2397.766481        0.117743
MDMin:  282 23:45:47    -2397.766700        0.118672
MDMin:  283 23:45:49    -2397.766923        0.119672
MDMin:  284 23:45:51    -2397.767151        0.120743
MDMin:  285 23:45:53    -2397.767382        0.121888
MDMin:  286 23:45:54    -2397.767618        0.123111
MDMin:  287 23:45:56    -2397.767858        0.124412
MDMin:  288 23:45:58    -2397.768103        0.125793
MDMin:  289 23:45:59    -2397.768351        0.127256
MDMin:  290 23:46:00    -2397.768604        0.128803
MDMin:  291 23:46:02    -2397.768860        0.130434
MDMin:  292 23:46:04    -2397.769119        0.132142
MDMin:  293 23:46:06    -2397.769378        0.133900
MDMin:  294 23:46:08    -2397.769623        0.135614
MDMin:  295 23:46:10    -2397.769829        0.137071
MDMin:  296 23:46:11    -2397.769979        0.138142
MDMin:  297 23:46:13    -2397.770108        0.139064
MDMin:  298 23:46:14    -2397.770234        0.139989
MDMin:  299 23:46:15    -2397.770363        0.140947
MDMin:  300 23:46:16    -2397.770495        0.141940
MDMin:  301 23:46:18    -2397.770629        0.142969
MDMin:  302 23:46:20    -2397.770767        0.144035
MDMin:  303 23:46:22    -2397.770908        0.145137
MDMin:  304 23:46:24    -2397.771051        0.146276
MDMin:  305 23:46:26    -2397.771198        0.147452
MDMin:  306 23:46:28    -2397.771347        0.148664
MDMin:  307 23:46:30    -2397.771500        0.149913
MDMin:  308 23:46:32    -2397.771656        0.151198
MDMin:  309 23:46:34    -2397.771814        0.152517
MDMin:  310 23:46:36    -2397.771976        0.153872
MDMin:  311 23:46:37    -2397.772141        0.155260
MDMin:  312 23:46:39    -2397.772309        0.156680
MDMin:  313 23:46:41    -2397.772479        0.158131
MDMin:  314 23:46:42    -2397.772653        0.159611
MDMin:  315 23:46:44    -2397.772831        0.161117
MDMin:  316 23:46:46    -2397.773011        0.162648
MDMin:  317 23:46:48    -2397.773194        0.164200
MDMin:  318 23:46:50    -2397.773381        0.165769
MDMin:  319 23:46:52    -2397.773570        0.167351
MDMin:  320 23:46:54    -2397.773763        0.168942
MDMin:  321 23:46:56    -2397.773959        0.170537
MDMin:  322 23:46:58    -2397.774158        0.172130
MDMin:  323 23:46:59    -2397.774360        0.173713
MDMin:  324 23:47:00    -2397.774565        0.175280
MDMin:  325 23:47:02    -2397.774773        0.176822
MDMin:  326 23:47:04    -2397.774985        0.178330
MDMin:  327 23:47:06    -2397.775200        0.179795
MDMin:  328 23:47:07    -2397.775418        0.181206
MDMin:  329 23:47:09    -2397.775639        0.182551
MDMin:  330 23:47:11    -2397.775864        0.183818
MDMin:  331 23:47:13    -2397.776092        0.184994
MDMin:  332 23:47:14    -2397.776323        0.186066
MDMin:  333 23:47:16    -2397.776557        0.187019
MDMin:  334 23:47:18    -2397.776795        0.187838
MDMin:  335 23:47:20    -2397.777036        0.188510
MDMin:  336 23:47:21    -2397.777281        0.189018
MDMin:  337 23:47:23    -2397.777529        0.189350
MDMin:  338 23:47:24    -2397.777781        0.189489
MDMin:  339 23:47:26    -2397.778036        0.189425
MDMin:  340 23:47:27    -2397.778295        0.189143
MDMin:  341 23:47:29    -2397.778558        0.188635
MDMin:  342 23:47:31    -2397.778824        0.187890
MDMin:  343 23:47:33    -2397.779094        0.186902
MDMin:  344 23:47:35    -2397.779368        0.185666
MDMin:  345 23:47:37    -2397.779646        0.184190
MDMin:  346 23:47:38    -2397.779928        0.182475
MDMin:  347 23:47:40    -2397.780215        0.180523
MDMin:  348 23:47:42    -2397.780505        0.178342
MDMin:  349 23:47:44    -2397.780800        0.175938
MDMin:  350 23:47:46    -2397.781099        0.173323
MDMin:  351 23:47:47    -2397.781402        0.170508
MDMin:  352 23:47:49    -2397.781711        0.167506
MDMin:  353 23:47:51    -2397.782024        0.164332
MDMin:  354 23:47:52    -2397.782342        0.161000
MDMin:  355 23:47:54    -2397.782664        0.157524
MDMin:  356 23:47:56    -2397.782992        0.153919
MDMin:  357 23:47:57    -2397.783325        0.150196
MDMin:  358 23:47:58    -2397.783664        0.147450
MDMin:  359 23:48:00    -2397.784007        0.147645
MDMin:  360 23:48:02    -2397.784356        0.147864
MDMin:  361 23:48:04    -2397.784710        0.148123
MDMin:  362 23:48:06    -2397.785070        0.148443
MDMin:  363 23:48:08    -2397.785435        0.148843
MDMin:  364 23:48:10    -2397.785806        0.149346
MDMin:  365 23:48:12    -2397.786182        0.149976
MDMin:  366 23:48:14    -2397.786563        0.150755
MDMin:  367 23:48:16    -2397.786950        0.151708
MDMin:  368 23:48:18    -2397.787342        0.152860
MDMin:  369 23:48:20    -2397.787739        0.154235
MDMin:  370 23:48:22    -2397.788141        0.155857
MDMin:  371 23:48:23    -2397.788544        0.157736
MDMin:  372 23:48:24    -2397.788944        0.159855
MDMin:  373 23:48:26    -2397.789319        0.162082
MDMin:  374 23:48:27    -2397.789627        0.164072
MDMin:  375 23:48:29    -2397.789849        0.165594
MDMin:  376 23:48:31    -2397.790039        0.166980
MDMin:  377 23:48:33    -2397.790229        0.168432
MDMin:  378 23:48:34    -2397.790422        0.169990
MDMin:  379 23:48:35    -2397.790618        0.171663
MDMin:  380 23:48:37    -2397.790818        0.173457
MDMin:  381 23:48:38    -2397.791022        0.175377
MDMin:  382 23:48:39    -2397.791230        0.177431
MDMin:  383 23:48:40    -2397.791441        0.179623
MDMin:  384 23:48:42    -2397.791656        0.181961
MDMin:  385 23:48:44    -2397.791874        0.184449
MDMin:  386 23:48:45    -2397.792096        0.187094
MDMin:  387 23:48:47    -2397.792321        0.189900
MDMin:  388 23:48:49    -2397.792550        0.192873
MDMin:  389 23:48:50    -2397.792781        0.196016
MDMin:  390 23:48:51    -2397.793016        0.199333
MDMin:  391 23:48:53    -2397.793254        0.202825
MDMin:  392 23:48:54    -2397.793495        0.206492
MDMin:  393 23:48:55    -2397.793738        0.210332
MDMin:  394 23:48:57    -2397.793985        0.214342
MDMin:  395 23:48:59    -2397.794234        0.218513
MDMin:  396 23:49:00    -2397.794485        0.222835
MDMin:  397 23:49:01    -2397.794739        0.227294
MDMin:  398 23:49:02    -2397.794995        0.231871
MDMin:  399 23:49:04    -2397.795254        0.236541
MDMin:  400 23:49:06    -2397.795514        0.241276
MDMin:  401 23:49:08    -2397.795777        0.246042
MDMin:  402 23:49:10    -2397.796042        0.250800
MDMin:  403 23:49:12    -2397.796308        0.255508
MDMin:  404 23:49:14    -2397.796576        0.260120
MDMin:  405 23:49:15    -2397.796846        0.264587
MDMin:  406 23:49:17    -2397.797117        0.268861
MDMin:  407 23:49:18    -2397.797390        0.272894
MDMin:  408 23:49:20    -2397.797664        0.276642
MDMin:  409 23:49:22    -2397.797940        0.280067
MDMin:  410 23:49:23    -2397.798217        0.283136
MDMin:  411 23:49:24    -2397.798496        0.285824
MDMin:  412 23:49:26    -2397.798776        0.288117
MDMin:  413 23:49:28    -2397.799058        0.290009
MDMin:  414 23:49:29    -2397.799340        0.291502
MDMin:  415 23:49:30    -2397.799625        0.292609
MDMin:  416 23:49:31    -2397.799910        0.293347
MDMin:  417 23:49:33    -2397.800197        0.293743
MDMin:  418 23:49:35    -2397.800485        0.293825
MDMin:  419 23:49:37    -2397.800774        0.293625
MDMin:  420 23:49:39    -2397.801064        0.300368
MDMin:  421 23:49:41    -2397.801354        0.309656
MDMin:  422 23:49:43    -2397.801646        0.319358
MDMin:  423 23:49:45    -2397.801938        0.329477
MDMin:  424 23:49:47    -2397.802231        0.340013
MDMin:  425 23:49:48    -2397.802524        0.350962
MDMin:  426 23:49:49    -2397.802817        0.362320
MDMin:  427 23:49:51    -2397.803110        0.374075
MDMin:  428 23:49:53    -2397.803402        0.386213
MDMin:  429 23:49:55    -2397.803695        0.398716
MDMin:  430 23:49:56    -2397.803986        0.411563
MDMin:  431 23:49:58    -2397.804277        0.424730
MDMin:  432 23:50:00    -2397.804567        0.438189
MDMin:  433 23:50:01    -2397.804856        0.451912
MDMin:  434 23:50:03    -2397.805143        0.465868
MDMin:  435 23:50:05    -2397.805429        0.480052
MDMin:  436 23:50:07    -2397.805713        0.494468
MDMin:  437 23:50:09    -2397.805996        0.509105
MDMin:  438 23:50:11    -2397.806276        0.523953
MDMin:  439 23:50:13    -2397.806553        0.539010
MDMin:  440 23:50:15    -2397.806829        0.554282
MDMin:  441 23:50:17    -2397.807101        0.569781
MDMin:  442 23:50:19    -2397.807371        0.585530
MDMin:  443 23:50:21    -2397.807638        0.601566
MDMin:  444 23:50:22    -2397.807901        0.617932
MDMin:  445 23:50:23    -2397.808161        0.634692
MDMin:  446 23:50:25    -2397.808417        0.651919
MDMin:  447 23:50:26    -2397.808670        0.669707
MDMin:  448 23:50:27    -2397.808918        0.688178
MDMin:  449 23:50:28    -2397.809162        0.707467
MDMin:  450 23:50:30    -2397.809402        0.727728
MDMin:  451 23:50:32    -2397.809638        0.749133
MDMin:  452 23:50:34    -2397.809869        0.771872
MDMin:  453 23:50:35    -2397.810095        0.796142
MDMin:  454 23:50:37    -2397.810316        0.822140
MDMin:  455 23:50:39    -2397.810532        0.850042
MDMin:  456 23:50:41    -2397.810742        0.879982
MDMin:  457 23:50:43    -2397.810947        0.912016
MDMin:  458 23:50:45    -2397.811147        0.946087
MDMin:  459 23:50:47    -2397.811341        0.981989
MDMin:  460 23:50:49    -2397.811530        1.019330
MDMin:  461 23:50:51    -2397.811712        1.057495
MDMin:  462 23:50:52    -2397.811890        1.095610
MDMin:  463 23:50:54    -2397.812061        1.132506
MDMin:  464 23:50:55    -2397.812228        1.166681
MDMin:  465 23:50:57    -2397.812390        1.196286
MDMin:  466 23:50:59    -2397.812547        1.219320
MDMin:  467 23:51:01    -2397.812701        1.233720
MDMin:  468 23:51:04    -2397.812851        1.237711
MDMin:  469 23:51:05    -2397.813000        1.230373
MDMin:  470 23:51:07    -2397.813146        1.212024
MDMin:  471 23:51:08    -2397.813292        1.184229
MDMin:  472 23:51:09    -2397.813438        1.149365
MDMin:  473 23:51:10    -2397.813583        1.109927
MDMin:  474 23:51:12    -2397.813730        1.067911
MDMin:  475 23:51:14    -2397.813877        1.024526
MDMin:  476 23:51:15    -2397.814025        0.980258
MDMin:  477 23:51:16    -2397.814174        0.935225
MDMin:  478 23:51:18    -2397.814325        0.889493
MDMin:  479 23:51:19    -2397.814477        0.843136
MDMin:  480 23:51:20    -2397.814630        0.796474
MDMin:  481 23:51:22    -2397.814784        0.750067
MDMin:  482 23:51:24    -2397.814938        0.704611
MDMin:  483 23:51:26    -2397.815094        0.660821
MDMin:  484 23:51:27    -2397.815249        0.619313
MDMin:  485 23:51:29    -2397.815403        0.580537
MDMin:  486 23:51:30    -2397.815556        0.544756
MDMin:  487 23:51:32    -2397.815707        0.525442
MDMin:  488 23:51:34    -2397.815855        0.524042
MDMin:  489 23:51:36    -2397.815999        0.521087
MDMin:  490 23:51:38    -2397.816140        0.516791
MDMin:  491 23:51:39    -2397.816276        0.511451
MDMin:  492 23:51:40    -2397.816407        0.505445
MDMin:  493 23:51:42    -2397.816533        0.499182
MDMin:  494 23:51:43    -2397.816655        0.493041
MDMin:  495 23:51:44    -2397.816772        0.487272
MDMin:  496 23:51:46    -2397.816886        0.481754
MDMin:  497 23:51:49    -2397.816998        0.475933
MDMin:  498 23:51:51    -2397.817111        0.469019
MDMin:  499 23:51:52    -2397.817226        0.460454
MDMin:  500 23:51:54    -2397.817345        0.450363
MDMin:  501 23:51:56    -2397.817473        0.439669
MDMin:  502 23:51:58    -2397.817610        0.429762
MDMin:  503 23:52:00    -2397.817759        0.422009
MDMin:  504 23:52:02    -2397.817922        0.417472
MDMin:  505 23:52:04    -2397.818100        0.416977
MDMin:  506 23:52:05    -2397.818294        0.421333
MDMin:  507 23:52:06    -2397.818504        0.431356
MDMin:  508 23:52:08    -2397.818729        0.447456
MDMin:  509 23:52:10    -2397.818964        0.468690
MDMin:  510 23:52:12    -2397.819188        0.490920
MDMin:  511 23:52:14    -2397.819341        0.514687
MDMin:  512 23:52:16    -2397.819420        0.513304
MDMin:  513 23:52:18    -2397.819498        0.520350
MDMin:  514 23:52:20    -2397.819580        0.527209
MDMin:  515 23:52:22    -2397.819664        0.533782
MDMin:  516 23:52:24    -2397.819750        0.539971
MDMin:  517 23:52:26    -2397.819840        0.545677
MDMin:  518 23:52:28    -2397.819933        0.550807
MDMin:  519 23:52:30    -2397.820028        0.555280
MDMin:  520 23:52:32    -2397.820126        0.559026
MDMin:  521 23:52:34    -2397.820228        0.561990
MDMin:  522 23:52:37    -2397.820332        0.564123
MDMin:  523 23:52:39    -2397.820440        0.570842
MDMin:  524 23:52:41    -2397.820551        0.589785
MDMin:  525 23:52:43    -2397.820664        0.608580
MDMin:  526 23:52:46    -2397.820782        0.626832
MDMin:  527 23:52:48    -2397.820902        0.644063
MDMin:  528 23:52:51    -2397.821026        0.659710
MDMin:  529 23:52:53    -2397.821153        0.673158
MDMin:  530 23:52:55    -2397.821285        0.683775
MDMin:  531 23:52:56    -2397.821420        0.690972
MDMin:  532 23:52:58    -2397.821559        0.694266
MDMin:  533 23:52:59    -2397.821703        0.693345
MDMin:  534 23:53:01    -2397.821852        0.688122
MDMin:  535 23:53:02    -2397.822007        0.678758
MDMin:  536 23:53:04    -2397.822167        0.665654
MDMin:  537 23:53:06    -2397.822334        0.649428
MDMin:  538 23:53:08    -2397.822507        0.630895
MDMin:  539 23:53:11    -2397.822688        0.610837
MDMin:  540 23:53:13    -2397.822876        0.589992
MDMin:  541 23:53:15    -2397.823072        0.568997
MDMin:  542 23:53:17    -2397.823275        0.561677
MDMin:  543 23:53:19    -2397.823487        0.576683
MDMin:  544 23:53:21    -2397.823706        0.590937
MDMin:  545 23:53:23    -2397.823933        0.603161
MDMin:  546 23:53:25    -2397.824168        0.611658
MDMin:  547 23:53:27    -2397.824412        0.614400
MDMin:  548 23:53:29    -2397.824665        0.609257
MDMin:  549 23:53:31    -2397.824930        0.594380
MDMin:  550 23:53:33    -2397.825208        0.568664
MDMin:  551 23:53:35    -2397.825502        0.532165
MDMin:  552 23:53:37    -2397.825815        0.486319
MDMin:  553 23:53:39    -2397.826150        0.433846
MDMin:  554 23:53:41    -2397.826511        0.413781
MDMin:  555 23:53:42    -2397.826901        0.414960
MDMin:  556 23:53:44    -2397.827321        0.416344
MDMin:  557 23:53:47    -2397.827771        0.418111
MDMin:  558 23:53:49    -2397.828251        0.420710
MDMin:  559 23:53:50    -2397.828758        0.424743
MDMin:  560 23:53:52    -2397.829290        0.430721
MDMin:  561 23:53:53    -2397.829842        0.439203
MDMin:  562 23:53:55    -2397.830411        0.450781
MDMin:  563 23:53:57    -2397.830991        0.466062
MDMin:  564 23:53:58    -2397.831578        0.485680
MDMin:  565 23:54:00    -2397.832166        0.510321
MDMin:  566 23:54:02    -2397.832751        0.540751
MDMin:  567 23:54:04    -2397.833326        0.577833
MDMin:  568 23:54:06    -2397.833886        0.622493
MDMin:  569 23:54:08    -2397.834425        0.675640
MDMin:  570 23:54:10    -2397.834939        0.738209
MDMin:  571 23:54:11    -2397.835423        0.810624
MDMin:  572 23:54:12    -2397.835874        0.891631
MDMin:  573 23:54:14    -2397.836292        0.977409
MDMin:  574 23:54:16    -2397.836678        1.060580
MDMin:  575 23:54:18    -2397.837036        1.131046
MDMin:  576 23:54:20    -2397.837375        1.179328
MDMin:  577 23:54:22    -2397.837702        1.200153
MDMin:  578 23:54:24    -2397.838027        1.193262
MDMin:  579 23:54:26    -2397.838356        1.160953
MDMin:  580 23:54:28    -2397.838696        1.105436
MDMin:  581 23:54:30    -2397.839051        1.028939
MDMin:  582 23:54:31    -2397.839426        0.936096
MDMin:  583 23:54:32    -2397.839822        0.834690
MDMin:  584 23:54:34    -2397.840236        0.734343
MDMin:  585 23:54:35    -2397.840660        0.644155
MDMin:  586 23:54:36    -2397.841069        0.571014
MDMin:  587 23:54:37    -2397.841428        0.518043
MDMin:  588 23:54:39    -2397.841719        0.481609
MDMin:  589 23:54:41    -2397.841978        0.453330
MDMin:  590 23:54:43    -2397.842234        0.440770
MDMin:  591 23:54:44    -2397.842498        0.430534
MDMin:  592 23:54:46    -2397.842772        0.419190
MDMin:  593 23:54:47    -2397.843057        0.406834
MDMin:  594 23:54:49    -2397.843353        0.394556
MDMin:  595 23:54:50    -2397.843662        0.389957
MDMin:  596 23:54:52    -2397.843983        0.384734
MDMin:  597 23:54:54    -2397.844317        0.378897
MDMin:  598 23:54:56    -2397.844666        0.372460
MDMin:  599 23:54:58    -2397.845028        0.365443
MDMin:  600 23:55:00    -2397.845406        0.357868
MDMin:  601 23:55:01    -2397.845798        0.349766
MDMin:  602 23:55:03    -2397.846208        0.341172
MDMin:  603 23:55:04    -2397.846633        0.332125
MDMin:  604 23:55:06    -2397.847077        0.322669
MDMin:  605 23:55:08    -2397.847538        0.312857
MDMin:  606 23:55:09    -2397.848016        0.302746
MDMin:  607 23:55:10    -2397.848512        0.292416
MDMin:  608 23:55:11    -2397.849021        0.282012
MDMin:  609 23:55:13    -2397.849526        0.271907
MDMin:  610 23:55:14    -2397.849980        0.263036
MDMin:  611 23:55:16    -2397.850315        0.256658
MDMin:  612 23:55:18    -2397.850567        0.251942
MDMin:  613 23:55:20    -2397.850810        0.247491
MDMin:  614 23:55:22    -2397.851058        0.243005
MDMin:  615 23:55:24    -2397.851314        0.238456
MDMin:  616 23:55:25    -2397.851578        0.233846
MDMin:  617 23:55:27    -2397.851851        0.229179
MDMin:  618 23:55:29    -2397.852131        0.224459
MDMin:  619 23:55:31    -2397.852420        0.219692
MDMin:  620 23:55:33    -2397.852718        0.214884
MDMin:  621 23:55:35    -2397.853024        0.210038
MDMin:  622 23:55:37    -2397.853339        0.205162
MDMin:  623 23:55:38    -2397.853663        0.200261
MDMin:  624 23:55:40    -2397.853997        0.195341
MDMin:  625 23:55:41    -2397.854339        0.190409
MDMin:  626 23:55:42    -2397.854691        0.185472
MDMin:  627 23:55:44    -2397.855053        0.180536
MDMin:  628 23:55:46    -2397.855424        0.175608
MDMin:  629 23:55:48    -2397.855805        0.170699
MDMin:  630 23:55:50    -2397.856196        0.168207
MDMin:  631 23:55:52    -2397.856597        0.167137
MDMin:  632 23:55:54    -2397.857008        0.166086
MDMin:  633 23:55:56    -2397.857429        0.165050
MDMin:  634 23:55:58    -2397.857862        0.164025
MDMin:  635 23:55:59    -2397.858305        0.163007
MDMin:  636 23:56:01    -2397.858759        0.161992
MDMin:  637 23:56:02    -2397.859224        0.160974
MDMin:  638 23:56:04    -2397.859702        0.159948
MDMin:  639 23:56:06    -2397.860191        0.158910
MDMin:  640 23:56:08    -2397.860692        0.157855
MDMin:  641 23:56:09    -2397.861205        0.156776
MDMin:  642 23:56:10    -2397.861732        0.155669
MDMin:  643 23:56:12    -2397.862272        0.154529
MDMin:  644 23:56:14    -2397.862825        0.153352
MDMin:  645 23:56:17    -2397.863393        0.152133
MDMin:  646 23:56:18    -2397.863975        0.150868
MDMin:  647 23:56:20    -2397.864571        0.149555
MDMin:  648 23:56:22    -2397.865183        0.148190
MDMin:  649 23:56:24    -2397.865810        0.146776
MDMin:  650 23:56:26    -2397.866449        0.145315
MDMin:  651 23:56:28    -2397.867090        0.143848
MDMin:  652 23:56:29    -2397.867695        0.142469
MDMin:  653 23:56:31    -2397.868174        0.141390
MDMin:  654 23:56:32    -2397.868505        0.140650
MDMin:  655 23:56:34    -2397.868799        0.139995
MDMin:  656 23:56:35    -2397.869098        0.139332
MDMin:  657 23:56:36    -2397.869405        0.138654
MDMin:  658 23:56:38    -2397.869720        0.137959
MDMin:  659 23:56:40    -2397.870044        0.137248
MDMin:  660 23:56:41    -2397.870377        0.136521
MDMin:  661 23:56:43    -2397.870719        0.135778
MDMin:  662 23:56:45    -2397.871070        0.135019
MDMin:  663 23:56:47    -2397.871431        0.134244
MDMin:  664 23:56:49    -2397.871801        0.133454
MDMin:  665 23:56:51    -2397.872181        0.132650
MDMin:  666 23:56:53    -2397.872571        0.131831
MDMin:  667 23:56:55    -2397.872971        0.130998
MDMin:  668 23:56:57    -2397.873382        0.130152
MDMin:  669 23:56:59    -2397.873803        0.129293
MDMin:  670 23:57:01    -2397.874235        0.128423
MDMin:  671 23:57:03    -2397.874678        0.127542
MDMin:  672 23:57:05    -2397.875102        0.145215
MDMin:  673 23:57:06    -2397.875431        0.139287
MDMin:  674 23:57:08    -2397.875772        0.134309
MDMin:  675 23:57:10    -2397.876070        0.170943
MDMin:  676 23:57:11    -2397.876098        0.155396
MDMin:  677 23:57:12    -2397.876128        0.141795
MDMin:  678 23:57:14    -2397.876161        0.129605
MDMin:  679 23:57:15    -2397.876197        0.124490
MDMin:  680 23:57:16    -2397.876235        0.123474
MDMin:  681 23:57:18    -2397.876276        0.122604
MDMin:  682 23:57:20    -2397.876319        0.121877
MDMin:  683 23:57:22    -2397.876364        0.121283
MDMin:  684 23:57:24    -2397.876411        0.120816
MDMin:  685 23:57:26    -2397.876460        0.120463
MDMin:  686 23:57:28    -2397.876511        0.120214
MDMin:  687 23:57:30    -2397.876563        0.120056
MDMin:  688 23:57:32    -2397.876616        0.119977
MDMin:  689 23:57:34    -2397.876671        0.119962
MDMin:  690 23:57:36    -2397.876727        0.119999
MDMin:  691 23:57:38    -2397.876784        0.120073
MDMin:  692 23:57:39    -2397.876841        0.120172
MDMin:  693 23:57:41    -2397.876900        0.120282
MDMin:  694 23:57:43    -2397.876959        0.120391
MDMin:  695 23:57:45    -2397.877019        0.120485
MDMin:  696 23:57:47    -2397.877080        0.120553
MDMin:  697 23:57:49    -2397.877142        0.120582
MDMin:  698 23:57:52    -2397.877204        0.120561
MDMin:  699 23:57:54    -2397.877267        0.120478
MDMin:  700 23:57:56    -2397.877331        0.120324
MDMin:  701 23:57:57    -2397.877395        0.120089
MDMin:  702 23:57:59    -2397.877459        0.119762
MDMin:  703 23:58:00    -2397.877525        0.119335
MDMin:  704 23:58:03    -2397.877591        0.118801
MDMin:  705 23:58:05    -2397.877658        0.118152
MDMin:  706 23:58:06    -2397.877725        0.117382
MDMin:  707 23:58:08    -2397.877793        0.116487
MDMin:  708 23:58:10    -2397.877862        0.115461
MDMin:  709 23:58:11    -2397.877932        0.114303
MDMin:  710 23:58:13    -2397.878002        0.113010
MDMin:  711 23:58:15    -2397.878073        0.111583
MDMin:  712 23:58:17    -2397.878145        0.110024
MDMin:  713 23:58:18    -2397.878218        0.108334
MDMin:  714 23:58:19    -2397.878291        0.106519
MDMin:  715 23:58:21    -2397.878365        0.104584
MDMin:  716 23:58:22    -2397.878441        0.102538
MDMin:  717 23:58:24    -2397.878517        0.101040
MDMin:  718 23:58:25    -2397.878594        0.100859
MDMin:  719 23:58:26    -2397.878672        0.100711
MDMin:  720 23:58:28    -2397.878751        0.100599
MDMin:  721 23:58:29    -2397.878831        0.100523
MDMin:  722 23:58:30    -2397.878911        0.100485
MDMin:  723 23:58:31    -2397.878993        0.100486
MDMin:  724 23:58:33    -2397.879076        0.100527
MDMin:  725 23:58:35    -2397.879160        0.100608
MDMin:  726 23:58:37    -2397.879244        0.100729
MDMin:  727 23:58:39    -2397.879330        0.100890
MDMin:  728 23:58:41    -2397.879417        0.101090
MDMin:  729 23:58:43    -2397.879504        0.101324
MDMin:  730 23:58:45    -2397.879593        0.101591
MDMin:  731 23:58:46    -2397.879682        0.101885
MDMin:  732 23:58:48    -2397.879772        0.102197
MDMin:  733 23:58:50    -2397.879861        0.102516
MDMin:  734 23:58:51    -2397.879944        0.137687
MDMin:  735 23:58:53    -2397.880003        0.131345
MDMin:  736 23:58:55    -2397.880037        0.103126
MDMin:  737 23:58:57    -2397.880069        0.103230
MDMin:  738 23:58:58    -2397.880102        0.103334
MDMin:  739 23:59:00    -2397.880136        0.103435
MDMin:  740 23:59:02    -2397.880170        0.103535
MDMin:  741 23:59:04    -2397.880206        0.103630
MDMin:  742 23:59:05    -2397.880241        0.103721
MDMin:  743 23:59:07    -2397.880278        0.103806
MDMin:  744 23:59:09    -2397.880316        0.103883
MDMin:  745 23:59:11    -2397.880354        0.103952
MDMin:  746 23:59:13    -2397.880393        0.104009
MDMin:  747 23:59:14    -2397.880432        0.104055
MDMin:  748 23:59:16    -2397.880473        0.104085
MDMin:  749 23:59:17    -2397.880514        0.104100
MDMin:  750 23:59:19    -2397.880556        0.104095
MDMin:  751 23:59:20    -2397.880599        0.104070
MDMin:  752 23:59:22    -2397.880643        0.104021
MDMin:  753 23:59:23    -2397.880687        0.103946
MDMin:  754 23:59:25    -2397.880732        0.103842
MDMin:  755 23:59:27    -2397.880778        0.103707
MDMin:  756 23:59:29    -2397.880825        0.103537
MDMin:  757 23:59:31    -2397.880873        0.103330
MDMin:  758 23:59:33    -2397.880922        0.103082
MDMin:  759 23:59:35    -2397.880971        0.102791
MDMin:  760 23:59:37    -2397.881022        0.102455
MDMin:  761 23:59:39    -2397.881073        0.102069
MDMin:  762 23:59:41    -2397.881125        0.101632
MDMin:  763 23:59:42    -2397.881178        0.101140
MDMin:  764 23:59:44    -2397.881232        0.100592
MDMin:  765 23:59:46    -2397.881287        0.099985
MDMin:  766 23:59:48    -2397.881343        0.099756
MDMin:  767 23:59:50    -2397.881399        0.100059
MDMin:  768 23:59:52    -2397.881457        0.100354
MDMin:  769 23:59:54    -2397.881516        0.100640
MDMin:  770 23:59:56    -2397.881576        0.100916
MDMin:  771 23:59:58    -2397.881637        0.101182
MDMin:  772 23:59:59    -2397.881699        0.101435
MDMin:  773 00:00:01    -2397.881762        0.101677
MDMin:  774 00:00:02    -2397.881826        0.101904
MDMin:  775 00:00:04    -2397.881892        0.102117
MDMin:  776 00:00:07    -2397.881958        0.102314
MDMin:  777 00:00:08    -2397.882026        0.102493
MDMin:  778 00:00:10    -2397.882095        0.102655
MDMin:  779 00:00:12    -2397.882165        0.102798
MDMin:  780 00:00:14    -2397.882237        0.102921
MDMin:  781 00:00:16    -2397.882310        0.103022
MDMin:  782 00:00:17    -2397.882384        0.103101
MDMin:  783 00:00:19    -2397.882460        0.103157
MDMin:  784 00:00:21    -2397.882537        0.103188
MDMin:  785 00:00:22    -2397.882615        0.103194
MDMin:  786 00:00:24    -2397.882695        0.103174
MDMin:  787 00:00:26    -2397.882776        0.103125
MDMin:  788 00:00:28    -2397.882859        0.103050
MDMin:  789 00:00:29    -2397.882944        0.102944
MDMin:  790 00:00:31    -2397.883030        0.102810
MDMin:  791 00:00:33    -2397.883118        0.102643
MDMin:  792 00:00:35    -2397.883208        0.102448
MDMin:  793 00:00:37    -2397.883299        0.102217
MDMin:  794 00:00:39    -2397.883393        0.101960
MDMin:  795 00:00:41    -2397.883488        0.101661
MDMin:  796 00:00:43    -2397.883585        0.101342
MDMin:  797 00:00:45    -2397.883684        0.100971
MDMin:  798 00:00:47    -2397.883786        0.100595
MDMin:  799 00:00:48    -2397.883889        0.100144
MDMin:  800 00:00:50    -2397.883995        0.099722
MDMin:  801 00:00:52    -2397.884103        0.099170
MDMin:  802 00:00:54    -2397.884213        0.098738
MDMin:  803 00:00:56    -2397.884326        0.098032
MDMin:  804 00:00:58    -2397.884442        0.097681
MDMin:  805 00:01:00    -2397.884560        0.096676
MDMin:  806 00:01:01    -2397.884681        0.096657
MDMin:  807 00:01:03    -2397.884805        0.094943
MDMin:  808 00:01:04    -2397.884932        0.095984
MDMin:  809 00:01:06    -2397.885062        0.092390
MDMin:  810 00:01:07    -2397.885196        0.096693
MDMin:  811 00:01:09    -2397.885332        0.090584
MDMin:  812 00:01:11    -2397.885470        0.102279
MDMin:  813 00:01:13    -2397.885606        0.098644
MDMin:  814 00:01:15    -2397.885731        0.115424
MDMin:  815 00:01:16    -2397.885834        0.111022
MDMin:  816 00:01:19    -2397.885918        0.098789
MDMin:  817 00:01:20    -2397.885996        0.092057
MDMin:  818 00:01:22    -2397.886074        0.092179
MDMin:  819 00:01:24    -2397.886155        0.092294
MDMin:  820 00:01:26    -2397.886238        0.092401
MDMin:  821 00:01:28    -2397.886323        0.092499
MDMin:  822 00:01:30    -2397.886411        0.092588
MDMin:  823 00:01:32    -2397.886501        0.092667
MDMin:  824 00:01:35    -2397.886593        0.092735
MDMin:  825 00:01:37    -2397.886689        0.092793
MDMin:  826 00:01:39    -2397.886787        0.092839
MDMin:  827 00:01:40    -2397.886888        0.092873
MDMin:  828 00:01:42    -2397.886992        0.092894
MDMin:  829 00:01:44    -2397.887099        0.092902
MDMin:  830 00:01:46    -2397.887209        0.092895
MDMin:  831 00:01:48    -2397.887323        0.092874
MDMin:  832 00:01:50    -2397.887440        0.092837
MDMin:  833 00:01:52    -2397.887561        0.092783
MDMin:  834 00:01:53    -2397.887685        0.092713
MDMin:  835 00:01:55    -2397.887813        0.092625
MDMin:  836 00:01:56    -2397.887945        0.092518
MDMin:  837 00:01:57    -2397.888082        0.092393
MDMin:  838 00:02:00    -2397.888223        0.092247
MDMin:  839 00:02:02    -2397.888368        0.092081
MDMin:  840 00:02:03    -2397.888518        0.091893
MDMin:  841 00:02:06    -2397.888674        0.091683
MDMin:  842 00:02:08    -2397.888834        0.091449
MDMin:  843 00:02:09    -2397.889000        0.091192
MDMin:  844 00:02:11    -2397.889172        0.090910
MDMin:  845 00:02:12    -2397.889350        0.090602
MDMin:  846 00:02:13    -2397.889534        0.090268
MDMin:  847 00:02:14    -2397.889724        0.089907
MDMin:  848 00:02:16    -2397.889922        0.089518
MDMin:  849 00:02:17    -2397.890128        0.089100
MDMin:  850 00:02:18    -2397.890340        0.088652
MDMin:  851 00:02:20    -2397.890562        0.088174
MDMin:  852 00:02:21    -2397.890792        0.087666
MDMin:  853 00:02:22    -2397.891030        0.087126
MDMin:  854 00:02:24    -2397.891279        0.086554
MDMin:  855 00:02:26    -2397.891538        0.085949
MDMin:  856 00:02:28    -2397.891807        0.085312
MDMin:  857 00:02:30    -2397.892088        0.084643
MDMin:  858 00:02:33    -2397.892382        0.083941
MDMin:  859 00:02:35    -2397.892687        0.083206
MDMin:  860 00:02:36    -2397.893007        0.082439
MDMin:  861 00:02:38    -2397.893341        0.081641
MDMin:  862 00:02:41    -2397.893690        0.080811
MDMin:  863 00:02:42    -2397.894055        0.079952
MDMin:  864 00:02:45    -2397.894437        0.079064
MDMin:  865 00:02:46    -2397.894809        0.093055
MDMin:  866 00:02:48    -2397.894824        0.082845
MDMin:  867 00:02:50    -2397.894839        0.076529
MDMin:  868 00:02:52    -2397.894855        0.075672
MDMin:  869 00:02:55    -2397.894870        0.074789
MDMin:  870 00:02:56    -2397.894886        0.073882
MDMin:  871 00:02:58    -2397.894901        0.076417
MDMin:  872 00:03:00    -2397.894917        0.079772
MDMin:  873 00:03:02    -2397.894932        0.082711
MDMin:  874 00:03:04    -2397.894947        0.085302
MDMin:  875 00:03:05    -2397.894962        0.087587
MDMin:  876 00:03:07    -2397.894977        0.089583
MDMin:  877 00:03:09    -2397.894992        0.091291
MDMin:  878 00:03:11    -2397.895007        0.092701
MDMin:  879 00:03:13    -2397.895021        0.093792
MDMin:  880 00:03:14    -2397.895036        0.094543
MDMin:  881 00:03:16    -2397.895050        0.094930
MDMin:  882 00:03:18    -2397.895064        0.094933
MDMin:  883 00:03:19    -2397.895078        0.094536
MDMin:  884 00:03:20    -2397.895092        0.093733
MDMin:  885 00:03:22    -2397.895106        0.092525
MDMin:  886 00:03:24    -2397.895119        0.090924
MDMin:  887 00:03:26    -2397.895133        0.088979
MDMin:  888 00:03:27    -2397.895146        0.086728
MDMin:  889 00:03:28    -2397.895160        0.084202
MDMin:  890 00:03:30    -2397.895173        0.081443
MDMin:  891 00:03:32    -2397.895186        0.078499
MDMin:  892 00:03:34    -2397.895199        0.075416
MDMin:  893 00:03:35    -2397.895212        0.073471
MDMin:  894 00:03:37    -2397.895225        0.071615
MDMin:  895 00:03:39    -2397.895237        0.096531
MDMin:  896 00:03:41    -2397.895247        0.114407
MDMin:  897 00:03:44    -2397.895256        0.117895
MDMin:  898 00:03:46    -2397.895263        0.075935
MDMin:  899 00:03:48    -2397.895269        0.072832
MDMin:  900 00:03:50    -2397.895275        0.073281
MDMin:  901 00:03:52    -2397.895282        0.073734
MDMin:  902 00:03:55    -2397.895288        0.074194
MDMin:  903 00:03:57    -2397.895294        0.074660
MDMin:  904 00:03:59    -2397.895300        0.075132
MDMin:  905 00:04:01    -2397.895307        0.075608
MDMin:  906 00:04:03    -2397.895313        0.076088
MDMin:  907 00:04:05    -2397.895319        0.076571
MDMin:  908 00:04:07    -2397.895326        0.077054
MDMin:  909 00:04:08    -2397.895332        0.077538
MDMin:  910 00:04:09    -2397.895339        0.078019
MDMin:  911 00:04:11    -2397.895345        0.078498
MDMin:  912 00:04:13    -2397.895352        0.078971
MDMin:  913 00:04:15    -2397.895358        0.079437
MDMin:  914 00:04:16    -2397.895365        0.079894
MDMin:  915 00:04:18    -2397.895371        0.080339
MDMin:  916 00:04:20    -2397.895378        0.080771
MDMin:  917 00:04:22    -2397.895384        0.081187
MDMin:  918 00:04:23    -2397.895391        0.081585
MDMin:  919 00:04:26    -2397.895397        0.081962
MDMin:  920 00:04:28    -2397.895404        0.082316
MDMin:  921 00:04:30    -2397.895411        0.082644
MDMin:  922 00:04:32    -2397.895417        0.082944
MDMin:  923 00:04:34    -2397.895424        0.083214
MDMin:  924 00:04:36    -2397.895430        0.083452
MDMin:  925 00:04:38    -2397.895436        0.083655
MDMin:  926 00:04:40    -2397.895443        0.083823
MDMin:  927 00:04:41    -2397.895449        0.083954
MDMin:  928 00:04:43    -2397.895456        0.084048
MDMin:  929 00:04:45    -2397.895462        0.084104
MDMin:  930 00:04:47    -2397.895468        0.084121
MDMin:  931 00:04:49    -2397.895474        0.084102
MDMin:  932 00:04:51    -2397.895480        0.084045
MDMin:  933 00:04:53    -2397.895486        0.083954
MDMin:  934 00:04:55    -2397.895492        0.083829
MDMin:  935 00:04:57    -2397.895498        0.083674
MDMin:  936 00:04:59    -2397.895504        0.083489
MDMin:  937 00:05:01    -2397.895510        0.083275
MDMin:  938 00:05:03    -2397.895515        0.083036
MDMin:  939 00:05:04    -2397.895521        0.082773
MDMin:  940 00:05:06    -2397.895526        0.082490
MDMin:  941 00:05:08    -2397.895531        0.082191
MDMin:  942 00:05:10    -2397.895537        0.081878
MDMin:  943 00:05:12    -2397.895542        0.081557
MDMin:  944 00:05:13    -2397.895546        0.081234
MDMin:  945 00:05:15    -2397.895551        0.094214
MDMin:  946 00:05:17    -2397.895554        0.087271
MDMin:  947 00:05:19    -2397.895558        0.084511
MDMin:  948 00:05:20    -2397.895561        0.087050
MDMin:  949 00:05:22    -2397.895563        0.089566
MDMin:  950 00:05:24    -2397.895566        0.092128
MDMin:  951 00:05:26    -2397.895569        0.094746
MDMin:  952 00:05:27    -2397.895571        0.097417
MDMin:  953 00:05:29    -2397.895574        0.100124
MDMin:  954 00:05:31    -2397.895577        0.102848
MDMin:  955 00:05:32    -2397.895579        0.105564
MDMin:  956 00:05:34    -2397.895582        0.108241
MDMin:  957 00:05:35    -2397.895585        0.110845
MDMin:  958 00:05:37    -2397.895587        0.113338
MDMin:  959 00:05:38    -2397.895590        0.115676
MDMin:  960 00:05:40    -2397.895592        0.117812
MDMin:  961 00:05:42    -2397.895595        0.119694
MDMin:  962 00:05:44    -2397.895598        0.121272
MDMin:  963 00:05:46    -2397.895600        0.122492
MDMin:  964 00:05:48    -2397.895603        0.123303
MDMin:  965 00:05:50    -2397.895605        0.123657
MDMin:  966 00:05:51    -2397.895608        0.123512
MDMin:  967 00:05:53    -2397.895610        0.122835
MDMin:  968 00:05:55    -2397.895613        0.121603
MDMin:  969 00:05:57    -2397.895615        0.119806
MDMin:  970 00:05:59    -2397.895618        0.117449
MDMin:  971 00:06:00    -2397.895621        0.114552
MDMin:  972 00:06:02    -2397.895623        0.111185
MDMin:  973 00:06:04    -2397.895626        0.107407
MDMin:  974 00:06:06    -2397.895628        0.103271
MDMin:  975 00:06:08    -2397.895631        0.099849
MDMin:  976 00:06:09    -2397.895633        0.098885
MDMin:  977 00:06:11    -2397.895636        0.097611
MDMin:  978 00:06:13    -2397.895639        0.096033
MDMin:  979 00:06:15    -2397.895641        0.094162
MDMin:  980 00:06:17    -2397.895644        0.092014
MDMin:  981 00:06:18    -2397.895647        0.089613
MDMin:  982 00:06:20    -2397.895649        0.086985
MDMin:  983 00:06:22    -2397.895652        0.084162
MDMin:  984 00:06:24    -2397.895655        0.081179
MDMin:  985 00:06:26    -2397.895657        0.078071
MDMin:  986 00:06:28    -2397.895660        0.074875
MDMin:  987 00:06:30    -2397.895663        0.071630
MDMin:  988 00:06:32    -2397.895665        0.068375
MDMin:  989 00:06:34    -2397.895668        0.065166
MDMin:  990 00:06:35    -2397.895671        0.081224
MDMin:  991 00:06:38    -2397.895673        0.127073
MDMin:  992 00:06:40    -2397.895674        0.084536
MDMin:  993 00:06:42    -2397.895675        0.057141
MDMin:  994 00:06:44    -2397.895676        0.056154
MDMin:  995 00:06:45    -2397.895677        0.055165
MDMin:  996 00:06:47    -2397.895678        0.054174
MDMin:  997 00:06:48    -2397.895679        0.053184
MDMin:  998 00:06:50    -2397.895680        0.052195
MDMin:  999 00:06:51    -2397.895681        0.051210
MDMin:  1000 00:06:53    -2397.895682        0.050231
MDMin:  1001 00:06:55    -2397.895683        0.049611
