       Step     Time          Energy          fmax
MDMin:    0 18:04:52    -2397.775278        0.147510
MDMin:    1 18:04:53    -2397.775275        0.147506
MDMin:    2 18:04:55    -2397.775267        0.147507
MDMin:    3 18:04:56    -2397.775254        0.147507
MDMin:    4 18:04:57    -2397.775236        0.147508
MDMin:    5 18:04:59    -2397.775212        0.147509
MDMin:    6 18:05:01    -2397.775184        0.147511
MDMin:    7 18:05:03    -2397.775151        0.147511
MDMin:    8 18:05:05    -2397.775113        0.147512
MDMin:    9 18:05:07    -2397.775071        0.147512
MDMin:   10 18:05:09    -2397.775025        0.147511
MDMin:   11 18:05:11    -2397.774976        0.147508
MDMin:   12 18:05:13    -2397.774923        0.147504
MDMin:   13 18:05:14    -2397.774867        0.147498
MDMin:   14 18:05:15    -2397.774809        0.147489
MDMin:   15 18:05:17    -2397.774748        0.147477
MDMin:   16 18:05:18    -2397.774686        0.147461
MDMin:   17 18:05:19    -2397.774622        0.147441
MDMin:   18 18:05:21    -2397.774557        0.147416
MDMin:   19 18:05:23    -2397.774491        0.147385
MDMin:   20 18:05:25    -2397.774425        0.147347
MDMin:   21 18:05:27    -2397.774360        0.147302
MDMin:   22 18:05:29    -2397.774295        0.147248
MDMin:   23 18:05:31    -2397.774231        0.147185
MDMin:   24 18:05:33    -2397.774169        0.147111
MDMin:   25 18:05:35    -2397.774108        0.147026
MDMin:   26 18:05:37    -2397.774049        0.146928
MDMin:   27 18:05:39    -2397.773993        0.146816
MDMin:   28 18:05:41    -2397.773940        0.146688
MDMin:   29 18:05:44    -2397.773889        0.146543
MDMin:   30 18:05:46    -2397.773842        0.146380
MDMin:   31 18:05:47    -2397.773798        0.146198
MDMin:   32 18:05:49    -2397.773757        0.145994
MDMin:   33 18:05:51    -2397.773720        0.145768
MDMin:   34 18:05:53    -2397.773687        0.145517
MDMin:   35 18:05:55    -2397.773657        0.145241
MDMin:   36 18:05:56    -2397.773631        0.144937
MDMin:   37 18:05:57    -2397.773609        0.144604
MDMin:   38 18:05:59    -2397.773590        0.144241
MDMin:   39 18:06:00    -2397.773575        0.143846
MDMin:   40 18:06:01    -2397.773564        0.143418
MDMin:   41 18:06:02    -2397.773556        0.142955
MDMin:   42 18:06:04    -2397.773551        0.142458
MDMin:   43 18:06:05    -2397.773549        0.141923
MDMin:   44 18:06:07    -2397.773550        0.141352
MDMin:   45 18:06:08    -2397.773554        0.140742
MDMin:   46 18:06:10    -2397.773560        0.140095
MDMin:   47 18:06:12    -2397.773569        0.139409
MDMin:   48 18:06:14    -2397.773580        0.138686
MDMin:   49 18:06:16    -2397.773593        0.137924
MDMin:   50 18:06:18    -2397.773607        0.137126
MDMin:   51 18:06:20    -2397.773624        0.136293
MDMin:   52 18:06:22    -2397.773642        0.135425
MDMin:   53 18:06:23    -2397.773661        0.134525
MDMin:   54 18:06:24    -2397.773682        0.133596
MDMin:   55 18:06:26    -2397.773703        0.132639
MDMin:   56 18:06:28    -2397.773726        0.131658
MDMin:   57 18:06:30    -2397.773749        0.130657
MDMin:   58 18:06:32    -2397.773773        0.129639
MDMin:   59 18:06:34    -2397.773798        0.128608
MDMin:   60 18:06:36    -2397.773824        0.127569
MDMin:   61 18:06:38    -2397.773849        0.126526
MDMin:   62 18:06:40    -2397.773876        0.125486
MDMin:   63 18:06:42    -2397.773902        0.124453
MDMin:   64 18:06:44    -2397.773930        0.123434
MDMin:   65 18:06:46    -2397.773957        0.122434
MDMin:   66 18:06:48    -2397.773985        0.121458
MDMin:   67 18:06:49    -2397.774013        0.120515
MDMin:   68 18:06:51    -2397.774041        0.119609
MDMin:   69 18:06:53    -2397.774069        0.118748
MDMin:   70 18:06:55    -2397.774098        0.117937
MDMin:   71 18:06:57    -2397.774127        0.117183
MDMin:   72 18:06:59    -2397.774156        0.116493
MDMin:   73 18:07:00    -2397.774185        0.115872
MDMin:   74 18:07:02    -2397.774215        0.115329
MDMin:   75 18:07:04    -2397.774244        0.114872
MDMin:   76 18:07:06    -2397.774274        0.114510
MDMin:   77 18:07:08    -2397.774304        0.114247
MDMin:   78 18:07:09    -2397.774334        0.114090
MDMin:   79 18:07:11    -2397.774364        0.114043
MDMin:   80 18:07:13    -2397.774395        0.114111
MDMin:   81 18:07:15    -2397.774425        0.114299
MDMin:   82 18:07:17    -2397.774455        0.114609
MDMin:   83 18:07:19    -2397.774486        0.115046
MDMin:   84 18:07:21    -2397.774517        0.115609
MDMin:   85 18:07:23    -2397.774547        0.116301
MDMin:   86 18:07:25    -2397.774578        0.117121
MDMin:   87 18:07:27    -2397.774609        0.118066
MDMin:   88 18:07:29    -2397.774639        0.119135
MDMin:   89 18:07:30    -2397.774670        0.120323
MDMin:   90 18:07:31    -2397.774701        0.121623
MDMin:   91 18:07:32    -2397.774732        0.123028
MDMin:   92 18:07:33    -2397.774763        0.124530
MDMin:   93 18:07:35    -2397.774794        0.126119
MDMin:   94 18:07:36    -2397.774825        0.127782
MDMin:   95 18:07:38    -2397.774856        0.129509
MDMin:   96 18:07:39    -2397.774888        0.131288
MDMin:   97 18:07:41    -2397.774919        0.133109
MDMin:   98 18:07:43    -2397.774951        0.134960
MDMin:   99 18:07:44    -2397.774983        0.136835
MDMin:  100 18:07:46    -2397.775014        0.138727
MDMin:  101 18:07:47    -2397.775046        0.140633
MDMin:  102 18:07:48    -2397.775079        0.142553
MDMin:  103 18:07:50    -2397.775111        0.144487
MDMin:  104 18:07:51    -2397.775143        0.146435
MDMin:  105 18:07:54    -2397.775175        0.148386
MDMin:  106 18:07:55    -2397.775206        0.150289
MDMin:  107 18:07:57    -2397.775233        0.151952
MDMin:  108 18:07:59    -2397.775251        0.153079
MDMin:  109 18:08:01    -2397.775264        0.153873
MDMin:  110 18:08:03    -2397.775276        0.154646
MDMin:  111 18:08:05    -2397.775289        0.155436
MDMin:  112 18:08:07    -2397.775302        0.156244
MDMin:  113 18:08:09    -2397.775315        0.157069
MDMin:  114 18:08:10    -2397.775328        0.157912
MDMin:  115 18:08:12    -2397.775342        0.158770
MDMin:  116 18:08:14    -2397.775355        0.159642
MDMin:  117 18:08:15    -2397.775369        0.160526
MDMin:  118 18:08:17    -2397.775383        0.161419
MDMin:  119 18:08:19    -2397.775397        0.162319
MDMin:  120 18:08:21    -2397.775412        0.163222
MDMin:  121 18:08:23    -2397.775426        0.164124
MDMin:  122 18:08:24    -2397.775441        0.165020
MDMin:  123 18:08:27    -2397.775456        0.165905
MDMin:  124 18:08:28    -2397.775471        0.166771
MDMin:  125 18:08:29    -2397.775487        0.167612
MDMin:  126 18:08:31    -2397.775502        0.168419
MDMin:  127 18:08:32    -2397.775518        0.169181
MDMin:  128 18:08:33    -2397.775533        0.169889
MDMin:  129 18:08:35    -2397.775549        0.170529
MDMin:  130 18:08:36    -2397.775565        0.171089
MDMin:  131 18:08:37    -2397.775581        0.171553
MDMin:  132 18:08:39    -2397.775598        0.171904
MDMin:  133 18:08:40    -2397.775614        0.172125
MDMin:  134 18:08:41    -2397.775631        0.172195
MDMin:  135 18:08:42    -2397.775647        0.172095
MDMin:  136 18:08:44    -2397.775664        0.171802
MDMin:  137 18:08:45    -2397.775681        0.171293
MDMin:  138 18:08:47    -2397.775698        0.170542
MDMin:  139 18:08:49    -2397.775716        0.169527
MDMin:  140 18:08:51    -2397.775733        0.168221
MDMin:  141 18:08:53    -2397.775750        0.166601
MDMin:  142 18:08:55    -2397.775768        0.164641
MDMin:  143 18:08:57    -2397.775786        0.162322
MDMin:  144 18:08:59    -2397.775804        0.159622
MDMin:  145 18:09:01    -2397.775822        0.156526
MDMin:  146 18:09:03    -2397.775840        0.153021
MDMin:  147 18:09:04    -2397.775859        0.149101
MDMin:  148 18:09:06    -2397.775878        0.144767
MDMin:  149 18:09:07    -2397.775897        0.140024
MDMin:  150 18:09:08    -2397.775916        0.134888
MDMin:  151 18:09:09    -2397.775936        0.129384
MDMin:  152 18:09:11    -2397.775956        0.130301
MDMin:  153 18:09:12    -2397.775976        0.131387
MDMin:  154 18:09:13    -2397.775996        0.131919
MDMin:  155 18:09:15    -2397.776017        0.131857
MDMin:  156 18:09:16    -2397.776039        0.131166
MDMin:  157 18:09:17    -2397.776061        0.129827
MDMin:  158 18:09:19    -2397.776083        0.127832
MDMin:  159 18:09:21    -2397.776106        0.125188
MDMin:  160 18:09:23    -2397.776130        0.121920
MDMin:  161 18:09:25    -2397.776154        0.118068
MDMin:  162 18:09:27    -2397.776179        0.113693
MDMin:  163 18:09:29    -2397.776205        0.108901
MDMin:  164 18:09:31    -2397.776232        0.106138
MDMin:  165 18:09:32    -2397.776259        0.103263
MDMin:  166 18:09:34    -2397.776288        0.100306
MDMin:  167 18:09:35    -2397.776317        0.097299
MDMin:  168 18:09:36    -2397.776347        0.094275
MDMin:  169 18:09:38    -2397.776378        0.091272
MDMin:  170 18:09:40    -2397.776411        0.088326
MDMin:  171 18:09:42    -2397.776444        0.085476
MDMin:  172 18:09:44    -2397.776478        0.084712
MDMin:  173 18:09:46    -2397.776513        0.084663
MDMin:  174 18:09:48    -2397.776549        0.084809
MDMin:  175 18:09:50    -2397.776585        0.085186
MDMin:  176 18:09:52    -2397.776623        0.085822
MDMin:  177 18:09:54    -2397.776660        0.086735
MDMin:  178 18:09:57    -2397.776698        0.087929
MDMin:  179 18:09:59    -2397.776737        0.089393
MDMin:  180 18:10:00    -2397.776775        0.091101
MDMin:  181 18:10:02    -2397.776814        0.093000
MDMin:  182 18:10:03    -2397.776853        0.095014
MDMin:  183 18:10:04    -2397.776890        0.097011
MDMin:  184 18:10:05    -2397.776923        0.098622
MDMin:  185 18:10:06    -2397.776935        0.099165
MDMin:  186 18:10:07    -2397.776943        0.099517
MDMin:  187 18:10:08    -2397.776951        0.099867
MDMin:  188 18:10:10    -2397.776960        0.100208
MDMin:  189 18:10:12    -2397.776969        0.100537
MDMin:  190 18:10:13    -2397.776978        0.100851
MDMin:  191 18:10:14    -2397.776987        0.101144
MDMin:  192 18:10:16    -2397.776997        0.101412
MDMin:  193 18:10:18    -2397.777007        0.101650
MDMin:  194 18:10:20    -2397.777017        0.101853
MDMin:  195 18:10:21    -2397.777027        0.102015
MDMin:  196 18:10:23    -2397.777037        0.102130
MDMin:  197 18:10:25    -2397.777048        0.102192
MDMin:  198 18:10:27    -2397.777059        0.102195
MDMin:  199 18:10:29    -2397.777070        0.102132
MDMin:  200 18:10:30    -2397.777081        0.101996
MDMin:  201 18:10:32    -2397.777092        0.101782
MDMin:  202 18:10:34    -2397.777104        0.101482
MDMin:  203 18:10:36    -2397.777116        0.101091
MDMin:  204 18:10:38    -2397.777128        0.100603
MDMin:  205 18:10:40    -2397.777141        0.100012
MDMin:  206 18:10:42    -2397.777153        0.099316
MDMin:  207 18:10:44    -2397.777166        0.098509
MDMin:  208 18:10:46    -2397.777179        0.097589
MDMin:  209 18:10:48    -2397.777193        0.096555
MDMin:  210 18:10:50    -2397.777206        0.095406
MDMin:  211 18:10:51    -2397.777220        0.094143
MDMin:  212 18:10:53    -2397.777234        0.092769
MDMin:  213 18:10:55    -2397.777249        0.091286
MDMin:  214 18:10:57    -2397.777264        0.089699
MDMin:  215 18:10:59    -2397.777279        0.088015
MDMin:  216 18:11:01    -2397.777294        0.086239
MDMin:  217 18:11:03    -2397.777310        0.084380
MDMin:  218 18:11:05    -2397.777326        0.082444
MDMin:  219 18:11:07    -2397.777342        0.080442
MDMin:  220 18:11:09    -2397.777358        0.078383
MDMin:  221 18:11:10    -2397.777375        0.077722
MDMin:  222 18:11:11    -2397.777393        0.077870
MDMin:  223 18:11:13    -2397.777410        0.077989
MDMin:  224 18:11:14    -2397.777428        0.078080
MDMin:  225 18:11:15    -2397.777446        0.078142
MDMin:  226 18:11:16    -2397.777465        0.078175
MDMin:  227 18:11:18    -2397.777484        0.078180
MDMin:  228 18:11:19    -2397.777503        0.078158
MDMin:  229 18:11:21    -2397.777523        0.078112
MDMin:  230 18:11:22    -2397.777544        0.078043
MDMin:  231 18:11:23    -2397.777564        0.077954
MDMin:  232 18:11:24    -2397.777585        0.077847
MDMin:  233 18:11:26    -2397.777607        0.077727
MDMin:  234 18:11:28    -2397.777629        0.077596
MDMin:  235 18:11:30    -2397.777651        0.077458
MDMin:  236 18:11:31    -2397.777674        0.077318
MDMin:  237 18:11:33    -2397.777697        0.077180
MDMin:  238 18:11:35    -2397.777721        0.077048
MDMin:  239 18:11:36    -2397.777745        0.076926
MDMin:  240 18:11:38    -2397.777769        0.076820
MDMin:  241 18:11:40    -2397.777794        0.076733
MDMin:  242 18:11:42    -2397.777819        0.076671
MDMin:  243 18:11:44    -2397.777845        0.076637
MDMin:  244 18:11:46    -2397.777872        0.076636
MDMin:  245 18:11:48    -2397.777898        0.076672
MDMin:  246 18:11:50    -2397.777925        0.076749
MDMin:  247 18:11:52    -2397.777953        0.076872
MDMin:  248 18:11:53    -2397.777981        0.077043
MDMin:  249 18:11:54    -2397.778009        0.077268
MDMin:  250 18:11:56    -2397.778038        0.077550
MDMin:  251 18:11:58    -2397.778067        0.077893
MDMin:  252 18:11:59    -2397.778096        0.078301
MDMin:  253 18:12:00    -2397.778126        0.078777
MDMin:  254 18:12:02    -2397.778156        0.079325
MDMin:  255 18:12:04    -2397.778186        0.079950
MDMin:  256 18:12:06    -2397.778217        0.080654
MDMin:  257 18:12:07    -2397.778248        0.081442
MDMin:  258 18:12:09    -2397.778279        0.082314
MDMin:  259 18:12:11    -2397.778310        0.083258
MDMin:  260 18:12:12    -2397.778338        0.084191
MDMin:  261 18:12:13    -2397.778357        0.084869
MDMin:  262 18:12:15    -2397.778368        0.085273
MDMin:  263 18:12:17    -2397.778379        0.085677
MDMin:  264 18:12:19    -2397.778390        0.086100
MDMin:  265 18:12:20    -2397.778401        0.086546
MDMin:  266 18:12:22    -2397.778412        0.087013
MDMin:  267 18:12:23    -2397.778424        0.087504
MDMin:  268 18:12:25    -2397.778436        0.088020
MDMin:  269 18:12:27    -2397.778448        0.088560
MDMin:  270 18:12:29    -2397.778460        0.089127
MDMin:  271 18:12:31    -2397.778473        0.089722
MDMin:  272 18:12:33    -2397.778486        0.090345
MDMin:  273 18:12:35    -2397.778499        0.090997
MDMin:  274 18:12:37    -2397.778512        0.091681
MDMin:  275 18:12:39    -2397.778525        0.092396
MDMin:  276 18:12:41    -2397.778539        0.093146
MDMin:  277 18:12:42    -2397.778553        0.093929
MDMin:  278 18:12:44    -2397.778567        0.094749
MDMin:  279 18:12:45    -2397.778581        0.095607
MDMin:  280 18:12:47    -2397.778595        0.096504
MDMin:  281 18:12:49    -2397.778610        0.097441
MDMin:  282 18:12:51    -2397.778625        0.098420
MDMin:  283 18:12:53    -2397.778640        0.099443
MDMin:  284 18:12:55    -2397.778655        0.100511
MDMin:  285 18:12:57    -2397.778671        0.101626
MDMin:  286 18:12:59    -2397.778686        0.102790
MDMin:  287 18:13:01    -2397.778702        0.104004
MDMin:  288 18:13:03    -2397.778718        0.105271
MDMin:  289 18:13:04    -2397.778734        0.106591
MDMin:  290 18:13:06    -2397.778750        0.107968
MDMin:  291 18:13:07    -2397.778767        0.109402
MDMin:  292 18:13:09    -2397.778783        0.110895
MDMin:  293 18:13:11    -2397.778800        0.112449
MDMin:  294 18:13:12    -2397.778817        0.114066
MDMin:  295 18:13:14    -2397.778834        0.115748
MDMin:  296 18:13:16    -2397.778851        0.117496
MDMin:  297 18:13:18    -2397.778868        0.119311
MDMin:  298 18:13:20    -2397.778885        0.121196
MDMin:  299 18:13:22    -2397.778903        0.123151
MDMin:  300 18:13:23    -2397.778920        0.125177
MDMin:  301 18:13:24    -2397.778938        0.127276
MDMin:  302 18:13:25    -2397.778955        0.129448
MDMin:  303 18:13:26    -2397.778973        0.131693
MDMin:  304 18:13:27    -2397.778991        0.134013
MDMin:  305 18:13:28    -2397.779009        0.136405
MDMin:  306 18:13:29    -2397.779027        0.138870
MDMin:  307 18:13:31    -2397.779045        0.141407
MDMin:  308 18:13:32    -2397.779063        0.144014
MDMin:  309 18:13:33    -2397.779081        0.146688
MDMin:  310 18:13:34    -2397.779099        0.149426
MDMin:  311 18:13:36    -2397.779117        0.152225
MDMin:  312 18:13:37    -2397.779135        0.155080
MDMin:  313 18:13:39    -2397.779153        0.157985
MDMin:  314 18:13:41    -2397.779171        0.160933
MDMin:  315 18:13:43    -2397.779189        0.163917
MDMin:  316 18:13:45    -2397.779207        0.166926
MDMin:  317 18:13:47    -2397.779225        0.169951
MDMin:  318 18:13:48    -2397.779243        0.172979
MDMin:  319 18:13:50    -2397.779261        0.175997
MDMin:  320 18:13:51    -2397.779279        0.178988
MDMin:  321 18:13:52    -2397.779297        0.181936
MDMin:  322 18:13:54    -2397.779315        0.184821
MDMin:  323 18:13:55    -2397.779333        0.187621
MDMin:  324 18:13:56    -2397.779351        0.190313
MDMin:  325 18:13:58    -2397.779369        0.192871
MDMin:  326 18:13:59    -2397.779387        0.195267
MDMin:  327 18:14:00    -2397.779404        0.197471
MDMin:  328 18:14:03    -2397.779422        0.199451
MDMin:  329 18:14:05    -2397.779440        0.201172
MDMin:  330 18:14:07    -2397.779458        0.202600
MDMin:  331 18:14:09    -2397.779476        0.203698
MDMin:  332 18:14:10    -2397.779494        0.204426
MDMin:  333 18:14:11    -2397.779511        0.204747
MDMin:  334 18:14:13    -2397.779529        0.204623
MDMin:  335 18:14:14    -2397.779547        0.204016
MDMin:  336 18:14:16    -2397.779566        0.202891
MDMin:  337 18:14:18    -2397.779584        0.201217
MDMin:  338 18:14:20    -2397.779602        0.198966
MDMin:  339 18:14:22    -2397.779621        0.196116
MDMin:  340 18:14:24    -2397.779639        0.192653
MDMin:  341 18:14:25    -2397.779658        0.188569
MDMin:  342 18:14:27    -2397.779677        0.186131
MDMin:  343 18:14:29    -2397.779696        0.191306
MDMin:  344 18:14:31    -2397.779716        0.195917
MDMin:  345 18:14:33    -2397.779736        0.199861
MDMin:  346 18:14:34    -2397.779756        0.203033
MDMin:  347 18:14:36    -2397.779776        0.205334
MDMin:  348 18:14:38    -2397.779798        0.206665
MDMin:  349 18:14:40    -2397.779819        0.206941
MDMin:  350 18:14:41    -2397.779841        0.206085
MDMin:  351 18:14:43    -2397.779864        0.204042
MDMin:  352 18:14:45    -2397.779887        0.200776
MDMin:  353 18:14:47    -2397.779912        0.196279
MDMin:  354 18:14:49    -2397.779937        0.190574
MDMin:  355 18:14:50    -2397.779963        0.183717
MDMin:  356 18:14:51    -2397.779990        0.175805
MDMin:  357 18:14:53    -2397.780019        0.166971
MDMin:  358 18:14:54    -2397.780049        0.157391
MDMin:  359 18:14:56    -2397.780080        0.147275
MDMin:  360 18:14:57    -2397.780113        0.136863
MDMin:  361 18:14:59    -2397.780148        0.126418
MDMin:  362 18:15:01    -2397.780184        0.116204
MDMin:  363 18:15:03    -2397.780223        0.110894
MDMin:  364 18:15:05    -2397.780263        0.109639
MDMin:  365 18:15:07    -2397.780304        0.108345
MDMin:  366 18:15:08    -2397.780348        0.107108
MDMin:  367 18:15:10    -2397.780393        0.106015
MDMin:  368 18:15:12    -2397.780440        0.105138
MDMin:  369 18:15:14    -2397.780488        0.104529
MDMin:  370 18:15:15    -2397.780536        0.104218
MDMin:  371 18:15:17    -2397.780586        0.104209
MDMin:  372 18:15:19    -2397.780637        0.104484
MDMin:  373 18:15:21    -2397.780688        0.104996
MDMin:  374 18:15:23    -2397.780740        0.105672
MDMin:  375 18:15:25    -2397.780793        0.106410
MDMin:  376 18:15:26    -2397.780846        0.107078
MDMin:  377 18:15:28    -2397.780899        0.107513
MDMin:  378 18:15:29    -2397.780953        0.107533
MDMin:  379 18:15:31    -2397.781008        0.106943
MDMin:  380 18:15:34    -2397.781064        0.105556
MDMin:  381 18:15:35    -2397.781121        0.103226
MDMin:  382 18:15:36    -2397.781178        0.099903
MDMin:  383 18:15:38    -2397.781231        0.103439
MDMin:  384 18:15:40    -2397.781255        0.093966
MDMin:  385 18:15:42    -2397.781263        0.093270
MDMin:  386 18:15:43    -2397.781272        0.092467
MDMin:  387 18:15:45    -2397.781282        0.091608
MDMin:  388 18:15:47    -2397.781292        0.090704
MDMin:  389 18:15:49    -2397.781302        0.089756
MDMin:  390 18:15:51    -2397.781313        0.088764
MDMin:  391 18:15:52    -2397.781324        0.087728
MDMin:  392 18:15:54    -2397.781336        0.086648
MDMin:  393 18:15:56    -2397.781348        0.085523
MDMin:  394 18:15:58    -2397.781360        0.084355
MDMin:  395 18:15:59    -2397.781373        0.083142
MDMin:  396 18:16:01    -2397.781386        0.081888
MDMin:  397 18:16:03    -2397.781400        0.080591
MDMin:  398 18:16:05    -2397.781414        0.079254
MDMin:  399 18:16:07    -2397.781428        0.077878
MDMin:  400 18:16:08    -2397.781443        0.076466
MDMin:  401 18:16:10    -2397.781459        0.075018
MDMin:  402 18:16:12    -2397.781475        0.073537
MDMin:  403 18:16:13    -2397.781491        0.072025
MDMin:  404 18:16:15    -2397.781508        0.070486
MDMin:  405 18:16:17    -2397.781526        0.068921
MDMin:  406 18:16:18    -2397.781544        0.067334
MDMin:  407 18:16:20    -2397.781562        0.065728
MDMin:  408 18:16:21    -2397.781581        0.064105
MDMin:  409 18:16:23    -2397.781600        0.062469
MDMin:  410 18:16:25    -2397.781620        0.060823
MDMin:  411 18:16:26    -2397.781641        0.059170
MDMin:  412 18:16:28    -2397.781662        0.057514
MDMin:  413 18:16:30    -2397.781684        0.055858
MDMin:  414 18:16:32    -2397.781706        0.054206
MDMin:  415 18:16:34    -2397.781729        0.052561
MDMin:  416 18:16:36    -2397.781752        0.050926
MDMin:  417 18:16:38    -2397.781776        0.049306
       Step     Time          Energy          fmax
MDMin:    0 21:12:04    -2397.775278        0.147510
MDMin:    1 21:12:05    -2397.775275        0.147506
MDMin:    2 21:12:07    -2397.775267        0.147507
MDMin:    3 21:12:09    -2397.775254        0.147507
MDMin:    4 21:12:11    -2397.775236        0.147508
MDMin:    5 21:12:13    -2397.775212        0.147509
MDMin:    6 21:12:15    -2397.775184        0.147511
MDMin:    7 21:12:17    -2397.775151        0.147511
MDMin:    8 21:12:18    -2397.775113        0.147512
MDMin:    9 21:12:19    -2397.775071        0.147512
MDMin:   10 21:12:20    -2397.775025        0.147511
MDMin:   11 21:12:22    -2397.774976        0.147508
MDMin:   12 21:12:24    -2397.774923        0.147504
MDMin:   13 21:12:26    -2397.774867        0.147498
MDMin:   14 21:12:28    -2397.774809        0.147489
MDMin:   15 21:12:30    -2397.774748        0.147477
MDMin:   16 21:12:32    -2397.774686        0.147461
MDMin:   17 21:12:33    -2397.774622        0.147441
MDMin:   18 21:12:35    -2397.774557        0.147416
MDMin:   19 21:12:37    -2397.774491        0.147385
MDMin:   20 21:12:40    -2397.774425        0.147347
MDMin:   21 21:12:42    -2397.774360        0.147302
MDMin:   22 21:12:43    -2397.774295        0.147248
MDMin:   23 21:12:46    -2397.774231        0.147185
MDMin:   24 21:12:48    -2397.774169        0.147111
MDMin:   25 21:12:50    -2397.774108        0.147026
MDMin:   26 21:12:52    -2397.774049        0.146928
MDMin:   27 21:12:53    -2397.773993        0.146816
MDMin:   28 21:12:56    -2397.773940        0.146688
MDMin:   29 21:12:58    -2397.773889        0.146543
MDMin:   30 21:13:00    -2397.773842        0.146380
MDMin:   31 21:13:02    -2397.773798        0.146198
MDMin:   32 21:13:04    -2397.773757        0.145994
MDMin:   33 21:13:06    -2397.773720        0.145768
MDMin:   34 21:13:07    -2397.773687        0.145517
MDMin:   35 21:13:09    -2397.773657        0.145241
MDMin:   36 21:13:11    -2397.773631        0.144937
MDMin:   37 21:13:13    -2397.773609        0.144604
MDMin:   38 21:13:15    -2397.773590        0.144241
MDMin:   39 21:13:17    -2397.773575        0.143846
MDMin:   40 21:13:18    -2397.773564        0.143418
MDMin:   41 21:13:21    -2397.773556        0.142955
MDMin:   42 21:13:23    -2397.773551        0.142458
MDMin:   43 21:13:25    -2397.773549        0.141923
MDMin:   44 21:13:26    -2397.773550        0.141352
MDMin:   45 21:13:27    -2397.773554        0.140742
MDMin:   46 21:13:29    -2397.773560        0.140095
MDMin:   47 21:13:30    -2397.773569        0.139409
MDMin:   48 21:13:31    -2397.773580        0.138686
MDMin:   49 21:13:33    -2397.773593        0.137924
MDMin:   50 21:13:35    -2397.773607        0.137126
MDMin:   51 21:13:36    -2397.773624        0.136293
MDMin:   52 21:13:37    -2397.773642        0.135425
MDMin:   53 21:13:39    -2397.773661        0.134525
MDMin:   54 21:13:40    -2397.773682        0.133596
MDMin:   55 21:13:42    -2397.773703        0.132639
MDMin:   56 21:13:43    -2397.773726        0.131658
MDMin:   57 21:13:45    -2397.773749        0.130657
MDMin:   58 21:13:47    -2397.773773        0.129639
MDMin:   59 21:13:49    -2397.773798        0.128608
MDMin:   60 21:13:51    -2397.773824        0.127569
MDMin:   61 21:13:53    -2397.773849        0.126526
MDMin:   62 21:13:55    -2397.773876        0.125486
MDMin:   63 21:13:57    -2397.773902        0.124453
MDMin:   64 21:13:59    -2397.773930        0.123434
MDMin:   65 21:14:01    -2397.773957        0.122434
MDMin:   66 21:14:03    -2397.773985        0.121458
MDMin:   67 21:14:05    -2397.774013        0.120515
MDMin:   68 21:14:07    -2397.774041        0.119609
MDMin:   69 21:14:09    -2397.774069        0.118748
MDMin:   70 21:14:11    -2397.774098        0.117937
MDMin:   71 21:14:13    -2397.774127        0.117183
MDMin:   72 21:14:15    -2397.774156        0.116493
MDMin:   73 21:14:16    -2397.774185        0.115872
MDMin:   74 21:14:18    -2397.774215        0.115329
MDMin:   75 21:14:19    -2397.774244        0.114872
MDMin:   76 21:14:21    -2397.774274        0.114510
MDMin:   77 21:14:23    -2397.774304        0.114247
MDMin:   78 21:14:25    -2397.774334        0.114090
MDMin:   79 21:14:27    -2397.774364        0.114043
MDMin:   80 21:14:29    -2397.774395        0.114111
MDMin:   81 21:14:31    -2397.774425        0.114299
MDMin:   82 21:14:33    -2397.774455        0.114609
MDMin:   83 21:14:35    -2397.774486        0.115046
MDMin:   84 21:14:37    -2397.774517        0.115609
MDMin:   85 21:14:39    -2397.774547        0.116301
MDMin:   86 21:14:41    -2397.774578        0.117121
MDMin:   87 21:14:43    -2397.774609        0.118066
MDMin:   88 21:14:45    -2397.774639        0.119135
MDMin:   89 21:14:47    -2397.774670        0.120323
MDMin:   90 21:14:48    -2397.774701        0.121623
MDMin:   91 21:14:51    -2397.774732        0.123028
MDMin:   92 21:14:52    -2397.774763        0.124530
MDMin:   93 21:14:54    -2397.774794        0.126119
MDMin:   94 21:14:55    -2397.774825        0.127782
MDMin:   95 21:14:57    -2397.774856        0.129509
MDMin:   96 21:14:58    -2397.774888        0.131288
MDMin:   97 21:15:00    -2397.774919        0.133109
MDMin:   98 21:15:02    -2397.774951        0.134960
MDMin:   99 21:15:04    -2397.774983        0.136835
MDMin:  100 21:15:06    -2397.775014        0.138727
MDMin:  101 21:15:08    -2397.775046        0.140633
MDMin:  102 21:15:10    -2397.775079        0.142553
MDMin:  103 21:15:12    -2397.775111        0.144487
MDMin:  104 21:15:14    -2397.775143        0.146435
MDMin:  105 21:15:16    -2397.775175        0.148386
MDMin:  106 21:15:18    -2397.775206        0.150289
MDMin:  107 21:15:20    -2397.775233        0.151953
MDMin:  108 21:15:22    -2397.775251        0.153079
MDMin:  109 21:15:24    -2397.775264        0.153874
MDMin:  110 21:15:26    -2397.775276        0.154647
MDMin:  111 21:15:28    -2397.775289        0.155436
MDMin:  112 21:15:30    -2397.775302        0.156244
MDMin:  113 21:15:33    -2397.775315        0.157070
MDMin:  114 21:15:35    -2397.775328        0.157913
MDMin:  115 21:15:37    -2397.775342        0.158771
MDMin:  116 21:15:39    -2397.775355        0.159643
MDMin:  117 21:15:41    -2397.775369        0.160526
MDMin:  118 21:15:43    -2397.775383        0.161420
MDMin:  119 21:15:45    -2397.775397        0.162320
MDMin:  120 21:15:47    -2397.775412        0.163223
MDMin:  121 21:15:49    -2397.775426        0.164125
MDMin:  122 21:15:51    -2397.775441        0.165021
MDMin:  123 21:15:54    -2397.775456        0.165905
MDMin:  124 21:15:55    -2397.775471        0.166772
MDMin:  125 21:15:57    -2397.775487        0.167613
MDMin:  126 21:15:59    -2397.775502        0.168419
MDMin:  127 21:16:01    -2397.775518        0.169182
MDMin:  128 21:16:03    -2397.775533        0.169889
MDMin:  129 21:16:05    -2397.775549        0.170530
MDMin:  130 21:16:08    -2397.775565        0.171089
MDMin:  131 21:16:10    -2397.775581        0.171553
MDMin:  132 21:16:12    -2397.775598        0.171904
MDMin:  133 21:16:14    -2397.775614        0.172125
MDMin:  134 21:16:16    -2397.775631        0.172195
MDMin:  135 21:16:18    -2397.775647        0.172095
MDMin:  136 21:16:21    -2397.775664        0.171802
MDMin:  137 21:16:23    -2397.775681        0.171292
MDMin:  138 21:16:25    -2397.775698        0.170542
MDMin:  139 21:16:27    -2397.775716        0.169527
MDMin:  140 21:16:29    -2397.775733        0.168221
MDMin:  141 21:16:31    -2397.775750        0.166600
MDMin:  142 21:16:33    -2397.775768        0.164641
MDMin:  143 21:16:35    -2397.775786        0.162321
MDMin:  144 21:16:37    -2397.775804        0.159621
MDMin:  145 21:16:39    -2397.775822        0.156525
MDMin:  146 21:16:42    -2397.775840        0.153020
MDMin:  147 21:16:44    -2397.775859        0.149100
MDMin:  148 21:16:46    -2397.775878        0.144765
MDMin:  149 21:16:48    -2397.775897        0.140022
MDMin:  150 21:16:50    -2397.775916        0.134887
MDMin:  151 21:16:52    -2397.775936        0.129383
MDMin:  152 21:16:54    -2397.775956        0.130301
MDMin:  153 21:16:56    -2397.775976        0.131387
MDMin:  154 21:16:59    -2397.775996        0.131919
MDMin:  155 21:17:01    -2397.776017        0.131857
MDMin:  156 21:17:03    -2397.776039        0.131166
MDMin:  157 21:17:05    -2397.776061        0.129827
MDMin:  158 21:17:07    -2397.776083        0.127832
MDMin:  159 21:17:09    -2397.776106        0.125188
MDMin:  160 21:17:11    -2397.776130        0.121919
MDMin:  161 21:17:13    -2397.776154        0.118068
MDMin:  162 21:17:15    -2397.776179        0.113692
MDMin:  163 21:17:17    -2397.776205        0.108901
MDMin:  164 21:17:19    -2397.776232        0.106137
MDMin:  165 21:17:21    -2397.776259        0.103263
MDMin:  166 21:17:23    -2397.776288        0.100306
MDMin:  167 21:17:25    -2397.776317        0.097298
MDMin:  168 21:17:27    -2397.776347        0.094275
MDMin:  169 21:17:29    -2397.776378        0.091271
MDMin:  170 21:17:31    -2397.776411        0.088326
MDMin:  171 21:17:33    -2397.776444        0.085476
MDMin:  172 21:17:36    -2397.776478        0.084712
MDMin:  173 21:17:38    -2397.776513        0.084663
MDMin:  174 21:17:40    -2397.776549        0.084809
MDMin:  175 21:17:41    -2397.776585        0.085186
MDMin:  176 21:17:43    -2397.776623        0.085822
MDMin:  177 21:17:44    -2397.776660        0.086735
MDMin:  178 21:17:47    -2397.776698        0.087929
MDMin:  179 21:17:49    -2397.776737        0.089393
MDMin:  180 21:17:50    -2397.776775        0.091101
MDMin:  181 21:17:53    -2397.776814        0.093000
MDMin:  182 21:17:55    -2397.776853        0.095013
MDMin:  183 21:17:56    -2397.776890        0.097008
MDMin:  184 21:17:58    -2397.776922        0.098595
MDMin:  185 21:18:00    -2397.776933        0.099106
MDMin:  186 21:18:02    -2397.776942        0.099478
MDMin:  187 21:18:04    -2397.776951        0.099845
MDMin:  188 21:18:06    -2397.776960        0.100202
MDMin:  189 21:18:08    -2397.776969        0.100545
MDMin:  190 21:18:10    -2397.776979        0.100870
MDMin:  191 21:18:12    -2397.776988        0.101172
MDMin:  192 21:18:15    -2397.776998        0.101447
MDMin:  193 21:18:16    -2397.777008        0.101688
MDMin:  194 21:18:18    -2397.777019        0.101891
MDMin:  195 21:18:20    -2397.777029        0.102048
MDMin:  196 21:18:22    -2397.777040        0.102154
MDMin:  197 21:18:23    -2397.777051        0.102202
MDMin:  198 21:18:25    -2397.777062        0.102186
MDMin:  199 21:18:27    -2397.777073        0.102098
MDMin:  200 21:18:29    -2397.777085        0.101931
MDMin:  201 21:18:30    -2397.777097        0.101680
MDMin:  202 21:18:32    -2397.777109        0.101337
MDMin:  203 21:18:35    -2397.777121        0.100896
MDMin:  204 21:18:37    -2397.777134        0.100352
MDMin:  205 21:18:39    -2397.777147        0.099700
MDMin:  206 21:18:40    -2397.777160        0.098935
MDMin:  207 21:18:41    -2397.777173        0.098056
MDMin:  208 21:18:43    -2397.777186        0.097058
MDMin:  209 21:18:45    -2397.777200        0.095943
MDMin:  210 21:18:47    -2397.777214        0.094709
MDMin:  211 21:18:49    -2397.777229        0.093360
MDMin:  212 21:18:51    -2397.777243        0.091898
MDMin:  213 21:18:53    -2397.777258        0.090327
MDMin:  214 21:18:55    -2397.777273        0.088654
MDMin:  215 21:18:57    -2397.777289        0.086885
MDMin:  216 21:18:59    -2397.777304        0.085028
MDMin:  217 21:19:01    -2397.777320        0.083090
MDMin:  218 21:19:03    -2397.777337        0.081082
MDMin:  219 21:19:04    -2397.777353        0.079012
MDMin:  220 21:19:06    -2397.777370        0.077681
MDMin:  221 21:19:07    -2397.777388        0.077839
MDMin:  222 21:19:09    -2397.777405        0.077967
MDMin:  223 21:19:10    -2397.777423        0.078067
MDMin:  224 21:19:12    -2397.777442        0.078136
MDMin:  225 21:19:13    -2397.777461        0.078176
MDMin:  226 21:19:14    -2397.777480        0.078188
MDMin:  227 21:19:15    -2397.777499        0.078172
MDMin:  228 21:19:17    -2397.777519        0.078130
MDMin:  229 21:19:19    -2397.777540        0.078065
MDMin:  230 21:19:22    -2397.777560        0.077978
MDMin:  231 21:19:24    -2397.777582        0.077873
MDMin:  232 21:19:26    -2397.777603        0.077753
MDMin:  233 21:19:28    -2397.777625        0.077622
MDMin:  234 21:19:30    -2397.777648        0.077483
MDMin:  235 21:19:32    -2397.777671        0.077342
MDMin:  236 21:19:34    -2397.777694        0.077202
MDMin:  237 21:19:36    -2397.777718        0.077067
MDMin:  238 21:19:38    -2397.777742        0.076943
MDMin:  239 21:19:40    -2397.777767        0.076834
MDMin:  240 21:19:42    -2397.777792        0.076744
MDMin:  241 21:19:44    -2397.777817        0.076678
MDMin:  242 21:19:46    -2397.777843        0.076641
MDMin:  243 21:19:48    -2397.777870        0.076637
MDMin:  244 21:19:50    -2397.777897        0.076671
MDMin:  245 21:19:52    -2397.777924        0.076746
MDMin:  246 21:19:54    -2397.777951        0.076866
MDMin:  247 21:19:56    -2397.777980        0.077037
MDMin:  248 21:19:58    -2397.778008        0.077261
MDMin:  249 21:20:00    -2397.778037        0.077543
MDMin:  250 21:20:02    -2397.778066        0.077887
MDMin:  251 21:20:04    -2397.778096        0.078296
MDMin:  252 21:20:06    -2397.778126        0.078774
MDMin:  253 21:20:09    -2397.778156        0.079326
MDMin:  254 21:20:11    -2397.778186        0.079955
MDMin:  255 21:20:13    -2397.778217        0.080664
MDMin:  256 21:20:15    -2397.778249        0.081459
MDMin:  257 21:20:17    -2397.778280        0.082340
MDMin:  258 21:20:19    -2397.778311        0.083301
MDMin:  259 21:20:20    -2397.778341        0.084285
MDMin:  260 21:20:21    -2397.778363        0.085073
MDMin:  261 21:20:23    -2397.778374        0.085516
MDMin:  262 21:20:24    -2397.778385        0.085931
MDMin:  263 21:20:26    -2397.778396        0.086366
MDMin:  264 21:20:28    -2397.778408        0.086823
MDMin:  265 21:20:30    -2397.778419        0.087302
MDMin:  266 21:20:32    -2397.778431        0.087806
MDMin:  267 21:20:34    -2397.778443        0.088335
MDMin:  268 21:20:36    -2397.778455        0.088889
MDMin:  269 21:20:39    -2397.778467        0.089470
MDMin:  270 21:20:41    -2397.778480        0.090079
MDMin:  271 21:20:43    -2397.778493        0.090718
MDMin:  272 21:20:44    -2397.778506        0.091387
MDMin:  273 21:20:46    -2397.778519        0.092087
MDMin:  274 21:20:48    -2397.778533        0.092820
MDMin:  275 21:20:50    -2397.778547        0.093587
MDMin:  276 21:20:52    -2397.778560        0.094390
MDMin:  277 21:20:54    -2397.778575        0.095229
MDMin:  278 21:20:56    -2397.778589        0.096107
MDMin:  279 21:20:58    -2397.778604        0.097025
MDMin:  280 21:21:01    -2397.778618        0.097984
MDMin:  281 21:21:02    -2397.778633        0.098986
MDMin:  282 21:21:04    -2397.778648        0.100032
MDMin:  283 21:21:06    -2397.778664        0.101124
MDMin:  284 21:21:08    -2397.778679        0.102265
MDMin:  285 21:21:10    -2397.778695        0.103455
MDMin:  286 21:21:11    -2397.778711        0.104696
MDMin:  287 21:21:13    -2397.778727        0.105991
MDMin:  288 21:21:15    -2397.778743        0.107340
MDMin:  289 21:21:17    -2397.778759        0.108746
MDMin:  290 21:21:19    -2397.778776        0.110211
MDMin:  291 21:21:20    -2397.778792        0.111735
MDMin:  292 21:21:22    -2397.778809        0.113322
MDMin:  293 21:21:24    -2397.778826        0.114972
MDMin:  294 21:21:26    -2397.778843        0.116688
MDMin:  295 21:21:28    -2397.778860        0.118470
MDMin:  296 21:21:31    -2397.778877        0.120321
MDMin:  297 21:21:33    -2397.778895        0.122242
MDMin:  298 21:21:35    -2397.778912        0.124233
MDMin:  299 21:21:37    -2397.778930        0.126297
MDMin:  300 21:21:39    -2397.778947        0.128433
MDMin:  301 21:21:41    -2397.778965        0.130643
MDMin:  302 21:21:43    -2397.778983        0.132926
MDMin:  303 21:21:45    -2397.779000        0.135282
MDMin:  304 21:21:47    -2397.779018        0.137712
MDMin:  305 21:21:49    -2397.779036        0.140214
MDMin:  306 21:21:51    -2397.779054        0.142786
MDMin:  307 21:21:53    -2397.779072        0.145427
MDMin:  308 21:21:54    -2397.779090        0.148134
MDMin:  309 21:21:57    -2397.779108        0.150904
MDMin:  310 21:21:59    -2397.779126        0.153731
MDMin:  311 21:22:00    -2397.779144        0.156611
MDMin:  312 21:22:02    -2397.779162        0.159538
MDMin:  313 21:22:04    -2397.779180        0.162504
MDMin:  314 21:22:06    -2397.779199        0.165501
MDMin:  315 21:22:09    -2397.779217        0.168519
MDMin:  316 21:22:11    -2397.779235        0.171545
MDMin:  317 21:22:13    -2397.779253        0.174568
MDMin:  318 21:22:14    -2397.779271        0.177573
MDMin:  319 21:22:16    -2397.779289        0.180542
MDMin:  320 21:22:18    -2397.779306        0.183458
MDMin:  321 21:22:20    -2397.779324        0.186299
MDMin:  322 21:22:22    -2397.779342        0.189045
MDMin:  323 21:22:24    -2397.779360        0.191669
MDMin:  324 21:22:26    -2397.779378        0.194144
MDMin:  325 21:22:28    -2397.779396        0.196443
MDMin:  326 21:22:30    -2397.779414        0.198533
MDMin:  327 21:22:32    -2397.779431        0.200382
MDMin:  328 21:22:34    -2397.779449        0.201955
MDMin:  329 21:22:36    -2397.779467        0.203215
MDMin:  330 21:22:38    -2397.779485        0.204124
MDMin:  331 21:22:40    -2397.779503        0.204646
MDMin:  332 21:22:42    -2397.779521        0.204740
MDMin:  333 21:22:44    -2397.779539        0.204369
MDMin:  334 21:22:46    -2397.779557        0.203498
MDMin:  335 21:22:48    -2397.779575        0.202092
MDMin:  336 21:22:51    -2397.779593        0.200122
MDMin:  337 21:22:53    -2397.779612        0.197564
MDMin:  338 21:22:55    -2397.779630        0.194398
MDMin:  339 21:22:57    -2397.779649        0.190615
MDMin:  340 21:22:59    -2397.779668        0.186212
MDMin:  341 21:23:01    -2397.779687        0.188871
MDMin:  342 21:23:03    -2397.779706        0.193766
MDMin:  343 21:23:05    -2397.779726        0.198044
MDMin:  344 21:23:07    -2397.779746        0.201601
MDMin:  345 21:23:09    -2397.779766        0.204335
MDMin:  346 21:23:11    -2397.779787        0.206146
MDMin:  347 21:23:13    -2397.779809        0.206943
MDMin:  348 21:23:15    -2397.779830        0.206643
MDMin:  349 21:23:18    -2397.779853        0.205181
MDMin:  350 21:23:20    -2397.779876        0.202511
MDMin:  351 21:23:22    -2397.779900        0.198611
MDMin:  352 21:23:24    -2397.779925        0.193488
MDMin:  353 21:23:26    -2397.779950        0.187182
MDMin:  354 21:23:28    -2397.779977        0.179769
MDMin:  355 21:23:30    -2397.780005        0.171365
MDMin:  356 21:23:32    -2397.780034        0.162125
MDMin:  357 21:23:34    -2397.780065        0.152242
MDMin:  358 21:23:36    -2397.780097        0.141944
MDMin:  359 21:23:38    -2397.780131        0.131484
MDMin:  360 21:23:40    -2397.780166        0.121127
MDMin:  361 21:23:42    -2397.780204        0.111461
MDMin:  362 21:23:44    -2397.780243        0.110260
MDMin:  363 21:23:46    -2397.780284        0.108974
MDMin:  364 21:23:49    -2397.780327        0.107698
MDMin:  365 21:23:51    -2397.780371        0.106525
MDMin:  366 21:23:53    -2397.780417        0.105535
MDMin:  367 21:23:55    -2397.780464        0.104790
MDMin:  368 21:23:57    -2397.780512        0.104332
MDMin:  369 21:23:59    -2397.780562        0.104177
MDMin:  370 21:24:01    -2397.780612        0.104317
MDMin:  371 21:24:04    -2397.780663        0.104720
MDMin:  372 21:24:06    -2397.780715        0.105327
MDMin:  373 21:24:08    -2397.780767        0.106050
MDMin:  374 21:24:10    -2397.780820        0.106770
MDMin:  375 21:24:12    -2397.780873        0.107341
MDMin:  376 21:24:14    -2397.780927        0.107588
MDMin:  377 21:24:16    -2397.780981        0.107320
MDMin:  378 21:24:18    -2397.781036        0.106344
MDMin:  379 21:24:20    -2397.781093        0.104489
MDMin:  380 21:24:22    -2397.781150        0.101642
MDMin:  381 21:24:25    -2397.781208        0.097834
MDMin:  382 21:24:26    -2397.781257        0.119516
MDMin:  383 21:24:28    -2397.781271        0.092612
MDMin:  384 21:24:30    -2397.781285        0.091327
MDMin:  385 21:24:32    -2397.781300        0.089985
MDMin:  386 21:24:33    -2397.781315        0.088587
MDMin:  387 21:24:34    -2397.781331        0.087133
MDMin:  388 21:24:36    -2397.781347        0.085624
MDMin:  389 21:24:37    -2397.781363        0.084062
MDMin:  390 21:24:38    -2397.781380        0.082449
MDMin:  391 21:24:39    -2397.781398        0.080787
MDMin:  392 21:24:41    -2397.781415        0.079079
MDMin:  393 21:24:43    -2397.781434        0.077329
MDMin:  394 21:24:45    -2397.781453        0.075540
MDMin:  395 21:24:47    -2397.781472        0.073717
MDMin:  396 21:24:49    -2397.781492        0.071864
MDMin:  397 21:24:51    -2397.781513        0.069985
MDMin:  398 21:24:53    -2397.781534        0.068085
MDMin:  399 21:24:55    -2397.781556        0.066169
MDMin:  400 21:24:57    -2397.781578        0.064241
MDMin:  401 21:24:59    -2397.781601        0.062306
MDMin:  402 21:25:01    -2397.781625        0.060369
MDMin:  403 21:25:04    -2397.781649        0.058434
MDMin:  404 21:25:06    -2397.781674        0.056507
MDMin:  405 21:25:08    -2397.781699        0.054592
MDMin:  406 21:25:10    -2397.781725        0.052694
MDMin:  407 21:25:12    -2397.781752        0.050818
MDMin:  408 21:25:14    -2397.781779        0.048968
       Step     Time          Energy          fmax
MDMin:    0 07:00:31    -2397.775278        0.147510
MDMin:    1 07:00:33    -2397.775275        0.147506
MDMin:    2 07:00:35    -2397.775267        0.147507
MDMin:    3 07:00:37    -2397.775254        0.147507
MDMin:    4 07:00:39    -2397.775236        0.147508
MDMin:    5 07:00:41    -2397.775212        0.147509
MDMin:    6 07:00:42    -2397.775184        0.147511
MDMin:    7 07:00:44    -2397.775151        0.147511
MDMin:    8 07:00:46    -2397.775113        0.147512
MDMin:    9 07:00:47    -2397.775071        0.147512
MDMin:   10 07:00:49    -2397.775025        0.147511
MDMin:   11 07:00:50    -2397.774976        0.147508
MDMin:   12 07:00:51    -2397.774923        0.147504
MDMin:   13 07:00:53    -2397.774867        0.147498
MDMin:   14 07:00:55    -2397.774809        0.147489
MDMin:   15 07:00:57    -2397.774748        0.147477
MDMin:   16 07:00:59    -2397.774686        0.147461
MDMin:   17 07:01:00    -2397.774622        0.147441
MDMin:   18 07:01:01    -2397.774557        0.147416
MDMin:   19 07:01:03    -2397.774491        0.147385
MDMin:   20 07:01:05    -2397.774425        0.147347
MDMin:   21 07:01:07    -2397.774360        0.147302
MDMin:   22 07:01:09    -2397.774295        0.147248
MDMin:   23 07:01:11    -2397.774231        0.147185
MDMin:   24 07:01:13    -2397.774169        0.147111
MDMin:   25 07:01:15    -2397.774108        0.147026
MDMin:   26 07:01:16    -2397.774049        0.146928
MDMin:   27 07:01:18    -2397.773993        0.146816
MDMin:   28 07:01:19    -2397.773940        0.146688
MDMin:   29 07:01:21    -2397.773889        0.146543
MDMin:   30 07:01:22    -2397.773842        0.146380
MDMin:   31 07:01:24    -2397.773798        0.146198
MDMin:   32 07:01:26    -2397.773757        0.145994
MDMin:   33 07:01:28    -2397.773720        0.145768
MDMin:   34 07:01:29    -2397.773687        0.145517
MDMin:   35 07:01:32    -2397.773657        0.145241
MDMin:   36 07:01:33    -2397.773631        0.144937
MDMin:   37 07:01:34    -2397.773609        0.144604
MDMin:   38 07:01:36    -2397.773590        0.144241
MDMin:   39 07:01:37    -2397.773575        0.143846
MDMin:   40 07:01:39    -2397.773564        0.143418
MDMin:   41 07:01:40    -2397.773556        0.142955
MDMin:   42 07:01:42    -2397.773551        0.142458
MDMin:   43 07:01:44    -2397.773549        0.141923
MDMin:   44 07:01:46    -2397.773550        0.141352
MDMin:   45 07:01:48    -2397.773554        0.140742
MDMin:   46 07:01:49    -2397.773560        0.140095
MDMin:   47 07:01:51    -2397.773569        0.139409
MDMin:   48 07:01:53    -2397.773580        0.138686
MDMin:   49 07:01:55    -2397.773593        0.137924
MDMin:   50 07:01:57    -2397.773607        0.137126
MDMin:   51 07:01:59    -2397.773624        0.136293
MDMin:   52 07:02:00    -2397.773642        0.135425
MDMin:   53 07:02:02    -2397.773661        0.134525
MDMin:   54 07:02:04    -2397.773682        0.133596
MDMin:   55 07:02:06    -2397.773703        0.132639
MDMin:   56 07:02:08    -2397.773726        0.131658
MDMin:   57 07:02:10    -2397.773749        0.130657
MDMin:   58 07:02:11    -2397.773773        0.129638
MDMin:   59 07:02:13    -2397.773798        0.128608
MDMin:   60 07:02:15    -2397.773824        0.127569
MDMin:   61 07:02:17    -2397.773849        0.126526
MDMin:   62 07:02:19    -2397.773876        0.125486
MDMin:   63 07:02:21    -2397.773902        0.124453
MDMin:   64 07:02:23    -2397.773930        0.123434
MDMin:   65 07:02:24    -2397.773957        0.122434
MDMin:   66 07:02:26    -2397.773985        0.121458
MDMin:   67 07:02:27    -2397.774013        0.120515
MDMin:   68 07:02:28    -2397.774041        0.119609
MDMin:   69 07:02:29    -2397.774069        0.118748
MDMin:   70 07:02:32    -2397.774098        0.117937
MDMin:   71 07:02:33    -2397.774127        0.117183
MDMin:   72 07:02:36    -2397.774156        0.116493
MDMin:   73 07:02:38    -2397.774185        0.115872
MDMin:   74 07:02:39    -2397.774215        0.115329
MDMin:   75 07:02:41    -2397.774244        0.114872
MDMin:   76 07:02:43    -2397.774274        0.114510
MDMin:   77 07:02:44    -2397.774304        0.114247
MDMin:   78 07:02:46    -2397.774334        0.114090
MDMin:   79 07:02:48    -2397.774364        0.114043
MDMin:   80 07:02:50    -2397.774395        0.114111
MDMin:   81 07:02:52    -2397.774425        0.114299
MDMin:   82 07:02:54    -2397.774455        0.114609
MDMin:   83 07:02:56    -2397.774486        0.115046
MDMin:   84 07:02:58    -2397.774517        0.115609
MDMin:   85 07:02:59    -2397.774547        0.116301
MDMin:   86 07:03:01    -2397.774578        0.117121
MDMin:   87 07:03:03    -2397.774609        0.118066
MDMin:   88 07:03:05    -2397.774639        0.119135
MDMin:   89 07:03:06    -2397.774670        0.120323
MDMin:   90 07:03:07    -2397.774701        0.121623
MDMin:   91 07:03:09    -2397.774732        0.123028
MDMin:   92 07:03:11    -2397.774763        0.124530
MDMin:   93 07:03:13    -2397.774794        0.126119
MDMin:   94 07:03:15    -2397.774825        0.127782
MDMin:   95 07:03:17    -2397.774856        0.129509
MDMin:   96 07:03:19    -2397.774888        0.131288
MDMin:   97 07:03:21    -2397.774919        0.133109
MDMin:   98 07:03:22    -2397.774951        0.134960
MDMin:   99 07:03:24    -2397.774983        0.136835
MDMin:  100 07:03:26    -2397.775014        0.138727
MDMin:  101 07:03:27    -2397.775046        0.140633
MDMin:  102 07:03:29    -2397.775079        0.142553
MDMin:  103 07:03:31    -2397.775111        0.144487
MDMin:  104 07:03:32    -2397.775143        0.146435
MDMin:  105 07:03:33    -2397.775175        0.148386
MDMin:  106 07:03:35    -2397.775206        0.150289
MDMin:  107 07:03:36    -2397.775233        0.151953
MDMin:  108 07:03:38    -2397.775251        0.153080
MDMin:  109 07:03:39    -2397.775264        0.153874
MDMin:  110 07:03:40    -2397.775276        0.154647
MDMin:  111 07:03:42    -2397.775289        0.155437
MDMin:  112 07:03:44    -2397.775302        0.156245
MDMin:  113 07:03:46    -2397.775315        0.157070
MDMin:  114 07:03:48    -2397.775328        0.157913
MDMin:  115 07:03:50    -2397.775342        0.158771
MDMin:  116 07:03:52    -2397.775355        0.159643
MDMin:  117 07:03:54    -2397.775369        0.160527
MDMin:  118 07:03:56    -2397.775383        0.161420
MDMin:  119 07:03:58    -2397.775397        0.162320
MDMin:  120 07:04:00    -2397.775412        0.163223
MDMin:  121 07:04:01    -2397.775426        0.164125
MDMin:  122 07:04:02    -2397.775441        0.165021
MDMin:  123 07:04:04    -2397.775456        0.165906
MDMin:  124 07:04:05    -2397.775471        0.166772
MDMin:  125 07:04:07    -2397.775487        0.167613
MDMin:  126 07:04:09    -2397.775502        0.168419
MDMin:  127 07:04:11    -2397.775518        0.169182
MDMin:  128 07:04:13    -2397.775533        0.169889
MDMin:  129 07:04:15    -2397.775549        0.170530
MDMin:  130 07:04:17    -2397.775565        0.171089
MDMin:  131 07:04:18    -2397.775581        0.171553
MDMin:  132 07:04:20    -2397.775598        0.171904
MDMin:  133 07:04:22    -2397.775614        0.172125
MDMin:  134 07:04:24    -2397.775631        0.172195
MDMin:  135 07:04:26    -2397.775647        0.172095
MDMin:  136 07:04:28    -2397.775664        0.171802
MDMin:  137 07:04:30    -2397.775681        0.171292
MDMin:  138 07:04:31    -2397.775698        0.170542
MDMin:  139 07:04:33    -2397.775716        0.169526
MDMin:  140 07:04:34    -2397.775733        0.168221
MDMin:  141 07:04:36    -2397.775750        0.166600
MDMin:  142 07:04:38    -2397.775768        0.164641
MDMin:  143 07:04:40    -2397.775786        0.162321
MDMin:  144 07:04:41    -2397.775804        0.159621
MDMin:  145 07:04:43    -2397.775822        0.156524
MDMin:  146 07:04:44    -2397.775840        0.153020
MDMin:  147 07:04:46    -2397.775859        0.149100
MDMin:  148 07:04:47    -2397.775878        0.144765
MDMin:  149 07:04:49    -2397.775897        0.140022
MDMin:  150 07:04:51    -2397.775916        0.134886
MDMin:  151 07:04:53    -2397.775936        0.129382
MDMin:  152 07:04:55    -2397.775956        0.130301
MDMin:  153 07:04:57    -2397.775976        0.131387
MDMin:  154 07:04:59    -2397.775996        0.131919
MDMin:  155 07:05:01    -2397.776017        0.131856
MDMin:  156 07:05:02    -2397.776039        0.131166
MDMin:  157 07:05:04    -2397.776061        0.129827
MDMin:  158 07:05:07    -2397.776083        0.127832
MDMin:  159 07:05:09    -2397.776106        0.125188
MDMin:  160 07:05:11    -2397.776130        0.121919
MDMin:  161 07:05:13    -2397.776154        0.118068
MDMin:  162 07:05:15    -2397.776179        0.113692
MDMin:  163 07:05:17    -2397.776205        0.108901
MDMin:  164 07:05:19    -2397.776232        0.106137
MDMin:  165 07:05:20    -2397.776259        0.103263
MDMin:  166 07:05:22    -2397.776288        0.100306
MDMin:  167 07:05:24    -2397.776317        0.097298
MDMin:  168 07:05:26    -2397.776347        0.094274
MDMin:  169 07:05:28    -2397.776378        0.091271
MDMin:  170 07:05:30    -2397.776411        0.088326
MDMin:  171 07:05:32    -2397.776444        0.085476
MDMin:  172 07:05:33    -2397.776478        0.084712
MDMin:  173 07:05:35    -2397.776513        0.084663
MDMin:  174 07:05:37    -2397.776549        0.084809
MDMin:  175 07:05:38    -2397.776585        0.085186
MDMin:  176 07:05:40    -2397.776623        0.085822
MDMin:  177 07:05:41    -2397.776660        0.086735
MDMin:  178 07:05:43    -2397.776698        0.087929
MDMin:  179 07:05:44    -2397.776737        0.089394
MDMin:  180 07:05:46    -2397.776775        0.091101
MDMin:  181 07:05:48    -2397.776814        0.093000
MDMin:  182 07:05:49    -2397.776853        0.095014
MDMin:  183 07:05:51    -2397.776890        0.097015
MDMin:  184 07:05:53    -2397.776923        0.098653
MDMin:  185 07:05:55    -2397.776936        0.099238
MDMin:  186 07:05:57    -2397.776944        0.099563
MDMin:  187 07:05:58    -2397.776952        0.099892
MDMin:  188 07:06:00    -2397.776960        0.100214
MDMin:  189 07:06:02    -2397.776969        0.100525
MDMin:  190 07:06:04    -2397.776977        0.100824
MDMin:  191 07:06:06    -2397.776986        0.101105
MDMin:  192 07:06:08    -2397.776995        0.101365
MDMin:  193 07:06:10    -2397.777004        0.101598
MDMin:  194 07:06:11    -2397.777014        0.101801
MDMin:  195 07:06:12    -2397.777024        0.101968
MDMin:  196 07:06:14    -2397.777034        0.102094
MDMin:  197 07:06:15    -2397.777044        0.102172
MDMin:  198 07:06:16    -2397.777054        0.102198
MDMin:  199 07:06:18    -2397.777065        0.102164
MDMin:  200 07:06:20    -2397.777076        0.102065
MDMin:  201 07:06:22    -2397.777087        0.101895
MDMin:  202 07:06:24    -2397.777098        0.101647
MDMin:  203 07:06:26    -2397.777109        0.101316
MDMin:  204 07:06:27    -2397.777121        0.100896
MDMin:  205 07:06:28    -2397.777133        0.100381
MDMin:  206 07:06:30    -2397.777145        0.099767
MDMin:  207 07:06:32    -2397.777158        0.099049
MDMin:  208 07:06:33    -2397.777170        0.098225
MDMin:  209 07:06:35    -2397.777183        0.097292
MDMin:  210 07:06:37    -2397.777196        0.096249
MDMin:  211 07:06:39    -2397.777210        0.095096
MDMin:  212 07:06:41    -2397.777224        0.093833
MDMin:  213 07:06:43    -2397.777237        0.092462
MDMin:  214 07:06:44    -2397.777252        0.090988
MDMin:  215 07:06:46    -2397.777266        0.089413
MDMin:  216 07:06:47    -2397.777281        0.087745
MDMin:  217 07:06:49    -2397.777296        0.085988
MDMin:  218 07:06:51    -2397.777312        0.084151
MDMin:  219 07:06:52    -2397.777327        0.082241
MDMin:  220 07:06:53    -2397.777343        0.080266
MDMin:  221 07:06:54    -2397.777360        0.078235
MDMin:  222 07:06:56    -2397.777376        0.077723
MDMin:  223 07:06:58    -2397.777393        0.077867
MDMin:  224 07:07:00    -2397.777411        0.077984
MDMin:  225 07:07:02    -2397.777428        0.078072
MDMin:  226 07:07:04    -2397.777446        0.078133
MDMin:  227 07:07:06    -2397.777465        0.078166
MDMin:  228 07:07:08    -2397.777484        0.078172
MDMin:  229 07:07:10    -2397.777503        0.078152
MDMin:  230 07:07:12    -2397.777522        0.078107
MDMin:  231 07:07:14    -2397.777542        0.078040
MDMin:  232 07:07:16    -2397.777563        0.077954
MDMin:  233 07:07:17    -2397.777583        0.077850
MDMin:  234 07:07:19    -2397.777605        0.077732
MDMin:  235 07:07:21    -2397.777626        0.077604
MDMin:  236 07:07:23    -2397.777648        0.077469
MDMin:  237 07:07:25    -2397.777671        0.077331
MDMin:  238 07:07:27    -2397.777694        0.077194
MDMin:  239 07:07:28    -2397.777717        0.077062
MDMin:  240 07:07:30    -2397.777741        0.076941
MDMin:  241 07:07:31    -2397.777765        0.076833
MDMin:  242 07:07:32    -2397.777790        0.076744
MDMin:  243 07:07:34    -2397.777815        0.076677
MDMin:  244 07:07:35    -2397.777840        0.076638
MDMin:  245 07:07:36    -2397.777866        0.076630
MDMin:  246 07:07:37    -2397.777892        0.076658
MDMin:  247 07:07:39    -2397.777919        0.076725
MDMin:  248 07:07:41    -2397.777946        0.076836
MDMin:  249 07:07:43    -2397.777974        0.076994
MDMin:  250 07:07:44    -2397.778002        0.077204
MDMin:  251 07:07:45    -2397.778030        0.077468
MDMin:  252 07:07:47    -2397.778059        0.077792
MDMin:  253 07:07:48    -2397.778088        0.078178
MDMin:  254 07:07:50    -2397.778117        0.078631
MDMin:  255 07:07:53    -2397.778147        0.079153
MDMin:  256 07:07:55    -2397.778177        0.079750
MDMin:  257 07:07:57    -2397.778207        0.080424
MDMin:  258 07:07:59    -2397.778238        0.081180
MDMin:  259 07:08:00    -2397.778269        0.082022
MDMin:  260 07:08:02    -2397.778300        0.082951
MDMin:  261 07:08:04    -2397.778331        0.083965
MDMin:  262 07:08:06    -2397.778361        0.085024
MDMin:  263 07:08:08    -2397.778386        0.085953
MDMin:  264 07:08:10    -2397.778400        0.086508
MDMin:  265 07:08:12    -2397.778411        0.086955
MDMin:  266 07:08:13    -2397.778422        0.087417
MDMin:  267 07:08:15    -2397.778433        0.087903
MDMin:  268 07:08:16    -2397.778445        0.088412
MDMin:  269 07:08:18    -2397.778456        0.088946
MDMin:  270 07:08:20    -2397.778468        0.089506
MDMin:  271 07:08:22    -2397.778480        0.090093
MDMin:  272 07:08:24    -2397.778493        0.090708
MDMin:  273 07:08:25    -2397.778505        0.091351
MDMin:  274 07:08:27    -2397.778518        0.092025
MDMin:  275 07:08:28    -2397.778531        0.092731
MDMin:  276 07:08:30    -2397.778545        0.093469
MDMin:  277 07:08:31    -2397.778558        0.094241
MDMin:  278 07:08:32    -2397.778572        0.095049
MDMin:  279 07:08:34    -2397.778586        0.095893
MDMin:  280 07:08:35    -2397.778600        0.096775
MDMin:  281 07:08:37    -2397.778614        0.097697
MDMin:  282 07:08:39    -2397.778629        0.098660
MDMin:  283 07:08:41    -2397.778643        0.099666
MDMin:  284 07:08:43    -2397.778658        0.100716
MDMin:  285 07:08:45    -2397.778673        0.101811
MDMin:  286 07:08:47    -2397.778688        0.102955
MDMin:  287 07:08:48    -2397.778704        0.104147
MDMin:  288 07:08:50    -2397.778719        0.105391
MDMin:  289 07:08:52    -2397.778735        0.106687
MDMin:  290 07:08:54    -2397.778751        0.108037
MDMin:  291 07:08:56    -2397.778767        0.109444
MDMin:  292 07:08:58    -2397.778783        0.110909
MDMin:  293 07:09:00    -2397.778800        0.112433
MDMin:  294 07:09:01    -2397.778816        0.114019
MDMin:  295 07:09:03    -2397.778833        0.115668
MDMin:  296 07:09:05    -2397.778850        0.117381
MDMin:  297 07:09:07    -2397.778867        0.119160
MDMin:  298 07:09:09    -2397.778884        0.121007
MDMin:  299 07:09:10    -2397.778901        0.122923
MDMin:  300 07:09:13    -2397.778918        0.124909
MDMin:  301 07:09:15    -2397.778935        0.126966
MDMin:  302 07:09:17    -2397.778953        0.129095
MDMin:  303 07:09:19    -2397.778970        0.131296
MDMin:  304 07:09:21    -2397.778988        0.133569
MDMin:  305 07:09:23    -2397.779005        0.135915
MDMin:  306 07:09:25    -2397.779023        0.138333
MDMin:  307 07:09:26    -2397.779041        0.140822
MDMin:  308 07:09:28    -2397.779058        0.143380
MDMin:  309 07:09:29    -2397.779076        0.146005
MDMin:  310 07:09:31    -2397.779094        0.148695
MDMin:  311 07:09:33    -2397.779112        0.151446
MDMin:  312 07:09:35    -2397.779130        0.154254
MDMin:  313 07:09:37    -2397.779148        0.157114
MDMin:  314 07:09:39    -2397.779165        0.160019
MDMin:  315 07:09:41    -2397.779183        0.162962
MDMin:  316 07:09:42    -2397.779201        0.165934
MDMin:  317 07:09:44    -2397.779219        0.168926
MDMin:  318 07:09:45    -2397.779237        0.171926
MDMin:  319 07:09:47    -2397.779255        0.174922
MDMin:  320 07:09:48    -2397.779273        0.177898
MDMin:  321 07:09:50    -2397.779290        0.180838
MDMin:  322 07:09:52    -2397.779308        0.183725
MDMin:  323 07:09:54    -2397.779326        0.186538
MDMin:  324 07:09:56    -2397.779344        0.189253
MDMin:  325 07:09:58    -2397.779361        0.191848
MDMin:  326 07:10:00    -2397.779379        0.194296
MDMin:  327 07:10:02    -2397.779397        0.196567
MDMin:  328 07:10:03    -2397.779415        0.198632
MDMin:  329 07:10:05    -2397.779432        0.200456
MDMin:  330 07:10:06    -2397.779450        0.202007
MDMin:  331 07:10:07    -2397.779468        0.203248
MDMin:  332 07:10:08    -2397.779486        0.204141
MDMin:  333 07:10:10    -2397.779503        0.204649
MDMin:  334 07:10:12    -2397.779521        0.204735
MDMin:  335 07:10:13    -2397.779539        0.204360
MDMin:  336 07:10:15    -2397.779557        0.203489
MDMin:  337 07:10:17    -2397.779575        0.202089
MDMin:  338 07:10:19    -2397.779593        0.200130
MDMin:  339 07:10:21    -2397.779612        0.197588
MDMin:  340 07:10:23    -2397.779630        0.194443
MDMin:  341 07:10:25    -2397.779649        0.190686
MDMin:  342 07:10:27    -2397.779667        0.186315
MDMin:  343 07:10:29    -2397.779686        0.188714
MDMin:  344 07:10:31    -2397.779706        0.193604
MDMin:  345 07:10:33    -2397.779725        0.197887
MDMin:  346 07:10:34    -2397.779745        0.201458
MDMin:  347 07:10:36    -2397.779766        0.204217
MDMin:  348 07:10:37    -2397.779786        0.206064
MDMin:  349 07:10:39    -2397.779808        0.206907
MDMin:  350 07:10:41    -2397.779829        0.206666
MDMin:  351 07:10:43    -2397.779852        0.205274
MDMin:  352 07:10:45    -2397.779875        0.202684
MDMin:  353 07:10:47    -2397.779898        0.198872
MDMin:  354 07:10:49    -2397.779923        0.193842
MDMin:  355 07:10:51    -2397.779949        0.187633
MDMin:  356 07:10:52    -2397.779975        0.180318
MDMin:  357 07:10:53    -2397.780003        0.172008
MDMin:  358 07:10:54    -2397.780032        0.162853
MDMin:  359 07:10:55    -2397.780062        0.153043
MDMin:  360 07:10:57    -2397.780094        0.142800
MDMin:  361 07:10:59    -2397.780128        0.132374
MDMin:  362 07:11:01    -2397.780163        0.122027
MDMin:  363 07:11:03    -2397.780200        0.112020
MDMin:  364 07:11:05    -2397.780239        0.110369
MDMin:  365 07:11:07    -2397.780280        0.109090
MDMin:  366 07:11:09    -2397.780322        0.107814
MDMin:  367 07:11:11    -2397.780367        0.106631
MDMin:  368 07:11:13    -2397.780412        0.105622
MDMin:  369 07:11:16    -2397.780459        0.104853
MDMin:  370 07:11:18    -2397.780507        0.104365
MDMin:  371 07:11:20    -2397.780557        0.104178
MDMin:  372 07:11:22    -2397.780607        0.104287
MDMin:  373 07:11:24    -2397.780657        0.104663
MDMin:  374 07:11:25    -2397.780709        0.105249
MDMin:  375 07:11:26    -2397.780761        0.105963
MDMin:  376 07:11:28    -2397.780813        0.106689
MDMin:  377 07:11:29    -2397.780866        0.107285
MDMin:  378 07:11:31    -2397.780920        0.107581
MDMin:  379 07:11:33    -2397.780974        0.107389
MDMin:  380 07:11:35    -2397.781029        0.106515
MDMin:  381 07:11:36    -2397.781085        0.104785
MDMin:  382 07:11:37    -2397.781143        0.102074
MDMin:  383 07:11:38    -2397.781201        0.098345
MDMin:  384 07:11:40    -2397.781258        0.093836
MDMin:  385 07:11:41    -2397.781297        0.091732
MDMin:  386 07:11:42    -2397.781303        0.089846
MDMin:  387 07:11:43    -2397.781310        0.089161
MDMin:  388 07:11:45    -2397.781318        0.088371
MDMin:  389 07:11:46    -2397.781327        0.087524
MDMin:  390 07:11:48    -2397.781336        0.086636
MDMin:  391 07:11:50    -2397.781346        0.085708
MDMin:  392 07:11:52    -2397.781356        0.084742
MDMin:  393 07:11:54    -2397.781367        0.083736
MDMin:  394 07:11:56    -2397.781378        0.082693
MDMin:  395 07:11:58    -2397.781389        0.081610
MDMin:  396 07:12:00    -2397.781401        0.080490
MDMin:  397 07:12:01    -2397.781413        0.079333
MDMin:  398 07:12:03    -2397.781425        0.078140
MDMin:  399 07:12:05    -2397.781438        0.076911
MDMin:  400 07:12:07    -2397.781452        0.075649
MDMin:  401 07:12:08    -2397.781465        0.074354
MDMin:  402 07:12:10    -2397.781480        0.073027
MDMin:  403 07:12:12    -2397.781494        0.071672
MDMin:  404 07:12:14    -2397.781510        0.070289
MDMin:  405 07:12:16    -2397.781525        0.068880
MDMin:  406 07:12:18    -2397.781541        0.067448
MDMin:  407 07:12:20    -2397.781558        0.065995
MDMin:  408 07:12:22    -2397.781575        0.064523
MDMin:  409 07:12:23    -2397.781593        0.063035
MDMin:  410 07:12:24    -2397.781611        0.061533
MDMin:  411 07:12:26    -2397.781629        0.060020
MDMin:  412 07:12:28    -2397.781649        0.058498
MDMin:  413 07:12:30    -2397.781668        0.056971
MDMin:  414 07:12:32    -2397.781688        0.055441
MDMin:  415 07:12:33    -2397.781709        0.053912
MDMin:  416 07:12:35    -2397.781730        0.052386
MDMin:  417 07:12:37    -2397.781752        0.050866
MDMin:  418 07:12:39    -2397.781775        0.049355
