       Step     Time          Energy          fmax
MDMin:    0 03:34:33    -2397.720330        0.148562
MDMin:    1 03:34:35    -2397.720329        0.148547
MDMin:    2 03:34:36    -2397.720323        0.148502
MDMin:    3 03:34:38    -2397.720315        0.148428
MDMin:    4 03:34:40    -2397.720302        0.148324
MDMin:    5 03:34:42    -2397.720286        0.148190
MDMin:    6 03:34:44    -2397.720267        0.148025
MDMin:    7 03:34:46    -2397.720244        0.147830
MDMin:    8 03:34:48    -2397.720218        0.147603
MDMin:    9 03:34:49    -2397.720188        0.147345
MDMin:   10 03:34:51    -2397.720155        0.147054
MDMin:   11 03:34:53    -2397.720119        0.146731
MDMin:   12 03:34:55    -2397.720080        0.146614
MDMin:   13 03:34:57    -2397.720037        0.146534
MDMin:   14 03:34:59    -2397.719991        0.146446
MDMin:   15 03:35:01    -2397.719942        0.146348
MDMin:   16 03:35:03    -2397.719890        0.146242
MDMin:   17 03:35:05    -2397.719835        0.146125
MDMin:   18 03:35:07    -2397.719777        0.145998
MDMin:   19 03:35:08    -2397.719716        0.145860
MDMin:   20 03:35:10    -2397.719652        0.145711
MDMin:   21 03:35:12    -2397.719586        0.145549
MDMin:   22 03:35:14    -2397.719518        0.145375
MDMin:   23 03:35:16    -2397.719446        0.145188
MDMin:   24 03:35:18    -2397.719373        0.144987
MDMin:   25 03:35:20    -2397.719297        0.144772
MDMin:   26 03:35:22    -2397.719219        0.144543
MDMin:   27 03:35:24    -2397.719139        0.144299
MDMin:   28 03:35:26    -2397.719057        0.144039
MDMin:   29 03:35:28    -2397.718974        0.143764
MDMin:   30 03:35:30    -2397.718888        0.143472
MDMin:   31 03:35:32    -2397.718801        0.143164
MDMin:   32 03:35:34    -2397.718712        0.142839
MDMin:   33 03:35:36    -2397.718622        0.142497
MDMin:   34 03:35:38    -2397.718531        0.142138
MDMin:   35 03:35:40    -2397.718439        0.141761
MDMin:   36 03:35:42    -2397.718345        0.141367
MDMin:   37 03:35:44    -2397.718250        0.140955
MDMin:   38 03:35:45    -2397.718155        0.140526
MDMin:   39 03:35:47    -2397.718059        0.140079
MDMin:   40 03:35:49    -2397.717962        0.139616
MDMin:   41 03:35:51    -2397.717865        0.139135
MDMin:   42 03:35:52    -2397.717767        0.138638
MDMin:   43 03:35:54    -2397.717669        0.138125
MDMin:   44 03:35:55    -2397.717571        0.137595
MDMin:   45 03:35:56    -2397.717472        0.137051
MDMin:   46 03:35:57    -2397.717374        0.136492
MDMin:   47 03:35:59    -2397.717276        0.135920
MDMin:   48 03:36:01    -2397.717177        0.135334
MDMin:   49 03:36:03    -2397.717079        0.134737
MDMin:   50 03:36:05    -2397.716981        0.134129
MDMin:   51 03:36:06    -2397.716884        0.133511
MDMin:   52 03:36:07    -2397.716787        0.132885
MDMin:   53 03:36:08    -2397.716691        0.132252
MDMin:   54 03:36:09    -2397.716595        0.131614
MDMin:   55 03:36:11    -2397.716500        0.130972
MDMin:   56 03:36:12    -2397.716405        0.130329
MDMin:   57 03:36:14    -2397.716312        0.129685
MDMin:   58 03:36:16    -2397.716220        0.129045
MDMin:   59 03:36:18    -2397.716128        0.128409
MDMin:   60 03:36:20    -2397.716038        0.127781
MDMin:   61 03:36:22    -2397.715949        0.127164
MDMin:   62 03:36:24    -2397.715861        0.126560
MDMin:   63 03:36:26    -2397.715774        0.125973
MDMin:   64 03:36:28    -2397.715689        0.125407
MDMin:   65 03:36:29    -2397.715605        0.124865
MDMin:   66 03:36:31    -2397.715523        0.124352
MDMin:   67 03:36:34    -2397.715443        0.123873
MDMin:   68 03:36:36    -2397.715364        0.123431
MDMin:   69 03:36:38    -2397.715287        0.123034
MDMin:   70 03:36:39    -2397.715212        0.122686
MDMin:   71 03:36:41    -2397.715139        0.122394
MDMin:   72 03:36:43    -2397.715068        0.122164
MDMin:   73 03:36:45    -2397.714999        0.122004
MDMin:   74 03:36:47    -2397.714933        0.121920
MDMin:   75 03:36:49    -2397.714868        0.121920
MDMin:   76 03:36:51    -2397.714806        0.122011
MDMin:   77 03:36:53    -2397.714747        0.122201
MDMin:   78 03:36:54    -2397.714690        0.122496
MDMin:   79 03:36:56    -2397.714635        0.122904
MDMin:   80 03:36:58    -2397.714584        0.123427
MDMin:   81 03:37:00    -2397.714534        0.124069
MDMin:   82 03:37:02    -2397.714488        0.124829
MDMin:   83 03:37:04    -2397.714444        0.125705
MDMin:   84 03:37:06    -2397.714403        0.126686
MDMin:   85 03:37:08    -2397.714364        0.127759
MDMin:   86 03:37:10    -2397.714328        0.128900
MDMin:   87 03:37:11    -2397.714294        0.130080
MDMin:   88 03:37:13    -2397.714263        0.131256
MDMin:   89 03:37:15    -2397.714235        0.132377
MDMin:   90 03:37:17    -2397.714208        0.133380
MDMin:   91 03:37:19    -2397.714184        0.134190
MDMin:   92 03:37:21    -2397.714162        0.134723
MDMin:   93 03:37:23    -2397.714142        0.134888
MDMin:   94 03:37:25    -2397.714124        0.134588
MDMin:   95 03:37:27    -2397.714108        0.133728
MDMin:   96 03:37:29    -2397.714093        0.132222
MDMin:   97 03:37:31    -2397.714079        0.130004
MDMin:   98 03:37:32    -2397.714068        0.127137
MDMin:   99 03:37:34    -2397.714060        0.137870
MDMin:  100 03:37:36    -2397.714059        0.124014
MDMin:  101 03:37:38    -2397.714057        0.123236
MDMin:  102 03:37:40    -2397.714055        0.122393
MDMin:  103 03:37:42    -2397.714053        0.121495
MDMin:  104 03:37:44    -2397.714051        0.120540
MDMin:  105 03:37:46    -2397.714049        0.119526
MDMin:  106 03:37:48    -2397.714047        0.118452
MDMin:  107 03:37:50    -2397.714046        0.117316
MDMin:  108 03:37:51    -2397.714044        0.116116
MDMin:  109 03:37:53    -2397.714042        0.114852
MDMin:  110 03:37:54    -2397.714040        0.113523
MDMin:  111 03:37:56    -2397.714038        0.112129
MDMin:  112 03:37:57    -2397.714036        0.110668
MDMin:  113 03:37:58    -2397.714035        0.109142
MDMin:  114 03:38:00    -2397.714033        0.107552
MDMin:  115 03:38:02    -2397.714031        0.105897
MDMin:  116 03:38:04    -2397.714030        0.104180
MDMin:  117 03:38:06    -2397.714028        0.102404
MDMin:  118 03:38:08    -2397.714027        0.100570
MDMin:  119 03:38:10    -2397.714025        0.098681
MDMin:  120 03:38:12    -2397.714024        0.096742
MDMin:  121 03:38:14    -2397.714023        0.094756
MDMin:  122 03:38:16    -2397.714022        0.092727
MDMin:  123 03:38:17    -2397.714021        0.090662
MDMin:  124 03:38:20    -2397.714020        0.088565
MDMin:  125 03:38:22    -2397.714019        0.086444
MDMin:  126 03:38:23    -2397.714018        0.084303
MDMin:  127 03:38:25    -2397.714017        0.082151
MDMin:  128 03:38:26    -2397.714016        0.079991
MDMin:  129 03:38:28    -2397.714016        0.077832
MDMin:  130 03:38:29    -2397.714015        0.075679
MDMin:  131 03:38:30    -2397.714015        0.073540
MDMin:  132 03:38:32    -2397.714015        0.071419
MDMin:  133 03:38:33    -2397.714015        0.069322
MDMin:  134 03:38:34    -2397.714015        0.067256
MDMin:  135 03:38:35    -2397.714015        0.066335
MDMin:  136 03:38:37    -2397.714015        0.067130
MDMin:  137 03:38:38    -2397.714015        0.067960
MDMin:  138 03:38:39    -2397.714015        0.068826
MDMin:  139 03:38:41    -2397.714016        0.069727
MDMin:  140 03:38:42    -2397.714016        0.070663
MDMin:  141 03:38:43    -2397.714017        0.071634
MDMin:  142 03:38:45    -2397.714018        0.072637
MDMin:  143 03:38:47    -2397.714018        0.073671
MDMin:  144 03:38:49    -2397.714019        0.074734
MDMin:  145 03:38:51    -2397.714020        0.075824
MDMin:  146 03:38:53    -2397.714021        0.076936
MDMin:  147 03:38:55    -2397.714022        0.078068
MDMin:  148 03:38:57    -2397.714023        0.079215
MDMin:  149 03:38:59    -2397.714024        0.080372
MDMin:  150 03:39:01    -2397.714025        0.081533
MDMin:  151 03:39:03    -2397.714026        0.082691
MDMin:  152 03:39:05    -2397.714028        0.083838
MDMin:  153 03:39:07    -2397.714029        0.084967
MDMin:  154 03:39:09    -2397.714030        0.086069
MDMin:  155 03:39:11    -2397.714031        0.087132
MDMin:  156 03:39:13    -2397.714033        0.088146
MDMin:  157 03:39:15    -2397.714034        0.089101
MDMin:  158 03:39:17    -2397.714035        0.089982
MDMin:  159 03:39:19    -2397.714037        0.090776
MDMin:  160 03:39:20    -2397.714038        0.091471
MDMin:  161 03:39:22    -2397.714039        0.092050
MDMin:  162 03:39:24    -2397.714041        0.092501
MDMin:  163 03:39:26    -2397.714042        0.092807
MDMin:  164 03:39:28    -2397.714043        0.092954
MDMin:  165 03:39:30    -2397.714045        0.092926
MDMin:  166 03:39:32    -2397.714046        0.092710
MDMin:  167 03:39:34    -2397.714047        0.092293
MDMin:  168 03:39:36    -2397.714049        0.091662
MDMin:  169 03:39:38    -2397.714050        0.090807
MDMin:  170 03:39:39    -2397.714051        0.089718
MDMin:  171 03:39:41    -2397.714052        0.088390
MDMin:  172 03:39:43    -2397.714054        0.086819
MDMin:  173 03:39:44    -2397.714055        0.085003
MDMin:  174 03:39:46    -2397.714056        0.082946
MDMin:  175 03:39:48    -2397.714057        0.080653
MDMin:  176 03:39:50    -2397.714059        0.078135
MDMin:  177 03:39:53    -2397.714060        0.075405
MDMin:  178 03:39:55    -2397.714061        0.077341
MDMin:  179 03:39:57    -2397.714062        0.079304
MDMin:  180 03:39:59    -2397.714063        0.081004
MDMin:  181 03:40:01    -2397.714064        0.082415
MDMin:  182 03:40:02    -2397.714066        0.083514
MDMin:  183 03:40:03    -2397.714067        0.084281
MDMin:  184 03:40:04    -2397.714068        0.084699
MDMin:  185 03:40:06    -2397.714069        0.084760
MDMin:  186 03:40:07    -2397.714070        0.084458
MDMin:  187 03:40:08    -2397.714071        0.083794
MDMin:  188 03:40:09    -2397.714072        0.082776
MDMin:  189 03:40:11    -2397.714073        0.081418
MDMin:  190 03:40:13    -2397.714074        0.079739
MDMin:  191 03:40:15    -2397.714076        0.077767
MDMin:  192 03:40:17    -2397.714077        0.075533
MDMin:  193 03:40:19    -2397.714078        0.075643
MDMin:  194 03:40:21    -2397.714079        0.076739
MDMin:  195 03:40:23    -2397.714080        0.077846
MDMin:  196 03:40:25    -2397.714081        0.078928
MDMin:  197 03:40:28    -2397.714081        0.079891
MDMin:  198 03:40:30    -2397.714082        0.080601
MDMin:  199 03:40:32    -2397.714083        0.081134
MDMin:  200 03:40:34    -2397.714083        0.081641
MDMin:  201 03:40:36    -2397.714083        0.082157
MDMin:  202 03:40:38    -2397.714084        0.082684
MDMin:  203 03:40:40    -2397.714084        0.083224
MDMin:  204 03:40:42    -2397.714085        0.083775
MDMin:  205 03:40:44    -2397.714085        0.084338
MDMin:  206 03:40:46    -2397.714086        0.084913
MDMin:  207 03:40:47    -2397.714086        0.085499
MDMin:  208 03:40:49    -2397.714087        0.086096
MDMin:  209 03:40:51    -2397.714087        0.086704
MDMin:  210 03:40:53    -2397.714087        0.087323
MDMin:  211 03:40:55    -2397.714088        0.087951
MDMin:  212 03:40:57    -2397.714088        0.088590
MDMin:  213 03:40:59    -2397.714089        0.089237
MDMin:  214 03:41:00    -2397.714089        0.089894
MDMin:  215 03:41:02    -2397.714090        0.090558
MDMin:  216 03:41:04    -2397.714090        0.091229
MDMin:  217 03:41:06    -2397.714091        0.091906
MDMin:  218 03:41:08    -2397.714091        0.092589
MDMin:  219 03:41:10    -2397.714092        0.093276
MDMin:  220 03:41:12    -2397.714092        0.093967
MDMin:  221 03:41:14    -2397.714093        0.094659
MDMin:  222 03:41:16    -2397.714093        0.095352
MDMin:  223 03:41:18    -2397.714093        0.096043
MDMin:  224 03:41:20    -2397.714094        0.096733
MDMin:  225 03:41:22    -2397.714094        0.097417
MDMin:  226 03:41:24    -2397.714095        0.098096
MDMin:  227 03:41:26    -2397.714095        0.098765
MDMin:  228 03:41:28    -2397.714096        0.099425
MDMin:  229 03:41:30    -2397.714096        0.100071
MDMin:  230 03:41:31    -2397.714097        0.100701
MDMin:  231 03:41:33    -2397.714097        0.101314
MDMin:  232 03:41:35    -2397.714098        0.101905
MDMin:  233 03:41:37    -2397.714098        0.102471
MDMin:  234 03:41:39    -2397.714098        0.103010
MDMin:  235 03:41:41    -2397.714099        0.103518
MDMin:  236 03:41:43    -2397.714099        0.103992
MDMin:  237 03:41:45    -2397.714100        0.104427
MDMin:  238 03:41:47    -2397.714100        0.104821
MDMin:  239 03:41:49    -2397.714101        0.105169
MDMin:  240 03:41:50    -2397.714101        0.105467
MDMin:  241 03:41:52    -2397.714102        0.105711
MDMin:  242 03:41:54    -2397.714102        0.105897
MDMin:  243 03:41:55    -2397.714103        0.106021
MDMin:  244 03:41:57    -2397.714103        0.106077
MDMin:  245 03:41:58    -2397.714103        0.106062
MDMin:  246 03:41:59    -2397.714104        0.105971
MDMin:  247 03:42:01    -2397.714104        0.105800
MDMin:  248 03:42:03    -2397.714105        0.105544
MDMin:  249 03:42:05    -2397.714105        0.105198
MDMin:  250 03:42:07    -2397.714106        0.104758
MDMin:  251 03:42:09    -2397.714106        0.104220
MDMin:  252 03:42:11    -2397.714107        0.103580
MDMin:  253 03:42:13    -2397.714107        0.102833
MDMin:  254 03:42:15    -2397.714107        0.101976
MDMin:  255 03:42:16    -2397.714108        0.101005
MDMin:  256 03:42:18    -2397.714108        0.099917
MDMin:  257 03:42:20    -2397.714109        0.098708
MDMin:  258 03:42:22    -2397.714109        0.097376
MDMin:  259 03:42:24    -2397.714110        0.095918
MDMin:  260 03:42:26    -2397.714110        0.094333
MDMin:  261 03:42:28    -2397.714111        0.092618
MDMin:  262 03:42:30    -2397.714111        0.090773
MDMin:  263 03:42:32    -2397.714112        0.088798
MDMin:  264 03:42:34    -2397.714112        0.086693
MDMin:  265 03:42:36    -2397.714113        0.084458
MDMin:  266 03:42:38    -2397.714113        0.082095
MDMin:  267 03:42:40    -2397.714114        0.079607
MDMin:  268 03:42:42    -2397.714114        0.076996
MDMin:  269 03:42:44    -2397.714115        0.074268
MDMin:  270 03:42:45    -2397.714115        0.071440
MDMin:  271 03:42:46    -2397.714116        0.068621
MDMin:  272 03:42:48    -2397.714116        0.100208
MDMin:  273 03:42:49    -2397.714117        0.065777
MDMin:  274 03:42:50    -2397.714117        0.065011
MDMin:  275 03:42:52    -2397.714117        0.064221
MDMin:  276 03:42:55    -2397.714117        0.063409
MDMin:  277 03:42:57    -2397.714117        0.062573
MDMin:  278 03:42:58    -2397.714117        0.061714
MDMin:  279 03:43:00    -2397.714118        0.060832
MDMin:  280 03:43:01    -2397.714118        0.059927
MDMin:  281 03:43:02    -2397.714118        0.059000
MDMin:  282 03:43:04    -2397.714118        0.058050
MDMin:  283 03:43:05    -2397.714118        0.057078
MDMin:  284 03:43:06    -2397.714118        0.056083
MDMin:  285 03:43:08    -2397.714119        0.055067
MDMin:  286 03:43:09    -2397.714119        0.054029
MDMin:  287 03:43:10    -2397.714119        0.052971
MDMin:  288 03:43:12    -2397.714119        0.051892
MDMin:  289 03:43:14    -2397.714119        0.050792
MDMin:  290 03:43:16    -2397.714120        0.049673
