       Step     Time          Energy          fmax
MDMin:    0 09:09:08    -2397.721250        0.163221
MDMin:    1 09:09:10    -2397.721240        0.163222
MDMin:    2 09:09:12    -2397.721209        0.163225
MDMin:    3 09:09:13    -2397.721158        0.163229
MDMin:    4 09:09:15    -2397.721087        0.163230
MDMin:    5 09:09:16    -2397.720996        0.163227
MDMin:    6 09:09:17    -2397.720886        0.163214
MDMin:    7 09:09:18    -2397.720758        0.163184
MDMin:    8 09:09:20    -2397.720611        0.163132
MDMin:    9 09:09:21    -2397.720446        0.163048
MDMin:   10 09:09:22    -2397.720266        0.162924
MDMin:   11 09:09:23    -2397.720070        0.162747
MDMin:   12 09:09:24    -2397.719859        0.162508
MDMin:   13 09:09:26    -2397.719635        0.162194
MDMin:   14 09:09:27    -2397.719399        0.161792
MDMin:   15 09:09:28    -2397.719153        0.161291
MDMin:   16 09:09:29    -2397.718897        0.160677
MDMin:   17 09:09:30    -2397.718634        0.159938
MDMin:   18 09:09:32    -2397.718364        0.159065
MDMin:   19 09:09:33    -2397.718090        0.158048
MDMin:   20 09:09:35    -2397.717813        0.156878
MDMin:   21 09:09:36    -2397.717534        0.155551
MDMin:   22 09:09:37    -2397.717256        0.154061
MDMin:   23 09:09:38    -2397.716979        0.152408
MDMin:   24 09:09:40    -2397.716706        0.150593
MDMin:   25 09:09:41    -2397.716436        0.148619
MDMin:   26 09:09:42    -2397.716173        0.146492
MDMin:   27 09:09:43    -2397.715917        0.144219
MDMin:   28 09:09:44    -2397.715669        0.141810
MDMin:   29 09:09:46    -2397.715430        0.139276
MDMin:   30 09:09:48    -2397.715201        0.136630
MDMin:   31 09:09:50    -2397.714983        0.133885
MDMin:   32 09:09:52    -2397.714776        0.132249
MDMin:   33 09:09:54    -2397.714581        0.131276
MDMin:   34 09:09:55    -2397.714399        0.130284
MDMin:   35 09:09:57    -2397.714228        0.129276
MDMin:   36 09:09:59    -2397.714071        0.128253
MDMin:   37 09:10:01    -2397.713926        0.127216
MDMin:   38 09:10:02    -2397.713793        0.126167
MDMin:   39 09:10:03    -2397.713673        0.125106
MDMin:   40 09:10:05    -2397.713564        0.124037
MDMin:   41 09:10:07    -2397.713467        0.122961
MDMin:   42 09:10:09    -2397.713382        0.121878
MDMin:   43 09:10:12    -2397.713307        0.120793
MDMin:   44 09:10:14    -2397.713243        0.120768
MDMin:   45 09:10:16    -2397.713188        0.120934
MDMin:   46 09:10:18    -2397.713142        0.121105
MDMin:   47 09:10:20    -2397.713105        0.121282
MDMin:   48 09:10:22    -2397.713076        0.121462
MDMin:   49 09:10:24    -2397.713055        0.121647
MDMin:   50 09:10:26    -2397.713040        0.121836
MDMin:   51 09:10:27    -2397.713031        0.122027
MDMin:   52 09:10:29    -2397.713029        0.122220
MDMin:   53 09:10:30    -2397.713031        0.122414
MDMin:   54 09:10:32    -2397.713038        0.122610
MDMin:   55 09:10:33    -2397.713049        0.122807
MDMin:   56 09:10:34    -2397.713063        0.123005
MDMin:   57 09:10:36    -2397.713081        0.123202
MDMin:   58 09:10:38    -2397.713102        0.123397
MDMin:   59 09:10:40    -2397.713125        0.123590
MDMin:   60 09:10:42    -2397.713149        0.123779
MDMin:   61 09:10:44    -2397.713176        0.123964
MDMin:   62 09:10:45    -2397.713204        0.124143
MDMin:   63 09:10:47    -2397.713232        0.124315
MDMin:   64 09:10:49    -2397.713262        0.124479
MDMin:   65 09:10:50    -2397.713292        0.124634
MDMin:   66 09:10:52    -2397.713323        0.124779
MDMin:   67 09:10:54    -2397.713353        0.124914
MDMin:   68 09:10:55    -2397.713384        0.125036
MDMin:   69 09:10:57    -2397.713414        0.125144
MDMin:   70 09:10:59    -2397.713444        0.125239
MDMin:   71 09:11:01    -2397.713473        0.125318
MDMin:   72 09:11:02    -2397.713502        0.125380
MDMin:   73 09:11:03    -2397.713531        0.125425
MDMin:   74 09:11:05    -2397.713558        0.125451
MDMin:   75 09:11:06    -2397.713585        0.125457
MDMin:   76 09:11:08    -2397.713611        0.125443
MDMin:   77 09:11:10    -2397.713637        0.125405
MDMin:   78 09:11:12    -2397.713661        0.125346
MDMin:   79 09:11:14    -2397.713685        0.125408
MDMin:   80 09:11:15    -2397.713708        0.125804
MDMin:   81 09:11:17    -2397.713729        0.126207
MDMin:   82 09:11:19    -2397.713750        0.126617
MDMin:   83 09:11:21    -2397.713770        0.127034
MDMin:   84 09:11:22    -2397.713789        0.127458
MDMin:   85 09:11:23    -2397.713808        0.127890
MDMin:   86 09:11:24    -2397.713825        0.128330
MDMin:   87 09:11:25    -2397.713842        0.128777
MDMin:   88 09:11:27    -2397.713858        0.129233
MDMin:   89 09:11:29    -2397.713873        0.129697
MDMin:   90 09:11:30    -2397.713887        0.130170
MDMin:   91 09:11:31    -2397.713900        0.130651
MDMin:   92 09:11:33    -2397.713913        0.131142
MDMin:   93 09:11:34    -2397.713925        0.131642
MDMin:   94 09:11:35    -2397.713937        0.132151
MDMin:   95 09:11:37    -2397.713948        0.132672
MDMin:   96 09:11:38    -2397.713958        0.133205
MDMin:   97 09:11:39    -2397.713968        0.133750
MDMin:   98 09:11:41    -2397.713977        0.134306
MDMin:   99 09:11:42    -2397.713985        0.134873
MDMin:  100 09:11:44    -2397.713993        0.135450
MDMin:  101 09:11:46    -2397.714001        0.136038
MDMin:  102 09:11:48    -2397.714008        0.136633
MDMin:  103 09:11:49    -2397.714014        0.137236
MDMin:  104 09:11:50    -2397.714020        0.137845
MDMin:  105 09:11:52    -2397.714026        0.138458
MDMin:  106 09:11:54    -2397.714031        0.139078
MDMin:  107 09:11:56    -2397.714036        0.139706
MDMin:  108 09:11:58    -2397.714040        0.140338
MDMin:  109 09:11:59    -2397.714044        0.140973
MDMin:  110 09:12:01    -2397.714048        0.141609
MDMin:  111 09:12:04    -2397.714052        0.142242
MDMin:  112 09:12:06    -2397.714055        0.142868
MDMin:  113 09:12:08    -2397.714058        0.143481
MDMin:  114 09:12:10    -2397.714060        0.144065
MDMin:  115 09:12:11    -2397.714062        0.144544
MDMin:  116 09:12:12    -2397.714063        0.144766
MDMin:  117 09:12:14    -2397.714064        0.144888
MDMin:  118 09:12:15    -2397.714064        0.145013
MDMin:  119 09:12:18    -2397.714065        0.145140
MDMin:  120 09:12:20    -2397.714065        0.145268
MDMin:  121 09:12:22    -2397.714066        0.145397
MDMin:  122 09:12:23    -2397.714067        0.145526
MDMin:  123 09:12:25    -2397.714067        0.145656
MDMin:  124 09:12:27    -2397.714068        0.145784
MDMin:  125 09:12:28    -2397.714068        0.145912
MDMin:  126 09:12:30    -2397.714069        0.146038
MDMin:  127 09:12:32    -2397.714069        0.146161
MDMin:  128 09:12:34    -2397.714070        0.146281
MDMin:  129 09:12:36    -2397.714070        0.146396
MDMin:  130 09:12:37    -2397.714071        0.146508
MDMin:  131 09:12:39    -2397.714071        0.146615
MDMin:  132 09:12:41    -2397.714072        0.146715
MDMin:  133 09:12:43    -2397.714072        0.146808
MDMin:  134 09:12:45    -2397.714073        0.146893
MDMin:  135 09:12:47    -2397.714073        0.146968
MDMin:  136 09:12:49    -2397.714074        0.147031
MDMin:  137 09:12:50    -2397.714074        0.147081
MDMin:  138 09:12:52    -2397.714075        0.147117
MDMin:  139 09:12:54    -2397.714075        0.147135
MDMin:  140 09:12:56    -2397.714076        0.147134
MDMin:  141 09:12:57    -2397.714076        0.147111
MDMin:  142 09:12:59    -2397.714076        0.147065
MDMin:  143 09:13:01    -2397.714077        0.146991
MDMin:  144 09:13:03    -2397.714077        0.146887
MDMin:  145 09:13:05    -2397.714078        0.146750
MDMin:  146 09:13:07    -2397.714078        0.146575
MDMin:  147 09:13:09    -2397.714078        0.146359
MDMin:  148 09:13:11    -2397.714079        0.146098
MDMin:  149 09:13:13    -2397.714079        0.145787
MDMin:  150 09:13:15    -2397.714079        0.145422
MDMin:  151 09:13:17    -2397.714080        0.144997
MDMin:  152 09:13:19    -2397.714080        0.144506
MDMin:  153 09:13:21    -2397.714081        0.143945
MDMin:  154 09:13:22    -2397.714081        0.143307
MDMin:  155 09:13:23    -2397.714081        0.142587
MDMin:  156 09:13:25    -2397.714082        0.141777
MDMin:  157 09:13:27    -2397.714082        0.140871
MDMin:  158 09:13:29    -2397.714082        0.139864
MDMin:  159 09:13:31    -2397.714083        0.138747
MDMin:  160 09:13:32    -2397.714083        0.137516
MDMin:  161 09:13:33    -2397.714083        0.136163
MDMin:  162 09:13:35    -2397.714083        0.134684
MDMin:  163 09:13:37    -2397.714084        0.133862
MDMin:  164 09:13:39    -2397.714084        0.134116
MDMin:  165 09:13:41    -2397.714084        0.134347
MDMin:  166 09:13:43    -2397.714085        0.134555
MDMin:  167 09:13:45    -2397.714085        0.134736
MDMin:  168 09:13:47    -2397.714086        0.134889
MDMin:  169 09:13:48    -2397.714086        0.135013
MDMin:  170 09:13:49    -2397.714086        0.135108
MDMin:  171 09:13:51    -2397.714087        0.135172
MDMin:  172 09:13:52    -2397.714087        0.135204
MDMin:  173 09:13:53    -2397.714087        0.135204
MDMin:  174 09:13:54    -2397.714088        0.135173
MDMin:  175 09:13:56    -2397.714088        0.135109
MDMin:  176 09:13:58    -2397.714089        0.135016
MDMin:  177 09:14:00    -2397.714089        0.134893
MDMin:  178 09:14:02    -2397.714090        0.134745
MDMin:  179 09:14:03    -2397.714090        0.134573
MDMin:  180 09:14:05    -2397.714091        0.134382
MDMin:  181 09:14:06    -2397.714091        0.134175
MDMin:  182 09:14:07    -2397.714092        0.133959
MDMin:  183 09:14:08    -2397.714092        0.133739
MDMin:  184 09:14:10    -2397.714093        0.133520
MDMin:  185 09:14:11    -2397.714093        0.133311
MDMin:  186 09:14:12    -2397.714094        0.133118
MDMin:  187 09:14:14    -2397.714094        0.132948
MDMin:  188 09:14:15    -2397.714095        0.132809
MDMin:  189 09:14:16    -2397.714096        0.132708
MDMin:  190 09:14:18    -2397.714096        0.132654
MDMin:  191 09:14:19    -2397.714097        0.132657
MDMin:  192 09:14:21    -2397.714098        0.132714
MDMin:  193 09:14:23    -2397.714098        0.132795
MDMin:  194 09:14:25    -2397.714098        0.132841
MDMin:  195 09:14:26    -2397.714099        0.132879
MDMin:  196 09:14:27    -2397.714099        0.132926
MDMin:  197 09:14:30    -2397.714099        0.132983
MDMin:  198 09:14:31    -2397.714099        0.133051
MDMin:  199 09:14:32    -2397.714100        0.133129
MDMin:  200 09:14:33    -2397.714100        0.133219
MDMin:  201 09:14:35    -2397.714100        0.133320
MDMin:  202 09:14:36    -2397.714100        0.133433
MDMin:  203 09:14:38    -2397.714101        0.133559
MDMin:  204 09:14:40    -2397.714101        0.133697
MDMin:  205 09:14:42    -2397.714101        0.133847
MDMin:  206 09:14:44    -2397.714101        0.134010
MDMin:  207 09:14:46    -2397.714102        0.134186
MDMin:  208 09:14:47    -2397.714102        0.134373
MDMin:  209 09:14:48    -2397.714102        0.134572
MDMin:  210 09:14:50    -2397.714103        0.134782
MDMin:  211 09:14:52    -2397.714103        0.135002
MDMin:  212 09:14:53    -2397.714103        0.135231
MDMin:  213 09:14:54    -2397.714104        0.135467
MDMin:  214 09:14:55    -2397.714104        0.135709
MDMin:  215 09:14:57    -2397.714104        0.135955
MDMin:  216 09:14:59    -2397.714105        0.136201
MDMin:  217 09:15:01    -2397.714105        0.136446
MDMin:  218 09:15:03    -2397.714106        0.136685
MDMin:  219 09:15:04    -2397.714106        0.136914
MDMin:  220 09:15:06    -2397.714106        0.137129
MDMin:  221 09:15:08    -2397.714107        0.137325
MDMin:  222 09:15:10    -2397.714107        0.137494
MDMin:  223 09:15:12    -2397.714107        0.137631
MDMin:  224 09:15:13    -2397.714108        0.137728
MDMin:  225 09:15:15    -2397.714108        0.137775
MDMin:  226 09:15:17    -2397.714109        0.137765
MDMin:  227 09:15:19    -2397.714109        0.137686
MDMin:  228 09:15:21    -2397.714110        0.137528
MDMin:  229 09:15:22    -2397.714110        0.137278
MDMin:  230 09:15:24    -2397.714111        0.136923
MDMin:  231 09:15:26    -2397.714111        0.136451
MDMin:  232 09:15:28    -2397.714111        0.135847
MDMin:  233 09:15:30    -2397.714112        0.135096
MDMin:  234 09:15:32    -2397.714112        0.134183
MDMin:  235 09:15:34    -2397.714113        0.133093
MDMin:  236 09:15:35    -2397.714113        0.131812
MDMin:  237 09:15:37    -2397.714114        0.130325
MDMin:  238 09:15:39    -2397.714114        0.128619
MDMin:  239 09:15:40    -2397.714115        0.126682
MDMin:  240 09:15:42    -2397.714115        0.124503
MDMin:  241 09:15:44    -2397.714116        0.122075
MDMin:  242 09:15:46    -2397.714116        0.119392
MDMin:  243 09:15:47    -2397.714117        0.118857
MDMin:  244 09:15:49    -2397.714117        0.118802
MDMin:  245 09:15:50    -2397.714118        0.118678
MDMin:  246 09:15:52    -2397.714118        0.118481
MDMin:  247 09:15:54    -2397.714119        0.118207
MDMin:  248 09:15:56    -2397.714120        0.117851
MDMin:  249 09:15:58    -2397.714120        0.117413
MDMin:  250 09:15:59    -2397.714121        0.116889
MDMin:  251 09:16:01    -2397.714121        0.116281
MDMin:  252 09:16:02    -2397.714122        0.115589
MDMin:  253 09:16:03    -2397.714122        0.114816
MDMin:  254 09:16:05    -2397.714123        0.113965
MDMin:  255 09:16:07    -2397.714124        0.113044
MDMin:  256 09:16:09    -2397.714124        0.112057
MDMin:  257 09:16:10    -2397.714125        0.111014
MDMin:  258 09:16:11    -2397.714125        0.109924
MDMin:  259 09:16:13    -2397.714126        0.108798
MDMin:  260 09:16:15    -2397.714127        0.107646
MDMin:  261 09:16:17    -2397.714127        0.106482
MDMin:  262 09:16:19    -2397.714128        0.105316
MDMin:  263 09:16:20    -2397.714129        0.104164
MDMin:  264 09:16:21    -2397.714129        0.103036
MDMin:  265 09:16:23    -2397.714130        0.101946
MDMin:  266 09:16:25    -2397.714131        0.100905
MDMin:  267 09:16:27    -2397.714131        0.099925
MDMin:  268 09:16:29    -2397.714132        0.099018
MDMin:  269 09:16:31    -2397.714133        0.098194
MDMin:  270 09:16:32    -2397.714133        0.097461
MDMin:  271 09:16:34    -2397.714134        0.101237
MDMin:  272 09:16:36    -2397.714135        0.106184
MDMin:  273 09:16:38    -2397.714135        0.111622
MDMin:  274 09:16:39    -2397.714136        0.117586
MDMin:  275 09:16:41    -2397.714137        0.124113
MDMin:  276 09:16:43    -2397.714137        0.131229
MDMin:  277 09:16:45    -2397.714138        0.138954
MDMin:  278 09:16:47    -2397.714139        0.147236
MDMin:  279 09:16:49    -2397.714139        0.155782
MDMin:  280 09:16:51    -2397.714140        0.163322
MDMin:  281 09:16:53    -2397.714140        0.168214
MDMin:  282 09:16:55    -2397.714140        0.172053
MDMin:  283 09:16:57    -2397.714140        0.175986
MDMin:  284 09:16:59    -2397.714141        0.180087
MDMin:  285 09:17:01    -2397.714141        0.184365
MDMin:  286 09:17:03    -2397.714141        0.188821
MDMin:  287 09:17:05    -2397.714141        0.193459
MDMin:  288 09:17:07    -2397.714141        0.198277
MDMin:  289 09:17:09    -2397.714142        0.203275
MDMin:  290 09:17:11    -2397.714142        0.208452
MDMin:  291 09:17:12    -2397.714142        0.213804
MDMin:  292 09:17:14    -2397.714142        0.219327
MDMin:  293 09:17:16    -2397.714143        0.225015
MDMin:  294 09:17:18    -2397.714143        0.230857
MDMin:  295 09:17:20    -2397.714143        0.236844
MDMin:  296 09:17:22    -2397.714143        0.242961
MDMin:  297 09:17:24    -2397.714143        0.249192
MDMin:  298 09:17:25    -2397.714144        0.255518
MDMin:  299 09:17:26    -2397.714144        0.261914
MDMin:  300 09:17:28    -2397.714144        0.268356
MDMin:  301 09:17:30    -2397.714144        0.274812
MDMin:  302 09:17:32    -2397.714145        0.281247
MDMin:  303 09:17:33    -2397.714145        0.287625
MDMin:  304 09:17:35    -2397.714145        0.293901
MDMin:  305 09:17:37    -2397.714145        0.300030
MDMin:  306 09:17:39    -2397.714146        0.305961
MDMin:  307 09:17:41    -2397.714146        0.311638
MDMin:  308 09:17:42    -2397.714146        0.317005
MDMin:  309 09:17:43    -2397.714146        0.322001
MDMin:  310 09:17:45    -2397.714146        0.326561
MDMin:  311 09:17:47    -2397.714147        0.330623
MDMin:  312 09:17:48    -2397.714147        0.334121
MDMin:  313 09:17:50    -2397.714147        0.336991
MDMin:  314 09:17:52    -2397.714147        0.339173
MDMin:  315 09:17:53    -2397.714148        0.340607
MDMin:  316 09:17:55    -2397.714148        0.341232
MDMin:  317 09:17:57    -2397.714148        0.341005
MDMin:  318 09:17:59    -2397.714148        0.339889
MDMin:  319 09:18:00    -2397.714149        0.337862
MDMin:  320 09:18:01    -2397.714149        0.334914
MDMin:  321 09:18:03    -2397.714149        0.331048
MDMin:  322 09:18:04    -2397.714149        0.326285
MDMin:  323 09:18:06    -2397.714150        0.320660
MDMin:  324 09:18:08    -2397.714150        0.314224
MDMin:  325 09:18:10    -2397.714150        0.307044
MDMin:  326 09:18:12    -2397.714150        0.299199
MDMin:  327 09:18:14    -2397.714151        0.290779
MDMin:  328 09:18:16    -2397.714151        0.281881
MDMin:  329 09:18:18    -2397.714151        0.272610
MDMin:  330 09:18:19    -2397.714152        0.263069
MDMin:  331 09:18:21    -2397.714152        0.253361
MDMin:  332 09:18:23    -2397.714152        0.243583
MDMin:  333 09:18:25    -2397.714153        0.233822
MDMin:  334 09:18:26    -2397.714153        0.224157
MDMin:  335 09:18:28    -2397.714153        0.214655
MDMin:  336 09:18:30    -2397.714154        0.205370
MDMin:  337 09:18:32    -2397.714154        0.196344
MDMin:  338 09:18:33    -2397.714154        0.187608
MDMin:  339 09:18:35    -2397.714155        0.179183
MDMin:  340 09:18:36    -2397.714155        0.171079
MDMin:  341 09:18:38    -2397.714155        0.163302
MDMin:  342 09:18:40    -2397.714156        0.155849
MDMin:  343 09:18:42    -2397.714156        0.148714
MDMin:  344 09:18:44    -2397.714157        0.141888
MDMin:  345 09:18:45    -2397.714157        0.135421
MDMin:  346 09:18:46    -2397.714158        0.130999
MDMin:  347 09:18:48    -2397.714158        0.126481
MDMin:  348 09:18:49    -2397.714158        0.121901
MDMin:  349 09:18:50    -2397.714159        0.117287
MDMin:  350 09:18:52    -2397.714159        0.112660
MDMin:  351 09:18:53    -2397.714160        0.108038
MDMin:  352 09:18:54    -2397.714160        0.103431
MDMin:  353 09:18:56    -2397.714161        0.098849
MDMin:  354 09:18:57    -2397.714161        0.094296
MDMin:  355 09:18:58    -2397.714162        0.089774
MDMin:  356 09:18:59    -2397.714163        0.085295
MDMin:  357 09:19:01    -2397.714163        0.080827
MDMin:  358 09:19:03    -2397.714164        0.076501
MDMin:  359 09:19:04    -2397.714164        0.089498
MDMin:  360 09:19:05    -2397.714165        0.191967
MDMin:  361 09:19:06    -2397.714165        0.090589
MDMin:  362 09:19:08    -2397.714165        0.067503
MDMin:  363 09:19:10    -2397.714165        0.067031
MDMin:  364 09:19:12    -2397.714165        0.066560
MDMin:  365 09:19:14    -2397.714166        0.066081
MDMin:  366 09:19:15    -2397.714166        0.065596
MDMin:  367 09:19:17    -2397.714166        0.065104
MDMin:  368 09:19:19    -2397.714166        0.064607
MDMin:  369 09:19:21    -2397.714166        0.064104
MDMin:  370 09:19:23    -2397.714166        0.063598
MDMin:  371 09:19:25    -2397.714166        0.063087
MDMin:  372 09:19:27    -2397.714167        0.062574
MDMin:  373 09:19:29    -2397.714167        0.062059
MDMin:  374 09:19:31    -2397.714167        0.061542
MDMin:  375 09:19:33    -2397.714167        0.061025
MDMin:  376 09:19:35    -2397.714167        0.060508
MDMin:  377 09:19:36    -2397.714167        0.059993
MDMin:  378 09:19:37    -2397.714168        0.059480
MDMin:  379 09:19:39    -2397.714168        0.058970
MDMin:  380 09:19:41    -2397.714168        0.058464
MDMin:  381 09:19:43    -2397.714168        0.057964
MDMin:  382 09:19:45    -2397.714168        0.057469
MDMin:  383 09:19:46    -2397.714169        0.056982
MDMin:  384 09:19:48    -2397.714169        0.056504
MDMin:  385 09:19:50    -2397.714169        0.056035
MDMin:  386 09:19:52    -2397.714169        0.055576
MDMin:  387 09:19:54    -2397.714170        0.055129
MDMin:  388 09:19:56    -2397.714170        0.054695
MDMin:  389 09:19:58    -2397.714170        0.054275
MDMin:  390 09:19:59    -2397.714170        0.053870
MDMin:  391 09:20:00    -2397.714171        0.053482
MDMin:  392 09:20:02    -2397.714171        0.053111
MDMin:  393 09:20:03    -2397.714171        0.052759
MDMin:  394 09:20:04    -2397.714171        0.052428
MDMin:  395 09:20:05    -2397.714172        0.052117
MDMin:  396 09:20:07    -2397.714172        0.051829
MDMin:  397 09:20:08    -2397.714172        0.051564
MDMin:  398 09:20:09    -2397.714172        0.051325
MDMin:  399 09:20:10    -2397.714173        0.051112
MDMin:  400 09:20:12    -2397.714173        0.050926
MDMin:  401 09:20:14    -2397.714173        0.050769
MDMin:  402 09:20:16    -2397.714174        0.050642
MDMin:  403 09:20:17    -2397.714174        0.050547
MDMin:  404 09:20:18    -2397.714174        0.050484
MDMin:  405 09:20:20    -2397.714175        0.050456
MDMin:  406 09:20:21    -2397.714175        0.050464
MDMin:  407 09:20:22    -2397.714175        0.050510
MDMin:  408 09:20:24    -2397.714176        0.050595
MDMin:  409 09:20:25    -2397.714176        0.050720
MDMin:  410 09:20:27    -2397.714176        0.050888
MDMin:  411 09:20:29    -2397.714177        0.051101
MDMin:  412 09:20:31    -2397.714177        0.051360
MDMin:  413 09:20:33    -2397.714177        0.051668
MDMin:  414 09:20:35    -2397.714178        0.052026
MDMin:  415 09:20:37    -2397.714178        0.052437
MDMin:  416 09:20:39    -2397.714178        0.052904
MDMin:  417 09:20:40    -2397.714179        0.053428
MDMin:  418 09:20:42    -2397.714179        0.054012
MDMin:  419 09:20:44    -2397.714179        0.054659
MDMin:  420 09:20:46    -2397.714180        0.055371
MDMin:  421 09:20:47    -2397.714180        0.056151
MDMin:  422 09:20:49    -2397.714181        0.057000
MDMin:  423 09:20:51    -2397.714181        0.057921
MDMin:  424 09:20:53    -2397.714181        0.058907
MDMin:  425 09:20:55    -2397.714182        0.059882
MDMin:  426 09:20:57    -2397.714182        0.067133
MDMin:  427 09:20:59    -2397.714182        0.060697
MDMin:  428 09:21:01    -2397.714182        0.060939
MDMin:  429 09:21:03    -2397.714182        0.061193
MDMin:  430 09:21:05    -2397.714182        0.061459
MDMin:  431 09:21:07    -2397.714182        0.061738
MDMin:  432 09:21:08    -2397.714182        0.062029
MDMin:  433 09:21:10    -2397.714182        0.062334
MDMin:  434 09:21:12    -2397.714183        0.062652
MDMin:  435 09:21:14    -2397.714183        0.062983
MDMin:  436 09:21:16    -2397.714183        0.063329
MDMin:  437 09:21:18    -2397.714183        0.063690
MDMin:  438 09:21:19    -2397.714183        0.064065
MDMin:  439 09:21:20    -2397.714183        0.064455
MDMin:  440 09:21:21    -2397.714183        0.064861
MDMin:  441 09:21:23    -2397.714183        0.065283
MDMin:  442 09:21:24    -2397.714183        0.065721
MDMin:  443 09:21:25    -2397.714184        0.066176
MDMin:  444 09:21:27    -2397.714184        0.066648
MDMin:  445 09:21:29    -2397.714184        0.067138
MDMin:  446 09:21:31    -2397.714184        0.067645
MDMin:  447 09:21:33    -2397.714184        0.068170
MDMin:  448 09:21:35    -2397.714184        0.068713
MDMin:  449 09:21:37    -2397.714184        0.069275
MDMin:  450 09:21:39    -2397.714184        0.069856
MDMin:  451 09:21:41    -2397.714184        0.070455
MDMin:  452 09:21:43    -2397.714185        0.071074
MDMin:  453 09:21:45    -2397.714185        0.071712
MDMin:  454 09:21:46    -2397.714185        0.072368
MDMin:  455 09:21:48    -2397.714185        0.073044
MDMin:  456 09:21:49    -2397.714185        0.073740
MDMin:  457 09:21:51    -2397.714185        0.074453
MDMin:  458 09:21:52    -2397.714185        0.075186
MDMin:  459 09:21:54    -2397.714186        0.075937
MDMin:  460 09:21:55    -2397.714186        0.076705
MDMin:  461 09:21:57    -2397.714186        0.077491
MDMin:  462 09:21:59    -2397.714186        0.078292
MDMin:  463 09:22:00    -2397.714186        0.079109
MDMin:  464 09:22:02    -2397.714186        0.079941
MDMin:  465 09:22:03    -2397.714186        0.080785
MDMin:  466 09:22:04    -2397.714187        0.081641
MDMin:  467 09:22:06    -2397.714187        0.082507
MDMin:  468 09:22:07    -2397.714187        0.083381
MDMin:  469 09:22:08    -2397.714187        0.084260
MDMin:  470 09:22:09    -2397.714187        0.085143
MDMin:  471 09:22:11    -2397.714187        0.086026
MDMin:  472 09:22:12    -2397.714188        0.086907
MDMin:  473 09:22:13    -2397.714188        0.087782
MDMin:  474 09:22:14    -2397.714188        0.088647
MDMin:  475 09:22:16    -2397.714188        0.089498
MDMin:  476 09:22:17    -2397.714188        0.090332
MDMin:  477 09:22:20    -2397.714188        0.091142
MDMin:  478 09:22:21    -2397.714188        0.091924
MDMin:  479 09:22:23    -2397.714189        0.092673
MDMin:  480 09:22:25    -2397.714189        0.093381
MDMin:  481 09:22:27    -2397.714189        0.094043
MDMin:  482 09:22:29    -2397.714189        0.094652
MDMin:  483 09:22:30    -2397.714189        0.095200
MDMin:  484 09:22:32    -2397.714189        0.095680
MDMin:  485 09:22:34    -2397.714190        0.096084
MDMin:  486 09:22:36    -2397.714190        0.096403
MDMin:  487 09:22:37    -2397.714190        0.096629
MDMin:  488 09:22:39    -2397.714190        0.096754
MDMin:  489 09:22:41    -2397.714190        0.096767
MDMin:  490 09:22:43    -2397.714190        0.096661
MDMin:  491 09:22:45    -2397.714191        0.096427
MDMin:  492 09:22:47    -2397.714191        0.096054
MDMin:  493 09:22:49    -2397.714191        0.095535
MDMin:  494 09:22:50    -2397.714191        0.094862
MDMin:  495 09:22:52    -2397.714191        0.094028
MDMin:  496 09:22:54    -2397.714191        0.093024
MDMin:  497 09:22:56    -2397.714192        0.091845
MDMin:  498 09:22:58    -2397.714192        0.090486
MDMin:  499 09:23:00    -2397.714192        0.088944
MDMin:  500 09:23:02    -2397.714192        0.087216
MDMin:  501 09:23:03    -2397.714192        0.085302
MDMin:  502 09:23:05    -2397.714192        0.083203
MDMin:  503 09:23:07    -2397.714193        0.080923
MDMin:  504 09:23:09    -2397.714193        0.078467
MDMin:  505 09:23:11    -2397.714193        0.079480
MDMin:  506 09:23:13    -2397.714193        0.081404
MDMin:  507 09:23:15    -2397.714193        0.083150
MDMin:  508 09:23:17    -2397.714193        0.084695
MDMin:  509 09:23:19    -2397.714194        0.086015
MDMin:  510 09:23:20    -2397.714194        0.087090
MDMin:  511 09:23:21    -2397.714194        0.087897
MDMin:  512 09:23:22    -2397.714194        0.088417
MDMin:  513 09:23:23    -2397.714194        0.088632
MDMin:  514 09:23:25    -2397.714195        0.088528
MDMin:  515 09:23:26    -2397.714195        0.088093
MDMin:  516 09:23:27    -2397.714195        0.087317
MDMin:  517 09:23:28    -2397.714195        0.086198
MDMin:  518 09:23:30    -2397.714195        0.084734
MDMin:  519 09:23:31    -2397.714196        0.082932
MDMin:  520 09:23:32    -2397.714196        0.080803
MDMin:  521 09:23:33    -2397.714196        0.078362
MDMin:  522 09:23:34    -2397.714196        0.075631
MDMin:  523 09:23:36    -2397.714196        0.072639
MDMin:  524 09:23:37    -2397.714197        0.069418
MDMin:  525 09:23:38    -2397.714197        0.066007
MDMin:  526 09:23:40    -2397.714197        0.062446
MDMin:  527 09:23:41    -2397.714197        0.058780
MDMin:  528 09:23:42    -2397.714198        0.055057
MDMin:  529 09:23:43    -2397.714198        0.051634
MDMin:  530 09:23:44    -2397.714198        0.050082
MDMin:  531 09:23:45    -2397.714199        0.048386
