       Step     Time          Energy          fmax
MDMin:    0 06:04:31    -2395.563474        4.507043
MDMin:    1 06:04:33    -2395.576770        4.494237
MDMin:    2 06:04:34    -2395.617043        4.410684
MDMin:    3 06:04:36    -2395.686291        4.131147
MDMin:    4 06:04:38    -2395.789413        4.026470
MDMin:    5 06:04:39    -2395.913568        3.514873
MDMin:    6 06:04:40    -2396.053514        3.253755
MDMin:    7 06:04:42    -2396.237719        2.599890
MDMin:    8 06:04:43    -2396.470804        2.276291
MDMin:    9 06:04:45    -2396.693890        1.785711
MDMin:   10 06:04:47    -2396.852229        1.754384
MDMin:   11 06:04:49    -2397.014381        1.770327
MDMin:   12 06:04:52    -2397.209718        1.876685
MDMin:   13 06:04:54    -2397.417680        1.725624
MDMin:   14 06:04:55    -2397.558195        1.845449
MDMin:   15 06:04:57    -2397.600012        1.189124
MDMin:   16 06:04:58    -2397.627186        1.096730
MDMin:   17 06:05:00    -2397.655315        0.999855
MDMin:   18 06:05:02    -2397.683280        0.906278
MDMin:   19 06:05:03    -2397.710761        0.821974
MDMin:   20 06:05:05    -2397.722357        0.751280
MDMin:   21 06:05:07    -2397.728200        0.698440
MDMin:   22 06:05:08    -2397.734310        0.654837
MDMin:   23 06:05:10    -2397.740485        0.612822
MDMin:   24 06:05:12    -2397.746374        0.566827
MDMin:   25 06:05:14    -2397.751689        0.512879
MDMin:   26 06:05:16    -2397.756123        0.605018
MDMin:   27 06:05:18    -2397.758826        1.364610
MDMin:   28 06:05:20    -2397.759144        0.662955
MDMin:   29 06:05:22    -2397.759668        0.392095
MDMin:   30 06:05:24    -2397.760315        0.384007
MDMin:   31 06:05:26    -2397.761037        0.374980
MDMin:   32 06:05:28    -2397.761818        0.365320
MDMin:   33 06:05:30    -2397.762644        0.355367
MDMin:   34 06:05:31    -2397.763499        0.345481
MDMin:   35 06:05:32    -2397.764369        0.335992
MDMin:   36 06:05:34    -2397.765239        0.327160
MDMin:   37 06:05:36    -2397.766100        0.319125
MDMin:   38 06:05:38    -2397.766939        0.311881
MDMin:   39 06:05:41    -2397.767748        0.305259
MDMin:   40 06:05:42    -2397.768522        0.305223
MDMin:   41 06:05:44    -2397.769257        0.309004
MDMin:   42 06:05:46    -2397.769951        0.313218
MDMin:   43 06:05:47    -2397.770602        0.318456
MDMin:   44 06:05:49    -2397.771213        0.324729
MDMin:   45 06:05:50    -2397.771787        0.330854
MDMin:   46 06:05:52    -2397.772325        0.335895
MDMin:   47 06:05:54    -2397.771965        0.338767
MDMin:   48 06:05:56    -2397.770751        0.577535
MDMin:   49 06:05:57    -2397.771294        0.337981
MDMin:   50 06:05:59    -2397.771525        0.337094
MDMin:   51 06:06:01    -2397.771762        0.335826
MDMin:   52 06:06:02    -2397.772011        0.334064
MDMin:   53 06:06:04    -2397.772272        0.331685
MDMin:   54 06:06:06    -2397.772127        0.328558
MDMin:   55 06:06:08    -2397.771684        0.325140
MDMin:   56 06:06:10    -2397.772080        0.321066
MDMin:   57 06:06:11    -2397.772411        0.316084
MDMin:   58 06:06:13    -2397.771532        0.310933
MDMin:   59 06:06:15    -2397.771995        0.305123
MDMin:   60 06:06:17    -2397.772393        0.298772
MDMin:   61 06:06:18    -2397.772249        0.292439
MDMin:   62 06:06:20    -2397.771814        0.285521
MDMin:   63 06:06:22    -2397.772350        0.277574
MDMin:   64 06:06:24    -2397.772545        0.268233
MDMin:   65 06:06:26    -2397.771868        0.269609
MDMin:   66 06:06:27    -2397.772442        0.272552
MDMin:   67 06:06:29    -2397.772796        0.275748
MDMin:   68 06:06:31    -2397.772036        0.278715
MDMin:   69 06:06:33    -2397.772642        0.281690
MDMin:   70 06:06:34    -2397.772976        0.284812
MDMin:   71 06:06:36    -2397.772303        0.287606
MDMin:   72 06:06:38    -2397.772926        0.290285
MDMin:   73 06:06:39    -2397.773059        0.292968
MDMin:   74 06:06:41    -2397.772647        0.295242
MDMin:   75 06:06:42    -2397.773278        0.297279
MDMin:   76 06:06:44    -2397.773036        0.299150
MDMin:   77 06:06:45    -2397.773050        0.300564
MDMin:   78 06:06:46    -2397.773241        0.301628
MDMin:   79 06:06:48    -2397.773027        0.302274
MDMin:   80 06:06:50    -2397.773458        0.302568
MDMin:   81 06:06:52    -2397.773092        0.302509
MDMin:   82 06:06:53    -2397.773626        0.302106
MDMin:   83 06:06:55    -2397.773189        0.301385
MDMin:   84 06:06:57    -2397.773746        0.300314
MDMin:   85 06:06:59    -2397.773310        0.298940
MDMin:   86 06:07:01    -2397.773825        0.297205
MDMin:   87 06:07:02    -2397.773452        0.295171
MDMin:   88 06:07:04    -2397.773868        0.292764
MDMin:   89 06:07:06    -2397.773611        0.290058
MDMin:   90 06:07:07    -2397.773879        0.286973
MDMin:   91 06:07:09    -2397.773787        0.283588
MDMin:   92 06:07:10    -2397.773862        0.279823
MDMin:   93 06:07:11    -2397.773966        0.275763
MDMin:   94 06:07:13    -2397.773630        0.270955
MDMin:   95 06:07:14    -2397.774012        0.265764
MDMin:   96 06:07:16    -2397.773942        0.265079
MDMin:   97 06:07:17    -2397.773996        0.266265
MDMin:   98 06:07:19    -2397.774065        0.267375
MDMin:   99 06:07:21    -2397.773938        0.268512
MDMin:  100 06:07:23    -2397.774092        0.269569
MDMin:  101 06:07:25    -2397.774157        0.270557
MDMin:  102 06:07:27    -2397.774068        0.271558
MDMin:  103 06:07:29    -2397.774202        0.272474
MDMin:  104 06:07:31    -2397.774252        0.273328
MDMin:  105 06:07:33    -2397.774310        0.274184
MDMin:  106 06:07:35    -2397.774298        0.274955
MDMin:  107 06:07:37    -2397.774330        0.275663
MDMin:  108 06:07:39    -2397.774430        0.276363
MDMin:  109 06:07:41    -2397.774455        0.277043
MDMin:  110 06:07:43    -2397.774575        0.277613
MDMin:  111 06:07:45    -2397.774611        0.278106
MDMin:  112 06:07:47    -2397.774722        0.278551
MDMin:  113 06:07:49    -2397.774856        0.278929
MDMin:  114 06:07:50    -2397.774903        0.279173
MDMin:  115 06:07:52    -2397.774931        0.279308
MDMin:  116 06:07:53    -2397.775047        0.279341
MDMin:  117 06:07:56    -2397.775230        0.281818
MDMin:  118 06:07:58    -2397.775351        0.285543
MDMin:  119 06:08:00    -2397.775524        0.286323
MDMin:  120 06:08:01    -2397.775562        0.284392
MDMin:  121 06:08:03    -2397.775701        0.279836
MDMin:  122 06:08:05    -2397.775894        0.276263
MDMin:  123 06:08:07    -2397.776072        0.275373
MDMin:  124 06:08:09    -2397.776074        0.274689
MDMin:  125 06:08:11    -2397.776237        0.274053
MDMin:  126 06:08:13    -2397.776319        0.273327
MDMin:  127 06:08:15    -2397.776419        0.272470
MDMin:  128 06:08:16    -2397.776479        0.271460
MDMin:  129 06:08:18    -2397.776574        0.270355
MDMin:  130 06:08:20    -2397.776651        0.269089
MDMin:  131 06:08:22    -2397.776760        0.267599
MDMin:  132 06:08:24    -2397.776903        0.265852
MDMin:  133 06:08:26    -2397.776907        0.263807
MDMin:  134 06:08:28    -2397.777133        0.261606
MDMin:  135 06:08:30    -2397.777220        0.259138
MDMin:  136 06:08:31    -2397.777360        0.256304
MDMin:  137 06:08:32    -2397.777456        0.253072
MDMin:  138 06:08:34    -2397.777608        0.250945
MDMin:  139 06:08:36    -2397.777690        0.251860
MDMin:  140 06:08:38    -2397.777846        0.252634
MDMin:  141 06:08:40    -2397.777993        0.253255
MDMin:  142 06:08:42    -2397.778121        0.253666
MDMin:  143 06:08:44    -2397.778204        0.253906
MDMin:  144 06:08:46    -2397.778297        0.254030
MDMin:  145 06:08:48    -2397.778392        0.254109
MDMin:  146 06:08:50    -2397.778500        0.254174
MDMin:  147 06:08:51    -2397.778500        0.254237
MDMin:  148 06:08:53    -2397.778665        0.254295
MDMin:  149 06:08:55    -2397.778758        0.254356
MDMin:  150 06:08:57    -2397.778843        0.254433
MDMin:  151 06:08:59    -2397.778902        0.254520
MDMin:  152 06:09:01    -2397.778986        0.254630
MDMin:  153 06:09:03    -2397.779107        0.254778
MDMin:  154 06:09:04    -2397.779110        0.254975
MDMin:  155 06:09:05    -2397.779300        0.255205
MDMin:  156 06:09:07    -2397.779397        0.255484
MDMin:  157 06:09:08    -2397.779483        0.255828
MDMin:  158 06:09:09    -2397.779559        0.256206
MDMin:  159 06:09:11    -2397.779643        0.256623
MDMin:  160 06:09:12    -2397.779777        0.257086
MDMin:  161 06:09:13    -2397.779749        0.257563
MDMin:  162 06:09:15    -2397.779966        0.257974
MDMin:  163 06:09:16    -2397.780048        0.258330
MDMin:  164 06:09:17    -2397.780072        0.258678
MDMin:  165 06:09:19    -2397.780145        0.259015
MDMin:  166 06:09:20    -2397.780219        0.259365
MDMin:  167 06:09:21    -2397.780266        0.259740
MDMin:  168 06:09:22    -2397.780314        0.260109
MDMin:  169 06:09:24    -2397.780391        0.260482
MDMin:  170 06:09:26    -2397.780460        0.260863
MDMin:  171 06:09:29    -2397.780494        0.261216
MDMin:  172 06:09:30    -2397.780575        0.261545
MDMin:  173 06:09:32    -2397.780660        0.261849
MDMin:  174 06:09:34    -2397.780687        0.262094
MDMin:  175 06:09:36    -2397.780771        0.262277
MDMin:  176 06:09:38    -2397.780864        0.262388
MDMin:  177 06:09:40    -2397.780889        0.262403
MDMin:  178 06:09:42    -2397.780974        0.262321
MDMin:  179 06:09:44    -2397.781074        0.262137
MDMin:  180 06:09:45    -2397.781081        0.261878
MDMin:  181 06:09:47    -2397.781156        0.261562
MDMin:  182 06:09:49    -2397.781247        0.261177
MDMin:  183 06:09:51    -2397.781199        0.260706
MDMin:  184 06:09:53    -2397.781349        0.260161
MDMin:  185 06:09:54    -2397.781424        0.259511
MDMin:  186 06:09:56    -2397.781405        0.258762
MDMin:  187 06:09:57    -2397.781475        0.257881
MDMin:  188 06:09:58    -2397.781534        0.256816
MDMin:  189 06:10:00    -2397.781546        0.255614
MDMin:  190 06:10:01    -2397.781625        0.254240
MDMin:  191 06:10:03    -2397.781657        0.252630
MDMin:  192 06:10:05    -2397.781709        0.250877
MDMin:  193 06:10:07    -2397.781794        0.248957
MDMin:  194 06:10:08    -2397.781794        0.246827
MDMin:  195 06:10:10    -2397.781881        0.244669
MDMin:  196 06:10:12    -2397.781962        0.242516
MDMin:  197 06:10:14    -2397.781941        0.240367
MDMin:  198 06:10:16    -2397.782033        0.238366
MDMin:  199 06:10:17    -2397.782106        0.236413
MDMin:  200 06:10:19    -2397.782054        0.234384
MDMin:  201 06:10:21    -2397.782163        0.232363
MDMin:  202 06:10:23    -2397.782221        0.230288
MDMin:  203 06:10:25    -2397.782188        0.228204
MDMin:  204 06:10:27    -2397.782254        0.230208
MDMin:  205 06:10:29    -2397.782285        0.233008
MDMin:  206 06:10:31    -2397.782300        0.236207
MDMin:  207 06:10:33    -2397.782377        0.239908
MDMin:  208 06:10:34    -2397.782367        0.244299
MDMin:  209 06:10:35    -2397.782435        0.249152
MDMin:  210 06:10:37    -2397.782518        0.254529
MDMin:  211 06:10:38    -2397.782465        0.260546
MDMin:  212 06:10:39    -2397.782578        0.266715
MDMin:  213 06:10:40    -2397.782638        0.272985
MDMin:  214 06:10:42    -2397.782597        0.279178
MDMin:  215 06:10:44    -2397.782660        0.285499
MDMin:  216 06:10:46    -2397.782697        0.292275
MDMin:  217 06:10:48    -2397.782686        0.299217
MDMin:  218 06:10:49    -2397.782757        0.306425
MDMin:  219 06:10:51    -2397.782752        0.314019
MDMin:  220 06:10:53    -2397.782792        0.321448
MDMin:  221 06:10:55    -2397.782871        0.328585
MDMin:  222 06:10:56    -2397.782817        0.335238
MDMin:  223 06:10:58    -2397.782911        0.340613
MDMin:  224 06:11:00    -2397.782962        0.344334
MDMin:  225 06:11:01    -2397.782921        0.345903
MDMin:  226 06:11:03    -2397.782994        0.345051
MDMin:  227 06:11:05    -2397.783014        0.341500
MDMin:  228 06:11:07    -2397.783022        0.335483
MDMin:  229 06:11:09    -2397.783097        0.327295
MDMin:  230 06:11:11    -2397.783076        0.316949
MDMin:  231 06:11:13    -2397.783126        0.305200
MDMin:  232 06:11:14    -2397.783189        0.292080
MDMin:  233 06:11:15    -2397.783134        0.278001
MDMin:  234 06:11:17    -2397.783204        0.262927
MDMin:  235 06:11:19    -2397.783220        0.255299
MDMin:  236 06:11:21    -2397.783225        0.249983
MDMin:  237 06:11:23    -2397.783306        0.250392
MDMin:  238 06:11:24    -2397.783263        0.258057
MDMin:  239 06:11:26    -2397.783337        0.265179
MDMin:  240 06:11:27    -2397.783377        0.271704
MDMin:  241 06:11:28    -2397.783349        0.277355
MDMin:  242 06:11:30    -2397.783424        0.282191
MDMin:  243 06:11:32    -2397.783414        0.286357
MDMin:  244 06:11:34    -2397.783446        0.289575
MDMin:  245 06:11:36    -2397.783504        0.291944
MDMin:  246 06:11:38    -2397.783454        0.293421
MDMin:  247 06:11:39    -2397.783529        0.294025
MDMin:  248 06:11:40    -2397.783524        0.293679
MDMin:  249 06:11:41    -2397.783550        0.292310
MDMin:  250 06:11:43    -2397.783609        0.289909
MDMin:  251 06:11:44    -2397.783561        0.286565
MDMin:  252 06:11:46    -2397.783644        0.282303
MDMin:  253 06:11:48    -2397.783627        0.276997
MDMin:  254 06:11:49    -2397.783670        0.271114
MDMin:  255 06:11:50    -2397.783711        0.264742
MDMin:  256 06:11:52    -2397.783686        0.262589
MDMin:  257 06:11:54    -2397.783767        0.262738
MDMin:  258 06:11:56    -2397.783731        0.262734
MDMin:  259 06:11:58    -2397.783792        0.262570
MDMin:  260 06:12:00    -2397.783802        0.262248
MDMin:  261 06:12:01    -2397.783808        0.261776
MDMin:  262 06:12:03    -2397.783862        0.261140
MDMin:  263 06:12:04    -2397.783818        0.260349
MDMin:  264 06:12:05    -2397.783899        0.259382
MDMin:  265 06:12:07    -2397.783866        0.258165
MDMin:  266 06:12:09    -2397.783922        0.256781
MDMin:  267 06:12:10    -2397.783930        0.255203
MDMin:  268 06:12:11    -2397.783940        0.253486
MDMin:  269 06:12:13    -2397.783986        0.251617
MDMin:  270 06:12:14    -2397.783955        0.249655
MDMin:  271 06:12:16    -2397.784037        0.247575
MDMin:  272 06:12:18    -2397.783969        0.245437
MDMin:  273 06:12:19    -2397.784056        0.243214
MDMin:  274 06:12:21    -2397.784036        0.240776
MDMin:  275 06:12:22    -2397.784084        0.238368
MDMin:  276 06:12:24    -2397.784091        0.242343
MDMin:  277 06:12:26    -2397.784107        0.246357
MDMin:  278 06:12:28    -2397.784138        0.250497
MDMin:  279 06:12:30    -2397.784127        0.254666
MDMin:  280 06:12:32    -2397.784180        0.258960
MDMin:  281 06:12:34    -2397.784147        0.263290
MDMin:  282 06:12:36    -2397.784219        0.267750
MDMin:  283 06:12:38    -2397.784167        0.272247
MDMin:  284 06:12:40    -2397.784251        0.276869
MDMin:  285 06:12:42    -2397.784212        0.281951
MDMin:  286 06:12:44    -2397.784280        0.287004
MDMin:  287 06:12:46    -2397.784256        0.292140
MDMin:  288 06:12:48    -2397.784307        0.297201
MDMin:  289 06:12:50    -2397.784295        0.302285
MDMin:  290 06:12:51    -2397.784332        0.307248
MDMin:  291 06:12:53    -2397.784332        0.312171
MDMin:  292 06:12:55    -2397.784357        0.316917
MDMin:  293 06:12:57    -2397.784366        0.321544
MDMin:  294 06:12:59    -2397.784382        0.325920
MDMin:  295 06:13:01    -2397.784399        0.330081
MDMin:  296 06:13:02    -2397.784407        0.333897
MDMin:  297 06:13:04    -2397.784430        0.337381
MDMin:  298 06:13:06    -2397.784434        0.340409
MDMin:  299 06:13:07    -2397.784460        0.342973
MDMin:  300 06:13:09    -2397.784462        0.344962
MDMin:  301 06:13:11    -2397.784490        0.346350
MDMin:  302 06:13:12    -2397.784490        0.347050
MDMin:  303 06:13:14    -2397.784519        0.347034
MDMin:  304 06:13:15    -2397.784519        0.346271
MDMin:  305 06:13:17    -2397.784547        0.344727
MDMin:  306 06:13:18    -2397.784549        0.342392
MDMin:  307 06:13:19    -2397.784574        0.339234
MDMin:  308 06:13:21    -2397.784579        0.335297
MDMin:  309 06:13:22    -2397.784602        0.330558
MDMin:  310 06:13:23    -2397.784609        0.325116
MDMin:  311 06:13:25    -2397.784629        0.318953
MDMin:  312 06:13:27    -2397.784640        0.312218
MDMin:  313 06:13:29    -2397.784655        0.304896
MDMin:  314 06:13:31    -2397.784671        0.297174
MDMin:  315 06:13:32    -2397.784682        0.289033
MDMin:  316 06:13:33    -2397.784702        0.280683
MDMin:  317 06:13:35    -2397.784708        0.272095
MDMin:  318 06:13:36    -2397.784733        0.263489
MDMin:  319 06:13:37    -2397.784734        0.254819
MDMin:  320 06:13:39    -2397.784762        0.246303
MDMin:  321 06:13:41    -2397.784760        0.237876
MDMin:  322 06:13:43    -2397.784791        0.229737
MDMin:  323 06:13:44    -2397.784785        0.230204
MDMin:  324 06:13:46    -2397.784819        0.230735
MDMin:  325 06:13:48    -2397.784809        0.231195
MDMin:  326 06:13:50    -2397.784846        0.231581
MDMin:  327 06:13:52    -2397.784833        0.231907
MDMin:  328 06:13:54    -2397.784870        0.232173
MDMin:  329 06:13:56    -2397.784856        0.232391
MDMin:  330 06:13:58    -2397.784894        0.232562
MDMin:  331 06:14:00    -2397.784878        0.232695
MDMin:  332 06:14:02    -2397.784915        0.232792
MDMin:  333 06:14:04    -2397.784900        0.232860
MDMin:  334 06:14:06    -2397.784935        0.232900
MDMin:  335 06:14:08    -2397.784920        0.232917
MDMin:  336 06:14:09    -2397.784954        0.232913
MDMin:  337 06:14:10    -2397.784940        0.232891
MDMin:  338 06:14:11    -2397.784971        0.232853
MDMin:  339 06:14:13    -2397.784959        0.232800
MDMin:  340 06:14:14    -2397.784987        0.232735
MDMin:  341 06:14:15    -2397.784978        0.232656
MDMin:  342 06:14:16    -2397.785002        0.232568
MDMin:  343 06:14:18    -2397.784995        0.232468
MDMin:  344 06:14:19    -2397.785015        0.232359
MDMin:  345 06:14:21    -2397.785012        0.232238
MDMin:  346 06:14:23    -2397.785027        0.232109
MDMin:  347 06:14:24    -2397.785029        0.231969
MDMin:  348 06:14:26    -2397.785038        0.231819
MDMin:  349 06:14:28    -2397.785044        0.231658
MDMin:  350 06:14:30    -2397.785049        0.231488
MDMin:  351 06:14:31    -2397.785059        0.231304
MDMin:  352 06:14:33    -2397.785058        0.231112
MDMin:  353 06:14:35    -2397.785074        0.230905
MDMin:  354 06:14:37    -2397.785067        0.230688
MDMin:  355 06:14:39    -2397.785088        0.230456
MDMin:  356 06:14:41    -2397.785075        0.230214
MDMin:  357 06:14:42    -2397.785102        0.229954
MDMin:  358 06:14:44    -2397.785083        0.229684
MDMin:  359 06:14:46    -2397.785115        0.229395
MDMin:  360 06:14:47    -2397.785090        0.229095
MDMin:  361 06:14:48    -2397.785126        0.228775
MDMin:  362 06:14:50    -2397.785101        0.228387
MDMin:  363 06:14:51    -2397.785134        0.227991
MDMin:  364 06:14:52    -2397.785118        0.227574
MDMin:  365 06:14:53    -2397.785141        0.227148
MDMin:  366 06:14:55    -2397.785133        0.226700
MDMin:  367 06:14:56    -2397.785147        0.226242
MDMin:  368 06:14:58    -2397.785148        0.225760
MDMin:  369 06:15:00    -2397.785152        0.225268
MDMin:  370 06:15:01    -2397.785162        0.224751
MDMin:  371 06:15:03    -2397.785157        0.224224
MDMin:  372 06:15:04    -2397.785175        0.223671
MDMin:  373 06:15:06    -2397.785161        0.223107
MDMin:  374 06:15:08    -2397.785188        0.222516
MDMin:  375 06:15:10    -2397.785165        0.221915
MDMin:  376 06:15:12    -2397.785196        0.221287
MDMin:  377 06:15:14    -2397.785175        0.220545
MDMin:  378 06:15:16    -2397.785201        0.220032
MDMin:  379 06:15:18    -2397.785191        0.222424
MDMin:  380 06:15:20    -2397.785205        0.224764
MDMin:  381 06:15:21    -2397.785206        0.227146
MDMin:  382 06:15:23    -2397.785208        0.229485
MDMin:  383 06:15:25    -2397.785220        0.231874
MDMin:  384 06:15:27    -2397.785210        0.234231
MDMin:  385 06:15:29    -2397.785234        0.236643
MDMin:  386 06:15:30    -2397.785213        0.239027
MDMin:  387 06:15:32    -2397.785243        0.241467
MDMin:  388 06:15:34    -2397.785221        0.244292
MDMin:  389 06:15:35    -2397.785246        0.247022
MDMin:  390 06:15:37    -2397.785238        0.249780
MDMin:  391 06:15:39    -2397.785248        0.252463
MDMin:  392 06:15:41    -2397.785254        0.255181
MDMin:  393 06:15:42    -2397.785249        0.257836
MDMin:  394 06:15:44    -2397.785269        0.260531
MDMin:  395 06:15:45    -2397.785250        0.263170
MDMin:  396 06:15:47    -2397.785280        0.265850
MDMin:  397 06:15:49    -2397.785256        0.268910
MDMin:  398 06:15:50    -2397.785282        0.271838
MDMin:  399 06:15:52    -2397.785274        0.274770
MDMin:  400 06:15:53    -2397.785282        0.277589
MDMin:  401 06:15:54    -2397.785291        0.280414
MDMin:  402 06:15:55    -2397.785282        0.283136
MDMin:  403 06:15:57    -2397.785307        0.285860
MDMin:  404 06:15:59    -2397.785282        0.288485
MDMin:  405 06:16:00    -2397.785313        0.291103
MDMin:  406 06:16:02    -2397.785294        0.294008
MDMin:  407 06:16:04    -2397.785313        0.296719
MDMin:  408 06:16:06    -2397.785313        0.299357
MDMin:  409 06:16:07    -2397.785312        0.301812
MDMin:  410 06:16:09    -2397.785331        0.304180
MDMin:  411 06:16:11    -2397.785311        0.306365
MDMin:  412 06:16:12    -2397.785342        0.308443
MDMin:  413 06:16:14    -2397.785319        0.310612
MDMin:  414 06:16:16    -2397.785341        0.312490
MDMin:  415 06:16:18    -2397.785340        0.314165
MDMin:  416 06:16:20    -2397.785339        0.315558
MDMin:  417 06:16:22    -2397.785360        0.316726
MDMin:  418 06:16:24    -2397.785337        0.317610
MDMin:  419 06:16:26    -2397.785369        0.318242
MDMin:  420 06:16:28    -2397.785347        0.318646
MDMin:  421 06:16:30    -2397.785367        0.318690
MDMin:  422 06:16:31    -2397.785370        0.318393
MDMin:  423 06:16:33    -2397.785364        0.317759
MDMin:  424 06:16:35    -2397.785392        0.316776
MDMin:  425 06:16:37    -2397.785360        0.315476
MDMin:  426 06:16:38    -2397.785393        0.313823
MDMin:  427 06:16:40    -2397.785380        0.311607
MDMin:  428 06:16:42    -2397.785390        0.309069
MDMin:  429 06:16:44    -2397.785404        0.306132
MDMin:  430 06:16:46    -2397.785386        0.302936
MDMin:  431 06:16:48    -2397.785420        0.299379
MDMin:  432 06:16:50    -2397.785394        0.295061
MDMin:  433 06:16:52    -2397.785416        0.290587
MDMin:  434 06:16:54    -2397.785420        0.285787
MDMin:  435 06:16:56    -2397.785412        0.280923
MDMin:  436 06:16:58    -2397.785445        0.275804
MDMin:  437 06:17:00    -2397.785407        0.270696
MDMin:  438 06:17:02    -2397.785438        0.265397
MDMin:  439 06:17:04    -2397.785434        0.259283
MDMin:  440 06:17:06    -2397.785434        0.253391
MDMin:  441 06:17:08    -2397.785461        0.247421
MDMin:  442 06:17:10    -2397.785430        0.241722
MDMin:  443 06:17:12    -2397.785460        0.235999
MDMin:  444 06:17:13    -2397.785453        0.229525
MDMin:  445 06:17:15    -2397.785457        0.223546
MDMin:  446 06:17:16    -2397.785479        0.217664
MDMin:  447 06:17:18    -2397.785453        0.212248
MDMin:  448 06:17:20    -2397.785480        0.206936
MDMin:  449 06:17:21    -2397.785473        0.200980
MDMin:  450 06:17:23    -2397.785477        0.195660
MDMin:  451 06:17:25    -2397.785498        0.190527
MDMin:  452 06:17:27    -2397.785473        0.185921
MDMin:  453 06:17:29    -2397.785498        0.181460
MDMin:  454 06:17:31    -2397.785493        0.176454
MDMin:  455 06:17:33    -2397.785495        0.172080
MDMin:  456 06:17:34    -2397.785517        0.167900
MDMin:  457 06:17:36    -2397.785491        0.164203
MDMin:  458 06:17:37    -2397.785513        0.161508
MDMin:  459 06:17:38    -2397.785512        0.160391
MDMin:  460 06:17:40    -2397.785510        0.159360
MDMin:  461 06:17:41    -2397.785532        0.158320
MDMin:  462 06:17:43    -2397.785510        0.157087
MDMin:  463 06:17:45    -2397.785530        0.155984
MDMin:  464 06:17:46    -2397.785532        0.154888
MDMin:  465 06:17:47    -2397.785526        0.153898
MDMin:  466 06:17:48    -2397.785545        0.152906
MDMin:  467 06:17:50    -2397.785529        0.151730
MDMin:  468 06:17:51    -2397.785543        0.150693
MDMin:  469 06:17:52    -2397.785549        0.149669
       Step     Time          Energy          fmax
MDMin:    0 06:43:50    -2395.563474        4.507043
MDMin:    1 06:43:52    -2395.576770        4.494237
MDMin:    2 06:43:53    -2395.617043        4.410684
MDMin:    3 06:43:54    -2395.686291        4.131147
MDMin:    4 06:43:55    -2395.789413        4.026470
MDMin:    5 06:43:56    -2395.913568        3.514873
MDMin:    6 06:43:58    -2396.053514        3.253755
MDMin:    7 06:43:59    -2396.237719        2.599890
MDMin:    8 06:44:01    -2396.470804        2.276291
MDMin:    9 06:44:03    -2396.693890        1.785711
MDMin:   10 06:44:05    -2396.852229        1.754384
MDMin:   11 06:44:06    -2397.014381        1.770327
MDMin:   12 06:44:08    -2397.209718        1.876685
MDMin:   13 06:44:09    -2397.417680        1.725624
MDMin:   14 06:44:11    -2397.558195        1.845449
MDMin:   15 06:44:12    -2397.600012        1.189124
MDMin:   16 06:44:13    -2397.627186        1.096730
MDMin:   17 06:44:14    -2397.655315        0.999855
MDMin:   18 06:44:15    -2397.683280        0.906278
MDMin:   19 06:44:17    -2397.710761        0.821974
MDMin:   20 06:44:19    -2397.722357        0.751280
MDMin:   21 06:44:21    -2397.728200        0.698440
MDMin:   22 06:44:22    -2397.734310        0.654837
MDMin:   23 06:44:24    -2397.740485        0.612822
MDMin:   24 06:44:26    -2397.746374        0.566827
MDMin:   25 06:44:28    -2397.751689        0.512879
MDMin:   26 06:44:30    -2397.756123        0.605018
MDMin:   27 06:44:31    -2397.758826        1.364610
MDMin:   28 06:44:33    -2397.759144        0.662955
MDMin:   29 06:44:35    -2397.759668        0.392095
MDMin:   30 06:44:37    -2397.760315        0.384007
MDMin:   31 06:44:39    -2397.761037        0.374980
MDMin:   32 06:44:41    -2397.761818        0.365320
MDMin:   33 06:44:42    -2397.762644        0.355367
MDMin:   34 06:44:44    -2397.763499        0.345481
MDMin:   35 06:44:46    -2397.764369        0.335992
MDMin:   36 06:44:47    -2397.765239        0.327160
MDMin:   37 06:44:49    -2397.766100        0.319125
MDMin:   38 06:44:51    -2397.766939        0.311881
MDMin:   39 06:44:53    -2397.767748        0.305259
MDMin:   40 06:44:55    -2397.768522        0.305223
MDMin:   41 06:44:57    -2397.769257        0.309004
MDMin:   42 06:44:58    -2397.769951        0.313218
MDMin:   43 06:45:00    -2397.770602        0.318456
MDMin:   44 06:45:02    -2397.771213        0.324729
MDMin:   45 06:45:04    -2397.771787        0.330854
MDMin:   46 06:45:06    -2397.772325        0.335895
MDMin:   47 06:45:08    -2397.771965        0.338767
MDMin:   48 06:45:10    -2397.770751        0.577535
MDMin:   49 06:45:12    -2397.771294        0.337981
MDMin:   50 06:45:14    -2397.771525        0.337094
MDMin:   51 06:45:15    -2397.771762        0.335826
MDMin:   52 06:45:17    -2397.772011        0.334064
MDMin:   53 06:45:18    -2397.772272        0.331685
MDMin:   54 06:45:20    -2397.772127        0.328558
MDMin:   55 06:45:22    -2397.771684        0.325140
MDMin:   56 06:45:24    -2397.772080        0.321066
MDMin:   57 06:45:25    -2397.772411        0.316084
MDMin:   58 06:45:27    -2397.771532        0.310933
MDMin:   59 06:45:29    -2397.771995        0.305123
MDMin:   60 06:45:31    -2397.772393        0.298772
MDMin:   61 06:45:33    -2397.772249        0.292439
MDMin:   62 06:45:35    -2397.771814        0.285521
MDMin:   63 06:45:36    -2397.772350        0.277574
MDMin:   64 06:45:38    -2397.772545        0.268233
MDMin:   65 06:45:40    -2397.771868        0.269609
MDMin:   66 06:45:42    -2397.772442        0.272552
MDMin:   67 06:45:43    -2397.772796        0.275748
MDMin:   68 06:45:45    -2397.772036        0.278715
MDMin:   69 06:45:47    -2397.772642        0.281690
MDMin:   70 06:45:48    -2397.772976        0.284812
MDMin:   71 06:45:50    -2397.772303        0.287606
MDMin:   72 06:45:52    -2397.772926        0.290285
MDMin:   73 06:45:54    -2397.773059        0.292968
MDMin:   74 06:45:56    -2397.772647        0.295242
MDMin:   75 06:45:58    -2397.773278        0.297279
MDMin:   76 06:46:00    -2397.773036        0.299150
MDMin:   77 06:46:02    -2397.773050        0.300564
MDMin:   78 06:46:03    -2397.773241        0.301628
MDMin:   79 06:46:05    -2397.773027        0.302274
MDMin:   80 06:46:07    -2397.773458        0.302568
MDMin:   81 06:46:09    -2397.773092        0.302509
MDMin:   82 06:46:10    -2397.773626        0.302106
MDMin:   83 06:46:12    -2397.773189        0.301385
MDMin:   84 06:46:13    -2397.773746        0.300314
MDMin:   85 06:46:15    -2397.773310        0.298940
MDMin:   86 06:46:16    -2397.773825        0.297205
MDMin:   87 06:46:17    -2397.773452        0.295171
MDMin:   88 06:46:18    -2397.773868        0.292764
MDMin:   89 06:46:20    -2397.773611        0.290058
MDMin:   90 06:46:21    -2397.773879        0.286973
MDMin:   91 06:46:23    -2397.773787        0.283588
MDMin:   92 06:46:25    -2397.773862        0.279823
MDMin:   93 06:46:26    -2397.773966        0.275763
MDMin:   94 06:46:28    -2397.773630        0.270955
MDMin:   95 06:46:30    -2397.774012        0.265764
MDMin:   96 06:46:32    -2397.773942        0.265079
MDMin:   97 06:46:34    -2397.773996        0.266265
MDMin:   98 06:46:35    -2397.774065        0.267375
MDMin:   99 06:46:36    -2397.773938        0.268512
MDMin:  100 06:46:37    -2397.774092        0.269569
MDMin:  101 06:46:39    -2397.774157        0.270557
MDMin:  102 06:46:41    -2397.774068        0.271558
MDMin:  103 06:46:43    -2397.774202        0.272474
MDMin:  104 06:46:45    -2397.774252        0.273328
MDMin:  105 06:46:47    -2397.774310        0.274184
MDMin:  106 06:46:49    -2397.774298        0.274955
MDMin:  107 06:46:51    -2397.774330        0.275663
MDMin:  108 06:46:53    -2397.774430        0.276363
MDMin:  109 06:46:54    -2397.774455        0.277043
MDMin:  110 06:46:56    -2397.774575        0.277613
MDMin:  111 06:46:57    -2397.774611        0.278106
MDMin:  112 06:46:59    -2397.774722        0.278551
MDMin:  113 06:47:00    -2397.774856        0.278929
MDMin:  114 06:47:01    -2397.774903        0.279173
MDMin:  115 06:47:02    -2397.774931        0.279308
MDMin:  116 06:47:04    -2397.775047        0.279341
MDMin:  117 06:47:05    -2397.775230        0.281818
MDMin:  118 06:47:07    -2397.775351        0.285543
MDMin:  119 06:47:08    -2397.775524        0.286323
MDMin:  120 06:47:09    -2397.775562        0.284392
MDMin:  121 06:47:11    -2397.775701        0.279836
MDMin:  122 06:47:13    -2397.775894        0.276263
MDMin:  123 06:47:15    -2397.776072        0.275373
MDMin:  124 06:47:17    -2397.776074        0.274689
MDMin:  125 06:47:19    -2397.776237        0.274053
MDMin:  126 06:47:20    -2397.776319        0.273327
MDMin:  127 06:47:22    -2397.776419        0.272470
MDMin:  128 06:47:23    -2397.776479        0.271460
MDMin:  129 06:47:25    -2397.776574        0.270355
MDMin:  130 06:47:27    -2397.776651        0.269089
MDMin:  131 06:47:29    -2397.776760        0.267599
MDMin:  132 06:47:31    -2397.776903        0.265852
MDMin:  133 06:47:33    -2397.776907        0.263807
MDMin:  134 06:47:34    -2397.777133        0.261606
MDMin:  135 06:47:36    -2397.777220        0.259138
MDMin:  136 06:47:38    -2397.777360        0.256304
MDMin:  137 06:47:40    -2397.777456        0.253072
MDMin:  138 06:47:42    -2397.777608        0.250945
MDMin:  139 06:47:43    -2397.777690        0.251860
MDMin:  140 06:47:45    -2397.777846        0.252634
MDMin:  141 06:47:47    -2397.777993        0.253255
MDMin:  142 06:47:49    -2397.778121        0.253666
MDMin:  143 06:47:50    -2397.778204        0.253906
MDMin:  144 06:47:52    -2397.778297        0.254030
MDMin:  145 06:47:53    -2397.778392        0.254109
MDMin:  146 06:47:54    -2397.778500        0.254174
MDMin:  147 06:47:56    -2397.778500        0.254237
MDMin:  148 06:47:57    -2397.778665        0.254295
MDMin:  149 06:47:59    -2397.778758        0.254356
MDMin:  150 06:48:01    -2397.778843        0.254433
MDMin:  151 06:48:02    -2397.778902        0.254520
MDMin:  152 06:48:04    -2397.778986        0.254630
MDMin:  153 06:48:06    -2397.779107        0.254778
MDMin:  154 06:48:08    -2397.779110        0.254975
MDMin:  155 06:48:10    -2397.779300        0.255205
MDMin:  156 06:48:12    -2397.779397        0.255484
MDMin:  157 06:48:14    -2397.779483        0.255828
MDMin:  158 06:48:15    -2397.779559        0.256206
MDMin:  159 06:48:16    -2397.779643        0.256623
MDMin:  160 06:48:18    -2397.779777        0.257086
MDMin:  161 06:48:20    -2397.779749        0.257563
MDMin:  162 06:48:22    -2397.779966        0.257974
MDMin:  163 06:48:24    -2397.780048        0.258330
MDMin:  164 06:48:25    -2397.780072        0.258678
MDMin:  165 06:48:27    -2397.780145        0.259015
MDMin:  166 06:48:29    -2397.780219        0.259365
MDMin:  167 06:48:30    -2397.780266        0.259740
MDMin:  168 06:48:32    -2397.780314        0.260109
MDMin:  169 06:48:34    -2397.780391        0.260482
MDMin:  170 06:48:35    -2397.780460        0.260863
MDMin:  171 06:48:37    -2397.780494        0.261216
MDMin:  172 06:48:39    -2397.780575        0.261545
MDMin:  173 06:48:40    -2397.780660        0.261849
MDMin:  174 06:48:41    -2397.780687        0.262094
MDMin:  175 06:48:43    -2397.780771        0.262277
MDMin:  176 06:48:44    -2397.780864        0.262388
MDMin:  177 06:48:45    -2397.780889        0.262403
MDMin:  178 06:48:47    -2397.780974        0.262321
MDMin:  179 06:48:48    -2397.781074        0.262137
MDMin:  180 06:48:50    -2397.781081        0.261878
MDMin:  181 06:48:51    -2397.781156        0.261562
MDMin:  182 06:48:53    -2397.781247        0.261177
MDMin:  183 06:48:55    -2397.781199        0.260706
MDMin:  184 06:48:57    -2397.781349        0.260161
MDMin:  185 06:48:59    -2397.781424        0.259511
MDMin:  186 06:49:00    -2397.781405        0.258762
MDMin:  187 06:49:01    -2397.781475        0.257881
MDMin:  188 06:49:02    -2397.781534        0.256816
MDMin:  189 06:49:04    -2397.781546        0.255614
MDMin:  190 06:49:06    -2397.781625        0.254240
MDMin:  191 06:49:07    -2397.781657        0.252630
MDMin:  192 06:49:09    -2397.781709        0.250877
MDMin:  193 06:49:11    -2397.781794        0.248957
MDMin:  194 06:49:13    -2397.781794        0.246827
MDMin:  195 06:49:15    -2397.781881        0.244669
MDMin:  196 06:49:17    -2397.781962        0.242516
MDMin:  197 06:49:19    -2397.781941        0.240367
MDMin:  198 06:49:21    -2397.782033        0.238366
MDMin:  199 06:49:22    -2397.782106        0.236413
MDMin:  200 06:49:23    -2397.782054        0.234384
MDMin:  201 06:49:25    -2397.782163        0.232363
MDMin:  202 06:49:27    -2397.782221        0.230288
MDMin:  203 06:49:29    -2397.782188        0.228204
MDMin:  204 06:49:31    -2397.782254        0.230208
MDMin:  205 06:49:32    -2397.782285        0.233008
MDMin:  206 06:49:34    -2397.782300        0.236207
MDMin:  207 06:49:36    -2397.782377        0.239908
MDMin:  208 06:49:38    -2397.782367        0.244299
MDMin:  209 06:49:40    -2397.782435        0.249152
MDMin:  210 06:49:42    -2397.782518        0.254529
MDMin:  211 06:49:44    -2397.782465        0.260546
MDMin:  212 06:49:46    -2397.782578        0.266715
MDMin:  213 06:49:47    -2397.782638        0.272985
MDMin:  214 06:49:49    -2397.782597        0.279178
MDMin:  215 06:49:51    -2397.782660        0.285499
MDMin:  216 06:49:53    -2397.782697        0.292275
MDMin:  217 06:49:54    -2397.782686        0.299217
MDMin:  218 06:49:55    -2397.782757        0.306425
MDMin:  219 06:49:57    -2397.782752        0.314019
MDMin:  220 06:49:58    -2397.782792        0.321448
MDMin:  221 06:50:00    -2397.782871        0.328585
MDMin:  222 06:50:02    -2397.782817        0.335238
MDMin:  223 06:50:03    -2397.782911        0.340613
MDMin:  224 06:50:04    -2397.782962        0.344334
MDMin:  225 06:50:06    -2397.782921        0.345903
MDMin:  226 06:50:07    -2397.782994        0.345051
MDMin:  227 06:50:09    -2397.783014        0.341500
MDMin:  228 06:50:10    -2397.783022        0.335483
MDMin:  229 06:50:12    -2397.783097        0.327295
MDMin:  230 06:50:14    -2397.783076        0.316949
MDMin:  231 06:50:15    -2397.783126        0.305200
MDMin:  232 06:50:16    -2397.783189        0.292080
MDMin:  233 06:50:17    -2397.783134        0.278001
MDMin:  234 06:50:19    -2397.783204        0.262927
MDMin:  235 06:50:20    -2397.783220        0.255299
MDMin:  236 06:50:22    -2397.783225        0.249983
MDMin:  237 06:50:24    -2397.783306        0.250392
MDMin:  238 06:50:25    -2397.783263        0.258057
MDMin:  239 06:50:27    -2397.783337        0.265179
MDMin:  240 06:50:29    -2397.783377        0.271704
MDMin:  241 06:50:30    -2397.783349        0.277355
MDMin:  242 06:50:32    -2397.783424        0.282191
MDMin:  243 06:50:34    -2397.783414        0.286357
MDMin:  244 06:50:36    -2397.783446        0.289575
MDMin:  245 06:50:37    -2397.783504        0.291944
MDMin:  246 06:50:39    -2397.783454        0.293421
MDMin:  247 06:50:41    -2397.783529        0.294025
MDMin:  248 06:50:43    -2397.783524        0.293679
MDMin:  249 06:50:45    -2397.783550        0.292310
MDMin:  250 06:50:47    -2397.783609        0.289909
MDMin:  251 06:50:49    -2397.783561        0.286565
MDMin:  252 06:50:51    -2397.783644        0.282303
MDMin:  253 06:50:53    -2397.783627        0.276997
MDMin:  254 06:50:55    -2397.783670        0.271114
MDMin:  255 06:50:57    -2397.783711        0.264742
MDMin:  256 06:50:59    -2397.783686        0.262589
MDMin:  257 06:51:01    -2397.783767        0.262738
MDMin:  258 06:51:03    -2397.783731        0.262734
MDMin:  259 06:51:04    -2397.783792        0.262570
MDMin:  260 06:51:05    -2397.783802        0.262248
MDMin:  261 06:51:06    -2397.783808        0.261776
MDMin:  262 06:51:08    -2397.783862        0.261140
MDMin:  263 06:51:09    -2397.783818        0.260349
MDMin:  264 06:51:10    -2397.783899        0.259382
MDMin:  265 06:51:12    -2397.783866        0.258165
MDMin:  266 06:51:13    -2397.783922        0.256781
MDMin:  267 06:51:14    -2397.783930        0.255203
MDMin:  268 06:51:16    -2397.783940        0.253486
MDMin:  269 06:51:17    -2397.783986        0.251617
MDMin:  270 06:51:19    -2397.783955        0.249655
MDMin:  271 06:51:20    -2397.784037        0.247575
MDMin:  272 06:51:22    -2397.783969        0.245437
MDMin:  273 06:51:23    -2397.784056        0.243214
MDMin:  274 06:51:24    -2397.784036        0.240776
MDMin:  275 06:51:25    -2397.784084        0.238368
MDMin:  276 06:51:27    -2397.784091        0.242343
MDMin:  277 06:51:29    -2397.784107        0.246357
MDMin:  278 06:51:31    -2397.784138        0.250497
MDMin:  279 06:51:32    -2397.784127        0.254666
MDMin:  280 06:51:34    -2397.784180        0.258960
MDMin:  281 06:51:36    -2397.784147        0.263290
MDMin:  282 06:51:38    -2397.784219        0.267750
MDMin:  283 06:51:40    -2397.784167        0.272247
MDMin:  284 06:51:42    -2397.784251        0.276869
MDMin:  285 06:51:44    -2397.784212        0.281951
MDMin:  286 06:51:46    -2397.784280        0.287004
MDMin:  287 06:51:48    -2397.784256        0.292140
MDMin:  288 06:51:50    -2397.784307        0.297201
MDMin:  289 06:51:51    -2397.784295        0.302285
MDMin:  290 06:51:53    -2397.784332        0.307248
MDMin:  291 06:51:55    -2397.784332        0.312171
MDMin:  292 06:51:57    -2397.784357        0.316917
MDMin:  293 06:51:59    -2397.784366        0.321544
MDMin:  294 06:52:00    -2397.784382        0.325920
MDMin:  295 06:52:02    -2397.784399        0.330081
MDMin:  296 06:52:04    -2397.784407        0.333897
MDMin:  297 06:52:06    -2397.784430        0.337381
MDMin:  298 06:52:07    -2397.784434        0.340409
MDMin:  299 06:52:09    -2397.784460        0.342973
MDMin:  300 06:52:11    -2397.784462        0.344962
MDMin:  301 06:52:13    -2397.784490        0.346350
MDMin:  302 06:52:15    -2397.784490        0.347050
MDMin:  303 06:52:16    -2397.784519        0.347034
MDMin:  304 06:52:18    -2397.784519        0.346271
MDMin:  305 06:52:20    -2397.784547        0.344727
MDMin:  306 06:52:22    -2397.784549        0.342392
MDMin:  307 06:52:24    -2397.784574        0.339234
MDMin:  308 06:52:26    -2397.784579        0.335297
MDMin:  309 06:52:28    -2397.784602        0.330558
MDMin:  310 06:52:30    -2397.784609        0.325116
MDMin:  311 06:52:32    -2397.784629        0.318953
MDMin:  312 06:52:34    -2397.784640        0.312218
MDMin:  313 06:52:36    -2397.784655        0.304896
MDMin:  314 06:52:38    -2397.784671        0.297174
MDMin:  315 06:52:40    -2397.784682        0.289033
MDMin:  316 06:52:42    -2397.784702        0.280683
MDMin:  317 06:52:44    -2397.784708        0.272095
MDMin:  318 06:52:46    -2397.784733        0.263489
MDMin:  319 06:52:47    -2397.784734        0.254819
MDMin:  320 06:52:49    -2397.784762        0.246303
MDMin:  321 06:52:51    -2397.784760        0.237876
MDMin:  322 06:52:52    -2397.784791        0.229737
MDMin:  323 06:52:54    -2397.784785        0.230204
MDMin:  324 06:52:55    -2397.784819        0.230735
MDMin:  325 06:52:57    -2397.784809        0.231195
MDMin:  326 06:52:59    -2397.784846        0.231581
MDMin:  327 06:53:00    -2397.784833        0.231907
MDMin:  328 06:53:02    -2397.784870        0.232173
MDMin:  329 06:53:03    -2397.784856        0.232391
MDMin:  330 06:53:05    -2397.784894        0.232562
MDMin:  331 06:53:07    -2397.784878        0.232695
MDMin:  332 06:53:09    -2397.784915        0.232792
MDMin:  333 06:53:11    -2397.784900        0.232860
MDMin:  334 06:53:12    -2397.784935        0.232900
MDMin:  335 06:53:14    -2397.784920        0.232917
MDMin:  336 06:53:16    -2397.784954        0.232913
MDMin:  337 06:53:17    -2397.784940        0.232891
MDMin:  338 06:53:19    -2397.784971        0.232853
MDMin:  339 06:53:21    -2397.784959        0.232800
MDMin:  340 06:53:23    -2397.784987        0.232735
MDMin:  341 06:53:25    -2397.784978        0.232656
MDMin:  342 06:53:27    -2397.785002        0.232568
MDMin:  343 06:53:28    -2397.784995        0.232468
MDMin:  344 06:53:29    -2397.785015        0.232359
MDMin:  345 06:53:31    -2397.785012        0.232238
MDMin:  346 06:53:33    -2397.785027        0.232109
MDMin:  347 06:53:35    -2397.785029        0.231969
MDMin:  348 06:53:37    -2397.785038        0.231819
MDMin:  349 06:53:39    -2397.785044        0.231658
MDMin:  350 06:53:40    -2397.785049        0.231488
MDMin:  351 06:53:42    -2397.785059        0.231304
MDMin:  352 06:53:44    -2397.785058        0.231112
MDMin:  353 06:53:46    -2397.785074        0.230905
MDMin:  354 06:53:48    -2397.785067        0.230688
MDMin:  355 06:53:50    -2397.785088        0.230456
MDMin:  356 06:53:52    -2397.785075        0.230214
MDMin:  357 06:53:54    -2397.785102        0.229954
MDMin:  358 06:53:56    -2397.785083        0.229684
MDMin:  359 06:53:58    -2397.785115        0.229395
MDMin:  360 06:54:00    -2397.785090        0.229095
MDMin:  361 06:54:02    -2397.785126        0.228775
MDMin:  362 06:54:04    -2397.785101        0.228387
MDMin:  363 06:54:06    -2397.785134        0.227991
MDMin:  364 06:54:08    -2397.785118        0.227574
MDMin:  365 06:54:09    -2397.785141        0.227148
MDMin:  366 06:54:11    -2397.785133        0.226700
MDMin:  367 06:54:12    -2397.785147        0.226242
MDMin:  368 06:54:14    -2397.785148        0.225760
MDMin:  369 06:54:16    -2397.785152        0.225268
MDMin:  370 06:54:17    -2397.785162        0.224751
MDMin:  371 06:54:19    -2397.785157        0.224224
MDMin:  372 06:54:21    -2397.785175        0.223671
MDMin:  373 06:54:23    -2397.785161        0.223107
MDMin:  374 06:54:25    -2397.785188        0.222516
MDMin:  375 06:54:26    -2397.785165        0.221915
MDMin:  376 06:54:28    -2397.785196        0.221287
MDMin:  377 06:54:30    -2397.785175        0.220545
MDMin:  378 06:54:32    -2397.785201        0.220032
MDMin:  379 06:54:34    -2397.785191        0.222424
MDMin:  380 06:54:36    -2397.785205        0.224764
MDMin:  381 06:54:38    -2397.785206        0.227146
MDMin:  382 06:54:39    -2397.785208        0.229485
MDMin:  383 06:54:41    -2397.785220        0.231874
MDMin:  384 06:54:43    -2397.785210        0.234231
MDMin:  385 06:54:44    -2397.785234        0.236643
MDMin:  386 06:54:45    -2397.785213        0.239027
MDMin:  387 06:54:47    -2397.785243        0.241467
MDMin:  388 06:54:49    -2397.785221        0.244292
MDMin:  389 06:54:51    -2397.785246        0.247022
MDMin:  390 06:54:53    -2397.785238        0.249780
MDMin:  391 06:54:55    -2397.785248        0.252463
MDMin:  392 06:54:56    -2397.785254        0.255181
MDMin:  393 06:54:58    -2397.785249        0.257836
MDMin:  394 06:54:59    -2397.785269        0.260531
MDMin:  395 06:55:00    -2397.785250        0.263170
MDMin:  396 06:55:02    -2397.785280        0.265850
MDMin:  397 06:55:04    -2397.785256        0.268910
MDMin:  398 06:55:06    -2397.785282        0.271838
MDMin:  399 06:55:08    -2397.785274        0.274770
MDMin:  400 06:55:10    -2397.785282        0.277589
MDMin:  401 06:55:11    -2397.785291        0.280414
MDMin:  402 06:55:13    -2397.785282        0.283136
MDMin:  403 06:55:14    -2397.785307        0.285860
MDMin:  404 06:55:15    -2397.785282        0.288485
MDMin:  405 06:55:16    -2397.785313        0.291103
MDMin:  406 06:55:18    -2397.785294        0.294008
MDMin:  407 06:55:19    -2397.785313        0.296719
MDMin:  408 06:55:20    -2397.785313        0.299357
MDMin:  409 06:55:22    -2397.785312        0.301812
MDMin:  410 06:55:23    -2397.785331        0.304180
MDMin:  411 06:55:24    -2397.785311        0.306365
MDMin:  412 06:55:25    -2397.785342        0.308443
MDMin:  413 06:55:27    -2397.785319        0.310612
MDMin:  414 06:55:28    -2397.785341        0.312490
MDMin:  415 06:55:30    -2397.785340        0.314165
MDMin:  416 06:55:32    -2397.785339        0.315558
MDMin:  417 06:55:33    -2397.785360        0.316726
MDMin:  418 06:55:35    -2397.785337        0.317610
MDMin:  419 06:55:37    -2397.785369        0.318242
MDMin:  420 06:55:39    -2397.785347        0.318646
MDMin:  421 06:55:41    -2397.785367        0.318690
MDMin:  422 06:55:42    -2397.785370        0.318393
MDMin:  423 06:55:44    -2397.785364        0.317759
MDMin:  424 06:55:46    -2397.785392        0.316776
MDMin:  425 06:55:48    -2397.785360        0.315476
MDMin:  426 06:55:50    -2397.785393        0.313823
MDMin:  427 06:55:51    -2397.785380        0.311607
MDMin:  428 06:55:53    -2397.785390        0.309069
MDMin:  429 06:55:55    -2397.785404        0.306132
MDMin:  430 06:55:57    -2397.785386        0.302936
MDMin:  431 06:55:59    -2397.785420        0.299379
MDMin:  432 06:56:01    -2397.785394        0.295061
MDMin:  433 06:56:02    -2397.785416        0.290587
MDMin:  434 06:56:04    -2397.785420        0.285787
MDMin:  435 06:56:06    -2397.785412        0.280923
MDMin:  436 06:56:08    -2397.785445        0.275804
MDMin:  437 06:56:09    -2397.785407        0.270696
MDMin:  438 06:56:11    -2397.785438        0.265397
MDMin:  439 06:56:12    -2397.785434        0.259283
MDMin:  440 06:56:14    -2397.785434        0.253391
MDMin:  441 06:56:16    -2397.785461        0.247421
MDMin:  442 06:56:17    -2397.785430        0.241722
MDMin:  443 06:56:19    -2397.785460        0.235999
MDMin:  444 06:56:21    -2397.785453        0.229525
MDMin:  445 06:56:23    -2397.785457        0.223546
MDMin:  446 06:56:24    -2397.785479        0.217664
MDMin:  447 06:56:26    -2397.785453        0.212248
MDMin:  448 06:56:28    -2397.785480        0.206936
MDMin:  449 06:56:29    -2397.785473        0.200980
MDMin:  450 06:56:31    -2397.785477        0.195660
MDMin:  451 06:56:33    -2397.785498        0.190527
MDMin:  452 06:56:35    -2397.785473        0.185921
MDMin:  453 06:56:37    -2397.785498        0.181460
MDMin:  454 06:56:39    -2397.785493        0.176454
MDMin:  455 06:56:41    -2397.785495        0.172080
MDMin:  456 06:56:43    -2397.785517        0.167900
MDMin:  457 06:56:45    -2397.785491        0.164203
MDMin:  458 06:56:46    -2397.785513        0.161508
MDMin:  459 06:56:48    -2397.785512        0.160391
MDMin:  460 06:56:49    -2397.785510        0.159360
MDMin:  461 06:56:50    -2397.785532        0.158320
MDMin:  462 06:56:51    -2397.785510        0.157087
MDMin:  463 06:56:53    -2397.785530        0.155984
MDMin:  464 06:56:55    -2397.785532        0.154888
MDMin:  465 06:56:57    -2397.785526        0.153898
MDMin:  466 06:56:59    -2397.785545        0.152906
MDMin:  467 06:57:01    -2397.785529        0.151730
MDMin:  468 06:57:03    -2397.785543        0.150693
MDMin:  469 06:57:04    -2397.785549        0.149669
