       Step     Time          Energy          fmax
MDMin:    0 01:30:00    -2397.714695        0.149742
MDMin:    1 01:30:01    -2397.714694        0.149711
MDMin:    2 01:30:03    -2397.714694        0.149617
MDMin:    3 01:30:05    -2397.714693        0.149460
MDMin:    4 01:30:07    -2397.714692        0.149241
MDMin:    5 01:30:09    -2397.714690        0.148959
MDMin:    6 01:30:10    -2397.714688        0.148614
MDMin:    7 01:30:11    -2397.714685        0.148206
MDMin:    8 01:30:14    -2397.714682        0.147734
MDMin:    9 01:30:16    -2397.714679        0.147200
MDMin:   10 01:30:18    -2397.714676        0.146602
MDMin:   11 01:30:19    -2397.714672        0.145940
MDMin:   12 01:30:20    -2397.714668        0.145214
MDMin:   13 01:30:22    -2397.714663        0.144423
MDMin:   14 01:30:24    -2397.714658        0.143569
MDMin:   15 01:30:26    -2397.714653        0.142649
MDMin:   16 01:30:28    -2397.714647        0.141665
MDMin:   17 01:30:30    -2397.714641        0.140615
MDMin:   18 01:30:32    -2397.714635        0.139499
MDMin:   19 01:30:34    -2397.714628        0.138319
MDMin:   20 01:30:36    -2397.714621        0.137072
MDMin:   21 01:30:37    -2397.714614        0.135760
MDMin:   22 01:30:39    -2397.714606        0.134381
MDMin:   23 01:30:41    -2397.714598        0.132937
MDMin:   24 01:30:43    -2397.714590        0.131427
MDMin:   25 01:30:45    -2397.714582        0.129851
MDMin:   26 01:30:46    -2397.714573        0.128210
MDMin:   27 01:30:48    -2397.714564        0.126504
MDMin:   28 01:30:50    -2397.714555        0.124733
MDMin:   29 01:30:51    -2397.714545        0.122898
MDMin:   30 01:30:53    -2397.714536        0.121000
MDMin:   31 01:30:54    -2397.714526        0.119039
MDMin:   32 01:30:56    -2397.714516        0.117016
MDMin:   33 01:30:57    -2397.714506        0.114933
MDMin:   34 01:30:58    -2397.714495        0.112790
MDMin:   35 01:31:00    -2397.714484        0.110590
MDMin:   36 01:31:02    -2397.714474        0.108333
MDMin:   37 01:31:03    -2397.714463        0.106022
MDMin:   38 01:31:05    -2397.714452        0.103660
MDMin:   39 01:31:07    -2397.714440        0.101247
MDMin:   40 01:31:08    -2397.714429        0.098788
MDMin:   41 01:31:10    -2397.714418        0.096284
MDMin:   42 01:31:12    -2397.714406        0.093739
MDMin:   43 01:31:14    -2397.714394        0.091157
MDMin:   44 01:31:16    -2397.714383        0.088542
MDMin:   45 01:31:18    -2397.714371        0.086160
MDMin:   46 01:31:20    -2397.714359        0.086362
MDMin:   47 01:31:22    -2397.714348        0.086581
MDMin:   48 01:31:24    -2397.714336        0.086818
MDMin:   49 01:31:26    -2397.714324        0.087077
MDMin:   50 01:31:27    -2397.714313        0.087358
MDMin:   51 01:31:29    -2397.714301        0.087664
MDMin:   52 01:31:31    -2397.714290        0.087997
MDMin:   53 01:31:33    -2397.714279        0.088359
MDMin:   54 01:31:35    -2397.714268        0.088755
MDMin:   55 01:31:37    -2397.714257        0.089185
MDMin:   56 01:31:39    -2397.714246        0.089654
MDMin:   57 01:31:42    -2397.714235        0.090163
MDMin:   58 01:31:44    -2397.714225        0.090716
MDMin:   59 01:31:46    -2397.714215        0.091317
MDMin:   60 01:31:47    -2397.714205        0.091967
MDMin:   61 01:31:49    -2397.714195        0.092670
MDMin:   62 01:31:51    -2397.714186        0.093427
MDMin:   63 01:31:53    -2397.714177        0.094242
MDMin:   64 01:31:54    -2397.714168        0.095115
MDMin:   65 01:31:55    -2397.714160        0.096049
MDMin:   66 01:31:57    -2397.714152        0.097042
MDMin:   67 01:31:58    -2397.714145        0.098094
MDMin:   68 01:32:00    -2397.714138        0.099203
MDMin:   69 01:32:01    -2397.714131        0.100367
MDMin:   70 01:32:03    -2397.714125        0.101580
MDMin:   71 01:32:05    -2397.714119        0.102835
MDMin:   72 01:32:06    -2397.714113        0.104125
MDMin:   73 01:32:07    -2397.714108        0.105439
MDMin:   74 01:32:09    -2397.714104        0.106762
MDMin:   75 01:32:10    -2397.714099        0.108081
MDMin:   76 01:32:11    -2397.714095        0.109377
MDMin:   77 01:32:13    -2397.714092        0.110628
MDMin:   78 01:32:15    -2397.714088        0.111810
MDMin:   79 01:32:17    -2397.714085        0.112899
MDMin:   80 01:32:18    -2397.714082        0.113863
MDMin:   81 01:32:20    -2397.714080        0.114672
MDMin:   82 01:32:22    -2397.714078        0.115292
MDMin:   83 01:32:24    -2397.714076        0.115688
MDMin:   84 01:32:26    -2397.714074        0.115823
MDMin:   85 01:32:28    -2397.714073        0.115662
MDMin:   86 01:32:29    -2397.714072        0.115170
MDMin:   87 01:32:31    -2397.714070        0.114312
MDMin:   88 01:32:33    -2397.714070        0.113058
MDMin:   89 01:32:34    -2397.714069        0.111382
MDMin:   90 01:32:35    -2397.714068        0.109264
MDMin:   91 01:32:37    -2397.714068        0.106690
MDMin:   92 01:32:39    -2397.714068        0.103655
MDMin:   93 01:32:40    -2397.714067        0.100168
MDMin:   94 01:32:42    -2397.714067        0.096249
MDMin:   95 01:32:43    -2397.714067        0.091934
MDMin:   96 01:32:45    -2397.714068        0.089212
MDMin:   97 01:32:47    -2397.714068        0.092274
MDMin:   98 01:32:48    -2397.714068        0.094519
MDMin:   99 01:32:50    -2397.714068        0.095838
MDMin:  100 01:32:52    -2397.714068        0.096696
MDMin:  101 01:32:54    -2397.714069        0.097421
MDMin:  102 01:32:56    -2397.714069        0.098058
MDMin:  103 01:32:57    -2397.714069        0.098602
MDMin:  104 01:32:59    -2397.714069        0.099042
MDMin:  105 01:33:01    -2397.714070        0.099371
MDMin:  106 01:33:02    -2397.714070        0.099578
MDMin:  107 01:33:03    -2397.714070        0.099655
MDMin:  108 01:33:05    -2397.714070        0.099593
MDMin:  109 01:33:06    -2397.714071        0.099386
MDMin:  110 01:33:07    -2397.714071        0.099025
MDMin:  111 01:33:08    -2397.714071        0.098506
MDMin:  112 01:33:10    -2397.714072        0.097824
MDMin:  113 01:33:11    -2397.714072        0.096975
MDMin:  114 01:33:12    -2397.714073        0.095956
MDMin:  115 01:33:14    -2397.714073        0.094768
MDMin:  116 01:33:16    -2397.714074        0.093411
MDMin:  117 01:33:18    -2397.714074        0.091887
MDMin:  118 01:33:19    -2397.714075        0.090201
MDMin:  119 01:33:21    -2397.714075        0.088360
MDMin:  120 01:33:22    -2397.714076        0.086370
MDMin:  121 01:33:24    -2397.714076        0.084242
MDMin:  122 01:33:26    -2397.714077        0.081986
MDMin:  123 01:33:28    -2397.714078        0.079616
MDMin:  124 01:33:30    -2397.714078        0.077146
MDMin:  125 01:33:32    -2397.714079        0.074590
MDMin:  126 01:33:34    -2397.714080        0.071965
MDMin:  127 01:33:36    -2397.714080        0.069288
MDMin:  128 01:33:38    -2397.714081        0.066577
MDMin:  129 01:33:39    -2397.714082        0.063848
MDMin:  130 01:33:42    -2397.714083        0.063209
MDMin:  131 01:33:44    -2397.714083        0.064209
MDMin:  132 01:33:46    -2397.714084        0.065223
MDMin:  133 01:33:48    -2397.714085        0.066248
MDMin:  134 01:33:50    -2397.714086        0.067284
MDMin:  135 01:33:51    -2397.714087        0.068326
MDMin:  136 01:33:53    -2397.714088        0.069372
MDMin:  137 01:33:55    -2397.714089        0.070420
MDMin:  138 01:33:57    -2397.714090        0.071464
MDMin:  139 01:33:59    -2397.714090        0.072501
MDMin:  140 01:34:02    -2397.714091        0.073526
MDMin:  141 01:34:04    -2397.714092        0.074535
MDMin:  142 01:34:06    -2397.714093        0.075521
MDMin:  143 01:34:07    -2397.714094        0.076478
MDMin:  144 01:34:09    -2397.714095        0.077399
MDMin:  145 01:34:11    -2397.714096        0.078274
MDMin:  146 01:34:13    -2397.714097        0.079086
MDMin:  147 01:34:15    -2397.714098        0.079794
MDMin:  148 01:34:17    -2397.714098        0.080312
MDMin:  149 01:34:19    -2397.714099        0.080626
MDMin:  150 01:34:21    -2397.714099        0.080881
MDMin:  151 01:34:23    -2397.714099        0.081123
MDMin:  152 01:34:25    -2397.714100        0.081356
MDMin:  153 01:34:26    -2397.714100        0.081579
MDMin:  154 01:34:28    -2397.714100        0.081789
MDMin:  155 01:34:30    -2397.714101        0.081987
MDMin:  156 01:34:32    -2397.714101        0.082169
MDMin:  157 01:34:34    -2397.714102        0.082335
MDMin:  158 01:34:35    -2397.714102        0.082483
MDMin:  159 01:34:37    -2397.714102        0.082610
MDMin:  160 01:34:38    -2397.714103        0.082716
MDMin:  161 01:34:40    -2397.714103        0.082797
MDMin:  162 01:34:41    -2397.714104        0.082852
MDMin:  163 01:34:42    -2397.714104        0.082879
MDMin:  164 01:34:44    -2397.714104        0.082876
MDMin:  165 01:34:45    -2397.714105        0.082841
MDMin:  166 01:34:46    -2397.714105        0.082771
MDMin:  167 01:34:48    -2397.714106        0.082664
MDMin:  168 01:34:49    -2397.714106        0.082518
MDMin:  169 01:34:50    -2397.714107        0.082332
MDMin:  170 01:34:51    -2397.714107        0.082101
MDMin:  171 01:34:53    -2397.714107        0.081825
MDMin:  172 01:34:54    -2397.714108        0.081503
MDMin:  173 01:34:56    -2397.714108        0.081131
MDMin:  174 01:34:58    -2397.714109        0.080709
MDMin:  175 01:34:59    -2397.714109        0.080233
MDMin:  176 01:35:01    -2397.714110        0.079704
MDMin:  177 01:35:02    -2397.714110        0.079119
MDMin:  178 01:35:04    -2397.714110        0.078476
MDMin:  179 01:35:06    -2397.714111        0.077774
MDMin:  180 01:35:08    -2397.714111        0.077014
MDMin:  181 01:35:10    -2397.714112        0.076192
MDMin:  182 01:35:13    -2397.714112        0.075310
MDMin:  183 01:35:15    -2397.714113        0.075845
MDMin:  184 01:35:17    -2397.714113        0.076530
MDMin:  185 01:35:18    -2397.714114        0.077200
MDMin:  186 01:35:20    -2397.714114        0.077851
MDMin:  187 01:35:21    -2397.714114        0.078482
MDMin:  188 01:35:22    -2397.714115        0.079091
MDMin:  189 01:35:23    -2397.714115        0.079677
MDMin:  190 01:35:25    -2397.714116        0.080237
MDMin:  191 01:35:26    -2397.714116        0.080771
MDMin:  192 01:35:27    -2397.714117        0.081275
MDMin:  193 01:35:28    -2397.714117        0.081750
MDMin:  194 01:35:31    -2397.714118        0.082194
MDMin:  195 01:35:33    -2397.714118        0.082606
MDMin:  196 01:35:34    -2397.714119        0.082984
MDMin:  197 01:35:35    -2397.714119        0.083329
MDMin:  198 01:35:36    -2397.714119        0.083640
MDMin:  199 01:35:37    -2397.714120        0.083916
MDMin:  200 01:35:39    -2397.714120        0.084159
MDMin:  201 01:35:41    -2397.714121        0.084367
MDMin:  202 01:35:43    -2397.714121        0.084542
MDMin:  203 01:35:45    -2397.714122        0.084685
MDMin:  204 01:35:46    -2397.714122        0.084797
MDMin:  205 01:35:47    -2397.714123        0.084879
MDMin:  206 01:35:49    -2397.714123        0.084932
MDMin:  207 01:35:51    -2397.714123        0.084959
MDMin:  208 01:35:53    -2397.714124        0.084962
MDMin:  209 01:35:55    -2397.714124        0.084942
MDMin:  210 01:35:56    -2397.714125        0.084903
MDMin:  211 01:35:58    -2397.714125        0.084845
MDMin:  212 01:35:59    -2397.714126        0.084772
MDMin:  213 01:36:01    -2397.714126        0.084685
MDMin:  214 01:36:03    -2397.714127        0.084588
MDMin:  215 01:36:05    -2397.714127        0.084482
MDMin:  216 01:36:07    -2397.714127        0.084370
MDMin:  217 01:36:08    -2397.714128        0.084253
MDMin:  218 01:36:09    -2397.714128        0.084135
MDMin:  219 01:36:11    -2397.714129        0.084016
MDMin:  220 01:36:12    -2397.714129        0.083898
MDMin:  221 01:36:14    -2397.714130        0.083783
MDMin:  222 01:36:16    -2397.714130        0.083672
MDMin:  223 01:36:18    -2397.714130        0.083567
MDMin:  224 01:36:19    -2397.714131        0.083470
MDMin:  225 01:36:21    -2397.714131        0.083385
MDMin:  226 01:36:23    -2397.714131        0.083317
MDMin:  227 01:36:25    -2397.714132        0.083268
MDMin:  228 01:36:26    -2397.714132        0.083226
MDMin:  229 01:36:28    -2397.714132        0.083186
MDMin:  230 01:36:29    -2397.714132        0.083147
MDMin:  231 01:36:31    -2397.714132        0.083111
MDMin:  232 01:36:33    -2397.714133        0.083077
MDMin:  233 01:36:35    -2397.714133        0.083045
MDMin:  234 01:36:37    -2397.714133        0.083016
MDMin:  235 01:36:38    -2397.714133        0.082989
MDMin:  236 01:36:40    -2397.714133        0.082966
MDMin:  237 01:36:42    -2397.714134        0.082945
MDMin:  238 01:36:43    -2397.714134        0.082927
MDMin:  239 01:36:45    -2397.714134        0.082912
MDMin:  240 01:36:47    -2397.714134        0.082901
MDMin:  241 01:36:49    -2397.714134        0.082894
MDMin:  242 01:36:50    -2397.714135        0.082889
MDMin:  243 01:36:52    -2397.714135        0.082889
MDMin:  244 01:36:54    -2397.714135        0.082892
MDMin:  245 01:36:55    -2397.714135        0.082899
MDMin:  246 01:36:57    -2397.714135        0.082910
MDMin:  247 01:36:58    -2397.714136        0.082925
MDMin:  248 01:37:00    -2397.714136        0.082944
MDMin:  249 01:37:02    -2397.714136        0.082967
MDMin:  250 01:37:04    -2397.714136        0.082995
MDMin:  251 01:37:05    -2397.714137        0.083026
MDMin:  252 01:37:07    -2397.714137        0.083062
MDMin:  253 01:37:09    -2397.714137        0.083103
MDMin:  254 01:37:11    -2397.714137        0.083148
MDMin:  255 01:37:12    -2397.714137        0.083197
MDMin:  256 01:37:14    -2397.714138        0.083251
MDMin:  257 01:37:16    -2397.714138        0.083309
MDMin:  258 01:37:18    -2397.714138        0.083372
MDMin:  259 01:37:19    -2397.714138        0.083440
MDMin:  260 01:37:21    -2397.714139        0.083512
MDMin:  261 01:37:23    -2397.714139        0.083589
MDMin:  262 01:37:25    -2397.714139        0.083670
MDMin:  263 01:37:27    -2397.714139        0.083757
MDMin:  264 01:37:29    -2397.714140        0.083848
MDMin:  265 01:37:30    -2397.714140        0.083943
MDMin:  266 01:37:32    -2397.714140        0.084042
MDMin:  267 01:37:33    -2397.714140        0.084143
MDMin:  268 01:37:35    -2397.714141        0.084247
MDMin:  269 01:37:37    -2397.714141        0.084353
MDMin:  270 01:37:39    -2397.714141        0.084461
MDMin:  271 01:37:41    -2397.714141        0.084572
MDMin:  272 01:37:42    -2397.714142        0.084686
MDMin:  273 01:37:44    -2397.714142        0.084801
MDMin:  274 01:37:45    -2397.714142        0.084920
MDMin:  275 01:37:46    -2397.714143        0.085040
MDMin:  276 01:37:48    -2397.714143        0.085164
MDMin:  277 01:37:49    -2397.714143        0.085290
MDMin:  278 01:37:51    -2397.714143        0.085419
MDMin:  279 01:37:52    -2397.714144        0.085550
MDMin:  280 01:37:54    -2397.714144        0.085684
MDMin:  281 01:37:56    -2397.714144        0.085819
MDMin:  282 01:37:57    -2397.714144        0.085957
MDMin:  283 01:37:59    -2397.714145        0.086096
MDMin:  284 01:38:01    -2397.714145        0.086236
MDMin:  285 01:38:03    -2397.714145        0.086378
MDMin:  286 01:38:04    -2397.714146        0.086520
MDMin:  287 01:38:06    -2397.714146        0.086664
MDMin:  288 01:38:08    -2397.714146        0.086808
MDMin:  289 01:38:10    -2397.714146        0.086952
MDMin:  290 01:38:11    -2397.714147        0.087097
MDMin:  291 01:38:12    -2397.714147        0.087242
MDMin:  292 01:38:14    -2397.714147        0.087387
MDMin:  293 01:38:15    -2397.714148        0.087533
MDMin:  294 01:38:17    -2397.714148        0.087680
MDMin:  295 01:38:18    -2397.714148        0.087827
MDMin:  296 01:38:20    -2397.714149        0.087974
MDMin:  297 01:38:22    -2397.714149        0.088121
MDMin:  298 01:38:23    -2397.714149        0.088266
MDMin:  299 01:38:25    -2397.714150        0.088407
MDMin:  300 01:38:27    -2397.714150        0.088532
MDMin:  301 01:38:28    -2397.714150        0.088622
MDMin:  302 01:38:31    -2397.714150        0.088681
MDMin:  303 01:38:33    -2397.714150        0.088736
MDMin:  304 01:38:35    -2397.714150        0.088790
MDMin:  305 01:38:37    -2397.714151        0.088846
MDMin:  306 01:38:38    -2397.714151        0.088903
MDMin:  307 01:38:40    -2397.714151        0.088960
MDMin:  308 01:38:41    -2397.714151        0.089019
MDMin:  309 01:38:42    -2397.714151        0.089078
MDMin:  310 01:38:44    -2397.714151        0.089139
MDMin:  311 01:38:46    -2397.714151        0.089200
MDMin:  312 01:38:48    -2397.714152        0.089262
MDMin:  313 01:38:49    -2397.714152        0.089326
MDMin:  314 01:38:51    -2397.714152        0.089389
MDMin:  315 01:38:52    -2397.714152        0.089454
MDMin:  316 01:38:53    -2397.714152        0.089520
MDMin:  317 01:38:55    -2397.714152        0.089586
MDMin:  318 01:38:57    -2397.714153        0.089654
MDMin:  319 01:38:59    -2397.714153        0.089722
MDMin:  320 01:39:00    -2397.714153        0.089791
MDMin:  321 01:39:02    -2397.714153        0.089862
MDMin:  322 01:39:04    -2397.714153        0.089933
MDMin:  323 01:39:05    -2397.714153        0.090006
MDMin:  324 01:39:07    -2397.714154        0.090081
MDMin:  325 01:39:09    -2397.714154        0.090157
MDMin:  326 01:39:11    -2397.714154        0.090236
MDMin:  327 01:39:13    -2397.714154        0.090317
MDMin:  328 01:39:14    -2397.714154        0.090400
MDMin:  329 01:39:16    -2397.714155        0.090487
MDMin:  330 01:39:18    -2397.714155        0.090577
MDMin:  331 01:39:20    -2397.714155        0.090671
MDMin:  332 01:39:22    -2397.714155        0.090770
MDMin:  333 01:39:24    -2397.714155        0.090874
MDMin:  334 01:39:26    -2397.714156        0.090984
MDMin:  335 01:39:28    -2397.714156        0.091102
MDMin:  336 01:39:30    -2397.714156        0.091227
MDMin:  337 01:39:32    -2397.714156        0.091361
MDMin:  338 01:39:34    -2397.714157        0.091504
MDMin:  339 01:39:36    -2397.714157        0.091659
MDMin:  340 01:39:37    -2397.714157        0.091827
MDMin:  341 01:39:38    -2397.714157        0.092008
MDMin:  342 01:39:40    -2397.714157        0.092205
MDMin:  343 01:39:42    -2397.714158        0.092420
MDMin:  344 01:39:44    -2397.714158        0.092653
MDMin:  345 01:39:45    -2397.714158        0.092907
MDMin:  346 01:39:47    -2397.714158        0.093183
MDMin:  347 01:39:49    -2397.714159        0.093485
MDMin:  348 01:39:50    -2397.714159        0.093814
MDMin:  349 01:39:52    -2397.714159        0.094172
MDMin:  350 01:39:54    -2397.714159        0.094563
MDMin:  351 01:39:55    -2397.714160        0.094987
MDMin:  352 01:39:57    -2397.714160        0.095449
MDMin:  353 01:39:59    -2397.714160        0.095950
MDMin:  354 01:40:01    -2397.714160        0.096494
MDMin:  355 01:40:03    -2397.714161        0.097082
MDMin:  356 01:40:05    -2397.714161        0.097718
MDMin:  357 01:40:07    -2397.714161        0.098403
MDMin:  358 01:40:09    -2397.714162        0.099140
MDMin:  359 01:40:11    -2397.714162        0.099931
MDMin:  360 01:40:13    -2397.714162        0.100776
MDMin:  361 01:40:15    -2397.714162        0.101678
MDMin:  362 01:40:17    -2397.714163        0.102636
MDMin:  363 01:40:19    -2397.714163        0.103649
MDMin:  364 01:40:22    -2397.714163        0.104715
MDMin:  365 01:40:23    -2397.714163        0.105823
MDMin:  366 01:40:25    -2397.714164        0.106946
MDMin:  367 01:40:27    -2397.714164        0.108005
MDMin:  368 01:40:28    -2397.714164        0.108850
MDMin:  369 01:40:30    -2397.714164        0.109466
MDMin:  370 01:40:31    -2397.714164        0.110024
MDMin:  371 01:40:32    -2397.714165        0.110587
MDMin:  372 01:40:34    -2397.714165        0.111160
MDMin:  373 01:40:36    -2397.714165        0.111745
MDMin:  374 01:40:38    -2397.714165        0.112338
MDMin:  375 01:40:40    -2397.714165        0.112940
MDMin:  376 01:40:42    -2397.714165        0.113548
MDMin:  377 01:40:43    -2397.714165        0.114159
MDMin:  378 01:40:45    -2397.714165        0.114770
MDMin:  379 01:40:47    -2397.714166        0.115379
MDMin:  380 01:40:48    -2397.714166        0.115983
MDMin:  381 01:40:49    -2397.714166        0.116576
MDMin:  382 01:40:51    -2397.714166        0.117155
MDMin:  383 01:40:53    -2397.714166        0.117715
MDMin:  384 01:40:55    -2397.714166        0.118250
MDMin:  385 01:40:57    -2397.714166        0.118755
MDMin:  386 01:40:58    -2397.714167        0.119222
MDMin:  387 01:40:59    -2397.714167        0.119646
MDMin:  388 01:41:01    -2397.714167        0.120017
MDMin:  389 01:41:03    -2397.714167        0.120329
MDMin:  390 01:41:05    -2397.714167        0.120573
MDMin:  391 01:41:07    -2397.714167        0.120740
MDMin:  392 01:41:09    -2397.714168        0.120819
MDMin:  393 01:41:11    -2397.714168        0.120803
MDMin:  394 01:41:13    -2397.714168        0.120680
MDMin:  395 01:41:15    -2397.714168        0.120441
MDMin:  396 01:41:17    -2397.714168        0.120075
MDMin:  397 01:41:19    -2397.714168        0.119574
MDMin:  398 01:41:21    -2397.714169        0.118928
MDMin:  399 01:41:23    -2397.714169        0.118127
MDMin:  400 01:41:25    -2397.714169        0.117166
MDMin:  401 01:41:27    -2397.714169        0.116035
MDMin:  402 01:41:29    -2397.714169        0.114732
MDMin:  403 01:41:31    -2397.714170        0.113251
MDMin:  404 01:41:33    -2397.714170        0.111590
MDMin:  405 01:41:35    -2397.714170        0.109751
MDMin:  406 01:41:36    -2397.714170        0.107740
MDMin:  407 01:41:38    -2397.714170        0.105562
MDMin:  408 01:41:40    -2397.714171        0.103226
MDMin:  409 01:41:42    -2397.714171        0.100741
MDMin:  410 01:41:44    -2397.714171        0.098119
MDMin:  411 01:41:46    -2397.714171        0.095374
MDMin:  412 01:41:47    -2397.714171        0.092525
MDMin:  413 01:41:49    -2397.714172        0.089588
MDMin:  414 01:41:51    -2397.714172        0.086585
MDMin:  415 01:41:52    -2397.714172        0.083536
MDMin:  416 01:41:53    -2397.714172        0.080461
MDMin:  417 01:41:55    -2397.714173        0.077384
MDMin:  418 01:41:56    -2397.714173        0.074323
MDMin:  419 01:41:58    -2397.714173        0.071300
MDMin:  420 01:42:00    -2397.714173        0.068333
MDMin:  421 01:42:01    -2397.714174        0.065438
MDMin:  422 01:42:02    -2397.714174        0.062628
MDMin:  423 01:42:04    -2397.714174        0.062163
MDMin:  424 01:42:06    -2397.714175        0.063800
MDMin:  425 01:42:08    -2397.714175        0.065499
MDMin:  426 01:42:10    -2397.714175        0.067254
MDMin:  427 01:42:12    -2397.714175        0.069043
MDMin:  428 01:42:14    -2397.714176        0.070782
MDMin:  429 01:42:16    -2397.714176        0.072173
MDMin:  430 01:42:18    -2397.714176        0.072954
MDMin:  431 01:42:20    -2397.714176        0.073612
MDMin:  432 01:42:22    -2397.714176        0.074282
MDMin:  433 01:42:24    -2397.714176        0.074969
MDMin:  434 01:42:25    -2397.714176        0.075672
MDMin:  435 01:42:26    -2397.714176        0.076392
MDMin:  436 01:42:29    -2397.714177        0.077126
MDMin:  437 01:42:31    -2397.714177        0.077875
MDMin:  438 01:42:33    -2397.714177        0.078637
MDMin:  439 01:42:35    -2397.714177        0.079411
MDMin:  440 01:42:37    -2397.714177        0.080196
MDMin:  441 01:42:39    -2397.714177        0.080990
MDMin:  442 01:42:40    -2397.714177        0.081792
MDMin:  443 01:42:42    -2397.714177        0.082599
MDMin:  444 01:42:44    -2397.714178        0.083410
MDMin:  445 01:42:45    -2397.714178        0.084222
MDMin:  446 01:42:46    -2397.714178        0.085032
MDMin:  447 01:42:47    -2397.714178        0.085838
MDMin:  448 01:42:49    -2397.714178        0.086637
MDMin:  449 01:42:50    -2397.714178        0.087424
MDMin:  450 01:42:51    -2397.714178        0.088197
MDMin:  451 01:42:53    -2397.714178        0.088950
MDMin:  452 01:42:55    -2397.714179        0.089680
MDMin:  453 01:42:57    -2397.714179        0.090382
MDMin:  454 01:42:59    -2397.714179        0.091049
MDMin:  455 01:43:01    -2397.714179        0.091678
MDMin:  456 01:43:03    -2397.714179        0.092262
MDMin:  457 01:43:04    -2397.714179        0.092794
MDMin:  458 01:43:06    -2397.714179        0.093269
MDMin:  459 01:43:07    -2397.714179        0.093679
MDMin:  460 01:43:09    -2397.714180        0.094016
MDMin:  461 01:43:11    -2397.714180        0.094275
MDMin:  462 01:43:13    -2397.714180        0.094446
MDMin:  463 01:43:15    -2397.714180        0.094522
MDMin:  464 01:43:17    -2397.714180        0.094496
MDMin:  465 01:43:19    -2397.714180        0.094358
MDMin:  466 01:43:21    -2397.714180        0.094102
MDMin:  467 01:43:23    -2397.714181        0.093720
MDMin:  468 01:43:25    -2397.714181        0.093203
MDMin:  469 01:43:27    -2397.714181        0.092546
MDMin:  470 01:43:29    -2397.714181        0.091741
MDMin:  471 01:43:30    -2397.714181        0.090782
MDMin:  472 01:43:32    -2397.714181        0.089665
MDMin:  473 01:43:34    -2397.714182        0.088385
MDMin:  474 01:43:36    -2397.714182        0.086939
MDMin:  475 01:43:37    -2397.714182        0.085326
MDMin:  476 01:43:39    -2397.714182        0.083544
MDMin:  477 01:43:40    -2397.714182        0.082287
MDMin:  478 01:43:42    -2397.714182        0.084671
MDMin:  479 01:43:44    -2397.714183        0.086954
MDMin:  480 01:43:46    -2397.714183        0.089118
MDMin:  481 01:43:47    -2397.714183        0.091140
MDMin:  482 01:43:49    -2397.714183        0.092999
MDMin:  483 01:43:50    -2397.714183        0.094673
MDMin:  484 01:43:51    -2397.714183        0.096138
MDMin:  485 01:43:53    -2397.714184        0.097373
MDMin:  486 01:43:55    -2397.714184        0.098356
MDMin:  487 01:43:57    -2397.714184        0.099065
MDMin:  488 01:43:59    -2397.714184        0.099481
MDMin:  489 01:44:01    -2397.714184        0.099586
MDMin:  490 01:44:03    -2397.714184        0.099365
MDMin:  491 01:44:05    -2397.714185        0.098804
MDMin:  492 01:44:07    -2397.714185        0.097895
MDMin:  493 01:44:09    -2397.714185        0.096631
MDMin:  494 01:44:11    -2397.714185        0.095012
MDMin:  495 01:44:12    -2397.714185        0.093041
MDMin:  496 01:44:15    -2397.714186        0.090727
MDMin:  497 01:44:16    -2397.714186        0.088085
MDMin:  498 01:44:18    -2397.714186        0.085134
MDMin:  499 01:44:20    -2397.714186        0.081902
MDMin:  500 01:44:21    -2397.714186        0.078419
MDMin:  501 01:44:23    -2397.714187        0.074722
MDMin:  502 01:44:24    -2397.714187        0.070854
MDMin:  503 01:44:26    -2397.714187        0.066860
MDMin:  504 01:44:28    -2397.714187        0.062787
MDMin:  505 01:44:30    -2397.714188        0.058685
MDMin:  506 01:44:32    -2397.714188        0.054600
MDMin:  507 01:44:34    -2397.714188        0.051441
MDMin:  508 01:44:35    -2397.714189        0.049587
