       Step     Time          Energy          fmax
MDMin:    0 04:59:31    -2397.325896        0.147641
MDMin:    1 04:59:33    -2397.325895        0.147596
MDMin:    2 04:59:35    -2397.325890        0.147462
MDMin:    3 04:59:37    -2397.325883        0.147238
MDMin:    4 04:59:39    -2397.325873        0.146925
MDMin:    5 04:59:41    -2397.325860        0.146523
MDMin:    6 04:59:44    -2397.325844        0.146031
MDMin:    7 04:59:46    -2397.325825        0.145452
MDMin:    8 04:59:48    -2397.325803        0.144784
MDMin:    9 04:59:50    -2397.325778        0.144029
MDMin:   10 04:59:52    -2397.325751        0.143188
MDMin:   11 04:59:54    -2397.325721        0.142260
MDMin:   12 04:59:56    -2397.325688        0.141247
MDMin:   13 04:59:58    -2397.325652        0.140149
MDMin:   14 05:00:00    -2397.325614        0.138969
MDMin:   15 05:00:02    -2397.325573        0.137706
MDMin:   16 05:00:04    -2397.325530        0.136363
MDMin:   17 05:00:06    -2397.325485        0.134940
MDMin:   18 05:00:08    -2397.325436        0.133440
MDMin:   19 05:00:10    -2397.325386        0.131865
MDMin:   20 05:00:12    -2397.325333        0.130217
MDMin:   21 05:00:14    -2397.325278        0.128497
MDMin:   22 05:00:15    -2397.325221        0.126709
MDMin:   23 05:00:17    -2397.325162        0.124855
MDMin:   24 05:00:20    -2397.325101        0.122938
MDMin:   25 05:00:21    -2397.325038        0.120961
MDMin:   26 05:00:23    -2397.324973        0.118928
MDMin:   27 05:00:25    -2397.324906        0.116843
MDMin:   28 05:00:27    -2397.324838        0.114871
MDMin:   29 05:00:29    -2397.324768        0.114180
MDMin:   30 05:00:31    -2397.324697        0.113459
MDMin:   31 05:00:33    -2397.324624        0.112705
MDMin:   32 05:00:35    -2397.324551        0.111921
MDMin:   33 05:00:37    -2397.324475        0.111104
MDMin:   34 05:00:39    -2397.324399        0.110256
MDMin:   35 05:00:41    -2397.324322        0.109376
MDMin:   36 05:00:42    -2397.324244        0.108465
MDMin:   37 05:00:44    -2397.324165        0.107596
MDMin:   38 05:00:46    -2397.324086        0.107013
MDMin:   39 05:00:48    -2397.324005        0.106400
MDMin:   40 05:00:49    -2397.323925        0.105757
MDMin:   41 05:00:50    -2397.323844        0.105084
MDMin:   42 05:00:53    -2397.323762        0.104383
MDMin:   43 05:00:55    -2397.323681        0.103654
MDMin:   44 05:00:57    -2397.323599        0.102898
MDMin:   45 05:00:59    -2397.323518        0.102116
MDMin:   46 05:01:01    -2397.323436        0.101309
MDMin:   47 05:01:02    -2397.323355        0.100479
MDMin:   48 05:01:04    -2397.323274        0.099626
MDMin:   49 05:01:06    -2397.323193        0.098753
MDMin:   50 05:01:08    -2397.323113        0.097860
MDMin:   51 05:01:10    -2397.323033        0.096950
MDMin:   52 05:01:12    -2397.322954        0.096024
MDMin:   53 05:01:14    -2397.322876        0.095085
MDMin:   54 05:01:16    -2397.322799        0.094132
MDMin:   55 05:01:18    -2397.322723        0.093170
MDMin:   56 05:01:20    -2397.322647        0.092717
MDMin:   57 05:01:21    -2397.322573        0.093290
MDMin:   58 05:01:23    -2397.322500        0.093904
MDMin:   59 05:01:25    -2397.322428        0.094560
MDMin:   60 05:01:27    -2397.322357        0.095258
MDMin:   61 05:01:29    -2397.322287        0.096000
MDMin:   62 05:01:31    -2397.322219        0.096787
MDMin:   63 05:01:33    -2397.322153        0.097619
MDMin:   64 05:01:35    -2397.322088        0.098497
MDMin:   65 05:01:37    -2397.322024        0.099424
MDMin:   66 05:01:39    -2397.321962        0.100398
MDMin:   67 05:01:40    -2397.321902        0.101422
MDMin:   68 05:01:42    -2397.321844        0.102496
MDMin:   69 05:01:44    -2397.321787        0.103622
MDMin:   70 05:01:46    -2397.321732        0.104799
MDMin:   71 05:01:48    -2397.321678        0.106028
MDMin:   72 05:01:50    -2397.321627        0.107310
MDMin:   73 05:01:52    -2397.321577        0.108644
MDMin:   74 05:01:54    -2397.321529        0.110032
MDMin:   75 05:01:56    -2397.321483        0.111473
MDMin:   76 05:01:58    -2397.321439        0.112967
MDMin:   77 05:02:00    -2397.321397        0.114513
MDMin:   78 05:02:01    -2397.321356        0.116257
MDMin:   79 05:02:03    -2397.321317        0.119457
MDMin:   80 05:02:05    -2397.321280        0.122531
MDMin:   81 05:02:07    -2397.321245        0.125336
MDMin:   82 05:02:09    -2397.321211        0.127718
MDMin:   83 05:02:11    -2397.321179        0.129538
MDMin:   84 05:02:13    -2397.321148        0.130699
MDMin:   85 05:02:15    -2397.321118        0.131175
MDMin:   86 05:02:17    -2397.321090        0.131034
MDMin:   87 05:02:19    -2397.321063        0.132983
MDMin:   88 05:02:21    -2397.321037        0.135180
MDMin:   89 05:02:23    -2397.321012        0.137452
MDMin:   90 05:02:24    -2397.320988        0.139801
MDMin:   91 05:02:25    -2397.320965        0.142225
MDMin:   92 05:02:27    -2397.320943        0.144723
MDMin:   93 05:02:29    -2397.320922        0.147295
MDMin:   94 05:02:31    -2397.320902        0.149936
MDMin:   95 05:02:33    -2397.320883        0.152645
MDMin:   96 05:02:35    -2397.320865        0.155418
MDMin:   97 05:02:37    -2397.320848        0.158251
MDMin:   98 05:02:38    -2397.320832        0.161138
MDMin:   99 05:02:40    -2397.320816        0.164076
MDMin:  100 05:02:42    -2397.320802        0.167058
MDMin:  101 05:02:44    -2397.320788        0.170079
MDMin:  102 05:02:46    -2397.320775        0.173134
MDMin:  103 05:02:48    -2397.320762        0.176217
MDMin:  104 05:02:50    -2397.320751        0.179325
MDMin:  105 05:02:52    -2397.320740        0.182454
MDMin:  106 05:02:54    -2397.320729        0.185613
MDMin:  107 05:02:55    -2397.320720        0.188772
MDMin:  108 05:02:57    -2397.320711        0.191799
MDMin:  109 05:02:58    -2397.320705        0.194252
MDMin:  110 05:02:59    -2397.320701        0.195741
MDMin:  111 05:03:00    -2397.320698        0.196963
MDMin:  112 05:03:02    -2397.320695        0.198200
MDMin:  113 05:03:04    -2397.320692        0.199470
MDMin:  114 05:03:06    -2397.320689        0.200777
MDMin:  115 05:03:08    -2397.320687        0.202120
MDMin:  116 05:03:09    -2397.320684        0.203503
MDMin:  117 05:03:11    -2397.320681        0.204925
MDMin:  118 05:03:13    -2397.320678        0.206388
MDMin:  119 05:03:15    -2397.320675        0.207895
MDMin:  120 05:03:17    -2397.320673        0.209446
MDMin:  121 05:03:19    -2397.320670        0.211043
MDMin:  122 05:03:21    -2397.320668        0.212689
MDMin:  123 05:03:23    -2397.320665        0.214386
MDMin:  124 05:03:25    -2397.320662        0.216135
MDMin:  125 05:03:27    -2397.320660        0.217938
MDMin:  126 05:03:29    -2397.320658        0.219795
MDMin:  127 05:03:31    -2397.320655        0.221703
MDMin:  128 05:03:32    -2397.320653        0.223662
MDMin:  129 05:03:34    -2397.320651        0.225672
MDMin:  130 05:03:36    -2397.320648        0.227732
MDMin:  131 05:03:37    -2397.320646        0.229838
MDMin:  132 05:03:39    -2397.320644        0.231985
MDMin:  133 05:03:40    -2397.320642        0.234168
MDMin:  134 05:03:42    -2397.320640        0.236378
MDMin:  135 05:03:43    -2397.320638        0.238602
MDMin:  136 05:03:44    -2397.320637        0.240825
MDMin:  137 05:03:45    -2397.320635        0.243030
MDMin:  138 05:03:47    -2397.320633        0.245191
MDMin:  139 05:03:49    -2397.320632        0.247282
MDMin:  140 05:03:50    -2397.320630        0.249268
MDMin:  141 05:03:52    -2397.320629        0.251118
MDMin:  142 05:03:53    -2397.320627        0.252789
MDMin:  143 05:03:54    -2397.320626        0.254231
MDMin:  144 05:03:56    -2397.320625        0.255386
MDMin:  145 05:03:58    -2397.320623        0.256196
MDMin:  146 05:03:59    -2397.320622        0.256595
MDMin:  147 05:04:01    -2397.320621        0.256518
MDMin:  148 05:04:03    -2397.320620        0.255896
MDMin:  149 05:04:05    -2397.320619        0.254664
MDMin:  150 05:04:06    -2397.320618        0.252761
MDMin:  151 05:04:08    -2397.320617        0.250132
MDMin:  152 05:04:09    -2397.320616        0.246732
MDMin:  153 05:04:11    -2397.320615        0.242526
MDMin:  154 05:04:12    -2397.320615        0.237498
MDMin:  155 05:04:14    -2397.320614        0.231643
MDMin:  156 05:04:16    -2397.320613        0.224978
MDMin:  157 05:04:18    -2397.320613        0.217536
MDMin:  158 05:04:20    -2397.320612        0.209367
MDMin:  159 05:04:22    -2397.320612        0.200537
MDMin:  160 05:04:25    -2397.320611        0.191131
MDMin:  161 05:04:27    -2397.320611        0.181240
MDMin:  162 05:04:29    -2397.320611        0.170968
MDMin:  163 05:04:31    -2397.320611        0.160422
MDMin:  164 05:04:32    -2397.320610        0.149712
MDMin:  165 05:04:34    -2397.320610        0.138943
MDMin:  166 05:04:35    -2397.320610        0.134078
MDMin:  167 05:04:37    -2397.320610        0.133791
MDMin:  168 05:04:40    -2397.320610        0.132985
MDMin:  169 05:04:42    -2397.320610        0.131691
MDMin:  170 05:04:44    -2397.320611        0.129948
MDMin:  171 05:04:45    -2397.320611        0.127809
MDMin:  172 05:04:47    -2397.320611        0.125328
MDMin:  173 05:04:49    -2397.320612        0.122559
MDMin:  174 05:04:51    -2397.320612        0.119557
MDMin:  175 05:04:54    -2397.320613        0.116380
MDMin:  176 05:04:55    -2397.320613        0.113093
MDMin:  177 05:04:57    -2397.320614        0.109879
MDMin:  178 05:05:00    -2397.320615        0.162080
MDMin:  179 05:05:01    -2397.320615        0.144035
MDMin:  180 05:05:03    -2397.320615        0.122891
MDMin:  181 05:05:04    -2397.320615        0.107662
MDMin:  182 05:05:06    -2397.320615        0.107499
MDMin:  183 05:05:08    -2397.320615        0.107303
MDMin:  184 05:05:10    -2397.320615        0.107076
MDMin:  185 05:05:11    -2397.320615        0.106821
MDMin:  186 05:05:13    -2397.320615        0.106543
MDMin:  187 05:05:14    -2397.320615        0.106244
MDMin:  188 05:05:16    -2397.320615        0.105926
MDMin:  189 05:05:17    -2397.320615        0.105589
MDMin:  190 05:05:18    -2397.320615        0.105234
MDMin:  191 05:05:19    -2397.320615        0.104862
MDMin:  192 05:05:20    -2397.320615        0.104472
MDMin:  193 05:05:22    -2397.320615        0.104066
MDMin:  194 05:05:23    -2397.320616        0.103642
MDMin:  195 05:05:24    -2397.320616        0.103203
MDMin:  196 05:05:26    -2397.320616        0.102747
MDMin:  197 05:05:28    -2397.320616        0.102276
MDMin:  198 05:05:29    -2397.320616        0.101790
MDMin:  199 05:05:31    -2397.320616        0.101289
MDMin:  200 05:05:32    -2397.320616        0.100774
MDMin:  201 05:05:33    -2397.320617        0.100246
MDMin:  202 05:05:35    -2397.320617        0.099705
MDMin:  203 05:05:36    -2397.320617        0.099151
MDMin:  204 05:05:38    -2397.320617        0.098586
MDMin:  205 05:05:40    -2397.320617        0.098009
MDMin:  206 05:05:42    -2397.320617        0.097422
MDMin:  207 05:05:44    -2397.320618        0.096825
MDMin:  208 05:05:46    -2397.320618        0.096220
MDMin:  209 05:05:48    -2397.320618        0.095606
MDMin:  210 05:05:50    -2397.320618        0.094985
MDMin:  211 05:05:52    -2397.320619        0.094357
MDMin:  212 05:05:54    -2397.320619        0.093723
MDMin:  213 05:05:56    -2397.320619        0.093085
MDMin:  214 05:05:58    -2397.320619        0.092443
MDMin:  215 05:06:00    -2397.320620        0.091798
MDMin:  216 05:06:02    -2397.320620        0.091152
MDMin:  217 05:06:03    -2397.320620        0.090504
MDMin:  218 05:06:05    -2397.320620        0.089857
MDMin:  219 05:06:07    -2397.320621        0.089211
MDMin:  220 05:06:09    -2397.320621        0.088567
MDMin:  221 05:06:11    -2397.320621        0.087927
MDMin:  222 05:06:12    -2397.320622        0.087292
MDMin:  223 05:06:14    -2397.320622        0.086663
MDMin:  224 05:06:16    -2397.320622        0.086041
MDMin:  225 05:06:18    -2397.320623        0.085427
MDMin:  226 05:06:20    -2397.320623        0.084823
MDMin:  227 05:06:22    -2397.320623        0.084230
MDMin:  228 05:06:23    -2397.320624        0.083649
MDMin:  229 05:06:25    -2397.320624        0.083081
MDMin:  230 05:06:26    -2397.320624        0.082528
MDMin:  231 05:06:27    -2397.320625        0.081992
MDMin:  232 05:06:28    -2397.320625        0.081472
MDMin:  233 05:06:30    -2397.320626        0.080972
MDMin:  234 05:06:31    -2397.320626        0.080491
MDMin:  235 05:06:32    -2397.320626        0.080031
MDMin:  236 05:06:34    -2397.320627        0.079594
MDMin:  237 05:06:36    -2397.320627        0.079181
MDMin:  238 05:06:38    -2397.320628        0.078792
MDMin:  239 05:06:40    -2397.320628        0.078430
MDMin:  240 05:06:42    -2397.320629        0.078094
MDMin:  241 05:06:44    -2397.320629        0.077787
MDMin:  242 05:06:46    -2397.320629        0.077508
MDMin:  243 05:06:48    -2397.320630        0.077260
MDMin:  244 05:06:49    -2397.320630        0.077042
MDMin:  245 05:06:50    -2397.320631        0.076856
MDMin:  246 05:06:52    -2397.320631        0.076702
MDMin:  247 05:06:53    -2397.320632        0.076582
MDMin:  248 05:06:54    -2397.320632        0.076495
MDMin:  249 05:06:56    -2397.320633        0.076442
MDMin:  250 05:06:58    -2397.320633        0.076425
MDMin:  251 05:06:59    -2397.320634        0.076443
MDMin:  252 05:07:01    -2397.320634        0.076497
MDMin:  253 05:07:03    -2397.320634        0.076589
MDMin:  254 05:07:05    -2397.320635        0.076719
MDMin:  255 05:07:07    -2397.320635        0.076888
MDMin:  256 05:07:09    -2397.320636        0.077098
MDMin:  257 05:07:11    -2397.320636        0.077351
MDMin:  258 05:07:12    -2397.320637        0.077647
MDMin:  259 05:07:13    -2397.320637        0.077988
MDMin:  260 05:07:15    -2397.320638        0.078377
MDMin:  261 05:07:17    -2397.320638        0.078815
MDMin:  262 05:07:20    -2397.320638        0.079306
MDMin:  263 05:07:21    -2397.320639        0.079850
MDMin:  264 05:07:23    -2397.320639        0.080451
MDMin:  265 05:07:25    -2397.320640        0.081111
MDMin:  266 05:07:27    -2397.320640        0.081832
MDMin:  267 05:07:29    -2397.320641        0.082618
MDMin:  268 05:07:31    -2397.320641        0.083470
MDMin:  269 05:07:33    -2397.320642        0.084393
MDMin:  270 05:07:35    -2397.320642        0.085388
MDMin:  271 05:07:36    -2397.320643        0.086460
MDMin:  272 05:07:38    -2397.320643        0.087611
MDMin:  273 05:07:39    -2397.320644        0.088845
MDMin:  274 05:07:40    -2397.320644        0.090166
MDMin:  275 05:07:42    -2397.320645        0.091578
MDMin:  276 05:07:43    -2397.320645        0.093084
MDMin:  277 05:07:45    -2397.320646        0.094689
MDMin:  278 05:07:48    -2397.320646        0.096398
MDMin:  279 05:07:50    -2397.320646        0.098214
MDMin:  280 05:07:52    -2397.320647        0.100142
MDMin:  281 05:07:53    -2397.320647        0.102187
MDMin:  282 05:07:55    -2397.320648        0.104353
MDMin:  283 05:07:57    -2397.320648        0.106645
MDMin:  284 05:07:59    -2397.320649        0.109065
MDMin:  285 05:08:00    -2397.320649        0.111620
MDMin:  286 05:08:03    -2397.320650        0.114311
MDMin:  287 05:08:05    -2397.320650        0.117142
MDMin:  288 05:08:06    -2397.320651        0.120115
MDMin:  289 05:08:08    -2397.320651        0.123229
MDMin:  290 05:08:09    -2397.320651        0.126469
MDMin:  291 05:08:11    -2397.320652        0.129769
MDMin:  292 05:08:12    -2397.320652        0.132883
MDMin:  293 05:08:13    -2397.320653        0.135291
MDMin:  294 05:08:15    -2397.320653        0.136966
MDMin:  295 05:08:16    -2397.320653        0.138524
MDMin:  296 05:08:17    -2397.320653        0.140122
MDMin:  297 05:08:19    -2397.320653        0.141775
MDMin:  298 05:08:20    -2397.320653        0.143483
MDMin:  299 05:08:22    -2397.320654        0.145249
MDMin:  300 05:08:23    -2397.320654        0.147073
MDMin:  301 05:08:25    -2397.320654        0.148955
MDMin:  302 05:08:27    -2397.320654        0.150897
MDMin:  303 05:08:29    -2397.320654        0.152899
MDMin:  304 05:08:31    -2397.320655        0.154962
MDMin:  305 05:08:33    -2397.320655        0.157086
MDMin:  306 05:08:35    -2397.320655        0.159271
MDMin:  307 05:08:37    -2397.320655        0.161517
MDMin:  308 05:08:39    -2397.320655        0.163825
MDMin:  309 05:08:41    -2397.320655        0.166194
MDMin:  310 05:08:43    -2397.320656        0.168625
MDMin:  311 05:08:45    -2397.320656        0.171116
MDMin:  312 05:08:47    -2397.320656        0.173668
MDMin:  313 05:08:49    -2397.320656        0.176280
MDMin:  314 05:08:51    -2397.320656        0.178951
MDMin:  315 05:08:52    -2397.320657        0.181680
MDMin:  316 05:08:55    -2397.320657        0.184466
MDMin:  317 05:08:57    -2397.320657        0.187308
MDMin:  318 05:08:59    -2397.320657        0.190204
MDMin:  319 05:09:01    -2397.320657        0.193153
MDMin:  320 05:09:03    -2397.320658        0.196153
MDMin:  321 05:09:05    -2397.320658        0.199203
MDMin:  322 05:09:07    -2397.320658        0.202299
MDMin:  323 05:09:09    -2397.320658        0.205441
MDMin:  324 05:09:11    -2397.320658        0.208625
MDMin:  325 05:09:12    -2397.320659        0.211849
MDMin:  326 05:09:14    -2397.320659        0.215111
MDMin:  327 05:09:16    -2397.320659        0.218407
MDMin:  328 05:09:18    -2397.320659        0.221736
MDMin:  329 05:09:20    -2397.320659        0.225093
MDMin:  330 05:09:22    -2397.320660        0.228477
MDMin:  331 05:09:24    -2397.320660        0.231882
MDMin:  332 05:09:26    -2397.320660        0.235307
MDMin:  333 05:09:28    -2397.320660        0.238747
MDMin:  334 05:09:30    -2397.320660        0.242200
MDMin:  335 05:09:32    -2397.320661        0.245660
MDMin:  336 05:09:33    -2397.320661        0.249124
MDMin:  337 05:09:35    -2397.320661        0.252587
MDMin:  338 05:09:37    -2397.320661        0.256057
MDMin:  339 05:09:39    -2397.320661        0.259544
MDMin:  340 05:09:41    -2397.320662        0.263047
MDMin:  341 05:09:43    -2397.320662        0.266561
MDMin:  342 05:09:45    -2397.320662        0.270085
MDMin:  343 05:09:47    -2397.320662        0.273615
MDMin:  344 05:09:49    -2397.320662        0.277169
MDMin:  345 05:09:51    -2397.320662        0.280753
MDMin:  346 05:09:53    -2397.320663        0.284362
MDMin:  347 05:09:55    -2397.320663        0.287993
MDMin:  348 05:09:57    -2397.320663        0.291642
MDMin:  349 05:09:59    -2397.320663        0.295303
MDMin:  350 05:10:01    -2397.320663        0.298974
MDMin:  351 05:10:03    -2397.320664        0.302649
MDMin:  352 05:10:05    -2397.320664        0.306323
MDMin:  353 05:10:07    -2397.320664        0.309992
MDMin:  354 05:10:09    -2397.320664        0.313651
MDMin:  355 05:10:11    -2397.320664        0.317295
MDMin:  356 05:10:12    -2397.320664        0.320919
MDMin:  357 05:10:14    -2397.320665        0.324518
MDMin:  358 05:10:15    -2397.320665        0.328086
MDMin:  359 05:10:17    -2397.320665        0.331616
MDMin:  360 05:10:19    -2397.320665        0.335102
MDMin:  361 05:10:20    -2397.320665        0.338533
MDMin:  362 05:10:22    -2397.320665        0.341900
MDMin:  363 05:10:24    -2397.320666        0.345190
MDMin:  364 05:10:26    -2397.320666        0.348386
MDMin:  365 05:10:28    -2397.320666        0.351469
MDMin:  366 05:10:29    -2397.320666        0.354417
MDMin:  367 05:10:31    -2397.320666        0.357200
MDMin:  368 05:10:33    -2397.320666        0.359784
MDMin:  369 05:10:35    -2397.320667        0.362131
MDMin:  370 05:10:38    -2397.320667        0.364195
MDMin:  371 05:10:40    -2397.320667        0.365924
MDMin:  372 05:10:42    -2397.320667        0.367261
MDMin:  373 05:10:44    -2397.320667        0.368143
MDMin:  374 05:10:45    -2397.320667        0.368500
MDMin:  375 05:10:47    -2397.320667        0.370048
MDMin:  376 05:10:49    -2397.320668        0.381636
MDMin:  377 05:10:50    -2397.320668        0.393198
MDMin:  378 05:10:52    -2397.320668        0.404661
MDMin:  379 05:10:53    -2397.320668        0.415946
MDMin:  380 05:10:55    -2397.320668        0.426961
MDMin:  381 05:10:58    -2397.320668        0.437604
MDMin:  382 05:11:00    -2397.320669        0.447765
MDMin:  383 05:11:02    -2397.320669        0.457325
MDMin:  384 05:11:04    -2397.320669        0.466162
MDMin:  385 05:11:06    -2397.320669        0.474146
MDMin:  386 05:11:08    -2397.320669        0.481152
MDMin:  387 05:11:11    -2397.320669        0.487057
MDMin:  388 05:11:13    -2397.320669        0.491746
MDMin:  389 05:11:15    -2397.320670        0.495116
MDMin:  390 05:11:17    -2397.320670        0.497073
MDMin:  391 05:11:19    -2397.320670        0.497541
MDMin:  392 05:11:21    -2397.320670        0.496460
MDMin:  393 05:11:23    -2397.320670        0.493787
MDMin:  394 05:11:24    -2397.320670        0.489500
MDMin:  395 05:11:26    -2397.320671        0.483594
MDMin:  396 05:11:28    -2397.320671        0.476084
MDMin:  397 05:11:30    -2397.320671        0.467018
MDMin:  398 05:11:32    -2397.320671        0.456467
MDMin:  399 05:11:34    -2397.320671        0.444517
MDMin:  400 05:11:36    -2397.320671        0.431271
MDMin:  401 05:11:38    -2397.320672        0.416841
MDMin:  402 05:11:40    -2397.320672        0.410109
MDMin:  403 05:11:42    -2397.320672        0.414769
MDMin:  404 05:11:45    -2397.320672        0.418672
MDMin:  405 05:11:47    -2397.320672        0.421494
MDMin:  406 05:11:49    -2397.320673        0.422822
MDMin:  407 05:11:51    -2397.320673        0.422162
MDMin:  408 05:11:53    -2397.320673        0.418967
MDMin:  409 05:11:55    -2397.320673        0.412703
MDMin:  410 05:11:56    -2397.320673        0.402892
MDMin:  411 05:11:58    -2397.320674        0.389188
MDMin:  412 05:12:00    -2397.320674        0.371461
MDMin:  413 05:12:02    -2397.320674        0.349860
MDMin:  414 05:12:04    -2397.320674        0.324848
MDMin:  415 05:12:06    -2397.320675        0.297185
MDMin:  416 05:12:08    -2397.320675        0.267858
MDMin:  417 05:12:10    -2397.320675        0.253186
MDMin:  418 05:12:12    -2397.320675        0.249880
MDMin:  419 05:12:13    -2397.320676        0.242698
MDMin:  420 05:12:15    -2397.320676        0.231862
MDMin:  421 05:12:17    -2397.320676        0.217794
MDMin:  422 05:12:19    -2397.320677        0.201067
MDMin:  423 05:12:21    -2397.320677        0.182350
MDMin:  424 05:12:23    -2397.320677        0.169525
MDMin:  425 05:12:25    -2397.320678        0.158959
MDMin:  426 05:12:27    -2397.320678        0.146401
MDMin:  427 05:12:29    -2397.320679        0.132359
MDMin:  428 05:12:31    -2397.320679        0.117401
MDMin:  429 05:12:33    -2397.320680        0.198731
MDMin:  430 05:12:35    -2397.320680        0.101271
MDMin:  431 05:12:37    -2397.320680        0.099687
MDMin:  432 05:12:39    -2397.320680        0.098059
MDMin:  433 05:12:41    -2397.320680        0.096389
MDMin:  434 05:12:43    -2397.320680        0.094679
MDMin:  435 05:12:45    -2397.320680        0.092932
MDMin:  436 05:12:47    -2397.320680        0.091149
MDMin:  437 05:12:49    -2397.320680        0.089333
MDMin:  438 05:12:51    -2397.320680        0.087487
MDMin:  439 05:12:52    -2397.320680        0.085612
MDMin:  440 05:12:54    -2397.320680        0.083710
MDMin:  441 05:12:56    -2397.320680        0.081786
MDMin:  442 05:12:57    -2397.320680        0.079842
MDMin:  443 05:12:59    -2397.320681        0.077879
MDMin:  444 05:13:00    -2397.320681        0.075902
MDMin:  445 05:13:02    -2397.320681        0.073914
MDMin:  446 05:13:03    -2397.320681        0.071917
MDMin:  447 05:13:04    -2397.320681        0.069915
MDMin:  448 05:13:06    -2397.320681        0.067911
MDMin:  449 05:13:07    -2397.320681        0.065908
MDMin:  450 05:13:09    -2397.320681        0.063909
MDMin:  451 05:13:10    -2397.320681        0.061918
MDMin:  452 05:13:12    -2397.320682        0.059938
MDMin:  453 05:13:14    -2397.320682        0.057972
MDMin:  454 05:13:16    -2397.320682        0.056022
MDMin:  455 05:13:18    -2397.320682        0.054093
MDMin:  456 05:13:20    -2397.320682        0.052187
MDMin:  457 05:13:22    -2397.320682        0.050306
MDMin:  458 05:13:24    -2397.320682        0.048453
