       Step     Time          Energy          fmax
MDMin:    0 04:43:29    -2393.476514        7.565665
MDMin:    1 04:43:31    -2393.479388        7.796711
MDMin:    2 04:43:34    -2393.487694        8.318770
MDMin:    3 04:43:36    -2393.498232        8.331868
MDMin:    4 04:43:38    -2393.510814        6.540181
MDMin:    5 04:43:40    -2393.525242        5.055573
MDMin:    6 04:43:42    -2393.539828        6.137048
MDMin:    7 04:43:44    -2393.552868        4.785056
MDMin:    8 04:43:45    -2393.565463        2.076447
MDMin:    9 04:43:47    -2393.577743        2.070975
MDMin:   10 04:43:49    -2393.589241        2.725212
MDMin:   11 04:43:51    -2393.599899        2.940361
MDMin:   12 04:43:54    -2393.609970        2.271343
MDMin:   13 04:43:55    -2393.621205        1.548985
MDMin:   14 04:43:57    -2393.634587        1.319213
MDMin:   15 04:43:59    -2393.649157        2.317357
MDMin:   16 04:44:01    -2393.656818        2.508580
MDMin:   17 04:44:03    -2393.658388        1.865295
MDMin:   18 04:44:05    -2393.660812        1.303167
MDMin:   19 04:44:07    -2393.664134        1.329001
MDMin:   20 04:44:09    -2393.668241        1.352890
MDMin:   21 04:44:11    -2393.673145        1.368422
MDMin:   22 04:44:13    -2393.678923        1.369150
MDMin:   23 04:44:14    -2393.685677        1.349865
MDMin:   24 04:44:16    -2393.693538        1.311178
MDMin:   25 04:44:18    -2393.702655        1.261395
MDMin:   26 04:44:19    -2393.710345        1.213058
MDMin:   27 04:44:20    -2393.715452        1.176596
MDMin:   28 04:44:22    -2393.721210        1.156772
MDMin:   29 04:44:23    -2393.727687        1.152802
MDMin:   30 04:44:25    -2393.734950        1.160487
MDMin:   31 04:44:27    -2393.743048        1.224530
MDMin:   32 04:44:29    -2393.752011        1.332685
MDMin:   33 04:44:31    -2393.761912        1.423997
MDMin:   34 04:44:33    -2393.773026        1.439902
MDMin:   35 04:44:35    -2393.785987        1.336982
MDMin:   36 04:44:37    -2393.801851        1.222300
MDMin:   37 04:44:40    -2393.822032        1.161200
MDMin:   38 04:44:42    -2393.847803        1.219259
MDMin:   39 04:44:43    -2393.880038        1.073436
MDMin:   40 04:44:44    -2393.921196        0.980841
MDMin:   41 04:44:46    -2393.975498        0.866044
MDMin:   42 04:44:47    -2394.047030        1.323463
MDMin:   43 04:44:49    -2394.101901        2.530100
MDMin:   44 04:44:51    -2394.104207        2.209681
MDMin:   45 04:44:53    -2394.110921        1.475127
MDMin:   46 04:44:55    -2394.123609        0.991436
MDMin:   47 04:44:57    -2394.143399        1.034506
MDMin:   48 04:44:59    -2394.170259        1.094005
MDMin:   49 04:45:00    -2394.205555        1.173598
MDMin:   50 04:45:01    -2394.251892        1.279540
MDMin:   51 04:45:02    -2394.313223        1.420118
MDMin:   52 04:45:04    -2394.395453        1.604486
MDMin:   53 04:45:06    -2394.507038        1.837520
MDMin:   54 04:45:08    -2394.658733        2.105551
MDMin:   55 04:45:10    -2394.860359        2.350764
MDMin:   56 04:45:12    -2395.112009        2.458156
MDMin:   57 04:45:14    -2395.352783        2.357354
MDMin:   58 04:45:17    -2395.568816        2.024231
MDMin:   59 04:45:19    -2395.660889        2.210924
MDMin:   60 04:45:21    -2395.739757        2.230468
MDMin:   61 04:45:23    -2395.834839        2.011029
MDMin:   62 04:45:25    -2395.951410        1.624565
MDMin:   63 04:45:27    -2396.104103        1.762876
MDMin:   64 04:45:29    -2396.294174        1.869372
MDMin:   65 04:45:31    -2396.509522        1.844554
MDMin:   66 04:45:33    -2396.715531        1.604393
MDMin:   67 04:45:35    -2396.837200        1.257074
MDMin:   68 04:45:37    -2396.927858        1.450356
MDMin:   69 04:45:39    -2396.975211        1.479983
MDMin:   70 04:45:41    -2396.983938        1.050445
MDMin:   71 04:45:43    -2396.997052        0.855025
MDMin:   72 04:45:45    -2397.014167        0.829389
MDMin:   73 04:45:47    -2397.034310        0.809155
MDMin:   74 04:45:49    -2397.057069        0.786836
MDMin:   75 04:45:51    -2397.082205        0.761065
MDMin:   76 04:45:53    -2397.109421        0.731516
MDMin:   77 04:45:54    -2397.138368        0.698001
MDMin:   78 04:45:56    -2397.168636        0.673948
MDMin:   79 04:45:58    -2397.199778        0.691119
MDMin:   80 04:45:59    -2397.231334        0.715097
MDMin:   81 04:46:01    -2397.238697        0.749806
MDMin:   82 04:46:03    -2397.242359        0.793202
MDMin:   83 04:46:05    -2397.245993        0.853518
MDMin:   84 04:46:07    -2397.249532        0.931798
MDMin:   85 04:46:09    -2397.252932        1.019198
MDMin:   86 04:46:11    -2397.256174        1.085564
MDMin:   87 04:46:13    -2397.259267        1.083223
MDMin:   88 04:46:15    -2397.262283        0.990819
MDMin:   89 04:46:17    -2397.265288        0.849533
MDMin:   90 04:46:19    -2397.268133        1.018332
MDMin:   91 04:46:20    -2397.269574        1.172294
MDMin:   92 04:46:22    -2397.269830        0.796613
MDMin:   93 04:46:24    -2397.270227        0.703995
MDMin:   94 04:46:26    -2397.270762        0.702329
MDMin:   95 04:46:28    -2397.271402        0.697491
MDMin:   96 04:46:31    -2397.272139        0.688146
MDMin:   97 04:46:33    -2397.272972        0.673051
MDMin:   98 04:46:35    -2397.273899        0.651355
MDMin:   99 04:46:37    -2397.274920        0.622878
MDMin:  100 04:46:39    -2397.276035        0.588290
MDMin:  101 04:46:41    -2397.277244        0.549170
MDMin:  102 04:46:43    -2397.278546        0.507524
MDMin:  103 04:46:45    -2397.279943        0.465229
MDMin:  104 04:46:47    -2397.281434        0.456747
MDMin:  105 04:46:49    -2397.283021        0.460154
MDMin:  106 04:46:50    -2397.284703        0.463744
MDMin:  107 04:46:52    -2397.286482        0.467711
MDMin:  108 04:46:53    -2397.288359        0.472178
MDMin:  109 04:46:55    -2397.290328        0.477011
MDMin:  110 04:46:56    -2397.292376        0.481591
MDMin:  111 04:46:58    -2397.294423        0.516151
MDMin:  112 04:47:00    -2397.295923        0.879193
MDMin:  113 04:47:03    -2397.296292        0.577035
MDMin:  114 04:47:04    -2397.296817        0.593951
MDMin:  115 04:47:06    -2397.297418        0.612355
MDMin:  116 04:47:08    -2397.298095        0.631366
MDMin:  117 04:47:09    -2397.298847        0.649450
MDMin:  118 04:47:11    -2397.299675        0.664435
MDMin:  119 04:47:13    -2397.300577        0.673549
MDMin:  120 04:47:15    -2397.301554        0.673705
MDMin:  121 04:47:17    -2397.302306        0.662121
MDMin:  122 04:47:19    -2397.302458        0.638904
MDMin:  123 04:47:21    -2397.302674        0.603526
MDMin:  124 04:47:24    -2397.302804        0.560753
MDMin:  125 04:47:26    -2397.303106        0.513933
MDMin:  126 04:47:28    -2397.303500        0.463189
MDMin:  127 04:47:30    -2397.303973        0.480418
MDMin:  128 04:47:32    -2397.304509        0.497953
MDMin:  129 04:47:34    -2397.305092        0.514086
MDMin:  130 04:47:37    -2397.305705        0.528236
MDMin:  131 04:47:39    -2397.306323        0.539806
MDMin:  132 04:47:41    -2397.306865        0.547671
MDMin:  133 04:47:43    -2397.307161        0.550777
MDMin:  134 04:47:45    -2397.307330        0.552269
MDMin:  135 04:47:47    -2397.307525        0.553824
MDMin:  136 04:47:48    -2397.307745        0.555353
MDMin:  137 04:47:50    -2397.307989        0.556763
MDMin:  138 04:47:52    -2397.308255        0.557954
MDMin:  139 04:47:53    -2397.308543        0.558827
MDMin:  140 04:47:55    -2397.308850        0.559292
MDMin:  141 04:47:57    -2397.309175        0.559278
MDMin:  142 04:47:59    -2397.309517        0.558754
MDMin:  143 04:48:01    -2397.309874        0.557755
MDMin:  144 04:48:03    -2397.310244        0.556445
MDMin:  145 04:48:04    -2397.310625        0.555078
MDMin:  146 04:48:06    -2397.311015        0.553987
MDMin:  147 04:48:07    -2397.311413        0.553485
MDMin:  148 04:48:09    -2397.311816        0.553751
MDMin:  149 04:48:11    -2397.312221        0.554607
MDMin:  150 04:48:13    -2397.312623        0.555274
MDMin:  151 04:48:14    -2397.312982        0.561550
MDMin:  152 04:48:17    -2397.313157        0.552922
MDMin:  153 04:48:18    -2397.313229        0.551997
MDMin:  154 04:48:19    -2397.313323        0.550554
MDMin:  155 04:48:21    -2397.313431        0.548480
MDMin:  156 04:48:23    -2397.313553        0.545528
MDMin:  157 04:48:25    -2397.313689        0.541369
MDMin:  158 04:48:27    -2397.313838        0.535576
MDMin:  159 04:48:28    -2397.313999        0.527617
MDMin:  160 04:48:29    -2397.314172        0.516854
MDMin:  161 04:48:31    -2397.314356        0.502576
MDMin:  162 04:48:33    -2397.314550        0.484071
MDMin:  163 04:48:34    -2397.314754        0.460760
MDMin:  164 04:48:35    -2397.314967        0.432381
MDMin:  165 04:48:37    -2397.315189        0.399180
MDMin:  166 04:48:39    -2397.315418        0.385586
MDMin:  167 04:48:41    -2397.315654        0.394275
MDMin:  168 04:48:42    -2397.315895        0.401738
MDMin:  169 04:48:43    -2397.316141        0.407296
MDMin:  170 04:48:44    -2397.316391        0.410279
MDMin:  171 04:48:46    -2397.316639        0.410118
MDMin:  172 04:48:48    -2397.316855        0.591881
MDMin:  173 04:48:49    -2397.316928        0.405022
MDMin:  174 04:48:51    -2397.316972        0.403722
MDMin:  175 04:48:53    -2397.317024        0.402049
MDMin:  176 04:48:55    -2397.317084        0.399997
MDMin:  177 04:48:57    -2397.317151        0.397532
MDMin:  178 04:48:59    -2397.317226        0.394608
MDMin:  179 04:49:01    -2397.317307        0.391180
MDMin:  180 04:49:03    -2397.317394        0.387203
MDMin:  181 04:49:05    -2397.317487        0.382640
MDMin:  182 04:49:06    -2397.317585        0.377465
MDMin:  183 04:49:08    -2397.317688        0.371666
MDMin:  184 04:49:10    -2397.317794        0.365255
MDMin:  185 04:49:12    -2397.317903        0.358273
MDMin:  186 04:49:14    -2397.318015        0.350790
MDMin:  187 04:49:16    -2397.318128        0.342899
MDMin:  188 04:49:19    -2397.318241        0.337776
MDMin:  189 04:49:21    -2397.318354        0.344837
MDMin:  190 04:49:23    -2397.318466        0.353287
MDMin:  191 04:49:25    -2397.318573        0.363057
MDMin:  192 04:49:27    -2397.318664        0.525996
MDMin:  193 04:49:29    -2397.318702        0.376967
MDMin:  194 04:49:30    -2397.318721        0.379132
MDMin:  195 04:49:32    -2397.318744        0.381863
MDMin:  196 04:49:35    -2397.318771        0.385019
MDMin:  197 04:49:36    -2397.318801        0.388536
MDMin:  198 04:49:37    -2397.318833        0.392302
MDMin:  199 04:49:39    -2397.318869        0.396131
MDMin:  200 04:49:41    -2397.318906        0.399745
MDMin:  201 04:49:43    -2397.318946        0.402738
MDMin:  202 04:49:45    -2397.318987        0.404566
MDMin:  203 04:49:47    -2397.319030        0.404544
MDMin:  204 04:49:49    -2397.319073        0.401878
MDMin:  205 04:49:51    -2397.319118        0.395722
MDMin:  206 04:49:53    -2397.319162        0.385312
MDMin:  207 04:49:55    -2397.319206        0.384902
MDMin:  208 04:49:58    -2397.319250        0.393562
MDMin:  209 04:50:00    -2397.319294        0.400893
MDMin:  210 04:50:02    -2397.319337        0.405990
MDMin:  211 04:50:04    -2397.319378        0.407956
MDMin:  212 04:50:06    -2397.319418        0.406101
MDMin:  213 04:50:08    -2397.319457        0.400169
MDMin:  214 04:50:10    -2397.319493        0.390493
MDMin:  215 04:50:12    -2397.319525        0.461687
MDMin:  216 04:50:14    -2397.319539        0.496594
MDMin:  217 04:50:16    -2397.319542        0.371062
MDMin:  218 04:50:18    -2397.319545        0.369170
MDMin:  219 04:50:19    -2397.319550        0.366528
MDMin:  220 04:50:21    -2397.319556        0.363262
MDMin:  221 04:50:23    -2397.319563        0.359390
MDMin:  222 04:50:25    -2397.319571        0.354904
MDMin:  223 04:50:27    -2397.319579        0.349806
MDMin:  224 04:50:29    -2397.319588        0.344102
MDMin:  225 04:50:31    -2397.319597        0.337809
MDMin:  226 04:50:33    -2397.319606        0.330949
MDMin:  227 04:50:36    -2397.319615        0.323548
MDMin:  228 04:50:38    -2397.319625        0.315641
MDMin:  229 04:50:39    -2397.319633        0.307264
MDMin:  230 04:50:41    -2397.319642        0.298457
MDMin:  231 04:50:44    -2397.319649        0.289270
MDMin:  232 04:50:45    -2397.319656        0.279761
MDMin:  233 04:50:47    -2397.319661        0.270006
MDMin:  234 04:50:48    -2397.319664        0.261641
MDMin:  235 04:50:50    -2397.319666        0.259620
MDMin:  236 04:50:52    -2397.319666        0.258005
MDMin:  237 04:50:53    -2397.319663        0.256931
MDMin:  238 04:50:55    -2397.319660        0.564737
MDMin:  239 04:50:56    -2397.319659        0.256310
MDMin:  240 04:50:58    -2397.319657        0.256188
MDMin:  241 04:50:59    -2397.319655        0.256106
MDMin:  242 04:51:01    -2397.319653        0.256092
MDMin:  243 04:51:03    -2397.319650        0.256177
MDMin:  244 04:51:05    -2397.319647        0.256397
MDMin:  245 04:51:07    -2397.319643        0.256795
MDMin:  246 04:51:10    -2397.319638        0.257414
MDMin:  247 04:51:12    -2397.319632        0.258308
MDMin:  248 04:51:14    -2397.319626        0.259535
MDMin:  249 04:51:16    -2397.319619        0.261162
MDMin:  250 04:51:18    -2397.319611        0.263268
MDMin:  251 04:51:20    -2397.319601        0.265943
MDMin:  252 04:51:22    -2397.319591        0.269287
MDMin:  253 04:51:24    -2397.319580        0.273405
MDMin:  254 04:51:26    -2397.319567        0.278390
MDMin:  255 04:51:28    -2397.319554        0.284206
MDMin:  256 04:51:30    -2397.319542        0.297320
MDMin:  257 04:51:32    -2397.319534        0.293401
MDMin:  258 04:51:35    -2397.319530        0.295550
MDMin:  259 04:51:36    -2397.319525        0.298110
MDMin:  260 04:51:37    -2397.319519        0.301157
MDMin:  261 04:51:39    -2397.319513        0.304726
MDMin:  262 04:51:40    -2397.319505        0.308844
MDMin:  263 04:51:41    -2397.319497        0.313524
MDMin:  264 04:51:44    -2397.319488        0.318753
MDMin:  265 04:51:45    -2397.319479        0.324480
MDMin:  266 04:51:47    -2397.319468        0.330593
MDMin:  267 04:51:49    -2397.319457        0.336900
MDMin:  268 04:51:51    -2397.319446        0.343102
MDMin:  269 04:51:53    -2397.319433        0.348774
MDMin:  270 04:51:54    -2397.319420        0.353351
MDMin:  271 04:51:56    -2397.319407        0.356143
MDMin:  272 04:51:58    -2397.319392        0.356403
MDMin:  273 04:51:59    -2397.319378        0.353410
MDMin:  274 04:52:01    -2397.319363        0.356250
MDMin:  275 04:52:02    -2397.319348        0.365271
MDMin:  276 04:52:04    -2397.319335        0.373391
MDMin:  277 04:52:06    -2397.319328        0.375703
MDMin:  278 04:52:07    -2397.319323        0.378142
MDMin:  279 04:52:09    -2397.319317        0.380565
MDMin:  280 04:52:11    -2397.319310        0.382927
MDMin:  281 04:52:13    -2397.319302        0.385059
MDMin:  282 04:52:15    -2397.319294        0.386741
MDMin:  283 04:52:17    -2397.319286        0.387705
MDMin:  284 04:52:19    -2397.319276        0.387636
MDMin:  285 04:52:21    -2397.319266        0.386170
MDMin:  286 04:52:23    -2397.319256        0.382912
MDMin:  287 04:52:24    -2397.319245        0.377464
MDMin:  288 04:52:26    -2397.319233        0.369471
MDMin:  289 04:52:28    -2397.319221        0.358708
MDMin:  290 04:52:30    -2397.319209        0.345271
MDMin:  291 04:52:32    -2397.319197        0.334829
MDMin:  292 04:52:34    -2397.319188        0.393860
MDMin:  293 04:52:36    -2397.319183        0.331989
MDMin:  294 04:52:38    -2397.319178        0.331183
MDMin:  295 04:52:39    -2397.319173        0.333205
MDMin:  296 04:52:41    -2397.319167        0.335083
MDMin:  297 04:52:43    -2397.319161        0.336683
MDMin:  298 04:52:45    -2397.319154        0.337856
MDMin:  299 04:52:47    -2397.319147        0.338454
MDMin:  300 04:52:49    -2397.319139        0.338340
MDMin:  301 04:52:51    -2397.319131        0.337398
MDMin:  302 04:52:53    -2397.319123        0.336895
MDMin:  303 04:52:55    -2397.319115        0.339337
MDMin:  304 04:52:57    -2397.319107        0.340430
MDMin:  305 04:53:00    -2397.319099        0.340162
MDMin:  306 04:53:01    -2397.319095        0.339197
MDMin:  307 04:53:04    -2397.319092        0.338345
MDMin:  308 04:53:05    -2397.319089        0.337280
MDMin:  309 04:53:07    -2397.319086        0.335920
MDMin:  310 04:53:09    -2397.319082        0.334219
MDMin:  311 04:53:11    -2397.319078        0.332135
MDMin:  312 04:53:13    -2397.319075        0.329635
MDMin:  313 04:53:15    -2397.319071        0.326697
MDMin:  314 04:53:17    -2397.319067        0.323313
MDMin:  315 04:53:18    -2397.319063        0.319487
MDMin:  316 04:53:20    -2397.319059        0.315235
MDMin:  317 04:53:21    -2397.319056        0.310590
MDMin:  318 04:53:23    -2397.319054        0.305619
MDMin:  319 04:53:25    -2397.319052        0.300624
MDMin:  320 04:53:27    -2397.319051        0.365749
MDMin:  321 04:53:30    -2397.319051        0.295137
MDMin:  322 04:53:32    -2397.319050        0.293120
MDMin:  323 04:53:34    -2397.319050        0.290809
MDMin:  324 04:53:36    -2397.319050        0.288198
MDMin:  325 04:53:38    -2397.319051        0.285282
MDMin:  326 04:53:40    -2397.319052        0.282048
MDMin:  327 04:53:42    -2397.319053        0.278484
MDMin:  328 04:53:44    -2397.319054        0.274573
MDMin:  329 04:53:46    -2397.319057        0.270297
MDMin:  330 04:53:47    -2397.319060        0.265639
MDMin:  331 04:53:49    -2397.319064        0.260589
MDMin:  332 04:53:50    -2397.319070        0.255150
MDMin:  333 04:53:51    -2397.319077        0.249338
MDMin:  334 04:53:53    -2397.319086        0.243199
MDMin:  335 04:53:54    -2397.319097        0.236852
MDMin:  336 04:53:56    -2397.319109        0.307229
MDMin:  337 04:53:58    -2397.319116        0.321269
MDMin:  338 04:54:00    -2397.319118        0.233145
MDMin:  339 04:54:02    -2397.319121        0.233788
MDMin:  340 04:54:05    -2397.319125        0.234605
MDMin:  341 04:54:06    -2397.319130        0.235612
MDMin:  342 04:54:08    -2397.319136        0.236834
MDMin:  343 04:54:10    -2397.319143        0.238301
MDMin:  344 04:54:12    -2397.319151        0.240048
MDMin:  345 04:54:14    -2397.319160        0.242118
MDMin:  346 04:54:17    -2397.319171        0.244562
MDMin:  347 04:54:19    -2397.319183        0.247438
MDMin:  348 04:54:20    -2397.319197        0.250813
MDMin:  349 04:54:22    -2397.319213        0.254768
MDMin:  350 04:54:24    -2397.319231        0.259388
MDMin:  351 04:54:26    -2397.319251        0.264768
MDMin:  352 04:54:28    -2397.319273        0.270999
MDMin:  353 04:54:30    -2397.319299        0.278165
MDMin:  354 04:54:32    -2397.319327        0.286376
MDMin:  355 04:54:34    -2397.319358        0.295605
MDMin:  356 04:54:36    -2397.319392        0.305527
MDMin:  357 04:54:38    -2397.319425        0.316779
MDMin:  358 04:54:39    -2397.319441        0.318780
MDMin:  359 04:54:41    -2397.319449        0.320867
MDMin:  360 04:54:43    -2397.319460        0.323427
MDMin:  361 04:54:45    -2397.319472        0.326314
MDMin:  362 04:54:48    -2397.319487        0.329444
MDMin:  363 04:54:50    -2397.319504        0.332693
MDMin:  364 04:54:51    -2397.319523        0.335884
MDMin:  365 04:54:53    -2397.319544        0.338775
MDMin:  366 04:54:55    -2397.319568        0.341053
MDMin:  367 04:54:58    -2397.319594        0.342328
MDMin:  368 04:55:00    -2397.319623        0.342153
MDMin:  369 04:55:02    -2397.319655        0.340034
MDMin:  370 04:55:04    -2397.319690        0.335472
MDMin:  371 04:55:06    -2397.319728        0.328032
MDMin:  372 04:55:08    -2397.319770        0.317419
MDMin:  373 04:55:10    -2397.319816        0.303549
MDMin:  374 04:55:12    -2397.319866        0.286614
MDMin:  375 04:55:14    -2397.319920        0.267104
MDMin:  376 04:55:16    -2397.319979        0.245890
MDMin:  377 04:55:18    -2397.320040        0.249011
MDMin:  378 04:55:21    -2397.320083        0.391213
MDMin:  379 04:55:23    -2397.320096        0.222012
MDMin:  380 04:55:25    -2397.320114        0.223113
MDMin:  381 04:55:26    -2397.320135        0.224422
MDMin:  382 04:55:28    -2397.320160        0.225951
MDMin:  383 04:55:30    -2397.320188        0.227711
MDMin:  384 04:55:32    -2397.320220        0.229714
MDMin:  385 04:55:34    -2397.320255        0.231968
MDMin:  386 04:55:35    -2397.320295        0.234479
MDMin:  387 04:55:37    -2397.320339        0.237246
MDMin:  388 04:55:39    -2397.320388        0.240256
MDMin:  389 04:55:41    -2397.320441        0.243471
MDMin:  390 04:55:43    -2397.320499        0.246820
MDMin:  391 04:55:45    -2397.320563        0.250187
MDMin:  392 04:55:47    -2397.320632        0.253397
MDMin:  393 04:55:49    -2397.320707        0.256210
MDMin:  394 04:55:51    -2397.320788        0.258318
MDMin:  395 04:55:53    -2397.320871        0.259373
MDMin:  396 04:55:55    -2397.320940        0.361888
MDMin:  397 04:55:57    -2397.320964        0.259074
MDMin:  398 04:55:59    -2397.320992        0.258682
MDMin:  399 04:56:01    -2397.321025        0.258074
MDMin:  400 04:56:03    -2397.321062        0.257186
MDMin:  401 04:56:05    -2397.321104        0.255949
MDMin:  402 04:56:07    -2397.321152        0.254293
MDMin:  403 04:56:09    -2397.321204        0.252156
MDMin:  404 04:56:11    -2397.321262        0.249482
MDMin:  405 04:56:13    -2397.321325        0.246238
MDMin:  406 04:56:15    -2397.321394        0.242414
MDMin:  407 04:56:16    -2397.321469        0.238027
MDMin:  408 04:56:17    -2397.321551        0.233132
MDMin:  409 04:56:19    -2397.321639        0.227809
MDMin:  410 04:56:20    -2397.321734        0.222171
MDMin:  411 04:56:22    -2397.321836        0.216362
MDMin:  412 04:56:24    -2397.321943        0.210648
MDMin:  413 04:56:26    -2397.322035        0.313507
MDMin:  414 04:56:28    -2397.322073        0.204204
MDMin:  415 04:56:29    -2397.322105        0.202748
MDMin:  416 04:56:31    -2397.322142        0.201088
MDMin:  417 04:56:33    -2397.322185        0.199237
MDMin:  418 04:56:34    -2397.322233        0.197214
MDMin:  419 04:56:35    -2397.322288        0.195044
MDMin:  420 04:56:37    -2397.322348        0.192752
MDMin:  421 04:56:38    -2397.322415        0.190366
MDMin:  422 04:56:39    -2397.322488        0.187915
MDMin:  423 04:56:41    -2397.322568        0.185428
MDMin:  424 04:56:43    -2397.322655        0.182932
MDMin:  425 04:56:45    -2397.322748        0.180455
MDMin:  426 04:56:47    -2397.322848        0.178021
MDMin:  427 04:56:49    -2397.322956        0.176853
MDMin:  428 04:56:51    -2397.323070        0.177598
MDMin:  429 04:56:53    -2397.323192        0.183558
MDMin:  430 04:56:55    -2397.323317        0.189577
MDMin:  431 04:56:57    -2397.323429        0.283310
MDMin:  432 04:57:00    -2397.323484        0.197234
MDMin:  433 04:57:02    -2397.323521        0.198861
MDMin:  434 04:57:04    -2397.323565        0.200746
MDMin:  435 04:57:06    -2397.323616        0.202879
MDMin:  436 04:57:08    -2397.323673        0.205238
MDMin:  437 04:57:09    -2397.323737        0.207798
MDMin:  438 04:57:11    -2397.323808        0.210525
MDMin:  439 04:57:13    -2397.323887        0.213378
MDMin:  440 04:57:15    -2397.323972        0.216306
MDMin:  441 04:57:18    -2397.324065        0.219248
MDMin:  442 04:57:19    -2397.324165        0.222133
MDMin:  443 04:57:21    -2397.324272        0.224877
MDMin:  444 04:57:23    -2397.324387        0.227390
MDMin:  445 04:57:25    -2397.324510        0.229574
MDMin:  446 04:57:27    -2397.324641        0.231330
MDMin:  447 04:57:29    -2397.324779        0.232562
MDMin:  448 04:57:32    -2397.324926        0.233181
MDMin:  449 04:57:34    -2397.325081        0.233121
MDMin:  450 04:57:36    -2397.325241        0.234583
MDMin:  451 04:57:38    -2397.325386        0.328811
MDMin:  452 04:57:40    -2397.325452        0.236622
MDMin:  453 04:57:41    -2397.325490        0.236808
MDMin:  454 04:57:42    -2397.325537        0.236983
MDMin:  455 04:57:43    -2397.325592        0.237111
MDMin:  456 04:57:45    -2397.325655        0.237160
MDMin:  457 04:57:46    -2397.325726        0.237095
MDMin:  458 04:57:48    -2397.325805        0.236877
MDMin:  459 04:57:50    -2397.325893        0.236468
MDMin:  460 04:57:52    -2397.325988        0.235829
MDMin:  461 04:57:54    -2397.326093        0.234925
MDMin:  462 04:57:56    -2397.326205        0.233721
MDMin:  463 04:57:58    -2397.326327        0.232184
MDMin:  464 04:58:00    -2397.326458        0.230285
MDMin:  465 04:58:02    -2397.326597        0.227995
MDMin:  466 04:58:03    -2397.326746        0.225283
MDMin:  467 04:58:05    -2397.326904        0.230188
MDMin:  468 04:58:07    -2397.327071        0.238005
MDMin:  469 04:58:10    -2397.327245        0.246781
MDMin:  470 04:58:12    -2397.327172        0.266550
MDMin:  471 04:58:14    -2397.327176        0.306089
MDMin:  472 04:58:16    -2397.327176        0.263106
MDMin:  473 04:58:18    -2397.327175        0.265814
MDMin:  474 04:58:20    -2397.327173        0.269013
MDMin:  475 04:58:22    -2397.327170        0.272699
MDMin:  476 04:58:23    -2397.327166        0.276848
MDMin:  477 04:58:25    -2397.327159        0.281411
MDMin:  478 04:58:27    -2397.327151        0.286296
MDMin:  479 04:58:29    -2397.327141        0.291359
MDMin:  480 04:58:31    -2397.327127        0.296382
MDMin:  481 04:58:33    -2397.327110        0.301051
MDMin:  482 04:58:35    -2397.327089        0.304944
MDMin:  483 04:58:37    -2397.327064        0.307519
MDMin:  484 04:58:38    -2397.327035        0.308130
MDMin:  485 04:58:39    -2397.327001        0.306076
MDMin:  486 04:58:41    -2397.326962        0.300652
MDMin:  487 04:58:43    -2397.326918        0.291275
MDMin:  488 04:58:45    -2397.326869        0.277638
MDMin:  489 04:58:47    -2397.326814        0.260080
MDMin:  490 04:58:49    -2397.326762        0.323444
MDMin:  491 04:58:51    -2397.326737        0.233206
MDMin:  492 04:58:53    -2397.326724        0.228860
MDMin:  493 04:58:54    -2397.326708        0.223337
MDMin:  494 04:58:56    -2397.326689        0.216800
MDMin:  495 04:58:57    -2397.326667        0.209250
MDMin:  496 04:58:59    -2397.326641        0.211770
MDMin:  497 04:59:01    -2397.326612        0.214649
MDMin:  498 04:59:03    -2397.326580        0.217169
MDMin:  499 04:59:05    -2397.326544        0.219097
MDMin:  500 04:59:07    -2397.326504        0.220174
MDMin:  501 04:59:09    -2397.326460        0.220126
MDMin:  502 04:59:11    -2397.326412        0.218672
MDMin:  503 04:59:13    -2397.326359        0.215541
MDMin:  504 04:59:15    -2397.326302        0.210490
MDMin:  505 04:59:17    -2397.326240        0.203333
MDMin:  506 04:59:19    -2397.326172        0.193980
MDMin:  507 04:59:21    -2397.326099        0.182488
MDMin:  508 04:59:23    -2397.326022        0.169367
MDMin:  509 04:59:25    -2397.325958        0.333866
MDMin:  510 04:59:27    -2397.325943        0.155590
MDMin:  511 04:59:29    -2397.325921        0.151865
MDMin:  512 04:59:31    -2397.325896        0.147641
