       Step     Time          Energy          fmax
MDMin:    0 05:13:32    -2393.905389        7.118301
MDMin:    1 05:13:35    -2393.909468        7.072453
MDMin:    2 05:13:36    -2393.921627        6.655118
MDMin:    3 05:13:38    -2393.941797        6.906808
MDMin:    4 05:13:40    -2393.970272        6.073029
MDMin:    5 05:13:42    -2394.008111        6.190132
MDMin:    6 05:13:44    -2394.056861        5.148903
MDMin:    7 05:13:46    -2394.118315        4.953670
MDMin:    8 05:13:47    -2394.193703        3.157850
MDMin:    9 05:13:49    -2394.293261        3.913308
MDMin:   10 05:13:51    -2394.410942        2.569411
MDMin:   11 05:13:53    -2394.567302        1.436963
MDMin:   12 05:13:55    -2394.785772        1.603954
MDMin:   13 05:13:57    -2395.041645        2.736288
MDMin:   14 05:13:59    -2395.225220        2.277918
MDMin:   15 05:14:01    -2395.334423        1.763226
MDMin:   16 05:14:03    -2395.445857        1.743148
MDMin:   17 05:14:05    -2395.489457        1.686598
MDMin:   18 05:14:07    -2395.529845        1.707257
MDMin:   19 05:14:09    -2395.567295        1.647727
MDMin:   20 05:14:11    -2395.603194        1.470200
MDMin:   21 05:14:13    -2395.640240        1.275955
MDMin:   22 05:14:15    -2395.682347        1.089797
MDMin:   23 05:14:17    -2395.733917        1.172067
MDMin:   24 05:14:19    -2395.795873        1.774865
MDMin:   25 05:14:20    -2395.836237        2.000676
MDMin:   26 05:14:22    -2395.844960        1.429762
MDMin:   27 05:14:23    -2395.858798        1.266233
MDMin:   28 05:14:24    -2395.878575        1.248758
MDMin:   29 05:14:25    -2395.904137        1.223561
MDMin:   30 05:14:27    -2395.936732        1.194528
MDMin:   31 05:14:29    -2395.978400        1.293544
MDMin:   32 05:14:30    -2396.031990        1.419091
MDMin:   33 05:14:32    -2396.101232        1.571067
MDMin:   34 05:14:33    -2396.190335        1.736485
MDMin:   35 05:14:34    -2396.302349        1.875951
MDMin:   36 05:14:35    -2396.435516        1.921873
MDMin:   37 05:14:37    -2396.579809        1.826360
MDMin:   38 05:14:38    -2396.719705        1.606226
MDMin:   39 05:14:39    -2396.833159        1.306353
MDMin:   40 05:14:40    -2396.882724        0.991624
MDMin:   41 05:14:42    -2396.912397        0.656695
MDMin:   42 05:14:43    -2396.934271        0.360842
MDMin:   43 05:14:44    -2396.954855        0.338984
MDMin:   44 05:14:46    -2396.974091        0.976671
MDMin:   45 05:14:48    -2396.981370        1.422228
MDMin:   46 05:14:50    -2396.981632        1.271002
MDMin:   47 05:14:52    -2396.982439        0.877707
MDMin:   48 05:14:53    -2396.983956        0.427799
MDMin:   49 05:14:55    -2396.986295        0.332160
MDMin:   50 05:14:57    -2396.989213        0.332605
MDMin:   51 05:15:00    -2396.992649        0.333283
MDMin:   52 05:15:02    -2396.996601        0.334262
MDMin:   53 05:15:04    -2397.001071        0.335613
MDMin:   54 05:15:06    -2397.006061        0.337408
MDMin:   55 05:15:08    -2397.011579        0.339724
MDMin:   56 05:15:09    -2397.017634        0.342633
MDMin:   57 05:15:11    -2397.024238        0.346204
MDMin:   58 05:15:12    -2397.031411        0.350498
MDMin:   59 05:15:13    -2397.039173        0.355564
MDMin:   60 05:15:15    -2397.047552        0.361434
MDMin:   61 05:15:17    -2397.056580        0.368107
MDMin:   62 05:15:19    -2397.066291        0.375473
MDMin:   63 05:15:21    -2397.076716        0.383453
MDMin:   64 05:15:23    -2397.087888        0.391944
MDMin:   65 05:15:24    -2397.099833        0.400788
MDMin:   66 05:15:26    -2397.112570        0.409771
MDMin:   67 05:15:27    -2397.126098        0.418617
MDMin:   68 05:15:29    -2397.140344        0.426968
MDMin:   69 05:15:30    -2397.154611        0.540302
MDMin:   70 05:15:32    -2397.164473        0.920991
MDMin:   71 05:15:33    -2397.166552        0.439053
MDMin:   72 05:15:34    -2397.169758        0.440194
MDMin:   73 05:15:36    -2397.173637        0.441489
MDMin:   74 05:15:37    -2397.178144        0.442874
MDMin:   75 05:15:38    -2397.183277        0.444611
MDMin:   76 05:15:39    -2397.189029        0.448290
MDMin:   77 05:15:41    -2397.195392        0.452343
MDMin:   78 05:15:43    -2397.202352        0.456750
MDMin:   79 05:15:44    -2397.209886        0.461456
MDMin:   80 05:15:45    -2397.217970        0.466384
MDMin:   81 05:15:46    -2397.226564        0.471426
MDMin:   82 05:15:48    -2397.235625        0.476445
MDMin:   83 05:15:49    -2397.245095        0.481269
MDMin:   84 05:15:50    -2397.254905        0.489701
MDMin:   85 05:15:52    -2397.264977        0.510678
MDMin:   86 05:15:54    -2397.275221        0.533977
MDMin:   87 05:15:55    -2397.285538        0.559414
MDMin:   88 05:15:57    -2397.295822        0.586305
MDMin:   89 05:15:59    -2397.305941        0.612998
MDMin:   90 05:16:01    -2397.315601        0.636084
MDMin:   91 05:16:03    -2397.323474        0.690876
MDMin:   92 05:16:05    -2397.326804        0.652819
MDMin:   93 05:16:07    -2397.329130        0.653837
MDMin:   94 05:16:09    -2397.331782        0.653782
MDMin:   95 05:16:11    -2397.334754        0.651992
MDMin:   96 05:16:13    -2397.338020        0.647686
MDMin:   97 05:16:15    -2397.341556        0.640030
MDMin:   98 05:16:17    -2397.345336        0.628237
MDMin:   99 05:16:19    -2397.349338        0.611700
MDMin:  100 05:16:21    -2397.353539        0.590149
MDMin:  101 05:16:23    -2397.357921        0.563783
MDMin:  102 05:16:25    -2397.362467        0.533311
MDMin:  103 05:16:26    -2397.367164        0.499889
MDMin:  104 05:16:27    -2397.372001        0.464936
MDMin:  105 05:16:29    -2397.374402        0.760975
MDMin:  106 05:16:30    -2397.374675        0.751435
MDMin:  107 05:16:31    -2397.374979        0.730458
MDMin:  108 05:16:33    -2397.375329        0.673159
MDMin:  109 05:16:35    -2397.375739        0.556625
MDMin:  110 05:16:37    -2397.375596        0.414970
MDMin:  111 05:16:39    -2397.375864        0.372757
MDMin:  112 05:16:41    -2397.376320        0.359018
MDMin:  113 05:16:43    -2397.375735        0.368872
MDMin:  114 05:16:44    -2397.376263        0.331473
MDMin:  115 05:16:46    -2397.377073        0.326255
MDMin:  116 05:16:48    -2397.377037        0.318799
MDMin:  117 05:16:50    -2397.377502        0.326951
MDMin:  118 05:16:52    -2397.377865        0.301815
MDMin:  119 05:16:54    -2397.377908        0.325913
MDMin:  120 05:16:56    -2397.378341        0.309579
MDMin:  121 05:16:58    -2397.378658        0.284440
MDMin:  122 05:17:00    -2397.378685        0.317614
MDMin:  123 05:17:01    -2397.379130        0.299974
MDMin:  124 05:17:03    -2397.379630        0.291546
MDMin:  125 05:17:05    -2397.379929        0.271810
MDMin:  126 05:17:07    -2397.380004        0.303867
MDMin:  127 05:17:09    -2397.380514        0.284206
MDMin:  128 05:17:11    -2397.381088        0.283953
MDMin:  129 05:17:14    -2397.381636        0.290152
MDMin:  130 05:17:16    -2397.382257        0.298193
MDMin:  131 05:17:17    -2397.382837        0.308648
MDMin:  132 05:17:19    -2397.383470        0.321728
MDMin:  133 05:17:21    -2397.383958        0.336890
MDMin:  134 05:17:22    -2397.384525        0.351386
MDMin:  135 05:17:24    -2397.385040        0.361299
MDMin:  136 05:17:26    -2397.385732        0.364531
MDMin:  137 05:17:28    -2397.386186        0.360373
MDMin:  138 05:17:30    -2397.386637        0.346154
MDMin:  139 05:17:31    -2397.387089        0.318973
MDMin:  140 05:17:33    -2397.387589        0.304614
MDMin:  141 05:17:34    -2397.388120        0.305370
MDMin:  142 05:17:35    -2397.388694        0.303592
MDMin:  143 05:17:37    -2397.389277        0.299853
MDMin:  144 05:17:39    -2397.389861        0.295395
MDMin:  145 05:17:41    -2397.390376        0.291358
MDMin:  146 05:17:43    -2397.390820        0.288171
MDMin:  147 05:17:44    -2397.391215        0.285492
MDMin:  148 05:17:46    -2397.391619        0.282967
MDMin:  149 05:17:48    -2397.392050        0.280463
MDMin:  150 05:17:50    -2397.392516        0.277944
MDMin:  151 05:17:51    -2397.393019        0.275389
MDMin:  152 05:17:52    -2397.393558        0.272771
MDMin:  153 05:17:54    -2397.394129        0.274802
MDMin:  154 05:17:55    -2397.394722        0.279987
MDMin:  155 05:17:57    -2397.395314        0.285559
MDMin:  156 05:17:58    -2397.395867        0.291106
MDMin:  157 05:17:59    -2397.396339        0.296137
MDMin:  158 05:18:00    -2397.396750        0.300739
MDMin:  159 05:18:01    -2397.397154        0.305498
MDMin:  160 05:18:03    -2397.397582        0.310794
MDMin:  161 05:18:04    -2397.398042        0.316849
MDMin:  162 05:18:05    -2397.398539        0.323802
MDMin:  163 05:18:06    -2397.399071        0.331767
MDMin:  164 05:18:08    -2397.399637        0.340820
MDMin:  165 05:18:09    -2397.400230        0.350964
MDMin:  166 05:18:10    -2397.400836        0.362013
MDMin:  167 05:18:11    -2397.401425        0.373402
MDMin:  168 05:18:12    -2397.401957        0.384170
MDMin:  169 05:18:14    -2397.402415        0.393739
MDMin:  170 05:18:15    -2397.402833        0.402701
MDMin:  171 05:18:16    -2397.403257        0.411937
MDMin:  172 05:18:17    -2397.403706        0.421821
MDMin:  173 05:18:18    -2397.404187        0.432403
MDMin:  174 05:18:20    -2397.404702        0.443542
MDMin:  175 05:18:21    -2397.405250        0.454935
MDMin:  176 05:18:23    -2397.405827        0.466107
MDMin:  177 05:18:24    -2397.406426        0.476397
MDMin:  178 05:18:25    -2397.407033        0.484999
MDMin:  179 05:18:26    -2397.407618        0.491137
MDMin:  180 05:18:28    -2397.408149        0.494506
MDMin:  181 05:18:29    -2397.408429        0.495545
MDMin:  182 05:18:31    -2397.408237        0.494985
MDMin:  183 05:18:33    -2397.408675        0.493213
MDMin:  184 05:18:34    -2397.409111        0.489857
MDMin:  185 05:18:36    -2397.409574        0.484417
MDMin:  186 05:18:38    -2397.410083        0.476403
MDMin:  187 05:18:40    -2397.410371        0.465350
MDMin:  188 05:18:41    -2397.410079        0.452952
MDMin:  189 05:18:43    -2397.410635        0.456195
MDMin:  190 05:18:44    -2397.411248        0.472767
MDMin:  191 05:18:45    -2397.411802        0.490732
MDMin:  192 05:18:47    -2397.412402        0.509957
MDMin:  193 05:18:49    -2397.412038        0.527827
MDMin:  194 05:18:51    -2397.412625        0.545823
MDMin:  195 05:18:52    -2397.413262        0.564448
MDMin:  196 05:18:54    -2397.413895        0.582969
MDMin:  197 05:18:55    -2397.414441        0.599952
MDMin:  198 05:18:57    -2397.414079        0.612297
MDMin:  199 05:18:59    -2397.414694        0.620743
MDMin:  200 05:19:01    -2397.415360        0.625040
MDMin:  201 05:19:03    -2397.415764        0.624863
MDMin:  202 05:19:05    -2397.415500        0.621875
MDMin:  203 05:19:06    -2397.416118        0.617594
MDMin:  204 05:19:08    -2397.416616        0.611701
MDMin:  205 05:19:10    -2397.416288        0.605711
MDMin:  206 05:19:11    -2397.416722        0.599224
MDMin:  207 05:19:13    -2397.417173        0.591730
MDMin:  208 05:19:15    -2397.417639        0.583481
MDMin:  209 05:19:16    -2397.417242        0.576619
MDMin:  210 05:19:17    -2397.417726        0.570364
MDMin:  211 05:19:19    -2397.418212        0.564211
MDMin:  212 05:19:20    -2397.418711        0.558480
MDMin:  213 05:19:21    -2397.419067        0.553582
MDMin:  214 05:19:23    -2397.418787        0.550535
MDMin:  215 05:19:25    -2397.419292        0.548599
MDMin:  216 05:19:27    -2397.419828        0.547602
MDMin:  217 05:19:29    -2397.420317        0.547685
MDMin:  218 05:19:31    -2397.419825        0.548595
MDMin:  219 05:19:33    -2397.420379        0.550049
MDMin:  220 05:19:34    -2397.420924        0.552052
MDMin:  221 05:19:36    -2397.421438        0.554479
MDMin:  222 05:19:38    -2397.421947        0.557021
MDMin:  223 05:19:40    -2397.421552        0.558812
MDMin:  224 05:19:42    -2397.422052        0.559866
MDMin:  225 05:19:43    -2397.422603        0.559831
MDMin:  226 05:19:45    -2397.423151        0.557981
MDMin:  227 05:19:46    -2397.423755        0.553424
MDMin:  228 05:19:47    -2397.424313        0.545167
MDMin:  229 05:19:49    -2397.423471        0.535056
MDMin:  230 05:19:51    -2397.424062        0.523390
MDMin:  231 05:19:52    -2397.424759        0.509626
MDMin:  232 05:19:54    -2397.425282        0.497659
MDMin:  233 05:19:56    -2397.425871        0.504367
MDMin:  234 05:19:58    -2397.426363        0.510958
MDMin:  235 05:19:59    -2397.426919        0.517297
MDMin:  236 05:20:01    -2397.427337        0.523340
MDMin:  237 05:20:03    -2397.427826        0.529009
MDMin:  238 05:20:05    -2397.428140        0.534348
MDMin:  239 05:20:07    -2397.428769        0.539389
MDMin:  240 05:20:09    -2397.429188        0.544377
MDMin:  241 05:20:11    -2397.429019        0.548891
MDMin:  242 05:20:12    -2397.429850        0.553473
MDMin:  243 05:20:13    -2397.430418        0.558855
MDMin:  244 05:20:15    -2397.430675        0.565487
MDMin:  245 05:20:17    -2397.430329        0.572643
MDMin:  246 05:20:19    -2397.430906        0.580617
MDMin:  247 05:20:21    -2397.431492        0.589708
MDMin:  248 05:20:23    -2397.432020        0.599913
MDMin:  249 05:20:25    -2397.432361        0.610659
MDMin:  250 05:20:27    -2397.432144        0.619901
MDMin:  251 05:20:29    -2397.432722        0.627275
MDMin:  252 05:20:31    -2397.433359        0.631374
MDMin:  253 05:20:33    -2397.433929        0.630391
MDMin:  254 05:20:34    -2397.434261        0.622761
MDMin:  255 05:20:36    -2397.434228        0.609650
MDMin:  256 05:20:38    -2397.434924        0.590930
MDMin:  257 05:20:39    -2397.435642        0.566591
MDMin:  258 05:20:41    -2397.436226        0.538132
MDMin:  259 05:20:43    -2397.435790        0.517514
MDMin:  260 05:20:45    -2397.436335        0.519239
MDMin:  261 05:20:47    -2397.436358        0.520364
MDMin:  262 05:20:48    -2397.436640        0.520833
MDMin:  263 05:20:49    -2397.436713        0.521194
MDMin:  264 05:20:51    -2397.436727        0.521388
MDMin:  265 05:20:53    -2397.436946        0.521431
MDMin:  266 05:20:55    -2397.436789        0.521368
MDMin:  267 05:20:56    -2397.436980        0.521161
MDMin:  268 05:20:58    -2397.436987        0.520836
MDMin:  269 05:21:00    -2397.437006        0.520384
MDMin:  270 05:21:01    -2397.437176        0.519843
MDMin:  271 05:21:03    -2397.437006        0.519059
MDMin:  272 05:21:04    -2397.437178        0.518088
MDMin:  273 05:21:06    -2397.437199        0.517018
MDMin:  274 05:21:08    -2397.437179        0.515767
MDMin:  275 05:21:10    -2397.437328        0.514427
MDMin:  276 05:21:12    -2397.437209        0.512621
MDMin:  277 05:21:14    -2397.437313        0.510561
MDMin:  278 05:21:15    -2397.437398        0.508412
MDMin:  279 05:21:17    -2397.437302        0.506017
MDMin:  280 05:21:19    -2397.437440        0.503532
MDMin:  281 05:21:21    -2397.437420        0.500299
MDMin:  282 05:21:23    -2397.437415        0.496751
MDMin:  283 05:21:25    -2397.437557        0.493142
MDMin:  284 05:21:27    -2397.437464        0.488538
MDMin:  285 05:21:29    -2397.437524        0.483593
MDMin:  286 05:21:31    -2397.437667        0.478639
MDMin:  287 05:21:32    -2397.437498        0.473382
MDMin:  288 05:21:34    -2397.437630        0.468097
MDMin:  289 05:21:36    -2397.437736        0.461487
MDMin:  290 05:21:38    -2397.437591        0.454552
MDMin:  291 05:21:40    -2397.437727        0.447694
MDMin:  292 05:21:42    -2397.437830        0.439282
MDMin:  293 05:21:44    -2397.437680        0.430633
MDMin:  294 05:21:46    -2397.437818        0.422210
MDMin:  295 05:21:48    -2397.437954        0.412076
MDMin:  296 05:21:50    -2397.437765        0.401871
MDMin:  297 05:21:52    -2397.437904        0.401926
MDMin:  298 05:21:53    -2397.438051        0.404164
MDMin:  299 05:21:55    -2397.438014        0.406647
MDMin:  300 05:21:57    -2397.437978        0.408914
MDMin:  301 05:21:59    -2397.438126        0.410933
MDMin:  302 05:22:01    -2397.438258        0.413178
MDMin:  303 05:22:03    -2397.438053        0.415267
MDMin:  304 05:22:04    -2397.438196        0.417175
MDMin:  305 05:22:06    -2397.438344        0.419334
MDMin:  306 05:22:07    -2397.438480        0.421772
MDMin:  307 05:22:08    -2397.438253        0.424049
MDMin:  308 05:22:10    -2397.438401        0.426161
MDMin:  309 05:22:12    -2397.438551        0.428571
MDMin:  310 05:22:14    -2397.438712        0.431330
MDMin:  311 05:22:16    -2397.438882        0.434472
MDMin:  312 05:22:17    -2397.438919        0.438044
MDMin:  313 05:22:19    -2397.438737        0.441388
MDMin:  314 05:22:21    -2397.438906        0.444524
MDMin:  315 05:22:24    -2397.439065        0.447994
MDMin:  316 05:22:26    -2397.439230        0.451861
MDMin:  317 05:22:27    -2397.439398        0.456111
MDMin:  318 05:22:29    -2397.439571        0.460738
MDMin:  319 05:22:31    -2397.439745        0.465634
MDMin:  320 05:22:33    -2397.439917        0.470671
MDMin:  321 05:22:35    -2397.440080        0.475516
MDMin:  322 05:22:37    -2397.440226        0.479846
MDMin:  323 05:22:39    -2397.440347        0.483423
MDMin:  324 05:22:41    -2397.440456        0.486587
MDMin:  325 05:22:42    -2397.440562        0.489663
MDMin:  326 05:22:44    -2397.440672        0.492852
MDMin:  327 05:22:46    -2397.440787        0.499707
MDMin:  328 05:22:48    -2397.440908        0.511538
MDMin:  329 05:22:49    -2397.441033        0.524938
MDMin:  330 05:22:51    -2397.441009        0.539506
MDMin:  331 05:22:52    -2397.440766        0.553846
MDMin:  332 05:22:54    -2397.440943        0.566642
MDMin:  333 05:22:56    -2397.440923        0.576129
MDMin:  334 05:22:57    -2397.440777        0.581023
MDMin:  335 05:22:58    -2397.440922        0.581651
MDMin:  336 05:23:00    -2397.440900        0.578703
MDMin:  337 05:23:02    -2397.440798        0.572429
MDMin:  338 05:23:04    -2397.440934        0.562623
MDMin:  339 05:23:06    -2397.440872        0.549081
MDMin:  340 05:23:08    -2397.440789        0.535216
MDMin:  341 05:23:10    -2397.440930        0.536437
MDMin:  342 05:23:11    -2397.440668        0.536744
MDMin:  343 05:23:13    -2397.440837        0.535834
MDMin:  344 05:23:14    -2397.440942        0.533490
MDMin:  345 05:23:16    -2397.440721        0.529821
MDMin:  346 05:23:17    -2397.440845        0.525172
MDMin:  347 05:23:19    -2397.440944        0.519614
MDMin:  348 05:23:21    -2397.440946        0.512919
MDMin:  349 05:23:23    -2397.440815        0.504775
MDMin:  350 05:23:25    -2397.440917        0.494790
MDMin:  351 05:23:27    -2397.440990        0.482532
MDMin:  352 05:23:29    -2397.440758        0.468013
MDMin:  353 05:23:31    -2397.440865        0.451066
MDMin:  354 05:23:33    -2397.440954        0.432052
MDMin:  355 05:23:35    -2397.441027        0.411834
MDMin:  356 05:23:37    -2397.441005        0.416600
MDMin:  357 05:23:39    -2397.440860        0.420674
MDMin:  358 05:23:41    -2397.440912        0.423385
MDMin:  359 05:23:43    -2397.440952        0.425176
MDMin:  360 05:23:45    -2397.440987        0.426060
MDMin:  361 05:23:47    -2397.441017        0.425922
MDMin:  362 05:23:49    -2397.441041        0.424589
MDMin:  363 05:23:50    -2397.441057        0.421926
MDMin:  364 05:23:52    -2397.441062        0.417926
MDMin:  365 05:23:54    -2397.440783        0.412847
MDMin:  366 05:23:56    -2397.440801        0.407194
MDMin:  367 05:23:58    -2397.440804        0.401457
MDMin:  368 05:24:00    -2397.440800        0.395836
MDMin:  369 05:24:02    -2397.440791        0.389967
MDMin:  370 05:24:04    -2397.440777        0.383634
MDMin:  371 05:24:06    -2397.440757        0.376658
MDMin:  372 05:24:08    -2397.440730        0.369058
MDMin:  373 05:24:09    -2397.440695        0.360853
MDMin:  374 05:24:11    -2397.440654        0.352251
MDMin:  375 05:24:13    -2397.440605        0.343499
MDMin:  376 05:24:15    -2397.440553        0.335155
MDMin:  377 05:24:17    -2397.440501        0.330555
MDMin:  378 05:24:19    -2397.440452        0.330710
MDMin:  379 05:24:21    -2397.440403        0.331010
MDMin:  380 05:24:23    -2397.440350        0.331474
MDMin:  381 05:24:25    -2397.440292        0.333890
MDMin:  382 05:24:26    -2397.440227        0.336788
MDMin:  383 05:24:28    -2397.440155        0.339634
MDMin:  384 05:24:30    -2397.440076        0.342287
MDMin:  385 05:24:32    -2397.439992        0.344593
MDMin:  386 05:24:34    -2397.439904        0.346370
MDMin:  387 05:24:36    -2397.439818        0.347510
MDMin:  388 05:24:38    -2397.439739        0.348030
MDMin:  389 05:24:40    -2397.439667        0.348083
MDMin:  390 05:24:42    -2397.439597        0.349117
MDMin:  391 05:24:44    -2397.439523        0.351670
MDMin:  392 05:24:45    -2397.439444        0.354582
MDMin:  393 05:24:47    -2397.439358        0.357950
MDMin:  394 05:24:48    -2397.439267        0.361843
MDMin:  395 05:24:50    -2397.439170        0.366340
MDMin:  396 05:24:51    -2397.439068        0.371466
MDMin:  397 05:24:53    -2397.438966        0.377174
MDMin:  398 05:24:54    -2397.438869        0.383194
MDMin:  399 05:24:57    -2397.438782        0.389189
MDMin:  400 05:24:58    -2397.438703        0.395088
MDMin:  401 05:25:01    -2397.438627        0.401328
MDMin:  402 05:25:03    -2397.438549        0.408349
MDMin:  403 05:25:05    -2397.438467        0.416502
MDMin:  404 05:25:07    -2397.438380        0.426021
MDMin:  405 05:25:09    -2397.438289        0.437088
MDMin:  406 05:25:11    -2397.438193        0.449734
MDMin:  407 05:25:12    -2397.438095        0.463774
MDMin:  408 05:25:14    -2397.437997        0.478592
MDMin:  409 05:25:16    -2397.437902        0.493112
MDMin:  410 05:25:18    -2397.437815        0.506018
MDMin:  411 05:25:19    -2397.437737        0.516616
MDMin:  412 05:25:21    -2397.437664        0.525039
MDMin:  413 05:25:23    -2397.437593        0.531494
MDMin:  414 05:25:25    -2397.437519        0.535657
MDMin:  415 05:25:27    -2397.437442        0.536842
MDMin:  416 05:25:29    -2397.437362        0.534237
MDMin:  417 05:25:31    -2397.437278        0.527235
MDMin:  418 05:25:33    -2397.437192        0.515750
MDMin:  419 05:25:35    -2397.437106        0.500472
MDMin:  420 05:25:36    -2397.437023        0.483171
MDMin:  421 05:25:37    -2397.436950        0.466220
MDMin:  422 05:25:38    -2397.436885        0.450936
MDMin:  423 05:25:40    -2397.436826        0.436651
MDMin:  424 05:25:41    -2397.436767        0.422360
MDMin:  425 05:25:42    -2397.436704        0.407669
MDMin:  426 05:25:44    -2397.436638        0.392596
MDMin:  427 05:25:45    -2397.436568        0.377339
MDMin:  428 05:25:47    -2397.436495        0.362193
MDMin:  429 05:25:49    -2397.436421        0.347579
MDMin:  430 05:25:50    -2397.436350        0.334107
MDMin:  431 05:25:52    -2397.436285        0.322552
MDMin:  432 05:25:53    -2397.436231        0.313197
MDMin:  433 05:25:55    -2397.436182        0.305192
MDMin:  434 05:25:56    -2397.436134        0.297550
MDMin:  435 05:25:57    -2397.436083        0.289869
MDMin:  436 05:25:59    -2397.436030        0.282090
MDMin:  437 05:26:00    -2397.435973        0.274283
MDMin:  438 05:26:01    -2397.435913        0.266588
MDMin:  439 05:26:03    -2397.435852        0.259204
MDMin:  440 05:26:05    -2397.435791        0.252412
MDMin:  441 05:26:07    -2397.435734        0.246586
MDMin:  442 05:26:09    -2397.435685        0.242022
MDMin:  443 05:26:11    -2397.435644        0.238524
MDMin:  444 05:26:13    -2397.435606        0.235528
MDMin:  445 05:26:15    -2397.435567        0.232737
MDMin:  446 05:26:17    -2397.435526        0.230107
MDMin:  447 05:26:19    -2397.435482        0.227693
MDMin:  448 05:26:21    -2397.435436        0.225581
MDMin:  449 05:26:22    -2397.435388        0.223872
MDMin:  450 05:26:24    -2397.435339        0.222662
MDMin:  451 05:26:26    -2397.435290        0.224650
MDMin:  452 05:26:28    -2397.435245        0.227495
MDMin:  453 05:26:30    -2397.435206        0.229974
MDMin:  454 05:26:32    -2397.435173        0.232055
MDMin:  455 05:26:34    -2397.435144        0.233997
MDMin:  456 05:26:36    -2397.435114        0.236008
MDMin:  457 05:26:38    -2397.435082        0.238165
MDMin:  458 05:26:39    -2397.435048        0.240490
MDMin:  459 05:26:41    -2397.435013        0.242986
MDMin:  460 05:26:43    -2397.434977        0.245647
MDMin:  461 05:26:44    -2397.434939        0.248449
MDMin:  462 05:26:45    -2397.434901        0.251343
MDMin:  463 05:26:47    -2397.434865        0.254224
MDMin:  464 05:26:49    -2397.434832        0.256904
MDMin:  465 05:26:51    -2397.434805        0.259216
MDMin:  466 05:26:53    -2397.434782        0.261266
MDMin:  467 05:26:55    -2397.434760        0.263312
MDMin:  468 05:26:57    -2397.434736        0.265496
MDMin:  469 05:26:59    -2397.434712        0.267881
MDMin:  470 05:27:01    -2397.434687        0.271556
MDMin:  471 05:27:03    -2397.434660        0.276081
MDMin:  472 05:27:05    -2397.434633        0.280762
MDMin:  473 05:27:06    -2397.434605        0.285464
MDMin:  474 05:27:09    -2397.434578        0.289976
MDMin:  475 05:27:11    -2397.434551        0.294036
MDMin:  476 05:27:12    -2397.434528        0.297360
MDMin:  477 05:27:14    -2397.434508        0.299889
MDMin:  478 05:27:16    -2397.434491        0.301854
MDMin:  479 05:27:19    -2397.434474        0.303512
MDMin:  480 05:27:21    -2397.434457        0.304922
MDMin:  481 05:27:22    -2397.434439        0.306281
MDMin:  482 05:27:24    -2397.434420        0.310181
MDMin:  483 05:27:26    -2397.434401        0.314458
MDMin:  484 05:27:28    -2397.434381        0.319088
MDMin:  485 05:27:30    -2397.434361        0.324029
MDMin:  486 05:27:32    -2397.434341        0.329147
MDMin:  487 05:27:34    -2397.434321        0.334235
MDMin:  488 05:27:35    -2397.434304        0.338950
MDMin:  489 05:27:37    -2397.434289        0.343107
MDMin:  490 05:27:38    -2397.434275        0.346794
MDMin:  491 05:27:40    -2397.434262        0.350324
MDMin:  492 05:27:42    -2397.434249        0.353830
MDMin:  493 05:27:44    -2397.434236        0.357343
MDMin:  494 05:27:45    -2397.434221        0.360782
MDMin:  495 05:27:47    -2397.434206        0.364042
MDMin:  496 05:27:48    -2397.434191        0.366953
MDMin:  497 05:27:50    -2397.434175        0.369335
MDMin:  498 05:27:52    -2397.434160        0.370976
MDMin:  499 05:27:54    -2397.434144        0.371722
MDMin:  500 05:27:56    -2397.434130        0.371538
MDMin:  501 05:27:58    -2397.434118        0.370565
MDMin:  502 05:28:00    -2397.434106        0.368964
MDMin:  503 05:28:02    -2397.434095        0.366695
MDMin:  504 05:28:03    -2397.434084        0.363623
MDMin:  505 05:28:05    -2397.434072        0.359536
MDMin:  506 05:28:07    -2397.434060        0.354266
MDMin:  507 05:28:08    -2397.434047        0.359248
MDMin:  508 05:28:10    -2397.434033        0.364524
MDMin:  509 05:28:11    -2397.434019        0.368553
MDMin:  510 05:28:13    -2397.434005        0.370966
MDMin:  511 05:28:15    -2397.433992        0.371633
MDMin:  512 05:28:16    -2397.433979        0.370733
MDMin:  513 05:28:18    -2397.433969        0.368696
MDMin:  514 05:28:20    -2397.433958        0.365744
MDMin:  515 05:28:21    -2397.433948        0.361759
MDMin:  516 05:28:22    -2397.433937        0.356572
MDMin:  517 05:28:24    -2397.433925        0.349959
MDMin:  518 05:28:25    -2397.433913        0.341808
MDMin:  519 05:28:27    -2397.433900        0.335924
MDMin:  520 05:28:29    -2397.433886        0.337340
MDMin:  521 05:28:31    -2397.433873        0.338834
MDMin:  522 05:28:33    -2397.433861        0.340410
MDMin:  523 05:28:35    -2397.433850        0.342060
MDMin:  524 05:28:36    -2397.433841        0.343827
MDMin:  525 05:28:38    -2397.433831        0.345934
MDMin:  526 05:28:39    -2397.433821        0.348591
MDMin:  527 05:28:41    -2397.433811        0.352043
MDMin:  528 05:28:43    -2397.433800        0.356513
MDMin:  529 05:28:45    -2397.433789        0.362262
MDMin:  530 05:28:47    -2397.433778        0.369463
MDMin:  531 05:28:49    -2397.433766        0.378167
MDMin:  532 05:28:51    -2397.433756        0.387946
MDMin:  533 05:28:53    -2397.433746        0.397988
MDMin:  534 05:28:54    -2397.433738        0.407494
MDMin:  535 05:28:56    -2397.433730        0.416790
MDMin:  536 05:28:58    -2397.433723        0.426406
MDMin:  537 05:28:59    -2397.433716        0.436599
MDMin:  538 05:29:01    -2397.433709        0.447130
MDMin:  539 05:29:03    -2397.433702        0.457458
MDMin:  540 05:29:05    -2397.433694        0.466642
MDMin:  541 05:29:07    -2397.433687        0.473475
MDMin:  542 05:29:09    -2397.433681        0.476612
MDMin:  543 05:29:10    -2397.433675        0.475162
MDMin:  544 05:29:11    -2397.433670        0.469409
MDMin:  545 05:29:13    -2397.433666        0.461052
MDMin:  546 05:29:14    -2397.433663        0.451427
MDMin:  547 05:29:16    -2397.433661        0.440281
MDMin:  548 05:29:18    -2397.433659        0.427117
MDMin:  549 05:29:20    -2397.433657        0.411710
MDMin:  550 05:29:22    -2397.433656        0.394224
MDMin:  551 05:29:23    -2397.433655        0.375119
MDMin:  552 05:29:25    -2397.433655        0.355251
MDMin:  553 05:29:27    -2397.433657        0.335868
MDMin:  554 05:29:29    -2397.433659        0.318763
MDMin:  555 05:29:31    -2397.433661        0.305341
MDMin:  556 05:29:32    -2397.433664        0.294742
MDMin:  557 05:29:34    -2397.433666        0.284899
MDMin:  558 05:29:36    -2397.433670        0.274966
MDMin:  559 05:29:37    -2397.433675        0.264802
MDMin:  560 05:29:40    -2397.433681        0.254496
MDMin:  561 05:29:41    -2397.433688        0.244208
MDMin:  562 05:29:43    -2397.433696        0.234167
MDMin:  563 05:29:45    -2397.433706        0.224710
MDMin:  564 05:29:47    -2397.433717        0.216418
MDMin:  565 05:29:49    -2397.433728        0.210025
MDMin:  566 05:29:51    -2397.433736        0.205447
MDMin:  567 05:29:52    -2397.433744        0.201505
MDMin:  568 05:29:54    -2397.433754        0.197612
MDMin:  569 05:29:56    -2397.433764        0.193683
MDMin:  570 05:29:58    -2397.433777        0.189768
MDMin:  571 05:30:00    -2397.433791        0.185954
MDMin:  572 05:30:02    -2397.433807        0.182345
MDMin:  573 05:30:04    -2397.433826        0.179059
MDMin:  574 05:30:05    -2397.433846        0.176232
MDMin:  575 05:30:07    -2397.433867        0.174020
MDMin:  576 05:30:08    -2397.433886        0.172547
MDMin:  577 05:30:09    -2397.433901        0.171709
MDMin:  578 05:30:11    -2397.433915        0.171172
MDMin:  579 05:30:13    -2397.433929        0.170799
MDMin:  580 05:30:14    -2397.433945        0.170608
MDMin:  581 05:30:17    -2397.433963        0.170658
MDMin:  582 05:30:19    -2397.433984        0.171018
MDMin:  583 05:30:20    -2397.434007        0.171764
MDMin:  584 05:30:22    -2397.434032        0.172975
MDMin:  585 05:30:24    -2397.434059        0.174721
MDMin:  586 05:30:26    -2397.434088        0.177038
MDMin:  587 05:30:27    -2397.434117        0.179835
MDMin:  588 05:30:28    -2397.434144        0.182726
MDMin:  589 05:30:30    -2397.434165        0.185205
MDMin:  590 05:30:31    -2397.434183        0.187493
MDMin:  591 05:30:32    -2397.434201        0.190028
MDMin:  592 05:30:35    -2397.434222        0.192994
MDMin:  593 05:30:36    -2397.434244        0.196481
MDMin:  594 05:30:38    -2397.434269        0.200562
MDMin:  595 05:30:40    -2397.434296        0.205302
MDMin:  596 05:30:42    -2397.434325        0.210761
MDMin:  597 05:30:44    -2397.434356        0.216978
MDMin:  598 05:30:45    -2397.434390        0.223947
MDMin:  599 05:30:47    -2397.434424        0.231533
MDMin:  600 05:30:49    -2397.434457        0.239319
MDMin:  601 05:30:50    -2397.434487        0.246454
MDMin:  602 05:30:52    -2397.434510        0.252371
MDMin:  603 05:30:54    -2397.434532        0.257753
MDMin:  604 05:30:56    -2397.434553        0.263372
MDMin:  605 05:30:58    -2397.434577        0.269498
MDMin:  606 05:30:59    -2397.434602        0.276190
MDMin:  607 05:31:01    -2397.434630        0.283430
MDMin:  608 05:31:03    -2397.434659        0.291158
MDMin:  609 05:31:05    -2397.434691        0.299263
MDMin:  610 05:31:07    -2397.434724        0.307585
MDMin:  611 05:31:09    -2397.434759        0.315888
MDMin:  612 05:31:11    -2397.434794        0.323851
MDMin:  613 05:31:12    -2397.434829        0.331026
MDMin:  614 05:31:15    -2397.434862        0.336924
MDMin:  615 05:31:17    -2397.434889        0.341356
MDMin:  616 05:31:19    -2397.434914        0.344762
MDMin:  617 05:31:21    -2397.434938        0.347649
MDMin:  618 05:31:23    -2397.434963        0.350170
MDMin:  619 05:31:25    -2397.434991        0.352268
MDMin:  620 05:31:26    -2397.435020        0.353818
MDMin:  621 05:31:28    -2397.435052        0.354667
MDMin:  622 05:31:29    -2397.435086        0.354668
MDMin:  623 05:31:30    -2397.435122        0.353694
MDMin:  624 05:31:33    -2397.435159        0.351664
MDMin:  625 05:31:35    -2397.435198        0.348606
MDMin:  626 05:31:36    -2397.435235        0.344736
MDMin:  627 05:31:39    -2397.435269        0.340481
MDMin:  628 05:31:40    -2397.435299        0.336162
MDMin:  629 05:31:42    -2397.435328        0.332070
MDMin:  630 05:31:43    -2397.435357        0.348229
MDMin:  631 05:31:45    -2397.435389        0.365147
MDMin:  632 05:31:47    -2397.435422        0.382963
MDMin:  633 05:31:49    -2397.435459        0.401572
MDMin:  634 05:31:50    -2397.435498        0.420708
MDMin:  635 05:31:52    -2397.435539        0.439942
MDMin:  636 05:31:54    -2397.435583        0.458670
MDMin:  637 05:31:56    -2397.435629        0.476078
MDMin:  638 05:31:58    -2397.435676        0.491193
MDMin:  639 05:31:59    -2397.435720        0.503155
MDMin:  640 05:32:01    -2397.435761        0.511811
MDMin:  641 05:32:03    -2397.435799        0.517887
MDMin:  642 05:32:05    -2397.435836        0.522150
MDMin:  643 05:32:06    -2397.435876        0.524813
MDMin:  644 05:32:08    -2397.435919        0.525699
MDMin:  645 05:32:09    -2397.435965        0.524471
MDMin:  646 05:32:12    -2397.436015        0.520777
MDMin:  647 05:32:13    -2397.436069        0.514371
MDMin:  648 05:32:15    -2397.436126        0.505257
MDMin:  649 05:32:17    -2397.436183        0.493896
MDMin:  650 05:32:19    -2397.436240        0.481385
MDMin:  651 05:32:21    -2397.436291        0.469075
MDMin:  652 05:32:22    -2397.436338        0.457395
MDMin:  653 05:32:23    -2397.436384        0.445711
MDMin:  654 05:32:24    -2397.436432        0.433400
MDMin:  655 05:32:27    -2397.436485        0.420226
MDMin:  656 05:32:28    -2397.436542        0.406206
MDMin:  657 05:32:30    -2397.436604        0.391529
MDMin:  658 05:32:32    -2397.436671        0.376546
MDMin:  659 05:32:33    -2397.436740        0.361816
MDMin:  660 05:32:34    -2397.436809        0.348157
MDMin:  661 05:32:36    -2397.436873        0.336458
MDMin:  662 05:32:38    -2397.436929        0.326886
MDMin:  663 05:32:40    -2397.436982        0.318520
MDMin:  664 05:32:42    -2397.437036        0.310454
MDMin:  665 05:32:44    -2397.437094        0.302335
MDMin:  666 05:32:45    -2397.437157        0.294107
MDMin:  667 05:32:47    -2397.437225        0.285824
MDMin:  668 05:32:49    -2397.437299        0.277595
MDMin:  669 05:32:51    -2397.437377        0.269579
MDMin:  670 05:32:52    -2397.437457        0.264048
MDMin:  671 05:32:54    -2397.437534        0.260314
MDMin:  672 05:32:56    -2397.437602        0.257058
MDMin:  673 05:32:58    -2397.437661        0.254274
MDMin:  674 05:33:00    -2397.437719        0.251645
MDMin:  675 05:33:02    -2397.437778        0.248950
MDMin:  676 05:33:04    -2397.437717        0.246111
MDMin:  677 05:33:06    -2397.437679        0.243112
MDMin:  678 05:33:08    -2397.437637        0.239971
MDMin:  679 05:33:10    -2397.437594        0.236723
MDMin:  680 05:33:11    -2397.437548        0.233432
MDMin:  681 05:33:13    -2397.437502        0.232429
MDMin:  682 05:33:15    -2397.437458        0.231989
MDMin:  683 05:33:17    -2397.437419        0.236134
MDMin:  684 05:33:18    -2397.437386        0.239989
MDMin:  685 05:33:19    -2397.437356        0.243388
MDMin:  686 05:33:21    -2397.437324        0.246586
MDMin:  687 05:33:22    -2397.437291        0.249586
MDMin:  688 05:33:24    -2397.437256        0.252249
MDMin:  689 05:33:25    -2397.437218        0.254357
MDMin:  690 05:33:27    -2397.437180        0.255640
MDMin:  691 05:33:29    -2397.437140        0.255823
MDMin:  692 05:33:31    -2397.437099        0.254702
MDMin:  693 05:33:32    -2397.437060        0.252290
MDMin:  694 05:33:34    -2397.437025        0.248972
MDMin:  695 05:33:35    -2397.436995        0.245323
MDMin:  696 05:33:37    -2397.436969        0.241497
MDMin:  697 05:33:39    -2397.436943        0.237289
MDMin:  698 05:33:41    -2397.436915        0.232548
MDMin:  699 05:33:43    -2397.436886        0.229475
MDMin:  700 05:33:45    -2397.436854        0.230606
MDMin:  701 05:33:46    -2397.436821        0.231393
MDMin:  702 05:33:48    -2397.436786        0.231748
MDMin:  703 05:33:50    -2397.436750        0.231609
MDMin:  704 05:33:52    -2397.436715        0.230981
MDMin:  705 05:33:54    -2397.436682        0.229989
MDMin:  706 05:33:56    -2397.436653        0.228846
MDMin:  707 05:33:58    -2397.436627        0.228156
MDMin:  708 05:34:00    -2397.436601        0.228159
MDMin:  709 05:34:02    -2397.436574        0.228178
MDMin:  710 05:34:03    -2397.436543        0.228217
MDMin:  711 05:34:05    -2397.436510        0.228281
MDMin:  712 05:34:07    -2397.436475        0.228379
MDMin:  713 05:34:09    -2397.436436        0.228517
MDMin:  714 05:34:11    -2397.436395        0.228701
MDMin:  715 05:34:13    -2397.436354        0.228933
MDMin:  716 05:34:14    -2397.436314        0.229198
MDMin:  717 05:34:16    -2397.436280        0.229471
MDMin:  718 05:34:18    -2397.436249        0.229751
MDMin:  719 05:34:20    -2397.436218        0.230070
MDMin:  720 05:34:22    -2397.436186        0.230460
MDMin:  721 05:34:24    -2397.436150        0.230949
MDMin:  722 05:34:26    -2397.436112        0.231562
MDMin:  723 05:34:28    -2397.436070        0.232327
MDMin:  724 05:34:29    -2397.436025        0.233265
MDMin:  725 05:34:31    -2397.435978        0.234386
MDMin:  726 05:34:32    -2397.435931        0.235655
MDMin:  727 05:34:34    -2397.435887        0.236967
MDMin:  728 05:34:35    -2397.435849        0.238189
MDMin:  729 05:34:37    -2397.435816        0.239332
MDMin:  730 05:34:38    -2397.435783        0.240525
MDMin:  731 05:34:39    -2397.435749        0.241853
MDMin:  732 05:34:41    -2397.435712        0.243358
MDMin:  733 05:34:42    -2397.435673        0.245059
MDMin:  734 05:34:43    -2397.435631        0.246971
MDMin:  735 05:34:44    -2397.435587        0.249092
MDMin:  736 05:34:45    -2397.435541        0.251401
MDMin:  737 05:34:47    -2397.435496        0.253834
MDMin:  738 05:34:48    -2397.435454        0.256246
MDMin:  739 05:34:49    -2397.435417        0.258444
MDMin:  740 05:34:51    -2397.435386        0.260392
MDMin:  741 05:34:53    -2397.435357        0.262280
MDMin:  742 05:34:55    -2397.435328        0.264283
MDMin:  743 05:34:56    -2397.435297        0.266489
MDMin:  744 05:34:58    -2397.435265        0.268943
MDMin:  745 05:34:59    -2397.435231        0.271674
MDMin:  746 05:35:00    -2397.435196        0.274705
MDMin:  747 05:35:02    -2397.435161        0.278046
MDMin:  748 05:35:04    -2397.435126        0.281681
MDMin:  749 05:35:06    -2397.435092        0.285530
MDMin:  750 05:35:08    -2397.435061        0.289405
MDMin:  751 05:35:10    -2397.435034        0.293078
MDMin:  752 05:35:11    -2397.435011        0.296526
MDMin:  753 05:35:13    -2397.434989        0.299992
MDMin:  754 05:35:15    -2397.434968        0.303735
MDMin:  755 05:35:17    -2397.434947        0.307915
MDMin:  756 05:35:19    -2397.434925        0.312641
MDMin:  757 05:35:21    -2397.434902        0.318005
MDMin:  758 05:35:23    -2397.434880        0.324091
MDMin:  759 05:35:24    -2397.434857        0.330973
MDMin:  760 05:35:26    -2397.434835        0.338689
MDMin:  761 05:35:28    -2397.434814        0.347182
MDMin:  762 05:35:30    -2397.434795        0.356218
MDMin:  763 05:35:32    -2397.434778        0.365396
MDMin:  764 05:35:33    -2397.434764        0.374468
MDMin:  765 05:35:35    -2397.434751        0.383686
MDMin:  766 05:35:37    -2397.434739        0.393611
MDMin:  767 05:35:39    -2397.434727        0.404735
MDMin:  768 05:35:41    -2397.434715        0.417436
MDMin:  769 05:35:43    -2397.434703        0.432022
MDMin:  770 05:35:45    -2397.434691        0.448738
MDMin:  771 05:35:47    -2397.434680        0.467718
MDMin:  772 05:35:49    -2397.434669        0.488874
MDMin:  773 05:35:51    -2397.434659        0.511741
MDMin:  774 05:35:52    -2397.434650        0.535336
MDMin:  775 05:35:53    -2397.434643        0.558442
MDMin:  776 05:35:55    -2397.434636        0.580318
MDMin:  777 05:35:57    -2397.434630        0.600993
MDMin:  778 05:35:59    -2397.434625        0.620745
MDMin:  779 05:36:01    -2397.434620        0.639442
MDMin:  780 05:36:03    -2397.434615        0.656420
MDMin:  781 05:36:04    -2397.434611        0.670729
MDMin:  782 05:36:06    -2397.434606        0.681474
MDMin:  783 05:36:08    -2397.434603        0.688210
MDMin:  784 05:36:09    -2397.434599        0.691325
MDMin:  785 05:36:11    -2397.434596        0.692170
MDMin:  786 05:36:13    -2397.434594        0.692658
MDMin:  787 05:36:15    -2397.434592        0.694414
MDMin:  788 05:36:16    -2397.434591        0.698209
MDMin:  789 05:36:18    -2397.434591        0.704302
MDMin:  790 05:36:20    -2397.434590        0.712974
MDMin:  791 05:36:22    -2397.434590        0.724501
MDMin:  792 05:36:24    -2397.434591        0.738945
MDMin:  793 05:36:26    -2397.434591        0.755975
MDMin:  794 05:36:28    -2397.434593        0.774726
MDMin:  795 05:36:29    -2397.434594        0.793731
MDMin:  796 05:36:31    -2397.434597        0.810985
MDMin:  797 05:36:33    -2397.434599        0.824201
MDMin:  798 05:36:35    -2397.434603        0.831266
MDMin:  799 05:36:37    -2397.434607        0.830843
MDMin:  800 05:36:38    -2397.434611        0.885600
MDMin:  801 05:36:40    -2397.434616        0.944444
MDMin:  802 05:36:41    -2397.434621        1.002463
MDMin:  803 05:36:43    -2397.434626        1.059223
MDMin:  804 05:36:45    -2397.434632        1.114479
MDMin:  805 05:36:47    -2397.434639        1.167757
MDMin:  806 05:36:49    -2397.434646        1.218321
MDMin:  807 05:36:51    -2397.434654        1.265200
MDMin:  808 05:36:52    -2397.434663        1.307274
MDMin:  809 05:36:54    -2397.434672        1.343366
MDMin:  810 05:36:56    -2397.434683        1.372378
MDMin:  811 05:36:58    -2397.434694        1.393518
MDMin:  812 05:37:00    -2397.434705        1.406497
MDMin:  813 05:37:02    -2397.434716        1.411619
MDMin:  814 05:37:04    -2397.434728        1.409497
MDMin:  815 05:37:05    -2397.434740        1.400624
MDMin:  816 05:37:07    -2397.434753        1.385210
MDMin:  817 05:37:08    -2397.434767        1.363411
MDMin:  818 05:37:10    -2397.434782        1.336122
MDMin:  819 05:37:11    -2397.434797        1.305110
MDMin:  820 05:37:13    -2397.434814        1.273631
MDMin:  821 05:37:14    -2397.434831        1.246761
MDMin:  822 05:37:15    -2397.434849        1.229984
MDMin:  823 05:37:16    -2397.434867        1.228282
MDMin:  824 05:37:18    -2397.434885        1.245760
MDMin:  825 05:37:20    -2397.434903        1.284939
MDMin:  826 05:37:21    -2397.434922        1.348056
MDMin:  827 05:37:23    -2397.434941        1.437916
MDMin:  828 05:37:25    -2397.434961        1.558809
MDMin:  829 05:37:26    -2397.434982        1.720539
MDMin:  830 05:37:28    -2397.435004        1.970805
MDMin:  831 05:37:30    -2397.435025        1.760271
MDMin:  832 05:37:32    -2397.435050        1.494377
MDMin:  833 05:37:33    -2397.435080        1.139639
MDMin:  834 05:37:35    -2397.435113        0.931227
MDMin:  835 05:37:36    -2397.435142        0.893118
MDMin:  836 05:37:38    -2397.435152        0.872160
MDMin:  837 05:37:40    -2397.435163        1.195185
MDMin:  838 05:37:42    -2397.435173        2.053807
MDMin:  839 05:37:43    -2397.435180        0.936539
MDMin:  840 05:37:44    -2397.435188        0.846511
MDMin:  841 05:37:46    -2397.435199        0.831915
MDMin:  842 05:37:47    -2397.435210        0.932113
MDMin:  843 05:37:48    -2397.435222        1.229543
MDMin:  844 05:37:50    -2397.435234        1.482455
MDMin:  845 05:37:51    -2397.435247        1.709738
MDMin:  846 05:37:52    -2397.435261        1.937579
MDMin:  847 05:37:54    -2397.435276        1.366265
MDMin:  848 05:37:55    -2397.435296        0.930397
MDMin:  849 05:37:57    -2397.435314        2.008516
MDMin:  850 05:37:58    -2397.435318        1.987459
MDMin:  851 05:38:00    -2397.435325        1.988475
MDMin:  852 05:38:01    -2397.435334        1.912566
MDMin:  853 05:38:03    -2397.435346        1.805866
MDMin:  854 05:38:05    -2397.435361        1.671955
MDMin:  855 05:38:06    -2397.435379        1.511152
MDMin:  856 05:38:08    -2397.435400        1.323494
MDMin:  857 05:38:11    -2397.435425        1.117374
MDMin:  858 05:38:12    -2397.435456        1.132924
MDMin:  859 05:38:14    -2397.435492        1.136281
MDMin:  860 05:38:16    -2397.435535        1.123306
MDMin:  861 05:38:18    -2397.435583        1.087480
MDMin:  862 05:38:19    -2397.435636        1.022883
MDMin:  863 05:38:21    -2397.435690        0.932509
MDMin:  864 05:38:23    -2397.435746        0.827529
MDMin:  865 05:38:25    -2397.435805        0.820392
MDMin:  866 05:38:27    -2397.435867        0.900720
MDMin:  867 05:38:29    -2397.435932        0.993338
MDMin:  868 05:38:30    -2397.435999        1.104961
MDMin:  869 05:38:32    -2397.436066        1.218201
MDMin:  870 05:38:34    -2397.436131        1.298969
MDMin:  871 05:38:36    -2397.436195        1.345006
MDMin:  872 05:38:38    -2397.436258        1.408249
MDMin:  873 05:38:40    -2397.436317        1.492881
MDMin:  874 05:38:41    -2397.436374        1.510397
MDMin:  875 05:38:43    -2397.436426        1.382131
MDMin:  876 05:38:45    -2397.436474        0.466449
MDMin:  877 05:38:47    -2397.436476        0.520598
MDMin:  878 05:38:49    -2397.436480        1.110598
MDMin:  879 05:38:50    -2397.436483        1.154954
MDMin:  880 05:38:52    -2397.436490        1.164933
MDMin:  881 05:38:54    -2397.436500        1.078685
MDMin:  882 05:38:56    -2397.436513        0.774092
MDMin:  883 05:38:58    -2397.436532        0.433355
MDMin:  884 05:39:00    -2397.436553        0.660058
MDMin:  885 05:39:02    -2397.436563        0.872851
MDMin:  886 05:39:05    -2397.436573        1.012331
MDMin:  887 05:39:07    -2397.436585        1.081202
MDMin:  888 05:39:09    -2397.436597        0.898977
MDMin:  889 05:39:11    -2397.436608        0.504294
MDMin:  890 05:39:12    -2397.436609        0.651643
MDMin:  891 05:39:14    -2397.436614        0.991149
MDMin:  892 05:39:16    -2397.436619        0.487300
MDMin:  893 05:39:18    -2397.436627        0.528358
MDMin:  894 05:39:19    -2397.436630        0.838831
MDMin:  895 05:39:20    -2397.436636        1.078949
MDMin:  896 05:39:22    -2397.436642        0.818670
MDMin:  897 05:39:24    -2397.436649        0.389102
MDMin:  898 05:39:26    -2397.436659        0.526041
MDMin:  899 05:39:28    -2397.436665        0.795298
MDMin:  900 05:39:30    -2397.436671        1.015397
MDMin:  901 05:39:32    -2397.436680        1.014530
MDMin:  902 05:39:34    -2397.436689        0.976569
MDMin:  903 05:39:36    -2397.436701        0.935812
MDMin:  904 05:39:38    -2397.436717        0.892390
MDMin:  905 05:39:40    -2397.436735        0.892879
MDMin:  906 05:39:41    -2397.436757        0.918065
MDMin:  907 05:39:43    -2397.436783        0.932471
MDMin:  908 05:39:44    -2397.436812        0.932448
MDMin:  909 05:39:46    -2397.436844        0.925122
MDMin:  910 05:39:48    -2397.436881        0.957856
MDMin:  911 05:39:49    -2397.436920        1.114863
MDMin:  912 05:39:51    -2397.436959        1.386157
MDMin:  913 05:39:53    -2397.436994        1.670590
MDMin:  914 05:39:55    -2397.437027        1.896950
MDMin:  915 05:39:57    -2397.437060        2.039839
MDMin:  916 05:39:59    -2397.437095        2.100514
MDMin:  917 05:40:01    -2397.437134        2.088127
MDMin:  918 05:40:03    -2397.437153        2.011472
MDMin:  919 05:40:05    -2397.437138        1.880734
MDMin:  920 05:40:07    -2397.437120        1.709223
MDMin:  921 05:40:09    -2397.437100        1.510434
MDMin:  922 05:40:11    -2397.437075        1.298027
MDMin:  923 05:40:13    -2397.437044        1.088725
MDMin:  924 05:40:15    -2397.437003        0.906467
MDMin:  925 05:40:17    -2397.436580        0.786102
MDMin:  926 05:40:19    -2397.423693        0.803778
MDMin:  927 05:40:21    -2397.436705        0.784041
MDMin:  928 05:40:23    -2397.436824        0.797548
MDMin:  929 05:40:25    -2397.436815        0.814648
MDMin:  930 05:40:27    -2397.436803        0.835026
MDMin:  931 05:40:29    -2397.436789        0.858078
MDMin:  932 05:40:31    -2397.436775        0.882736
MDMin:  933 05:40:33    -2397.436758        0.907652
MDMin:  934 05:40:35    -2397.436741        0.931476
MDMin:  935 05:40:37    -2397.436722        0.952978
MDMin:  936 05:40:39    -2397.436702        0.970851
MDMin:  937 05:40:40    -2397.436681        0.983286
MDMin:  938 05:40:42    -2397.436658        0.987797
MDMin:  939 05:40:44    -2397.436634        0.981791
MDMin:  940 05:40:45    -2397.436608        0.963838
MDMin:  941 05:40:46    -2397.436580        0.934676
MDMin:  942 05:40:47    -2397.436550        0.896850
MDMin:  943 05:40:49    -2397.436518        0.853181
MDMin:  944 05:40:50    -2397.436483        0.805320
MDMin:  945 05:40:51    -2397.436446        0.753262
MDMin:  946 05:40:53    -2397.436406        0.696095
MDMin:  947 05:40:54    -2397.436364        0.633152
MDMin:  948 05:40:56    -2397.436321        0.640246
MDMin:  949 05:40:57    -2397.436276        0.692768
MDMin:  950 05:40:59    -2397.436237        0.837885
MDMin:  951 05:41:00    -2397.436228        0.728730
MDMin:  952 05:41:02    -2397.436220        0.731017
MDMin:  953 05:41:04    -2397.436211        0.732421
MDMin:  954 05:41:07    -2397.436201        0.732138
MDMin:  955 05:41:09    -2397.436189        0.729252
MDMin:  956 05:41:11    -2397.436176        0.722761
MDMin:  957 05:41:12    -2397.436161        0.711669
MDMin:  958 05:41:14    -2397.436145        0.695101
MDMin:  959 05:41:16    -2397.436127        0.672426
MDMin:  960 05:41:18    -2397.436108        0.643365
MDMin:  961 05:41:20    -2397.436086        0.608036
MDMin:  962 05:41:21    -2397.436063        0.566929
MDMin:  963 05:41:23    -2397.436038        0.520837
MDMin:  964 05:41:24    -2397.436010        0.470698
MDMin:  965 05:41:26    -2397.435979        0.417542
MDMin:  966 05:41:27    -2397.435946        0.363222
MDMin:  967 05:41:28    -2397.435920        0.598618
MDMin:  968 05:41:29    -2397.435920        0.540512
MDMin:  969 05:41:31    -2397.435918        0.380884
MDMin:  970 05:41:32    -2397.435915        0.316769
MDMin:  971 05:41:34    -2397.435910        0.309869
MDMin:  972 05:41:36    -2397.435904        0.301431
MDMin:  973 05:41:38    -2397.435897        0.291723
MDMin:  974 05:41:40    -2397.435888        0.280798
MDMin:  975 05:41:42    -2397.435879        0.268726
MDMin:  976 05:41:44    -2397.435868        0.255587
MDMin:  977 05:41:46    -2397.435856        0.241478
MDMin:  978 05:41:48    -2397.435843        0.226508
MDMin:  979 05:41:50    -2397.435829        0.210798
MDMin:  980 05:41:52    -2397.435814        0.194482
MDMin:  981 05:41:53    -2397.435797        0.177710
MDMin:  982 05:41:55    -2397.435778        0.160648
MDMin:  983 05:41:57    -2397.435759        0.143686
