       Step     Time          Energy          fmax
MDMin:    0 00:44:24    -2397.648884        0.149657
MDMin:    1 00:44:25    -2397.648884        0.149647
MDMin:    2 00:44:27    -2397.648884        0.149614
MDMin:    3 00:44:29    -2397.648884        0.149560
MDMin:    4 00:44:31    -2397.648884        0.149485
MDMin:    5 00:44:33    -2397.648884        0.149388
MDMin:    6 00:44:35    -2397.648884        0.149270
MDMin:    7 00:44:37    -2397.648885        0.149131
MDMin:    8 00:44:39    -2397.648885        0.148971
MDMin:    9 00:44:40    -2397.648885        0.148790
MDMin:   10 00:44:41    -2397.648885        0.148590
MDMin:   11 00:44:42    -2397.648885        0.148369
MDMin:   12 00:44:44    -2397.648885        0.148128
MDMin:   13 00:44:46    -2397.648886        0.147868
MDMin:   14 00:44:48    -2397.648886        0.147589
MDMin:   15 00:44:50    -2397.648886        0.147291
MDMin:   16 00:44:52    -2397.648887        0.146976
MDMin:   17 00:44:53    -2397.648887        0.146643
MDMin:   18 00:44:54    -2397.648887        0.146293
MDMin:   19 00:44:56    -2397.648888        0.145927
MDMin:   20 00:44:58    -2397.648888        0.145546
MDMin:   21 00:45:00    -2397.648889        0.145150
MDMin:   22 00:45:01    -2397.648889        0.144739
MDMin:   23 00:45:03    -2397.648890        0.144316
MDMin:   24 00:45:04    -2397.648890        0.143880
MDMin:   25 00:45:05    -2397.648891        0.143432
MDMin:   26 00:45:06    -2397.648892        0.142975
MDMin:   27 00:45:07    -2397.648892        0.142508
MDMin:   28 00:45:09    -2397.648893        0.142032
MDMin:   29 00:45:11    -2397.648894        0.141550
MDMin:   30 00:45:12    -2397.648895        0.141062
MDMin:   31 00:45:14    -2397.648896        0.140569
MDMin:   32 00:45:16    -2397.648897        0.140073
MDMin:   33 00:45:18    -2397.648898        0.139575
MDMin:   34 00:45:20    -2397.648899        0.139076
MDMin:   35 00:45:22    -2397.648901        0.138578
MDMin:   36 00:45:24    -2397.648902        0.138083
MDMin:   37 00:45:25    -2397.648903        0.137591
MDMin:   38 00:45:27    -2397.648905        0.137106
MDMin:   39 00:45:29    -2397.648906        0.136627
MDMin:   40 00:45:31    -2397.648908        0.136157
MDMin:   41 00:45:33    -2397.648910        0.135698
MDMin:   42 00:45:35    -2397.648911        0.135251
MDMin:   43 00:45:37    -2397.648913        0.134818
MDMin:   44 00:45:39    -2397.648915        0.134401
MDMin:   45 00:45:41    -2397.648917        0.134001
MDMin:   46 00:45:43    -2397.648920        0.133620
MDMin:   47 00:45:45    -2397.648922        0.133260
MDMin:   48 00:45:47    -2397.648924        0.132923
MDMin:   49 00:45:49    -2397.648927        0.132610
MDMin:   50 00:45:51    -2397.648929        0.132322
MDMin:   51 00:45:53    -2397.648932        0.132063
MDMin:   52 00:45:55    -2397.648935        0.131832
MDMin:   53 00:45:56    -2397.648937        0.131632
MDMin:   54 00:45:58    -2397.648940        0.131464
MDMin:   55 00:46:00    -2397.648943        0.131330
MDMin:   56 00:46:02    -2397.648946        0.131230
MDMin:   57 00:46:04    -2397.648950        0.131166
MDMin:   58 00:46:05    -2397.648953        0.131138
MDMin:   59 00:46:07    -2397.648956        0.131149
MDMin:   60 00:46:10    -2397.648960        0.131197
MDMin:   61 00:46:11    -2397.648964        0.131285
MDMin:   62 00:46:13    -2397.648967        0.131412
MDMin:   63 00:46:15    -2397.648971        0.131579
MDMin:   64 00:46:17    -2397.648975        0.131786
MDMin:   65 00:46:19    -2397.648979        0.132032
MDMin:   66 00:46:20    -2397.648983        0.132318
MDMin:   67 00:46:23    -2397.648987        0.132642
MDMin:   68 00:46:24    -2397.648991        0.133003
MDMin:   69 00:46:27    -2397.648996        0.133402
MDMin:   70 00:46:28    -2397.649000        0.133835
MDMin:   71 00:46:30    -2397.649004        0.134302
MDMin:   72 00:46:31    -2397.649009        0.134801
MDMin:   73 00:46:33    -2397.649014        0.135328
MDMin:   74 00:46:35    -2397.649018        0.135882
MDMin:   75 00:46:37    -2397.649023        0.136460
MDMin:   76 00:46:38    -2397.649028        0.137058
MDMin:   77 00:46:40    -2397.649033        0.137672
MDMin:   78 00:46:42    -2397.649037        0.138300
MDMin:   79 00:46:44    -2397.649042        0.138937
MDMin:   80 00:46:46    -2397.649047        0.139578
MDMin:   81 00:46:48    -2397.649052        0.140219
MDMin:   82 00:46:50    -2397.649057        0.140854
MDMin:   83 00:46:52    -2397.649063        0.141480
MDMin:   84 00:46:54    -2397.649068        0.142091
MDMin:   85 00:46:56    -2397.649073        0.142681
MDMin:   86 00:46:58    -2397.649078        0.143246
MDMin:   87 00:47:00    -2397.649083        0.143780
MDMin:   88 00:47:02    -2397.649088        0.144278
MDMin:   89 00:47:04    -2397.649094        0.144736
MDMin:   90 00:47:06    -2397.649099        0.145148
MDMin:   91 00:47:08    -2397.649104        0.145510
MDMin:   92 00:47:10    -2397.649110        0.145819
MDMin:   93 00:47:12    -2397.649115        0.146072
MDMin:   94 00:47:14    -2397.649120        0.146265
MDMin:   95 00:47:16    -2397.649125        0.146396
MDMin:   96 00:47:18    -2397.649131        0.146464
MDMin:   97 00:47:20    -2397.649136        0.146469
MDMin:   98 00:47:22    -2397.649141        0.146409
MDMin:   99 00:47:24    -2397.649147        0.146285
MDMin:  100 00:47:26    -2397.649152        0.146099
MDMin:  101 00:47:28    -2397.649158        0.145853
MDMin:  102 00:47:30    -2397.649163        0.145548
MDMin:  103 00:47:32    -2397.649168        0.145188
MDMin:  104 00:47:33    -2397.649174        0.144777
MDMin:  105 00:47:35    -2397.649179        0.144318
MDMin:  106 00:47:37    -2397.649185        0.143815
MDMin:  107 00:47:39    -2397.649190        0.143273
MDMin:  108 00:47:41    -2397.649196        0.142693
MDMin:  109 00:47:43    -2397.649201        0.142080
MDMin:  110 00:47:45    -2397.649207        0.141436
MDMin:  111 00:47:46    -2397.649213        0.140762
MDMin:  112 00:47:48    -2397.649218        0.140059
MDMin:  113 00:47:50    -2397.649224        0.139329
MDMin:  114 00:47:52    -2397.649230        0.138572
MDMin:  115 00:47:54    -2397.649235        0.137789
MDMin:  116 00:47:56    -2397.649241        0.136981
MDMin:  117 00:47:57    -2397.649247        0.136152
MDMin:  118 00:47:58    -2397.649252        0.135306
MDMin:  119 00:48:00    -2397.649258        0.134457
MDMin:  120 00:48:02    -2397.649263        0.133647
MDMin:  121 00:48:04    -2397.649267        0.132984
MDMin:  122 00:48:06    -2397.649270        0.132533
MDMin:  123 00:48:08    -2397.649272        0.132148
MDMin:  124 00:48:10    -2397.649274        0.131767
MDMin:  125 00:48:12    -2397.649277        0.131384
MDMin:  126 00:48:14    -2397.649279        0.130999
MDMin:  127 00:48:16    -2397.649281        0.130612
MDMin:  128 00:48:17    -2397.649284        0.130224
MDMin:  129 00:48:19    -2397.649286        0.129835
MDMin:  130 00:48:21    -2397.649289        0.129446
MDMin:  131 00:48:23    -2397.649291        0.129059
MDMin:  132 00:48:25    -2397.649294        0.128673
MDMin:  133 00:48:27    -2397.649297        0.128290
MDMin:  134 00:48:28    -2397.649299        0.127911
MDMin:  135 00:48:29    -2397.649302        0.127537
MDMin:  136 00:48:31    -2397.649305        0.127170
MDMin:  137 00:48:32    -2397.649307        0.126809
MDMin:  138 00:48:34    -2397.649310        0.126458
MDMin:  139 00:48:35    -2397.649313        0.126117
MDMin:  140 00:48:36    -2397.649316        0.125789
MDMin:  141 00:48:38    -2397.649319        0.125474
MDMin:  142 00:48:39    -2397.649322        0.125174
MDMin:  143 00:48:40    -2397.649324        0.124892
MDMin:  144 00:48:41    -2397.649327        0.124629
MDMin:  145 00:48:42    -2397.649330        0.124389
MDMin:  146 00:48:44    -2397.649333        0.124173
MDMin:  147 00:48:45    -2397.649336        0.123984
MDMin:  148 00:48:47    -2397.649339        0.123826
MDMin:  149 00:48:49    -2397.649342        0.123701
MDMin:  150 00:48:50    -2397.649345        0.123612
MDMin:  151 00:48:52    -2397.649349        0.123563
MDMin:  152 00:48:54    -2397.649352        0.123558
MDMin:  153 00:48:56    -2397.649355        0.123600
MDMin:  154 00:48:58    -2397.649358        0.123694
MDMin:  155 00:49:00    -2397.649361        0.123845
MDMin:  156 00:49:01    -2397.649364        0.124057
MDMin:  157 00:49:03    -2397.649367        0.124336
MDMin:  158 00:49:04    -2397.649370        0.124688
MDMin:  159 00:49:05    -2397.649373        0.125119
MDMin:  160 00:49:07    -2397.649377        0.125636
MDMin:  161 00:49:09    -2397.649380        0.126247
MDMin:  162 00:49:11    -2397.649383        0.126959
MDMin:  163 00:49:13    -2397.649386        0.127781
MDMin:  164 00:49:15    -2397.649389        0.128722
MDMin:  165 00:49:17    -2397.649392        0.129792
MDMin:  166 00:49:19    -2397.649395        0.130996
MDMin:  167 00:49:21    -2397.649398        0.132330
MDMin:  168 00:49:23    -2397.649401        0.133759
MDMin:  169 00:49:25    -2397.649404        0.135164
MDMin:  170 00:49:26    -2397.649406        0.136367
MDMin:  171 00:49:28    -2397.649408        0.137375
MDMin:  172 00:49:31    -2397.649409        0.138359
MDMin:  173 00:49:33    -2397.649411        0.139392
MDMin:  174 00:49:35    -2397.649412        0.140495
MDMin:  175 00:49:37    -2397.649414        0.141675
MDMin:  176 00:49:39    -2397.649415        0.142937
MDMin:  177 00:49:41    -2397.649417        0.144286
MDMin:  178 00:49:42    -2397.649418        0.145727
MDMin:  179 00:49:44    -2397.649420        0.147265
MDMin:  180 00:49:46    -2397.649422        0.148905
MDMin:  181 00:49:48    -2397.649423        0.150652
MDMin:  182 00:49:50    -2397.649425        0.152511
MDMin:  183 00:49:52    -2397.649427        0.154489
MDMin:  184 00:49:53    -2397.649428        0.156589
MDMin:  185 00:49:55    -2397.649430        0.158817
MDMin:  186 00:49:57    -2397.649432        0.161178
MDMin:  187 00:49:58    -2397.649433        0.163675
MDMin:  188 00:50:00    -2397.649435        0.166312
MDMin:  189 00:50:02    -2397.649437        0.169093
MDMin:  190 00:50:04    -2397.649438        0.172018
MDMin:  191 00:50:06    -2397.649440        0.175089
MDMin:  192 00:50:08    -2397.649442        0.178304
MDMin:  193 00:50:10    -2397.649443        0.181662
MDMin:  194 00:50:12    -2397.649445        0.185157
MDMin:  195 00:50:13    -2397.649447        0.188783
MDMin:  196 00:50:15    -2397.649449        0.192529
MDMin:  197 00:50:17    -2397.649450        0.196385
MDMin:  198 00:50:18    -2397.649452        0.200333
MDMin:  199 00:50:20    -2397.649454        0.204354
MDMin:  200 00:50:21    -2397.649455        0.208425
MDMin:  201 00:50:22    -2397.649457        0.212521
MDMin:  202 00:50:24    -2397.649459        0.216609
MDMin:  203 00:50:25    -2397.649460        0.220655
MDMin:  204 00:50:26    -2397.649462        0.224620
MDMin:  205 00:50:27    -2397.649464        0.228462
MDMin:  206 00:50:29    -2397.649465        0.232134
MDMin:  207 00:50:30    -2397.649467        0.235590
MDMin:  208 00:50:31    -2397.649469        0.238779
MDMin:  209 00:50:33    -2397.649470        0.241650
MDMin:  210 00:50:35    -2397.649472        0.244153
MDMin:  211 00:50:37    -2397.649474        0.246240
MDMin:  212 00:50:38    -2397.649475        0.247863
MDMin:  213 00:50:40    -2397.649477        0.248982
MDMin:  214 00:50:42    -2397.649479        0.249559
MDMin:  215 00:50:44    -2397.649480        0.249562
MDMin:  216 00:50:46    -2397.649482        0.248969
MDMin:  217 00:50:48    -2397.649484        0.247763
MDMin:  218 00:50:50    -2397.649485        0.245938
MDMin:  219 00:50:51    -2397.649487        0.243494
MDMin:  220 00:50:52    -2397.649489        0.240441
MDMin:  221 00:50:53    -2397.649490        0.236797
MDMin:  222 00:50:55    -2397.649492        0.232584
MDMin:  223 00:50:56    -2397.649494        0.227834
MDMin:  224 00:50:57    -2397.649496        0.222583
MDMin:  225 00:50:59    -2397.649497        0.216868
MDMin:  226 00:51:01    -2397.649499        0.210732
MDMin:  227 00:51:02    -2397.649501        0.204218
MDMin:  228 00:51:04    -2397.649503        0.197371
MDMin:  229 00:51:06    -2397.649505        0.190234
MDMin:  230 00:51:08    -2397.649507        0.182853
MDMin:  231 00:51:09    -2397.649509        0.175272
MDMin:  232 00:51:10    -2397.649511        0.167535
MDMin:  233 00:51:12    -2397.649513        0.159685
MDMin:  234 00:51:14    -2397.649515        0.151766
MDMin:  235 00:51:15    -2397.649517        0.143826
MDMin:  236 00:51:17    -2397.649519        0.135929
MDMin:  237 00:51:19    -2397.649521        0.128270
MDMin:  238 00:51:20    -2397.649523        0.138860
MDMin:  239 00:51:22    -2397.649524        0.118523
MDMin:  240 00:51:24    -2397.649525        0.116635
MDMin:  241 00:51:26    -2397.649525        0.114686
MDMin:  242 00:51:28    -2397.649526        0.112697
MDMin:  243 00:51:30    -2397.649526        0.110670
MDMin:  244 00:51:32    -2397.649527        0.108607
MDMin:  245 00:51:34    -2397.649528        0.106511
MDMin:  246 00:51:35    -2397.649528        0.104384
MDMin:  247 00:51:37    -2397.649529        0.102229
MDMin:  248 00:51:38    -2397.649530        0.100048
MDMin:  249 00:51:40    -2397.649530        0.097843
MDMin:  250 00:51:42    -2397.649531        0.095618
MDMin:  251 00:51:44    -2397.649532        0.093374
MDMin:  252 00:51:46    -2397.649533        0.091114
MDMin:  253 00:51:48    -2397.649534        0.088842
MDMin:  254 00:51:50    -2397.649534        0.086558
MDMin:  255 00:51:52    -2397.649535        0.084267
MDMin:  256 00:51:54    -2397.649536        0.083084
MDMin:  257 00:51:56    -2397.649537        0.083394
MDMin:  258 00:51:57    -2397.649538        0.083712
MDMin:  259 00:51:59    -2397.649539        0.084040
MDMin:  260 00:52:01    -2397.649540        0.084378
MDMin:  261 00:52:03    -2397.649541        0.084726
MDMin:  262 00:52:04    -2397.649542        0.085085
MDMin:  263 00:52:06    -2397.649543        0.085456
MDMin:  264 00:52:09    -2397.649544        0.085841
MDMin:  265 00:52:10    -2397.649545        0.086241
MDMin:  266 00:52:12    -2397.649546        0.086656
MDMin:  267 00:52:14    -2397.649547        0.087088
MDMin:  268 00:52:16    -2397.649548        0.087539
MDMin:  269 00:52:18    -2397.649549        0.088010
MDMin:  270 00:52:20    -2397.649550        0.088503
MDMin:  271 00:52:22    -2397.649551        0.089020
MDMin:  272 00:52:24    -2397.649552        0.089563
MDMin:  273 00:52:25    -2397.649554        0.090134
MDMin:  274 00:52:27    -2397.649555        0.090735
MDMin:  275 00:52:29    -2397.649556        0.091368
MDMin:  276 00:52:30    -2397.649557        0.092035
MDMin:  277 00:52:31    -2397.649558        0.092738
MDMin:  278 00:52:33    -2397.649559        0.093480
MDMin:  279 00:52:35    -2397.649561        0.094262
MDMin:  280 00:52:37    -2397.649562        0.095086
MDMin:  281 00:52:38    -2397.649563        0.095953
MDMin:  282 00:52:40    -2397.649564        0.096866
MDMin:  283 00:52:42    -2397.649565        0.097824
MDMin:  284 00:52:44    -2397.649567        0.098829
MDMin:  285 00:52:46    -2397.649568        0.099880
MDMin:  286 00:52:48    -2397.649569        0.100976
MDMin:  287 00:52:50    -2397.649570        0.102117
MDMin:  288 00:52:52    -2397.649572        0.103301
MDMin:  289 00:52:54    -2397.649573        0.104523
MDMin:  290 00:52:56    -2397.649574        0.105783
MDMin:  291 00:52:57    -2397.649575        0.107074
MDMin:  292 00:52:59    -2397.649576        0.108392
MDMin:  293 00:53:01    -2397.649577        0.109731
MDMin:  294 00:53:03    -2397.649579        0.111084
MDMin:  295 00:53:05    -2397.649580        0.112446
MDMin:  296 00:53:07    -2397.649581        0.113806
MDMin:  297 00:53:09    -2397.649582        0.115157
MDMin:  298 00:53:11    -2397.649583        0.116489
MDMin:  299 00:53:13    -2397.649584        0.117790
MDMin:  300 00:53:15    -2397.649585        0.119049
MDMin:  301 00:53:16    -2397.649586        0.120250
MDMin:  302 00:53:18    -2397.649587        0.121379
MDMin:  303 00:53:20    -2397.649589        0.122415
MDMin:  304 00:53:22    -2397.649590        0.123335
MDMin:  305 00:53:24    -2397.649591        0.124104
MDMin:  306 00:53:26    -2397.649592        0.124677
MDMin:  307 00:53:28    -2397.649592        0.125031
MDMin:  308 00:53:29    -2397.649593        0.125240
MDMin:  309 00:53:31    -2397.649593        0.125394
MDMin:  310 00:53:32    -2397.649594        0.125509
MDMin:  311 00:53:34    -2397.649594        0.125581
MDMin:  312 00:53:36    -2397.649595        0.125605
MDMin:  313 00:53:38    -2397.649595        0.125575
MDMin:  314 00:53:40    -2397.649596        0.125486
MDMin:  315 00:53:42    -2397.649596        0.125333
MDMin:  316 00:53:44    -2397.649597        0.125109
MDMin:  317 00:53:46    -2397.649597        0.124809
MDMin:  318 00:53:48    -2397.649598        0.124426
MDMin:  319 00:53:50    -2397.649598        0.123956
MDMin:  320 00:53:52    -2397.649599        0.123391
MDMin:  321 00:53:54    -2397.649600        0.122725
MDMin:  322 00:53:55    -2397.649600        0.121953
MDMin:  323 00:53:57    -2397.649601        0.121068
MDMin:  324 00:53:59    -2397.649601        0.120065
MDMin:  325 00:54:01    -2397.649602        0.118938
MDMin:  326 00:54:02    -2397.649603        0.117682
MDMin:  327 00:54:03    -2397.649603        0.116292
MDMin:  328 00:54:04    -2397.649604        0.114765
MDMin:  329 00:54:06    -2397.649604        0.113313
MDMin:  330 00:54:07    -2397.649605        0.114429
MDMin:  331 00:54:09    -2397.649606        0.115478
MDMin:  332 00:54:10    -2397.649606        0.116450
MDMin:  333 00:54:12    -2397.649607        0.117334
MDMin:  334 00:54:13    -2397.649608        0.118118
MDMin:  335 00:54:15    -2397.649608        0.118791
MDMin:  336 00:54:17    -2397.649609        0.119342
MDMin:  337 00:54:18    -2397.649610        0.119758
MDMin:  338 00:54:20    -2397.649610        0.120029
MDMin:  339 00:54:22    -2397.649611        0.120143
MDMin:  340 00:54:24    -2397.649612        0.120089
MDMin:  341 00:54:26    -2397.649612        0.119857
MDMin:  342 00:54:28    -2397.649613        0.119437
MDMin:  343 00:54:30    -2397.649614        0.118821
MDMin:  344 00:54:32    -2397.649615        0.118002
MDMin:  345 00:54:33    -2397.649615        0.116972
MDMin:  346 00:54:34    -2397.649616        0.115728
MDMin:  347 00:54:36    -2397.649617        0.114266
MDMin:  348 00:54:37    -2397.649618        0.112585
MDMin:  349 00:54:38    -2397.649618        0.110685
MDMin:  350 00:54:40    -2397.649619        0.108569
MDMin:  351 00:54:41    -2397.649620        0.106241
MDMin:  352 00:54:43    -2397.649621        0.103707
MDMin:  353 00:54:44    -2397.649622        0.100977
MDMin:  354 00:54:45    -2397.649623        0.098060
MDMin:  355 00:54:47    -2397.649623        0.094968
MDMin:  356 00:54:49    -2397.649624        0.091716
MDMin:  357 00:54:51    -2397.649625        0.088436
MDMin:  358 00:54:53    -2397.649626        0.089106
MDMin:  359 00:54:55    -2397.649627        0.089872
MDMin:  360 00:54:57    -2397.649628        0.090698
MDMin:  361 00:54:59    -2397.649629        0.091379
MDMin:  362 00:55:01    -2397.649629        0.091719
MDMin:  363 00:55:03    -2397.649629        0.092049
MDMin:  364 00:55:05    -2397.649629        0.092402
MDMin:  365 00:55:06    -2397.649630        0.092781
MDMin:  366 00:55:08    -2397.649630        0.093187
MDMin:  367 00:55:10    -2397.649630        0.093621
MDMin:  368 00:55:12    -2397.649631        0.094084
MDMin:  369 00:55:14    -2397.649631        0.094579
MDMin:  370 00:55:16    -2397.649631        0.095106
MDMin:  371 00:55:17    -2397.649632        0.095667
MDMin:  372 00:55:19    -2397.649632        0.096265
MDMin:  373 00:55:20    -2397.649633        0.096901
MDMin:  374 00:55:22    -2397.649633        0.097576
MDMin:  375 00:55:24    -2397.649633        0.098293
MDMin:  376 00:55:27    -2397.649634        0.099054
MDMin:  377 00:55:29    -2397.649634        0.099859
MDMin:  378 00:55:31    -2397.649634        0.100712
MDMin:  379 00:55:32    -2397.649635        0.101615
MDMin:  380 00:55:33    -2397.649635        0.102568
MDMin:  381 00:55:35    -2397.649636        0.103573
MDMin:  382 00:55:37    -2397.649636        0.104634
MDMin:  383 00:55:39    -2397.649636        0.105750
MDMin:  384 00:55:41    -2397.649637        0.106924
MDMin:  385 00:55:43    -2397.649637        0.108157
MDMin:  386 00:55:44    -2397.649638        0.109451
MDMin:  387 00:55:46    -2397.649638        0.110806
MDMin:  388 00:55:48    -2397.649639        0.112225
MDMin:  389 00:55:50    -2397.649639        0.113707
MDMin:  390 00:55:52    -2397.649640        0.115253
MDMin:  391 00:55:54    -2397.649640        0.116864
MDMin:  392 00:55:56    -2397.649640        0.118540
MDMin:  393 00:55:58    -2397.649641        0.120282
MDMin:  394 00:56:00    -2397.649641        0.122088
MDMin:  395 00:56:02    -2397.649642        0.123958
MDMin:  396 00:56:04    -2397.649642        0.125891
MDMin:  397 00:56:06    -2397.649643        0.127887
MDMin:  398 00:56:08    -2397.649643        0.129943
MDMin:  399 00:56:09    -2397.649644        0.132057
MDMin:  400 00:56:11    -2397.649644        0.134229
MDMin:  401 00:56:13    -2397.649644        0.136454
MDMin:  402 00:56:15    -2397.649645        0.138730
MDMin:  403 00:56:17    -2397.649645        0.141053
MDMin:  404 00:56:19    -2397.649646        0.143420
MDMin:  405 00:56:20    -2397.649646        0.145825
MDMin:  406 00:56:21    -2397.649647        0.148266
MDMin:  407 00:56:23    -2397.649647        0.150735
MDMin:  408 00:56:25    -2397.649648        0.153228
MDMin:  409 00:56:26    -2397.649648        0.155738
MDMin:  410 00:56:28    -2397.649648        0.158259
MDMin:  411 00:56:30    -2397.649649        0.160783
MDMin:  412 00:56:32    -2397.649649        0.163302
MDMin:  413 00:56:33    -2397.649650        0.165809
MDMin:  414 00:56:34    -2397.649650        0.168294
MDMin:  415 00:56:36    -2397.649650        0.170748
MDMin:  416 00:56:38    -2397.649651        0.173162
MDMin:  417 00:56:40    -2397.649651        0.175525
MDMin:  418 00:56:42    -2397.649652        0.177826
MDMin:  419 00:56:44    -2397.649652        0.180054
MDMin:  420 00:56:45    -2397.649652        0.182199
MDMin:  421 00:56:46    -2397.649653        0.184248
MDMin:  422 00:56:48    -2397.649653        0.186189
MDMin:  423 00:56:50    -2397.649654        0.188010
MDMin:  424 00:56:51    -2397.649654        0.189699
MDMin:  425 00:56:53    -2397.649654        0.191244
MDMin:  426 00:56:55    -2397.649655        0.192631
MDMin:  427 00:56:57    -2397.649655        0.193850
MDMin:  428 00:56:59    -2397.649656        0.194889
MDMin:  429 00:57:01    -2397.649656        0.195736
MDMin:  430 00:57:02    -2397.649656        0.196383
MDMin:  431 00:57:04    -2397.649657        0.196825
MDMin:  432 00:57:05    -2397.649657        0.197052
MDMin:  433 00:57:07    -2397.649658        0.197055
MDMin:  434 00:57:09    -2397.649658        0.200544
MDMin:  435 00:57:11    -2397.649658        0.204244
MDMin:  436 00:57:13    -2397.649659        0.207851
MDMin:  437 00:57:15    -2397.649659        0.211341
MDMin:  438 00:57:17    -2397.649660        0.214690
MDMin:  439 00:57:19    -2397.649660        0.217874
MDMin:  440 00:57:21    -2397.649660        0.220863
MDMin:  441 00:57:23    -2397.649661        0.223631
MDMin:  442 00:57:24    -2397.649661        0.226149
MDMin:  443 00:57:25    -2397.649662        0.228387
MDMin:  444 00:57:26    -2397.649662        0.230317
MDMin:  445 00:57:28    -2397.649662        0.231909
MDMin:  446 00:57:29    -2397.649663        0.233136
MDMin:  447 00:57:31    -2397.649663        0.233973
MDMin:  448 00:57:33    -2397.649664        0.234396
MDMin:  449 00:57:35    -2397.649664        0.234386
MDMin:  450 00:57:37    -2397.649664        0.233925
MDMin:  451 00:57:39    -2397.649665        0.233001
MDMin:  452 00:57:41    -2397.649665        0.231605
MDMin:  453 00:57:43    -2397.649666        0.229735
MDMin:  454 00:57:44    -2397.649666        0.227391
MDMin:  455 00:57:46    -2397.649667        0.224580
MDMin:  456 00:57:47    -2397.649667        0.221315
MDMin:  457 00:57:48    -2397.649668        0.217612
MDMin:  458 00:57:49    -2397.649668        0.213492
MDMin:  459 00:57:51    -2397.649669        0.208981
MDMin:  460 00:57:52    -2397.649669        0.204106
MDMin:  461 00:57:53    -2397.649670        0.198900
MDMin:  462 00:57:54    -2397.649670        0.193397
MDMin:  463 00:57:56    -2397.649671        0.187631
MDMin:  464 00:57:58    -2397.649671        0.181641
MDMin:  465 00:57:59    -2397.649672        0.175465
MDMin:  466 00:58:01    -2397.649673        0.169142
MDMin:  467 00:58:04    -2397.649673        0.162713
MDMin:  468 00:58:06    -2397.649674        0.156217
MDMin:  469 00:58:08    -2397.649674        0.149697
MDMin:  470 00:58:09    -2397.649675        0.143196
MDMin:  471 00:58:11    -2397.649676        0.136758
MDMin:  472 00:58:13    -2397.649676        0.130426
MDMin:  473 00:58:15    -2397.649677        0.124245
MDMin:  474 00:58:16    -2397.649678        0.118257
MDMin:  475 00:58:18    -2397.649679        0.119492
MDMin:  476 00:58:20    -2397.649679        0.120582
MDMin:  477 00:58:22    -2397.649680        0.122946
MDMin:  478 00:58:23    -2397.649681        0.127220
MDMin:  479 00:58:24    -2397.649682        0.131588
MDMin:  480 00:58:26    -2397.649682        0.135909
MDMin:  481 00:58:28    -2397.649683        0.139864
MDMin:  482 00:58:30    -2397.649683        0.167608
MDMin:  483 00:58:32    -2397.649684        0.142273
MDMin:  484 00:58:34    -2397.649684        0.142611
MDMin:  485 00:58:36    -2397.649684        0.143003
MDMin:  486 00:58:38    -2397.649684        0.143426
MDMin:  487 00:58:40    -2397.649684        0.143867
MDMin:  488 00:58:42    -2397.649684        0.144324
MDMin:  489 00:58:43    -2397.649684        0.144794
MDMin:  490 00:58:44    -2397.649684        0.145276
MDMin:  491 00:58:45    -2397.649684        0.145768
MDMin:  492 00:58:48    -2397.649684        0.146268
MDMin:  493 00:58:49    -2397.649685        0.146776
MDMin:  494 00:58:51    -2397.649685        0.147288
MDMin:  495 00:58:52    -2397.649685        0.147804
MDMin:  496 00:58:54    -2397.649685        0.148321
MDMin:  497 00:58:56    -2397.649685        0.148836
MDMin:  498 00:58:58    -2397.649685        0.149348
MDMin:  499 00:58:59    -2397.649685        0.149853
MDMin:  500 00:59:00    -2397.649686        0.150350
MDMin:  501 00:59:02    -2397.649686        0.150834
MDMin:  502 00:59:04    -2397.649686        0.151304
MDMin:  503 00:59:06    -2397.649686        0.151755
MDMin:  504 00:59:07    -2397.649686        0.152185
MDMin:  505 00:59:09    -2397.649686        0.152591
MDMin:  506 00:59:11    -2397.649687        0.152967
MDMin:  507 00:59:13    -2397.649687        0.153312
MDMin:  508 00:59:14    -2397.649687        0.153619
MDMin:  509 00:59:15    -2397.649687        0.153887
MDMin:  510 00:59:17    -2397.649687        0.154109
MDMin:  511 00:59:19    -2397.649688        0.154281
MDMin:  512 00:59:20    -2397.649688        0.154400
MDMin:  513 00:59:21    -2397.649688        0.154460
MDMin:  514 00:59:23    -2397.649688        0.154456
MDMin:  515 00:59:25    -2397.649688        0.154382
MDMin:  516 00:59:27    -2397.649689        0.154235
MDMin:  517 00:59:30    -2397.649689        0.154008
MDMin:  518 00:59:32    -2397.649689        0.153696
MDMin:  519 00:59:33    -2397.649689        0.153294
MDMin:  520 00:59:35    -2397.649690        0.152795
MDMin:  521 00:59:37    -2397.649690        0.152194
MDMin:  522 00:59:39    -2397.649690        0.151485
MDMin:  523 00:59:42    -2397.649690        0.150662
MDMin:  524 00:59:44    -2397.649691        0.149718
MDMin:  525 00:59:46    -2397.649691        0.148649
MDMin:  526 00:59:48    -2397.649691        0.147447
MDMin:  527 00:59:50    -2397.649692        0.146107
MDMin:  528 00:59:51    -2397.649692        0.144624
MDMin:  529 00:59:53    -2397.649692        0.142991
MDMin:  530 00:59:54    -2397.649692        0.141204
MDMin:  531 00:59:56    -2397.649693        0.139258
MDMin:  532 00:59:58    -2397.649693        0.137148
MDMin:  533 01:00:00    -2397.649693        0.134870
MDMin:  534 01:00:01    -2397.649694        0.132422
MDMin:  535 01:00:03    -2397.649694        0.129800
MDMin:  536 01:00:05    -2397.649694        0.127003
MDMin:  537 01:00:06    -2397.649695        0.124030
MDMin:  538 01:00:08    -2397.649695        0.120882
MDMin:  539 01:00:10    -2397.649696        0.117559
MDMin:  540 01:00:12    -2397.649696        0.114066
MDMin:  541 01:00:14    -2397.649696        0.110405
MDMin:  542 01:00:16    -2397.649697        0.106582
MDMin:  543 01:00:17    -2397.649697        0.102605
MDMin:  544 01:00:20    -2397.649698        0.098483
MDMin:  545 01:00:21    -2397.649698        0.094225
MDMin:  546 01:00:23    -2397.649698        0.089845
MDMin:  547 01:00:25    -2397.649699        0.085357
MDMin:  548 01:00:27    -2397.649699        0.080776
MDMin:  549 01:00:29    -2397.649700        0.076121
MDMin:  550 01:00:31    -2397.649700        0.071412
MDMin:  551 01:00:33    -2397.649701        0.066671
MDMin:  552 01:00:35    -2397.649702        0.061921
MDMin:  553 01:00:37    -2397.649702        0.057189
MDMin:  554 01:00:38    -2397.649703        0.052499
MDMin:  555 01:00:39    -2397.649703        0.047882
