       Step     Time          Energy          fmax
MDMin:    0 00:20:43    -2393.928315        8.613399
MDMin:    1 00:20:45    -2393.931180        8.638387
MDMin:    2 00:20:48    -2393.938090        8.284462
MDMin:    3 00:20:49    -2393.946197        7.267262
MDMin:    4 00:20:50    -2393.956276        7.942304
MDMin:    5 00:20:52    -2393.967425        5.721236
MDMin:    6 00:20:54    -2393.979532        5.910395
MDMin:    7 00:20:55    -2393.991068        5.702690
MDMin:    8 00:20:57    -2394.002634        2.553585
MDMin:    9 00:20:59    -2394.015901        3.505351
MDMin:   10 00:21:01    -2394.029361        4.096237
MDMin:   11 00:21:03    -2394.043013        2.294744
MDMin:   12 00:21:05    -2394.060407        1.422087
MDMin:   13 00:21:07    -2394.080978        1.467253
MDMin:   14 00:21:10    -2394.102362        1.722591
MDMin:   15 00:21:12    -2394.119925        1.712608
MDMin:   16 00:21:14    -2394.133242        1.551965
MDMin:   17 00:21:16    -2394.146780        1.431787
MDMin:   18 00:21:18    -2394.162915        1.220618
MDMin:   19 00:21:20    -2394.178683        1.214242
MDMin:   20 00:21:22    -2394.189078        1.205708
MDMin:   21 00:21:24    -2394.202127        1.180602
MDMin:   22 00:21:26    -2394.218785        1.183753
MDMin:   23 00:21:28    -2394.240182        1.164919
MDMin:   24 00:21:30    -2394.267403        1.140381
MDMin:   25 00:21:32    -2394.300638        1.167710
MDMin:   26 00:21:34    -2394.336351        1.282287
MDMin:   27 00:21:36    -2394.369106        1.106470
MDMin:   28 00:21:37    -2394.403236        1.090701
MDMin:   29 00:21:38    -2394.444965        1.175627
MDMin:   30 00:21:40    -2394.499558        1.300015
MDMin:   31 00:21:41    -2394.573636        1.470168
MDMin:   32 00:21:42    -2394.677659        1.704002
MDMin:   33 00:21:43    -2394.828408        2.011974
MDMin:   34 00:21:45    -2395.047776        2.350518
MDMin:   35 00:21:46    -2395.276514        2.663015
MDMin:   36 00:21:47    -2395.450520        2.477642
MDMin:   37 00:21:49    -2395.594615        1.919193
MDMin:   38 00:21:51    -2395.667602        2.340646
MDMin:   39 00:21:53    -2395.751443        2.667308
MDMin:   40 00:21:55    -2395.836789        2.602133
MDMin:   41 00:21:57    -2395.935215        2.112676
MDMin:   42 00:21:59    -2396.066856        1.885602
MDMin:   43 00:22:00    -2396.243464        2.014306
MDMin:   44 00:22:02    -2396.424849        2.090295
MDMin:   45 00:22:04    -2396.511248        1.889104
MDMin:   46 00:22:05    -2396.557385        1.647184
MDMin:   47 00:22:07    -2396.576459        1.530468
MDMin:   48 00:22:09    -2396.597414        1.393370
MDMin:   49 00:22:11    -2396.619861        1.241344
MDMin:   50 00:22:13    -2396.643177        1.084801
MDMin:   51 00:22:15    -2396.666827        0.992742
MDMin:   52 00:22:17    -2396.690478        0.983830
MDMin:   53 00:22:18    -2396.714074        0.954573
MDMin:   54 00:22:20    -2396.737854        0.899395
MDMin:   55 00:22:22    -2396.762294        0.896896
MDMin:   56 00:22:24    -2396.787991        0.944881
MDMin:   57 00:22:26    -2396.815519        0.971200
MDMin:   58 00:22:27    -2396.844657        0.960579
MDMin:   59 00:22:28    -2396.868332        1.438412
MDMin:   60 00:22:30    -2396.876289        0.912864
MDMin:   61 00:22:31    -2396.886932        0.892631
MDMin:   62 00:22:33    -2396.899315        0.867992
MDMin:   63 00:22:35    -2396.913623        0.838915
MDMin:   64 00:22:37    -2396.929980        0.805665
MDMin:   65 00:22:39    -2396.948482        0.768529
MDMin:   66 00:22:41    -2396.969175        0.727638
MDMin:   67 00:22:43    -2396.992032        0.682941
MDMin:   68 00:22:45    -2397.016914        0.634443
MDMin:   69 00:22:46    -2397.043538        0.582622
MDMin:   70 00:22:48    -2397.068342        0.606913
MDMin:   71 00:22:50    -2397.093960        0.538693
MDMin:   72 00:22:52    -2397.109403        0.765043
MDMin:   73 00:22:54    -2397.124196        0.638865
MDMin:   74 00:22:56    -2397.134666        0.525858
MDMin:   75 00:22:58    -2397.141904        0.661911
MDMin:   76 00:23:00    -2397.153922        0.516330
MDMin:   77 00:23:02    -2397.161875        0.682197
MDMin:   78 00:23:04    -2397.174631        0.502735
MDMin:   79 00:23:06    -2397.183856        0.697846
MDMin:   80 00:23:08    -2397.195570        0.484666
MDMin:   81 00:23:09    -2397.206657        0.707739
MDMin:   82 00:23:11    -2397.215499        0.462857
MDMin:   83 00:23:13    -2397.226944        0.447985
MDMin:   84 00:23:15    -2397.233730        0.725918
MDMin:   85 00:23:17    -2397.244898        0.452777
MDMin:   86 00:23:19    -2397.254783        0.436667
MDMin:   87 00:23:20    -2397.260616        0.723162
MDMin:   88 00:23:22    -2397.269688        0.462240
MDMin:   89 00:23:24    -2397.277543        0.444201
MDMin:   90 00:23:25    -2397.284424        0.713053
MDMin:   91 00:23:27    -2397.289222        0.468879
MDMin:   92 00:23:29    -2397.295147        0.451060
MDMin:   93 00:23:31    -2397.301367        0.437881
MDMin:   94 00:23:33    -2397.305771        0.698600
MDMin:   95 00:23:35    -2397.310441        0.464658
MDMin:   96 00:23:37    -2397.314788        0.448715
MDMin:   97 00:23:38    -2397.319454        0.435837
MDMin:   98 00:23:40    -2397.323207        0.679979
MDMin:   99 00:23:42    -2397.326300        0.458320
MDMin:  100 00:23:44    -2397.329500        0.444484
MDMin:  101 00:23:46    -2397.333036        0.432165
MDMin:  102 00:23:48    -2397.336438        0.662548
MDMin:  103 00:23:49    -2397.338294        0.449723
MDMin:  104 00:23:50    -2397.340734        0.437759
MDMin:  105 00:23:51    -2397.343496        0.426254
MDMin:  106 00:23:53    -2397.346388        0.647046
MDMin:  107 00:23:54    -2397.347655        0.439776
MDMin:  108 00:23:56    -2397.349594        0.429309
MDMin:  109 00:23:58    -2397.351837        0.418642
MDMin:  110 00:24:00    -2397.353962        0.633333
MDMin:  111 00:24:02    -2397.355258        0.429377
MDMin:  112 00:24:04    -2397.356876        0.419954
MDMin:  113 00:24:06    -2397.358783        0.409947
MDMin:  114 00:24:08    -2397.359900        0.621012
MDMin:  115 00:24:10    -2397.361723        0.418895
MDMin:  116 00:24:11    -2397.363137        0.410145
MDMin:  117 00:24:14    -2397.364826        0.400587
MDMin:  118 00:24:16    -2397.364728        0.609692
MDMin:  119 00:24:18    -2397.367456        0.408423
MDMin:  120 00:24:20    -2397.368739        0.400087
MDMin:  121 00:24:21    -2397.369420        0.602751
MDMin:  122 00:24:23    -2397.370810        0.405807
MDMin:  123 00:24:25    -2397.371896        0.398210
MDMin:  124 00:24:28    -2397.373059        0.597219
MDMin:  125 00:24:30    -2397.373692        0.403025
MDMin:  126 00:24:32    -2397.374677        0.395761
MDMin:  127 00:24:34    -2397.375913        0.387252
MDMin:  128 00:24:36    -2397.375352        0.589396
MDMin:  129 00:24:37    -2397.377903        0.392699
MDMin:  130 00:24:39    -2397.378943        0.385026
MDMin:  131 00:24:41    -2397.378622        0.583933
MDMin:  132 00:24:42    -2397.380662        0.389628
MDMin:  133 00:24:43    -2397.381608        0.382334
MDMin:  134 00:24:44    -2397.381372        0.579184
MDMin:  135 00:24:46    -2397.383196        0.386542
MDMin:  136 00:24:47    -2397.384096        0.379380
MDMin:  137 00:24:49    -2397.383831        0.574790
MDMin:  138 00:24:50    -2397.385616        0.383367
MDMin:  139 00:24:52    -2397.386492        0.376224
MDMin:  140 00:24:54    -2397.386106        0.570599
MDMin:  141 00:24:56    -2397.387975        0.380079
MDMin:  142 00:24:58    -2397.388838        0.377501
MDMin:  143 00:24:59    -2397.388251        0.566540
MDMin:  144 00:25:01    -2397.390302        0.379089
MDMin:  145 00:25:03    -2397.391159        0.379713
MDMin:  146 00:25:05    -2397.390299        0.562578
MDMin:  147 00:25:07    -2397.392614        0.380944
MDMin:  148 00:25:08    -2397.393218        0.560684
MDMin:  149 00:25:09    -2397.393758        0.381720
MDMin:  150 00:25:11    -2397.394506        0.382008
MDMin:  151 00:25:12    -2397.394664        0.557612
MDMin:  152 00:25:14    -2397.395805        0.382465
MDMin:  153 00:25:16    -2397.396610        0.382560
MDMin:  154 00:25:17    -2397.396278        0.554249
MDMin:  155 00:25:19    -2397.397987        0.382499
MDMin:  156 00:25:20    -2397.398824        0.382335
MDMin:  157 00:25:22    -2397.397950        0.550758
MDMin:  158 00:25:24    -2397.400248        0.381637
MDMin:  159 00:25:26    -2397.400686        0.549187
MDMin:  160 00:25:28    -2397.401390        0.380694
MDMin:  161 00:25:30    -2397.402150        0.380129
MDMin:  162 00:25:32    -2397.401924        0.546356
MDMin:  163 00:25:34    -2397.403467        0.378498
MDMin:  164 00:25:36    -2397.404296        0.377615
MDMin:  165 00:25:38    -2397.403356        0.543227
MDMin:  166 00:25:40    -2397.405711        0.375249
MDMin:  167 00:25:42    -2397.405982        0.541908
MDMin:  168 00:25:43    -2397.406867        0.372908
MDMin:  169 00:25:45    -2397.407649        0.371680
MDMin:  170 00:25:47    -2397.407107        0.539257
MDMin:  171 00:25:48    -2397.408998        0.368513
MDMin:  172 00:25:50    -2397.409574        0.538189
MDMin:  173 00:25:51    -2397.410135        0.370645
MDMin:  174 00:25:53    -2397.410919        0.373073
MDMin:  175 00:25:55    -2397.410586        0.535737
MDMin:  176 00:25:57    -2397.412274        0.378807
MDMin:  177 00:25:59    -2397.413003        0.534852
MDMin:  178 00:26:01    -2397.413426        0.383718
MDMin:  179 00:26:03    -2397.414229        0.386067
MDMin:  180 00:26:05    -2397.413956        0.532525
MDMin:  181 00:26:07    -2397.415610        0.391566
MDMin:  182 00:26:08    -2397.416354        0.531815
MDMin:  183 00:26:10    -2397.416792        0.396220
MDMin:  184 00:26:12    -2397.417619        0.398422
MDMin:  185 00:26:14    -2397.417273        0.529598
MDMin:  186 00:26:15    -2397.419038        0.403511
MDMin:  187 00:26:17    -2397.419666        0.529079
MDMin:  188 00:26:19    -2397.420257        0.407743
MDMin:  189 00:26:20    -2397.421115        0.409715
MDMin:  190 00:26:22    -2397.420570        0.526972
MDMin:  191 00:26:24    -2397.422580        0.414188
MDMin:  192 00:26:26    -2397.422970        0.526661
MDMin:  193 00:26:27    -2397.423841        0.417809
MDMin:  194 00:26:28    -2397.424735        0.419458
MDMin:  195 00:26:30    -2397.423876        0.524671
MDMin:  196 00:26:32    -2397.426251        0.423093
MDMin:  197 00:26:33    -2397.426290        0.524594
MDMin:  198 00:26:35    -2397.427560        0.425904
MDMin:  199 00:26:36    -2397.428402        0.524729
MDMin:  200 00:26:37    -2397.428769        0.428188
MDMin:  201 00:26:38    -2397.429667        0.429201
MDMin:  202 00:26:40    -2397.429169        0.523077
MDMin:  203 00:26:41    -2397.431189        0.431298
MDMin:  204 00:26:43    -2397.431523        0.523429
MDMin:  205 00:26:45    -2397.432524        0.432716
MDMin:  206 00:26:46    -2397.433494        0.433252
MDMin:  207 00:26:48    -2397.432404        0.521832
MDMin:  208 00:26:50    -2397.435116        0.434125
MDMin:  209 00:26:52    -2397.434842        0.522455
MDMin:  210 00:26:54    -2397.436526        0.434392
MDMin:  211 00:26:56    -2397.436988        0.523225
MDMin:  212 00:26:57    -2397.437833        0.434216
MDMin:  213 00:26:59    -2397.438821        0.433977
MDMin:  214 00:27:01    -2397.437796        0.521926
MDMin:  215 00:27:03    -2397.440467        0.432990
MDMin:  216 00:27:05    -2397.440210        0.523033
MDMin:  217 00:27:07    -2397.441915        0.431621
MDMin:  218 00:27:09    -2397.442361        0.524242
MDMin:  219 00:27:10    -2397.443268        0.429927
MDMin:  220 00:27:12    -2397.444303        0.428939
MDMin:  221 00:27:14    -2397.443188        0.523189
MDMin:  222 00:27:15    -2397.446015        0.426169
MDMin:  223 00:27:17    -2397.445639        0.524816
MDMin:  224 00:27:19    -2397.447524        0.423267
MDMin:  225 00:27:21    -2397.447829        0.526497
MDMin:  226 00:27:23    -2397.448936        0.420191
MDMin:  227 00:27:25    -2397.449889        0.528270
MDMin:  228 00:27:26    -2397.450302        0.416914
MDMin:  229 00:27:27    -2397.451378        0.415152
MDMin:  230 00:27:28    -2397.450694        0.527555
MDMin:  231 00:27:29    -2397.453148        0.410582
MDMin:  232 00:27:30    -2397.453171        0.529917
MDMin:  233 00:27:32    -2397.454720        0.406196
MDMin:  234 00:27:34    -2397.455400        0.532262
MDMin:  235 00:27:36    -2397.456198        0.401838
MDMin:  236 00:27:38    -2397.457352        0.399586
MDMin:  237 00:27:40    -2397.456327        0.531820
MDMin:  238 00:27:42    -2397.459235        0.393933
MDMin:  239 00:27:44    -2397.458912        0.534803
MDMin:  240 00:27:46    -2397.460900        0.388724
MDMin:  241 00:27:47    -2397.461235        0.537707
MDMin:  242 00:27:48    -2397.462463        0.383706
MDMin:  243 00:27:50    -2397.463434        0.540641
MDMin:  244 00:27:52    -2397.463982        0.378758
MDMin:  245 00:27:54    -2397.465193        0.376229
MDMin:  246 00:27:56    -2397.464404        0.540572
MDMin:  247 00:27:58    -2397.467172        0.369985
MDMin:  248 00:28:00    -2397.467075        0.544380
MDMin:  249 00:28:01    -2397.468934        0.370763
MDMin:  250 00:28:03    -2397.469494        0.548031
MDMin:  251 00:28:05    -2397.470598        0.374603
MDMin:  252 00:28:06    -2397.471798        0.551673
MDMin:  253 00:28:08    -2397.472224        0.378401
MDMin:  254 00:28:09    -2397.473522        0.370842
MDMin:  255 00:28:11    -2397.472884        0.552022
MDMin:  256 00:28:12    -2397.475648        0.375381
MDMin:  257 00:28:14    -2397.475705        0.556700
MDMin:  258 00:28:16    -2397.477548        0.379766
MDMin:  259 00:28:18    -2397.478269        0.561119
MDMin:  260 00:28:19    -2397.479349        0.384079
MDMin:  261 00:28:21    -2397.480720        0.565474
MDMin:  262 00:28:23    -2397.481114        0.388359
MDMin:  263 00:28:24    -2397.482518        0.380881
MDMin:  264 00:28:26    -2397.481959        0.566280
MDMin:  265 00:28:28    -2397.484834        0.386030
MDMin:  266 00:28:30    -2397.484974        0.571799
MDMin:  267 00:28:32    -2397.486911        0.390991
MDMin:  268 00:28:34    -2397.487724        0.576936
MDMin:  269 00:28:36    -2397.488887        0.395863
MDMin:  270 00:28:38    -2397.490360        0.581928
MDMin:  271 00:28:40    -2397.490828        0.400695
MDMin:  272 00:28:41    -2397.492361        0.393331
MDMin:  273 00:28:43    -2397.491787        0.583202
MDMin:  274 00:28:45    -2397.494914        0.399171
MDMin:  275 00:28:46    -2397.495041        0.589404
MDMin:  276 00:28:48    -2397.497210        0.404755
MDMin:  277 00:28:50    -2397.498017        0.595069
MDMin:  278 00:28:51    -2397.499400        0.410211
MDMin:  279 00:28:53    -2397.500875        0.600466
MDMin:  280 00:28:55    -2397.501556        0.415593
MDMin:  281 00:28:57    -2397.503239        0.408389
MDMin:  282 00:28:59    -2397.502523        0.602149
MDMin:  283 00:29:01    -2397.506073        0.414903
MDMin:  284 00:29:03    -2397.506055        0.608638
MDMin:  285 00:29:05    -2397.508625        0.421057
MDMin:  286 00:29:07    -2397.509289        0.614385
MDMin:  287 00:29:08    -2397.511061        0.427007
MDMin:  288 00:29:10    -2397.512396        0.619678
MDMin:  289 00:29:11    -2397.513460        0.432817
MDMin:  290 00:29:12    -2397.515308        0.425835
MDMin:  291 00:29:13    -2397.514290        0.621596
MDMin:  292 00:29:14    -2397.518449        0.432854
MDMin:  293 00:29:16    -2397.518122        0.627597
MDMin:  294 00:29:18    -2397.521275        0.439381
MDMin:  295 00:29:19    -2397.521626        0.632630
MDMin:  296 00:29:20    -2397.523968        0.445603
MDMin:  297 00:29:22    -2397.524984        0.636980
MDMin:  298 00:29:24    -2397.526227        0.882991
MDMin:  299 00:29:26    -2397.526545        0.874839
MDMin:  300 00:29:27    -2397.526938        0.861625
MDMin:  301 00:29:29    -2397.527389        0.838644
MDMin:  302 00:29:31    -2397.527886        0.799140
MDMin:  303 00:29:33    -2397.528414        0.740898
MDMin:  304 00:29:35    -2397.528955        0.676775
MDMin:  305 00:29:37    -2397.529485        0.624762
MDMin:  306 00:29:39    -2397.529978        0.582994
MDMin:  307 00:29:41    -2397.530416        0.542574
MDMin:  308 00:29:43    -2397.530065        0.636143
MDMin:  309 00:29:45    -2397.531554        0.536423
MDMin:  310 00:29:47    -2397.531728        0.504750
MDMin:  311 00:29:49    -2397.531914        0.480841
MDMin:  312 00:29:51    -2397.532103        0.460325
MDMin:  313 00:29:54    -2397.532290        0.439044
MDMin:  314 00:29:56    -2397.532467        0.422797
MDMin:  315 00:29:58    -2397.532633        0.431673
MDMin:  316 00:29:59    -2397.532414        0.603717
MDMin:  317 00:30:01    -2397.533363        0.439103
MDMin:  318 00:30:03    -2397.533496        0.443865
MDMin:  319 00:30:05    -2397.533639        0.449228
MDMin:  320 00:30:07    -2397.533785        0.455022
MDMin:  321 00:30:09    -2397.533932        0.461077
MDMin:  322 00:30:10    -2397.534079        0.467224
MDMin:  323 00:30:11    -2397.534226        0.473343
MDMin:  324 00:30:13    -2397.534375        0.479329
MDMin:  325 00:30:15    -2397.534529        0.497127
MDMin:  326 00:30:17    -2397.534691        0.517670
MDMin:  327 00:30:19    -2397.534866        0.541319
MDMin:  328 00:30:21    -2397.535057        0.568760
MDMin:  329 00:30:22    -2397.535270        0.600820
MDMin:  330 00:30:24    -2397.535508        0.638389
MDMin:  331 00:30:26    -2397.535774        0.682174
MDMin:  332 00:30:27    -2397.536069        0.732176
MDMin:  333 00:30:29    -2397.536393        0.786792
MDMin:  334 00:30:30    -2397.536747        0.841718
MDMin:  335 00:30:31    -2397.537129        0.890004
MDMin:  336 00:30:33    -2397.537540        0.924193
MDMin:  337 00:30:34    -2397.537990        0.937026
MDMin:  338 00:30:35    -2397.538490        0.924243
MDMin:  339 00:30:36    -2397.539043        0.887531
MDMin:  340 00:30:38    -2397.539659        0.834583
MDMin:  341 00:30:39    -2397.540341        0.776064
MDMin:  342 00:30:40    -2397.541096        0.718628
MDMin:  343 00:30:41    -2397.541928        0.666045
MDMin:  344 00:30:43    -2397.542838        0.620459
MDMin:  345 00:30:44    -2397.543732        1.005695
MDMin:  346 00:30:45    -2397.543976        0.580915
MDMin:  347 00:30:46    -2397.544083        0.578207
MDMin:  348 00:30:47    -2397.544226        0.574702
MDMin:  349 00:30:48    -2397.544400        0.570604
MDMin:  350 00:30:50    -2397.544606        0.565997
MDMin:  351 00:30:52    -2397.544844        0.560930
MDMin:  352 00:30:54    -2397.545115        0.555412
MDMin:  353 00:30:56    -2397.545421        0.549372
MDMin:  354 00:30:58    -2397.545762        0.542608
MDMin:  355 00:31:00    -2397.546140        0.534782
MDMin:  356 00:31:01    -2397.546558        0.525416
MDMin:  357 00:31:03    -2397.547016        0.513693
MDMin:  358 00:31:05    -2397.547518        0.498659
MDMin:  359 00:31:07    -2397.548067        0.485504
MDMin:  360 00:31:09    -2397.548666        0.484071
MDMin:  361 00:31:10    -2397.549319        0.482299
MDMin:  362 00:31:12    -2397.550028        0.480069
MDMin:  363 00:31:14    -2397.550796        0.477366
MDMin:  364 00:31:16    -2397.551621        0.474348
MDMin:  365 00:31:18    -2397.552497        0.471381
MDMin:  366 00:31:20    -2397.553358        0.612907
MDMin:  367 00:31:22    -2397.553822        0.792815
MDMin:  368 00:31:24    -2397.553895        0.503721
MDMin:  369 00:31:26    -2397.554018        0.467840
MDMin:  370 00:31:28    -2397.554188        0.467653
MDMin:  371 00:31:30    -2397.554396        0.467515
MDMin:  372 00:31:32    -2397.554640        0.467480
MDMin:  373 00:31:34    -2397.554921        0.467612
MDMin:  374 00:31:36    -2397.555238        0.467985
MDMin:  375 00:31:38    -2397.555592        0.468679
MDMin:  376 00:31:40    -2397.555982        0.469779
MDMin:  377 00:31:42    -2397.556408        0.471356
MDMin:  378 00:31:44    -2397.556872        0.473445
MDMin:  379 00:31:46    -2397.557373        0.476010
MDMin:  380 00:31:48    -2397.557913        0.478866
MDMin:  381 00:31:49    -2397.558492        0.481584
MDMin:  382 00:31:51    -2397.559112        0.483373
MDMin:  383 00:31:53    -2397.559773        0.482999
MDMin:  384 00:31:55    -2397.560476        0.480925
MDMin:  385 00:31:57    -2397.561223        0.486784
MDMin:  386 00:31:59    -2397.562020        0.491799
MDMin:  387 00:32:01    -2397.562870        0.495795
MDMin:  388 00:32:03    -2397.563778        0.498738
MDMin:  389 00:32:05    -2397.564743        0.500808
MDMin:  390 00:32:06    -2397.565705        0.605923
MDMin:  391 00:32:07    -2397.566200        0.708379
MDMin:  392 00:32:08    -2397.566274        0.515191
MDMin:  393 00:32:10    -2397.566398        0.503077
MDMin:  394 00:32:12    -2397.566578        0.503295
MDMin:  395 00:32:13    -2397.566802        0.503611
MDMin:  396 00:32:15    -2397.567069        0.504048
MDMin:  397 00:32:17    -2397.567378        0.504639
MDMin:  398 00:32:18    -2397.567731        0.505418
MDMin:  399 00:32:21    -2397.568129        0.506429
MDMin:  400 00:32:23    -2397.568572        0.507747
MDMin:  401 00:32:25    -2397.569062        0.509412
MDMin:  402 00:32:27    -2397.569599        0.511409
MDMin:  403 00:32:28    -2397.570186        0.513629
MDMin:  404 00:32:30    -2397.570823        0.515794
MDMin:  405 00:32:32    -2397.571512        0.517338
MDMin:  406 00:32:34    -2397.572256        0.517281
MDMin:  407 00:32:36    -2397.573056        0.514123
MDMin:  408 00:32:38    -2397.573917        0.505886
MDMin:  409 00:32:40    -2397.574843        0.490448
MDMin:  410 00:32:42    -2397.575840        0.466280
MDMin:  411 00:32:43    -2397.576916        0.433407
MDMin:  412 00:32:45    -2397.578076        0.403336
MDMin:  413 00:32:47    -2397.579318        0.403768
MDMin:  414 00:32:48    -2397.580525        0.616459
MDMin:  415 00:32:49    -2397.581048        0.473294
MDMin:  416 00:32:50    -2397.581219        0.401457
MDMin:  417 00:32:52    -2397.581466        0.400933
MDMin:  418 00:32:54    -2397.581775        0.400298
MDMin:  419 00:32:56    -2397.582142        0.399572
MDMin:  420 00:32:58    -2397.582570        0.398773
MDMin:  421 00:33:00    -2397.583061        0.397923
MDMin:  422 00:33:01    -2397.583616        0.397056
MDMin:  423 00:33:02    -2397.584237        0.396218
MDMin:  424 00:33:03    -2397.584928        0.395463
MDMin:  425 00:33:04    -2397.585691        0.394863
MDMin:  426 00:33:06    -2397.586529        0.394498
MDMin:  427 00:33:07    -2397.587445        0.394462
MDMin:  428 00:33:08    -2397.588440        0.394859
MDMin:  429 00:33:10    -2397.589519        0.395801
MDMin:  430 00:33:12    -2397.590682        0.397396
MDMin:  431 00:33:13    -2397.591931        0.399734
MDMin:  432 00:33:14    -2397.593266        0.402905
MDMin:  433 00:33:17    -2397.594687        0.407005
MDMin:  434 00:33:19    -2397.596190        0.411854
MDMin:  435 00:33:21    -2397.597771        0.416912
MDMin:  436 00:33:22    -2397.599420        0.421041
MDMin:  437 00:33:24    -2397.601063        0.422365
MDMin:  438 00:33:26    -2397.602178        0.690698
MDMin:  439 00:33:27    -2397.602403        0.419771
MDMin:  440 00:33:29    -2397.602753        0.418404
MDMin:  441 00:33:30    -2397.603183        0.416342
MDMin:  442 00:33:31    -2397.603682        0.413378
MDMin:  443 00:33:32    -2397.604250        0.409216
MDMin:  444 00:33:34    -2397.604887        0.403509
MDMin:  445 00:33:36    -2397.605593        0.395881
MDMin:  446 00:33:38    -2397.606367        0.385958
MDMin:  447 00:33:40    -2397.607208        0.373424
MDMin:  448 00:33:42    -2397.608116        0.358086
MDMin:  449 00:33:43    -2397.609089        0.341456
MDMin:  450 00:33:45    -2397.610125        0.345121
MDMin:  451 00:33:47    -2397.611223        0.348069
MDMin:  452 00:33:49    -2397.612378        0.349734
MDMin:  453 00:33:51    -2397.613588        0.349398
MDMin:  454 00:33:52    -2397.614848        0.346216
MDMin:  455 00:33:54    -2397.616153        0.339334
MDMin:  456 00:33:55    -2397.617485        0.328192
MDMin:  457 00:33:57    -2397.618753        0.438735
MDMin:  458 00:33:59    -2397.619541        0.528454
MDMin:  459 00:34:01    -2397.619819        0.299061
MDMin:  460 00:34:03    -2397.620190        0.293508
MDMin:  461 00:34:05    -2397.620622        0.291060
MDMin:  462 00:34:07    -2397.621114        0.291606
MDMin:  463 00:34:08    -2397.621665        0.292287
MDMin:  464 00:34:09    -2397.622276        0.293127
MDMin:  465 00:34:10    -2397.622944        0.295793
MDMin:  466 00:34:11    -2397.623668        0.299084
MDMin:  467 00:34:12    -2397.624447        0.301765
MDMin:  468 00:34:14    -2397.624487        0.303630
MDMin:  469 00:34:15    -2397.624963        0.304441
MDMin:  470 00:34:17    -2397.624873        0.304241
MDMin:  471 00:34:18    -2397.625339        0.305475
MDMin:  472 00:34:20    -2397.625790        0.308335
MDMin:  473 00:34:21    -2397.625690        0.311488
MDMin:  474 00:34:23    -2397.626203        0.314976
MDMin:  475 00:34:25    -2397.626713        0.319004
MDMin:  476 00:34:27    -2397.626518        0.323201
MDMin:  477 00:34:29    -2397.626910        0.344554
MDMin:  478 00:34:31    -2397.627179        0.329922
MDMin:  479 00:34:32    -2397.627383        0.332172
MDMin:  480 00:34:34    -2397.627593        0.334644
MDMin:  481 00:34:36    -2397.627825        0.337536
MDMin:  482 00:34:38    -2397.627993        0.340919
MDMin:  483 00:34:40    -2397.627894        0.344585
MDMin:  484 00:34:41    -2397.628147        0.348693
MDMin:  485 00:34:42    -2397.628413        0.353395
MDMin:  486 00:34:44    -2397.628695        0.358757
MDMin:  487 00:34:45    -2397.628987        0.364795
MDMin:  488 00:34:46    -2397.629178        0.371472
MDMin:  489 00:34:47    -2397.628945        0.378136
MDMin:  490 00:34:48    -2397.629195        0.384855
MDMin:  491 00:34:49    -2397.629430        0.391268
MDMin:  492 00:34:51    -2397.629634        0.396541
MDMin:  493 00:34:52    -2397.629784        0.400041
MDMin:  494 00:34:53    -2397.629899        0.402391
MDMin:  495 00:34:54    -2397.630012        0.404295
MDMin:  496 00:34:56    -2397.630130        0.405726
MDMin:  497 00:34:59    -2397.630254        0.406384
MDMin:  498 00:35:00    -2397.630383        0.405837
MDMin:  499 00:35:02    -2397.630513        0.403545
MDMin:  500 00:35:03    -2397.630645        0.398900
MDMin:  501 00:35:05    -2397.630774        0.391300
MDMin:  502 00:35:06    -2397.630899        0.380327
MDMin:  503 00:35:07    -2397.631014        0.366149
MDMin:  504 00:35:08    -2397.631112        0.350398
MDMin:  505 00:35:10    -2397.631181        0.336680
MDMin:  506 00:35:11    -2397.631227        0.326064
MDMin:  507 00:35:13    -2397.631270        0.315433
MDMin:  508 00:35:15    -2397.631312        0.314031
MDMin:  509 00:35:16    -2397.631356        0.316592
MDMin:  510 00:35:18    -2397.631399        0.319196
MDMin:  511 00:35:20    -2397.631441        0.321770
MDMin:  512 00:35:21    -2397.631480        0.324219
MDMin:  513 00:35:23    -2397.631516        0.326432
MDMin:  514 00:35:25    -2397.631548        0.328272
MDMin:  515 00:35:26    -2397.631572        0.329585
MDMin:  516 00:35:27    -2397.631589        0.330256
MDMin:  517 00:35:29    -2397.631597        0.330396
MDMin:  518 00:35:30    -2397.631602        0.330304
MDMin:  519 00:35:32    -2397.631605        0.330044
MDMin:  520 00:35:34    -2397.631607        0.329559
MDMin:  521 00:35:35    -2397.631608        0.328773
MDMin:  522 00:35:37    -2397.631607        0.327600
MDMin:  523 00:35:38    -2397.631603        0.325941
MDMin:  524 00:35:40    -2397.631597        0.323690
MDMin:  525 00:35:42    -2397.631588        0.320742
MDMin:  526 00:35:44    -2397.631575        0.317011
MDMin:  527 00:35:46    -2397.631560        0.312524
MDMin:  528 00:35:48    -2397.631544        0.307691
MDMin:  529 00:35:50    -2397.631531        0.303683
MDMin:  530 00:35:53    -2397.631522        0.300824
MDMin:  531 00:35:55    -2397.631512        0.297847
MDMin:  532 00:35:57    -2397.631501        0.294406
MDMin:  533 00:35:59    -2397.631489        0.290422
MDMin:  534 00:36:01    -2397.631475        0.285855
MDMin:  535 00:36:03    -2397.631461        0.280681
MDMin:  536 00:36:05    -2397.631445        0.274891
MDMin:  537 00:36:07    -2397.631428        0.268507
MDMin:  538 00:36:09    -2397.631412        0.261587
MDMin:  539 00:36:10    -2397.631395        0.254278
MDMin:  540 00:36:12    -2397.631379        0.246929
MDMin:  541 00:36:14    -2397.631367        0.277284
MDMin:  542 00:36:16    -2397.631359        0.246719
MDMin:  543 00:36:18    -2397.631354        0.232962
MDMin:  544 00:36:20    -2397.631349        0.229874
MDMin:  545 00:36:22    -2397.631344        0.226540
MDMin:  546 00:36:24    -2397.631340        0.222980
MDMin:  547 00:36:26    -2397.631337        0.219258
MDMin:  548 00:36:28    -2397.631334        0.215453
MDMin:  549 00:36:29    -2397.631333        0.216532
MDMin:  550 00:36:31    -2397.631334        0.221795
MDMin:  551 00:36:33    -2397.631338        0.227852
MDMin:  552 00:36:35    -2397.631345        0.234512
MDMin:  553 00:36:36    -2397.631355        0.241234
MDMin:  554 00:36:38    -2397.631369        0.246952
MDMin:  555 00:36:39    -2397.631383        0.282843
MDMin:  556 00:36:41    -2397.631395        0.251528
MDMin:  557 00:36:43    -2397.631405        0.251572
MDMin:  558 00:36:45    -2397.631418        0.250599
MDMin:  559 00:36:47    -2397.631432        0.248287
MDMin:  560 00:36:49    -2397.631450        0.244379
MDMin:  561 00:36:51    -2397.631471        0.238902
MDMin:  562 00:36:53    -2397.631496        0.232342
MDMin:  563 00:36:55    -2397.631525        0.225627
MDMin:  564 00:36:56    -2397.631559        0.226066
MDMin:  565 00:36:58    -2397.631598        0.228560
MDMin:  566 00:37:00    -2397.631642        0.231216
MDMin:  567 00:37:02    -2397.631688        0.233864
MDMin:  568 00:37:04    -2397.631730        0.286499
MDMin:  569 00:37:05    -2397.631761        0.237752
MDMin:  570 00:37:07    -2397.631788        0.239151
MDMin:  571 00:37:09    -2397.631819        0.240660
MDMin:  572 00:37:11    -2397.631854        0.242350
MDMin:  573 00:37:13    -2397.631894        0.244237
MDMin:  574 00:37:14    -2397.631939        0.246334
MDMin:  575 00:37:16    -2397.631990        0.248647
MDMin:  576 00:37:18    -2397.632048        0.251181
MDMin:  577 00:37:20    -2397.632112        0.253934
MDMin:  578 00:37:22    -2397.632182        0.256884
MDMin:  579 00:37:24    -2397.632258        0.259953
MDMin:  580 00:37:26    -2397.632334        0.262912
MDMin:  581 00:37:28    -2397.632396        0.274997
MDMin:  582 00:37:30    -2397.632442        0.266956
MDMin:  583 00:37:32    -2397.632486        0.268528
MDMin:  584 00:37:34    -2397.632535        0.270228
MDMin:  585 00:37:36    -2397.632591        0.272089
MDMin:  586 00:37:38    -2397.632653        0.274106
MDMin:  587 00:37:39    -2397.632723        0.276262
MDMin:  588 00:37:41    -2397.632801        0.278528
MDMin:  589 00:37:43    -2397.632888        0.280867
MDMin:  590 00:37:45    -2397.632983        0.283226
MDMin:  591 00:37:47    -2397.633086        0.285523
MDMin:  592 00:37:49    -2397.633193        0.287632
MDMin:  593 00:37:51    -2397.633294        0.289336
MDMin:  594 00:37:52    -2397.633372        0.290466
MDMin:  595 00:37:54    -2397.633433        0.291250
MDMin:  596 00:37:56    -2397.633497        0.291958
MDMin:  597 00:37:58    -2397.633568        0.292637
MDMin:  598 00:38:00    -2397.633647        0.293264
MDMin:  599 00:38:02    -2397.633737        0.293799
MDMin:  600 00:38:03    -2397.633836        0.294195
MDMin:  601 00:38:04    -2397.633945        0.294402
MDMin:  602 00:38:06    -2397.634065        0.298205
MDMin:  603 00:38:08    -2397.634196        0.303605
MDMin:  604 00:38:10    -2397.634335        0.308557
MDMin:  605 00:38:11    -2397.634474        0.312538
MDMin:  606 00:38:13    -2397.634597        0.315060
MDMin:  607 00:38:15    -2397.634688        0.316264
MDMin:  608 00:38:17    -2397.634767        0.316839
MDMin:  609 00:38:19    -2397.634852        0.316960
MDMin:  610 00:38:21    -2397.634947        0.316475
MDMin:  611 00:38:23    -2397.635054        0.315146
MDMin:  612 00:38:25    -2397.635172        0.312699
MDMin:  613 00:38:27    -2397.635302        0.308842
MDMin:  614 00:38:29    -2397.635446        0.303303
MDMin:  615 00:38:31    -2397.635601        0.295878
MDMin:  616 00:38:33    -2397.635768        0.286563
MDMin:  617 00:38:35    -2397.635939        0.277545
MDMin:  618 00:38:37    -2397.636096        0.278869
MDMin:  619 00:38:39    -2397.636211        0.275689
MDMin:  620 00:38:40    -2397.636300        0.275249
MDMin:  621 00:38:43    -2397.636394        0.274886
MDMin:  622 00:38:44    -2397.636499        0.274606
MDMin:  623 00:38:45    -2397.636617        0.274462
MDMin:  624 00:38:46    -2397.636748        0.274521
MDMin:  625 00:38:47    -2397.636892        0.274887
MDMin:  626 00:38:49    -2397.637049        0.275664
MDMin:  627 00:38:50    -2397.637219        0.276957
MDMin:  628 00:38:52    -2397.637401        0.278863
MDMin:  629 00:38:53    -2397.637591        0.281410
MDMin:  630 00:38:55    -2397.637772        0.284374
MDMin:  631 00:38:57    -2397.637912        0.286989
MDMin:  632 00:38:59    -2397.638008        0.288920
MDMin:  633 00:39:01    -2397.638102        0.290945
MDMin:  634 00:39:03    -2397.638207        0.293322
MDMin:  635 00:39:05    -2397.638323        0.296116
MDMin:  636 00:39:08    -2397.638452        0.299359
MDMin:  637 00:39:10    -2397.638593        0.303056
MDMin:  638 00:39:12    -2397.638746        0.307182
MDMin:  639 00:39:14    -2397.638911        0.311661
MDMin:  640 00:39:16    -2397.639086        0.316346
MDMin:  641 00:39:19    -2397.639271        0.320980
MDMin:  642 00:39:20    -2397.639458        0.325150
MDMin:  643 00:39:23    -2397.639627        0.328251
MDMin:  644 00:39:24    -2397.639748        0.329946
MDMin:  645 00:39:26    -2397.639836        0.330879
MDMin:  646 00:39:29    -2397.639926        0.331566
MDMin:  647 00:39:31    -2397.640027        0.331985
MDMin:  648 00:39:33    -2397.640138        0.332004
MDMin:  649 00:39:35    -2397.640261        0.331466
MDMin:  650 00:39:37    -2397.640394        0.330210
MDMin:  651 00:39:39    -2397.640538        0.328082
MDMin:  652 00:39:41    -2397.640692        0.324964
MDMin:  653 00:39:43    -2397.640856        0.320799
MDMin:  654 00:39:45    -2397.641026        0.315638
MDMin:  655 00:39:48    -2397.641196        0.309803
MDMin:  656 00:39:49    -2397.641344        0.304305
MDMin:  657 00:39:51    -2397.641439        0.300571
MDMin:  658 00:39:53    -2397.641512        0.297579
MDMin:  659 00:39:55    -2397.641592        0.294248
MDMin:  660 00:39:57    -2397.641682        0.290411
MDMin:  661 00:39:59    -2397.641780        0.286019
MDMin:  662 00:40:01    -2397.641889        0.281027
MDMin:  663 00:40:03    -2397.642006        0.275380
MDMin:  664 00:40:05    -2397.642132        0.269013
MDMin:  665 00:40:06    -2397.642267        0.261845
MDMin:  666 00:40:08    -2397.642409        0.253796
MDMin:  667 00:40:10    -2397.642557        0.244837
MDMin:  668 00:40:12    -2397.642707        0.235184
MDMin:  669 00:40:14    -2397.642841        0.233175
MDMin:  670 00:40:16    -2397.642929        0.219933
MDMin:  671 00:40:17    -2397.642988        0.220393
MDMin:  672 00:40:20    -2397.643052        0.222025
MDMin:  673 00:40:21    -2397.643123        0.223886
MDMin:  674 00:40:22    -2397.643202        0.225989
MDMin:  675 00:40:23    -2397.643289        0.228338
MDMin:  676 00:40:24    -2397.643383        0.230929
MDMin:  677 00:40:25    -2397.643484        0.233755
MDMin:  678 00:40:27    -2397.643591        0.236801
MDMin:  679 00:40:29    -2397.643705        0.240041
MDMin:  680 00:40:31    -2397.643825        0.243430
MDMin:  681 00:40:33    -2397.643948        0.246889
MDMin:  682 00:40:35    -2397.644070        0.250221
MDMin:  683 00:40:36    -2397.644171        0.252890
MDMin:  684 00:40:38    -2397.644229        0.254368
MDMin:  685 00:40:40    -2397.644277        0.255546
MDMin:  686 00:40:41    -2397.644329        0.256805
MDMin:  687 00:40:43    -2397.644387        0.258160
MDMin:  688 00:40:44    -2397.644452        0.259586
MDMin:  689 00:40:46    -2397.644522        0.261049
MDMin:  690 00:40:48    -2397.644598        0.262507
MDMin:  691 00:40:50    -2397.644679        0.263912
MDMin:  692 00:40:52    -2397.644766        0.265210
MDMin:  693 00:40:55    -2397.644856        0.266339
MDMin:  694 00:40:57    -2397.644951        0.267236
MDMin:  695 00:40:59    -2397.645048        0.267834
MDMin:  696 00:41:01    -2397.645141        0.268085
MDMin:  697 00:41:03    -2397.645211        0.268046
MDMin:  698 00:41:05    -2397.645250        0.267934
MDMin:  699 00:41:07    -2397.645288        0.267768
MDMin:  700 00:41:08    -2397.645331        0.267520
MDMin:  701 00:41:10    -2397.645378        0.267165
MDMin:  702 00:41:12    -2397.645430        0.266681
MDMin:  703 00:41:14    -2397.645487        0.266047
MDMin:  704 00:41:15    -2397.645547        0.265243
MDMin:  705 00:41:16    -2397.645612        0.264255
MDMin:  706 00:41:18    -2397.645681        0.263073
MDMin:  707 00:41:20    -2397.645753        0.261707
MDMin:  708 00:41:21    -2397.645828        0.260184
MDMin:  709 00:41:23    -2397.645904        0.258572
MDMin:  710 00:41:25    -2397.645973        0.257060
MDMin:  711 00:41:27    -2397.646019        0.256045
MDMin:  712 00:41:28    -2397.646047        0.255446
MDMin:  713 00:41:30    -2397.646076        0.254810
MDMin:  714 00:41:31    -2397.646110        0.254111
MDMin:  715 00:41:33    -2397.646147        0.253363
MDMin:  716 00:41:35    -2397.646187        0.252585
MDMin:  717 00:41:36    -2397.646232        0.251805
MDMin:  718 00:41:39    -2397.646279        0.251054
MDMin:  719 00:41:40    -2397.646330        0.250374
MDMin:  720 00:41:42    -2397.646383        0.249811
MDMin:  721 00:41:43    -2397.646440        0.249421
MDMin:  722 00:41:45    -2397.646498        0.249259
MDMin:  723 00:41:47    -2397.646558        0.249382
MDMin:  724 00:41:48    -2397.646618        0.249813
MDMin:  725 00:41:50    -2397.646669        0.250435
MDMin:  726 00:41:51    -2397.646699        0.250899
MDMin:  727 00:41:52    -2397.646720        0.251280
MDMin:  728 00:41:54    -2397.646743        0.251742
MDMin:  729 00:41:56    -2397.646770        0.252312
MDMin:  730 00:41:58    -2397.646799        0.252998
MDMin:  731 00:41:59    -2397.646831        0.253804
MDMin:  732 00:42:01    -2397.646865        0.254721
MDMin:  733 00:42:02    -2397.646902        0.255727
MDMin:  734 00:42:04    -2397.646941        0.256776
MDMin:  735 00:42:06    -2397.646983        0.257794
MDMin:  736 00:42:08    -2397.647026        0.258670
MDMin:  737 00:42:10    -2397.647071        0.259248
MDMin:  738 00:42:12    -2397.647117        0.259328
MDMin:  739 00:42:14    -2397.647164        0.258707
MDMin:  740 00:42:16    -2397.647206        0.257396
MDMin:  741 00:42:18    -2397.647233        0.256117
MDMin:  742 00:42:19    -2397.647249        0.255119
MDMin:  743 00:42:21    -2397.647268        0.253853
MDMin:  744 00:42:23    -2397.647289        0.252198
MDMin:  745 00:42:25    -2397.647312        0.250063
MDMin:  746 00:42:26    -2397.647337        0.247354
MDMin:  747 00:42:28    -2397.647365        0.243975
MDMin:  748 00:42:30    -2397.647395        0.239832
MDMin:  749 00:42:32    -2397.647426        0.234845
MDMin:  750 00:42:34    -2397.647460        0.228956
MDMin:  751 00:42:36    -2397.647496        0.222144
MDMin:  752 00:42:37    -2397.647534        0.214437
MDMin:  753 00:42:39    -2397.647573        0.205961
MDMin:  754 00:42:40    -2397.647613        0.197031
MDMin:  755 00:42:42    -2397.647649        0.195715
MDMin:  756 00:42:43    -2397.647672        0.186957
MDMin:  757 00:42:44    -2397.647686        0.188280
MDMin:  758 00:42:45    -2397.647701        0.189708
MDMin:  759 00:42:47    -2397.647718        0.191287
MDMin:  760 00:42:49    -2397.647737        0.192987
MDMin:  761 00:42:51    -2397.647758        0.194764
MDMin:  762 00:42:53    -2397.647782        0.196559
MDMin:  763 00:42:55    -2397.647807        0.198300
MDMin:  764 00:42:57    -2397.647834        0.199894
MDMin:  765 00:42:58    -2397.647863        0.201236
MDMin:  766 00:43:00    -2397.647894        0.202202
MDMin:  767 00:43:01    -2397.647927        0.202656
MDMin:  768 00:43:03    -2397.647962        0.202464
MDMin:  769 00:43:05    -2397.647998        0.201508
MDMin:  770 00:43:07    -2397.648034        0.199795
MDMin:  771 00:43:09    -2397.648062        0.230524
MDMin:  772 00:43:11    -2397.648075        0.196897
MDMin:  773 00:43:13    -2397.648088        0.195775
MDMin:  774 00:43:15    -2397.648103        0.194399
MDMin:  775 00:43:17    -2397.648120        0.192731
MDMin:  776 00:43:19    -2397.648139        0.190740
MDMin:  777 00:43:21    -2397.648160        0.188400
MDMin:  778 00:43:23    -2397.648183        0.189113
MDMin:  779 00:43:25    -2397.648208        0.190064
MDMin:  780 00:43:27    -2397.648235        0.190788
MDMin:  781 00:43:29    -2397.648264        0.191213
MDMin:  782 00:43:31    -2397.648296        0.191262
MDMin:  783 00:43:33    -2397.648329        0.190865
MDMin:  784 00:43:35    -2397.648363        0.189989
MDMin:  785 00:43:37    -2397.648392        0.201598
MDMin:  786 00:43:40    -2397.648406        0.188113
MDMin:  787 00:43:42    -2397.648418        0.187458
MDMin:  788 00:43:44    -2397.648432        0.186665
MDMin:  789 00:43:46    -2397.648447        0.185706
MDMin:  790 00:43:48    -2397.648464        0.184561
MDMin:  791 00:43:50    -2397.648484        0.183210
MDMin:  792 00:43:52    -2397.648505        0.181635
MDMin:  793 00:43:53    -2397.648529        0.179821
MDMin:  794 00:43:55    -2397.648554        0.177754
MDMin:  795 00:43:57    -2397.648582        0.175428
MDMin:  796 00:43:59    -2397.648612        0.172845
MDMin:  797 00:44:01    -2397.648644        0.170024
MDMin:  798 00:44:03    -2397.648678        0.167036
MDMin:  799 00:44:05    -2397.648709        0.164219
MDMin:  800 00:44:07    -2397.648728        0.162539
MDMin:  801 00:44:09    -2397.648738        0.161678
MDMin:  802 00:44:12    -2397.648749        0.160653
MDMin:  803 00:44:14    -2397.648763        0.159474
MDMin:  804 00:44:16    -2397.648778        0.158147
MDMin:  805 00:44:18    -2397.648795        0.156680
MDMin:  806 00:44:19    -2397.648814        0.155083
MDMin:  807 00:44:21    -2397.648836        0.153370
MDMin:  808 00:44:22    -2397.648859        0.151555
MDMin:  809 00:44:23    -2397.648884        0.149657
