       Step     Time          Energy          fmax
MDMin:    0 02:22:18    -2396.358185        0.148171
MDMin:    1 02:22:20    -2396.358184        0.148155
MDMin:    2 02:22:22    -2396.358184        0.148106
MDMin:    3 02:22:23    -2396.358182        0.148020
MDMin:    4 02:22:25    -2396.358180        0.147894
MDMin:    5 02:22:27    -2396.358177        0.147721
MDMin:    6 02:22:29    -2396.358173        0.147495
MDMin:    7 02:22:31    -2396.358169        0.147213
MDMin:    8 02:22:33    -2396.358164        0.146869
MDMin:    9 02:22:35    -2396.358159        0.146465
MDMin:   10 02:22:37    -2396.358153        0.146000
MDMin:   11 02:22:39    -2396.358146        0.145477
MDMin:   12 02:22:41    -2396.358139        0.144901
MDMin:   13 02:22:43    -2396.358131        0.144274
MDMin:   14 02:22:45    -2396.358122        0.143601
MDMin:   15 02:22:47    -2396.358113        0.142882
MDMin:   16 02:22:49    -2396.358104        0.142120
MDMin:   17 02:22:50    -2396.358093        0.141314
MDMin:   18 02:22:52    -2396.358083        0.140465
MDMin:   19 02:22:54    -2396.358072        0.139572
MDMin:   20 02:22:55    -2396.358060        0.138633
MDMin:   21 02:22:57    -2396.358049        0.137649
MDMin:   22 02:22:59    -2396.358036        0.136617
MDMin:   23 02:23:00    -2396.358024        0.135538
MDMin:   24 02:23:02    -2396.358011        0.134411
MDMin:   25 02:23:04    -2396.357997        0.133235
MDMin:   26 02:23:06    -2396.357984        0.132010
MDMin:   27 02:23:08    -2396.357970        0.130736
MDMin:   28 02:23:10    -2396.357955        0.129414
MDMin:   29 02:23:12    -2396.357941        0.128043
MDMin:   30 02:23:14    -2396.357926        0.126625
MDMin:   31 02:23:15    -2396.357911        0.125160
MDMin:   32 02:23:17    -2396.357896        0.123649
MDMin:   33 02:23:19    -2396.357881        0.122093
MDMin:   34 02:23:21    -2396.357866        0.120493
MDMin:   35 02:23:23    -2396.357850        0.118852
MDMin:   36 02:23:25    -2396.357835        0.117170
MDMin:   37 02:23:27    -2396.357819        0.115451
MDMin:   38 02:23:29    -2396.357804        0.113695
MDMin:   39 02:23:31    -2396.357788        0.111906
MDMin:   40 02:23:34    -2396.357773        0.110086
MDMin:   41 02:23:36    -2396.357757        0.108238
MDMin:   42 02:23:38    -2396.357742        0.106365
MDMin:   43 02:23:40    -2396.357727        0.104471
MDMin:   44 02:23:42    -2396.357711        0.102560
MDMin:   45 02:23:43    -2396.357696        0.100634
MDMin:   46 02:23:45    -2396.357681        0.098698
MDMin:   47 02:23:47    -2396.357667        0.096756
MDMin:   48 02:23:48    -2396.357652        0.094812
MDMin:   49 02:23:50    -2396.357638        0.092871
MDMin:   50 02:23:53    -2396.357624        0.091249
MDMin:   51 02:23:54    -2396.357610        0.090903
MDMin:   52 02:23:56    -2396.357597        0.090544
MDMin:   53 02:23:58    -2396.357584        0.090175
MDMin:   54 02:23:59    -2396.357571        0.089799
MDMin:   55 02:24:01    -2396.357559        0.089417
MDMin:   56 02:24:02    -2396.357547        0.089633
MDMin:   57 02:24:03    -2396.357535        0.090690
MDMin:   58 02:24:05    -2396.357524        0.091781
MDMin:   59 02:24:06    -2396.357513        0.092908
MDMin:   60 02:24:08    -2396.357502        0.094072
MDMin:   61 02:24:10    -2396.357492        0.095276
MDMin:   62 02:24:12    -2396.357483        0.096520
MDMin:   63 02:24:13    -2396.357473        0.097807
MDMin:   64 02:24:14    -2396.357465        0.099139
MDMin:   65 02:24:16    -2396.357456        0.100516
MDMin:   66 02:24:18    -2396.357448        0.101941
MDMin:   67 02:24:19    -2396.357441        0.103413
MDMin:   68 02:24:21    -2396.357433        0.104934
MDMin:   69 02:24:22    -2396.357427        0.106504
MDMin:   70 02:24:23    -2396.357420        0.108123
MDMin:   71 02:24:25    -2396.357414        0.109790
MDMin:   72 02:24:27    -2396.357409        0.111502
MDMin:   73 02:24:29    -2396.357403        0.113259
MDMin:   74 02:24:31    -2396.357398        0.115055
MDMin:   75 02:24:33    -2396.357394        0.116888
MDMin:   76 02:24:35    -2396.357389        0.118751
MDMin:   77 02:24:37    -2396.357385        0.120637
MDMin:   78 02:24:38    -2396.357382        0.122538
MDMin:   79 02:24:40    -2396.357378        0.124443
MDMin:   80 02:24:42    -2396.357375        0.126340
MDMin:   81 02:24:43    -2396.357372        0.128215
MDMin:   82 02:24:45    -2396.357370        0.130050
MDMin:   83 02:24:47    -2396.357367        0.131828
MDMin:   84 02:24:49    -2396.357365        0.133526
MDMin:   85 02:24:50    -2396.357363        0.135119
MDMin:   86 02:24:51    -2396.357361        0.136580
MDMin:   87 02:24:53    -2396.357360        0.137880
MDMin:   88 02:24:55    -2396.357358        0.138989
MDMin:   89 02:24:57    -2396.357357        0.139875
MDMin:   90 02:24:59    -2396.357356        0.140500
MDMin:   91 02:25:01    -2396.357355        0.140822
MDMin:   92 02:25:03    -2396.357354        0.140801
MDMin:   93 02:25:04    -2396.357353        0.140395
MDMin:   94 02:25:06    -2396.357352        0.139554
MDMin:   95 02:25:07    -2396.357352        0.138232
MDMin:   96 02:25:08    -2396.357351        0.136394
MDMin:   97 02:25:10    -2396.357351        0.134013
MDMin:   98 02:25:11    -2396.357351        0.131067
MDMin:   99 02:25:13    -2396.357351        0.127547
MDMin:  100 02:25:15    -2396.357351        0.123457
MDMin:  101 02:25:17    -2396.357351        0.118814
MDMin:  102 02:25:19    -2396.357351        0.113649
MDMin:  103 02:25:22    -2396.357351        0.108011
MDMin:  104 02:25:24    -2396.357351        0.101960
MDMin:  105 02:25:25    -2396.357351        0.100212
MDMin:  106 02:25:27    -2396.357352        0.103657
MDMin:  107 02:25:29    -2396.357352        0.106374
MDMin:  108 02:25:31    -2396.357352        0.108328
MDMin:  109 02:25:33    -2396.357353        0.109497
MDMin:  110 02:25:35    -2396.357353        0.109882
MDMin:  111 02:25:37    -2396.357354        0.109502
MDMin:  112 02:25:39    -2396.357355        0.108394
MDMin:  113 02:25:41    -2396.357355        0.106608
MDMin:  114 02:25:43    -2396.357356        0.104209
MDMin:  115 02:25:44    -2396.357357        0.101274
MDMin:  116 02:25:46    -2396.357358        0.097886
MDMin:  117 02:25:48    -2396.357359        0.094131
MDMin:  118 02:25:50    -2396.357359        0.090098
MDMin:  119 02:25:52    -2396.357360        0.085873
MDMin:  120 02:25:53    -2396.357361        0.081542
MDMin:  121 02:25:54    -2396.357362        0.077183
MDMin:  122 02:25:55    -2396.357363        0.072868
MDMin:  123 02:25:57    -2396.357365        0.068663
MDMin:  124 02:25:58    -2396.357366        0.064621
MDMin:  125 02:26:00    -2396.357367        0.062028
MDMin:  126 02:26:01    -2396.357368        0.063433
MDMin:  127 02:26:02    -2396.357369        0.065105
MDMin:  128 02:26:04    -2396.357371        0.067069
MDMin:  129 02:26:05    -2396.357372        0.069342
MDMin:  130 02:26:07    -2396.357373        0.071940
MDMin:  131 02:26:08    -2396.357374        0.074872
MDMin:  132 02:26:09    -2396.357376        0.078141
MDMin:  133 02:26:11    -2396.357377        0.081745
MDMin:  134 02:26:13    -2396.357378        0.085675
MDMin:  135 02:26:14    -2396.357379        0.089923
MDMin:  136 02:26:16    -2396.357380        0.094467
MDMin:  137 02:26:17    -2396.357381        0.099296
MDMin:  138 02:26:18    -2396.357382        0.104361
MDMin:  139 02:26:20    -2396.357383        0.109669
MDMin:  140 02:26:22    -2396.357384        0.115069
MDMin:  141 02:26:24    -2396.357385        0.120599
MDMin:  142 02:26:26    -2396.357386        0.125769
MDMin:  143 02:26:28    -2396.357387        0.130704
MDMin:  144 02:26:29    -2396.357387        0.134883
MDMin:  145 02:26:31    -2396.357388        0.138971
MDMin:  146 02:26:33    -2396.357388        0.142841
MDMin:  147 02:26:34    -2396.357389        0.146794
MDMin:  148 02:26:35    -2396.357389        0.150733
MDMin:  149 02:26:37    -2396.357390        0.154717
MDMin:  150 02:26:38    -2396.357390        0.158710
MDMin:  151 02:26:39    -2396.357390        0.162715
MDMin:  152 02:26:41    -2396.357391        0.166715
MDMin:  153 02:26:42    -2396.357391        0.170701
MDMin:  154 02:26:43    -2396.357392        0.174661
MDMin:  155 02:26:44    -2396.357392        0.178581
MDMin:  156 02:26:47    -2396.357393        0.182449
MDMin:  157 02:26:49    -2396.357393        0.186250
MDMin:  158 02:26:50    -2396.357393        0.189971
MDMin:  159 02:26:52    -2396.357394        0.193597
MDMin:  160 02:26:54    -2396.357394        0.197114
MDMin:  161 02:26:56    -2396.357395        0.200509
MDMin:  162 02:26:58    -2396.357395        0.203769
MDMin:  163 02:27:00    -2396.357395        0.206883
MDMin:  164 02:27:02    -2396.357396        0.209839
MDMin:  165 02:27:04    -2396.357396        0.212627
MDMin:  166 02:27:06    -2396.357397        0.215238
MDMin:  167 02:27:08    -2396.357397        0.217664
MDMin:  168 02:27:10    -2396.357397        0.219906
MDMin:  169 02:27:11    -2396.357398        0.221961
MDMin:  170 02:27:13    -2396.357398        0.223824
MDMin:  171 02:27:14    -2396.357398        0.225491
MDMin:  172 02:27:16    -2396.357399        0.226957
MDMin:  173 02:27:17    -2396.357399        0.228220
MDMin:  174 02:27:20    -2396.357400        0.229277
MDMin:  175 02:27:22    -2396.357400        0.230123
MDMin:  176 02:27:24    -2396.357400        0.230758
MDMin:  177 02:27:25    -2396.357401        0.231179
MDMin:  178 02:27:27    -2396.357401        0.231384
MDMin:  179 02:27:29    -2396.357402        0.231373
MDMin:  180 02:27:30    -2396.357402        0.231145
MDMin:  181 02:27:31    -2396.357402        0.230703
MDMin:  182 02:27:33    -2396.357403        0.230050
MDMin:  183 02:27:34    -2396.357403        0.229188
MDMin:  184 02:27:35    -2396.357404        0.228124
MDMin:  185 02:27:37    -2396.357404        0.226864
MDMin:  186 02:27:39    -2396.357404        0.225416
MDMin:  187 02:27:41    -2396.357405        0.223789
MDMin:  188 02:27:43    -2396.357405        0.221993
MDMin:  189 02:27:45    -2396.357406        0.220040
MDMin:  190 02:27:47    -2396.357406        0.217942
MDMin:  191 02:27:49    -2396.357407        0.215741
MDMin:  192 02:27:51    -2396.357407        0.213476
MDMin:  193 02:27:52    -2396.357408        0.211162
MDMin:  194 02:27:53    -2396.357408        0.208817
MDMin:  195 02:27:55    -2396.357409        0.206457
MDMin:  196 02:27:56    -2396.357409        0.204100
MDMin:  197 02:27:58    -2396.357410        0.201767
MDMin:  198 02:28:00    -2396.357410        0.199476
MDMin:  199 02:28:01    -2396.357411        0.197249
MDMin:  200 02:28:03    -2396.357411        0.195106
MDMin:  201 02:28:05    -2396.357412        0.193069
MDMin:  202 02:28:06    -2396.357412        0.191161
MDMin:  203 02:28:08    -2396.357413        0.189405
MDMin:  204 02:28:09    -2396.357413        0.187820
MDMin:  205 02:28:11    -2396.357414        0.186428
MDMin:  206 02:28:13    -2396.357414        0.185243
MDMin:  207 02:28:15    -2396.357415        0.184272
MDMin:  208 02:28:17    -2396.357415        0.183512
MDMin:  209 02:28:18    -2396.357416        0.182944
MDMin:  210 02:28:20    -2396.357416        0.182528
MDMin:  211 02:28:21    -2396.357417        0.182201
MDMin:  212 02:28:23    -2396.357417        0.181875
MDMin:  213 02:28:24    -2396.357418        0.181433
MDMin:  214 02:28:25    -2396.357418        0.180741
MDMin:  215 02:28:27    -2396.357419        0.179646
MDMin:  216 02:28:29    -2396.357419        0.177989
MDMin:  217 02:28:31    -2396.357420        0.175615
MDMin:  218 02:28:32    -2396.357420        0.172386
MDMin:  219 02:28:34    -2396.357421        0.168190
MDMin:  220 02:28:36    -2396.357421        0.162955
MDMin:  221 02:28:38    -2396.357422        0.156658
MDMin:  222 02:28:41    -2396.357423        0.149333
MDMin:  223 02:28:43    -2396.357423        0.141070
MDMin:  224 02:28:45    -2396.357424        0.132025
MDMin:  225 02:28:46    -2396.357424        0.122396
MDMin:  226 02:28:48    -2396.357425        0.112441
MDMin:  227 02:28:49    -2396.357425        0.102413
MDMin:  228 02:28:51    -2396.357426        0.092642
MDMin:  229 02:28:52    -2396.357427        0.087445
MDMin:  230 02:28:54    -2396.357428        0.085071
MDMin:  231 02:28:55    -2396.357428        0.083550
MDMin:  232 02:28:56    -2396.357429        0.086177
MDMin:  233 02:28:57    -2396.357429        0.092649
MDMin:  234 02:28:59    -2396.357429        0.088188
MDMin:  235 02:29:00    -2396.357430        0.088711
MDMin:  236 02:29:01    -2396.357430        0.089265
MDMin:  237 02:29:02    -2396.357430        0.089841
MDMin:  238 02:29:04    -2396.357430        0.090441
MDMin:  239 02:29:06    -2396.357430        0.091064
MDMin:  240 02:29:08    -2396.357430        0.091712
MDMin:  241 02:29:10    -2396.357430        0.092385
MDMin:  242 02:29:11    -2396.357431        0.093084
MDMin:  243 02:29:12    -2396.357431        0.093810
MDMin:  244 02:29:14    -2396.357431        0.094564
MDMin:  245 02:29:16    -2396.357431        0.095346
MDMin:  246 02:29:18    -2396.357431        0.096157
MDMin:  247 02:29:20    -2396.357431        0.096997
MDMin:  248 02:29:22    -2396.357432        0.097868
MDMin:  249 02:29:23    -2396.357432        0.098770
MDMin:  250 02:29:25    -2396.357432        0.099703
MDMin:  251 02:29:26    -2396.357432        0.100668
MDMin:  252 02:29:27    -2396.357432        0.101665
MDMin:  253 02:29:29    -2396.357433        0.102694
MDMin:  254 02:29:30    -2396.357433        0.103755
MDMin:  255 02:29:31    -2396.357433        0.104848
MDMin:  256 02:29:33    -2396.357433        0.105973
MDMin:  257 02:29:35    -2396.357433        0.107129
MDMin:  258 02:29:37    -2396.357433        0.108316
MDMin:  259 02:29:38    -2396.357434        0.109531
MDMin:  260 02:29:40    -2396.357434        0.110773
MDMin:  261 02:29:41    -2396.357434        0.112042
MDMin:  262 02:29:43    -2396.357434        0.113333
MDMin:  263 02:29:46    -2396.357434        0.114644
MDMin:  264 02:29:48    -2396.357435        0.115973
MDMin:  265 02:29:49    -2396.357435        0.117314
MDMin:  266 02:29:51    -2396.357435        0.118663
MDMin:  267 02:29:52    -2396.357435        0.120015
MDMin:  268 02:29:53    -2396.357435        0.121364
MDMin:  269 02:29:55    -2396.357436        0.122702
MDMin:  270 02:29:56    -2396.357436        0.124021
MDMin:  271 02:29:57    -2396.357436        0.125313
MDMin:  272 02:29:59    -2396.357436        0.126567
MDMin:  273 02:30:00    -2396.357437        0.127773
MDMin:  274 02:30:02    -2396.357437        0.128917
MDMin:  275 02:30:03    -2396.357437        0.129989
MDMin:  276 02:30:04    -2396.357437        0.130974
MDMin:  277 02:30:06    -2396.357437        0.131857
MDMin:  278 02:30:08    -2396.357438        0.132619
MDMin:  279 02:30:10    -2396.357438        0.133243
MDMin:  280 02:30:12    -2396.357438        0.133707
MDMin:  281 02:30:13    -2396.357438        0.133992
MDMin:  282 02:30:15    -2396.357439        0.134075
MDMin:  283 02:30:17    -2396.357439        0.133936
MDMin:  284 02:30:19    -2396.357439        0.133547
MDMin:  285 02:30:21    -2396.357439        0.132881
MDMin:  286 02:30:22    -2396.357439        0.131916
MDMin:  287 02:30:24    -2396.357440        0.130633
MDMin:  288 02:30:25    -2396.357440        0.129014
MDMin:  289 02:30:27    -2396.357440        0.127044
MDMin:  290 02:30:28    -2396.357440        0.124712
MDMin:  291 02:30:29    -2396.357441        0.122012
MDMin:  292 02:30:31    -2396.357441        0.118942
MDMin:  293 02:30:33    -2396.357441        0.115508
MDMin:  294 02:30:35    -2396.357441        0.111722
MDMin:  295 02:30:36    -2396.357442        0.107599
MDMin:  296 02:30:38    -2396.357442        0.103166
MDMin:  297 02:30:39    -2396.357442        0.098454
MDMin:  298 02:30:40    -2396.357442        0.095462
MDMin:  299 02:30:42    -2396.357443        0.098486
MDMin:  300 02:30:43    -2396.357443        0.101038
MDMin:  301 02:30:44    -2396.357443        0.103085
MDMin:  302 02:30:46    -2396.357443        0.104605
MDMin:  303 02:30:47    -2396.357444        0.105581
MDMin:  304 02:30:48    -2396.357444        0.106006
MDMin:  305 02:30:50    -2396.357444        0.105881
MDMin:  306 02:30:51    -2396.357445        0.105216
MDMin:  307 02:30:52    -2396.357445        0.104027
MDMin:  308 02:30:53    -2396.357445        0.102339
MDMin:  309 02:30:55    -2396.357445        0.100183
MDMin:  310 02:30:56    -2396.357446        0.097598
MDMin:  311 02:30:58    -2396.357446        0.094626
MDMin:  312 02:30:59    -2396.357446        0.091312
MDMin:  313 02:31:01    -2396.357447        0.087706
MDMin:  314 02:31:02    -2396.357447        0.083858
MDMin:  315 02:31:04    -2396.357448        0.079822
MDMin:  316 02:31:06    -2396.357448        0.075649
MDMin:  317 02:31:07    -2396.357448        0.071393
MDMin:  318 02:31:09    -2396.357449        0.067105
MDMin:  319 02:31:10    -2396.357449        0.062836
MDMin:  320 02:31:11    -2396.357450        0.058633
MDMin:  321 02:31:12    -2396.357450        0.054541
MDMin:  322 02:31:14    -2396.357451        0.050603
MDMin:  323 02:31:15    -2396.357451        0.046857
