       Step     Time          Energy          fmax
MDMin:    0 02:09:32    -2393.880802        7.026836
MDMin:    1 02:09:34    -2393.881085        6.843997
MDMin:    2 02:09:35    -2393.881916        6.202012
MDMin:    3 02:09:37    -2393.883269        5.046545
MDMin:    4 02:09:38    -2393.885122        3.730889
MDMin:    5 02:09:39    -2393.887433        2.743015
MDMin:    6 02:09:41    -2393.890141        2.164354
MDMin:    7 02:09:42    -2393.893234        1.793866
MDMin:    8 02:09:44    -2393.896771        1.627629
MDMin:    9 02:09:45    -2393.900853        1.555612
MDMin:   10 02:09:47    -2393.905567        1.352506
MDMin:   11 02:09:48    -2393.910994        1.279103
MDMin:   12 02:09:50    -2393.917157        1.089494
MDMin:   13 02:09:52    -2393.924207        0.855747
MDMin:   14 02:09:54    -2393.932236        0.964100
MDMin:   15 02:09:56    -2393.940913        0.825429
MDMin:   16 02:09:58    -2393.950609        0.541445
MDMin:   17 02:10:00    -2393.961288        0.407604
MDMin:   18 02:10:02    -2393.971725        0.466651
MDMin:   19 02:10:04    -2393.975983        1.180673
MDMin:   20 02:10:06    -2393.976056        1.102829
MDMin:   21 02:10:08    -2393.976276        0.878713
MDMin:   22 02:10:09    -2393.976678        0.547603
MDMin:   23 02:10:11    -2393.977333        0.349717
MDMin:   24 02:10:12    -2393.978275        0.351359
MDMin:   25 02:10:13    -2393.979390        0.350327
MDMin:   26 02:10:15    -2393.980635        0.347875
MDMin:   27 02:10:16    -2393.981997        0.344676
MDMin:   28 02:10:17    -2393.983467        0.340984
MDMin:   29 02:10:19    -2393.985038        0.336898
MDMin:   30 02:10:21    -2393.986700        0.332457
MDMin:   31 02:10:22    -2393.988444        0.327683
MDMin:   32 02:10:24    -2393.990259        0.322593
MDMin:   33 02:10:26    -2393.992137        0.317211
MDMin:   34 02:10:27    -2393.994067        0.311624
MDMin:   35 02:10:28    -2393.996041        0.310730
MDMin:   36 02:10:31    -2393.998052        0.311004
MDMin:   37 02:10:32    -2394.000094        0.310946
MDMin:   38 02:10:33    -2394.002162        0.313034
MDMin:   39 02:10:35    -2394.004255        0.318686
MDMin:   40 02:10:36    -2394.006371        0.324090
MDMin:   41 02:10:38    -2394.008473        0.328981
MDMin:   42 02:10:39    -2394.010229        0.528762
MDMin:   43 02:10:40    -2394.010797        0.333426
MDMin:   44 02:10:42    -2394.011340        0.334260
MDMin:   45 02:10:43    -2394.011957        0.335153
MDMin:   46 02:10:44    -2394.012651        0.336077
MDMin:   47 02:10:45    -2394.013422        0.336995
MDMin:   48 02:10:48    -2394.014270        0.337865
MDMin:   49 02:10:49    -2394.015197        0.338633
MDMin:   50 02:10:51    -2394.016206        0.339237
MDMin:   51 02:10:52    -2394.017299        0.339609
MDMin:   52 02:10:54    -2394.018481        0.339673
MDMin:   53 02:10:56    -2394.019759        0.339348
MDMin:   54 02:10:57    -2394.021139        0.338556
MDMin:   55 02:10:58    -2394.022634        0.337219
MDMin:   56 02:11:00    -2394.024255        0.335273
MDMin:   57 02:11:02    -2394.026019        0.332668
MDMin:   58 02:11:03    -2394.027942        0.329385
MDMin:   59 02:11:05    -2394.030020        0.325477
MDMin:   60 02:11:07    -2394.032068        0.321400
MDMin:   61 02:11:09    -2394.033302        0.318881
MDMin:   62 02:11:10    -2394.033874        0.317714
MDMin:   63 02:11:12    -2394.034593        0.316254
MDMin:   64 02:11:13    -2394.035439        0.314550
MDMin:   65 02:11:15    -2394.036420        0.312593
MDMin:   66 02:11:16    -2394.037547        0.310374
MDMin:   67 02:11:18    -2394.038834        0.307884
MDMin:   68 02:11:19    -2394.040296        0.305114
MDMin:   69 02:11:20    -2394.041954        0.302055
MDMin:   70 02:11:22    -2394.043830        0.298711
MDMin:   71 02:11:23    -2394.045953        0.295073
MDMin:   72 02:11:24    -2394.048358        0.291130
MDMin:   73 02:11:25    -2394.051087        0.286870
MDMin:   74 02:11:27    -2394.054189        0.282309
MDMin:   75 02:11:29    -2394.057725        0.277458
MDMin:   76 02:11:31    -2394.061767        0.275104
MDMin:   77 02:11:33    -2394.066401        0.279472
MDMin:   78 02:11:35    -2394.071716        0.283992
MDMin:   79 02:11:37    -2394.077761        0.288525
MDMin:   80 02:11:39    -2394.084192        0.338446
MDMin:   81 02:11:40    -2394.089088        0.461981
MDMin:   82 02:11:42    -2394.091427        0.296401
MDMin:   83 02:11:43    -2394.094187        0.297643
MDMin:   84 02:11:44    -2394.097459        0.299613
MDMin:   85 02:11:46    -2394.101296        0.306833
MDMin:   86 02:11:48    -2394.105757        0.314983
MDMin:   87 02:11:50    -2394.110913        0.324079
MDMin:   88 02:11:52    -2394.116842        0.334123
MDMin:   89 02:11:54    -2394.123635        0.345096
MDMin:   90 02:11:56    -2394.131390        0.356947
MDMin:   91 02:11:57    -2394.140209        0.369562
MDMin:   92 02:11:59    -2394.150190        0.382748
MDMin:   93 02:12:01    -2394.161399        0.396266
MDMin:   94 02:12:02    -2394.173809        0.409751
MDMin:   95 02:12:04    -2394.187210        0.515063
MDMin:   96 02:12:05    -2394.201246        0.685206
MDMin:   97 02:12:07    -2394.215862        0.761574
MDMin:   98 02:12:09    -2394.231677        0.728624
MDMin:   99 02:12:11    -2394.249447        0.656618
MDMin:  100 02:12:13    -2394.268062        0.576316
MDMin:  101 02:12:15    -2394.280419        0.527264
MDMin:  102 02:12:17    -2394.293708        0.533001
MDMin:  103 02:12:19    -2394.306315        0.636468
MDMin:  104 02:12:21    -2394.316436        0.542916
MDMin:  105 02:12:22    -2394.325270        0.531002
MDMin:  106 02:12:25    -2394.334973        0.530488
MDMin:  107 02:12:27    -2394.346274        0.530046
MDMin:  108 02:12:29    -2394.359583        0.533050
MDMin:  109 02:12:30    -2394.375358        0.551886
MDMin:  110 02:12:32    -2394.394224        0.583109
MDMin:  111 02:12:34    -2394.417087        0.618879
MDMin:  112 02:12:36    -2394.445289        0.660397
MDMin:  113 02:12:38    -2394.480814        0.709074
MDMin:  114 02:12:40    -2394.526496        0.802880
MDMin:  115 02:12:41    -2394.586102        0.918561
MDMin:  116 02:12:44    -2394.663890        1.040388
MDMin:  117 02:12:46    -2394.762981        1.135064
MDMin:  118 02:12:47    -2394.881897        1.284522
MDMin:  119 02:12:49    -2395.010207        1.287468
MDMin:  120 02:12:50    -2395.123811        1.280603
MDMin:  121 02:12:51    -2395.174135        1.067935
MDMin:  122 02:12:53    -2395.215515        0.736617
MDMin:  123 02:12:55    -2395.250973        0.628119
MDMin:  124 02:12:57    -2395.286456        0.651697
MDMin:  125 02:12:59    -2395.316798        1.013935
MDMin:  126 02:13:00    -2395.333271        1.075190
MDMin:  127 02:13:02    -2395.338158        0.554893
MDMin:  128 02:13:03    -2395.344965        0.551930
MDMin:  129 02:13:05    -2395.352971        0.548654
MDMin:  130 02:13:06    -2395.362005        0.545219
MDMin:  131 02:13:08    -2395.372022        0.541719
MDMin:  132 02:13:10    -2395.382991        0.538235
MDMin:  133 02:13:12    -2395.394879        0.534844
MDMin:  134 02:13:14    -2395.407651        0.531634
MDMin:  135 02:13:15    -2395.421272        0.528659
MDMin:  136 02:13:17    -2395.435709        0.525948
MDMin:  137 02:13:19    -2395.450925        0.523499
MDMin:  138 02:13:21    -2395.466884        0.521283
MDMin:  139 02:13:23    -2395.483545        0.519231
MDMin:  140 02:13:25    -2395.500866        0.517261
MDMin:  141 02:13:27    -2395.518799        0.515308
MDMin:  142 02:13:29    -2395.537297        0.513343
MDMin:  143 02:13:31    -2395.556301        0.511412
MDMin:  144 02:13:33    -2395.575737        0.509664
MDMin:  145 02:13:35    -2395.593355        0.492559
MDMin:  146 02:13:37    -2395.608113        0.823751
MDMin:  147 02:13:39    -2395.613467        0.515412
MDMin:  148 02:13:41    -2395.618760        0.514231
MDMin:  149 02:13:43    -2395.624511        0.494685
MDMin:  150 02:13:45    -2395.630327        0.516304
MDMin:  151 02:13:47    -2395.637787        0.515229
MDMin:  152 02:13:48    -2395.645926        0.503304
MDMin:  153 02:13:49    -2395.653271        0.519596
MDMin:  154 02:13:51    -2395.662824        0.519332
MDMin:  155 02:13:52    -2395.673146        0.520511
MDMin:  156 02:13:54    -2395.684266        0.523115
MDMin:  157 02:13:56    -2395.696224        0.531657
MDMin:  158 02:13:58    -2395.707448        0.548177
MDMin:  159 02:14:00    -2395.714617        0.567527
MDMin:  160 02:14:02    -2395.720536        0.589931
MDMin:  161 02:14:04    -2395.724514        0.615385
MDMin:  162 02:14:06    -2395.728690        0.642628
MDMin:  163 02:14:08    -2395.733014        0.668617
MDMin:  164 02:14:09    -2395.737276        0.688098
MDMin:  165 02:14:11    -2395.740697        1.007708
MDMin:  166 02:14:13    -2395.742520        0.697886
MDMin:  167 02:14:15    -2395.744250        0.696950
MDMin:  168 02:14:17    -2395.746180        0.693431
MDMin:  169 02:14:18    -2395.748345        0.686557
MDMin:  170 02:14:19    -2395.750750        0.675693
MDMin:  171 02:14:21    -2395.753402        0.660469
MDMin:  172 02:14:23    -2395.756308        0.640896
MDMin:  173 02:14:25    -2395.759478        0.635902
MDMin:  174 02:14:27    -2395.762918        0.637354
MDMin:  175 02:14:29    -2395.766638        0.637219
MDMin:  176 02:14:31    -2395.770633        0.635737
MDMin:  177 02:14:33    -2395.774881        0.632656
MDMin:  178 02:14:34    -2395.779226        0.628697
MDMin:  179 02:14:36    -2395.783106        0.917362
MDMin:  180 02:14:37    -2395.785639        0.659496
MDMin:  181 02:14:39    -2395.787597        0.619368
MDMin:  182 02:14:41    -2395.789677        0.617100
MDMin:  183 02:14:43    -2395.792016        0.614343
MDMin:  184 02:14:44    -2395.794627        0.611256
MDMin:  185 02:14:46    -2395.797518        0.607751
MDMin:  186 02:14:48    -2395.800688        0.603895
MDMin:  187 02:14:49    -2395.804138        0.599582
MDMin:  188 02:14:50    -2395.806132        0.594803
MDMin:  189 02:14:52    -2395.808049        0.589444
MDMin:  190 02:14:54    -2395.810076        0.583788
MDMin:  191 02:14:55    -2395.812206        0.577581
MDMin:  192 02:14:56    -2395.814365        0.598680
MDMin:  193 02:14:58    -2395.816357        0.901004
MDMin:  194 02:15:00    -2395.817794        0.717055
MDMin:  195 02:15:02    -2395.818899        0.614085
MDMin:  196 02:15:03    -2395.820004        0.612667
MDMin:  197 02:15:04    -2395.821239        0.625398
MDMin:  198 02:15:06    -2395.822611        0.633320
MDMin:  199 02:15:08    -2395.824133        0.647357
MDMin:  200 02:15:09    -2395.825801        0.659980
MDMin:  201 02:15:11    -2395.827625        0.679061
MDMin:  202 02:15:13    -2395.829596        0.697077
MDMin:  203 02:15:15    -2395.831723        0.724821
MDMin:  204 02:15:17    -2395.833982        0.748448
MDMin:  205 02:15:19    -2395.836376        0.788720
MDMin:  206 02:15:21    -2395.838811        0.809980
MDMin:  207 02:15:22    -2395.841227        0.859869
MDMin:  208 02:15:24    -2395.843311        0.858746
MDMin:  209 02:15:25    -2395.845110        0.895220
MDMin:  210 02:15:27    -2395.846673        0.889090
MDMin:  211 02:15:29    -2395.848344        0.901711
MDMin:  212 02:15:30    -2395.850122        0.898463
MDMin:  213 02:15:32    -2395.852080        0.899643
MDMin:  214 02:15:34    -2395.854196        0.892873
MDMin:  215 02:15:36    -2395.856514        0.890964
MDMin:  216 02:15:38    -2395.859017        0.887641
MDMin:  217 02:15:40    -2395.861754        0.896380
MDMin:  218 02:15:41    -2395.864692        0.911005
MDMin:  219 02:15:43    -2395.867868        0.948642
MDMin:  220 02:15:44    -2395.871090        0.993834
MDMin:  221 02:15:46    -2395.874090        1.056160
MDMin:  222 02:15:48    -2395.876129        1.094253
MDMin:  223 02:15:49    -2395.877650        1.123497
MDMin:  224 02:15:51    -2395.879284        1.148216
MDMin:  225 02:15:53    -2395.881116        1.163668
MDMin:  226 02:15:55    -2395.883161        1.158583
MDMin:  227 02:15:57    -2395.885431        1.118816
MDMin:  228 02:15:59    -2395.887945        1.032791
MDMin:  229 02:16:00    -2395.890724        0.900907
MDMin:  230 02:16:02    -2395.893790        0.829285
MDMin:  231 02:16:04    -2395.897158        0.856649
MDMin:  232 02:16:05    -2395.900841        0.885986
MDMin:  233 02:16:07    -2395.904827        0.905373
MDMin:  234 02:16:09    -2395.908984        0.941157
MDMin:  235 02:16:11    -2395.912713        1.137219
MDMin:  236 02:16:13    -2395.914836        0.972204
MDMin:  237 02:16:14    -2395.916359        0.968647
MDMin:  238 02:16:16    -2395.918114        0.975803
MDMin:  239 02:16:18    -2395.920119        0.982010
MDMin:  240 02:16:20    -2395.922381        0.987630
MDMin:  241 02:16:21    -2395.924909        0.991841
MDMin:  242 02:16:23    -2395.927717        0.995066
MDMin:  243 02:16:24    -2395.930827        0.997534
MDMin:  244 02:16:27    -2395.934266        0.999221
MDMin:  245 02:16:28    -2395.938064        0.997745
MDMin:  246 02:16:29    -2395.942257        0.990190
MDMin:  247 02:16:31    -2395.946892        0.972970
MDMin:  248 02:16:33    -2395.952035        0.948895
MDMin:  249 02:16:35    -2395.957755        0.917462
MDMin:  250 02:16:36    -2395.964143        0.892524
MDMin:  251 02:16:38    -2395.971144        0.848911
MDMin:  252 02:16:39    -2395.977971        1.151320
MDMin:  253 02:16:41    -2395.981461        0.810645
MDMin:  254 02:16:43    -2395.983855        0.817798
MDMin:  255 02:16:45    -2395.986608        0.810235
MDMin:  256 02:16:46    -2395.989869        0.805209
MDMin:  257 02:16:48    -2395.993685        0.801277
MDMin:  258 02:16:50    -2395.998132        0.799951
MDMin:  259 02:16:52    -2396.003305        0.801748
MDMin:  260 02:16:54    -2396.009329        0.807372
MDMin:  261 02:16:56    -2396.016372        0.816650
MDMin:  262 02:16:58    -2396.024662        0.829239
MDMin:  263 02:16:59    -2396.034502        0.844390
MDMin:  264 02:17:00    -2396.046302        0.862619
MDMin:  265 02:17:01    -2396.060590        0.885683
MDMin:  266 02:17:03    -2396.078022        0.918200
MDMin:  267 02:17:04    -2396.099315        0.963266
MDMin:  268 02:17:06    -2396.125172        1.021075
MDMin:  269 02:17:08    -2396.155938        1.077305
MDMin:  270 02:17:09    -2396.191439        1.108988
MDMin:  271 02:17:11    -2396.230138        1.076684
MDMin:  272 02:17:12    -2396.269684        0.971139
MDMin:  273 02:17:14    -2396.305541        0.937104
MDMin:  274 02:17:15    -2396.335119        1.036675
MDMin:  275 02:17:17    -2396.350816        1.022043
MDMin:  276 02:17:18    -2396.351631        1.069027
MDMin:  277 02:17:20    -2396.352127        1.046142
MDMin:  278 02:17:21    -2396.352605        1.049341
MDMin:  279 02:17:23    -2396.353040        1.042475
MDMin:  280 02:17:25    -2396.353434        1.037293
MDMin:  281 02:17:27    -2396.353777        1.025808
MDMin:  282 02:17:29    -2396.354069        1.010842
MDMin:  283 02:17:31    -2396.354310        0.983304
MDMin:  284 02:17:34    -2396.354507        0.941235
MDMin:  285 02:17:36    -2396.354664        0.870684
MDMin:  286 02:17:38    -2396.354791        0.775238
MDMin:  287 02:17:40    -2396.354894        0.785641
MDMin:  288 02:17:42    -2396.354984        0.853102
MDMin:  289 02:17:44    -2396.355061        0.934324
MDMin:  290 02:17:46    -2396.355135        1.015347
MDMin:  291 02:17:48    -2396.355198        1.041418
MDMin:  292 02:17:49    -2396.355261        0.975783
MDMin:  293 02:17:51    -2396.355318        0.870583
MDMin:  294 02:17:53    -2396.355380        0.769857
MDMin:  295 02:17:55    -2396.355440        0.703199
MDMin:  296 02:17:57    -2396.355507        0.647370
MDMin:  297 02:17:59    -2396.355574        0.603676
MDMin:  298 02:18:01    -2396.355647        0.586319
MDMin:  299 02:18:02    -2396.355720        0.620509
MDMin:  300 02:18:04    -2396.355796        0.687160
MDMin:  301 02:18:06    -2396.355869        0.784376
MDMin:  302 02:18:08    -2396.355942        0.905939
MDMin:  303 02:18:10    -2396.356011        1.022919
MDMin:  304 02:18:12    -2396.356077        1.087377
MDMin:  305 02:18:14    -2396.356142        1.030552
MDMin:  306 02:18:16    -2396.356210        0.852994
MDMin:  307 02:18:18    -2396.356284        0.659484
MDMin:  308 02:18:20    -2396.356362        0.572141
MDMin:  309 02:18:21    -2396.356439        0.560720
MDMin:  310 02:18:23    -2396.356507        0.532887
MDMin:  311 02:18:24    -2396.356549        0.508292
MDMin:  312 02:18:25    -2396.356575        0.491022
MDMin:  313 02:18:27    -2396.356601        0.473955
MDMin:  314 02:18:29    -2396.356628        0.498452
MDMin:  315 02:18:30    -2396.356656        0.537994
MDMin:  316 02:18:32    -2396.356685        0.575729
MDMin:  317 02:18:34    -2396.356714        0.608141
MDMin:  318 02:18:36    -2396.356743        0.632334
MDMin:  319 02:18:38    -2396.356772        0.646501
MDMin:  320 02:18:40    -2396.356800        0.650160
MDMin:  321 02:18:41    -2396.356828        0.644215
MDMin:  322 02:18:43    -2396.356855        0.630563
MDMin:  323 02:18:45    -2396.356881        0.623252
MDMin:  324 02:18:47    -2396.356906        0.630031
MDMin:  325 02:18:48    -2396.356930        0.634039
MDMin:  326 02:18:50    -2396.356951        0.639771
MDMin:  327 02:18:52    -2396.356970        0.651835
MDMin:  328 02:18:54    -2396.356986        0.674666
MDMin:  329 02:18:55    -2396.356999        0.714468
MDMin:  330 02:18:57    -2396.357009        0.780862
MDMin:  331 02:18:59    -2396.357016        0.879970
MDMin:  332 02:19:01    -2396.357020        1.001430
MDMin:  333 02:19:03    -2396.357022        1.118596
MDMin:  334 02:19:05    -2396.357022        1.215974
MDMin:  335 02:19:07    -2396.357022        1.307005
MDMin:  336 02:19:09    -2396.357020        1.404245
MDMin:  337 02:19:11    -2396.357018        1.488250
MDMin:  338 02:19:13    -2396.357016        1.639262
MDMin:  339 02:19:15    -2396.357013        1.918948
MDMin:  340 02:19:16    -2396.357011        2.200997
MDMin:  341 02:19:17    -2396.357008        2.456937
MDMin:  342 02:19:19    -2396.357005        2.696299
MDMin:  343 02:19:21    -2396.357002        2.937416
MDMin:  344 02:19:23    -2396.356999        3.166841
MDMin:  345 02:19:25    -2396.356997        3.371126
MDMin:  346 02:19:27    -2396.356994        3.559426
MDMin:  347 02:19:29    -2396.356992        3.524585
MDMin:  348 02:19:30    -2396.356990        2.530141
MDMin:  349 02:19:32    -2396.356989        1.566251
MDMin:  350 02:19:33    -2396.356988        0.879325
MDMin:  351 02:19:34    -2396.356988        0.991934
MDMin:  352 02:19:36    -2396.356987        1.317601
MDMin:  353 02:19:37    -2396.356987        1.786467
MDMin:  354 02:19:38    -2396.356987        2.315703
MDMin:  355 02:19:40    -2396.356986        2.819921
MDMin:  356 02:19:42    -2396.356986        3.119061
MDMin:  357 02:19:43    -2396.356986        1.881314
MDMin:  358 02:19:45    -2396.356985        1.014561
MDMin:  359 02:19:47    -2396.356985        1.141529
MDMin:  360 02:19:49    -2396.356985        1.619539
MDMin:  361 02:19:51    -2396.356985        2.252803
MDMin:  362 02:19:53    -2396.356985        3.011696
MDMin:  363 02:19:55    -2396.356985        2.561418
MDMin:  364 02:19:57    -2396.356985        2.134864
MDMin:  365 02:19:59    -2396.356985        1.641303
MDMin:  366 02:20:00    -2396.356984        1.036672
MDMin:  367 02:20:02    -2396.356984        0.978995
MDMin:  368 02:20:03    -2396.356984        1.332038
MDMin:  369 02:20:05    -2396.356984        1.762151
MDMin:  370 02:20:07    -2396.356984        2.217379
MDMin:  371 02:20:09    -2396.356984        2.667729
MDMin:  372 02:20:10    -2396.356984        3.027815
MDMin:  373 02:20:11    -2396.356985        2.605503
MDMin:  374 02:20:13    -2396.356985        2.032792
MDMin:  375 02:20:15    -2396.356985        1.283151
MDMin:  376 02:20:17    -2396.356986        0.955550
MDMin:  377 02:20:19    -2396.356986        1.431917
MDMin:  378 02:20:21    -2396.356987        1.844471
MDMin:  379 02:20:23    -2396.356987        2.213938
MDMin:  380 02:20:25    -2396.356987        2.584983
MDMin:  381 02:20:26    -2396.356988        2.979114
MDMin:  382 02:20:28    -2396.356988        2.667022
MDMin:  383 02:20:29    -2396.356989        2.304875
MDMin:  384 02:20:30    -2396.356990        1.871592
MDMin:  385 02:20:32    -2396.356991        1.351625
MDMin:  386 02:20:34    -2396.356992        0.903619
MDMin:  387 02:20:36    -2396.356994        1.011291
MDMin:  388 02:20:38    -2396.356995        1.303223
MDMin:  389 02:20:39    -2396.356997        1.608712
MDMin:  390 02:20:41    -2396.356998        1.915680
MDMin:  391 02:20:43    -2396.357000        2.226699
MDMin:  392 02:20:44    -2396.357001        2.539523
MDMin:  393 02:20:46    -2396.357003        2.804909
MDMin:  394 02:20:48    -2396.357004        2.681591
MDMin:  395 02:20:50    -2396.357006        2.534162
MDMin:  396 02:20:51    -2396.357008        2.366328
MDMin:  397 02:20:53    -2396.357011        2.182966
MDMin:  398 02:20:54    -2396.357015        1.990031
MDMin:  399 02:20:55    -2396.357019        1.793802
MDMin:  400 02:20:57    -2396.357024        1.600099
MDMin:  401 02:20:59    -2396.357031        1.413702
MDMin:  402 02:21:01    -2396.357038        1.238059
MDMin:  403 02:21:03    -2396.357048        1.074806
MDMin:  404 02:21:04    -2396.357059        0.922900
MDMin:  405 02:21:05    -2396.357073        0.777784
MDMin:  406 02:21:06    -2396.357090        0.628027
MDMin:  407 02:21:08    -2396.357112        0.731920
MDMin:  408 02:21:09    -2396.357131        0.497983
MDMin:  409 02:21:10    -2396.357154        0.412588
MDMin:  410 02:21:12    -2396.357186        0.348309
MDMin:  411 02:21:13    -2396.357226        0.294707
MDMin:  412 02:21:15    -2396.357261        0.332440
MDMin:  413 02:21:17    -2396.357266        0.308811
MDMin:  414 02:21:19    -2396.357273        0.310912
MDMin:  415 02:21:21    -2396.357282        0.313387
MDMin:  416 02:21:23    -2396.357292        0.315970
MDMin:  417 02:21:25    -2396.357304        0.318558
MDMin:  418 02:21:26    -2396.357316        0.321056
MDMin:  419 02:21:28    -2396.357330        0.323345
MDMin:  420 02:21:30    -2396.357346        0.325283
MDMin:  421 02:21:32    -2396.357362        0.326709
MDMin:  422 02:21:33    -2396.357380        0.327452
MDMin:  423 02:21:35    -2396.357399        0.327313
MDMin:  424 02:21:37    -2396.357420        0.326106
MDMin:  425 02:21:39    -2396.357442        0.323678
MDMin:  426 02:21:41    -2396.357464        0.319932
MDMin:  427 02:21:42    -2396.357489        0.314842
MDMin:  428 02:21:44    -2396.357514        0.308439
MDMin:  429 02:21:46    -2396.357541        0.300836
MDMin:  430 02:21:48    -2396.357568        0.292222
MDMin:  431 02:21:50    -2396.357597        0.282822
MDMin:  432 02:21:51    -2396.357627        0.272835
MDMin:  433 02:21:53    -2396.357658        0.262452
MDMin:  434 02:21:55    -2396.357690        0.251827
MDMin:  435 02:21:56    -2396.357724        0.241059
MDMin:  436 02:21:59    -2396.357758        0.230207
MDMin:  437 02:22:00    -2396.357794        0.219318
MDMin:  438 02:22:02    -2396.357831        0.208453
MDMin:  439 02:22:04    -2396.357869        0.197684
MDMin:  440 02:22:06    -2396.357908        0.187067
MDMin:  441 02:22:08    -2396.357949        0.176620
MDMin:  442 02:22:10    -2396.357991        0.176470
MDMin:  443 02:22:12    -2396.358035        0.176199
MDMin:  444 02:22:14    -2396.358082        0.171769
MDMin:  445 02:22:16    -2396.358132        0.162003
MDMin:  446 02:22:18    -2396.358185        0.148171
