       Step     Time          Energy          fmax
MDMin:    0 22:34:26    -2394.226938        7.215574
MDMin:    1 22:34:28    -2394.231968        7.119299
MDMin:    2 22:34:30    -2394.246656        6.560474
MDMin:    3 22:34:32    -2394.269955        6.767247
MDMin:    4 22:34:34    -2394.300559        6.485651
MDMin:    5 22:34:37    -2394.337697        4.839453
MDMin:    6 22:34:39    -2394.381026        5.794466
MDMin:    7 22:34:41    -2394.426189        3.932617
MDMin:    8 22:34:43    -2394.477066        2.738928
MDMin:    9 22:34:44    -2394.532019        3.377206
MDMin:   10 22:34:45    -2394.587096        2.702802
MDMin:   11 22:34:47    -2394.646877        1.622711
MDMin:   12 22:34:49    -2394.719286        1.407081
MDMin:   13 22:34:51    -2394.806389        1.382177
MDMin:   14 22:34:53    -2394.908338        1.603993
MDMin:   15 22:34:54    -2395.001817        3.038685
MDMin:   16 22:34:56    -2395.032018        1.353795
MDMin:   17 22:34:58    -2395.071691        1.387007
MDMin:   18 22:34:59    -2395.120767        1.414606
MDMin:   19 22:35:01    -2395.179273        1.422232
MDMin:   20 22:35:03    -2395.245143        1.482140
MDMin:   21 22:35:05    -2395.307984        1.543886
MDMin:   22 22:35:07    -2395.331027        1.556359
MDMin:   23 22:35:08    -2395.349521        1.491287
MDMin:   24 22:35:09    -2395.365192        1.362998
MDMin:   25 22:35:11    -2395.379300        1.261116
MDMin:   26 22:35:12    -2395.392540        1.237242
MDMin:   27 22:35:14    -2395.405279        1.140977
MDMin:   28 22:35:16    -2395.417701        1.048780
MDMin:   29 22:35:18    -2395.429796        1.045980
MDMin:   30 22:35:19    -2395.441510        1.008182
MDMin:   31 22:35:21    -2395.452979        0.951039
MDMin:   32 22:35:23    -2395.464504        0.912917
MDMin:   33 22:35:24    -2395.476362        0.929975
MDMin:   34 22:35:26    -2395.488372        0.862262
MDMin:   35 22:35:27    -2395.496054        1.584840
MDMin:   36 22:35:29    -2395.496224        1.433810
MDMin:   37 22:35:30    -2395.496744        1.042536
MDMin:   38 22:35:31    -2395.497705        0.784327
MDMin:   39 22:35:33    -2395.499237        0.772664
MDMin:   40 22:35:34    -2395.501280        0.757022
MDMin:   41 22:35:36    -2395.503700        0.738600
MDMin:   42 22:35:38    -2395.506484        0.717725
MDMin:   43 22:35:39    -2395.509641        0.694636
MDMin:   44 22:35:41    -2395.513181        0.669620
MDMin:   45 22:35:42    -2395.517118        0.642979
MDMin:   46 22:35:44    -2395.521468        0.615012
MDMin:   47 22:35:46    -2395.526253        0.585992
MDMin:   48 22:35:48    -2395.531498        0.556187
MDMin:   49 22:35:49    -2395.537240        0.525886
MDMin:   50 22:35:50    -2395.543523        0.495445
MDMin:   51 22:35:52    -2395.548574        0.465322
MDMin:   52 22:35:54    -2395.554214        0.437128
MDMin:   53 22:35:56    -2395.560134        0.410032
MDMin:   54 22:35:57    -2395.566427        0.383194
MDMin:   55 22:35:59    -2395.573219        0.356814
MDMin:   56 22:36:01    -2395.580671        0.331909
MDMin:   57 22:36:02    -2395.588967        0.323266
MDMin:   58 22:36:04    -2395.598153        0.409394
MDMin:   59 22:36:05    -2395.606683        0.714378
MDMin:   60 22:36:06    -2395.610646        0.394452
MDMin:   61 22:36:08    -2395.614265        0.406784
MDMin:   62 22:36:11    -2395.618529        0.421298
MDMin:   63 22:36:12    -2395.623565        0.438330
MDMin:   64 22:36:14    -2395.629495        0.458121
MDMin:   65 22:36:15    -2395.636475        0.480886
MDMin:   66 22:36:17    -2395.644703        0.506969
MDMin:   67 22:36:18    -2395.654436        0.536703
MDMin:   68 22:36:19    -2395.666008        0.569975
MDMin:   69 22:36:21    -2395.679860        0.606752
MDMin:   70 22:36:23    -2395.696578        0.646015
MDMin:   71 22:36:25    -2395.716941        0.696621
MDMin:   72 22:36:27    -2395.742008        0.751373
MDMin:   73 22:36:28    -2395.773227        0.808595
MDMin:   74 22:36:30    -2395.812571        0.869606
MDMin:   75 22:36:32    -2395.862600        0.929674
MDMin:   76 22:36:33    -2395.925918        0.974503
MDMin:   77 22:36:35    -2395.998797        1.017700
MDMin:   78 22:36:37    -2396.041543        0.931353
MDMin:   79 22:36:39    -2396.105496        1.120027
MDMin:   80 22:36:42    -2396.161049        1.037907
MDMin:   81 22:36:44    -2396.241125        1.211120
MDMin:   82 22:36:46    -2396.300183        1.100555
MDMin:   83 22:36:48    -2396.382730        1.186610
MDMin:   84 22:36:50    -2396.434788        1.019065
MDMin:   85 22:36:52    -2396.501805        0.978061
MDMin:   86 22:36:53    -2396.541191        0.816292
MDMin:   87 22:36:54    -2396.577448        0.729157
MDMin:   88 22:36:57    -2396.603758        0.729597
MDMin:   89 22:36:59    -2396.626083        0.726968
MDMin:   90 22:37:00    -2396.646430        0.717591
MDMin:   91 22:37:02    -2396.665654        0.701829
MDMin:   92 22:37:04    -2396.683951        0.676878
MDMin:   93 22:37:06    -2396.701136        0.642110
MDMin:   94 22:37:07    -2396.716894        0.597165
MDMin:   95 22:37:09    -2396.731094        0.600355
MDMin:   96 22:37:10    -2396.744072        0.638518
MDMin:   97 22:37:11    -2396.756442        0.683593
MDMin:   98 22:37:12    -2396.768768        0.731994
MDMin:   99 22:37:13    -2396.781315        0.782734
MDMin:  100 22:37:15    -2396.794130        0.826281
MDMin:  101 22:37:17    -2396.807066        0.857101
MDMin:  102 22:37:19    -2396.819926        0.866013
MDMin:  103 22:37:20    -2396.832660        0.859003
MDMin:  104 22:37:22    -2396.845483        0.836179
MDMin:  105 22:37:23    -2396.858754        0.800242
MDMin:  106 22:37:24    -2396.872700        0.693216
MDMin:  107 22:37:26    -2396.886644        1.012607
MDMin:  108 22:37:27    -2396.896615        0.901645
MDMin:  109 22:37:29    -2396.903933        0.720149
MDMin:  110 22:37:31    -2396.912391        0.708154
MDMin:  111 22:37:32    -2396.922885        1.576138
MDMin:  112 22:37:34    -2396.931585        0.764861
MDMin:  113 22:37:36    -2396.940874        0.785714
MDMin:  114 22:37:37    -2396.953368        1.297343
MDMin:  115 22:37:38    -2396.966264        1.045745
MDMin:  116 22:37:40    -2396.979251        0.881576
MDMin:  117 22:37:42    -2396.993035        0.911409
MDMin:  118 22:37:44    -2397.010600        1.257167
MDMin:  119 22:37:46    -2397.029509        1.276817
MDMin:  120 22:37:48    -2397.048912        0.995351
MDMin:  121 22:37:50    -2397.068560        1.106935
MDMin:  122 22:37:52    -2397.090746        1.390358
MDMin:  123 22:37:54    -2397.114901        1.312590
MDMin:  124 22:37:57    -2397.141628        0.992439
MDMin:  125 22:37:59    -2397.167167        1.447505
MDMin:  126 22:38:01    -2397.186514        1.045520
MDMin:  127 22:38:02    -2397.205604        0.932679
MDMin:  128 22:38:04    -2397.212585        1.186708
MDMin:  129 22:38:05    -2397.225452        1.023266
MDMin:  130 22:38:07    -2397.235781        1.084989
MDMin:  131 22:38:08    -2397.246700        1.063189
MDMin:  132 22:38:09    -2397.254400        0.650679
MDMin:  133 22:38:11    -2397.261068        1.016644
MDMin:  134 22:38:12    -2397.269204        1.121416
MDMin:  135 22:38:13    -2397.275597        1.051843
MDMin:  136 22:38:15    -2397.282482        0.982161
MDMin:  137 22:38:16    -2397.292740        0.990146
MDMin:  138 22:38:17    -2397.303488        0.966039
MDMin:  139 22:38:19    -2397.316817        0.947816
MDMin:  140 22:38:20    -2397.331758        0.917883
MDMin:  141 22:38:22    -2397.349011        0.875784
MDMin:  142 22:38:23    -2397.368157        0.870739
MDMin:  143 22:38:25    -2397.388542        0.842187
MDMin:  144 22:38:27    -2397.400842        0.805082
MDMin:  145 22:38:29    -2397.411131        1.085503
MDMin:  146 22:38:30    -2397.405759        0.996715
MDMin:  147 22:38:31    -2397.398860        0.909922
MDMin:  148 22:38:33    -2397.391184        0.831274
MDMin:  149 22:38:35    -2397.383598        0.829053
MDMin:  150 22:38:36    -2397.376437        0.808207
MDMin:  151 22:38:37    -2397.370596        0.785125
MDMin:  152 22:38:39    -2397.366744        0.742550
MDMin:  153 22:38:41    -2397.365486        0.737382
MDMin:  154 22:38:42    -2397.367435        0.665894
MDMin:  155 22:38:44    -2397.373040        0.541504
MDMin:  156 22:38:45    -2397.382422        0.501217
MDMin:  157 22:38:46    -2397.395343        0.488999
MDMin:  158 22:38:48    -2397.410717        0.482548
MDMin:  159 22:38:51    -2397.425458        0.488179
MDMin:  160 22:38:52    -2397.436464        0.478492
MDMin:  161 22:38:54    -2397.445905        0.477228
MDMin:  162 22:38:56    -2397.455681        0.475440
MDMin:  163 22:38:58    -2397.464609        0.422755
MDMin:  164 22:39:00    -2397.465885        0.421790
MDMin:  165 22:39:02    -2397.468217        0.424663
MDMin:  166 22:39:04    -2397.471726        0.428966
MDMin:  167 22:39:06    -2397.476487        0.433643
MDMin:  168 22:39:07    -2397.482520        0.437935
MDMin:  169 22:39:09    -2397.489787        0.441471
MDMin:  170 22:39:10    -2397.498183        0.443739
MDMin:  171 22:39:12    -2397.507516        0.444378
MDMin:  172 22:39:14    -2397.517427        0.442834
MDMin:  173 22:39:16    -2397.527133        0.439114
MDMin:  174 22:39:18    -2397.535221        0.434008
MDMin:  175 22:39:20    -2397.540877        0.429421
MDMin:  176 22:39:22    -2397.545524        0.424950
MDMin:  177 22:39:23    -2397.550116        0.419922
MDMin:  178 22:39:25    -2397.554854        0.414016
MDMin:  179 22:39:26    -2397.559759        0.407099
MDMin:  180 22:39:28    -2397.564802        0.399109
MDMin:  181 22:39:29    -2397.569905        0.390105
MDMin:  182 22:39:31    -2397.574948        0.380304
MDMin:  183 22:39:33    -2397.579737        0.370185
MDMin:  184 22:39:34    -2397.584023        0.360502
MDMin:  185 22:39:36    -2397.587640        0.351906
MDMin:  186 22:39:37    -2397.590753        0.344229
MDMin:  187 22:39:38    -2397.593656        0.336872
MDMin:  188 22:39:39    -2397.596549        0.332775
MDMin:  189 22:39:41    -2397.599495        0.332057
MDMin:  190 22:39:43    -2397.602508        0.330913
MDMin:  191 22:39:44    -2397.605572        0.329241
MDMin:  192 22:39:46    -2397.608656        0.326953
MDMin:  193 22:39:47    -2397.611699        0.324008
MDMin:  194 22:39:48    -2397.614604        0.320476
MDMin:  195 22:39:50    -2397.617221        0.316627
MDMin:  196 22:39:51    -2397.619437        0.312836
MDMin:  197 22:39:53    -2397.621339        0.309195
MDMin:  198 22:39:54    -2397.623148        0.305410
MDMin:  199 22:39:55    -2397.624986        0.301257
MDMin:  200 22:39:56    -2397.626900        0.296610
MDMin:  201 22:39:57    -2397.628899        0.291421
MDMin:  202 22:39:59    -2397.630979        0.285678
MDMin:  203 22:40:00    -2397.633123        0.279426
MDMin:  204 22:40:01    -2397.635300        0.272780
MDMin:  205 22:40:03    -2397.637445        0.265992
MDMin:  206 22:40:04    -2397.639446        0.290936
MDMin:  207 22:40:06    -2397.641186        0.282359
MDMin:  208 22:40:08    -2397.642681        0.266933
MDMin:  209 22:40:10    -2397.644076        0.268284
MDMin:  210 22:40:12    -2397.645496        0.269650
MDMin:  211 22:40:14    -2397.646989        0.271065
MDMin:  212 22:40:16    -2397.648568        0.272526
MDMin:  213 22:40:18    -2397.650236        0.274002
MDMin:  214 22:40:20    -2397.651985        0.275445
MDMin:  215 22:40:22    -2397.653798        0.276788
MDMin:  216 22:40:24    -2397.655639        0.277946
MDMin:  217 22:40:26    -2397.656475        0.278829
MDMin:  218 22:40:28    -2397.657753        0.274953
MDMin:  219 22:40:30    -2397.658642        0.271468
MDMin:  220 22:40:32    -2397.659476        0.271898
MDMin:  221 22:40:34    -2397.660333        0.269017
MDMin:  222 22:40:36    -2397.660855        0.269293
MDMin:  223 22:40:38    -2397.661694        0.266584
MDMin:  224 22:40:40    -2397.662483        0.263640
MDMin:  225 22:40:42    -2397.663098        0.263782
MDMin:  226 22:40:44    -2397.663941        0.260902
MDMin:  227 22:40:46    -2397.664821        0.257792
MDMin:  228 22:40:49    -2397.665351        0.257740
MDMin:  229 22:40:52    -2397.666184        0.254686
MDMin:  230 22:40:54    -2397.667101        0.251403
MDMin:  231 22:40:56    -2397.668099        0.247776
MDMin:  232 22:40:58    -2397.669028        0.271796
MDMin:  233 22:41:01    -2397.669735        0.243293
MDMin:  234 22:41:03    -2397.670647        0.242539
MDMin:  235 22:41:05    -2397.671632        0.243515
MDMin:  236 22:41:07    -2397.672690        0.244365
MDMin:  237 22:41:09    -2397.673815        0.245015
MDMin:  238 22:41:11    -2397.675004        0.245386
MDMin:  239 22:41:13    -2397.676252        0.245389
MDMin:  240 22:41:15    -2397.677554        0.244930
MDMin:  241 22:41:17    -2397.678907        0.243895
MDMin:  242 22:41:19    -2397.680309        0.242169
MDMin:  243 22:41:21    -2397.681756        0.239663
MDMin:  244 22:41:23    -2397.683248        0.236300
MDMin:  245 22:41:25    -2397.684779        0.232036
MDMin:  246 22:41:27    -2397.686328        0.226920
MDMin:  247 22:41:29    -2397.687746        0.425474
MDMin:  248 22:41:30    -2397.688534        0.359391
MDMin:  249 22:41:32    -2397.688897        0.216694
MDMin:  250 22:41:34    -2397.689343        0.214722
MDMin:  251 22:41:36    -2397.689854        0.212420
MDMin:  252 22:41:38    -2397.690428        0.209936
MDMin:  253 22:41:40    -2397.691066        0.209936
MDMin:  254 22:41:42    -2397.691768        0.209937
MDMin:  255 22:41:44    -2397.692532        0.209938
MDMin:  256 22:41:46    -2397.693360        0.209937
MDMin:  257 22:41:47    -2397.694251        0.209929
MDMin:  258 22:41:48    -2397.695205        0.209909
MDMin:  259 22:41:49    -2397.696222        0.209871
MDMin:  260 22:41:51    -2397.697303        0.209808
MDMin:  261 22:41:53    -2397.698447        0.209716
MDMin:  262 22:41:55    -2397.699656        0.209590
MDMin:  263 22:41:56    -2397.700930        0.209415
MDMin:  264 22:41:57    -2397.702269        0.209169
MDMin:  265 22:41:59    -2397.703673        0.208814
MDMin:  266 22:42:01    -2397.705134        0.208291
MDMin:  267 22:42:03    -2397.706581        0.314349
MDMin:  268 22:42:04    -2397.707637        0.460793
MDMin:  269 22:42:07    -2397.707975        0.206537
MDMin:  270 22:42:09    -2397.708408        0.206141
MDMin:  271 22:42:10    -2397.708906        0.205655
MDMin:  272 22:42:11    -2397.709469        0.205070
MDMin:  273 22:42:13    -2397.710097        0.204373
MDMin:  274 22:42:15    -2397.710790        0.203550
MDMin:  275 22:42:17    -2397.711549        0.202588
MDMin:  276 22:42:18    -2397.712372        0.201468
MDMin:  277 22:42:20    -2397.713261        0.200177
MDMin:  278 22:42:21    -2397.714214        0.198699
MDMin:  279 22:42:23    -2397.715233        0.197022
MDMin:  280 22:42:25    -2397.716316        0.195139
MDMin:  281 22:42:27    -2397.717464        0.193042
MDMin:  282 22:42:28    -2397.718676        0.190733
MDMin:  283 22:42:31    -2397.719951        0.190525
MDMin:  284 22:42:33    -2397.721287        0.194371
MDMin:  285 22:42:34    -2397.722675        0.197735
MDMin:  286 22:42:36    -2397.724038        0.274104
MDMin:  287 22:42:37    -2397.725026        0.383030
MDMin:  288 22:42:38    -2397.725369        0.202378
MDMin:  289 22:42:39    -2397.725797        0.202887
MDMin:  290 22:42:41    -2397.726287        0.203418
MDMin:  291 22:42:43    -2397.726839        0.203952
MDMin:  292 22:42:44    -2397.727452        0.204474
MDMin:  293 22:42:45    -2397.728128        0.204970
MDMin:  294 22:42:46    -2397.728864        0.205434
MDMin:  295 22:42:48    -2397.729662        0.205866
MDMin:  296 22:42:50    -2397.730520        0.206282
MDMin:  297 22:42:51    -2397.731438        0.206722
MDMin:  298 22:42:53    -2397.732417        0.207249
MDMin:  299 22:42:54    -2397.733455        0.207953
MDMin:  300 22:42:55    -2397.734551        0.208958
MDMin:  301 22:42:57    -2397.735705        0.210423
MDMin:  302 22:42:58    -2397.736915        0.212522
MDMin:  303 22:42:59    -2397.738173        0.215380
MDMin:  304 22:43:01    -2397.737869        0.476104
MDMin:  305 22:43:02    -2397.738959        0.454304
MDMin:  306 22:43:04    -2397.740087        0.240473
MDMin:  307 22:43:06    -2397.739879        0.432966
MDMin:  308 22:43:08    -2397.740226        0.426706
MDMin:  309 22:43:10    -2397.740524        0.246641
MDMin:  310 22:43:12    -2397.740516        0.418909
MDMin:  311 22:43:14    -2397.740717        0.247921
MDMin:  312 22:43:16    -2397.740603        0.415276
MDMin:  313 22:43:18    -2397.740858        0.410744
MDMin:  314 22:43:19    -2397.741011        0.252642
MDMin:  315 22:43:21    -2397.741056        0.404787
MDMin:  316 22:43:23    -2397.741192        0.253548
MDMin:  317 22:43:24    -2397.741120        0.401608
MDMin:  318 22:43:26    -2397.741351        0.254486
MDMin:  319 22:43:28    -2397.741170        0.398678
MDMin:  320 22:43:30    -2397.741411        0.394426
MDMin:  321 22:43:32    -2397.741637        0.258555
MDMin:  322 22:43:34    -2397.741580        0.389044
MDMin:  323 22:43:36    -2397.741815        0.259075
MDMin:  324 22:43:38    -2397.741626        0.386233
MDMin:  325 22:43:40    -2397.741859        0.382168
MDMin:  326 22:43:41    -2397.742100        0.262683
MDMin:  327 22:43:43    -2397.742010        0.377222
MDMin:  328 22:43:45    -2397.742249        0.373113
MDMin:  329 22:43:47    -2397.742408        0.265869
MDMin:  330 22:43:48    -2397.742394        0.368364
MDMin:  331 22:43:50    -2397.742583        0.265891
MDMin:  332 22:43:52    -2397.742417        0.366065
MDMin:  333 22:43:53    -2397.742638        0.362322
MDMin:  334 22:43:55    -2397.742864        0.268806
MDMin:  335 22:43:56    -2397.742759        0.358083
MDMin:  336 22:43:57    -2397.742986        0.354292
MDMin:  337 22:43:59    -2397.743165        0.271311
MDMin:  338 22:44:00    -2397.743104        0.350208
MDMin:  339 22:44:03    -2397.743327        0.346539
MDMin:  340 22:44:05    -2397.743466        0.273532
MDMin:  341 22:44:07    -2397.743434        0.342728
MDMin:  342 22:44:09    -2397.743636        0.273033
MDMin:  343 22:44:11    -2397.743433        0.341019
MDMin:  344 22:44:13    -2397.743638        0.337650
MDMin:  345 22:44:15    -2397.743910        0.275198
MDMin:  346 22:44:17    -2397.743729        0.334215
MDMin:  347 22:44:19    -2397.743940        0.330796
MDMin:  348 22:44:20    -2397.744203        0.276968
MDMin:  349 22:44:22    -2397.744029        0.327475
MDMin:  350 22:44:24    -2397.744237        0.324155
MDMin:  351 22:44:25    -2397.744496        0.278523
MDMin:  352 22:44:26    -2397.744318        0.321050
MDMin:  353 22:44:28    -2397.744523        0.317830
MDMin:  354 22:44:29    -2397.744786        0.279896
MDMin:  355 22:44:31    -2397.744596        0.314924
MDMin:  356 22:44:32    -2397.744798        0.311797
MDMin:  357 22:44:33    -2397.745074        0.281106
MDMin:  358 22:44:35    -2397.744864        0.309075
MDMin:  359 22:44:36    -2397.745062        0.306034
MDMin:  360 22:44:38    -2397.745359        0.282170
MDMin:  361 22:44:40    -2397.745123        0.303478
MDMin:  362 22:44:42    -2397.745317        0.300519
MDMin:  363 22:44:43    -2397.745642        0.283102
MDMin:  364 22:44:45    -2397.745372        0.298116
MDMin:  365 22:44:47    -2397.745563        0.295233
MDMin:  366 22:44:49    -2397.745887        0.290441
MDMin:  367 22:44:51    -2397.746094        0.286656
MDMin:  368 22:44:53    -2397.746017        0.286976
MDMin:  369 22:44:55    -2397.746210        0.284164
MDMin:  370 22:44:57    -2397.746391        0.286836
MDMin:  371 22:44:59    -2397.746252        0.282191
MDMin:  372 22:45:01    -2397.746435        0.279548
MDMin:  373 22:45:02    -2397.746666        0.287229
MDMin:  374 22:45:04    -2397.746468        0.277742
MDMin:  375 22:45:06    -2397.746648        0.275159
MDMin:  376 22:45:08    -2397.746937        0.287574
MDMin:  377 22:45:10    -2397.746677        0.273442
MDMin:  378 22:45:11    -2397.746854        0.270912
MDMin:  379 22:45:13    -2397.747156        0.266687
MDMin:  380 22:45:15    -2397.747372        0.290324
MDMin:  381 22:45:17    -2397.747257        0.264021
MDMin:  382 22:45:19    -2397.747436        0.261552
MDMin:  383 22:45:21    -2397.747654        0.290040
MDMin:  384 22:45:23    -2397.747457        0.260138
MDMin:  385 22:45:25    -2397.747627        0.257802
MDMin:  386 22:45:26    -2397.747917        0.253889
MDMin:  387 22:45:28    -2397.748080        0.292364
MDMin:  388 22:45:30    -2397.748004        0.251637
MDMin:  389 22:45:31    -2397.748175        0.249356
MDMin:  390 22:45:32    -2397.748355        0.291849
MDMin:  391 22:45:34    -2397.748185        0.248228
MDMin:  392 22:45:36    -2397.748348        0.246060
MDMin:  393 22:45:38    -2397.748612        0.291648
MDMin:  394 22:45:40    -2397.748353        0.245008
MDMin:  395 22:45:41    -2397.748514        0.242875
MDMin:  396 22:45:43    -2397.748791        0.239282
MDMin:  397 22:45:45    -2397.749023        0.293664
MDMin:  398 22:45:47    -2397.748864        0.237392
MDMin:  399 22:45:49    -2397.749026        0.235315
MDMin:  400 22:45:51    -2397.749288        0.292977
MDMin:  401 22:45:53    -2397.749027        0.234446
MDMin:  402 22:45:55    -2397.749181        0.232464
MDMin:  403 22:45:56    -2397.749449        0.229107
MDMin:  404 22:45:59    -2397.749690        0.294749
MDMin:  405 22:46:01    -2397.749514        0.227549
MDMin:  406 22:46:03    -2397.749670        0.229001
MDMin:  407 22:46:05    -2397.749936        0.231406
MDMin:  408 22:46:07    -2397.750103        0.296026
MDMin:  409 22:46:09    -2397.749997        0.232579
MDMin:  410 22:46:10    -2397.750149        0.233968
MDMin:  411 22:46:12    -2397.750356        0.295100
MDMin:  412 22:46:14    -2397.750137        0.234616
MDMin:  413 22:46:15    -2397.750282        0.235975
MDMin:  414 22:46:17    -2397.750535        0.238272
MDMin:  415 22:46:18    -2397.750744        0.296550
MDMin:  416 22:46:19    -2397.750588        0.239453
MDMin:  417 22:46:20    -2397.750733        0.240780
MDMin:  418 22:46:22    -2397.750985        0.243005
MDMin:  419 22:46:24    -2397.751140        0.297563
MDMin:  420 22:46:26    -2397.751035        0.244119
MDMin:  421 22:46:27    -2397.751177        0.245390
MDMin:  422 22:46:29    -2397.751382        0.296519
MDMin:  423 22:46:30    -2397.751156        0.245995
MDMin:  424 22:46:32    -2397.751292        0.247245
MDMin:  425 22:46:34    -2397.751533        0.249383
MDMin:  426 22:46:35    -2397.751755        0.297767
MDMin:  427 22:46:37    -2397.751578        0.250519
MDMin:  428 22:46:38    -2397.751714        0.251733
MDMin:  429 22:46:40    -2397.751952        0.253797
MDMin:  430 22:46:41    -2397.752137        0.298621
MDMin:  431 22:46:42    -2397.751996        0.254863
MDMin:  432 22:46:44    -2397.752129        0.256024
MDMin:  433 22:46:45    -2397.752362        0.258008
MDMin:  434 22:46:46    -2397.752512        0.299379
MDMin:  435 22:46:48    -2397.752402        0.259027
MDMin:  436 22:46:50    -2397.752531        0.260140
MDMin:  437 22:46:52    -2397.752739        0.298247
MDMin:  438 22:46:53    -2397.752502        0.260678
MDMin:  439 22:46:54    -2397.752627        0.261783
MDMin:  440 22:46:55    -2397.752851        0.263704
MDMin:  441 22:46:57    -2397.753097        0.299295
MDMin:  442 22:46:59    -2397.752889        0.264763
MDMin:  443 22:47:01    -2397.753013        0.265826
MDMin:  444 22:47:03    -2397.753235        0.267667
MDMin:  445 22:47:05    -2397.753460        0.300006
MDMin:  446 22:47:07    -2397.753273        0.268654
MDMin:  447 22:47:09    -2397.753394        0.269664
MDMin:  448 22:47:10    -2397.753611        0.271427
MDMin:  449 22:47:12    -2397.753818        0.300654
MDMin:  450 22:47:14    -2397.753646        0.272361
MDMin:  451 22:47:16    -2397.753764        0.273326
MDMin:  452 22:47:18    -2397.753977        0.275018
MDMin:  453 22:47:20    -2397.754173        0.301259
MDMin:  454 22:47:21    -2397.754011        0.275914
MDMin:  455 22:47:23    -2397.754126        0.276835
MDMin:  456 22:47:25    -2397.754334        0.278459
MDMin:  457 22:47:27    -2397.754523        0.301829
MDMin:  458 22:47:29    -2397.754367        0.279319
MDMin:  459 22:47:30    -2397.754479        0.280198
MDMin:  460 22:47:32    -2397.754683        0.281755
MDMin:  461 22:47:34    -2397.754870        0.302370
MDMin:  462 22:47:36    -2397.754714        0.282580
MDMin:  463 22:47:38    -2397.754824        0.283416
MDMin:  464 22:47:40    -2397.755024        0.284905
MDMin:  465 22:47:41    -2397.755213        0.302889
MDMin:  466 22:47:43    -2397.755054        0.285693
MDMin:  467 22:47:44    -2397.755161        0.286486
MDMin:  468 22:47:46    -2397.755358        0.287906
MDMin:  469 22:47:48    -2397.755554        0.303391
MDMin:  470 22:47:49    -2397.755387        0.288655
MDMin:  471 22:47:50    -2397.755491        0.289406
MDMin:  472 22:47:52    -2397.755685        0.290755
MDMin:  473 22:47:53    -2397.755892        0.303879
MDMin:  474 22:47:54    -2397.755713        0.291463
MDMin:  475 22:47:56    -2397.755815        0.292171
MDMin:  476 22:47:57    -2397.756005        0.293449
MDMin:  477 22:47:58    -2397.756228        0.304356
MDMin:  478 22:48:00    -2397.756033        0.294112
MDMin:  479 22:48:02    -2397.756132        0.294777
MDMin:  480 22:48:04    -2397.756319        0.295982
MDMin:  481 22:48:06    -2397.756561        0.310527
MDMin:  482 22:48:08    -2397.756347        0.296599
MDMin:  483 22:48:09    -2397.756444        0.297221
MDMin:  484 22:48:11    -2397.756627        0.298352
MDMin:  485 22:48:12    -2397.756893        0.318167
MDMin:  486 22:48:13    -2397.756654        0.298920
MDMin:  487 22:48:14    -2397.756749        0.299498
MDMin:  488 22:48:16    -2397.756930        0.300553
MDMin:  489 22:48:17    -2397.757194        0.301979
MDMin:  490 22:48:19    -2397.757404        0.332516
MDMin:  491 22:48:21    -2397.757290        0.302668
MDMin:  492 22:48:23    -2397.757381        0.303147
MDMin:  493 22:48:24    -2397.757556        0.304025
MDMin:  494 22:48:26    -2397.757736        0.339821
MDMin:  495 22:48:28    -2397.757578        0.304371
MDMin:  496 22:48:30    -2397.757667        0.304820
MDMin:  497 22:48:32    -2397.757839        0.305644
MDMin:  498 22:48:34    -2397.758065        0.347115
MDMin:  499 22:48:36    -2397.757861        0.305979
MDMin:  500 22:48:38    -2397.757948        0.306390
MDMin:  501 22:48:40    -2397.758117        0.307145
MDMin:  502 22:48:42    -2397.758366        0.308142
MDMin:  503 22:48:43    -2397.758575        0.360971
MDMin:  504 22:48:45    -2397.758458        0.308518
MDMin:  505 22:48:47    -2397.758542        0.308833
MDMin:  506 22:48:48    -2397.758706        0.309407
MDMin:  507 22:48:49    -2397.758906        0.367864
MDMin:  508 22:48:51    -2397.758724        0.309535
MDMin:  509 22:48:53    -2397.758807        0.309819
MDMin:  510 22:48:55    -2397.758968        0.310336
MDMin:  511 22:48:57    -2397.759207        0.310991
MDMin:  512 22:48:58    -2397.759421        0.381221
MDMin:  513 22:49:00    -2397.759294        0.311104
MDMin:  514 22:49:02    -2397.759374        0.311296
MDMin:  515 22:49:04    -2397.759531        0.311638
MDMin:  516 22:49:06    -2397.759753        0.387735
MDMin:  517 22:49:08    -2397.759545        0.311595
MDMin:  518 22:49:10    -2397.759624        0.311757
MDMin:  519 22:49:12    -2397.759779        0.312039
MDMin:  520 22:49:14    -2397.760008        0.312352
MDMin:  521 22:49:16    -2397.760275        0.400472
MDMin:  522 22:49:18    -2397.760092        0.312204
MDMin:  523 22:49:19    -2397.760168        0.312275
MDMin:  524 22:49:21    -2397.760318        0.312382
MDMin:  525 22:49:23    -2397.760541        0.312442
MDMin:  526 22:49:25    -2397.760579        0.316895
MDMin:  527 22:49:27    -2397.760128        0.312083
MDMin:  528 22:49:29    -2397.760414        0.311661
MDMin:  529 22:49:31    -2397.760267        0.311393
MDMin:  530 22:49:32    -2397.759994        0.310223
MDMin:  531 22:49:34    -2397.760125        0.309319
MDMin:  532 22:49:35    -2397.759639        0.308444
MDMin:  533 22:49:36    -2397.759948        0.307397
MDMin:  534 22:49:37    -2397.759860        0.305926
MDMin:  535 22:49:39    -2397.759586        0.304598
MDMin:  536 22:49:40    -2397.759742        0.303098
MDMin:  537 22:49:41    -2397.759279        0.301717
MDMin:  538 22:49:43    -2397.759602        0.300151
MDMin:  539 22:49:45    -2397.759511        0.298030
MDMin:  540 22:49:47    -2397.759287        0.296179
MDMin:  541 22:49:48    -2397.759409        0.294168
MDMin:  542 22:49:50    -2397.759018        0.292352
MDMin:  543 22:49:51    -2397.759325        0.290354
MDMin:  544 22:49:52    -2397.758775        0.288508
MDMin:  545 22:49:54    -2397.759100        0.286467
MDMin:  546 22:49:56    -2397.759138        0.283747
MDMin:  547 22:49:58    -2397.758847        0.281397
MDMin:  548 22:50:00    -2397.759055        0.278920
MDMin:  549 22:50:02    -2397.758625        0.276694
MDMin:  550 22:50:05    -2397.758965        0.274306
MDMin:  551 22:50:06    -2397.758875        0.271179
MDMin:  552 22:50:08    -2397.758735        0.268518
MDMin:  553 22:50:10    -2397.758797        0.265776
MDMin:  554 22:50:12    -2397.758534        0.263336
MDMin:  555 22:50:14    -2397.758731        0.260763
MDMin:  556 22:50:17    -2397.758352        0.258412
MDMin:  557 22:50:18    -2397.758672        0.255907
MDMin:  558 22:50:20    -2397.758183        0.253585
MDMin:  559 22:50:22    -2397.758512        0.251106
MDMin:  560 22:50:24    -2397.758522        0.250159
MDMin:  561 22:50:26    -2397.758336        0.245080
MDMin:  562 22:50:28    -2397.758457        0.245198
MDMin:  563 22:50:30    -2397.758178        0.239745
MDMin:  564 22:50:32    -2397.758400        0.241028
MDMin:  565 22:50:34    -2397.758032        0.234739
MDMin:  566 22:50:36    -2397.758348        0.237284
MDMin:  567 22:50:38    -2397.757896        0.229900
MDMin:  568 22:50:40    -2397.758226        0.227451
MDMin:  569 22:50:41    -2397.758211        0.237608
MDMin:  570 22:50:43    -2397.758087        0.221537
MDMin:  571 22:50:45    -2397.758150        0.233161
MDMin:  572 22:50:47    -2397.757959        0.216387
MDMin:  573 22:50:49    -2397.758097        0.229428
MDMin:  574 22:50:50    -2397.757840        0.211616
MDMin:  575 22:50:51    -2397.758047        0.226078
MDMin:  576 22:50:53    -2397.757729        0.207052
MDMin:  577 22:50:55    -2397.758001        0.222959
MDMin:  578 22:50:57    -2397.757625        0.202621
MDMin:  579 22:50:59    -2397.757951        0.200393
MDMin:  580 22:51:01    -2397.757873        0.223932
MDMin:  581 22:51:02    -2397.757848        0.195013
MDMin:  582 22:51:04    -2397.757816        0.220017
MDMin:  583 22:51:05    -2397.757749        0.190367
MDMin:  584 22:51:06    -2397.757765        0.216731
MDMin:  585 22:51:08    -2397.757656        0.186092
MDMin:  586 22:51:10    -2397.757717        0.213778
MDMin:  587 22:51:11    -2397.757569        0.182027
MDMin:  588 22:51:12    -2397.757671        0.211027
MDMin:  589 22:51:14    -2397.757487        0.178102
MDMin:  590 22:51:15    -2397.757627        0.208415
MDMin:  591 22:51:16    -2397.757411        0.174284
MDMin:  592 22:51:17    -2397.757585        0.205912
MDMin:  593 22:51:20    -2397.757340        0.170559
MDMin:  594 22:51:22    -2397.757543        0.203502
MDMin:  595 22:51:24    -2397.757274        0.166919
MDMin:  596 22:51:26    -2397.757502        0.201175
MDMin:  597 22:51:28    -2397.757213        0.163362
MDMin:  598 22:51:30    -2397.757462        0.198923
MDMin:  599 22:51:32    -2397.757156        0.161226
MDMin:  600 22:51:33    -2397.757423        0.196741
MDMin:  601 22:51:34    -2397.757103        0.161586
MDMin:  602 22:51:36    -2397.757383        0.194625
MDMin:  603 22:51:37    -2397.757055        0.161997
MDMin:  604 22:51:39    -2397.757345        0.192571
MDMin:  605 22:51:41    -2397.757010        0.162462
MDMin:  606 22:51:43    -2397.757306        0.190576
MDMin:  607 22:51:44    -2397.756968        0.162987
MDMin:  608 22:51:46    -2397.757268        0.188635
MDMin:  609 22:51:48    -2397.756930        0.163573
MDMin:  610 22:51:50    -2397.757230        0.186747
MDMin:  611 22:51:52    -2397.756894        0.164226
MDMin:  612 22:51:53    -2397.757193        0.184909
MDMin:  613 22:51:55    -2397.756862        0.164949
MDMin:  614 22:51:56    -2397.757155        0.183118
MDMin:  615 22:51:57    -2397.756832        0.165746
MDMin:  616 22:51:59    -2397.757118        0.181372
MDMin:  617 22:52:01    -2397.756805        0.166621
MDMin:  618 22:52:03    -2397.757081        0.179669
MDMin:  619 22:52:05    -2397.756780        0.167578
MDMin:  620 22:52:07    -2397.757044        0.178006
MDMin:  621 22:52:09    -2397.756758        0.168621
MDMin:  622 22:52:11    -2397.757007        0.176382
MDMin:  623 22:52:13    -2397.756738        0.169754
MDMin:  624 22:52:14    -2397.756970        0.174796
MDMin:  625 22:52:16    -2397.756719        0.170981
MDMin:  626 22:52:18    -2397.756934        0.173245
MDMin:  627 22:52:20    -2397.756703        0.172307
MDMin:  628 22:52:21    -2397.756897        0.173014
MDMin:  629 22:52:23    -2397.756688        0.173736
MDMin:  630 22:52:24    -2397.756861        0.174496
MDMin:  631 22:52:26    -2397.756676        0.175272
MDMin:  632 22:52:28    -2397.756825        0.176087
MDMin:  633 22:52:30    -2397.756664        0.176919
MDMin:  634 22:52:32    -2397.756789        0.177791
MDMin:  635 22:52:34    -2397.756655        0.178682
MDMin:  636 22:52:36    -2397.756754        0.179614
MDMin:  637 22:52:38    -2397.756646        0.180566
MDMin:  638 22:52:39    -2397.756718        0.181560
MDMin:  639 22:52:41    -2397.756640        0.182574
MDMin:  640 22:52:43    -2397.756683        0.183633
MDMin:  641 22:52:45    -2397.756634        0.184712
MDMin:  642 22:52:46    -2397.756648        0.185837
MDMin:  643 22:52:48    -2397.756630        0.186984
MDMin:  644 22:52:50    -2397.756614        0.188177
MDMin:  645 22:52:51    -2397.756626        0.189394
MDMin:  646 22:52:52    -2397.756208        0.190995
MDMin:  647 22:52:53    -2397.756599        0.192560
MDMin:  648 22:52:55    -2397.756248        0.194103
MDMin:  649 22:52:56    -2397.756573        0.195646
MDMin:  650 22:52:58    -2397.756277        0.197193
MDMin:  651 22:53:00    -2397.756546        0.198760
MDMin:  652 22:53:02    -2397.756301        0.200345
MDMin:  653 22:53:05    -2397.756519        0.201961
MDMin:  654 22:53:07    -2397.756322        0.203603
MDMin:  655 22:53:09    -2397.756492        0.205282
MDMin:  656 22:53:10    -2397.756340        0.206991
MDMin:  657 22:53:12    -2397.756465        0.208741
MDMin:  658 22:53:14    -2397.756357        0.210524
MDMin:  659 22:53:15    -2397.756439        0.212349
MDMin:  660 22:53:17    -2397.756374        0.214207
MDMin:  661 22:53:19    -2397.756412        0.216108
MDMin:  662 22:53:21    -2397.756389        0.218043
MDMin:  663 22:53:23    -2397.756386        0.220021
MDMin:  664 22:53:25    -2397.756403        0.222032
MDMin:  665 22:53:27    -2397.755988        0.224564
MDMin:  666 22:53:29    -2397.756388        0.227023
MDMin:  667 22:53:31    -2397.756047        0.229453
MDMin:  668 22:53:33    -2397.756373        0.231854
MDMin:  669 22:53:35    -2397.756095        0.234252
MDMin:  670 22:53:37    -2397.756357        0.236641
MDMin:  671 22:53:38    -2397.756135        0.239039
MDMin:  672 22:53:39    -2397.756340        0.241438
MDMin:  673 22:53:41    -2397.756171        0.243850
MDMin:  674 22:53:42    -2397.756323        0.246267
MDMin:  675 22:53:43    -2397.756202        0.248696
MDMin:  676 22:53:44    -2397.756307        0.251129
MDMin:  677 22:53:46    -2397.756231        0.253568
MDMin:  678 22:53:47    -2397.756291        0.256008
MDMin:  679 22:53:48    -2397.756257        0.258447
MDMin:  680 22:53:50    -2397.756275        0.260879
MDMin:  681 22:53:52    -2397.756281        0.263300
MDMin:  682 22:53:53    -2397.756261        0.265705
MDMin:  683 22:53:55    -2397.756286        0.268086
MDMin:  684 22:53:57    -2397.755866        0.270899
MDMin:  685 22:53:58    -2397.756290        0.273552
MDMin:  686 22:54:00    -2397.755935        0.276091
MDMin:  687 22:54:03    -2397.756293        0.278498
MDMin:  688 22:54:05    -2397.755992        0.280795
MDMin:  689 22:54:07    -2397.756294        0.282963
MDMin:  690 22:54:09    -2397.756039        0.285013
MDMin:  691 22:54:11    -2397.756294        0.286927
MDMin:  692 22:54:13    -2397.756078        0.288706
MDMin:  693 22:54:15    -2397.756294        0.290332
MDMin:  694 22:54:17    -2397.756112        0.291801
MDMin:  695 22:54:19    -2397.756295        0.293096
MDMin:  696 22:54:21    -2397.756141        0.294207
MDMin:  697 22:54:22    -2397.756297        0.295121
MDMin:  698 22:54:24    -2397.756166        0.295824
MDMin:  699 22:54:25    -2397.756299        0.296303
MDMin:  700 22:54:27    -2397.756187        0.296546
MDMin:  701 22:54:28    -2397.756302        0.296542
MDMin:  702 22:54:30    -2397.756205        0.296279
MDMin:  703 22:54:32    -2397.756307        0.295749
MDMin:  704 22:54:34    -2397.756220        0.294944
MDMin:  705 22:54:35    -2397.756313        0.293858
MDMin:  706 22:54:37    -2397.756232        0.292491
MDMin:  707 22:54:39    -2397.756320        0.290838
MDMin:  708 22:54:41    -2397.756241        0.288908
MDMin:  709 22:54:43    -2397.756328        0.286697
MDMin:  710 22:54:45    -2397.756248        0.284225
MDMin:  711 22:54:47    -2397.756338        0.281489
MDMin:  712 22:54:49    -2397.756253        0.278518
MDMin:  713 22:54:51    -2397.756348        0.275309
MDMin:  714 22:54:53    -2397.756256        0.271902
MDMin:  715 22:54:55    -2397.756358        0.268291
MDMin:  716 22:54:57    -2397.756257        0.264523
MDMin:  717 22:54:59    -2397.756369        0.260590
MDMin:  718 22:55:01    -2397.756256        0.256547
MDMin:  719 22:55:02    -2397.756380        0.252380
MDMin:  720 22:55:05    -2397.756254        0.248146
MDMin:  721 22:55:06    -2397.756390        0.243829
MDMin:  722 22:55:08    -2397.756250        0.239487
MDMin:  723 22:55:11    -2397.756401        0.235097
MDMin:  724 22:55:12    -2397.756245        0.230719
MDMin:  725 22:55:15    -2397.756410        0.226325
MDMin:  726 22:55:17    -2397.756239        0.221972
MDMin:  727 22:55:19    -2397.756419        0.217627
MDMin:  728 22:55:21    -2397.756232        0.213348
MDMin:  729 22:55:22    -2397.756426        0.209096
MDMin:  730 22:55:23    -2397.756225        0.204928
MDMin:  731 22:55:25    -2397.756433        0.200801
MDMin:  732 22:55:27    -2397.756216        0.196768
MDMin:  733 22:55:28    -2397.756438        0.192787
MDMin:  734 22:55:30    -2397.756207        0.188908
MDMin:  735 22:55:31    -2397.756441        0.185086
MDMin:  736 22:55:33    -2397.756197        0.181369
MDMin:  737 22:55:35    -2397.756443        0.177712
MDMin:  738 22:55:37    -2397.756187        0.174161
MDMin:  739 22:55:39    -2397.756444        0.170671
MDMin:  740 22:55:41    -2397.756176        0.167286
MDMin:  741 22:55:43    -2397.756443        0.163962
MDMin:  742 22:55:44    -2397.756166        0.160738
MDMin:  743 22:55:46    -2397.756440        0.157574
MDMin:  744 22:55:47    -2397.756155        0.154508
MDMin:  745 22:55:49    -2397.756436        0.151498
MDMin:  746 22:55:51    -2397.756144        0.148785
