       Step     Time          Energy          fmax
MDMin:    0 22:55:51    -2397.756144        0.154143
MDMin:    1 22:55:53    -2397.756140        0.154136
MDMin:    2 22:55:54    -2397.756130        0.154113
MDMin:    3 22:55:56    -2397.756114        0.154076
MDMin:    4 22:55:58    -2397.756090        0.154026
MDMin:    5 22:56:00    -2397.756059        0.153963
MDMin:    6 22:56:02    -2397.756022        0.153890
MDMin:    7 22:56:04    -2397.755977        0.153808
MDMin:    8 22:56:06    -2397.755925        0.153719
MDMin:    9 22:56:07    -2397.755866        0.153624
MDMin:   10 22:56:09    -2397.755799        0.153526
MDMin:   11 22:56:11    -2397.755724        0.153426
MDMin:   12 22:56:13    -2397.755641        0.153326
MDMin:   13 22:56:15    -2397.755550        0.153225
MDMin:   14 22:56:17    -2397.755451        0.153126
MDMin:   15 22:56:18    -2397.755343        0.153028
MDMin:   16 22:56:19    -2397.755226        0.152929
MDMin:   17 22:56:21    -2397.755100        0.152829
MDMin:   18 22:56:23    -2397.754966        0.152724
MDMin:   19 22:56:25    -2397.754822        0.152611
MDMin:   20 22:56:27    -2397.754668        0.152486
MDMin:   21 22:56:29    -2397.754506        0.152342
MDMin:   22 22:56:31    -2397.754334        0.152173
MDMin:   23 22:56:33    -2397.754152        0.151972
MDMin:   24 22:56:35    -2397.753962        0.151728
MDMin:   25 22:56:36    -2397.753762        0.151433
MDMin:   26 22:56:38    -2397.753553        0.151076
MDMin:   27 22:56:40    -2397.753336        0.150645
MDMin:   28 22:56:42    -2397.753110        0.150129
MDMin:   29 22:56:44    -2397.752876        0.149514
MDMin:   30 22:56:46    -2397.752635        0.148789
MDMin:   31 22:56:48    -2397.752387        0.147941
MDMin:   32 22:56:50    -2397.752133        0.146958
MDMin:   33 22:56:52    -2397.751874        0.145829
MDMin:   34 22:56:53    -2397.751610        0.144542
MDMin:   35 22:56:55    -2397.751343        0.143087
MDMin:   36 22:56:58    -2397.751073        0.141457
MDMin:   37 22:57:00    -2397.750801        0.139643
MDMin:   38 22:57:02    -2397.750528        0.137642
MDMin:   39 22:57:04    -2397.750256        0.135448
MDMin:   40 22:57:06    -2397.749986        0.133061
MDMin:   41 22:57:08    -2397.749719        0.131826
MDMin:   42 22:57:10    -2397.749456        0.131422
MDMin:   43 22:57:11    -2397.749197        0.131053
MDMin:   44 22:57:13    -2397.748946        0.130724
MDMin:   45 22:57:15    -2397.748702        0.130439
MDMin:   46 22:57:17    -2397.748466        0.130202
MDMin:   47 22:57:19    -2397.748240        0.130017
MDMin:   48 22:57:21    -2397.748024        0.129889
MDMin:   49 22:57:23    -2397.747819        0.129824
MDMin:   50 22:57:24    -2397.747625        0.129826
MDMin:   51 22:57:26    -2397.747445        0.129901
MDMin:   52 22:57:28    -2397.747276        0.130055
MDMin:   53 22:57:30    -2397.747121        0.130294
MDMin:   54 22:57:31    -2397.746979        0.130624
MDMin:   55 22:57:33    -2397.746849        0.131052
MDMin:   56 22:57:34    -2397.746733        0.131585
MDMin:   57 22:57:35    -2397.746629        0.132230
MDMin:   58 22:57:37    -2397.746538        0.132995
MDMin:   59 22:57:39    -2397.746458        0.133886
MDMin:   60 22:57:41    -2397.746390        0.134912
MDMin:   61 22:57:43    -2397.746332        0.136081
MDMin:   62 22:57:45    -2397.746284        0.137399
MDMin:   63 22:57:47    -2397.746244        0.138874
MDMin:   64 22:57:49    -2397.746214        0.140514
MDMin:   65 22:57:51    -2397.746190        0.142324
MDMin:   66 22:57:53    -2397.746174        0.144310
MDMin:   67 22:57:56    -2397.746163        0.146479
MDMin:   68 22:57:58    -2397.746157        0.148833
MDMin:   69 22:58:00    -2397.746157        0.151375
MDMin:   70 22:58:01    -2397.746160        0.154108
MDMin:   71 22:58:03    -2397.746166        0.157030
MDMin:   72 22:58:04    -2397.746175        0.160139
MDMin:   73 22:58:06    -2397.746186        0.163431
MDMin:   74 22:58:08    -2397.746199        0.166899
MDMin:   75 22:58:10    -2397.746214        0.170533
MDMin:   76 22:58:12    -2397.746229        0.174320
MDMin:   77 22:58:15    -2397.746246        0.178246
MDMin:   78 22:58:17    -2397.746263        0.182292
MDMin:   79 22:58:19    -2397.746280        0.186437
MDMin:   80 22:58:21    -2397.746298        0.190656
MDMin:   81 22:58:23    -2397.746316        0.194922
MDMin:   82 22:58:25    -2397.746333        0.199205
MDMin:   83 22:58:26    -2397.746351        0.203468
MDMin:   84 22:58:28    -2397.746368        0.207676
MDMin:   85 22:58:29    -2397.746385        0.211790
MDMin:   86 22:58:31    -2397.746402        0.215767
MDMin:   87 22:58:33    -2397.746419        0.219559
MDMin:   88 22:58:35    -2397.746435        0.223114
MDMin:   89 22:58:37    -2397.746451        0.226373
MDMin:   90 22:58:38    -2397.746467        0.229269
MDMin:   91 22:58:40    -2397.746482        0.231726
MDMin:   92 22:58:42    -2397.746498        0.233658
MDMin:   93 22:58:44    -2397.746512        0.234973
MDMin:   94 22:58:47    -2397.746527        0.235569
MDMin:   95 22:58:49    -2397.746541        0.235346
MDMin:   96 22:58:51    -2397.746555        0.234207
MDMin:   97 22:58:52    -2397.746569        0.232067
MDMin:   98 22:58:54    -2397.746583        0.228869
MDMin:   99 22:58:55    -2397.746596        0.224587
MDMin:  100 22:58:57    -2397.746609        0.219241
MDMin:  101 22:58:59    -2397.746623        0.212899
MDMin:  102 22:59:01    -2397.746636        0.205678
MDMin:  103 22:59:03    -2397.746648        0.197740
MDMin:  104 22:59:05    -2397.746661        0.189275
MDMin:  105 22:59:07    -2397.746674        0.180489
MDMin:  106 22:59:09    -2397.746686        0.171582
MDMin:  107 22:59:11    -2397.746699        0.162742
MDMin:  108 22:59:12    -2397.746711        0.154138
MDMin:  109 22:59:14    -2397.746723        0.146016
MDMin:  110 22:59:16    -2397.746734        0.178003
MDMin:  111 22:59:18    -2397.746741        0.174114
MDMin:  112 22:59:20    -2397.746745        0.132488
MDMin:  113 22:59:21    -2397.746748        0.130251
MDMin:  114 22:59:23    -2397.746752        0.128001
MDMin:  115 22:59:24    -2397.746756        0.125743
MDMin:  116 22:59:25    -2397.746760        0.123481
MDMin:  117 22:59:27    -2397.746764        0.122565
MDMin:  118 22:59:28    -2397.746768        0.121735
MDMin:  119 22:59:29    -2397.746772        0.120883
MDMin:  120 22:59:31    -2397.746776        0.120012
MDMin:  121 22:59:33    -2397.746781        0.119121
MDMin:  122 22:59:35    -2397.746785        0.118210
MDMin:  123 22:59:37    -2397.746789        0.117279
MDMin:  124 22:59:39    -2397.746794        0.116330
MDMin:  125 22:59:40    -2397.746798        0.115362
MDMin:  126 22:59:42    -2397.746803        0.114375
MDMin:  127 22:59:44    -2397.746808        0.113370
MDMin:  128 22:59:46    -2397.746812        0.112346
MDMin:  129 22:59:48    -2397.746817        0.111304
MDMin:  130 22:59:49    -2397.746822        0.110244
MDMin:  131 22:59:51    -2397.746827        0.109166
MDMin:  132 22:59:53    -2397.746832        0.108069
MDMin:  133 22:59:55    -2397.746837        0.106954
MDMin:  134 22:59:57    -2397.746842        0.105821
MDMin:  135 22:59:58    -2397.746847        0.104668
MDMin:  136 23:00:00    -2397.746853        0.103497
MDMin:  137 23:00:02    -2397.746858        0.102306
MDMin:  138 23:00:04    -2397.746863        0.101096
MDMin:  139 23:00:06    -2397.746868        0.099866
MDMin:  140 23:00:08    -2397.746874        0.098616
MDMin:  141 23:00:10    -2397.746879        0.097346
MDMin:  142 23:00:12    -2397.746885        0.096054
MDMin:  143 23:00:14    -2397.746890        0.094742
MDMin:  144 23:00:16    -2397.746896        0.093408
MDMin:  145 23:00:18    -2397.746902        0.092053
MDMin:  146 23:00:19    -2397.746907        0.090676
MDMin:  147 23:00:21    -2397.746913        0.089278
MDMin:  148 23:00:22    -2397.746919        0.087858
MDMin:  149 23:00:23    -2397.746924        0.086415
MDMin:  150 23:00:25    -2397.746930        0.084951
MDMin:  151 23:00:26    -2397.746936        0.083466
MDMin:  152 23:00:28    -2397.746942        0.081958
MDMin:  153 23:00:30    -2397.746948        0.080430
MDMin:  154 23:00:32    -2397.746954        0.079573
MDMin:  155 23:00:34    -2397.746960        0.079013
MDMin:  156 23:00:36    -2397.746966        0.078445
MDMin:  157 23:00:38    -2397.746972        0.077868
MDMin:  158 23:00:39    -2397.746978        0.077286
MDMin:  159 23:00:42    -2397.746984        0.076690
MDMin:  160 23:00:44    -2397.746991        0.076102
MDMin:  161 23:00:46    -2397.746997        0.075472
MDMin:  162 23:00:47    -2397.747003        0.074916
MDMin:  163 23:00:49    -2397.747009        0.074160
MDMin:  164 23:00:51    -2397.747016        0.073872
MDMin:  165 23:00:53    -2397.747022        0.072377
MDMin:  166 23:00:54    -2397.747028        0.074097
MDMin:  167 23:00:55    -2397.747035        0.067903
MDMin:  168 23:00:57    -2397.747041        0.088309
MDMin:  169 23:00:58    -2397.747047        0.108980
MDMin:  170 23:01:00    -2397.747049        0.108261
MDMin:  171 23:01:02    -2397.747051        0.076685
MDMin:  172 23:01:04    -2397.747052        0.070783
MDMin:  173 23:01:05    -2397.747053        0.069838
MDMin:  174 23:01:07    -2397.747055        0.069586
MDMin:  175 23:01:08    -2397.747056        0.069419
MDMin:  176 23:01:10    -2397.747058        0.069257
MDMin:  177 23:01:12    -2397.747059        0.069091
MDMin:  178 23:01:13    -2397.747061        0.068921
MDMin:  179 23:01:15    -2397.747062        0.068746
MDMin:  180 23:01:16    -2397.747064        0.068567
MDMin:  181 23:01:18    -2397.747066        0.068383
MDMin:  182 23:01:20    -2397.747067        0.068195
MDMin:  183 23:01:22    -2397.747069        0.068002
MDMin:  184 23:01:24    -2397.747071        0.067805
MDMin:  185 23:01:26    -2397.747073        0.067604
MDMin:  186 23:01:28    -2397.747075        0.067398
MDMin:  187 23:01:29    -2397.747077        0.067187
MDMin:  188 23:01:31    -2397.747079        0.066973
MDMin:  189 23:01:33    -2397.747081        0.066753
MDMin:  190 23:01:35    -2397.747083        0.066530
MDMin:  191 23:01:37    -2397.747085        0.066302
MDMin:  192 23:01:38    -2397.747087        0.066070
MDMin:  193 23:01:40    -2397.747089        0.065833
MDMin:  194 23:01:42    -2397.747091        0.065592
MDMin:  195 23:01:44    -2397.747094        0.065347
MDMin:  196 23:01:45    -2397.747096        0.065098
MDMin:  197 23:01:46    -2397.747098        0.064844
MDMin:  198 23:01:48    -2397.747100        0.064585
MDMin:  199 23:01:50    -2397.747103        0.064323
MDMin:  200 23:01:52    -2397.747105        0.064056
MDMin:  201 23:01:53    -2397.747108        0.063785
MDMin:  202 23:01:55    -2397.747110        0.063509
MDMin:  203 23:01:57    -2397.747113        0.063230
MDMin:  204 23:02:00    -2397.747115        0.062945
MDMin:  205 23:02:02    -2397.747118        0.062657
MDMin:  206 23:02:04    -2397.747120        0.062364
MDMin:  207 23:02:05    -2397.747123        0.062067
MDMin:  208 23:02:07    -2397.747125        0.061766
MDMin:  209 23:02:10    -2397.747128        0.061460
MDMin:  210 23:02:12    -2397.747131        0.061150
MDMin:  211 23:02:13    -2397.747133        0.060836
MDMin:  212 23:02:14    -2397.747136        0.060517
MDMin:  213 23:02:16    -2397.747139        0.060193
MDMin:  214 23:02:17    -2397.747142        0.059866
MDMin:  215 23:02:20    -2397.747145        0.059534
MDMin:  216 23:02:22    -2397.747147        0.059197
MDMin:  217 23:02:23    -2397.747150        0.058856
MDMin:  218 23:02:24    -2397.747153        0.058510
MDMin:  219 23:02:26    -2397.747156        0.058159
MDMin:  220 23:02:28    -2397.747159        0.057804
MDMin:  221 23:02:30    -2397.747162        0.057444
MDMin:  222 23:02:31    -2397.747165        0.057080
MDMin:  223 23:02:33    -2397.747168        0.056710
MDMin:  224 23:02:35    -2397.747171        0.056336
MDMin:  225 23:02:37    -2397.747174        0.055956
MDMin:  226 23:02:39    -2397.747177        0.055572
MDMin:  227 23:02:40    -2397.747180        0.055182
MDMin:  228 23:02:42    -2397.747183        0.054787
MDMin:  229 23:02:44    -2397.747186        0.054387
MDMin:  230 23:02:46    -2397.747189        0.053982
MDMin:  231 23:02:47    -2397.747192        0.053571
MDMin:  232 23:02:49    -2397.747195        0.053155
MDMin:  233 23:02:51    -2397.747199        0.052733
MDMin:  234 23:02:53    -2397.747202        0.052305
MDMin:  235 23:02:55    -2397.747205        0.051872
MDMin:  236 23:02:56    -2397.747208        0.051589
MDMin:  237 23:02:58    -2397.747211        0.051548
MDMin:  238 23:03:00    -2397.747214        0.051509
MDMin:  239 23:03:01    -2397.747217        0.051472
MDMin:  240 23:03:03    -2397.747220        0.051437
MDMin:  241 23:03:05    -2397.747224        0.051407
MDMin:  242 23:03:07    -2397.747227        0.051369
MDMin:  243 23:03:08    -2397.747230        0.051360
MDMin:  244 23:03:10    -2397.747233        0.051278
MDMin:  245 23:03:11    -2397.747236        0.051428
MDMin:  246 23:03:12    -2397.747239        0.058911
MDMin:  247 23:03:13    -2397.747241        0.094487
MDMin:  248 23:03:15    -2397.747241        0.054349
MDMin:  249 23:03:16    -2397.747242        0.051280
MDMin:  250 23:03:17    -2397.747243        0.051250
MDMin:  251 23:03:19    -2397.747243        0.051241
MDMin:  252 23:03:21    -2397.747244        0.051236
MDMin:  253 23:03:23    -2397.747245        0.051231
MDMin:  254 23:03:24    -2397.747246        0.051226
MDMin:  255 23:03:25    -2397.747246        0.051221
MDMin:  256 23:03:27    -2397.747247        0.051216
MDMin:  257 23:03:29    -2397.747248        0.051211
MDMin:  258 23:03:31    -2397.747249        0.051206
MDMin:  259 23:03:33    -2397.747250        0.051201
MDMin:  260 23:03:35    -2397.747250        0.051196
MDMin:  261 23:03:37    -2397.747251        0.051191
MDMin:  262 23:03:39    -2397.747252        0.051186
MDMin:  263 23:03:41    -2397.747253        0.051181
MDMin:  264 23:03:43    -2397.747254        0.051176
MDMin:  265 23:03:45    -2397.747255        0.051170
MDMin:  266 23:03:46    -2397.747256        0.051165
MDMin:  267 23:03:48    -2397.747257        0.051160
MDMin:  268 23:03:50    -2397.747258        0.051155
MDMin:  269 23:03:51    -2397.747259        0.051150
MDMin:  270 23:03:53    -2397.747260        0.051145
MDMin:  271 23:03:55    -2397.747261        0.051140
MDMin:  272 23:03:57    -2397.747262        0.051135
MDMin:  273 23:03:59    -2397.747263        0.051130
MDMin:  274 23:04:01    -2397.747264        0.051125
MDMin:  275 23:04:03    -2397.747265        0.051120
MDMin:  276 23:04:05    -2397.747266        0.051115
MDMin:  277 23:04:07    -2397.747267        0.051110
MDMin:  278 23:04:09    -2397.747269        0.051105
MDMin:  279 23:04:11    -2397.747270        0.051099
MDMin:  280 23:04:13    -2397.747271        0.051094
MDMin:  281 23:04:15    -2397.747272        0.051089
MDMin:  282 23:04:17    -2397.747273        0.051084
MDMin:  283 23:04:19    -2397.747274        0.051079
MDMin:  284 23:04:21    -2397.747276        0.051074
MDMin:  285 23:04:23    -2397.747277        0.051068
MDMin:  286 23:04:24    -2397.747278        0.051063
MDMin:  287 23:04:26    -2397.747279        0.051058
MDMin:  288 23:04:28    -2397.747280        0.051052
MDMin:  289 23:04:30    -2397.747282        0.051046
MDMin:  290 23:04:31    -2397.747283        0.051041
MDMin:  291 23:04:33    -2397.747284        0.051035
MDMin:  292 23:04:34    -2397.747286        0.051028
MDMin:  293 23:04:35    -2397.747287        0.051022
MDMin:  294 23:04:37    -2397.747288        0.051016
MDMin:  295 23:04:39    -2397.747289        0.051009
MDMin:  296 23:04:41    -2397.747291        0.051002
MDMin:  297 23:04:43    -2397.747292        0.050994
MDMin:  298 23:04:45    -2397.747293        0.050987
MDMin:  299 23:04:47    -2397.747295        0.050978
MDMin:  300 23:04:49    -2397.747296        0.050970
MDMin:  301 23:04:51    -2397.747297        0.050961
MDMin:  302 23:04:53    -2397.747299        0.050952
MDMin:  303 23:04:55    -2397.747300        0.050942
MDMin:  304 23:04:57    -2397.747301        0.050932
MDMin:  305 23:04:59    -2397.747303        0.050921
MDMin:  306 23:05:00    -2397.747304        0.050909
MDMin:  307 23:05:01    -2397.747306        0.050897
MDMin:  308 23:05:03    -2397.747307        0.050885
MDMin:  309 23:05:04    -2397.747308        0.050871
MDMin:  310 23:05:06    -2397.747310        0.050857
MDMin:  311 23:05:07    -2397.747311        0.050842
MDMin:  312 23:05:09    -2397.747312        0.050826
MDMin:  313 23:05:11    -2397.747314        0.050809
MDMin:  314 23:05:13    -2397.747315        0.050791
MDMin:  315 23:05:14    -2397.747317        0.050772
MDMin:  316 23:05:16    -2397.747318        0.050752
MDMin:  317 23:05:18    -2397.747319        0.050770
MDMin:  318 23:05:20    -2397.747321        0.050939
MDMin:  319 23:05:21    -2397.747322        0.051113
MDMin:  320 23:05:22    -2397.747324        0.051290
MDMin:  321 23:05:25    -2397.747325        0.051472
MDMin:  322 23:05:27    -2397.747326        0.051658
MDMin:  323 23:05:29    -2397.747328        0.051848
MDMin:  324 23:05:31    -2397.747329        0.052042
MDMin:  325 23:05:32    -2397.747330        0.052241
MDMin:  326 23:05:34    -2397.747332        0.052442
MDMin:  327 23:05:36    -2397.747333        0.052651
MDMin:  328 23:05:38    -2397.747335        0.052859
MDMin:  329 23:05:39    -2397.747336        0.053079
MDMin:  330 23:05:41    -2397.747337        0.053295
MDMin:  331 23:05:43    -2397.747339        0.053542
MDMin:  332 23:05:44    -2397.747340        0.053841
MDMin:  333 23:05:46    -2397.747341        0.054448
MDMin:  334 23:05:48    -2397.747343        0.056835
MDMin:  335 23:05:49    -2397.747344        0.064465
MDMin:  336 23:05:51    -2397.747345        0.072723
MDMin:  337 23:05:53    -2397.747345        0.056051
MDMin:  338 23:05:55    -2397.747346        0.054838
MDMin:  339 23:05:57    -2397.747346        0.054865
MDMin:  340 23:05:59    -2397.747347        0.054957
MDMin:  341 23:06:01    -2397.747347        0.055045
MDMin:  342 23:06:03    -2397.747348        0.055137
MDMin:  343 23:06:04    -2397.747348        0.055231
MDMin:  344 23:06:06    -2397.747349        0.055327
MDMin:  345 23:06:07    -2397.747349        0.055426
MDMin:  346 23:06:08    -2397.747350        0.055528
MDMin:  347 23:06:10    -2397.747350        0.055632
MDMin:  348 23:06:12    -2397.747351        0.055738
MDMin:  349 23:06:13    -2397.747351        0.055847
MDMin:  350 23:06:15    -2397.747352        0.055958
MDMin:  351 23:06:17    -2397.747352        0.056073
MDMin:  352 23:06:18    -2397.747353        0.056189
MDMin:  353 23:06:20    -2397.747353        0.056309
MDMin:  354 23:06:22    -2397.747354        0.056431
MDMin:  355 23:06:24    -2397.747355        0.056555
MDMin:  356 23:06:27    -2397.747355        0.056683
MDMin:  357 23:06:29    -2397.747356        0.056813
MDMin:  358 23:06:30    -2397.747356        0.056945
MDMin:  359 23:06:32    -2397.747357        0.057081
MDMin:  360 23:06:35    -2397.747357        0.057219
MDMin:  361 23:06:36    -2397.747358        0.057360
MDMin:  362 23:06:38    -2397.747359        0.057504
MDMin:  363 23:06:40    -2397.747359        0.057651
MDMin:  364 23:06:42    -2397.747360        0.057800
MDMin:  365 23:06:43    -2397.747361        0.057953
MDMin:  366 23:06:44    -2397.747361        0.058108
MDMin:  367 23:06:46    -2397.747362        0.058266
MDMin:  368 23:06:48    -2397.747363        0.058427
MDMin:  369 23:06:50    -2397.747363        0.058591
MDMin:  370 23:06:52    -2397.747364        0.058758
MDMin:  371 23:06:54    -2397.747365        0.058927
MDMin:  372 23:06:55    -2397.747365        0.059100
MDMin:  373 23:06:57    -2397.747366        0.059275
MDMin:  374 23:06:59    -2397.747367        0.059454
MDMin:  375 23:07:01    -2397.747367        0.059635
MDMin:  376 23:07:03    -2397.747368        0.059819
MDMin:  377 23:07:05    -2397.747369        0.060006
MDMin:  378 23:07:07    -2397.747369        0.060196
MDMin:  379 23:07:09    -2397.747370        0.060389
MDMin:  380 23:07:11    -2397.747371        0.060585
MDMin:  381 23:07:12    -2397.747371        0.060784
MDMin:  382 23:07:14    -2397.747372        0.060986
MDMin:  383 23:07:16    -2397.747373        0.061190
MDMin:  384 23:07:18    -2397.747374        0.061398
MDMin:  385 23:07:20    -2397.747374        0.061608
MDMin:  386 23:07:22    -2397.747375        0.061821
MDMin:  387 23:07:24    -2397.747376        0.062037
MDMin:  388 23:07:26    -2397.747376        0.062255
MDMin:  389 23:07:28    -2397.747377        0.062477
MDMin:  390 23:07:30    -2397.747378        0.062701
MDMin:  391 23:07:32    -2397.747379        0.062928
MDMin:  392 23:07:34    -2397.747379        0.063157
MDMin:  393 23:07:36    -2397.747380        0.063389
MDMin:  394 23:07:37    -2397.747381        0.063624
MDMin:  395 23:07:39    -2397.747381        0.063861
MDMin:  396 23:07:41    -2397.747382        0.064101
MDMin:  397 23:07:42    -2397.747383        0.064343
MDMin:  398 23:07:44    -2397.747384        0.064588
MDMin:  399 23:07:45    -2397.747384        0.064835
MDMin:  400 23:07:46    -2397.747385        0.065085
MDMin:  401 23:07:47    -2397.747386        0.065338
MDMin:  402 23:07:49    -2397.747387        0.065593
MDMin:  403 23:07:51    -2397.747387        0.065850
MDMin:  404 23:07:52    -2397.747388        0.066111
MDMin:  405 23:07:55    -2397.747389        0.066374
MDMin:  406 23:07:57    -2397.747389        0.066639
MDMin:  407 23:07:58    -2397.747390        0.066907
MDMin:  408 23:08:00    -2397.747391        0.067179
MDMin:  409 23:08:02    -2397.747392        0.067452
MDMin:  410 23:08:03    -2397.747392        0.067730
MDMin:  411 23:08:05    -2397.747393        0.068007
MDMin:  412 23:08:06    -2397.747394        0.068294
MDMin:  413 23:08:08    -2397.747395        0.068568
MDMin:  414 23:08:09    -2397.747395        0.068878
MDMin:  415 23:08:10    -2397.747396        0.069123
MDMin:  416 23:08:11    -2397.747397        0.069513
MDMin:  417 23:08:13    -2397.747397        0.069614
MDMin:  418 23:08:14    -2397.747398        0.070337
MDMin:  419 23:08:16    -2397.747399        0.069856
MDMin:  420 23:08:17    -2397.747399        0.076667
MDMin:  421 23:08:19    -2397.747400        0.072995
MDMin:  422 23:08:20    -2397.747400        0.071859
MDMin:  423 23:08:21    -2397.747401        0.070839
MDMin:  424 23:08:23    -2397.747401        0.071383
MDMin:  425 23:08:25    -2397.747401        0.071352
MDMin:  426 23:08:26    -2397.747402        0.071568
MDMin:  427 23:08:27    -2397.747402        0.071682
MDMin:  428 23:08:29    -2397.747402        0.071847
MDMin:  429 23:08:31    -2397.747403        0.071993
MDMin:  430 23:08:33    -2397.747403        0.072153
MDMin:  431 23:08:34    -2397.747403        0.072309
MDMin:  432 23:08:36    -2397.747404        0.072473
MDMin:  433 23:08:38    -2397.747404        0.072637
MDMin:  434 23:08:40    -2397.747404        0.072805
MDMin:  435 23:08:42    -2397.747405        0.072976
MDMin:  436 23:08:43    -2397.747405        0.073151
MDMin:  437 23:08:44    -2397.747405        0.073328
MDMin:  438 23:08:46    -2397.747406        0.073509
MDMin:  439 23:08:48    -2397.747406        0.073693
MDMin:  440 23:08:49    -2397.747406        0.073880
MDMin:  441 23:08:51    -2397.747407        0.074071
MDMin:  442 23:08:53    -2397.747407        0.074265
MDMin:  443 23:08:54    -2397.747408        0.074462
MDMin:  444 23:08:56    -2397.747408        0.074662
MDMin:  445 23:08:58    -2397.747408        0.074866
MDMin:  446 23:08:59    -2397.747409        0.075074
MDMin:  447 23:09:02    -2397.747409        0.075284
MDMin:  448 23:09:04    -2397.747410        0.075499
MDMin:  449 23:09:06    -2397.747410        0.075716
MDMin:  450 23:09:08    -2397.747410        0.075938
MDMin:  451 23:09:10    -2397.747411        0.076163
MDMin:  452 23:09:11    -2397.747411        0.076391
MDMin:  453 23:09:13    -2397.747412        0.076624
MDMin:  454 23:09:14    -2397.747412        0.076860
MDMin:  455 23:09:16    -2397.747413        0.077099
MDMin:  456 23:09:17    -2397.747413        0.077343
MDMin:  457 23:09:19    -2397.747413        0.077590
MDMin:  458 23:09:20    -2397.747414        0.077841
MDMin:  459 23:09:21    -2397.747414        0.078096
MDMin:  460 23:09:23    -2397.747415        0.078355
MDMin:  461 23:09:25    -2397.747415        0.078617
MDMin:  462 23:09:27    -2397.747415        0.078884
MDMin:  463 23:09:29    -2397.747416        0.079155
MDMin:  464 23:09:31    -2397.747416        0.079430
MDMin:  465 23:09:33    -2397.747417        0.079709
MDMin:  466 23:09:35    -2397.747417        0.079992
MDMin:  467 23:09:36    -2397.747418        0.080278
MDMin:  468 23:09:38    -2397.747418        0.080571
MDMin:  469 23:09:39    -2397.747419        0.080864
MDMin:  470 23:09:41    -2397.747419        0.081166
MDMin:  471 23:09:43    -2397.747419        0.081465
MDMin:  472 23:09:45    -2397.747420        0.081778
MDMin:  473 23:09:47    -2397.747420        0.082081
MDMin:  474 23:09:49    -2397.747421        0.082410
MDMin:  475 23:09:50    -2397.747421        0.082708
MDMin:  476 23:09:52    -2397.747422        0.083064
MDMin:  477 23:09:54    -2397.747422        0.083339
MDMin:  478 23:09:56    -2397.747423        0.083755
MDMin:  479 23:09:58    -2397.747423        0.083951
MDMin:  480 23:09:59    -2397.747423        0.084520
MDMin:  481 23:10:01    -2397.747424        0.084482
MDMin:  482 23:10:03    -2397.747424        0.085484
MDMin:  483 23:10:05    -2397.747425        0.084755
MDMin:  484 23:10:06    -2397.747425        0.087094
MDMin:  485 23:10:07    -2397.747426        0.084395
MDMin:  486 23:10:08    -2397.747426        0.091174
MDMin:  487 23:10:10    -2397.747426        0.083935
MDMin:  488 23:10:12    -2397.747427        0.102722
MDMin:  489 23:10:14    -2397.747427        0.086648
MDMin:  490 23:10:16    -2397.747427        0.099462
MDMin:  491 23:10:18    -2397.747428        0.085277
MDMin:  492 23:10:20    -2397.747428        0.089806
MDMin:  493 23:10:21    -2397.747428        0.087542
MDMin:  494 23:10:23    -2397.747428        0.088747
MDMin:  495 23:10:25    -2397.747429        0.088433
MDMin:  496 23:10:27    -2397.747429        0.088883
MDMin:  497 23:10:28    -2397.747429        0.088949
MDMin:  498 23:10:29    -2397.747429        0.089230
MDMin:  499 23:10:31    -2397.747430        0.089395
MDMin:  500 23:10:33    -2397.747430        0.089635
MDMin:  501 23:10:35    -2397.747430        0.089834
MDMin:  502 23:10:37    -2397.747430        0.090066
MDMin:  503 23:10:38    -2397.747431        0.090283
MDMin:  504 23:10:40    -2397.747431        0.090516
MDMin:  505 23:10:42    -2397.747431        0.090743
MDMin:  506 23:10:43    -2397.747431        0.090981
MDMin:  507 23:10:45    -2397.747432        0.091217
MDMin:  508 23:10:46    -2397.747432        0.091461
MDMin:  509 23:10:48    -2397.747432        0.091704
MDMin:  510 23:10:50    -2397.747432        0.091954
MDMin:  511 23:10:52    -2397.747433        0.092204
MDMin:  512 23:10:54    -2397.747433        0.092460
MDMin:  513 23:10:56    -2397.747433        0.092717
MDMin:  514 23:10:57    -2397.747433        0.092978
MDMin:  515 23:10:59    -2397.747434        0.093240
MDMin:  516 23:11:01    -2397.747434        0.093507
MDMin:  517 23:11:03    -2397.747434        0.093774
MDMin:  518 23:11:05    -2397.747435        0.094045
MDMin:  519 23:11:07    -2397.747435        0.094316
MDMin:  520 23:11:09    -2397.747435        0.094592
MDMin:  521 23:11:11    -2397.747436        0.094867
MDMin:  522 23:11:13    -2397.747436        0.095146
MDMin:  523 23:11:14    -2397.747436        0.095423
MDMin:  524 23:11:16    -2397.747436        0.095703
MDMin:  525 23:11:18    -2397.747437        0.095975
MDMin:  526 23:11:20    -2397.747437        0.096251
MDMin:  527 23:11:22    -2397.747437        0.096515
MDMin:  528 23:11:24    -2397.747438        0.096786
MDMin:  529 23:11:25    -2397.747438        0.097038
MDMin:  530 23:11:27    -2397.747438        0.097306
MDMin:  531 23:11:29    -2397.747439        0.097540
MDMin:  532 23:11:31    -2397.747439        0.097808
MDMin:  533 23:11:33    -2397.747439        0.098014
MDMin:  534 23:11:35    -2397.747439        0.098294
MDMin:  535 23:11:37    -2397.747440        0.098447
MDMin:  536 23:11:38    -2397.747440        0.098771
MDMin:  537 23:11:40    -2397.747440        0.098812
MDMin:  538 23:11:42    -2397.747441        0.099268
MDMin:  539 23:11:44    -2397.747441        0.099045
MDMin:  540 23:11:45    -2397.747441        0.099889
MDMin:  541 23:11:47    -2397.747442        0.098974
MDMin:  542 23:11:48    -2397.747442        0.100986
MDMin:  543 23:11:50    -2397.747442        0.098159
MDMin:  544 23:11:51    -2397.747443        0.103912
MDMin:  545 23:11:52    -2397.747443        0.096055
MDMin:  546 23:11:54    -2397.747443        0.113642
MDMin:  547 23:11:56    -2397.747444        0.096255
MDMin:  548 23:11:58    -2397.747444        0.122365
MDMin:  549 23:11:59    -2397.747444        0.095416
MDMin:  550 23:12:01    -2397.747444        0.104749
MDMin:  551 23:12:03    -2397.747444        0.098873
MDMin:  552 23:12:04    -2397.747445        0.101132
MDMin:  553 23:12:05    -2397.747445        0.100026
MDMin:  554 23:12:07    -2397.747445        0.100546
MDMin:  555 23:12:09    -2397.747445        0.100255
MDMin:  556 23:12:11    -2397.747445        0.100387
MDMin:  557 23:12:13    -2397.747445        0.100272
MDMin:  558 23:12:15    -2397.747446        0.100292
MDMin:  559 23:12:16    -2397.747446        0.100216
MDMin:  560 23:12:18    -2397.747446        0.100191
MDMin:  561 23:12:21    -2397.747446        0.100117
MDMin:  562 23:12:23    -2397.747446        0.100062
MDMin:  563 23:12:24    -2397.747447        0.099978
MDMin:  564 23:12:25    -2397.747447        0.099900
MDMin:  565 23:12:27    -2397.747447        0.099798
MDMin:  566 23:12:28    -2397.747447        0.099697
MDMin:  567 23:12:30    -2397.747447        0.099575
MDMin:  568 23:12:32    -2397.747448        0.099451
MDMin:  569 23:12:34    -2397.747448        0.099305
MDMin:  570 23:12:36    -2397.747448        0.099156
MDMin:  571 23:12:37    -2397.747448        0.098985
MDMin:  572 23:12:38    -2397.747448        0.098809
MDMin:  573 23:12:39    -2397.747449        0.098610
MDMin:  574 23:12:41    -2397.747449        0.098407
MDMin:  575 23:12:42    -2397.747449        0.098177
MDMin:  576 23:12:44    -2397.747449        0.097945
MDMin:  577 23:12:46    -2397.747450        0.097681
MDMin:  578 23:12:48    -2397.747450        0.097421
MDMin:  579 23:12:50    -2397.747450        0.097117
MDMin:  580 23:12:51    -2397.747450        0.096832
MDMin:  581 23:12:52    -2397.747451        0.096481
MDMin:  582 23:12:53    -2397.747451        0.096180
MDMin:  583 23:12:55    -2397.747451        0.095762
MDMin:  584 23:12:57    -2397.747451        0.095470
MDMin:  585 23:12:59    -2397.747452        0.094940
MDMin:  586 23:13:01    -2397.747452        0.094731
MDMin:  587 23:13:02    -2397.747452        0.093959
MDMin:  588 23:13:04    -2397.747452        0.094061
MDMin:  589 23:13:06    -2397.747453        0.092647
MDMin:  590 23:13:08    -2397.747453        0.093817
MDMin:  591 23:13:10    -2397.747453        0.090442
MDMin:  592 23:13:12    -2397.747453        0.095489
MDMin:  593 23:13:13    -2397.747454        0.086003
MDMin:  594 23:13:15    -2397.747454        0.105713
MDMin:  595 23:13:17    -2397.747454        0.089246
MDMin:  596 23:13:18    -2397.747454        0.116730
MDMin:  597 23:13:20    -2397.747455        0.082998
MDMin:  598 23:13:22    -2397.747455        0.092173
MDMin:  599 23:13:24    -2397.747455        0.087823
MDMin:  600 23:13:26    -2397.747455        0.088860
MDMin:  601 23:13:28    -2397.747455        0.088039
MDMin:  602 23:13:30    -2397.747455        0.087944
MDMin:  603 23:13:32    -2397.747455        0.087529
MDMin:  604 23:13:33    -2397.747455        0.087248
MDMin:  605 23:13:35    -2397.747456        0.086887
MDMin:  606 23:13:36    -2397.747456        0.086555
MDMin:  607 23:13:38    -2397.747456        0.086192
MDMin:  608 23:13:40    -2397.747456        0.085833
MDMin:  609 23:13:42    -2397.747456        0.085456
MDMin:  610 23:13:44    -2397.747456        0.085075
MDMin:  611 23:13:46    -2397.747456        0.084680
MDMin:  612 23:13:48    -2397.747457        0.084280
MDMin:  613 23:13:49    -2397.747457        0.083867
MDMin:  614 23:13:51    -2397.747457        0.083447
MDMin:  615 23:13:54    -2397.747457        0.083015
MDMin:  616 23:13:56    -2397.747457        0.082576
MDMin:  617 23:13:57    -2397.747457        0.082126
MDMin:  618 23:13:59    -2397.747458        0.081667
MDMin:  619 23:14:01    -2397.747458        0.081198
MDMin:  620 23:14:03    -2397.747458        0.080721
MDMin:  621 23:14:05    -2397.747458        0.080233
MDMin:  622 23:14:07    -2397.747458        0.079738
MDMin:  623 23:14:09    -2397.747459        0.079232
MDMin:  624 23:14:11    -2397.747459        0.078719
MDMin:  625 23:14:13    -2397.747459        0.078195
MDMin:  626 23:14:14    -2397.747459        0.077666
MDMin:  627 23:14:16    -2397.747459        0.077123
MDMin:  628 23:14:18    -2397.747460        0.076581
MDMin:  629 23:14:20    -2397.747460        0.076017
MDMin:  630 23:14:22    -2397.747460        0.075466
MDMin:  631 23:14:24    -2397.747460        0.074876
MDMin:  632 23:14:26    -2397.747460        0.074330
MDMin:  633 23:14:28    -2397.747461        0.073691
MDMin:  634 23:14:30    -2397.747461        0.073193
MDMin:  635 23:14:32    -2397.747461        0.072430
MDMin:  636 23:14:34    -2397.747461        0.072130
MDMin:  637 23:14:35    -2397.747462        0.070956
MDMin:  638 23:14:37    -2397.747462        0.071446
MDMin:  639 23:14:39    -2397.747462        0.068684
MDMin:  640 23:14:41    -2397.747462        0.072632
MDMin:  641 23:14:42    -2397.747462        0.063476
MDMin:  642 23:14:44    -2397.747463        0.083872
MDMin:  643 23:14:46    -2397.747463        0.082029
MDMin:  644 23:14:48    -2397.747463        0.093901
MDMin:  645 23:14:50    -2397.747463        0.063063
MDMin:  646 23:14:52    -2397.747463        0.067736
MDMin:  647 23:14:54    -2397.747463        0.066446
MDMin:  648 23:14:56    -2397.747463        0.066441
MDMin:  649 23:14:58    -2397.747464        0.066135
MDMin:  650 23:14:59    -2397.747464        0.065904
MDMin:  651 23:15:00    -2397.747464        0.065644
MDMin:  652 23:15:02    -2397.747464        0.065388
MDMin:  653 23:15:04    -2397.747464        0.065124
MDMin:  654 23:15:05    -2397.747464        0.064857
MDMin:  655 23:15:06    -2397.747464        0.064586
MDMin:  656 23:15:08    -2397.747464        0.064310
MDMin:  657 23:15:09    -2397.747464        0.064030
MDMin:  658 23:15:10    -2397.747465        0.063746
MDMin:  659 23:15:12    -2397.747465        0.063459
MDMin:  660 23:15:14    -2397.747465        0.063167
MDMin:  661 23:15:15    -2397.747465        0.062871
MDMin:  662 23:15:17    -2397.747465        0.062572
MDMin:  663 23:15:20    -2397.747465        0.062270
MDMin:  664 23:15:21    -2397.747465        0.061964
MDMin:  665 23:15:24    -2397.747465        0.061654
MDMin:  666 23:15:26    -2397.747466        0.061342
MDMin:  667 23:15:27    -2397.747466        0.061026
MDMin:  668 23:15:28    -2397.747466        0.060708
MDMin:  669 23:15:30    -2397.747466        0.060386
MDMin:  670 23:15:31    -2397.747466        0.060062
MDMin:  671 23:15:33    -2397.747466        0.059735
MDMin:  672 23:15:35    -2397.747466        0.059406
MDMin:  673 23:15:37    -2397.747467        0.059074
MDMin:  674 23:15:39    -2397.747467        0.058740
MDMin:  675 23:15:41    -2397.747467        0.058404
MDMin:  676 23:15:42    -2397.747467        0.058066
MDMin:  677 23:15:44    -2397.747467        0.057726
MDMin:  678 23:15:45    -2397.747467        0.057385
MDMin:  679 23:15:46    -2397.747467        0.057042
MDMin:  680 23:15:48    -2397.747468        0.056697
MDMin:  681 23:15:50    -2397.747468        0.056351
MDMin:  682 23:15:52    -2397.747468        0.056004
MDMin:  683 23:15:54    -2397.747468        0.055656
MDMin:  684 23:15:56    -2397.747468        0.055306
MDMin:  685 23:15:58    -2397.747468        0.054956
MDMin:  686 23:15:59    -2397.747469        0.054606
MDMin:  687 23:16:01    -2397.747469        0.054254
MDMin:  688 23:16:03    -2397.747469        0.053903
MDMin:  689 23:16:05    -2397.747469        0.053549
MDMin:  690 23:16:07    -2397.747469        0.053199
MDMin:  691 23:16:09    -2397.747470        0.052841
MDMin:  692 23:16:10    -2397.747470        0.052499
MDMin:  693 23:16:11    -2397.747470        0.052125
MDMin:  694 23:16:13    -2397.747470        0.051817
MDMin:  695 23:16:15    -2397.747470        0.051370
MDMin:  696 23:16:16    -2397.747470        0.051222
MDMin:  697 23:16:18    -2397.747471        0.050422
MDMin:  698 23:16:20    -2397.747471        0.051092
MDMin:  699 23:16:22    -2397.747471        0.048437
