       Step     Time          Energy          fmax
MDMin:    0 04:23:10    -2394.197820        7.110090
MDMin:    1 04:23:12    -2394.202792        7.150751
MDMin:    2 04:23:13    -2394.217985        6.998011
MDMin:    3 04:23:15    -2394.244673        5.999141
MDMin:    4 04:23:16    -2394.286094        6.538011
MDMin:    5 04:23:17    -2394.348330        5.356974
MDMin:    6 04:23:18    -2394.427328        4.524986
MDMin:    7 04:23:20    -2394.519954        3.206630
MDMin:    8 04:23:21    -2394.659831        3.311498
MDMin:    9 04:23:22    -2394.869050        3.617362
MDMin:   10 04:23:24    -2395.071829        2.483660
MDMin:   11 04:23:25    -2395.264111        2.599467
MDMin:   12 04:23:27    -2395.515258        2.124099
MDMin:   13 04:23:29    -2395.788328        1.814876
MDMin:   14 04:23:31    -2396.022786        1.819633
MDMin:   15 04:23:34    -2396.302625        1.401889
MDMin:   16 04:23:36    -2396.598266        1.625759
MDMin:   17 04:23:38    -2396.862810        1.342799
MDMin:   18 04:23:40    -2396.977109        2.054613
MDMin:   19 04:23:42    -2396.984100        1.776362
MDMin:   20 04:23:44    -2396.996140        1.270932
MDMin:   21 04:23:46    -2397.013947        0.961905
MDMin:   22 04:23:48    -2397.037008        0.940658
MDMin:   23 04:23:50    -2397.062645        0.909946
MDMin:   24 04:23:53    -2397.089795        0.867765
MDMin:   25 04:23:54    -2397.117861        0.812363
MDMin:   26 04:23:56    -2397.146383        0.743575
MDMin:   27 04:23:58    -2397.175028        0.708549
MDMin:   28 04:24:00    -2397.203509        0.725976
MDMin:   29 04:24:01    -2397.231523        0.745646
MDMin:   30 04:24:02    -2397.258730        0.768580
MDMin:   31 04:24:04    -2397.284797        0.796949
MDMin:   32 04:24:06    -2397.309454        0.843304
MDMin:   33 04:24:08    -2397.332563        0.893564
MDMin:   34 04:24:10    -2397.354165        0.951208
MDMin:   35 04:24:12    -2397.374448        1.030420
MDMin:   36 04:24:13    -2397.393528        1.095516
MDMin:   37 04:24:15    -2397.410796        1.075423
MDMin:   38 04:24:17    -2397.421536        1.216767
MDMin:   39 04:24:19    -2397.424270        0.958458
MDMin:   40 04:24:21    -2397.428148        0.913172
MDMin:   41 04:24:22    -2397.432683        0.856689
MDMin:   42 04:24:24    -2397.437797        0.791572
MDMin:   43 04:24:26    -2397.443449        0.721736
MDMin:   44 04:24:28    -2397.449587        0.652362
MDMin:   45 04:24:30    -2397.456139        0.588485
MDMin:   46 04:24:32    -2397.463025        0.533546
MDMin:   47 04:24:34    -2397.470157        0.488735
MDMin:   48 04:24:36    -2397.477442        0.506990
MDMin:   49 04:24:38    -2397.484786        0.536355
MDMin:   50 04:24:40    -2397.492092        0.577040
MDMin:   51 04:24:42    -2397.499259        0.633094
MDMin:   52 04:24:44    -2397.506186        0.706092
MDMin:   53 04:24:46    -2397.509810        0.788247
MDMin:   54 04:24:48    -2397.510010        0.843081
MDMin:   55 04:24:50    -2397.509136        0.866455
MDMin:   56 04:24:52    -2397.508476        0.848452
MDMin:   57 04:24:54    -2397.508223        0.815051
MDMin:   58 04:24:56    -2397.508149        0.782664
MDMin:   59 04:24:58    -2397.508152        0.746576
MDMin:   60 04:24:59    -2397.508242        0.706014
MDMin:   61 04:25:01    -2397.508443        0.663251
MDMin:   62 04:25:03    -2397.508778        0.621239
MDMin:   63 04:25:05    -2397.509265        0.582549
MDMin:   64 04:25:07    -2397.509920        0.548697
MDMin:   65 04:25:09    -2397.510747        0.520109
MDMin:   66 04:25:11    -2397.511741        0.496465
MDMin:   67 04:25:13    -2397.512877        0.477311
MDMin:   68 04:25:15    -2397.514079        0.468507
MDMin:   69 04:25:17    -2397.515153        0.467194
MDMin:   70 04:25:19    -2397.515900        0.466802
MDMin:   71 04:25:21    -2397.516523        0.466869
MDMin:   72 04:25:23    -2397.517194        0.467417
MDMin:   73 04:25:25    -2397.517937        0.468678
MDMin:   74 04:25:27    -2397.518754        0.470975
MDMin:   75 04:25:29    -2397.519643        0.474747
MDMin:   76 04:25:31    -2397.520600        0.480602
MDMin:   77 04:25:33    -2397.521620        0.489386
MDMin:   78 04:25:35    -2397.522695        0.502298
MDMin:   79 04:25:36    -2397.523025        0.599525
MDMin:   80 04:25:38    -2397.515904        0.536278
MDMin:   81 04:25:39    -2397.517449        0.552933
MDMin:   82 04:25:40    -2397.518978        0.574701
MDMin:   83 04:25:42    -2397.520483        0.602967
MDMin:   84 04:25:43    -2397.521953        0.639128
MDMin:   85 04:25:45    -2397.523383        0.684108
MDMin:   86 04:25:47    -2397.524767        0.737260
MDMin:   87 04:25:48    -2397.526104        0.794553
MDMin:   88 04:25:50    -2397.527397        0.846623
MDMin:   89 04:25:52    -2397.527666        0.878820
MDMin:   90 04:25:54    -2397.520029        0.881139
MDMin:   91 04:25:56    -2397.521988        0.867604
MDMin:   92 04:25:58    -2397.523867        0.838594
MDMin:   93 04:26:00    -2397.525680        0.796738
MDMin:   94 04:26:02    -2397.527428        0.748327
MDMin:   95 04:26:04    -2397.529115        0.700752
MDMin:   96 04:26:06    -2397.530745        0.659266
MDMin:   97 04:26:07    -2397.530246        0.625631
MDMin:   98 04:26:09    -2397.523291        0.608963
MDMin:   99 04:26:11    -2397.525411        0.596289
MDMin:  100 04:26:13    -2397.527421        0.584252
MDMin:  101 04:26:15    -2397.529332        0.573039
MDMin:  102 04:26:17    -2397.531144        0.562808
MDMin:  103 04:26:19    -2397.532863        0.553690
MDMin:  104 04:26:21    -2397.532130        0.605232
MDMin:  105 04:26:23    -2397.526985        0.541803
MDMin:  106 04:26:25    -2397.528717        0.538706
MDMin:  107 04:26:27    -2397.530420        0.535713
MDMin:  108 04:26:29    -2397.532080        0.532918
MDMin:  109 04:26:31    -2397.533684        0.530391
MDMin:  110 04:26:33    -2397.533837        0.593879
MDMin:  111 04:26:35    -2397.529156        0.526967
MDMin:  112 04:26:37    -2397.530565        0.525967
MDMin:  113 04:26:40    -2397.532006        0.524903
MDMin:  114 04:26:42    -2397.533456        0.523755
MDMin:  115 04:26:44    -2397.534539        0.709631
MDMin:  116 04:26:46    -2397.534579        0.660908
MDMin:  117 04:26:48    -2397.532786        0.572370
MDMin:  118 04:26:50    -2397.534622        0.604025
MDMin:  119 04:26:52    -2397.534638        0.584784
MDMin:  120 04:26:54    -2397.534658        0.560300
MDMin:  121 04:26:56    -2397.532912        0.536837
MDMin:  122 04:26:57    -2397.534681        0.533317
MDMin:  123 04:26:59    -2397.534693        0.519658
MDMin:  124 04:27:01    -2397.533397        0.514733
MDMin:  125 04:27:03    -2397.534709        0.513805
MDMin:  126 04:27:04    -2397.534671        0.513118
MDMin:  127 04:27:05    -2397.534720        0.512511
MDMin:  128 04:27:07    -2397.534728        0.511873
MDMin:  129 04:27:08    -2397.534321        0.510898
MDMin:  130 04:27:10    -2397.534741        0.510113
MDMin:  131 04:27:12    -2397.534750        0.509329
MDMin:  132 04:27:14    -2397.533957        0.508158
MDMin:  133 04:27:16    -2397.534763        0.507232
MDMin:  134 04:27:18    -2397.534772        0.506314
MDMin:  135 04:27:20    -2397.533502        0.504956
MDMin:  136 04:27:22    -2397.534786        0.503886
MDMin:  137 04:27:24    -2397.534376        0.502826
MDMin:  138 04:27:26    -2397.534795        0.501873
MDMin:  139 04:27:28    -2397.534803        0.500861
MDMin:  140 04:27:30    -2397.533678        0.499334
MDMin:  141 04:27:31    -2397.534816        0.500614
MDMin:  142 04:27:33    -2397.534423        0.504393
MDMin:  143 04:27:36    -2397.534826        0.507845
MDMin:  144 04:27:37    -2397.534833        0.511556
MDMin:  145 04:27:39    -2397.533627        0.517192
MDMin:  146 04:27:42    -2397.534846        0.521821
MDMin:  147 04:27:44    -2397.534306        0.526520
MDMin:  148 04:27:45    -2397.534856        0.530829
MDMin:  149 04:27:47    -2397.534813        0.535458
MDMin:  150 04:27:49    -2397.534865        0.539881
MDMin:  151 04:27:51    -2397.534872        0.544711
MDMin:  152 04:27:53    -2397.533906        0.552037
MDMin:  153 04:27:55    -2397.534885        0.558156
MDMin:  154 04:27:57    -2397.534505        0.564380
MDMin:  155 04:27:59    -2397.534895        0.570129
MDMin:  156 04:28:01    -2397.534902        0.576289
MDMin:  157 04:28:02    -2397.533542        0.585468
MDMin:  158 04:28:04    -2397.534915        0.593154
MDMin:  159 04:28:06    -2397.534107        0.600949
MDMin:  160 04:28:08    -2397.534926        0.608136
MDMin:  161 04:28:10    -2397.534530        0.615801
MDMin:  162 04:28:12    -2397.534935        0.623138
MDMin:  163 04:28:14    -2397.534906        0.631073
MDMin:  164 04:28:16    -2397.534945        0.638767
MDMin:  165 04:28:18    -2397.534952        0.647100
MDMin:  166 04:28:20    -2397.533843        0.659298
MDMin:  167 04:28:22    -2397.534965        0.669692
MDMin:  168 04:28:24    -2397.534340        0.680150
MDMin:  169 04:28:26    -2397.534976        0.689799
MDMin:  170 04:28:28    -2397.534719        0.699904
MDMin:  171 04:28:30    -2397.534986        0.709506
MDMin:  172 04:28:32    -2397.534994        0.719652
MDMin:  173 04:28:34    -2397.533575        0.733869
MDMin:  174 04:28:36    -2397.535008        0.745860
MDMin:  175 04:28:37    -2397.534036        0.757602
MDMin:  176 04:28:38    -2397.535019        0.768160
MDMin:  177 04:28:40    -2397.534393        0.778798
MDMin:  178 04:28:42    -2397.535030        0.788550
MDMin:  179 04:28:44    -2397.534714        0.798364
MDMin:  180 04:28:46    -2397.535041        0.807324
MDMin:  181 04:28:47    -2397.535020        0.816190
MDMin:  182 04:28:48    -2397.535051        0.824139
MDMin:  183 04:28:49    -2397.535059        0.831780
MDMin:  184 04:28:51    -2397.533766        0.840973
MDMin:  185 04:28:52    -2397.535073        0.847645
MDMin:  186 04:28:54    -2397.534178        0.852943
MDMin:  187 04:28:55    -2397.535086        0.856622
MDMin:  188 04:28:57    -2397.534504        0.859164
MDMin:  189 04:28:58    -2397.535097        0.860427
MDMin:  190 04:29:00    -2397.534795        0.860584
MDMin:  191 04:29:02    -2397.535109        0.859665
MDMin:  192 04:29:04    -2397.535071        0.857659
MDMin:  193 04:29:06    -2397.535120        0.854774
MDMin:  194 04:29:08    -2397.535127        0.850869
MDMin:  195 04:29:10    -2397.533747        0.844217
MDMin:  196 04:29:12    -2397.535142        0.837324
MDMin:  197 04:29:14    -2397.534106        0.829755
MDMin:  198 04:29:15    -2397.535154        0.822252
MDMin:  199 04:29:17    -2397.534379        0.814232
MDMin:  200 04:29:19    -2397.535165        0.806400
MDMin:  201 04:29:21    -2397.534615        0.798158
MDMin:  202 04:29:22    -2397.535176        0.790196
MDMin:  203 04:29:23    -2397.534831        0.781928
MDMin:  204 04:29:24    -2397.535186        0.774018
MDMin:  205 04:29:26    -2397.535034        0.765896
MDMin:  206 04:29:27    -2397.535197        0.758187
MDMin:  207 04:29:28    -2397.535203        0.750346
MDMin:  208 04:29:30    -2397.533760        0.739628
MDMin:  209 04:29:31    -2397.535216        0.730780
MDMin:  210 04:29:33    -2397.534035        0.722502
MDMin:  211 04:29:35    -2397.535227        0.715226
MDMin:  212 04:29:36    -2397.534227        0.708143
MDMin:  213 04:29:38    -2397.535237        0.701723
MDMin:  214 04:29:40    -2397.534387        0.695371
MDMin:  215 04:29:41    -2397.535247        0.689538
MDMin:  216 04:29:43    -2397.534532        0.683735
MDMin:  217 04:29:45    -2397.535256        0.678376
MDMin:  218 04:29:47    -2397.534670        0.673040
MDMin:  219 04:29:49    -2397.535265        0.668098
MDMin:  220 04:29:51    -2397.534803        0.663178
MDMin:  221 04:29:53    -2397.535209        0.658613
MDMin:  222 04:29:55    -2397.534663        0.652767
MDMin:  223 04:29:57    -2397.533135        0.646651
MDMin:  224 04:29:59    -2397.533248        0.639777
MDMin:  225 04:30:01    -2397.533066        0.631647
MDMin:  226 04:30:03    -2397.530301        0.624435
MDMin:  227 04:30:05    -2397.530733        0.617168
MDMin:  228 04:30:07    -2397.531268        0.609056
MDMin:  229 04:30:08    -2397.529945        0.600346
MDMin:  230 04:30:10    -2397.527538        0.593544
MDMin:  231 04:30:12    -2397.528462        0.587207
MDMin:  232 04:30:14    -2397.529495        0.580364
MDMin:  233 04:30:16    -2397.528210        0.573201
MDMin:  234 04:30:17    -2397.525636        0.567989
MDMin:  235 04:30:19    -2397.526876        0.563313
MDMin:  236 04:30:21    -2397.528221        0.558291
MDMin:  237 04:30:23    -2397.527713        0.553078
MDMin:  238 04:30:25    -2397.524595        0.549482
MDMin:  239 04:30:26    -2397.525926        0.546338
MDMin:  240 04:30:28    -2397.527370        0.542973
MDMin:  241 04:30:30    -2397.527886        0.539516
MDMin:  242 04:30:33    -2397.524093        0.537235
MDMin:  243 04:30:35    -2397.525389        0.535282
MDMin:  244 04:30:37    -2397.526816        0.533205
MDMin:  245 04:30:38    -2397.528315        0.531109
MDMin:  246 04:30:40    -2397.523861        0.529779
MDMin:  247 04:30:42    -2397.525085        0.528662
MDMin:  248 04:30:44    -2397.526458        0.527495
MDMin:  249 04:30:46    -2397.527944        0.526355
MDMin:  250 04:30:48    -2397.527445        0.525321
MDMin:  251 04:30:50    -2397.524924        0.524734
MDMin:  252 04:30:51    -2397.526120        0.524281
MDMin:  253 04:30:52    -2397.527460        0.523857
MDMin:  254 04:30:54    -2397.528112        0.523506
MDMin:  255 04:30:56    -2397.524827        0.523313
MDMin:  256 04:30:58    -2397.525922        0.523172
MDMin:  257 04:31:00    -2397.527176        0.523058
MDMin:  258 04:31:02    -2397.528557        0.522987
MDMin:  259 04:31:04    -2397.527410        0.522960
MDMin:  260 04:31:05    -2397.525843        0.522923
MDMin:  261 04:31:07    -2397.526928        0.522882
MDMin:  262 04:31:08    -2397.528165        0.522828
MDMin:  263 04:31:10    -2397.527994        0.522737
MDMin:  264 04:31:12    -2397.525748        0.522616
MDMin:  265 04:31:14    -2397.526758        0.522466
MDMin:  266 04:31:15    -2397.527933        0.522235
MDMin:  267 04:31:17    -2397.528410        0.521879
MDMin:  268 04:31:19    -2397.525653        0.521548
MDMin:  269 04:31:21    -2397.526634        0.521171
MDMin:  270 04:31:23    -2397.527786        0.520626
MDMin:  271 04:31:25    -2397.528737        0.519847
MDMin:  272 04:31:26    -2397.525573        0.519200
MDMin:  273 04:31:28    -2397.526545        0.518496
MDMin:  274 04:31:30    -2397.527692        0.517514
MDMin:  275 04:31:31    -2397.528982        0.516171
MDMin:  276 04:31:33    -2397.527888        0.514359
MDMin:  277 04:31:35    -2397.526526        0.512971
MDMin:  278 04:31:36    -2397.527551        0.511529
MDMin:  279 04:31:38    -2397.528736        0.509603
MDMin:  280 04:31:40    -2397.528247        0.507085
MDMin:  281 04:31:42    -2397.526435        0.505195
MDMin:  282 04:31:44    -2397.527427        0.503245
MDMin:  283 04:31:46    -2397.528585        0.500675
MDMin:  284 04:31:48    -2397.528480        0.497767
MDMin:  285 04:31:50    -2397.526318        0.494924
MDMin:  286 04:31:52    -2397.527316        0.497974
MDMin:  287 04:31:54    -2397.528483        0.509313
MDMin:  288 04:31:56    -2397.528650        0.523891
MDMin:  289 04:31:58    -2397.526184        0.534968
MDMin:  290 04:32:00    -2397.527212        0.546443
MDMin:  291 04:32:02    -2397.528407        0.561376
MDMin:  292 04:32:05    -2397.528779        0.580196
MDMin:  293 04:32:07    -2397.526022        0.594562
MDMin:  294 04:32:08    -2397.527100        0.609269
MDMin:  295 04:32:10    -2397.528340        0.627814
MDMin:  296 04:32:11    -2397.528879        0.650246
MDMin:  297 04:32:13    -2397.525814        0.667130
MDMin:  298 04:32:14    -2397.526967        0.683800
MDMin:  299 04:32:16    -2397.528274        0.703484
MDMin:  300 04:32:18    -2397.528952        0.725253
MDMin:  301 04:32:19    -2397.525553        0.740433
MDMin:  302 04:32:20    -2397.526805        0.753865
MDMin:  303 04:32:22    -2397.528204        0.767223
MDMin:  304 04:32:24    -2397.528989        0.778328
MDMin:  305 04:32:26    -2397.525262        0.783157
MDMin:  306 04:32:28    -2397.526628        0.784542
MDMin:  307 04:32:30    -2397.528140        0.781805
MDMin:  308 04:32:32    -2397.528984        0.772984
MDMin:  309 04:32:34    -2397.525037        0.762579
MDMin:  310 04:32:36    -2397.526492        0.749911
MDMin:  311 04:32:38    -2397.528092        0.732499
MDMin:  312 04:32:40    -2397.528956        0.710265
MDMin:  313 04:32:42    -2397.525005        0.693267
MDMin:  314 04:32:44    -2397.526467        0.676925
MDMin:  315 04:32:46    -2397.528075        0.657990
MDMin:  316 04:32:48    -2397.528926        0.637218
MDMin:  317 04:32:50    -2397.525147        0.623397
MDMin:  318 04:32:52    -2397.526551        0.611074
MDMin:  319 04:32:55    -2397.528106        0.597488
MDMin:  320 04:32:57    -2397.528860        0.583226
MDMin:  321 04:32:59    -2397.525352        0.574108
MDMin:  322 04:33:02    -2397.526687        0.566077
MDMin:  323 04:33:04    -2397.528179        0.557238
MDMin:  324 04:33:06    -2397.528733        0.547937
MDMin:  325 04:33:08    -2397.525565        0.541973
MDMin:  326 04:33:11    -2397.526841        0.536660
MDMin:  327 04:33:13    -2397.528281        0.530725
MDMin:  328 04:33:15    -2397.528546        0.524373
MDMin:  329 04:33:17    -2397.525775        0.520242
MDMin:  330 04:33:19    -2397.527004        0.516505
MDMin:  331 04:33:21    -2397.528402        0.512264
MDMin:  332 04:33:23    -2397.528310        0.507647
MDMin:  333 04:33:25    -2397.525984        0.504611
MDMin:  334 04:33:27    -2397.527174        0.501834
MDMin:  335 04:33:29    -2397.528536        0.498644
MDMin:  336 04:33:31    -2397.528035        0.502459
MDMin:  337 04:33:33    -2397.526193        0.492816
MDMin:  338 04:33:35    -2397.527349        0.490683
MDMin:  339 04:33:37    -2397.528678        0.488217
MDMin:  340 04:33:39    -2397.527730        0.502869
MDMin:  341 04:33:41    -2397.526403        0.483700
MDMin:  342 04:33:43    -2397.527528        0.482049
MDMin:  343 04:33:45    -2397.528553        0.492237
MDMin:  344 04:33:47    -2397.525571        0.478828
MDMin:  345 04:33:49    -2397.526611        0.477581
MDMin:  346 04:33:50    -2397.527846        0.476109
MDMin:  347 04:33:52    -2397.528134        0.496074
MDMin:  348 04:33:54    -2397.525796        0.473386
MDMin:  349 04:33:56    -2397.526867        0.472388
MDMin:  350 04:33:58    -2397.528127        0.471241
MDMin:  351 04:33:59    -2397.527741        0.498621
MDMin:  352 04:34:01    -2397.526062        0.469211
MDMin:  353 04:34:02    -2397.527127        0.468501
MDMin:  354 04:34:04    -2397.528379        0.467713
MDMin:  355 04:34:06    -2397.527349        0.500390
MDMin:  356 04:34:08    -2397.526329        0.466407
MDMin:  357 04:34:10    -2397.527377        0.465984
MDMin:  358 04:34:12    -2397.528048        0.491082
MDMin:  359 04:34:14    -2397.525590        0.465282
MDMin:  360 04:34:16    -2397.526562        0.465060
MDMin:  361 04:34:17    -2397.527736        0.464854
MDMin:  362 04:34:18    -2397.527574        0.495292
MDMin:  363 04:34:20    -2397.525841        0.464664
MDMin:  364 04:34:22    -2397.526849        0.464665
MDMin:  365 04:34:24    -2397.528052        0.464746
MDMin:  366 04:34:26    -2397.527136        0.498136
MDMin:  367 04:34:28    -2397.526127        0.465146
MDMin:  368 04:34:30    -2397.527135        0.465379
MDMin:  369 04:34:32    -2397.527770        0.489749
MDMin:  370 04:34:34    -2397.525435        0.466046
MDMin:  371 04:34:36    -2397.526374        0.466381
MDMin:  372 04:34:39    -2397.527519        0.466874
MDMin:  373 04:34:41    -2397.527275        0.494303
MDMin:  374 04:34:43    -2397.525701        0.468075
MDMin:  375 04:34:45    -2397.526681        0.468612
MDMin:  376 04:34:46    -2397.527854        0.487111
MDMin:  377 04:34:48    -2397.525042        0.469909
MDMin:  378 04:34:50    -2397.525967        0.470497
MDMin:  379 04:34:52    -2397.527104        0.471305
MDMin:  380 04:34:54    -2397.527347        0.492269
MDMin:  381 04:34:56    -2397.525332        0.473112
MDMin:  382 04:34:57    -2397.526304        0.473871
MDMin:  383 04:34:59    -2397.527477        0.474880
MDMin:  384 04:35:00    -2397.526885        0.495843
MDMin:  385 04:35:02    -2397.525655        0.477042
MDMin:  386 04:35:04    -2397.526631        0.477915
MDMin:  387 04:35:06    -2397.527470        0.488201
MDMin:  388 04:35:08    -2397.525007        0.479862
MDMin:  389 04:35:10    -2397.525918        0.480686
MDMin:  390 04:35:12    -2397.527039        0.481771
MDMin:  391 04:35:14    -2397.526961        0.493057
MDMin:  392 04:35:16    -2397.525288        0.484036
MDMin:  393 04:35:18    -2397.526243        0.484931
MDMin:  394 04:35:20    -2397.527397        0.486076
MDMin:  395 04:35:22    -2397.526498        0.496437
MDMin:  396 04:35:23    -2397.525594        0.488373
MDMin:  397 04:35:25    -2397.526553        0.489244
MDMin:  398 04:35:27    -2397.527070        0.490335
MDMin:  399 04:35:29    -2397.524940        0.491079
MDMin:  400 04:35:31    -2397.525838        0.491811
MDMin:  401 04:35:33    -2397.526944        0.492737
MDMin:  402 04:35:34    -2397.526565        0.493831
MDMin:  403 04:35:35    -2397.525198        0.494523
MDMin:  404 04:35:37    -2397.526142        0.495168
MDMin:  405 04:35:39    -2397.527107        0.495947
MDMin:  406 04:35:41    -2397.524551        0.496453
MDMin:  407 04:35:43    -2397.525447        0.496928
MDMin:  408 04:35:45    -2397.526552        0.497496
MDMin:  409 04:35:47    -2397.526605        0.498110
MDMin:  410 04:35:48    -2397.524813        0.498448
MDMin:  411 04:35:49    -2397.525761        0.498724
MDMin:  412 04:35:51    -2397.526908        0.499002
MDMin:  413 04:35:53    -2397.526155        0.499217
MDMin:  414 04:35:55    -2397.525093        0.499255
MDMin:  415 04:35:57    -2397.526053        0.499219
MDMin:  416 04:35:59    -2397.526733        0.499076
MDMin:  417 04:36:01    -2397.524412        0.498885
MDMin:  418 04:36:03    -2397.525318        0.498625
MDMin:  419 04:36:05    -2397.526430        0.498199
MDMin:  420 04:36:07    -2397.526249        0.497528
MDMin:  421 04:36:09    -2397.524627        0.496940
MDMin:  422 04:36:11    -2397.525589        0.496270
MDMin:  423 04:36:12    -2397.526745        0.495305
MDMin:  424 04:36:13    -2397.525817        0.502766
MDMin:  425 04:36:15    -2397.524840        0.508963
MDMin:  426 04:36:16    -2397.525826        0.515464
MDMin:  427 04:36:18    -2397.526424        0.524196
MDMin:  428 04:36:20    -2397.524078        0.531013
MDMin:  429 04:36:22    -2397.525023        0.538312
MDMin:  430 04:36:24    -2397.526165        0.548161
MDMin:  431 04:36:25    -2397.525966        0.560949
MDMin:  432 04:36:27    -2397.524202        0.570694
MDMin:  433 04:36:29    -2397.525225        0.580865
MDMin:  434 04:36:31    -2397.526428        0.594147
MDMin:  435 04:36:33    -2397.525562        0.610809
MDMin:  436 04:36:35    -2397.524289        0.623325
MDMin:  437 04:36:37    -2397.525366        0.636054
MDMin:  438 04:36:39    -2397.526242        0.651913
MDMin:  439 04:36:41    -2397.523343        0.664054
MDMin:  440 04:36:43    -2397.524411        0.676304
MDMin:  441 04:36:44    -2397.525659        0.691080
MDMin:  442 04:36:46    -2397.525825        0.707649
MDMin:  443 04:36:48    -2397.523323        0.719086
MDMin:  444 04:36:50    -2397.524507        0.729300
MDMin:  445 04:36:52    -2397.525854        0.739635
MDMin:  446 04:36:54    -2397.525452        0.748322
MDMin:  447 04:36:56    -2397.523263        0.752011
MDMin:  448 04:36:58    -2397.524534        0.753053
MDMin:  449 04:36:59    -2397.525961        0.750770
MDMin:  450 04:37:01    -2397.525099        0.743276
MDMin:  451 04:37:03    -2397.523209        0.734527
MDMin:  452 04:37:05    -2397.524526        0.723653
MDMin:  453 04:37:07    -2397.525996        0.708117
MDMin:  454 04:37:09    -2397.524784        0.687361
MDMin:  455 04:37:11    -2397.523264        0.671511
MDMin:  456 04:37:13    -2397.524548        0.655787
MDMin:  457 04:37:15    -2397.525753        0.636683
MDMin:  458 04:37:17    -2397.522277        0.623138
MDMin:  459 04:37:18    -2397.523429        0.610144
MDMin:  460 04:37:20    -2397.524762        0.594617
MDMin:  461 04:37:22    -2397.525478        0.577053
MDMin:  462 04:37:24    -2397.522501        0.565731
MDMin:  463 04:37:26    -2397.523616        0.555368
MDMin:  464 04:37:27    -2397.524907        0.543327
MDMin:  465 04:37:29    -2397.525252        0.530080
MDMin:  466 04:37:30    -2397.522725        0.521884
MDMin:  467 04:37:31    -2397.523777        0.514466
MDMin:  468 04:37:32    -2397.525004        0.505871
MDMin:  469 04:37:34    -2397.525036        0.499281
MDMin:  470 04:37:36    -2397.522900        0.490673
MDMin:  471 04:37:37    -2397.523895        0.485428
MDMin:  472 04:37:38    -2397.525065        0.479305
MDMin:  473 04:37:39    -2397.524822        0.500578
MDMin:  474 04:37:40    -2397.523021        0.468393
MDMin:  475 04:37:42    -2397.523971        0.464590
MDMin:  476 04:37:44    -2397.525095        0.460104
MDMin:  477 04:37:46    -2397.524608        0.501615
MDMin:  478 04:37:47    -2397.523097        0.452016
MDMin:  479 04:37:48    -2397.524010        0.449161
MDMin:  480 04:37:49    -2397.525097        0.445762
MDMin:  481 04:37:51    -2397.524400        0.502468
MDMin:  482 04:37:53    -2397.523134        0.439561
MDMin:  483 04:37:54    -2397.524018        0.437347
MDMin:  484 04:37:56    -2397.525075        0.434688
MDMin:  485 04:37:58    -2397.524198        0.503176
MDMin:  486 04:38:00    -2397.523141        0.429793
MDMin:  487 04:38:01    -2397.524000        0.428029
MDMin:  488 04:38:03    -2397.524945        0.494501
MDMin:  489 04:38:05    -2397.522312        0.424480
MDMin:  490 04:38:07    -2397.523105        0.423089
MDMin:  491 04:38:09    -2397.524087        0.421357
MDMin:  492 04:38:10    -2397.524676        0.497696
MDMin:  493 04:38:12    -2397.522287        0.418048
MDMin:  494 04:38:14    -2397.523113        0.416815
MDMin:  495 04:38:16    -2397.524119        0.415300
MDMin:  496 04:38:18    -2397.524472        0.499745
MDMin:  497 04:38:20    -2397.522288        0.412447
MDMin:  498 04:38:22    -2397.523111        0.411399
MDMin:  499 04:38:24    -2397.524111        0.410118
MDMin:  500 04:38:26    -2397.524290        0.501155
MDMin:  501 04:38:28    -2397.522276        0.407720
MDMin:  502 04:38:30    -2397.523086        0.406844
MDMin:  503 04:38:32    -2397.524072        0.405776
MDMin:  504 04:38:34    -2397.524119        0.502185
MDMin:  505 04:38:36    -2397.522241        0.403792
MDMin:  506 04:38:37    -2397.523037        0.403071
MDMin:  507 04:38:40    -2397.524006        0.402197
MDMin:  508 04:38:42    -2397.523955        0.502966
MDMin:  509 04:38:44    -2397.522182        0.400588
MDMin:  510 04:38:46    -2397.522964        0.400197
MDMin:  511 04:38:48    -2397.523918        0.402198
MDMin:  512 04:38:50    -2397.523797        0.503572
MDMin:  513 04:38:52    -2397.522099        0.406415
MDMin:  514 04:38:54    -2397.522870        0.408114
MDMin:  515 04:38:55    -2397.523810        0.410369
MDMin:  516 04:38:57    -2397.523643        0.504045
MDMin:  517 04:38:59    -2397.521994        0.415130
MDMin:  518 04:39:01    -2397.522754        0.417055
MDMin:  519 04:39:02    -2397.523684        0.419612
MDMin:  520 04:39:03    -2397.523495        0.504413
MDMin:  521 04:39:05    -2397.521867        0.425022
MDMin:  522 04:39:06    -2397.522620        0.427217
MDMin:  523 04:39:07    -2397.523540        0.430138
MDMin:  524 04:39:09    -2397.523351        0.504693
MDMin:  525 04:39:11    -2397.521718        0.436333
MDMin:  526 04:39:12    -2397.522465        0.438859
MDMin:  527 04:39:14    -2397.523379        0.442222
MDMin:  528 04:39:16    -2397.523211        0.504897
MDMin:  529 04:39:18    -2397.521546        0.449377
MDMin:  530 04:39:20    -2397.522290        0.452311
MDMin:  531 04:39:22    -2397.523200        0.456218
MDMin:  532 04:39:24    -2397.523076        0.505031
MDMin:  533 04:39:26    -2397.521349        0.464560
MDMin:  534 04:39:28    -2397.522094        0.468001
MDMin:  535 04:39:29    -2397.523003        0.472585
MDMin:  536 04:39:31    -2397.522945        0.505101
MDMin:  537 04:39:32    -2397.521126        0.482402
MDMin:  538 04:39:34    -2397.521875        0.486483
MDMin:  539 04:39:36    -2397.522786        0.491911
MDMin:  540 04:39:38    -2397.522819        0.505106
MDMin:  541 04:39:40    -2397.520873        0.503575
MDMin:  542 04:39:42    -2397.521630        0.508463
MDMin:  543 04:39:44    -2397.522546        0.514950
MDMin:  544 04:39:46    -2397.522696        0.523228
MDMin:  545 04:39:48    -2397.520585        0.528927
MDMin:  546 04:39:50    -2397.521354        0.534839
MDMin:  547 04:39:51    -2397.522282        0.542649
MDMin:  548 04:39:53    -2397.522579        0.552579
MDMin:  549 04:39:55    -2397.520254        0.559506
MDMin:  550 04:39:57    -2397.521044        0.566704
MDMin:  551 04:39:58    -2397.521988        0.576145
MDMin:  552 04:40:00    -2397.522467        0.588072
MDMin:  553 04:40:02    -2397.519873        0.596513
MDMin:  554 04:40:04    -2397.520691        0.605283
MDMin:  555 04:40:06    -2397.521658        0.616662
MDMin:  556 04:40:09    -2397.522362        0.630880
MDMin:  557 04:40:11    -2397.519431        0.641088
MDMin:  558 04:40:12    -2397.520286        0.651657
MDMin:  559 04:40:14    -2397.521287        0.665137
MDMin:  560 04:40:16    -2397.522264        0.681668
MDMin:  561 04:40:18    -2397.518913        0.693662
MDMin:  562 04:40:20    -2397.519820        0.705950
MDMin:  563 04:40:22    -2397.520865        0.721190
MDMin:  564 04:40:24    -2397.522015        0.739285
MDMin:  565 04:40:26    -2397.521010        0.759936
MDMin:  566 04:40:28    -2397.519102        0.774298
MDMin:  567 04:40:29    -2397.520129        0.788123
MDMin:  568 04:40:30    -2397.521266        0.803735
MDMin:  569 04:40:32    -2397.521009        0.820259
MDMin:  570 04:40:33    -2397.518260        0.831111
MDMin:  571 04:40:35    -2397.519341        0.840630
MDMin:  572 04:40:36    -2397.520534        0.849916
MDMin:  573 04:40:37    -2397.520969        0.857660
MDMin:  574 04:40:38    -2397.517358        0.861168
MDMin:  575 04:40:40    -2397.518518        0.862715
MDMin:  576 04:40:42    -2397.519789        0.862119
MDMin:  577 04:40:44    -2397.520911        0.858432
MDMin:  578 04:40:45    -2397.516472        0.853725
MDMin:  579 04:40:47    -2397.517698        0.847728
MDMin:  580 04:40:49    -2397.519035        0.839394
MDMin:  581 04:40:51    -2397.520445        0.828637
MDMin:  582 04:40:53    -2397.519374        0.815701
MDMin:  583 04:40:55    -2397.516693        0.806219
MDMin:  584 04:40:57    -2397.517978        0.797100
MDMin:  585 04:40:59    -2397.519352        0.786812
MDMin:  586 04:41:01    -2397.519377        0.775664
MDMin:  587 04:41:03    -2397.515873        0.768027
MDMin:  588 04:41:05    -2397.517105        0.760898
MDMin:  589 04:41:07    -2397.518438        0.752946
MDMin:  590 04:41:09    -2397.519317        0.744331
MDMin:  591 04:41:11    -2397.515160        0.738383
MDMin:  592 04:41:13    -2397.516346        0.732749
MDMin:  593 04:41:15    -2397.517644        0.726313
MDMin:  594 04:41:17    -2397.519017        0.719114
MDMin:  595 04:41:19    -2397.517681        0.711175
MDMin:  596 04:41:22    -2397.515516        0.705682
MDMin:  597 04:41:24    -2397.516697        0.700412
MDMin:  598 04:41:27    -2397.517976        0.694279
MDMin:  599 04:41:29    -2397.517544        0.687275
MDMin:  600 04:41:31    -2397.514807        0.682341
MDMin:  601 04:41:33    -2397.515914        0.677517
MDMin:  602 04:41:34    -2397.517136        0.671784
MDMin:  603 04:41:36    -2397.517314        0.665128
MDMin:  604 04:41:39    -2397.514179        0.660435
MDMin:  605 04:41:41    -2397.515237        0.655818
MDMin:  606 04:41:43    -2397.516419        0.650271
MDMin:  607 04:41:45    -2397.517013        0.643783
MDMin:  608 04:41:47    -2397.513619        0.639239
MDMin:  609 04:41:49    -2397.514637        0.634763
MDMin:  610 04:41:50    -2397.515787        0.629350
MDMin:  611 04:41:52    -2397.516651        0.622994
MDMin:  612 04:41:54    -2397.513119        0.618592
MDMin:  613 04:41:56    -2397.514102        0.614262
MDMin:  614 04:41:57    -2397.515222        0.609002
MDMin:  615 04:41:59    -2397.516236        0.602816
MDMin:  616 04:42:01    -2397.512673        0.598586
MDMin:  617 04:42:03    -2397.513621        0.594435
MDMin:  618 04:42:05    -2397.514712        0.589373
MDMin:  619 04:42:07    -2397.515771        0.583410
MDMin:  620 04:42:09    -2397.512274        0.579386
MDMin:  621 04:42:12    -2397.513188        0.575444
MDMin:  622 04:42:15    -2397.514249        0.570618
MDMin:  623 04:42:18    -2397.515261        0.564923
MDMin:  624 04:42:20    -2397.511915        0.561129
MDMin:  625 04:42:22    -2397.512796        0.557418
MDMin:  626 04:42:24    -2397.513827        0.552854
MDMin:  627 04:42:26    -2397.514710        0.547458
MDMin:  628 04:42:28    -2397.511591        0.543905
MDMin:  629 04:42:30    -2397.512440        0.540434
MDMin:  630 04:42:32    -2397.513442        0.536145
MDMin:  631 04:42:34    -2397.514121        0.531060
MDMin:  632 04:42:36    -2397.511296        0.527750
MDMin:  633 04:42:38    -2397.512116        0.524517
MDMin:  634 04:42:40    -2397.513090        0.520502
MDMin:  635 04:42:42    -2397.513498        0.515728
MDMin:  636 04:42:44    -2397.511028        0.512653
MDMin:  637 04:42:46    -2397.511819        0.509649
MDMin:  638 04:42:48    -2397.512766        0.505898
MDMin:  639 04:42:50    -2397.512843        0.501426
MDMin:  640 04:42:52    -2397.510782        0.498573
MDMin:  641 04:42:54    -2397.511546        0.495784
MDMin:  642 04:42:56    -2397.512468        0.492284
MDMin:  643 04:42:58    -2397.512161        0.489943
MDMin:  644 04:43:00    -2397.510557        0.485450
MDMin:  645 04:43:02    -2397.511296        0.482862
MDMin:  646 04:43:04    -2397.512194        0.479596
MDMin:  647 04:43:06    -2397.511454        0.489347
MDMin:  648 04:43:08    -2397.510349        0.473219
MDMin:  649 04:43:10    -2397.511065        0.470815
MDMin:  650 04:43:12    -2397.511805        0.480926
MDMin:  651 04:43:14    -2397.509482        0.465734
MDMin:  652 04:43:16    -2397.510139        0.463667
MDMin:  653 04:43:18    -2397.510968        0.460968
MDMin:  654 04:43:20    -2397.511023        0.482733
MDMin:  655 04:43:22    -2397.509311        0.455568
MDMin:  656 04:43:24    -2397.509990        0.453501
MDMin:  657 04:43:26    -2397.510840        0.450833
MDMin:  658 04:43:28    -2397.510256        0.483590
MDMin:  659 04:43:29    -2397.509193        0.445576
MDMin:  660 04:43:30    -2397.509863        0.443606
MDMin:  661 04:43:32    -2397.510515        0.476407
MDMin:  662 04:43:34    -2397.508428        0.439387
MDMin:  663 04:43:36    -2397.509046        0.437675
MDMin:  664 04:43:38    -2397.509844        0.435403
MDMin:  665 04:43:40    -2397.509692        0.478750
MDMin:  666 04:43:42    -2397.508333        0.430848
MDMin:  667 04:43:44    -2397.508975        0.429127
MDMin:  668 04:43:47    -2397.509792        0.426874
MDMin:  669 04:43:50    -2397.508885        0.480042
MDMin:  670 04:43:52    -2397.508288        0.422435
MDMin:  671 04:43:54    -2397.508920        0.420795
MDMin:  672 04:43:56    -2397.509076        0.473506
MDMin:  673 04:43:59    -2397.507600        0.417257
MDMin:  674 04:44:01    -2397.508183        0.415830
MDMin:  675 04:44:03    -2397.508948        0.413911
MDMin:  676 04:44:04    -2397.508219        0.476056
MDMin:  677 04:44:06    -2397.507559        0.410069
MDMin:  678 04:44:08    -2397.508164        0.408640
MDMin:  679 04:44:10    -2397.508357        0.470369
MDMin:  680 04:44:11    -2397.506919        0.405518
MDMin:  681 04:44:13    -2397.507484        0.404258
MDMin:  682 04:44:15    -2397.508234        0.402546
MDMin:  683 04:44:17    -2397.507485        0.473283
MDMin:  684 04:44:19    -2397.506919        0.399121
MDMin:  685 04:44:22    -2397.507508        0.397858
MDMin:  686 04:44:24    -2397.507592        0.468001
MDMin:  687 04:44:26    -2397.506323        0.395088
MDMin:  688 04:44:28    -2397.506872        0.393977
MDMin:  689 04:44:30    -2397.507609        0.392456
MDMin:  690 04:44:31    -2397.506707        0.471104
MDMin:  691 04:44:33    -2397.506359        0.389419
MDMin:  692 04:44:35    -2397.506930        0.388311
MDMin:  693 04:44:37    -2397.506787        0.466113
MDMin:  694 04:44:39    -2397.505798        0.385876
MDMin:  695 04:44:41    -2397.506331        0.384904
MDMin:  696 04:44:43    -2397.506787        0.462602
MDMin:  697 04:44:45    -2397.505245        0.382697
MDMin:  698 04:44:47    -2397.505771        0.381796
MDMin:  699 04:44:49    -2397.506491        0.380545
MDMin:  700 04:44:50    -2397.505886        0.466364
MDMin:  701 04:44:52    -2397.505334        0.378046
MDMin:  702 04:44:53    -2397.505889        0.377146
MDMin:  703 04:44:55    -2397.505933        0.461975
MDMin:  704 04:44:57    -2397.504828        0.375157
MDMin:  705 04:44:59    -2397.505347        0.374369
MDMin:  706 04:45:01    -2397.505905        0.458900
MDMin:  707 04:45:03    -2397.504323        0.372575
MDMin:  708 04:45:05    -2397.504835        0.371849
MDMin:  709 04:45:07    -2397.505546        0.370835
MDMin:  710 04:45:09    -2397.504995        0.462912
MDMin:  711 04:45:11    -2397.504462        0.368824
MDMin:  712 04:45:13    -2397.505000        0.368112
MDMin:  713 04:45:15    -2397.505014        0.458881
MDMin:  714 04:45:17    -2397.503997        0.366538
MDMin:  715 04:45:19    -2397.504502        0.365921
MDMin:  716 04:45:21    -2397.504961        0.456088
MDMin:  717 04:45:23    -2397.503530        0.364517
MDMin:  718 04:45:24    -2397.504028        0.363955
MDMin:  719 04:45:26    -2397.504727        0.363169
MDMin:  720 04:45:27    -2397.504042        0.460220
MDMin:  721 04:45:28    -2397.503704        0.361628
MDMin:  722 04:45:30    -2397.504227        0.361093
MDMin:  723 04:45:31    -2397.504037        0.456441
MDMin:  724 04:45:33    -2397.503272        0.359916
MDMin:  725 04:45:35    -2397.503762        0.359462
MDMin:  726 04:45:37    -2397.503963        0.453846
MDMin:  727 04:45:38    -2397.502834        0.358434
MDMin:  728 04:45:40    -2397.503318        0.358029
MDMin:  729 04:45:42    -2397.503874        0.451624
MDMin:  730 04:45:43    -2397.502409        0.357109
MDMin:  731 04:45:45    -2397.502893        0.356747
MDMin:  732 04:45:47    -2397.503581        0.356243
MDMin:  733 04:45:49    -2397.502950        0.456027
MDMin:  734 04:45:51    -2397.502630        0.355283
MDMin:  735 04:45:53    -2397.503138        0.354961
MDMin:  736 04:45:54    -2397.502919        0.452613
MDMin:  737 04:45:56    -2397.502239        0.354267
MDMin:  738 04:45:58    -2397.502716        0.354008
MDMin:  739 04:46:00    -2397.502824        0.450303
MDMin:  740 04:46:02    -2397.501837        0.353437
MDMin:  741 04:46:04    -2397.502309        0.353221
MDMin:  742 04:46:06    -2397.502716        0.448313
MDMin:  743 04:46:07    -2397.501446        0.352749
MDMin:  744 04:46:10    -2397.501917        0.352572
MDMin:  745 04:46:12    -2397.502596        0.352336
MDMin:  746 04:46:13    -2397.501786        0.452819
MDMin:  747 04:46:15    -2397.501700        0.351927
MDMin:  748 04:46:17    -2397.502194        0.351802
MDMin:  749 04:46:18    -2397.501734        0.449635
MDMin:  750 04:46:20    -2397.501338        0.351565
MDMin:  751 04:46:21    -2397.501803        0.351487
MDMin:  752 04:46:22    -2397.501621        0.447505
MDMin:  753 04:46:23    -2397.500963        0.351349
MDMin:  754 04:46:24    -2397.501423        0.351309
MDMin:  755 04:46:26    -2397.501496        0.445660
MDMin:  756 04:46:27    -2397.500596        0.351262
MDMin:  757 04:46:28    -2397.501057        0.351258
MDMin:  758 04:46:29    -2397.501369        0.443962
MDMin:  759 04:46:30    -2397.500241        0.351298
MDMin:  760 04:46:32    -2397.500702        0.351330
MDMin:  761 04:46:33    -2397.501241        0.442380
MDMin:  762 04:46:34    -2397.499897        0.351457
MDMin:  763 04:46:35    -2397.500358        0.351524
MDMin:  764 04:46:36    -2397.501031        0.351649
MDMin:  765 04:46:38    -2397.500313        0.447161
MDMin:  766 04:46:39    -2397.500204        0.351983
MDMin:  767 04:46:41    -2397.500687        0.352117
MDMin:  768 04:46:43    -2397.500239        0.444350
MDMin:  769 04:46:44    -2397.499883        0.352485
MDMin:  770 04:46:45    -2397.500338        0.352645
MDMin:  771 04:46:46    -2397.500107        0.442516
MDMin:  772 04:46:48    -2397.499545        0.353085
MDMin:  773 04:46:49    -2397.499996        0.353277
MDMin:  774 04:46:50    -2397.499965        0.440916
MDMin:  775 04:46:52    -2397.499213        0.353796
MDMin:  776 04:46:54    -2397.499664        0.354020
MDMin:  777 04:46:56    -2397.499822        0.439431
MDMin:  778 04:46:58    -2397.498890        0.354618
MDMin:  779 04:47:00    -2397.499342        0.354875
MDMin:  780 04:47:02    -2397.499678        0.438036
MDMin:  781 04:47:03    -2397.498576        0.355551
MDMin:  782 04:47:05    -2397.499028        0.355839
MDMin:  783 04:47:07    -2397.499533        0.436719
MDMin:  784 04:47:08    -2397.498269        0.356593
MDMin:  785 04:47:09    -2397.498722        0.356911
MDMin:  786 04:47:11    -2397.499388        0.435473
MDMin:  787 04:47:12    -2397.497970        0.357742
MDMin:  788 04:47:13    -2397.498423        0.358090
MDMin:  789 04:47:15    -2397.499093        0.358641
MDMin:  790 04:47:17    -2397.498463        0.440494
MDMin:  791 04:47:19    -2397.498329        0.359850
MDMin:  792 04:47:21    -2397.498803        0.360279
MDMin:  793 04:47:23    -2397.498369        0.438020
MDMin:  794 04:47:25    -2397.498046        0.361350
MDMin:  795 04:47:27    -2397.498493        0.361784
MDMin:  796 04:47:29    -2397.498219        0.436451
MDMin:  797 04:47:31    -2397.497743        0.362892
MDMin:  798 04:47:33    -2397.498187        0.363350
MDMin:  799 04:47:35    -2397.498062        0.435074
MDMin:  800 04:47:37    -2397.497443        0.364522
MDMin:  801 04:47:39    -2397.497887        0.365006
MDMin:  802 04:47:41    -2397.497903        0.433783
MDMin:  803 04:47:43    -2397.497149        0.366243
MDMin:  804 04:47:45    -2397.497595        0.366754
MDMin:  805 04:47:47    -2397.497745        0.432559
MDMin:  806 04:47:49    -2397.496862        0.368056
MDMin:  807 04:47:50    -2397.497308        0.368592
MDMin:  808 04:47:52    -2397.497586        0.431394
MDMin:  809 04:47:54    -2397.496580        0.369957
MDMin:  810 04:47:56    -2397.497028        0.370517
MDMin:  811 04:47:58    -2397.497428        0.430283
MDMin:  812 04:48:00    -2397.496304        0.371942
MDMin:  813 04:48:02    -2397.496753        0.372525
MDMin:  814 04:48:04    -2397.497269        0.429219
MDMin:  815 04:48:06    -2397.496033        0.374008
MDMin:  816 04:48:08    -2397.496483        0.374614
MDMin:  817 04:48:10    -2397.497110        0.428199
MDMin:  818 04:48:12    -2397.495767        0.376152
MDMin:  819 04:48:14    -2397.496217        0.376780
MDMin:  820 04:48:16    -2397.496885        0.377753
MDMin:  821 04:48:18    -2397.496189        0.433378
MDMin:  822 04:48:20    -2397.496161        0.379819
MDMin:  823 04:48:22    -2397.496632        0.380532
MDMin:  824 04:48:24    -2397.496078        0.431128
MDMin:  825 04:48:26    -2397.495905        0.382273
MDMin:  826 04:48:28    -2397.496350        0.382964
MDMin:  827 04:48:30    -2397.495915        0.429733
MDMin:  828 04:48:31    -2397.495625        0.384693
MDMin:  829 04:48:33    -2397.496068        0.385395
MDMin:  830 04:48:35    -2397.495746        0.428502
MDMin:  831 04:48:37    -2397.495347        0.387156
MDMin:  832 04:48:39    -2397.495791        0.387871
MDMin:  833 04:48:41    -2397.495577        0.427338
MDMin:  834 04:48:43    -2397.495073        0.389666
MDMin:  835 04:48:45    -2397.495519        0.390394
MDMin:  836 04:48:47    -2397.495408        0.426225
MDMin:  837 04:48:49    -2397.494804        0.392219
MDMin:  838 04:48:51    -2397.495251        0.392958
MDMin:  839 04:48:53    -2397.495240        0.425157
MDMin:  840 04:48:55    -2397.494538        0.394810
MDMin:  841 04:48:56    -2397.494986        0.395558
MDMin:  842 04:48:58    -2397.495072        0.424130
MDMin:  843 04:49:00    -2397.494276        0.397431
MDMin:  844 04:49:02    -2397.494726        0.398187
MDMin:  845 04:49:04    -2397.494906        0.423139
MDMin:  846 04:49:06    -2397.494017        0.400075
MDMin:  847 04:49:08    -2397.494469        0.400836
MDMin:  848 04:49:10    -2397.494739        0.422181
MDMin:  849 04:49:12    -2397.493761        0.402735
MDMin:  850 04:49:14    -2397.494214        0.403499
MDMin:  851 04:49:16    -2397.494573        0.421253
MDMin:  852 04:49:18    -2397.493508        0.405402
MDMin:  853 04:49:20    -2397.493963        0.406167
MDMin:  854 04:49:23    -2397.494408        0.420351
MDMin:  855 04:49:25    -2397.493258        0.408068
MDMin:  856 04:49:27    -2397.493714        0.408830
MDMin:  857 04:49:28    -2397.494242        0.419473
MDMin:  858 04:49:30    -2397.493010        0.410722
MDMin:  859 04:49:33    -2397.493467        0.411480
MDMin:  860 04:49:35    -2397.494077        0.418616
MDMin:  861 04:49:37    -2397.492763        0.413357
MDMin:  862 04:49:39    -2397.493223        0.414106
MDMin:  863 04:49:41    -2397.493901        0.415244
MDMin:  864 04:49:43    -2397.493167        0.423967
MDMin:  865 04:49:45    -2397.493182        0.417586
MDMin:  866 04:49:47    -2397.493633        0.418378
MDMin:  867 04:49:49    -2397.492465        0.418985
MDMin:  868 04:49:51    -2397.492895        0.419662
MDMin:  869 04:49:53    -2397.493415        0.420707
MDMin:  870 04:49:55    -2397.492187        0.421380
MDMin:  871 04:49:57    -2397.492644        0.422080
MDMin:  872 04:49:59    -2397.493242        0.423137
MDMin:  873 04:50:01    -2397.491937        0.423802
MDMin:  874 04:50:03    -2397.492399        0.424487
MDMin:  875 04:50:05    -2397.493076        0.425515
MDMin:  876 04:50:07    -2397.491692        0.426160
MDMin:  877 04:50:09    -2397.492157        0.426821
MDMin:  878 04:50:11    -2397.492841        0.427811
MDMin:  879 04:50:13    -2397.492171        0.429115
MDMin:  880 04:50:15    -2397.492115        0.429812
MDMin:  881 04:50:17    -2397.492604        0.430478
MDMin:  882 04:50:19    -2397.492053        0.431441
MDMin:  883 04:50:21    -2397.491876        0.432023
MDMin:  884 04:50:22    -2397.492338        0.432612
MDMin:  885 04:50:24    -2397.491887        0.433479
MDMin:  886 04:50:26    -2397.491610        0.434014
MDMin:  887 04:50:28    -2397.492070        0.434558
MDMin:  888 04:50:30    -2397.491716        0.435359
MDMin:  889 04:50:32    -2397.491343        0.435852
MDMin:  890 04:50:34    -2397.491805        0.436353
MDMin:  891 04:50:36    -2397.491546        0.437087
MDMin:  892 04:50:38    -2397.491079        0.437537
MDMin:  893 04:50:40    -2397.491542        0.437991
MDMin:  894 04:50:42    -2397.491377        0.438654
MDMin:  895 04:50:44    -2397.490817        0.439057
MDMin:  896 04:50:46    -2397.491282        0.439462
MDMin:  897 04:50:47    -2397.491211        0.440048
MDMin:  898 04:50:49    -2397.490557        0.440402
MDMin:  899 04:50:51    -2397.491024        0.440753
MDMin:  900 04:50:53    -2397.491046        0.441257
MDMin:  901 04:50:55    -2397.490300        0.441557
MDMin:  902 04:50:57    -2397.490769        0.441853
MDMin:  903 04:50:59    -2397.490884        0.442270
MDMin:  904 04:51:01    -2397.490045        0.442513
MDMin:  905 04:51:03    -2397.490516        0.442748
MDMin:  906 04:51:05    -2397.490723        0.443074
MDMin:  907 04:51:07    -2397.489792        0.443257
MDMin:  908 04:51:10    -2397.490264        0.443430
MDMin:  909 04:51:12    -2397.490563        0.443659
MDMin:  910 04:51:14    -2397.489541        0.443780
MDMin:  911 04:51:16    -2397.490014        0.443886
MDMin:  912 04:51:18    -2397.490405        0.444016
MDMin:  913 04:51:20    -2397.489291        0.444072
MDMin:  914 04:51:22    -2397.489766        0.444109
MDMin:  915 04:51:24    -2397.490249        0.444136
MDMin:  916 04:51:26    -2397.489043        0.444123
MDMin:  917 04:51:28    -2397.489519        0.444091
MDMin:  918 04:51:30    -2397.490094        0.444011
MDMin:  919 04:51:32    -2397.488796        0.443928
MDMin:  920 04:51:34    -2397.489274        0.443823
MDMin:  921 04:51:36    -2397.489941        0.443634
MDMin:  922 04:51:37    -2397.488551        0.443480
MDMin:  923 04:51:39    -2397.489030        0.443301
MDMin:  924 04:51:41    -2397.489725        0.443001
MDMin:  925 04:51:43    -2397.489065        0.442537
MDMin:  926 04:51:45    -2397.488971        0.442226
MDMin:  927 04:51:47    -2397.489477        0.441898
MDMin:  928 04:51:49    -2397.488959        0.441385
MDMin:  929 04:51:52    -2397.488731        0.441026
MDMin:  930 04:51:54    -2397.489206        0.440637
MDMin:  931 04:51:56    -2397.488808        0.440027
MDMin:  932 04:51:58    -2397.488464        0.439602
MDMin:  933 04:52:00    -2397.488936        0.439140
MDMin:  934 04:52:02    -2397.488651        0.438423
MDMin:  935 04:52:04    -2397.488195        0.437926
MDMin:  936 04:52:06    -2397.488667        0.437390
MDMin:  937 04:52:08    -2397.488497        0.436563
MDMin:  938 04:52:10    -2397.487929        0.435994
MDMin:  939 04:52:12    -2397.488402        0.435385
MDMin:  940 04:52:14    -2397.488345        0.434451
MDMin:  941 04:52:16    -2397.487665        0.433813
MDMin:  942 04:52:18    -2397.488139        0.433132
MDMin:  943 04:52:20    -2397.488197        0.432093
MDMin:  944 04:52:22    -2397.487404        0.431387
MDMin:  945 04:52:24    -2397.487879        0.430637
MDMin:  946 04:52:26    -2397.488050        0.429497
MDMin:  947 04:52:28    -2397.487145        0.428726
MDMin:  948 04:52:30    -2397.487621        0.427911
MDMin:  949 04:52:32    -2397.487907        0.426680
MDMin:  950 04:52:34    -2397.486888        0.425853
MDMin:  951 04:52:36    -2397.487366        0.424984
MDMin:  952 04:52:37    -2397.487766        0.423675
MDMin:  953 04:52:39    -2397.486633        0.422798
MDMin:  954 04:52:41    -2397.487112        0.421878
MDMin:  955 04:52:43    -2397.487628        0.420497
MDMin:  956 04:52:45    -2397.486380        0.419572
MDMin:  957 04:52:47    -2397.486859        0.418605
MDMin:  958 04:52:49    -2397.487492        0.417156
MDMin:  959 04:52:51    -2397.486129        0.416188
MDMin:  960 04:52:53    -2397.486609        0.415177
MDMin:  961 04:52:55    -2397.487300        0.413665
MDMin:  962 04:52:57    -2397.486658        0.411631
MDMin:  963 04:52:58    -2397.486532        0.410437
MDMin:  964 04:53:00    -2397.487039        0.409267
MDMin:  965 04:53:02    -2397.486571        0.407567
MDMin:  966 04:53:04    -2397.486285        0.406468
MDMin:  967 04:53:06    -2397.486762        0.405333
MDMin:  968 04:53:08    -2397.486440        0.403656
MDMin:  969 04:53:10    -2397.486012        0.402549
MDMin:  970 04:53:12    -2397.486484        0.401396
MDMin:  971 04:53:14    -2397.486305        0.399689
MDMin:  972 04:53:15    -2397.485736        0.398558
MDMin:  973 04:53:17    -2397.486208        0.397379
MDMin:  974 04:53:19    -2397.486173        0.398438
MDMin:  975 04:53:21    -2397.485462        0.394477
MDMin:  976 04:53:22    -2397.485935        0.393273
MDMin:  977 04:53:24    -2397.486044        0.397348
MDMin:  978 04:53:26    -2397.485190        0.390311
MDMin:  979 04:53:28    -2397.485665        0.389083
MDMin:  980 04:53:30    -2397.485919        0.396292
MDMin:  981 04:53:32    -2397.484919        0.386066
MDMin:  982 04:53:33    -2397.485396        0.384815
MDMin:  983 04:53:35    -2397.485797        0.395267
MDMin:  984 04:53:36    -2397.484650        0.381744
MDMin:  985 04:53:38    -2397.485129        0.380472
MDMin:  986 04:53:39    -2397.485679        0.394268
MDMin:  987 04:53:41    -2397.484383        0.377351
MDMin:  988 04:53:43    -2397.484862        0.376057
MDMin:  989 04:53:45    -2397.485547        0.374153
MDMin:  990 04:53:47    -2397.484882        0.399493
MDMin:  991 04:53:49    -2397.484755        0.370145
MDMin:  992 04:53:51    -2397.485263        0.368696
MDMin:  993 04:53:53    -2397.484816        0.397192
MDMin:  994 04:53:54    -2397.484490        0.365280
MDMin:  995 04:53:57    -2397.484968        0.363900
MDMin:  996 04:54:00    -2397.484707        0.395707
MDMin:  997 04:54:02    -2397.484199        0.360552
MDMin:  998 04:54:04    -2397.484674        0.359165
MDMin:  999 04:54:06    -2397.484595        0.394407
MDMin:  1000 04:54:08    -2397.483905        0.355783
MDMin:  1001 04:54:10    -2397.484381        0.354374
MDMin:  1002 04:54:11    -2397.484486        0.393175
MDMin:  1003 04:54:13    -2397.483613        0.350934
MDMin:  1004 04:54:15    -2397.484091        0.349499
MDMin:  1005 04:54:17    -2397.484382        0.391988
MDMin:  1006 04:54:20    -2397.483322        0.345990
MDMin:  1007 04:54:22    -2397.483802        0.344525
MDMin:  1008 04:54:24    -2397.484282        0.390836
MDMin:  1009 04:54:26    -2397.483032        0.340940
MDMin:  1010 04:54:28    -2397.483514        0.339441
MDMin:  1011 04:54:30    -2397.484187        0.389716
MDMin:  1012 04:54:31    -2397.482744        0.340991
MDMin:  1013 04:54:33    -2397.483228        0.342753
MDMin:  1014 04:54:35    -2397.483912        0.345321
MDMin:  1015 04:54:37    -2397.483429        0.394832
MDMin:  1016 04:54:39    -2397.483081        0.350657
MDMin:  1017 04:54:41    -2397.483597        0.352556
MDMin:  1018 04:54:43    -2397.483389        0.392387
MDMin:  1019 04:54:45    -2397.482794        0.356964
MDMin:  1020 04:54:48    -2397.483279        0.358719
MDMin:  1021 04:54:50    -2397.483308        0.390764
MDMin:  1022 04:54:52    -2397.482481        0.362905
MDMin:  1023 04:54:54    -2397.482963        0.364613
MDMin:  1024 04:54:56    -2397.483223        0.389341
MDMin:  1025 04:54:57    -2397.482166        0.368710
MDMin:  1026 04:54:59    -2397.482649        0.370389
MDMin:  1027 04:55:01    -2397.483143        0.387996
MDMin:  1028 04:55:03    -2397.481852        0.374417
MDMin:  1029 04:55:06    -2397.482337        0.376068
MDMin:  1030 04:55:07    -2397.483016        0.378452
MDMin:  1031 04:55:08    -2397.482407        0.392886
MDMin:  1032 04:55:10    -2397.482151        0.383375
MDMin:  1033 04:55:12    -2397.482669        0.385132
MDMin:  1034 04:55:14    -2397.482386        0.390223
MDMin:  1035 04:55:16    -2397.481839        0.389165
MDMin:  1036 04:55:17    -2397.482326        0.390766
MDMin:  1037 04:55:19    -2397.482324        0.393050
MDMin:  1038 04:55:21    -2397.481505        0.394543
MDMin:  1039 04:55:22    -2397.481987        0.396078
MDMin:  1040 04:55:24    -2397.482259        0.398275
MDMin:  1041 04:55:26    -2397.481169        0.399719
MDMin:  1042 04:55:28    -2397.481653        0.401205
MDMin:  1043 04:55:30    -2397.482200        0.403329
MDMin:  1044 04:55:31    -2397.480835        0.404727
MDMin:  1045 04:55:33    -2397.481321        0.406163
MDMin:  1046 04:55:34    -2397.481996        0.408214
MDMin:  1047 04:55:35    -2397.481497        0.410866
MDMin:  1048 04:55:37    -2397.481105        0.412404
MDMin:  1049 04:55:39    -2397.481624        0.413888
MDMin:  1050 04:55:40    -2397.481499        0.415944
MDMin:  1051 04:55:42    -2397.480775        0.417249
MDMin:  1052 04:55:43    -2397.481263        0.418569
MDMin:  1053 04:55:45    -2397.481461        0.420433
MDMin:  1054 04:55:46    -2397.480425        0.421643
MDMin:  1055 04:55:47    -2397.480907        0.422879
MDMin:  1056 04:55:48    -2397.481421        0.424631
MDMin:  1057 04:55:49    -2397.480074        0.425773
MDMin:  1058 04:55:51    -2397.480557        0.426940
MDMin:  1059 04:55:53    -2397.481225        0.428593
MDMin:  1060 04:55:55    -2397.480746        0.430712
MDMin:  1061 04:55:57    -2397.480315        0.431927
MDMin:  1062 04:55:59    -2397.480830        0.433094
MDMin:  1063 04:56:01    -2397.480769        0.434697
MDMin:  1064 04:56:03    -2397.479968        0.435702
MDMin:  1065 04:56:06    -2397.480452        0.436714
MDMin:  1066 04:56:09    -2397.480751        0.438132
MDMin:  1067 04:56:11    -2397.479604        0.439042
MDMin:  1068 04:56:13    -2397.480083        0.439967
MDMin:  1069 04:56:15    -2397.480730        0.441268
MDMin:  1070 04:56:17    -2397.479240        0.442107
MDMin:  1071 04:56:19    -2397.479719        0.442959
MDMin:  1072 04:56:21    -2397.480379        0.444161
MDMin:  1073 04:56:24    -2397.480089        0.445691
MDMin:  1074 04:56:26    -2397.479456        0.446553
MDMin:  1075 04:56:27    -2397.479968        0.447375
MDMin:  1076 04:56:29    -2397.480135        0.448501
MDMin:  1077 04:56:31    -2397.479097        0.449195
MDMin:  1078 04:56:32    -2397.479577        0.449891
MDMin:  1079 04:56:33    -2397.480140        0.450864
MDMin:  1080 04:56:35    -2397.478722        0.451478
MDMin:  1081 04:56:36    -2397.479196        0.452100
MDMin:  1082 04:56:37    -2397.479847        0.452975
MDMin:  1083 04:56:38    -2397.479524        0.454090
MDMin:  1084 04:56:40    -2397.478911        0.454706
MDMin:  1085 04:56:41    -2397.479416        0.455292
MDMin:  1086 04:56:42    -2397.479587        0.456097
MDMin:  1087 04:56:44    -2397.478537        0.456586
MDMin:  1088 04:56:46    -2397.479011        0.457076
MDMin:  1089 04:56:48    -2397.479608        0.457765
MDMin:  1090 04:56:50    -2397.478148        0.458195
MDMin:  1091 04:56:52    -2397.478616        0.458631
MDMin:  1092 04:56:53    -2397.479257        0.459251
MDMin:  1093 04:56:55    -2397.479021        0.460051
MDMin:  1094 04:56:57    -2397.478312        0.460487
MDMin:  1095 04:56:59    -2397.478811        0.460903
MDMin:  1096 04:57:01    -2397.479103        0.461485
MDMin:  1097 04:57:03    -2397.477924        0.461836
MDMin:  1098 04:57:06    -2397.478393        0.462191
MDMin:  1099 04:57:08    -2397.479030        0.462702
MDMin:  1100 04:57:10    -2397.478538        0.463372
MDMin:  1101 04:57:12    -2397.478066        0.463735
MDMin:  1102 04:57:14    -2397.478560        0.464088
MDMin:  1103 04:57:16    -2397.478634        0.464590
MDMin:  1104 04:57:18    -2397.477661        0.464895
MDMin:  1105 04:57:19    -2397.478124        0.465210
MDMin:  1106 04:57:21    -2397.478686        0.465672
MDMin:  1107 04:57:22    -2397.477244        0.465964
MDMin:  1108 04:57:24    -2397.477702        0.466270
MDMin:  1109 04:57:26    -2397.478326        0.466727
MDMin:  1110 04:57:28    -2397.478151        0.467351
MDMin:  1111 04:57:30    -2397.477357        0.467704
MDMin:  1112 04:57:32    -2397.477847        0.468058
MDMin:  1113 04:57:34    -2397.478268        0.468577
MDMin:  1114 04:57:36    -2397.476941        0.468906
MDMin:  1115 04:57:37    -2397.477402        0.469253
MDMin:  1116 04:57:39    -2397.478024        0.469774
MDMin:  1117 04:57:41    -2397.477760        0.470496
MDMin:  1118 04:57:43    -2397.477034        0.470919
MDMin:  1119 04:57:45    -2397.477522        0.471350
MDMin:  1120 04:57:47    -2397.477896        0.471983
MDMin:  1121 04:57:49    -2397.476601        0.472396
MDMin:  1122 04:57:51    -2397.477059        0.472837
MDMin:  1123 04:57:53    -2397.477674        0.473497
MDMin:  1124 04:57:55    -2397.477411        0.474414
MDMin:  1125 04:57:57    -2397.476666        0.474968
MDMin:  1126 04:57:59    -2397.477152        0.475538
MDMin:  1127 04:58:01    -2397.477564        0.476371
MDMin:  1128 04:58:03    -2397.476214        0.476924
MDMin:  1129 04:58:05    -2397.476671        0.477519
MDMin:  1130 04:58:07    -2397.477282        0.478398
MDMin:  1131 04:58:09    -2397.477105        0.479611
MDMin:  1132 04:58:11    -2397.476252        0.480360
MDMin:  1133 04:58:13    -2397.476738        0.481135
MDMin:  1134 04:58:14    -2397.477279        0.482250
MDMin:  1135 04:58:17    -2397.475780        0.483002
MDMin:  1136 04:58:18    -2397.476239        0.483809
MDMin:  1137 04:58:20    -2397.476849        0.484986
MDMin:  1138 04:58:22    -2397.476848        0.486589
MDMin:  1139 04:58:24    -2397.475791        0.487597
MDMin:  1140 04:58:27    -2397.476281        0.488637
MDMin:  1141 04:58:29    -2397.476914        0.490115
MDMin:  1142 04:58:31    -2397.476459        0.492092
MDMin:  1143 04:58:33    -2397.475804        0.493324
MDMin:  1144 04:58:35    -2397.476299        0.494586
MDMin:  1145 04:58:37    -2397.476684        0.496353
MDMin:  1146 04:58:39    -2397.475281        0.497553
MDMin:  1147 04:58:41    -2397.475746        0.498833
MDMin:  1148 04:58:43    -2397.476354        0.500652
MDMin:  1149 04:58:45    -2397.476299        0.503073
MDMin:  1150 04:58:47    -2397.475227        0.504623
MDMin:  1151 04:58:49    -2397.475724        0.506220
MDMin:  1152 04:58:51    -2397.476358        0.508430
MDMin:  1153 04:58:53    -2397.475961        0.511319
MDMin:  1154 04:58:55    -2397.475167        0.513154
MDMin:  1155 04:58:57    -2397.475675        0.515028
MDMin:  1156 04:58:58    -2397.476237        0.517585
MDMin:  1157 04:59:00    -2397.474583        0.519339
MDMin:  1158 04:59:02    -2397.475063        0.521200
MDMin:  1159 04:59:04    -2397.475681        0.523770
MDMin:  1160 04:59:06    -2397.475909        0.527106
MDMin:  1161 04:59:08    -2397.474459        0.529282
MDMin:  1162 04:59:10    -2397.474978        0.531512
MDMin:  1163 04:59:12    -2397.475626        0.534510
MDMin:  1164 04:59:15    -2397.475634        0.538325
MDMin:  1165 04:59:17    -2397.474324        0.540789
MDMin:  1166 04:59:19    -2397.474859        0.543289
MDMin:  1167 04:59:21    -2397.475519        0.546590
MDMin:  1168 04:59:23    -2397.475394        0.550725
MDMin:  1169 04:59:24    -2397.474146        0.553391
MDMin:  1170 04:59:26    -2397.474695        0.556075
MDMin:  1171 04:59:28    -2397.475364        0.559555
MDMin:  1172 04:59:30    -2397.475185        0.563839
MDMin:  1173 04:59:32    -2397.473918        0.566594
MDMin:  1174 04:59:34    -2397.474482        0.569345
MDMin:  1175 04:59:36    -2397.475163        0.572849
MDMin:  1176 04:59:38    -2397.475010        0.577081
MDMin:  1177 04:59:40    -2397.473640        0.579771
MDMin:  1178 04:59:42    -2397.474222        0.582416
MDMin:  1179 04:59:44    -2397.474916        0.585702
MDMin:  1180 04:59:46    -2397.474874        0.589554
MDMin:  1181 04:59:48    -2397.473311        0.591922
MDMin:  1182 04:59:50    -2397.473914        0.594179
MDMin:  1183 04:59:52    -2397.474625        0.596874
MDMin:  1184 04:59:54    -2397.474783        0.599874
MDMin:  1185 04:59:56    -2397.472932        0.601539
MDMin:  1186 04:59:58    -2397.473559        0.602996
MDMin:  1187 05:00:00    -2397.474289        0.604581
MDMin:  1188 05:00:02    -2397.474742        0.606088
MDMin:  1189 05:00:04    -2397.472508        0.606533
MDMin:  1190 05:00:06    -2397.473160        0.606642
MDMin:  1191 05:00:08    -2397.473911        0.606444
MDMin:  1192 05:00:10    -2397.474744        0.605655
MDMin:  1193 05:00:12    -2397.474054        0.603879
MDMin:  1194 05:00:14    -2397.472623        0.601438
MDMin:  1195 05:00:16    -2397.473335        0.598382
MDMin:  1196 05:00:18    -2397.474133        0.594109
MDMin:  1197 05:00:20    -2397.474202        0.588159
MDMin:  1198 05:00:22    -2397.472068        0.582616
MDMin:  1199 05:00:24    -2397.472772        0.576360
MDMin:  1200 05:00:26    -2397.473565        0.568116
MDMin:  1201 05:00:28    -2397.474387        0.557321
MDMin:  1202 05:00:30    -2397.471544        0.548293
MDMin:  1203 05:00:33    -2397.472239        0.538533
MDMin:  1204 05:00:35    -2397.473027        0.525973
MDMin:  1205 05:00:37    -2397.473891        0.510026
MDMin:  1206 05:00:39    -2397.473924        0.489987
MDMin:  1207 05:00:41    -2397.471737        0.475408
MDMin:  1208 05:00:43    -2397.472423        0.460732
MDMin:  1209 05:00:45    -2397.473198        0.442584
MDMin:  1210 05:00:47    -2397.474047        0.420707
MDMin:  1211 05:00:49    -2397.473609        0.394979
MDMin:  1212 05:00:51    -2397.472071        0.379481
MDMin:  1213 05:00:53    -2397.472668        0.365033
MDMin:  1214 05:00:55    -2397.473354        0.347743
MDMin:  1215 05:00:57    -2397.474070        0.365430
MDMin:  1216 05:00:59    -2397.471851        0.316653
MDMin:  1217 05:01:01    -2397.472329        0.306204
MDMin:  1218 05:01:03    -2397.472904        0.300692
MDMin:  1219 05:01:05    -2397.473564        0.297885
MDMin:  1220 05:01:06    -2397.473886        0.366922
MDMin:  1221 05:01:08    -2397.472195        0.292158
MDMin:  1222 05:01:10    -2397.472615        0.290073
MDMin:  1223 05:01:12    -2397.473128        0.287333
MDMin:  1224 05:01:14    -2397.473725        0.283884
MDMin:  1225 05:01:16    -2397.473771        0.366944
MDMin:  1226 05:01:18    -2397.472500        0.277433
MDMin:  1227 05:01:20    -2397.472867        0.275262
MDMin:  1228 05:01:22    -2397.473326        0.272422
MDMin:  1229 05:01:24    -2397.473867        0.268895
MDMin:  1230 05:01:26    -2397.473685        0.366466
MDMin:  1231 05:01:28    -2397.472746        0.262525
MDMin:  1232 05:01:30    -2397.473076        0.260451
MDMin:  1233 05:01:32    -2397.473496        0.257724
MDMin:  1234 05:01:34    -2397.473998        0.254346
MDMin:  1235 05:01:36    -2397.473619        0.365759
MDMin:  1236 05:01:38    -2397.472947        0.248350
MDMin:  1237 05:01:40    -2397.473252        0.246431
MDMin:  1238 05:01:42    -2397.473645        0.243892
MDMin:  1239 05:01:43    -2397.473966        0.360155
MDMin:  1240 05:01:45    -2397.472736        0.239113
MDMin:  1241 05:01:47    -2397.473011        0.237454
MDMin:  1242 05:01:49    -2397.473376        0.235203
MDMin:  1243 05:01:50    -2397.473823        0.232373
MDMin:  1244 05:01:51    -2397.473869        0.361034
MDMin:  1245 05:01:53    -2397.472881        0.227351
MDMin:  1246 05:01:55    -2397.473158        0.225741
MDMin:  1247 05:01:57    -2397.473523        0.223582
MDMin:  1248 05:01:59    -2397.473967        0.220891
MDMin:  1249 05:02:01    -2397.473854        0.360645
MDMin:  1250 05:02:03    -2397.473040        0.216209
MDMin:  1251 05:02:05    -2397.473307        0.215931
MDMin:  1252 05:02:07    -2397.473661        0.215546
MDMin:  1253 05:02:09    -2397.474092        0.215047
MDMin:  1254 05:02:11    -2397.473879        0.359699
MDMin:  1255 05:02:13    -2397.473187        0.214107
MDMin:  1256 05:02:15    -2397.473445        0.213787
MDMin:  1257 05:02:17    -2397.473786        0.213346
MDMin:  1258 05:02:18    -2397.474205        0.212779
MDMin:  1259 05:02:20    -2397.473934        0.358415
MDMin:  1260 05:02:22    -2397.473322        0.211731
MDMin:  1261 05:02:24    -2397.473570        0.211380
MDMin:  1262 05:02:26    -2397.473902        0.210898
MDMin:  1263 05:02:27    -2397.474308        0.210280
MDMin:  1264 05:02:29    -2397.474018        0.356875
MDMin:  1265 05:02:31    -2397.473445        0.209152
MDMin:  1266 05:02:33    -2397.473686        0.208779
MDMin:  1267 05:02:35    -2397.474008        0.208266
MDMin:  1268 05:02:37    -2397.474405        0.207610
MDMin:  1269 05:02:39    -2397.474128        0.355116
MDMin:  1270 05:02:41    -2397.473559        0.206422
MDMin:  1271 05:02:43    -2397.473794        0.206033
MDMin:  1272 05:02:45    -2397.474109        0.205498
MDMin:  1273 05:02:47    -2397.474497        0.204813
MDMin:  1274 05:02:49    -2397.474265        0.353160
MDMin:  1275 05:02:51    -2397.473667        0.203581
MDMin:  1276 05:02:53    -2397.473896        0.203181
MDMin:  1277 05:02:54    -2397.474204        0.202629
MDMin:  1278 05:02:56    -2397.474584        0.201924
MDMin:  1279 05:02:58    -2397.474427        0.351021
MDMin:  1280 05:03:00    -2397.473769        0.200660
MDMin:  1281 05:03:02    -2397.473993        0.200251
MDMin:  1282 05:03:04    -2397.474294        0.199687
MDMin:  1283 05:03:06    -2397.474667        0.198967
MDMin:  1284 05:03:08    -2397.474613        0.348707
MDMin:  1285 05:03:10    -2397.473867        0.197681
MDMin:  1286 05:03:12    -2397.474086        0.197266
MDMin:  1287 05:03:14    -2397.474381        0.196694
MDMin:  1288 05:03:16    -2397.474748        0.195963
MDMin:  1289 05:03:18    -2397.474823        0.346224
MDMin:  1290 05:03:20    -2397.473960        0.194662
MDMin:  1291 05:03:22    -2397.474175        0.194245
MDMin:  1292 05:03:24    -2397.474465        0.193667
MDMin:  1293 05:03:26    -2397.474826        0.192929
MDMin:  1294 05:03:28    -2397.475056        0.343578
MDMin:  1295 05:03:30    -2397.474050        0.191620
MDMin:  1296 05:03:32    -2397.474261        0.191200
MDMin:  1297 05:03:33    -2397.474547        0.190620
MDMin:  1298 05:03:35    -2397.474902        0.189878
MDMin:  1299 05:03:37    -2397.475309        0.340770
MDMin:  1300 05:03:39    -2397.474137        0.188565
MDMin:  1301 05:03:41    -2397.474344        0.188145
MDMin:  1302 05:03:43    -2397.474625        0.187564
MDMin:  1303 05:03:46    -2397.474975        0.186822
MDMin:  1304 05:03:47    -2397.475387        0.185919
MDMin:  1305 05:03:49    -2397.475316        0.341297
MDMin:  1306 05:03:50    -2397.474567        0.184403
MDMin:  1307 05:03:52    -2397.474779        0.183955
MDMin:  1308 05:03:54    -2397.475061        0.183347
MDMin:  1309 05:03:56    -2397.475409        0.182579
MDMin:  1310 05:03:58    -2397.475704        0.336232
MDMin:  1311 05:03:59    -2397.474649        0.181238
MDMin:  1312 05:04:01    -2397.474848        0.180817
MDMin:  1313 05:04:03    -2397.475117        0.180235
MDMin:  1314 05:04:04    -2397.475451        0.179494
MDMin:  1315 05:04:06    -2397.475846        0.178596
MDMin:  1316 05:04:08    -2397.475792        0.335351
MDMin:  1317 05:04:10    -2397.475042        0.177097
MDMin:  1318 05:04:12    -2397.475244        0.176657
MDMin:  1319 05:04:14    -2397.475514        0.176059
MDMin:  1320 05:04:16    -2397.475847        0.175304
MDMin:  1321 05:04:18    -2397.476223        0.329580
MDMin:  1322 05:04:20    -2397.475104        0.173993
MDMin:  1323 05:04:22    -2397.475294        0.173581
MDMin:  1324 05:04:24    -2397.475552        0.173013
MDMin:  1325 05:04:26    -2397.475872        0.172290
MDMin:  1326 05:04:28    -2397.476251        0.171415
MDMin:  1327 05:04:30    -2397.476354        0.327888
MDMin:  1328 05:04:33    -2397.475467        0.169960
MDMin:  1329 05:04:35    -2397.475661        0.169533
MDMin:  1330 05:04:37    -2397.475920        0.168954
MDMin:  1331 05:04:39    -2397.476240        0.168223
MDMin:  1332 05:04:41    -2397.476616        0.167342
MDMin:  1333 05:04:43    -2397.476572        0.324400
MDMin:  1334 05:04:44    -2397.475832        0.165891
MDMin:  1335 05:04:46    -2397.476022        0.165471
MDMin:  1336 05:04:48    -2397.476275        0.164901
MDMin:  1337 05:04:50    -2397.476588        0.164184
MDMin:  1338 05:04:52    -2397.476955        0.163320
MDMin:  1339 05:04:53    -2397.476808        0.320157
MDMin:  1340 05:04:55    -2397.476180        0.161902
MDMin:  1341 05:04:57    -2397.476365        0.161492
MDMin:  1342 05:04:59    -2397.476612        0.160937
MDMin:  1343 05:05:01    -2397.476916        0.160238
MDMin:  1344 05:05:03    -2397.477274        0.313112
MDMin:  1345 05:05:05    -2397.476210        0.159033
MDMin:  1346 05:05:07    -2397.476382        0.158657
MDMin:  1347 05:05:09    -2397.476617        0.158139
MDMin:  1348 05:05:11    -2397.476910        0.157480
MDMin:  1349 05:05:13    -2397.477257        0.156681
MDMin:  1350 05:05:15    -2397.477397        0.312297
MDMin:  1351 05:05:17    -2397.476518        0.155364
MDMin:  1352 05:05:19    -2397.476695        0.154980
MDMin:  1353 05:05:21    -2397.476931        0.154459
MDMin:  1354 05:05:23    -2397.477225        0.153801
MDMin:  1355 05:05:25    -2397.477571        0.153009
MDMin:  1356 05:05:27    -2397.477556        0.313326
MDMin:  1357 05:05:29    -2397.476838        0.151711
MDMin:  1358 05:05:31    -2397.477011        0.151338
MDMin:  1359 05:05:33    -2397.477242        0.150832
MDMin:  1360 05:05:35    -2397.477529        0.150194
MDMin:  1361 05:05:37    -2397.477869        0.149426
