       Step     Time          Energy          fmax
MDMin:    0 15:54:29    -2397.819247        0.148113
MDMin:    1 15:54:31    -2397.819241        0.148101
MDMin:    2 15:54:33    -2397.819223        0.148066
MDMin:    3 15:54:35    -2397.819193        0.148008
MDMin:    4 15:54:37    -2397.819151        0.147926
MDMin:    5 15:54:39    -2397.819097        0.147821
MDMin:    6 15:54:41    -2397.819032        0.147692
MDMin:    7 15:54:42    -2397.818954        0.147539
MDMin:    8 15:54:43    -2397.818866        0.147362
MDMin:    9 15:54:45    -2397.818765        0.147161
MDMin:   10 15:54:47    -2397.818654        0.146936
MDMin:   11 15:54:49    -2397.818532        0.146686
MDMin:   12 15:54:52    -2397.818400        0.146411
MDMin:   13 15:54:54    -2397.818257        0.146110
MDMin:   14 15:54:55    -2397.818104        0.145784
MDMin:   15 15:54:56    -2397.817942        0.145433
MDMin:   16 15:54:58    -2397.817770        0.145054
MDMin:   17 15:55:00    -2397.817590        0.144650
MDMin:   18 15:55:01    -2397.817401        0.144218
MDMin:   19 15:55:03    -2397.817205        0.143759
MDMin:   20 15:55:04    -2397.817002        0.143273
MDMin:   21 15:55:06    -2397.816793        0.142758
MDMin:   22 15:55:07    -2397.816577        0.142216
MDMin:   23 15:55:08    -2397.816356        0.141644
MDMin:   24 15:55:09    -2397.816131        0.141044
MDMin:   25 15:55:10    -2397.815902        0.140414
MDMin:   26 15:55:12    -2397.815670        0.139754
MDMin:   27 15:55:14    -2397.815436        0.139065
MDMin:   28 15:55:16    -2397.815200        0.138346
MDMin:   29 15:55:18    -2397.814963        0.137597
MDMin:   30 15:55:20    -2397.814727        0.136818
MDMin:   31 15:55:22    -2397.814492        0.136008
MDMin:   32 15:55:23    -2397.814258        0.135168
MDMin:   33 15:55:25    -2397.814027        0.134298
MDMin:   34 15:55:27    -2397.813800        0.133397
MDMin:   35 15:55:28    -2397.813576        0.132467
MDMin:   36 15:55:30    -2397.813358        0.131507
MDMin:   37 15:55:32    -2397.813145        0.130517
MDMin:   38 15:55:33    -2397.812939        0.129498
MDMin:   39 15:55:35    -2397.812739        0.128451
MDMin:   40 15:55:36    -2397.812547        0.127376
MDMin:   41 15:55:38    -2397.812363        0.126274
MDMin:   42 15:55:40    -2397.812187        0.125145
MDMin:   43 15:55:41    -2397.812020        0.123991
MDMin:   44 15:55:43    -2397.811862        0.122811
MDMin:   45 15:55:44    -2397.811713        0.121608
MDMin:   46 15:55:45    -2397.811574        0.120382
MDMin:   47 15:55:47    -2397.811444        0.119134
MDMin:   48 15:55:49    -2397.811324        0.117865
MDMin:   49 15:55:51    -2397.811213        0.116577
MDMin:   50 15:55:53    -2397.811111        0.115271
MDMin:   51 15:55:55    -2397.811018        0.113949
MDMin:   52 15:55:57    -2397.810935        0.112610
MDMin:   53 15:55:59    -2397.810859        0.111379
MDMin:   54 15:56:00    -2397.810792        0.110507
MDMin:   55 15:56:01    -2397.810732        0.109623
MDMin:   56 15:56:03    -2397.810680        0.108728
MDMin:   57 15:56:04    -2397.810634        0.107823
MDMin:   58 15:56:05    -2397.810594        0.106910
MDMin:   59 15:56:07    -2397.810560        0.105990
MDMin:   60 15:56:09    -2397.810532        0.105066
MDMin:   61 15:56:10    -2397.810508        0.104138
MDMin:   62 15:56:12    -2397.810488        0.103208
MDMin:   63 15:56:13    -2397.810473        0.102277
MDMin:   64 15:56:15    -2397.810460        0.101349
MDMin:   65 15:56:17    -2397.810451        0.100425
MDMin:   66 15:56:19    -2397.810444        0.099506
MDMin:   67 15:56:21    -2397.810439        0.098595
MDMin:   68 15:56:22    -2397.810436        0.097693
MDMin:   69 15:56:23    -2397.810434        0.096802
MDMin:   70 15:56:25    -2397.810434        0.095923
MDMin:   71 15:56:26    -2397.810435        0.095059
MDMin:   72 15:56:28    -2397.810437        0.094209
MDMin:   73 15:56:29    -2397.810439        0.093376
MDMin:   74 15:56:31    -2397.810442        0.092560
MDMin:   75 15:56:33    -2397.810445        0.091763
MDMin:   76 15:56:34    -2397.810448        0.090986
MDMin:   77 15:56:36    -2397.810451        0.090229
MDMin:   78 15:56:38    -2397.810455        0.089977
MDMin:   79 15:56:40    -2397.810458        0.090568
MDMin:   80 15:56:42    -2397.810461        0.091184
MDMin:   81 15:56:43    -2397.810465        0.091824
MDMin:   82 15:56:45    -2397.810468        0.092487
MDMin:   83 15:56:47    -2397.810471        0.093175
MDMin:   84 15:56:49    -2397.810474        0.093886
MDMin:   85 15:56:51    -2397.810476        0.094621
MDMin:   86 15:56:53    -2397.810479        0.095379
MDMin:   87 15:56:55    -2397.810482        0.096159
MDMin:   88 15:56:57    -2397.810484        0.096960
MDMin:   89 15:56:59    -2397.810486        0.097782
MDMin:   90 15:57:01    -2397.810488        0.098622
MDMin:   91 15:57:02    -2397.810490        0.099480
MDMin:   92 15:57:04    -2397.810492        0.100353
MDMin:   93 15:57:06    -2397.810494        0.101240
MDMin:   94 15:57:08    -2397.810496        0.102138
MDMin:   95 15:57:10    -2397.810498        0.103042
MDMin:   96 15:57:12    -2397.810499        0.103958
MDMin:   97 15:57:14    -2397.810501        0.104862
MDMin:   98 15:57:17    -2397.810502        0.105801
MDMin:   99 15:57:18    -2397.810504        0.106641
MDMin:  100 15:57:20    -2397.810505        0.107718
MDMin:  101 15:57:22    -2397.810507        0.108130
MDMin:  102 15:57:24    -2397.810508        0.110258
MDMin:  103 15:57:25    -2397.810510        0.107739
MDMin:  104 15:57:27    -2397.810511        0.117455
MDMin:  105 15:57:29    -2397.810511        0.109036
MDMin:  106 15:57:30    -2397.810512        0.111566
MDMin:  107 15:57:31    -2397.810512        0.111597
MDMin:  108 15:57:32    -2397.810512        0.111772
MDMin:  109 15:57:34    -2397.810513        0.111948
MDMin:  110 15:57:36    -2397.810513        0.112126
MDMin:  111 15:57:37    -2397.810514        0.112304
MDMin:  112 15:57:39    -2397.810514        0.112483
MDMin:  113 15:57:41    -2397.810514        0.112662
MDMin:  114 15:57:43    -2397.810515        0.112841
MDMin:  115 15:57:45    -2397.810515        0.113018
MDMin:  116 15:57:47    -2397.810516        0.113194
MDMin:  117 15:57:49    -2397.810516        0.113367
MDMin:  118 15:57:51    -2397.810516        0.113537
MDMin:  119 15:57:52    -2397.810517        0.113704
MDMin:  120 15:57:54    -2397.810517        0.113865
MDMin:  121 15:57:55    -2397.810518        0.114022
MDMin:  122 15:57:57    -2397.810518        0.114172
MDMin:  123 15:57:59    -2397.810519        0.114316
MDMin:  124 15:58:00    -2397.810519        0.114451
MDMin:  125 15:58:02    -2397.810519        0.114578
MDMin:  126 15:58:04    -2397.810520        0.114696
MDMin:  127 15:58:05    -2397.810520        0.114802
MDMin:  128 15:58:07    -2397.810521        0.114898
MDMin:  129 15:58:08    -2397.810521        0.114980
MDMin:  130 15:58:10    -2397.810522        0.115049
MDMin:  131 15:58:12    -2397.810522        0.115104
MDMin:  132 15:58:13    -2397.810523        0.115142
MDMin:  133 15:58:15    -2397.810523        0.115164
MDMin:  134 15:58:16    -2397.810524        0.115168
MDMin:  135 15:58:17    -2397.810524        0.115153
MDMin:  136 15:58:18    -2397.810525        0.115117
MDMin:  137 15:58:20    -2397.810525        0.115060
MDMin:  138 15:58:22    -2397.810526        0.114980
MDMin:  139 15:58:24    -2397.810526        0.114877
MDMin:  140 15:58:25    -2397.810527        0.114748
MDMin:  141 15:58:26    -2397.810527        0.114593
MDMin:  142 15:58:28    -2397.810528        0.114411
MDMin:  143 15:58:29    -2397.810528        0.114200
MDMin:  144 15:58:31    -2397.810529        0.113959
MDMin:  145 15:58:32    -2397.810529        0.113688
MDMin:  146 15:58:35    -2397.810530        0.113384
MDMin:  147 15:58:37    -2397.810530        0.113047
MDMin:  148 15:58:38    -2397.810531        0.112676
MDMin:  149 15:58:40    -2397.810532        0.112269
MDMin:  150 15:58:42    -2397.810532        0.111826
MDMin:  151 15:58:44    -2397.810533        0.111346
MDMin:  152 15:58:46    -2397.810533        0.110828
MDMin:  153 15:58:47    -2397.810534        0.110271
MDMin:  154 15:58:49    -2397.810534        0.109674
MDMin:  155 15:58:50    -2397.810535        0.109036
MDMin:  156 15:58:51    -2397.810535        0.108358
MDMin:  157 15:58:53    -2397.810536        0.107637
MDMin:  158 15:58:54    -2397.810537        0.106874
MDMin:  159 15:58:56    -2397.810537        0.106068
MDMin:  160 15:58:58    -2397.810538        0.105220
MDMin:  161 15:59:00    -2397.810538        0.104325
MDMin:  162 15:59:02    -2397.810539        0.103393
MDMin:  163 15:59:04    -2397.810540        0.102404
MDMin:  164 15:59:06    -2397.810540        0.101393
MDMin:  165 15:59:07    -2397.810541        0.100299
MDMin:  166 15:59:09    -2397.810541        0.099232
MDMin:  167 15:59:11    -2397.810542        0.097986
MDMin:  168 15:59:12    -2397.810543        0.096957
MDMin:  169 15:59:14    -2397.810543        0.095373
MDMin:  170 15:59:16    -2397.810544        0.094777
MDMin:  171 15:59:18    -2397.810544        0.092027
MDMin:  172 15:59:20    -2397.810545        0.093737
MDMin:  173 15:59:22    -2397.810546        0.086165
MDMin:  174 15:59:24    -2397.810546        0.098382
MDMin:  175 15:59:26    -2397.810547        0.115294
MDMin:  176 15:59:28    -2397.810547        0.091046
MDMin:  177 15:59:30    -2397.810547        0.086001
MDMin:  178 15:59:31    -2397.810547        0.086325
MDMin:  179 15:59:33    -2397.810548        0.085548
MDMin:  180 15:59:35    -2397.810548        0.085004
MDMin:  181 15:59:36    -2397.810548        0.084381
MDMin:  182 15:59:38    -2397.810548        0.083761
MDMin:  183 15:59:40    -2397.810549        0.083120
MDMin:  184 15:59:42    -2397.810549        0.082465
MDMin:  185 15:59:44    -2397.810549        0.081794
MDMin:  186 15:59:46    -2397.810549        0.081107
MDMin:  187 15:59:48    -2397.810550        0.080405
MDMin:  188 15:59:50    -2397.810550        0.079688
MDMin:  189 15:59:52    -2397.810550        0.078954
MDMin:  190 15:59:53    -2397.810551        0.078205
MDMin:  191 15:59:55    -2397.810551        0.077441
MDMin:  192 15:59:56    -2397.810551        0.076841
MDMin:  193 15:59:58    -2397.810551        0.076786
MDMin:  194 16:00:00    -2397.810552        0.076727
MDMin:  195 16:00:02    -2397.810552        0.076665
MDMin:  196 16:00:04    -2397.810552        0.076599
MDMin:  197 16:00:06    -2397.810553        0.076530
MDMin:  198 16:00:08    -2397.810553        0.076457
MDMin:  199 16:00:10    -2397.810553        0.076380
MDMin:  200 16:00:11    -2397.810554        0.076300
MDMin:  201 16:00:13    -2397.810554        0.076216
MDMin:  202 16:00:14    -2397.810554        0.076128
MDMin:  203 16:00:16    -2397.810555        0.076036
MDMin:  204 16:00:18    -2397.810555        0.075939
MDMin:  205 16:00:20    -2397.810555        0.075839
MDMin:  206 16:00:22    -2397.810556        0.075734
MDMin:  207 16:00:24    -2397.810556        0.075626
MDMin:  208 16:00:26    -2397.810557        0.075513
MDMin:  209 16:00:28    -2397.810557        0.075396
MDMin:  210 16:00:30    -2397.810557        0.075275
MDMin:  211 16:00:32    -2397.810558        0.075150
MDMin:  212 16:00:34    -2397.810558        0.075020
MDMin:  213 16:00:35    -2397.810558        0.074887
MDMin:  214 16:00:37    -2397.810559        0.074749
MDMin:  215 16:00:39    -2397.810559        0.074608
MDMin:  216 16:00:41    -2397.810560        0.074462
MDMin:  217 16:00:43    -2397.810560        0.074313
MDMin:  218 16:00:44    -2397.810561        0.074160
MDMin:  219 16:00:45    -2397.810561        0.074004
MDMin:  220 16:00:47    -2397.810561        0.073844
MDMin:  221 16:00:49    -2397.810562        0.073681
MDMin:  222 16:00:50    -2397.810562        0.073515
MDMin:  223 16:00:52    -2397.810563        0.073346
MDMin:  224 16:00:54    -2397.810563        0.073174
MDMin:  225 16:00:56    -2397.810564        0.073000
MDMin:  226 16:00:58    -2397.810564        0.072823
MDMin:  227 16:00:59    -2397.810565        0.072645
MDMin:  228 16:01:01    -2397.810565        0.072464
MDMin:  229 16:01:03    -2397.810566        0.072283
MDMin:  230 16:01:05    -2397.810566        0.072099
MDMin:  231 16:01:07    -2397.810566        0.071917
MDMin:  232 16:01:08    -2397.810567        0.071727
MDMin:  233 16:01:09    -2397.810567        0.071556
MDMin:  234 16:01:11    -2397.810568        0.071340
MDMin:  235 16:01:13    -2397.810568        0.071233
MDMin:  236 16:01:15    -2397.810569        0.070901
MDMin:  237 16:01:17    -2397.810569        0.075913
MDMin:  238 16:01:19    -2397.810569        0.070855
MDMin:  239 16:01:20    -2397.810569        0.070788
MDMin:  240 16:01:21    -2397.810570        0.070732
MDMin:  241 16:01:23    -2397.810570        0.070675
MDMin:  242 16:01:25    -2397.810570        0.070618
MDMin:  243 16:01:27    -2397.810570        0.070560
MDMin:  244 16:01:28    -2397.810570        0.070501
MDMin:  245 16:01:29    -2397.810570        0.070442
MDMin:  246 16:01:31    -2397.810571        0.070382
MDMin:  247 16:01:33    -2397.810571        0.070321
MDMin:  248 16:01:35    -2397.810571        0.070260
MDMin:  249 16:01:36    -2397.810571        0.070198
MDMin:  250 16:01:38    -2397.810571        0.070136
MDMin:  251 16:01:39    -2397.810571        0.070073
MDMin:  252 16:01:40    -2397.810572        0.070010
MDMin:  253 16:01:42    -2397.810572        0.069946
MDMin:  254 16:01:43    -2397.810572        0.069882
MDMin:  255 16:01:44    -2397.810572        0.069817
MDMin:  256 16:01:45    -2397.810572        0.069751
MDMin:  257 16:01:46    -2397.810573        0.069685
MDMin:  258 16:01:47    -2397.810573        0.069619
MDMin:  259 16:01:49    -2397.810573        0.069552
MDMin:  260 16:01:50    -2397.810573        0.069485
MDMin:  261 16:01:51    -2397.810573        0.069417
MDMin:  262 16:01:52    -2397.810574        0.069349
MDMin:  263 16:01:53    -2397.810574        0.069281
MDMin:  264 16:01:54    -2397.810574        0.069212
MDMin:  265 16:01:55    -2397.810574        0.069142
MDMin:  266 16:01:57    -2397.810575        0.069073
MDMin:  267 16:01:58    -2397.810575        0.069003
MDMin:  268 16:01:59    -2397.810575        0.068932
MDMin:  269 16:02:00    -2397.810575        0.068861
MDMin:  270 16:02:02    -2397.810576        0.068790
MDMin:  271 16:02:03    -2397.810576        0.068718
MDMin:  272 16:02:05    -2397.810576        0.068646
MDMin:  273 16:02:08    -2397.810576        0.068573
MDMin:  274 16:02:10    -2397.810577        0.068500
MDMin:  275 16:02:11    -2397.810577        0.068427
MDMin:  276 16:02:12    -2397.810577        0.068352
MDMin:  277 16:02:14    -2397.810577        0.068278
MDMin:  278 16:02:16    -2397.810578        0.068202
MDMin:  279 16:02:18    -2397.810578        0.068126
MDMin:  280 16:02:20    -2397.810578        0.068050
MDMin:  281 16:02:22    -2397.810578        0.067972
MDMin:  282 16:02:23    -2397.810579        0.067894
MDMin:  283 16:02:25    -2397.810579        0.067815
MDMin:  284 16:02:27    -2397.810579        0.067735
MDMin:  285 16:02:29    -2397.810580        0.067653
MDMin:  286 16:02:30    -2397.810580        0.067571
MDMin:  287 16:02:31    -2397.810580        0.067487
MDMin:  288 16:02:32    -2397.810580        0.067401
MDMin:  289 16:02:34    -2397.810581        0.067314
MDMin:  290 16:02:36    -2397.810581        0.067225
MDMin:  291 16:02:38    -2397.810581        0.067134
MDMin:  292 16:02:40    -2397.810582        0.067041
MDMin:  293 16:02:42    -2397.810582        0.066946
MDMin:  294 16:02:43    -2397.810582        0.066848
MDMin:  295 16:02:45    -2397.810583        0.066748
MDMin:  296 16:02:47    -2397.810583        0.066644
MDMin:  297 16:02:49    -2397.810583        0.066538
MDMin:  298 16:02:51    -2397.810584        0.066427
MDMin:  299 16:02:52    -2397.810584        0.066313
MDMin:  300 16:02:54    -2397.810584        0.066196
MDMin:  301 16:02:56    -2397.810585        0.066073
MDMin:  302 16:02:57    -2397.810585        0.065947
MDMin:  303 16:02:59    -2397.810585        0.065815
MDMin:  304 16:03:00    -2397.810586        0.065678
MDMin:  305 16:03:01    -2397.810586        0.065536
MDMin:  306 16:03:03    -2397.810586        0.065388
MDMin:  307 16:03:05    -2397.810587        0.065234
MDMin:  308 16:03:07    -2397.810587        0.065073
MDMin:  309 16:03:09    -2397.810587        0.064908
MDMin:  310 16:03:11    -2397.810588        0.064735
MDMin:  311 16:03:13    -2397.810588        0.064559
MDMin:  312 16:03:14    -2397.810588        0.064371
MDMin:  313 16:03:16    -2397.810589        0.064188
MDMin:  314 16:03:17    -2397.810589        0.063978
MDMin:  315 16:03:19    -2397.810589        0.063797
MDMin:  316 16:03:21    -2397.810590        0.063544
MDMin:  317 16:03:23    -2397.810590        0.063404
MDMin:  318 16:03:25    -2397.810590        0.063035
MDMin:  319 16:03:27    -2397.810591        0.063074
MDMin:  320 16:03:28    -2397.810591        0.062323
MDMin:  321 16:03:30    -2397.810591        0.063048
MDMin:  322 16:03:31    -2397.810592        0.061035
MDMin:  323 16:03:32    -2397.810592        0.063735
MDMin:  324 16:03:34    -2397.810592        0.060673
MDMin:  325 16:03:36    -2397.810592        0.061743
MDMin:  326 16:03:38    -2397.810592        0.061592
MDMin:  327 16:03:39    -2397.810593        0.061494
MDMin:  328 16:03:41    -2397.810593        0.061394
MDMin:  329 16:03:43    -2397.810593        0.061291
MDMin:  330 16:03:45    -2397.810593        0.061186
MDMin:  331 16:03:47    -2397.810593        0.061079
MDMin:  332 16:03:48    -2397.810593        0.060970
MDMin:  333 16:03:50    -2397.810593        0.060859
MDMin:  334 16:03:52    -2397.810594        0.060745
MDMin:  335 16:03:54    -2397.810594        0.060630
MDMin:  336 16:03:56    -2397.810594        0.060512
MDMin:  337 16:03:58    -2397.810594        0.060392
MDMin:  338 16:03:59    -2397.810594        0.060271
MDMin:  339 16:04:01    -2397.810594        0.060147
MDMin:  340 16:04:03    -2397.810594        0.060022
MDMin:  341 16:04:05    -2397.810595        0.059895
MDMin:  342 16:04:06    -2397.810595        0.059767
MDMin:  343 16:04:07    -2397.810595        0.059637
MDMin:  344 16:04:08    -2397.810595        0.059506
MDMin:  345 16:04:09    -2397.810595        0.059374
MDMin:  346 16:04:11    -2397.810595        0.059241
MDMin:  347 16:04:12    -2397.810595        0.059107
MDMin:  348 16:04:14    -2397.810596        0.058973
MDMin:  349 16:04:16    -2397.810596        0.059382
MDMin:  350 16:04:17    -2397.810596        0.060196
MDMin:  351 16:04:19    -2397.810596        0.061035
MDMin:  352 16:04:20    -2397.810596        0.061899
MDMin:  353 16:04:21    -2397.810596        0.062789
MDMin:  354 16:04:22    -2397.810597        0.063705
MDMin:  355 16:04:23    -2397.810597        0.064648
MDMin:  356 16:04:25    -2397.810597        0.065618
MDMin:  357 16:04:26    -2397.810597        0.066618
MDMin:  358 16:04:28    -2397.810597        0.067646
MDMin:  359 16:04:30    -2397.810598        0.068705
MDMin:  360 16:04:32    -2397.810598        0.069795
MDMin:  361 16:04:34    -2397.810598        0.070916
MDMin:  362 16:04:35    -2397.810598        0.072069
MDMin:  363 16:04:37    -2397.810598        0.073256
MDMin:  364 16:04:39    -2397.810598        0.074477
MDMin:  365 16:04:41    -2397.810599        0.075732
MDMin:  366 16:04:43    -2397.810599        0.077022
MDMin:  367 16:04:44    -2397.810599        0.078349
MDMin:  368 16:04:46    -2397.810599        0.079712
MDMin:  369 16:04:47    -2397.810599        0.081113
MDMin:  370 16:04:48    -2397.810600        0.082551
MDMin:  371 16:04:49    -2397.810600        0.084029
MDMin:  372 16:04:51    -2397.810600        0.085545
MDMin:  373 16:04:53    -2397.810600        0.087101
MDMin:  374 16:04:55    -2397.810600        0.088696
MDMin:  375 16:04:57    -2397.810600        0.090332
MDMin:  376 16:04:59    -2397.810601        0.092008
MDMin:  377 16:05:01    -2397.810601        0.093725
MDMin:  378 16:05:03    -2397.810601        0.095482
MDMin:  379 16:05:05    -2397.810601        0.097280
MDMin:  380 16:05:07    -2397.810601        0.099119
MDMin:  381 16:05:09    -2397.810602        0.100997
MDMin:  382 16:05:11    -2397.810602        0.102915
MDMin:  383 16:05:13    -2397.810602        0.104872
MDMin:  384 16:05:15    -2397.810602        0.106866
MDMin:  385 16:05:17    -2397.810602        0.108898
MDMin:  386 16:05:19    -2397.810603        0.110966
MDMin:  387 16:05:21    -2397.810603        0.113069
MDMin:  388 16:05:23    -2397.810603        0.115205
MDMin:  389 16:05:25    -2397.810603        0.117372
MDMin:  390 16:05:26    -2397.810603        0.119568
MDMin:  391 16:05:27    -2397.810603        0.121790
MDMin:  392 16:05:29    -2397.810604        0.124037
MDMin:  393 16:05:31    -2397.810604        0.126305
MDMin:  394 16:05:33    -2397.810604        0.128591
MDMin:  395 16:05:34    -2397.810604        0.130891
MDMin:  396 16:05:36    -2397.810604        0.133202
MDMin:  397 16:05:37    -2397.810605        0.135519
MDMin:  398 16:05:39    -2397.810605        0.137837
MDMin:  399 16:05:40    -2397.810605        0.140152
MDMin:  400 16:05:42    -2397.810605        0.142457
MDMin:  401 16:05:43    -2397.810605        0.144747
MDMin:  402 16:05:45    -2397.810605        0.147016
MDMin:  403 16:05:47    -2397.810606        0.149256
MDMin:  404 16:05:48    -2397.810606        0.151461
MDMin:  405 16:05:49    -2397.810606        0.153623
MDMin:  406 16:05:51    -2397.810606        0.155734
MDMin:  407 16:05:53    -2397.810606        0.157786
MDMin:  408 16:05:55    -2397.810606        0.159768
MDMin:  409 16:05:57    -2397.810607        0.161672
MDMin:  410 16:05:59    -2397.810607        0.163486
MDMin:  411 16:06:00    -2397.810607        0.165200
MDMin:  412 16:06:02    -2397.810607        0.166802
MDMin:  413 16:06:04    -2397.810607        0.168281
MDMin:  414 16:06:06    -2397.810607        0.169624
MDMin:  415 16:06:07    -2397.810608        0.170818
MDMin:  416 16:06:08    -2397.810608        0.171851
MDMin:  417 16:06:09    -2397.810608        0.172710
MDMin:  418 16:06:11    -2397.810608        0.173380
MDMin:  419 16:06:12    -2397.810608        0.173850
MDMin:  420 16:06:14    -2397.810609        0.174108
MDMin:  421 16:06:15    -2397.810609        0.174154
MDMin:  422 16:06:17    -2397.810609        0.173981
MDMin:  423 16:06:18    -2397.810609        0.173577
MDMin:  424 16:06:20    -2397.810609        0.172931
MDMin:  425 16:06:22    -2397.810609        0.172034
MDMin:  426 16:06:23    -2397.810610        0.170878
MDMin:  427 16:06:25    -2397.810610        0.169457
MDMin:  428 16:06:27    -2397.810610        0.167767
MDMin:  429 16:06:28    -2397.810610        0.165806
MDMin:  430 16:06:30    -2397.810610        0.163575
MDMin:  431 16:06:32    -2397.810611        0.161078
MDMin:  432 16:06:34    -2397.810611        0.158323
MDMin:  433 16:06:36    -2397.810611        0.155318
MDMin:  434 16:06:38    -2397.810611        0.152077
MDMin:  435 16:06:40    -2397.810611        0.148617
MDMin:  436 16:06:42    -2397.810612        0.144956
MDMin:  437 16:06:43    -2397.810612        0.141117
MDMin:  438 16:06:44    -2397.810612        0.137124
MDMin:  439 16:06:46    -2397.810612        0.133002
MDMin:  440 16:06:48    -2397.810612        0.128778
MDMin:  441 16:06:50    -2397.810613        0.124479
MDMin:  442 16:06:51    -2397.810613        0.120134
MDMin:  443 16:06:52    -2397.810613        0.120473
MDMin:  444 16:06:54    -2397.810613        0.125175
MDMin:  445 16:06:55    -2397.810613        0.129828
MDMin:  446 16:06:56    -2397.810614        0.134418
MDMin:  447 16:06:58    -2397.810614        0.138952
MDMin:  448 16:06:59    -2397.810614        0.143422
MDMin:  449 16:07:00    -2397.810614        0.147840
MDMin:  450 16:07:02    -2397.810615        0.152207
MDMin:  451 16:07:04    -2397.810615        0.156528
MDMin:  452 16:07:06    -2397.810615        0.160837
MDMin:  453 16:07:07    -2397.810615        0.165079
MDMin:  454 16:07:09    -2397.810615        0.169413
MDMin:  455 16:07:11    -2397.810616        0.173560
MDMin:  456 16:07:12    -2397.810616        0.178084
MDMin:  457 16:07:14    -2397.810616        0.181993
MDMin:  458 16:07:16    -2397.810616        0.187048
MDMin:  459 16:07:17    -2397.810616        0.190251
MDMin:  460 16:07:19    -2397.810617        0.196398
MDMin:  461 16:07:21    -2397.810617        0.197979
MDMin:  462 16:07:22    -2397.810617        0.205180
MDMin:  463 16:07:24    -2397.810617        0.205365
MDMin:  464 16:07:26    -2397.810617        0.211738
MDMin:  465 16:07:28    -2397.810617        0.212843
MDMin:  466 16:07:29    -2397.810617        0.217718
MDMin:  467 16:07:32    -2397.810617        0.220164
MDMin:  468 16:07:33    -2397.810618        0.224349
MDMin:  469 16:07:35    -2397.810618        0.227596
MDMin:  470 16:07:37    -2397.810618        0.231643
MDMin:  471 16:07:38    -2397.810618        0.235387
MDMin:  472 16:07:40    -2397.810618        0.239548
MDMin:  473 16:07:41    -2397.810618        0.243673
MDMin:  474 16:07:43    -2397.810618        0.248066
MDMin:  475 16:07:44    -2397.810618        0.252543
MDMin:  476 16:07:46    -2397.810619        0.257235
MDMin:  477 16:07:48    -2397.810619        0.262069
MDMin:  478 16:07:50    -2397.810619        0.267106
MDMin:  479 16:07:52    -2397.810619        0.272321
MDMin:  480 16:07:53    -2397.810619        0.277743
MDMin:  481 16:07:55    -2397.810619        0.283367
MDMin:  482 16:07:57    -2397.810619        0.289211
MDMin:  483 16:07:59    -2397.810619        0.295278
MDMin:  484 16:08:00    -2397.810620        0.301583
MDMin:  485 16:08:02    -2397.810620        0.308132
MDMin:  486 16:08:04    -2397.810620        0.314937
MDMin:  487 16:08:05    -2397.810620        0.322007
MDMin:  488 16:08:07    -2397.810620        0.329354
MDMin:  489 16:08:08    -2397.810620        0.336989
MDMin:  490 16:08:10    -2397.810620        0.344923
MDMin:  491 16:08:12    -2397.810620        0.353169
MDMin:  492 16:08:14    -2397.810620        0.361738
MDMin:  493 16:08:16    -2397.810621        0.370645
MDMin:  494 16:08:18    -2397.810621        0.379903
MDMin:  495 16:08:20    -2397.810621        0.389526
MDMin:  496 16:08:21    -2397.810621        0.399531
MDMin:  497 16:08:23    -2397.810621        0.409932
MDMin:  498 16:08:25    -2397.810621        0.420747
MDMin:  499 16:08:27    -2397.810621        0.431995
MDMin:  500 16:08:29    -2397.810621        0.443693
MDMin:  501 16:08:30    -2397.810621        0.455864
MDMin:  502 16:08:32    -2397.810622        0.468527
MDMin:  503 16:08:33    -2397.810622        0.481706
MDMin:  504 16:08:34    -2397.810622        0.495425
MDMin:  505 16:08:35    -2397.810622        0.509709
MDMin:  506 16:08:37    -2397.810622        0.524585
MDMin:  507 16:08:39    -2397.810622        0.540084
MDMin:  508 16:08:41    -2397.810622        0.556236
MDMin:  509 16:08:43    -2397.810622        0.573077
MDMin:  510 16:08:44    -2397.810622        0.590646
MDMin:  511 16:08:45    -2397.810622        0.608988
MDMin:  512 16:08:47    -2397.810622        0.628153
MDMin:  513 16:08:48    -2397.810623        0.648201
MDMin:  514 16:08:49    -2397.810623        0.669205
MDMin:  515 16:08:51    -2397.810623        0.691254
MDMin:  516 16:08:53    -2397.810623        0.714470
MDMin:  517 16:08:55    -2397.810623        0.739002
MDMin:  518 16:08:57    -2397.810623        0.765019
MDMin:  519 16:08:59    -2397.810623        0.792779
MDMin:  520 16:09:00    -2397.810623        0.822634
MDMin:  521 16:09:02    -2397.810623        0.855120
MDMin:  522 16:09:04    -2397.810623        0.891226
MDMin:  523 16:09:06    -2397.810623        0.932638
MDMin:  524 16:09:08    -2397.810623        0.983043
MDMin:  525 16:09:10    -2397.810624        1.053985
MDMin:  526 16:09:12    -2397.810624        1.329429
MDMin:  527 16:09:13    -2397.810624        1.432528
MDMin:  528 16:09:15    -2397.810624        1.490509
MDMin:  529 16:09:17    -2397.810624        1.517938
MDMin:  530 16:09:18    -2397.810624        1.527262
MDMin:  531 16:09:20    -2397.810624        1.528267
MDMin:  532 16:09:22    -2397.810624        1.525792
MDMin:  533 16:09:24    -2397.810624        1.521539
MDMin:  534 16:09:25    -2397.810624        1.515975
MDMin:  535 16:09:27    -2397.810624        1.509289
MDMin:  536 16:09:29    -2397.810624        1.501689
MDMin:  537 16:09:32    -2397.810624        1.493404
MDMin:  538 16:09:34    -2397.810624        1.484633
MDMin:  539 16:09:36    -2397.810624        1.475520
MDMin:  540 16:09:38    -2397.810624        1.466122
MDMin:  541 16:09:40    -2397.810625        1.456408
MDMin:  542 16:09:41    -2397.810625        1.446273
MDMin:  543 16:09:43    -2397.810625        1.435551
MDMin:  544 16:09:45    -2397.810625        1.424023
MDMin:  545 16:09:47    -2397.810625        1.411428
MDMin:  546 16:09:49    -2397.810625        1.397481
MDMin:  547 16:09:51    -2397.810625        1.381888
MDMin:  548 16:09:53    -2397.810625        1.364347
MDMin:  549 16:09:54    -2397.810625        1.344605
MDMin:  550 16:09:57    -2397.810625        1.322653
MDMin:  551 16:09:58    -2397.810625        1.298437
MDMin:  552 16:09:59    -2397.810625        1.271945
MDMin:  553 16:10:01    -2397.810625        1.243225
MDMin:  554 16:10:03    -2397.810626        1.212383
MDMin:  555 16:10:05    -2397.810626        1.179609
MDMin:  556 16:10:07    -2397.810626        1.145283
MDMin:  557 16:10:09    -2397.810626        1.109234
MDMin:  558 16:10:11    -2397.810626        0.990238
MDMin:  559 16:10:13    -2397.810626        0.974439
MDMin:  560 16:10:15    -2397.810626        0.950406
MDMin:  561 16:10:17    -2397.810626        0.929276
MDMin:  562 16:10:19    -2397.810626        0.928793
MDMin:  563 16:10:21    -2397.810626        0.926486
MDMin:  564 16:10:22    -2397.810626        0.912083
MDMin:  565 16:10:24    -2397.810626        0.908403
MDMin:  566 16:10:26    -2397.810626        0.905680
MDMin:  567 16:10:27    -2397.810626        0.896119
MDMin:  568 16:10:28    -2397.810626        0.895907
MDMin:  569 16:10:30    -2397.810626        0.892050
MDMin:  570 16:10:32    -2397.810626        0.883842
MDMin:  571 16:10:33    -2397.810626        0.884840
MDMin:  572 16:10:35    -2397.810626        0.884673
MDMin:  573 16:10:36    -2397.810626        0.880249
MDMin:  574 16:10:38    -2397.810626        0.870679
MDMin:  575 16:10:39    -2397.810626        0.857864
MDMin:  576 16:10:40    -2397.810626        0.848908
MDMin:  577 16:10:42    -2397.810626        0.848865
MDMin:  578 16:10:44    -2397.810626        0.850383
MDMin:  579 16:10:46    -2397.810626        0.840426
MDMin:  580 16:10:48    -2397.810626        0.838724
MDMin:  581 16:10:50    -2397.810626        0.837238
MDMin:  582 16:10:52    -2397.810626        0.830279
MDMin:  583 16:10:54    -2397.810627        0.831185
MDMin:  584 16:10:56    -2397.810627        0.829717
MDMin:  585 16:10:57    -2397.810627        0.822743
MDMin:  586 16:10:59    -2397.810627        0.814714
MDMin:  587 16:11:00    -2397.810627        0.813167
MDMin:  588 16:11:02    -2397.810627        0.814278
MDMin:  589 16:11:04    -2397.810627        0.806414
MDMin:  590 16:11:05    -2397.810627        0.805395
MDMin:  591 16:11:07    -2397.810627        0.805095
MDMin:  592 16:11:10    -2397.810627        0.798267
MDMin:  593 16:11:12    -2397.810627        0.795759
MDMin:  594 16:11:14    -2397.810627        0.796567
MDMin:  595 16:11:16    -2397.810627        0.790520
MDMin:  596 16:11:17    -2397.810627        0.788975
MDMin:  597 16:11:20    -2397.810627        0.789119
MDMin:  598 16:11:21    -2397.810627        0.783445
MDMin:  599 16:11:23    -2397.810627        0.780849
MDMin:  600 16:11:25    -2397.810627        0.781655
MDMin:  601 16:11:27    -2397.810627        0.776547
MDMin:  602 16:11:28    -2397.810627        0.774056
MDMin:  603 16:11:30    -2397.810627        0.774727
MDMin:  604 16:11:32    -2397.810627        0.769830
MDMin:  605 16:11:34    -2397.810627        0.767205
MDMin:  606 16:11:35    -2397.810627        0.767963
MDMin:  607 16:11:37    -2397.810627        0.763405
MDMin:  608 16:11:39    -2397.810627        0.760468
MDMin:  609 16:11:40    -2397.810627        0.761285
MDMin:  610 16:11:41    -2397.810627        0.756429
MDMin:  611 16:11:43    -2397.810627        0.755973
MDMin:  612 16:11:44    -2397.810627        0.755274
MDMin:  613 16:11:45    -2397.810627        0.750248
MDMin:  614 16:11:47    -2397.810627        0.748923
MDMin:  615 16:11:49    -2397.810627        0.749405
MDMin:  616 16:11:51    -2397.810627        0.745476
MDMin:  617 16:11:52    -2397.810627        0.740105
MDMin:  618 16:11:53    -2397.810627        0.739661
MDMin:  619 16:11:54    -2397.810627        0.740144
MDMin:  620 16:11:56    -2397.810627        0.736245
MDMin:  621 16:11:58    -2397.810627        0.729204
MDMin:  622 16:12:00    -2397.810627        0.725859
MDMin:  623 16:12:02    -2397.810627        0.726930
MDMin:  624 16:12:04    -2397.810627        0.727175
MDMin:  625 16:12:05    -2397.810627        0.724061
MDMin:  626 16:12:07    -2397.810627        0.716886
MDMin:  627 16:12:09    -2397.810627        0.706737
MDMin:  628 16:12:10    -2397.810627        0.698322
MDMin:  629 16:12:12    -2397.810627        0.696537
MDMin:  630 16:12:13    -2397.810627        0.698292
MDMin:  631 16:12:15    -2397.810627        0.700040
MDMin:  632 16:12:17    -2397.810627        0.700959
MDMin:  633 16:12:19    -2397.810627        0.700929
MDMin:  634 16:12:21    -2397.810627        0.700335
MDMin:  635 16:12:22    -2397.810627        0.699761
MDMin:  636 16:12:24    -2397.810627        0.699776
MDMin:  637 16:12:26    -2397.810627        0.700773
MDMin:  638 16:12:28    -2397.810627        0.739917
MDMin:  639 16:12:30    -2397.810627        0.810878
MDMin:  640 16:12:32    -2397.810627        0.842210
MDMin:  641 16:12:34    -2397.810627        0.838711
MDMin:  642 16:12:36    -2397.810627        0.814793
MDMin:  643 16:12:38    -2397.810627        0.784507
MDMin:  644 16:12:40    -2397.810627        0.756053
MDMin:  645 16:12:42    -2397.810627        0.731950
MDMin:  646 16:12:44    -2397.810627        0.711520
MDMin:  647 16:12:46    -2397.810627        0.696286
MDMin:  648 16:12:48    -2397.810627        0.687340
MDMin:  649 16:12:49    -2397.810627        0.675945
MDMin:  650 16:12:51    -2397.810628        0.661849
MDMin:  651 16:12:53    -2397.810628        0.644812
MDMin:  652 16:12:55    -2397.810628        0.624626
MDMin:  653 16:12:57    -2397.810628        0.601126
MDMin:  654 16:12:58    -2397.810628        0.574206
MDMin:  655 16:13:00    -2397.810628        0.543838
MDMin:  656 16:13:02    -2397.810628        0.510097
MDMin:  657 16:13:04    -2397.810628        0.473186
MDMin:  658 16:13:05    -2397.810628        0.433483
MDMin:  659 16:13:06    -2397.810628        0.391604
MDMin:  660 16:13:08    -2397.810628        0.348492
MDMin:  661 16:13:10    -2397.810628        0.305539
MDMin:  662 16:13:12    -2397.810629        0.264688
MDMin:  663 16:13:13    -2397.810629        0.228345
MDMin:  664 16:13:14    -2397.810629        0.198840
MDMin:  665 16:13:15    -2397.810629        0.177439
MDMin:  666 16:13:17    -2397.810629        0.163752
MDMin:  667 16:13:18    -2397.810630        0.156225
MDMin:  668 16:13:19    -2397.810630        0.153092
MDMin:  669 16:13:21    -2397.810630        0.152914
MDMin:  670 16:13:23    -2397.810630        0.154662
MDMin:  671 16:13:25    -2397.810630        0.157623
MDMin:  672 16:13:27    -2397.810631        0.161298
MDMin:  673 16:13:29    -2397.810631        0.165304
MDMin:  674 16:13:30    -2397.810631        0.169399
MDMin:  675 16:13:32    -2397.810631        0.173212
MDMin:  676 16:13:33    -2397.810632        0.176960
MDMin:  677 16:13:34    -2397.810632        0.178973
MDMin:  678 16:13:36    -2397.810632        0.181655
MDMin:  679 16:13:38    -2397.810632        0.181491
MDMin:  680 16:13:40    -2397.810632        0.182097
MDMin:  681 16:13:42    -2397.810632        0.182638
MDMin:  682 16:13:43    -2397.810632        0.183115
MDMin:  683 16:13:44    -2397.810632        0.183529
MDMin:  684 16:13:46    -2397.810632        0.183875
MDMin:  685 16:13:48    -2397.810632        0.184149
MDMin:  686 16:13:49    -2397.810632        0.184345
MDMin:  687 16:13:51    -2397.810632        0.184458
MDMin:  688 16:13:53    -2397.810633        0.184485
MDMin:  689 16:13:55    -2397.810633        0.184421
MDMin:  690 16:13:56    -2397.810633        0.184262
MDMin:  691 16:13:58    -2397.810633        0.184005
MDMin:  692 16:14:00    -2397.810633        0.183646
MDMin:  693 16:14:01    -2397.810633        0.183185
MDMin:  694 16:14:03    -2397.810633        0.182619
MDMin:  695 16:14:05    -2397.810633        0.181948
MDMin:  696 16:14:06    -2397.810633        0.181172
MDMin:  697 16:14:07    -2397.810633        0.180294
MDMin:  698 16:14:09    -2397.810633        0.179316
MDMin:  699 16:14:11    -2397.810633        0.178243
MDMin:  700 16:14:13    -2397.810634        0.177080
MDMin:  701 16:14:15    -2397.810634        0.175832
MDMin:  702 16:14:16    -2397.810634        0.174507
MDMin:  703 16:14:18    -2397.810634        0.173113
MDMin:  704 16:14:19    -2397.810634        0.171659
MDMin:  705 16:14:20    -2397.810634        0.170153
MDMin:  706 16:14:21    -2397.810634        0.168603
MDMin:  707 16:14:23    -2397.810634        0.167019
MDMin:  708 16:14:25    -2397.810634        0.165408
MDMin:  709 16:14:27    -2397.810634        0.163777
MDMin:  710 16:14:29    -2397.810635        0.162131
MDMin:  711 16:14:31    -2397.810635        0.160669
MDMin:  712 16:14:32    -2397.810635        0.162218
MDMin:  713 16:14:33    -2397.810635        0.163794
MDMin:  714 16:14:34    -2397.810635        0.165391
MDMin:  715 16:14:36    -2397.810635        0.167005
MDMin:  716 16:14:37    -2397.810635        0.168604
MDMin:  717 16:14:39    -2397.810635        0.170184
MDMin:  718 16:14:41    -2397.810636        0.171709
MDMin:  719 16:14:42    -2397.810636        0.173174
MDMin:  720 16:14:43    -2397.810636        0.174542
MDMin:  721 16:14:45    -2397.810636        0.175816
MDMin:  722 16:14:46    -2397.810636        0.176947
MDMin:  723 16:14:48    -2397.810636        0.177951
MDMin:  724 16:14:50    -2397.810636        0.178763
MDMin:  725 16:14:51    -2397.810637        0.179425
MDMin:  726 16:14:53    -2397.810637        0.179839
MDMin:  727 16:14:54    -2397.810637        0.180106
MDMin:  728 16:14:55    -2397.810637        0.180076
MDMin:  729 16:14:57    -2397.810637        0.179961
MDMin:  730 16:14:58    -2397.810637        0.179426
MDMin:  731 16:15:00    -2397.810637        0.178985
MDMin:  732 16:15:02    -2397.810637        0.177814
MDMin:  733 16:15:03    -2397.810638        0.177254
MDMin:  734 16:15:04    -2397.810638        0.175027
MDMin:  735 16:15:06    -2397.810638        0.175106
MDMin:  736 16:15:07    -2397.810638        0.170354
MDMin:  737 16:15:09    -2397.810638        0.174096
MDMin:  738 16:15:11    -2397.810638        0.161031
MDMin:  739 16:15:12    -2397.810639        0.181941
MDMin:  740 16:15:13    -2397.810639        0.157400
MDMin:  741 16:15:15    -2397.810639        0.220203
MDMin:  742 16:15:18    -2397.810639        0.161099
MDMin:  743 16:15:20    -2397.810639        0.166456
MDMin:  744 16:15:22    -2397.810639        0.155522
MDMin:  745 16:15:23    -2397.810639        0.156337
MDMin:  746 16:15:25    -2397.810639        0.154671
MDMin:  747 16:15:26    -2397.810639        0.153581
MDMin:  748 16:15:28    -2397.810639        0.152270
MDMin:  749 16:15:29    -2397.810639        0.150975
MDMin:  750 16:15:31    -2397.810640        0.149616
MDMin:  751 16:15:32    -2397.810640        0.148223
MDMin:  752 16:15:34    -2397.810640        0.146785
MDMin:  753 16:15:36    -2397.810640        0.145307
MDMin:  754 16:15:38    -2397.810640        0.143788
MDMin:  755 16:15:40    -2397.810640        0.142229
MDMin:  756 16:15:42    -2397.810640        0.140631
MDMin:  757 16:15:44    -2397.810640        0.138995
MDMin:  758 16:15:46    -2397.810640        0.137322
MDMin:  759 16:15:48    -2397.810640        0.135612
MDMin:  760 16:15:50    -2397.810640        0.133868
MDMin:  761 16:15:52    -2397.810640        0.132091
MDMin:  762 16:15:54    -2397.810641        0.130282
MDMin:  763 16:15:56    -2397.810641        0.128443
MDMin:  764 16:15:58    -2397.810641        0.126575
MDMin:  765 16:15:59    -2397.810641        0.124680
MDMin:  766 16:16:01    -2397.810641        0.122760
MDMin:  767 16:16:03    -2397.810641        0.120817
MDMin:  768 16:16:05    -2397.810641        0.118852
MDMin:  769 16:16:08    -2397.810641        0.116868
MDMin:  770 16:16:10    -2397.810641        0.114866
MDMin:  771 16:16:12    -2397.810642        0.112849
MDMin:  772 16:16:14    -2397.810642        0.110819
MDMin:  773 16:16:16    -2397.810642        0.108778
MDMin:  774 16:16:18    -2397.810642        0.106727
MDMin:  775 16:16:20    -2397.810642        0.104669
MDMin:  776 16:16:22    -2397.810642        0.102606
MDMin:  777 16:16:23    -2397.810642        0.100542
MDMin:  778 16:16:26    -2397.810642        0.098474
MDMin:  779 16:16:28    -2397.810643        0.096412
MDMin:  780 16:16:30    -2397.810643        0.094345
MDMin:  781 16:16:32    -2397.810643        0.092302
MDMin:  782 16:16:34    -2397.810643        0.090227
MDMin:  783 16:16:36    -2397.810643        0.088250
MDMin:  784 16:16:38    -2397.810643        0.086085
MDMin:  785 16:16:40    -2397.810644        0.084402
MDMin:  786 16:16:42    -2397.810644        0.081608
MDMin:  787 16:16:44    -2397.810644        0.081725
MDMin:  788 16:16:45    -2397.810644        0.074798
MDMin:  789 16:16:46    -2397.810644        0.089854
MDMin:  790 16:16:47    -2397.810644        0.101688
MDMin:  791 16:16:49    -2397.810644        0.113787
MDMin:  792 16:16:51    -2397.810645        0.080917
MDMin:  793 16:16:53    -2397.810645        0.073962
MDMin:  794 16:16:55    -2397.810645        0.072658
MDMin:  795 16:16:57    -2397.810645        0.072135
MDMin:  796 16:16:59    -2397.810645        0.071703
MDMin:  797 16:17:01    -2397.810645        0.071272
MDMin:  798 16:17:03    -2397.810645        0.070832
MDMin:  799 16:17:05    -2397.810645        0.070382
MDMin:  800 16:17:07    -2397.810645        0.069924
MDMin:  801 16:17:09    -2397.810645        0.069457
MDMin:  802 16:17:11    -2397.810645        0.068982
MDMin:  803 16:17:13    -2397.810645        0.068499
MDMin:  804 16:17:15    -2397.810645        0.068008
MDMin:  805 16:17:16    -2397.810645        0.067509
MDMin:  806 16:17:18    -2397.810645        0.067003
MDMin:  807 16:17:19    -2397.810645        0.066491
MDMin:  808 16:17:20    -2397.810645        0.065972
MDMin:  809 16:17:22    -2397.810645        0.065446
MDMin:  810 16:17:24    -2397.810645        0.064915
MDMin:  811 16:17:25    -2397.810646        0.064378
MDMin:  812 16:17:26    -2397.810646        0.063836
MDMin:  813 16:17:28    -2397.810646        0.063289
MDMin:  814 16:17:30    -2397.810646        0.062738
MDMin:  815 16:17:32    -2397.810646        0.062182
MDMin:  816 16:17:34    -2397.810646        0.061623
MDMin:  817 16:17:35    -2397.810646        0.061061
MDMin:  818 16:17:37    -2397.810646        0.060495
MDMin:  819 16:17:40    -2397.810646        0.059927
MDMin:  820 16:17:41    -2397.810646        0.059357
MDMin:  821 16:17:43    -2397.810646        0.058785
MDMin:  822 16:17:45    -2397.810646        0.058211
MDMin:  823 16:17:47    -2397.810646        0.057637
MDMin:  824 16:17:49    -2397.810647        0.057062
MDMin:  825 16:17:52    -2397.810647        0.056487
MDMin:  826 16:17:54    -2397.810647        0.055913
MDMin:  827 16:17:56    -2397.810647        0.055339
MDMin:  828 16:17:58    -2397.810647        0.054766
MDMin:  829 16:18:00    -2397.810647        0.054196
MDMin:  830 16:18:02    -2397.810647        0.053627
MDMin:  831 16:18:04    -2397.810647        0.053061
MDMin:  832 16:18:06    -2397.810647        0.052498
MDMin:  833 16:18:07    -2397.810647        0.051939
MDMin:  834 16:18:09    -2397.810648        0.051384
MDMin:  835 16:18:11    -2397.810648        0.050833
MDMin:  836 16:18:13    -2397.810648        0.050288
MDMin:  837 16:18:15    -2397.810648        0.049748
       Step     Time          Energy          fmax
MDMin:    0 19:51:46    -2397.819338        0.148531
MDMin:    1 19:51:48    -2397.819332        0.148519
MDMin:    2 19:51:50    -2397.819314        0.148484
MDMin:    3 19:51:52    -2397.819283        0.148426
MDMin:    4 19:51:54    -2397.819241        0.148344
MDMin:    5 19:51:56    -2397.819187        0.148238
MDMin:    6 19:51:58    -2397.819121        0.148109
MDMin:    7 19:52:00    -2397.819043        0.147956
MDMin:    8 19:52:02    -2397.818953        0.147778
MDMin:    9 19:52:04    -2397.818852        0.147577
MDMin:   10 19:52:06    -2397.818740        0.147350
MDMin:   11 19:52:08    -2397.818617        0.147099
MDMin:   12 19:52:10    -2397.818483        0.146824
MDMin:   13 19:52:12    -2397.818339        0.146522
MDMin:   14 19:52:14    -2397.818185        0.146196
MDMin:   15 19:52:16    -2397.818022        0.145843
MDMin:   16 19:52:18    -2397.817849        0.145464
MDMin:   17 19:52:20    -2397.817667        0.145059
MDMin:   18 19:52:22    -2397.817477        0.144627
MDMin:   19 19:52:24    -2397.817279        0.144168
MDMin:   20 19:52:26    -2397.817075        0.143681
MDMin:   21 19:52:27    -2397.816863        0.143166
MDMin:   22 19:52:29    -2397.816646        0.142622
MDMin:   23 19:52:31    -2397.816423        0.142051
MDMin:   24 19:52:33    -2397.816196        0.141450
MDMin:   25 19:52:35    -2397.815965        0.140820
MDMin:   26 19:52:37    -2397.815731        0.140160
MDMin:   27 19:52:39    -2397.815494        0.139470
MDMin:   28 19:52:41    -2397.815256        0.138751
MDMin:   29 19:52:43    -2397.815017        0.138001
MDMin:   30 19:52:45    -2397.814779        0.137221
MDMin:   31 19:52:46    -2397.814541        0.136410
MDMin:   32 19:52:48    -2397.814305        0.135569
MDMin:   33 19:52:50    -2397.814072        0.134698
MDMin:   34 19:52:51    -2397.813842        0.133796
MDMin:   35 19:52:52    -2397.813616        0.132864
MDMin:   36 19:52:53    -2397.813395        0.131902
MDMin:   37 19:52:55    -2397.813180        0.130911
MDMin:   38 19:52:57    -2397.812971        0.129890
MDMin:   39 19:52:58    -2397.812769        0.128840
MDMin:   40 19:53:00    -2397.812574        0.127762
MDMin:   41 19:53:02    -2397.812388        0.126657
MDMin:   42 19:53:04    -2397.812210        0.125524
MDMin:   43 19:53:06    -2397.812041        0.124366
MDMin:   44 19:53:08    -2397.811881        0.123182
MDMin:   45 19:53:10    -2397.811730        0.121974
MDMin:   46 19:53:12    -2397.811589        0.120742
MDMin:   47 19:53:14    -2397.811457        0.119489
MDMin:   48 19:53:17    -2397.811335        0.118214
MDMin:   49 19:53:19    -2397.811223        0.116920
MDMin:   50 19:53:21    -2397.811120        0.115607
MDMin:   51 19:53:23    -2397.811026        0.114277
MDMin:   52 19:53:26    -2397.810941        0.112931
MDMin:   53 19:53:28    -2397.810864        0.111673
MDMin:   54 19:53:30    -2397.810796        0.110795
MDMin:   55 19:53:32    -2397.810735        0.109904
MDMin:   56 19:53:34    -2397.810682        0.109003
MDMin:   57 19:53:36    -2397.810635        0.108092
MDMin:   58 19:53:38    -2397.810595        0.107172
MDMin:   59 19:53:40    -2397.810561        0.106246
MDMin:   60 19:53:42    -2397.810532        0.105314
MDMin:   61 19:53:43    -2397.810507        0.104379
MDMin:   62 19:53:45    -2397.810488        0.103443
MDMin:   63 19:53:47    -2397.810471        0.102505
MDMin:   64 19:53:49    -2397.810459        0.101570
MDMin:   65 19:53:51    -2397.810449        0.100639
MDMin:   66 19:53:53    -2397.810442        0.099713
MDMin:   67 19:53:55    -2397.810437        0.098794
MDMin:   68 19:53:57    -2397.810434        0.097885
MDMin:   69 19:53:58    -2397.810433        0.096988
MDMin:   70 19:54:00    -2397.810433        0.096102
MDMin:   71 19:54:02    -2397.810434        0.095231
MDMin:   72 19:54:04    -2397.810435        0.094374
MDMin:   73 19:54:06    -2397.810438        0.093535
MDMin:   74 19:54:08    -2397.810440        0.092713
MDMin:   75 19:54:10    -2397.810443        0.091910
MDMin:   76 19:54:12    -2397.810447        0.091128
MDMin:   77 19:54:14    -2397.810450        0.090365
MDMin:   78 19:54:16    -2397.810454        0.089736
MDMin:   79 19:54:18    -2397.810457        0.090325
MDMin:   80 19:54:20    -2397.810460        0.090938
MDMin:   81 19:54:22    -2397.810464        0.091575
MDMin:   82 19:54:24    -2397.810467        0.092236
MDMin:   83 19:54:25    -2397.810470        0.092922
MDMin:   84 19:54:27    -2397.810473        0.093631
MDMin:   85 19:54:29    -2397.810476        0.094364
MDMin:   86 19:54:31    -2397.810478        0.095121
MDMin:   87 19:54:33    -2397.810481        0.095900
MDMin:   88 19:54:35    -2397.810483        0.096700
MDMin:   89 19:54:37    -2397.810486        0.097522
MDMin:   90 19:54:39    -2397.810488        0.098363
MDMin:   91 19:54:40    -2397.810490        0.099222
MDMin:   92 19:54:42    -2397.810492        0.100097
MDMin:   93 19:54:44    -2397.810494        0.100987
MDMin:   94 19:54:46    -2397.810495        0.101888
MDMin:   95 19:54:48    -2397.810497        0.102800
MDMin:   96 19:54:50    -2397.810499        0.103714
MDMin:   97 19:54:52    -2397.810501        0.104645
MDMin:   98 19:54:53    -2397.810502        0.105542
MDMin:   99 19:54:55    -2397.810504        0.106519
MDMin:  100 19:54:57    -2397.810505        0.107278
MDMin:  101 19:54:59    -2397.810507        0.108563
MDMin:  102 19:55:01    -2397.810508        0.108432
MDMin:  103 19:55:03    -2397.810509        0.111922
MDMin:  104 19:55:05    -2397.810510        0.136765
MDMin:  105 19:55:06    -2397.810511        0.138377
MDMin:  106 19:55:09    -2397.810512        0.110874
MDMin:  107 19:55:10    -2397.810512        0.111683
MDMin:  108 19:55:12    -2397.810512        0.111813
MDMin:  109 19:55:14    -2397.810513        0.112005
MDMin:  110 19:55:16    -2397.810513        0.112192
MDMin:  111 19:55:18    -2397.810514        0.112381
MDMin:  112 19:55:20    -2397.810514        0.112570
MDMin:  113 19:55:22    -2397.810514        0.112760
MDMin:  114 19:55:23    -2397.810515        0.112949
MDMin:  115 19:55:25    -2397.810515        0.113136
MDMin:  116 19:55:27    -2397.810516        0.113322
MDMin:  117 19:55:29    -2397.810516        0.113505
MDMin:  118 19:55:31    -2397.810517        0.113684
MDMin:  119 19:55:33    -2397.810517        0.113858
MDMin:  120 19:55:35    -2397.810518        0.114028
MDMin:  121 19:55:37    -2397.810518        0.114191
MDMin:  122 19:55:39    -2397.810518        0.114347
MDMin:  123 19:55:40    -2397.810519        0.114496
MDMin:  124 19:55:42    -2397.810519        0.114635
MDMin:  125 19:55:44    -2397.810520        0.114765
MDMin:  126 19:55:46    -2397.810520        0.114883
MDMin:  127 19:55:48    -2397.810521        0.114990
MDMin:  128 19:55:50    -2397.810521        0.115083
MDMin:  129 19:55:52    -2397.810522        0.115163
MDMin:  130 19:55:54    -2397.810522        0.115227
MDMin:  131 19:55:55    -2397.810523        0.115274
MDMin:  132 19:55:57    -2397.810523        0.115305
MDMin:  133 19:55:59    -2397.810524        0.115316
MDMin:  134 19:56:01    -2397.810524        0.115307
MDMin:  135 19:56:03    -2397.810525        0.115277
MDMin:  136 19:56:05    -2397.810525        0.115225
MDMin:  137 19:56:07    -2397.810526        0.115149
MDMin:  138 19:56:09    -2397.810526        0.115048
MDMin:  139 19:56:11    -2397.810527        0.114921
MDMin:  140 19:56:13    -2397.810527        0.114767
MDMin:  141 19:56:15    -2397.810528        0.114584
MDMin:  142 19:56:17    -2397.810528        0.114371
MDMin:  143 19:56:18    -2397.810529        0.114127
MDMin:  144 19:56:20    -2397.810530        0.113850
MDMin:  145 19:56:22    -2397.810530        0.113541
MDMin:  146 19:56:24    -2397.810531        0.113196
MDMin:  147 19:56:26    -2397.810531        0.112816
MDMin:  148 19:56:28    -2397.810532        0.112399
MDMin:  149 19:56:29    -2397.810532        0.111944
MDMin:  150 19:56:30    -2397.810533        0.111451
MDMin:  151 19:56:31    -2397.810533        0.110918
MDMin:  152 19:56:33    -2397.810534        0.110344
MDMin:  153 19:56:35    -2397.810535        0.109729
MDMin:  154 19:56:36    -2397.810535        0.109073
MDMin:  155 19:56:38    -2397.810536        0.108373
MDMin:  156 19:56:40    -2397.810536        0.107630
MDMin:  157 19:56:42    -2397.810537        0.106842
MDMin:  158 19:56:43    -2397.810537        0.106013
MDMin:  159 19:56:44    -2397.810538        0.105135
MDMin:  160 19:56:45    -2397.810539        0.104219
MDMin:  161 19:56:47    -2397.810539        0.103245
MDMin:  162 19:56:48    -2397.810540        0.102248
MDMin:  163 19:56:49    -2397.810540        0.101165
MDMin:  164 19:56:51    -2397.810541        0.100113
MDMin:  165 19:56:53    -2397.810542        0.098870
MDMin:  166 19:56:55    -2397.810542        0.097866
MDMin:  167 19:56:57    -2397.810543        0.096254
MDMin:  168 19:56:59    -2397.810544        0.095745
MDMin:  169 19:57:01    -2397.810544        0.092829
MDMin:  170 19:57:03    -2397.810545        0.094942
MDMin:  171 19:57:05    -2397.810545        0.086642
MDMin:  172 19:57:07    -2397.810546        0.100157
MDMin:  173 19:57:08    -2397.810546        0.111367
MDMin:  174 19:57:10    -2397.810547        0.090955
MDMin:  175 19:57:12    -2397.810547        0.087369
MDMin:  176 19:57:14    -2397.810547        0.087391
MDMin:  177 19:57:16    -2397.810547        0.086689
MDMin:  178 19:57:18    -2397.810548        0.086130
MDMin:  179 19:57:20    -2397.810548        0.085515
MDMin:  180 19:57:22    -2397.810548        0.084897
MDMin:  181 19:57:24    -2397.810548        0.084259
MDMin:  182 19:57:26    -2397.810549        0.083607
MDMin:  183 19:57:28    -2397.810549        0.082939
MDMin:  184 19:57:30    -2397.810549        0.082255
MDMin:  185 19:57:33    -2397.810549        0.081556
MDMin:  186 19:57:35    -2397.810550        0.080840
MDMin:  187 19:57:37    -2397.810550        0.080109
MDMin:  188 19:57:39    -2397.810550        0.079362
MDMin:  189 19:57:41    -2397.810550        0.078600
MDMin:  190 19:57:43    -2397.810551        0.077821
MDMin:  191 19:57:45    -2397.810551        0.077027
MDMin:  192 19:57:47    -2397.810551        0.076833
MDMin:  193 19:57:49    -2397.810552        0.076774
MDMin:  194 19:57:51    -2397.810552        0.076712
MDMin:  195 19:57:53    -2397.810552        0.076646
MDMin:  196 19:57:54    -2397.810553        0.076576
MDMin:  197 19:57:55    -2397.810553        0.076503
MDMin:  198 19:57:57    -2397.810553        0.076425
MDMin:  199 19:57:58    -2397.810554        0.076344
MDMin:  200 19:58:00    -2397.810554        0.076259
MDMin:  201 19:58:02    -2397.810554        0.076170
MDMin:  202 19:58:04    -2397.810555        0.076077
MDMin:  203 19:58:06    -2397.810555        0.075979
MDMin:  204 19:58:08    -2397.810555        0.075877
MDMin:  205 19:58:10    -2397.810556        0.075771
MDMin:  206 19:58:12    -2397.810556        0.075661
MDMin:  207 19:58:13    -2397.810557        0.075547
MDMin:  208 19:58:14    -2397.810557        0.075428
MDMin:  209 19:58:15    -2397.810557        0.075305
MDMin:  210 19:58:16    -2397.810558        0.075177
MDMin:  211 19:58:18    -2397.810558        0.075046
MDMin:  212 19:58:21    -2397.810559        0.074910
MDMin:  213 19:58:23    -2397.810559        0.074770
MDMin:  214 19:58:25    -2397.810559        0.074626
MDMin:  215 19:58:27    -2397.810560        0.074479
MDMin:  216 19:58:29    -2397.810560        0.074327
MDMin:  217 19:58:30    -2397.810561        0.074172
MDMin:  218 19:58:32    -2397.810561        0.074013
MDMin:  219 19:58:34    -2397.810562        0.073851
MDMin:  220 19:58:36    -2397.810562        0.073685
MDMin:  221 19:58:38    -2397.810562        0.073516
MDMin:  222 19:58:40    -2397.810563        0.073345
MDMin:  223 19:58:42    -2397.810563        0.073170
MDMin:  224 19:58:44    -2397.810564        0.072994
MDMin:  225 19:58:46    -2397.810564        0.072815
MDMin:  226 19:58:48    -2397.810565        0.072633
MDMin:  227 19:58:51    -2397.810565        0.072451
MDMin:  228 19:58:53    -2397.810566        0.072267
MDMin:  229 19:58:55    -2397.810566        0.072083
MDMin:  230 19:58:57    -2397.810567        0.071894
MDMin:  231 19:58:59    -2397.810567        0.071714
MDMin:  232 19:59:01    -2397.810568        0.071511
MDMin:  233 19:59:04    -2397.810568        0.071365
MDMin:  234 19:59:06    -2397.810569        0.071088
MDMin:  235 19:59:08    -2397.810569        0.083833
MDMin:  236 19:59:10    -2397.810569        0.070853
MDMin:  237 19:59:12    -2397.810569        0.070853
MDMin:  238 19:59:14    -2397.810570        0.070795
MDMin:  239 19:59:16    -2397.810570        0.070737
MDMin:  240 19:59:18    -2397.810570        0.070678
MDMin:  241 19:59:20    -2397.810570        0.070619
MDMin:  242 19:59:22    -2397.810570        0.070559
MDMin:  243 19:59:24    -2397.810570        0.070498
MDMin:  244 19:59:26    -2397.810571        0.070437
MDMin:  245 19:59:28    -2397.810571        0.070375
MDMin:  246 19:59:30    -2397.810571        0.070312
MDMin:  247 19:59:32    -2397.810571        0.070249
MDMin:  248 19:59:34    -2397.810571        0.070186
MDMin:  249 19:59:36    -2397.810571        0.070122
MDMin:  250 19:59:38    -2397.810572        0.070057
MDMin:  251 19:59:40    -2397.810572        0.069992
MDMin:  252 19:59:42    -2397.810572        0.069927
MDMin:  253 19:59:44    -2397.810572        0.069861
MDMin:  254 19:59:46    -2397.810572        0.069794
MDMin:  255 19:59:48    -2397.810573        0.069727
MDMin:  256 19:59:50    -2397.810573        0.069660
MDMin:  257 19:59:51    -2397.810573        0.069592
MDMin:  258 19:59:53    -2397.810573        0.069524
MDMin:  259 19:59:55    -2397.810573        0.069455
MDMin:  260 19:59:57    -2397.810574        0.069386
MDMin:  261 19:59:59    -2397.810574        0.069316
MDMin:  262 20:00:01    -2397.810574        0.069247
MDMin:  263 20:00:03    -2397.810574        0.069176
MDMin:  264 20:00:05    -2397.810575        0.069106
MDMin:  265 20:00:07    -2397.810575        0.069035
MDMin:  266 20:00:09    -2397.810575        0.068963
MDMin:  267 20:00:11    -2397.810575        0.068892
MDMin:  268 20:00:13    -2397.810576        0.068819
MDMin:  269 20:00:15    -2397.810576        0.068747
MDMin:  270 20:00:17    -2397.810576        0.068674
MDMin:  271 20:00:19    -2397.810576        0.068600
MDMin:  272 20:00:22    -2397.810577        0.068527
MDMin:  273 20:00:24    -2397.810577        0.068452
MDMin:  274 20:00:26    -2397.810577        0.068377
MDMin:  275 20:00:28    -2397.810577        0.068302
MDMin:  276 20:00:29    -2397.810578        0.068226
MDMin:  277 20:00:31    -2397.810578        0.068149
MDMin:  278 20:00:34    -2397.810578        0.068072
MDMin:  279 20:00:36    -2397.810579        0.067994
MDMin:  280 20:00:38    -2397.810579        0.067915
MDMin:  281 20:00:40    -2397.810579        0.067835
MDMin:  282 20:00:42    -2397.810579        0.067754
MDMin:  283 20:00:44    -2397.810580        0.067672
MDMin:  284 20:00:46    -2397.810580        0.067588
MDMin:  285 20:00:48    -2397.810580        0.067504
MDMin:  286 20:00:49    -2397.810581        0.067417
MDMin:  287 20:00:51    -2397.810581        0.067329
MDMin:  288 20:00:54    -2397.810581        0.067240
MDMin:  289 20:00:56    -2397.810581        0.067148
MDMin:  290 20:00:58    -2397.810582        0.067054
MDMin:  291 20:01:00    -2397.810582        0.066958
MDMin:  292 20:01:02    -2397.810582        0.066859
MDMin:  293 20:01:04    -2397.810583        0.066757
MDMin:  294 20:01:07    -2397.810583        0.066652
MDMin:  295 20:01:09    -2397.810583        0.066544
MDMin:  296 20:01:11    -2397.810584        0.066433
MDMin:  297 20:01:13    -2397.810584        0.066317
MDMin:  298 20:01:15    -2397.810584        0.066198
MDMin:  299 20:01:18    -2397.810585        0.066074
MDMin:  300 20:01:20    -2397.810585        0.065945
MDMin:  301 20:01:22    -2397.810585        0.065812
MDMin:  302 20:01:24    -2397.810586        0.065673
MDMin:  303 20:01:26    -2397.810586        0.065528
MDMin:  304 20:01:28    -2397.810586        0.065378
MDMin:  305 20:01:30    -2397.810587        0.065221
MDMin:  306 20:01:32    -2397.810587        0.065058
MDMin:  307 20:01:34    -2397.810587        0.064890
MDMin:  308 20:01:36    -2397.810588        0.064715
MDMin:  309 20:01:39    -2397.810588        0.064537
MDMin:  310 20:01:41    -2397.810588        0.064345
MDMin:  311 20:01:43    -2397.810589        0.064160
MDMin:  312 20:01:45    -2397.810589        0.063945
MDMin:  313 20:01:47    -2397.810589        0.063766
MDMin:  314 20:01:48    -2397.810590        0.063499
MDMin:  315 20:01:51    -2397.810590        0.063375
MDMin:  316 20:01:52    -2397.810590        0.062966
MDMin:  317 20:01:54    -2397.810591        0.063068
MDMin:  318 20:01:56    -2397.810591        0.062203
MDMin:  319 20:01:58    -2397.810592        0.063069
MDMin:  320 20:02:00    -2397.810592        0.061393
MDMin:  321 20:02:02    -2397.810592        0.062203
MDMin:  322 20:02:04    -2397.810592        0.061986
MDMin:  323 20:02:06    -2397.810592        0.061882
MDMin:  324 20:02:08    -2397.810592        0.061788
MDMin:  325 20:02:10    -2397.810592        0.061690
MDMin:  326 20:02:12    -2397.810593        0.061590
MDMin:  327 20:02:14    -2397.810593        0.061488
MDMin:  328 20:02:16    -2397.810593        0.061383
MDMin:  329 20:02:18    -2397.810593        0.061277
MDMin:  330 20:02:20    -2397.810593        0.061168
MDMin:  331 20:02:22    -2397.810593        0.061056
MDMin:  332 20:02:24    -2397.810593        0.060942
MDMin:  333 20:02:26    -2397.810593        0.060827
MDMin:  334 20:02:28    -2397.810594        0.060708
MDMin:  335 20:02:29    -2397.810594        0.060588
MDMin:  336 20:02:30    -2397.810594        0.060466
MDMin:  337 20:02:32    -2397.810594        0.060341
MDMin:  338 20:02:33    -2397.810594        0.060215
MDMin:  339 20:02:34    -2397.810594        0.060087
MDMin:  340 20:02:36    -2397.810595        0.059957
MDMin:  341 20:02:38    -2397.810595        0.059825
MDMin:  342 20:02:40    -2397.810595        0.059692
MDMin:  343 20:02:42    -2397.810595        0.059558
MDMin:  344 20:02:44    -2397.810595        0.059422
MDMin:  345 20:02:45    -2397.810595        0.059286
MDMin:  346 20:02:48    -2397.810595        0.059149
MDMin:  347 20:02:50    -2397.810596        0.059012
MDMin:  348 20:02:52    -2397.810596        0.059213
MDMin:  349 20:02:54    -2397.810596        0.060041
MDMin:  350 20:02:55    -2397.810596        0.060894
MDMin:  351 20:02:57    -2397.810596        0.061773
MDMin:  352 20:02:59    -2397.810596        0.062677
MDMin:  353 20:03:01    -2397.810597        0.063608
MDMin:  354 20:03:03    -2397.810597        0.064567
MDMin:  355 20:03:05    -2397.810597        0.065554
MDMin:  356 20:03:07    -2397.810597        0.066570
MDMin:  357 20:03:09    -2397.810597        0.067615
MDMin:  358 20:03:11    -2397.810598        0.068692
MDMin:  359 20:03:13    -2397.810598        0.069800
MDMin:  360 20:03:15    -2397.810598        0.070939
MDMin:  361 20:03:17    -2397.810598        0.072112
MDMin:  362 20:03:19    -2397.810598        0.073319
MDMin:  363 20:03:21    -2397.810598        0.074560
MDMin:  364 20:03:23    -2397.810599        0.075836
MDMin:  365 20:03:25    -2397.810599        0.077148
MDMin:  366 20:03:27    -2397.810599        0.078497
MDMin:  367 20:03:30    -2397.810599        0.079883
MDMin:  368 20:03:32    -2397.810599        0.081307
MDMin:  369 20:03:34    -2397.810600        0.082769
MDMin:  370 20:03:36    -2397.810600        0.084271
MDMin:  371 20:03:38    -2397.810600        0.085812
MDMin:  372 20:03:40    -2397.810600        0.087393
MDMin:  373 20:03:42    -2397.810600        0.089015
MDMin:  374 20:03:44    -2397.810601        0.090677
MDMin:  375 20:03:46    -2397.810601        0.092381
MDMin:  376 20:03:48    -2397.810601        0.094125
MDMin:  377 20:03:50    -2397.810601        0.095910
MDMin:  378 20:03:52    -2397.810601        0.097736
MDMin:  379 20:03:54    -2397.810602        0.099603
MDMin:  380 20:03:56    -2397.810602        0.101510
MDMin:  381 20:03:58    -2397.810602        0.103456
MDMin:  382 20:03:59    -2397.810602        0.105442
MDMin:  383 20:04:01    -2397.810602        0.107465
MDMin:  384 20:04:03    -2397.810602        0.109526
MDMin:  385 20:04:05    -2397.810603        0.111622
MDMin:  386 20:04:07    -2397.810603        0.113753
MDMin:  387 20:04:09    -2397.810603        0.115916
MDMin:  388 20:04:11    -2397.810603        0.118110
MDMin:  389 20:04:13    -2397.810603        0.120332
MDMin:  390 20:04:15    -2397.810604        0.122579
MDMin:  391 20:04:17    -2397.810604        0.124850
MDMin:  392 20:04:19    -2397.810604        0.127141
MDMin:  393 20:04:20    -2397.810604        0.129448
MDMin:  394 20:04:22    -2397.810604        0.131768
MDMin:  395 20:04:24    -2397.810604        0.134096
MDMin:  396 20:04:26    -2397.810605        0.136428
MDMin:  397 20:04:28    -2397.810605        0.138759
MDMin:  398 20:04:29    -2397.810605        0.141084
MDMin:  399 20:04:31    -2397.810605        0.143397
MDMin:  400 20:04:33    -2397.810605        0.145691
MDMin:  401 20:04:35    -2397.810606        0.147960
MDMin:  402 20:04:37    -2397.810606        0.150198
MDMin:  403 20:04:39    -2397.810606        0.152396
MDMin:  404 20:04:41    -2397.810606        0.154548
MDMin:  405 20:04:43    -2397.810606        0.156643
MDMin:  406 20:04:45    -2397.810606        0.158674
MDMin:  407 20:04:46    -2397.810607        0.160630
MDMin:  408 20:04:48    -2397.810607        0.162502
MDMin:  409 20:04:50    -2397.810607        0.164278
MDMin:  410 20:04:51    -2397.810607        0.165948
MDMin:  411 20:04:53    -2397.810607        0.167499
MDMin:  412 20:04:55    -2397.810607        0.168919
MDMin:  413 20:04:57    -2397.810608        0.170197
MDMin:  414 20:04:59    -2397.810608        0.171318
MDMin:  415 20:05:01    -2397.810608        0.172269
MDMin:  416 20:05:03    -2397.810608        0.173038
MDMin:  417 20:05:04    -2397.810608        0.173612
MDMin:  418 20:05:06    -2397.810609        0.173976
MDMin:  419 20:05:08    -2397.810609        0.174125
MDMin:  420 20:05:09    -2397.810609        0.174060
MDMin:  421 20:05:11    -2397.810609        0.173767
MDMin:  422 20:05:13    -2397.810609        0.173237
MDMin:  423 20:05:15    -2397.810609        0.172458
MDMin:  424 20:05:17    -2397.810610        0.171422
MDMin:  425 20:05:19    -2397.810610        0.170121
MDMin:  426 20:05:21    -2397.810610        0.168552
MDMin:  427 20:05:23    -2397.810610        0.166711
MDMin:  428 20:05:25    -2397.810610        0.164597
MDMin:  429 20:05:27    -2397.810611        0.162215
MDMin:  430 20:05:28    -2397.810611        0.159568
MDMin:  431 20:05:30    -2397.810611        0.156666
MDMin:  432 20:05:32    -2397.810611        0.153520
MDMin:  433 20:05:33    -2397.810611        0.150147
MDMin:  434 20:05:34    -2397.810612        0.146563
MDMin:  435 20:05:36    -2397.810612        0.142790
MDMin:  436 20:05:38    -2397.810612        0.138852
MDMin:  437 20:05:40    -2397.810612        0.134772
MDMin:  438 20:05:42    -2397.810612        0.130579
MDMin:  439 20:05:45    -2397.810613        0.126299
MDMin:  440 20:05:47    -2397.810613        0.121960
MDMin:  441 20:05:49    -2397.810613        0.118406
MDMin:  442 20:05:51    -2397.810613        0.123141
MDMin:  443 20:05:53    -2397.810613        0.127823
MDMin:  444 20:05:55    -2397.810614        0.132451
MDMin:  445 20:05:58    -2397.810614        0.137014
MDMin:  446 20:06:00    -2397.810614        0.141524
MDMin:  447 20:06:01    -2397.810614        0.145965
MDMin:  448 20:06:03    -2397.810614        0.150368
MDMin:  449 20:06:05    -2397.810615        0.154704
MDMin:  450 20:06:07    -2397.810615        0.159037
MDMin:  451 20:06:09    -2397.810615        0.163295
MDMin:  452 20:06:10    -2397.810615        0.167622
MDMin:  453 20:06:12    -2397.810616        0.171818
MDMin:  454 20:06:13    -2397.810616        0.176248
MDMin:  455 20:06:14    -2397.810616        0.180347
MDMin:  456 20:06:16    -2397.810616        0.185084
MDMin:  457 20:06:17    -2397.810616        0.188901
MDMin:  458 20:06:18    -2397.810616        0.194342
MDMin:  459 20:06:19    -2397.810617        0.197331
MDMin:  460 20:06:21    -2397.810617        0.204057
MDMin:  461 20:06:23    -2397.810617        0.205319
MDMin:  462 20:06:24    -2397.810617        0.213150
MDMin:  463 20:06:25    -2397.810617        0.213172
MDMin:  464 20:06:26    -2397.810617        0.220090
MDMin:  465 20:06:28    -2397.810618        0.221214
MDMin:  466 20:06:30    -2397.810618        0.226564
MDMin:  467 20:06:31    -2397.810618        0.229152
MDMin:  468 20:06:32    -2397.810618        0.233755
MDMin:  469 20:06:34    -2397.810618        0.237245
MDMin:  470 20:06:36    -2397.810618        0.241690
MDMin:  471 20:06:38    -2397.810618        0.245753
MDMin:  472 20:06:40    -2397.810618        0.250317
MDMin:  473 20:06:42    -2397.810619        0.254821
MDMin:  474 20:06:44    -2397.810619        0.259642
MDMin:  475 20:06:46    -2397.810619        0.264547
MDMin:  476 20:06:48    -2397.810619        0.269701
MDMin:  477 20:06:50    -2397.810619        0.275010
MDMin:  478 20:06:52    -2397.810619        0.280550
MDMin:  479 20:06:54    -2397.810619        0.286286
MDMin:  480 20:06:56    -2397.810619        0.292254
MDMin:  481 20:06:58    -2397.810619        0.298447
MDMin:  482 20:07:00    -2397.810620        0.304886
MDMin:  483 20:07:01    -2397.810620        0.311572
MDMin:  484 20:07:03    -2397.810620        0.318522
MDMin:  485 20:07:05    -2397.810620        0.325742
MDMin:  486 20:07:08    -2397.810620        0.333246
MDMin:  487 20:07:09    -2397.810620        0.341043
MDMin:  488 20:07:11    -2397.810620        0.349147
MDMin:  489 20:07:13    -2397.810620        0.357568
MDMin:  490 20:07:15    -2397.810621        0.366321
MDMin:  491 20:07:17    -2397.810621        0.375418
MDMin:  492 20:07:19    -2397.810621        0.384873
MDMin:  493 20:07:21    -2397.810621        0.394703
MDMin:  494 20:07:22    -2397.810621        0.404921
MDMin:  495 20:07:24    -2397.810621        0.415545
MDMin:  496 20:07:26    -2397.810621        0.426592
MDMin:  497 20:07:28    -2397.810621        0.438082
MDMin:  498 20:07:30    -2397.810621        0.450032
MDMin:  499 20:07:33    -2397.810621        0.462466
MDMin:  500 20:07:35    -2397.810622        0.475403
MDMin:  501 20:07:37    -2397.810622        0.488868
MDMin:  502 20:07:39    -2397.810622        0.502886
MDMin:  503 20:07:40    -2397.810622        0.517483
MDMin:  504 20:07:43    -2397.810622        0.532688
MDMin:  505 20:07:45    -2397.810622        0.548531
MDMin:  506 20:07:47    -2397.810622        0.565045
MDMin:  507 20:07:49    -2397.810622        0.582268
MDMin:  508 20:07:52    -2397.810622        0.600241
MDMin:  509 20:07:55    -2397.810622        0.619013
MDMin:  510 20:07:57    -2397.810623        0.638639
MDMin:  511 20:07:59    -2397.810623        0.659186
MDMin:  512 20:08:01    -2397.810623        0.680734
MDMin:  513 20:08:03    -2397.810623        0.703386
MDMin:  514 20:08:05    -2397.810623        0.727288
MDMin:  515 20:08:07    -2397.810623        0.752589
MDMin:  516 20:08:09    -2397.810623        0.779505
MDMin:  517 20:08:11    -2397.810623        0.808345
MDMin:  518 20:08:13    -2397.810623        0.839528
MDMin:  519 20:08:15    -2397.810623        0.873818
MDMin:  520 20:08:17    -2397.810623        0.912501
MDMin:  521 20:08:19    -2397.810623        0.958072
MDMin:  522 20:08:21    -2397.810624        1.016862
MDMin:  523 20:08:23    -2397.810624        1.119980
MDMin:  524 20:08:25    -2397.810624        1.090085
MDMin:  525 20:08:27    -2397.810624        1.048156
MDMin:  526 20:08:29    -2397.810624        0.998049
MDMin:  527 20:08:31    -2397.810624        0.949645
MDMin:  528 20:08:33    -2397.810624        0.906588
MDMin:  529 20:08:35    -2397.810624        0.867215
MDMin:  530 20:08:37    -2397.810624        0.829912
MDMin:  531 20:08:39    -2397.810624        0.794584
MDMin:  532 20:08:40    -2397.810624        0.761517
MDMin:  533 20:08:42    -2397.810624        0.730695
MDMin:  534 20:08:44    -2397.810625        0.701842
MDMin:  535 20:08:47    -2397.810625        0.674509
MDMin:  536 20:08:49    -2397.810625        0.648114
MDMin:  537 20:08:51    -2397.810625        0.645417
MDMin:  538 20:08:54    -2397.810625        0.656115
MDMin:  539 20:08:56    -2397.810625        0.668249
MDMin:  540 20:08:57    -2397.810625        0.681052
MDMin:  541 20:09:00    -2397.810625        0.693625
MDMin:  542 20:09:02    -2397.810625        0.704978
MDMin:  543 20:09:03    -2397.810626        0.714066
MDMin:  544 20:09:05    -2397.810626        0.719841
MDMin:  545 20:09:07    -2397.810626        0.721320
MDMin:  546 20:09:09    -2397.810626        0.717667
MDMin:  547 20:09:11    -2397.810626        0.708196
MDMin:  548 20:09:13    -2397.810626        0.692445
MDMin:  549 20:09:14    -2397.810626        0.670303
MDMin:  550 20:09:16    -2397.810626        0.641952
MDMin:  551 20:09:18    -2397.810627        0.607928
MDMin:  552 20:09:20    -2397.810627        0.568980
MDMin:  553 20:09:22    -2397.810627        0.526071
MDMin:  554 20:09:24    -2397.810627        0.480191
MDMin:  555 20:09:27    -2397.810627        0.432449
MDMin:  556 20:09:29    -2397.810628        0.383831
MDMin:  557 20:09:31    -2397.810628        0.335559
MDMin:  558 20:09:33    -2397.810628        0.288733
MDMin:  559 20:09:35    -2397.810628        0.243879
MDMin:  560 20:09:37    -2397.810629        0.208659
MDMin:  561 20:09:39    -2397.810629        0.411700
MDMin:  562 20:09:41    -2397.810629        0.168694
MDMin:  563 20:09:43    -2397.810629        0.168258
MDMin:  564 20:09:46    -2397.810629        0.167452
MDMin:  565 20:09:48    -2397.810629        0.166715
MDMin:  566 20:09:50    -2397.810629        0.165994
MDMin:  567 20:09:52    -2397.810629        0.165250
MDMin:  568 20:09:54    -2397.810629        0.164473
MDMin:  569 20:09:56    -2397.810630        0.163659
MDMin:  570 20:09:58    -2397.810630        0.162810
MDMin:  571 20:10:00    -2397.810630        0.161928
MDMin:  572 20:10:03    -2397.810630        0.161015
MDMin:  573 20:10:05    -2397.810630        0.160072
MDMin:  574 20:10:07    -2397.810630        0.159103
MDMin:  575 20:10:09    -2397.810630        0.158110
MDMin:  576 20:10:11    -2397.810630        0.157097
MDMin:  577 20:10:13    -2397.810630        0.156066
MDMin:  578 20:10:14    -2397.810630        0.155021
MDMin:  579 20:10:16    -2397.810630        0.153965
MDMin:  580 20:10:18    -2397.810630        0.152901
MDMin:  581 20:10:20    -2397.810631        0.151831
MDMin:  582 20:10:22    -2397.810631        0.150760
MDMin:  583 20:10:24    -2397.810631        0.149690
MDMin:  584 20:10:26    -2397.810631        0.148623
MDMin:  585 20:10:27    -2397.810631        0.147561
MDMin:  586 20:10:28    -2397.810631        0.146511
MDMin:  587 20:10:29    -2397.810631        0.145477
MDMin:  588 20:10:31    -2397.810631        0.144460
MDMin:  589 20:10:32    -2397.810631        0.143461
MDMin:  590 20:10:33    -2397.810632        0.142481
MDMin:  591 20:10:35    -2397.810632        0.141519
MDMin:  592 20:10:37    -2397.810632        0.140575
MDMin:  593 20:10:39    -2397.810632        0.139650
MDMin:  594 20:10:41    -2397.810632        0.138740
MDMin:  595 20:10:43    -2397.810632        0.137844
MDMin:  596 20:10:45    -2397.810632        0.136958
MDMin:  597 20:10:47    -2397.810633        0.136078
MDMin:  598 20:10:49    -2397.810633        0.135197
MDMin:  599 20:10:51    -2397.810633        0.134312
MDMin:  600 20:10:53    -2397.810633        0.133413
MDMin:  601 20:10:55    -2397.810633        0.132496
MDMin:  602 20:10:57    -2397.810633        0.131551
MDMin:  603 20:10:59    -2397.810634        0.130573
MDMin:  604 20:11:01    -2397.810634        0.129552
MDMin:  605 20:11:03    -2397.810634        0.128481
MDMin:  606 20:11:04    -2397.810634        0.127347
MDMin:  607 20:11:06    -2397.810634        0.126148
MDMin:  608 20:11:08    -2397.810634        0.124863
MDMin:  609 20:11:10    -2397.810635        0.123506
MDMin:  610 20:11:12    -2397.810635        0.122020
MDMin:  611 20:11:14    -2397.810635        0.120496
MDMin:  612 20:11:16    -2397.810635        0.118716
MDMin:  613 20:11:18    -2397.810635        0.117125
MDMin:  614 20:11:20    -2397.810636        0.114741
MDMin:  615 20:11:22    -2397.810636        0.113739
MDMin:  616 20:11:24    -2397.810636        0.113047
MDMin:  617 20:11:26    -2397.810636        0.111279
MDMin:  618 20:11:28    -2397.810636        0.114093
MDMin:  619 20:11:29    -2397.810636        0.114394
MDMin:  620 20:11:31    -2397.810636        0.115239
MDMin:  621 20:11:32    -2397.810636        0.116021
MDMin:  622 20:11:34    -2397.810636        0.116826
MDMin:  623 20:11:36    -2397.810636        0.117636
MDMin:  624 20:11:37    -2397.810637        0.118454
MDMin:  625 20:11:38    -2397.810637        0.119277
MDMin:  626 20:11:39    -2397.810637        0.120105
MDMin:  627 20:11:41    -2397.810637        0.120936
MDMin:  628 20:11:42    -2397.810637        0.121769
MDMin:  629 20:11:43    -2397.810637        0.122602
MDMin:  630 20:11:44    -2397.810637        0.123435
MDMin:  631 20:11:45    -2397.810637        0.124265
MDMin:  632 20:11:46    -2397.810637        0.125091
MDMin:  633 20:11:48    -2397.810637        0.125912
MDMin:  634 20:11:49    -2397.810637        0.126726
MDMin:  635 20:11:50    -2397.810637        0.127532
MDMin:  636 20:11:51    -2397.810638        0.128328
MDMin:  637 20:11:53    -2397.810638        0.129113
MDMin:  638 20:11:54    -2397.810638        0.129885
MDMin:  639 20:11:55    -2397.810638        0.130644
MDMin:  640 20:11:56    -2397.810638        0.131387
MDMin:  641 20:11:57    -2397.810638        0.132113
MDMin:  642 20:11:58    -2397.810638        0.132823
MDMin:  643 20:11:59    -2397.810638        0.133513
MDMin:  644 20:12:01    -2397.810638        0.134185
MDMin:  645 20:12:02    -2397.810638        0.134837
MDMin:  646 20:12:03    -2397.810638        0.135469
MDMin:  647 20:12:04    -2397.810639        0.136091
MDMin:  648 20:12:05    -2397.810639        0.136708
MDMin:  649 20:12:06    -2397.810639        0.137318
MDMin:  650 20:12:07    -2397.810639        0.137921
MDMin:  651 20:12:09    -2397.810639        0.138519
MDMin:  652 20:12:10    -2397.810639        0.139112
MDMin:  653 20:12:11    -2397.810639        0.139700
MDMin:  654 20:12:12    -2397.810639        0.140284
MDMin:  655 20:12:13    -2397.810639        0.140866
MDMin:  656 20:12:15    -2397.810640        0.141446
MDMin:  657 20:12:16    -2397.810640        0.142026
MDMin:  658 20:12:18    -2397.810640        0.142607
MDMin:  659 20:12:19    -2397.810640        0.143191
MDMin:  660 20:12:20    -2397.810640        0.143778
MDMin:  661 20:12:21    -2397.810640        0.144372
MDMin:  662 20:12:22    -2397.810640        0.144973
MDMin:  663 20:12:23    -2397.810640        0.145582
MDMin:  664 20:12:25    -2397.810641        0.146201
MDMin:  665 20:12:26    -2397.810641        0.146830
MDMin:  666 20:12:27    -2397.810641        0.147472
MDMin:  667 20:12:28    -2397.810641        0.148125
MDMin:  668 20:12:29    -2397.810641        0.148792
MDMin:  669 20:12:30    -2397.810641        0.149471
MDMin:  670 20:12:31    -2397.810641        0.150164
MDMin:  671 20:12:33    -2397.810642        0.150870
MDMin:  672 20:12:34    -2397.810642        0.151588
MDMin:  673 20:12:35    -2397.810642        0.152316
MDMin:  674 20:12:36    -2397.810642        0.153053
MDMin:  675 20:12:37    -2397.810642        0.153797
MDMin:  676 20:12:39    -2397.810642        0.154546
MDMin:  677 20:12:40    -2397.810642        0.155298
MDMin:  678 20:12:41    -2397.810643        0.156049
MDMin:  679 20:12:42    -2397.810643        0.156799
MDMin:  680 20:12:44    -2397.810643        0.157544
MDMin:  681 20:12:46    -2397.810643        0.158282
MDMin:  682 20:12:48    -2397.810643        0.159009
MDMin:  683 20:12:50    -2397.810643        0.159726
MDMin:  684 20:12:52    -2397.810643        0.160425
MDMin:  685 20:12:54    -2397.810643        0.161110
MDMin:  686 20:12:57    -2397.810644        0.161766
MDMin:  687 20:12:58    -2397.810644        0.162414
MDMin:  688 20:13:01    -2397.810644        0.163007
MDMin:  689 20:13:03    -2397.810644        0.163620
MDMin:  690 20:13:05    -2397.810644        0.164111
MDMin:  691 20:13:07    -2397.810644        0.164724
MDMin:  692 20:13:08    -2397.810644        0.165010
MDMin:  693 20:13:10    -2397.810645        0.165763
MDMin:  694 20:13:11    -2397.810645        0.165550
MDMin:  695 20:13:13    -2397.810645        0.166890
MDMin:  696 20:13:15    -2397.810645        0.165439
MDMin:  697 20:13:17    -2397.810645        0.167990
MDMin:  698 20:13:19    -2397.810645        0.165609
MDMin:  699 20:13:21    -2397.810645        0.167182
MDMin:  700 20:13:24    -2397.810645        0.166458
MDMin:  701 20:13:26    -2397.810645        0.166712
MDMin:  702 20:13:28    -2397.810645        0.166569
MDMin:  703 20:13:30    -2397.810646        0.166573
MDMin:  704 20:13:31    -2397.810646        0.166495
MDMin:  705 20:13:33    -2397.810646        0.166433
MDMin:  706 20:13:35    -2397.810646        0.166339
MDMin:  707 20:13:37    -2397.810646        0.166233
MDMin:  708 20:13:39    -2397.810646        0.166102
MDMin:  709 20:13:41    -2397.810646        0.165948
MDMin:  710 20:13:43    -2397.810646        0.165767
MDMin:  711 20:13:45    -2397.810646        0.165556
MDMin:  712 20:13:47    -2397.810646        0.165313
MDMin:  713 20:13:49    -2397.810646        0.165034
MDMin:  714 20:13:51    -2397.810646        0.164716
MDMin:  715 20:13:53    -2397.810646        0.164355
MDMin:  716 20:13:54    -2397.810647        0.163947
MDMin:  717 20:13:56    -2397.810647        0.163489
MDMin:  718 20:13:58    -2397.810647        0.162975
MDMin:  719 20:14:00    -2397.810647        0.162402
MDMin:  720 20:14:02    -2397.810647        0.161765
MDMin:  721 20:14:04    -2397.810647        0.161058
MDMin:  722 20:14:06    -2397.810647        0.160277
MDMin:  723 20:14:08    -2397.810647        0.159414
MDMin:  724 20:14:10    -2397.810647        0.158466
MDMin:  725 20:14:12    -2397.810647        0.157425
MDMin:  726 20:14:14    -2397.810647        0.156285
MDMin:  727 20:14:16    -2397.810648        0.155039
MDMin:  728 20:14:18    -2397.810648        0.153680
MDMin:  729 20:14:19    -2397.810648        0.152201
MDMin:  730 20:14:21    -2397.810648        0.150595
MDMin:  731 20:14:23    -2397.810648        0.148852
MDMin:  732 20:14:25    -2397.810648        0.146966
MDMin:  733 20:14:27    -2397.810648        0.144928
MDMin:  734 20:14:29    -2397.810648        0.142728
MDMin:  735 20:14:31    -2397.810648        0.140359
MDMin:  736 20:14:33    -2397.810648        0.137812
MDMin:  737 20:14:35    -2397.810649        0.135076
MDMin:  738 20:14:37    -2397.810649        0.132146
MDMin:  739 20:14:39    -2397.810649        0.129007
MDMin:  740 20:14:41    -2397.810649        0.125658
MDMin:  741 20:14:42    -2397.810649        0.122079
MDMin:  742 20:14:44    -2397.810649        0.118286
MDMin:  743 20:14:46    -2397.810649        0.114224
MDMin:  744 20:14:48    -2397.810649        0.109992
MDMin:  745 20:14:50    -2397.810650        0.105356
MDMin:  746 20:14:52    -2397.810650        0.100869
MDMin:  747 20:14:54    -2397.810650        0.095161
MDMin:  748 20:14:56    -2397.810650        0.092065
MDMin:  749 20:14:58    -2397.810650        0.082558
MDMin:  750 20:15:00    -2397.810650        0.099678
MDMin:  751 20:15:01    -2397.810650        0.078019
MDMin:  752 20:15:03    -2397.810651        0.077877
MDMin:  753 20:15:05    -2397.810651        0.076662
MDMin:  754 20:15:07    -2397.810651        0.075386
MDMin:  755 20:15:09    -2397.810651        0.074085
MDMin:  756 20:15:10    -2397.810651        0.072760
MDMin:  757 20:15:12    -2397.810651        0.071411
MDMin:  758 20:15:14    -2397.810651        0.070042
MDMin:  759 20:15:16    -2397.810651        0.068656
MDMin:  760 20:15:18    -2397.810651        0.067254
MDMin:  761 20:15:20    -2397.810651        0.065841
MDMin:  762 20:15:22    -2397.810651        0.064419
MDMin:  763 20:15:24    -2397.810651        0.062994
MDMin:  764 20:15:26    -2397.810651        0.061568
MDMin:  765 20:15:28    -2397.810651        0.060146
MDMin:  766 20:15:30    -2397.810651        0.058734
MDMin:  767 20:15:32    -2397.810651        0.057338
MDMin:  768 20:15:34    -2397.810651        0.055962
MDMin:  769 20:15:36    -2397.810652        0.054613
MDMin:  770 20:15:38    -2397.810652        0.053298
MDMin:  771 20:15:39    -2397.810652        0.052023
MDMin:  772 20:15:41    -2397.810652        0.050794
MDMin:  773 20:15:43    -2397.810652        0.049619
