       Step     Time          Energy          fmax
MDMin:    0 14:49:17    -2393.594110        8.766574
MDMin:    1 14:49:18    -2393.596631        8.684035
MDMin:    2 14:49:20    -2393.602014        8.107957
MDMin:    3 14:49:22    -2393.610521        7.955410
MDMin:    4 14:49:23    -2393.621679        7.933598
MDMin:    5 14:49:24    -2393.635253        5.565276
MDMin:    6 14:49:26    -2393.651493        5.967244
MDMin:    7 14:49:28    -2393.669002        5.387237
MDMin:    8 14:49:30    -2393.688676        2.624899
MDMin:    9 14:49:31    -2393.712720        2.374299
MDMin:   10 14:49:33    -2393.740716        2.996981
MDMin:   11 14:49:34    -2393.773160        2.873375
MDMin:   12 14:49:36    -2393.811962        2.186893
MDMin:   13 14:49:38    -2393.863722        1.342826
MDMin:   14 14:49:40    -2393.928817        2.589367
MDMin:   15 14:49:42    -2393.977034        2.521642
MDMin:   16 14:49:44    -2394.001029        1.417683
MDMin:   17 14:49:45    -2394.031228        1.481753
MDMin:   18 14:49:47    -2394.069353        1.562299
MDMin:   19 14:49:48    -2394.117011        1.653263
MDMin:   20 14:49:50    -2394.176226        1.731762
MDMin:   21 14:49:52    -2394.249640        1.751660
MDMin:   22 14:49:53    -2394.340945        1.665624
MDMin:   23 14:49:55    -2394.455837        1.542601
MDMin:   24 14:49:57    -2394.603511        1.627383
MDMin:   25 14:49:58    -2394.797133        1.788238
MDMin:   26 14:50:00    -2395.039286        1.828731
MDMin:   27 14:50:02    -2395.187224        1.629696
MDMin:   28 14:50:04    -2395.256334        1.104086
MDMin:   29 14:50:05    -2395.286508        1.000922
MDMin:   30 14:50:06    -2395.302483        1.014336
MDMin:   31 14:50:08    -2395.318350        0.966280
MDMin:   32 14:50:09    -2395.333977        1.068813
MDMin:   33 14:50:11    -2395.342565        1.874187
MDMin:   34 14:50:13    -2395.342803        1.775278
MDMin:   35 14:50:15    -2395.343531        1.471626
MDMin:   36 14:50:17    -2395.344852        0.968165
MDMin:   37 14:50:18    -2395.346926        0.870494
MDMin:   38 14:50:20    -2395.349683        0.871443
MDMin:   39 14:50:22    -2395.352947        0.874855
MDMin:   40 14:50:23    -2395.356715        0.881978
MDMin:   41 14:50:24    -2395.360996        0.894412
MDMin:   42 14:50:25    -2395.365801        0.914055
MDMin:   43 14:50:27    -2395.371143        0.943084
MDMin:   44 14:50:28    -2395.377030        0.983842
MDMin:   45 14:50:30    -2395.383471        1.038396
MDMin:   46 14:50:32    -2395.390463        1.106148
MDMin:   47 14:50:33    -2395.398005        1.180719
MDMin:   48 14:50:35    -2395.406103        1.247877
MDMin:   49 14:50:37    -2395.414799        1.286987
MDMin:   50 14:50:39    -2395.424218        1.333640
MDMin:   51 14:50:40    -2395.434616        1.352570
MDMin:   52 14:50:42    -2395.446457        1.291396
MDMin:   53 14:50:43    -2395.460439        1.252576
MDMin:   54 14:50:45    -2395.477437        1.145579
MDMin:   55 14:50:47    -2395.498408        0.975671
MDMin:   56 14:50:48    -2395.524369        0.954671
MDMin:   57 14:50:50    -2395.556527        0.841959
MDMin:   58 14:50:52    -2395.596062        0.695627
MDMin:   59 14:50:53    -2395.641274        1.038510
MDMin:   60 14:50:55    -2395.671990        1.758160
MDMin:   61 14:50:56    -2395.675423        1.392596
MDMin:   62 14:50:58    -2395.681248        0.850359
MDMin:   63 14:50:59    -2395.689983        0.839898
MDMin:   64 14:51:01    -2395.701294        0.860569
MDMin:   65 14:51:02    -2395.714929        0.884566
MDMin:   66 14:51:04    -2395.731158        0.910702
MDMin:   67 14:51:05    -2395.750467        0.936910
MDMin:   68 14:51:07    -2395.773642        0.986495
MDMin:   69 14:51:08    -2395.801974        1.077423
MDMin:   70 14:51:10    -2395.837610        1.189796
MDMin:   71 14:51:12    -2395.884214        1.377533
MDMin:   72 14:51:13    -2395.948249        1.635540
MDMin:   73 14:51:15    -2396.041220        1.940480
MDMin:   74 14:51:17    -2396.179535        1.729821
MDMin:   75 14:51:19    -2396.258735        2.445504
MDMin:   76 14:51:20    -2396.298945        1.681764
MDMin:   77 14:51:21    -2396.359000        1.926060
MDMin:   78 14:51:23    -2396.411522        1.320481
MDMin:   79 14:51:25    -2396.474719        1.284581
MDMin:   80 14:51:26    -2396.539466        1.372283
MDMin:   81 14:51:28    -2396.611157        1.438025
MDMin:   82 14:51:30    -2396.661234        1.806011
MDMin:   83 14:51:31    -2396.693946        1.677673
MDMin:   84 14:51:33    -2396.756233        1.510589
MDMin:   85 14:51:35    -2396.778299        1.595542
MDMin:   86 14:51:37    -2396.830355        1.265841
MDMin:   87 14:51:38    -2396.855178        1.199508
MDMin:   88 14:51:40    -2396.893358        1.154867
MDMin:   89 14:51:41    -2396.920581        1.038029
MDMin:   90 14:51:42    -2396.955459        0.958968
MDMin:   91 14:51:43    -2396.985840        0.897849
MDMin:   92 14:51:45    -2397.017095        0.852297
MDMin:   93 14:51:46    -2397.045130        0.797607
MDMin:   94 14:51:47    -2397.071828        0.866137
MDMin:   95 14:51:49    -2397.096453        0.880600
MDMin:   96 14:51:50    -2397.118916        0.770217
MDMin:   97 14:51:52    -2397.137253        0.939572
MDMin:   98 14:51:53    -2397.160132        0.924467
MDMin:   99 14:51:55    -2397.179414        0.903920
MDMin:  100 14:51:56    -2397.200136        0.868359
MDMin:  101 14:51:58    -2397.222469        0.818606
MDMin:  102 14:52:00    -2397.245490        0.754637
MDMin:  103 14:52:02    -2397.267784        0.721091
MDMin:  104 14:52:03    -2397.288009        0.724509
MDMin:  105 14:52:05    -2397.305509        0.707210
MDMin:  106 14:52:07    -2397.320552        0.698717
MDMin:  107 14:52:08    -2397.334011        0.683205
MDMin:  108 14:52:10    -2397.346859        0.635196
MDMin:  109 14:52:12    -2397.359866        0.642871
MDMin:  110 14:52:14    -2397.373116        0.793077
MDMin:  111 14:52:15    -2397.383089        1.587067
MDMin:  112 14:52:16    -2397.385298        0.666705
MDMin:  113 14:52:18    -2397.388280        0.675052
MDMin:  114 14:52:19    -2397.391342        0.682767
MDMin:  115 14:52:21    -2397.394392        0.688601
MDMin:  116 14:52:22    -2397.397301        0.690567
MDMin:  117 14:52:23    -2397.399995        0.686200
MDMin:  118 14:52:24    -2397.402475        0.672999
MDMin:  119 14:52:26    -2397.404788        0.662565
MDMin:  120 14:52:27    -2397.406976        0.672142
MDMin:  121 14:52:28    -2397.409055        0.677330
MDMin:  122 14:52:29    -2397.411027        0.674891
MDMin:  123 14:52:30    -2397.412893        0.661509
MDMin:  124 14:52:32    -2397.414635        0.635958
MDMin:  125 14:52:34    -2397.416102        0.879453
MDMin:  126 14:52:36    -2397.416853        0.640591
MDMin:  127 14:52:38    -2397.417257        0.573038
MDMin:  128 14:52:39    -2397.417737        0.558902
MDMin:  129 14:52:41    -2397.418280        0.542126
MDMin:  130 14:52:42    -2397.418883        0.522644
MDMin:  131 14:52:43    -2397.419543        0.525511
MDMin:  132 14:52:45    -2397.420256        0.532792
MDMin:  133 14:52:46    -2397.421017        0.539640
MDMin:  134 14:52:48    -2397.421824        0.545354
MDMin:  135 14:52:49    -2397.422671        0.549060
MDMin:  136 14:52:50    -2397.423554        0.549821
MDMin:  137 14:52:52    -2397.424468        0.546861
MDMin:  138 14:52:54    -2397.425408        0.539883
MDMin:  139 14:52:55    -2397.426366        0.529328
MDMin:  140 14:52:57    -2397.427336        0.516363
MDMin:  141 14:52:58    -2397.428296        0.502633
MDMin:  142 14:52:59    -2397.429140        0.785409
MDMin:  143 14:53:01    -2397.429522        0.524740
MDMin:  144 14:53:03    -2397.429709        0.483831
MDMin:  145 14:53:05    -2397.429943        0.482271
MDMin:  146 14:53:07    -2397.430215        0.479892
MDMin:  147 14:53:09    -2397.430522        0.476428
MDMin:  148 14:53:11    -2397.430864        0.471570
MDMin:  149 14:53:13    -2397.431239        0.464983
MDMin:  150 14:53:14    -2397.431647        0.458102
MDMin:  151 14:53:16    -2397.432085        0.453069
MDMin:  152 14:53:17    -2397.432554        0.447887
MDMin:  153 14:53:19    -2397.433052        0.442595
MDMin:  154 14:53:20    -2397.433581        0.437224
MDMin:  155 14:53:22    -2397.434139        0.431798
MDMin:  156 14:53:23    -2397.434727        0.426298
MDMin:  157 14:53:25    -2397.435348        0.424625
MDMin:  158 14:53:27    -2397.436002        0.429521
MDMin:  159 14:53:28    -2397.436692        0.433799
MDMin:  160 14:53:30    -2397.437420        0.437541
MDMin:  161 14:53:32    -2397.438186        0.440745
MDMin:  162 14:53:34    -2397.438969        0.443202
MDMin:  163 14:53:36    -2397.439591        0.778697
MDMin:  164 14:53:37    -2397.439770        0.444557
MDMin:  165 14:53:39    -2397.439999        0.444661
MDMin:  166 14:53:41    -2397.440265        0.444639
MDMin:  167 14:53:42    -2397.440569        0.444425
MDMin:  168 14:53:44    -2397.440912        0.443934
MDMin:  169 14:53:45    -2397.441296        0.443069
MDMin:  170 14:53:47    -2397.441720        0.441719
MDMin:  171 14:53:48    -2397.442188        0.439763
MDMin:  172 14:53:50    -2397.442699        0.437078
MDMin:  173 14:53:51    -2397.443255        0.436780
MDMin:  174 14:53:53    -2397.443859        0.440534
MDMin:  175 14:53:54    -2397.444510        0.443757
MDMin:  176 14:53:55    -2397.445211        0.449169
MDMin:  177 14:53:57    -2397.445830        0.459609
MDMin:  178 14:53:58    -2397.446161        0.467707
MDMin:  179 14:53:59    -2397.446537        0.472755
MDMin:  180 14:54:01    -2397.447169        0.474362
MDMin:  181 14:54:03    -2397.447134        0.584751
MDMin:  182 14:54:05    -2397.447389        0.471924
MDMin:  183 14:54:07    -2397.447644        0.470061
MDMin:  184 14:54:09    -2397.447923        0.467276
MDMin:  185 14:54:10    -2397.448115        0.463255
MDMin:  186 14:54:12    -2397.448035        0.457839
MDMin:  187 14:54:14    -2397.448381        0.450561
MDMin:  188 14:54:16    -2397.448736        0.440934
MDMin:  189 14:54:17    -2397.448965        0.450949
MDMin:  190 14:54:19    -2397.448804        0.461738
MDMin:  191 14:54:21    -2397.449210        0.473128
MDMin:  192 14:54:22    -2397.449609        0.485100
MDMin:  193 14:54:24    -2397.450001        0.497511
MDMin:  194 14:54:25    -2397.450384        0.510169
MDMin:  195 14:54:26    -2397.450663        0.522828
MDMin:  196 14:54:28    -2397.450306        0.534540
MDMin:  197 14:54:29    -2397.450729        0.545089
MDMin:  198 14:54:31    -2397.451034        0.552401
MDMin:  199 14:54:32    -2397.451176        0.555570
MDMin:  200 14:54:34    -2397.451311        0.558510
MDMin:  201 14:54:36    -2397.451461        0.561654
MDMin:  202 14:54:38    -2397.451626        0.564936
MDMin:  203 14:54:39    -2397.451804        0.568250
MDMin:  204 14:54:41    -2397.451994        0.571472
MDMin:  205 14:54:42    -2397.452196        0.574464
MDMin:  206 14:54:44    -2397.452409        0.577094
MDMin:  207 14:54:46    -2397.452633        0.579244
MDMin:  208 14:54:48    -2397.452867        0.580840
MDMin:  209 14:54:50    -2397.453111        0.581874
MDMin:  210 14:54:52    -2397.453365        0.582465
MDMin:  211 14:54:53    -2397.453621        0.582659
MDMin:  212 14:54:55    -2397.453847        0.582375
MDMin:  213 14:54:57    -2397.453979        0.581852
MDMin:  214 14:54:59    -2397.454067        0.581344
MDMin:  215 14:55:01    -2397.454166        0.580631
MDMin:  216 14:55:02    -2397.454278        0.579582
MDMin:  217 14:55:03    -2397.454404        0.578005
MDMin:  218 14:55:05    -2397.454545        0.575625
MDMin:  219 14:55:06    -2397.454700        0.572046
MDMin:  220 14:55:07    -2397.454870        0.566742
MDMin:  221 14:55:08    -2397.455055        0.559044
MDMin:  222 14:55:10    -2397.455257        0.548147
MDMin:  223 14:55:11    -2397.455477        0.533144
MDMin:  224 14:55:12    -2397.455716        0.513101
MDMin:  225 14:55:14    -2397.455975        0.487213
MDMin:  226 14:55:15    -2397.456253        0.455344
MDMin:  227 14:55:16    -2397.456538        0.419932
MDMin:  228 14:55:17    -2397.456750        0.485826
MDMin:  229 14:55:19    -2397.456841        0.381485
MDMin:  230 14:55:20    -2397.456950        0.382508
MDMin:  231 14:55:21    -2397.457077        0.383917
MDMin:  232 14:55:22    -2397.457223        0.384773
MDMin:  233 14:55:23    -2397.457391        0.384800
MDMin:  234 14:55:25    -2397.457580        0.383705
MDMin:  235 14:55:27    -2397.457793        0.381205
MDMin:  236 14:55:29    -2397.458033        0.377051
MDMin:  237 14:55:30    -2397.458301        0.371053
MDMin:  238 14:55:31    -2397.458602        0.363105
MDMin:  239 14:55:33    -2397.458939        0.360699
MDMin:  240 14:55:34    -2397.459045        0.359285
MDMin:  241 14:55:36    -2397.458389        0.357677
MDMin:  242 14:55:38    -2397.457746        0.355610
MDMin:  243 14:55:40    -2397.457123        0.353061
MDMin:  244 14:55:41    -2397.456530        0.350032
MDMin:  245 14:55:43    -2397.455974        0.346591
MDMin:  246 14:55:45    -2397.455493        0.361752
MDMin:  247 14:55:47    -2397.455211        0.432348
MDMin:  248 14:55:48    -2397.455112        0.339610
MDMin:  249 14:55:50    -2397.454987        0.338384
MDMin:  250 14:55:52    -2397.454847        0.336986
MDMin:  251 14:55:54    -2397.454693        0.335426
MDMin:  252 14:55:56    -2397.454529        0.333722
MDMin:  253 14:55:57    -2397.454356        0.331898
MDMin:  254 14:55:59    -2397.454176        0.329983
MDMin:  255 14:56:00    -2397.453992        0.328014
MDMin:  256 14:56:02    -2397.453807        0.326033
MDMin:  257 14:56:04    -2397.453623        0.324079
MDMin:  258 14:56:06    -2397.453442        0.322188
MDMin:  259 14:56:07    -2397.453266        0.320376
MDMin:  260 14:56:09    -2397.453097        0.318617
MDMin:  261 14:56:10    -2397.452938        0.316825
MDMin:  262 14:56:12    -2397.452790        0.314837
MDMin:  263 14:56:13    -2397.452660        0.312482
MDMin:  264 14:56:14    -2397.452571        0.446003
MDMin:  265 14:56:16    -2397.452537        0.309088
MDMin:  266 14:56:18    -2397.452503        0.307792
MDMin:  267 14:56:19    -2397.452465        0.306174
MDMin:  268 14:56:21    -2397.452425        0.304161
MDMin:  269 14:56:23    -2397.452384        0.301672
MDMin:  270 14:56:24    -2397.452342        0.298610
MDMin:  271 14:56:26    -2397.452300        0.294879
MDMin:  272 14:56:28    -2397.452260        0.290386
MDMin:  273 14:56:30    -2397.452222        0.285059
MDMin:  274 14:56:32    -2397.452187        0.279290
MDMin:  275 14:56:34    -2397.452157        0.286560
MDMin:  276 14:56:36    -2397.452131        0.294600
MDMin:  277 14:56:37    -2397.452112        0.303423
MDMin:  278 14:56:39    -2397.452099        0.312994
MDMin:  279 14:56:40    -2397.452094        0.323072
MDMin:  280 14:56:42    -2397.452095        0.381272
MDMin:  281 14:56:43    -2397.452098        0.337662
MDMin:  282 14:56:44    -2397.452102        0.341134
MDMin:  283 14:56:46    -2397.452106        0.345101
MDMin:  284 14:56:47    -2397.452112        0.349693
MDMin:  285 14:56:48    -2397.452120        0.354939
MDMin:  286 14:56:50    -2397.452131        0.360866
MDMin:  287 14:56:51    -2397.452144        0.367502
MDMin:  288 14:56:53    -2397.452161        0.374875
MDMin:  289 14:56:54    -2397.452182        0.383246
MDMin:  290 14:56:55    -2397.452207        0.396532
MDMin:  291 14:56:57    -2397.452237        0.410836
MDMin:  292 14:56:58    -2397.452272        0.426064
MDMin:  293 14:56:59    -2397.452312        0.442058
MDMin:  294 14:57:01    -2397.452358        0.458570
MDMin:  295 14:57:03    -2397.452410        0.475220
MDMin:  296 14:57:05    -2397.452468        0.491384
MDMin:  297 14:57:06    -2397.452530        0.505951
MDMin:  298 14:57:08    -2397.452587        0.516837
MDMin:  299 14:57:10    -2397.452625        0.522576
MDMin:  300 14:57:12    -2397.452654        0.526121
MDMin:  301 14:57:13    -2397.452686        0.529261
MDMin:  302 14:57:15    -2397.452722        0.531900
MDMin:  303 14:57:16    -2397.452763        0.533650
MDMin:  304 14:57:18    -2397.452810        0.534027
MDMin:  305 14:57:19    -2397.452862        0.532492
MDMin:  306 14:57:21    -2397.452921        0.528480
MDMin:  307 14:57:23    -2397.452986        0.521467
MDMin:  308 14:57:24    -2397.453059        0.511044
MDMin:  309 14:57:26    -2397.453140        0.497006
MDMin:  310 14:57:28    -2397.453230        0.479412
MDMin:  311 14:57:29    -2397.453328        0.458688
MDMin:  312 14:57:30    -2397.453432        0.436182
MDMin:  313 14:57:32    -2397.453524        0.447411
MDMin:  314 14:57:33    -2397.453579        0.428793
MDMin:  315 14:57:35    -2397.453623        0.430084
MDMin:  316 14:57:37    -2397.453672        0.430961
MDMin:  317 14:57:38    -2397.453730        0.431237
MDMin:  318 14:57:40    -2397.453796        0.430658
MDMin:  319 14:57:42    -2397.453870        0.428961
MDMin:  320 14:57:44    -2397.453954        0.425891
MDMin:  321 14:57:45    -2397.454048        0.421220
MDMin:  322 14:57:47    -2397.454152        0.414761
MDMin:  323 14:57:48    -2397.454267        0.406382
MDMin:  324 14:57:49    -2397.454395        0.396001
MDMin:  325 14:57:51    -2397.454536        0.383605
MDMin:  326 14:57:53    -2397.454690        0.369385
MDMin:  327 14:57:55    -2397.454846        0.355503
MDMin:  328 14:57:56    -2397.454954        0.436088
MDMin:  329 14:57:57    -2397.455001        0.339924
MDMin:  330 14:57:59    -2397.455061        0.334356
MDMin:  331 14:58:00    -2397.455130        0.327903
MDMin:  332 14:58:02    -2397.455211        0.320563
MDMin:  333 14:58:03    -2397.455303        0.312345
MDMin:  334 14:58:05    -2397.455408        0.303271
MDMin:  335 14:58:06    -2397.455526        0.293378
MDMin:  336 14:58:07    -2397.455658        0.282720
MDMin:  337 14:58:08    -2397.455806        0.271375
MDMin:  338 14:58:10    -2397.455969        0.259749
MDMin:  339 14:58:11    -2397.456151        0.255354
MDMin:  340 14:58:12    -2397.456351        0.250637
MDMin:  341 14:58:13    -2397.456517        0.245680
MDMin:  342 14:58:14    -2397.456424        0.240636
MDMin:  343 14:58:16    -2397.456341        0.415879
MDMin:  344 14:58:17    -2397.456309        0.234830
MDMin:  345 14:58:19    -2397.456280        0.233448
MDMin:  346 14:58:21    -2397.456247        0.231896
MDMin:  347 14:58:23    -2397.456208        0.230181
MDMin:  348 14:58:24    -2397.456166        0.228325
MDMin:  349 14:58:25    -2397.456118        0.226352
MDMin:  350 14:58:26    -2397.456066        0.224294
MDMin:  351 14:58:27    -2397.456009        0.222185
MDMin:  352 14:58:29    -2397.455948        0.220068
MDMin:  353 14:58:31    -2397.455883        0.217987
MDMin:  354 14:58:33    -2397.455814        0.215996
MDMin:  355 14:58:35    -2397.455742        0.214154
MDMin:  356 14:58:36    -2397.455666        0.212526
MDMin:  357 14:58:38    -2397.455590        0.211190
MDMin:  358 14:58:40    -2397.455517        0.226284
MDMin:  359 14:58:42    -2397.455469        0.305673
MDMin:  360 14:58:44    -2397.455450        0.209644
MDMin:  361 14:58:46    -2397.455426        0.209505
MDMin:  362 14:58:47    -2397.455399        0.209399
MDMin:  363 14:58:49    -2397.455369        0.209350
MDMin:  364 14:58:50    -2397.455336        0.209383
MDMin:  365 14:58:52    -2397.455300        0.209523
MDMin:  366 14:58:53    -2397.455262        0.209798
MDMin:  367 14:58:54    -2397.455222        0.210234
MDMin:  368 14:58:56    -2397.455180        0.210855
MDMin:  369 14:58:58    -2397.455136        0.211678
MDMin:  370 14:58:59    -2397.455091        0.212711
MDMin:  371 14:59:01    -2397.455046        0.213945
MDMin:  372 14:59:02    -2397.455000        0.215348
MDMin:  373 14:59:04    -2397.454954        0.216853
MDMin:  374 14:59:06    -2397.454909        0.218344
MDMin:  375 14:59:08    -2397.454866        0.219626
MDMin:  376 14:59:10    -2397.454834        0.313649
MDMin:  377 14:59:12    -2397.454820        0.220624
MDMin:  378 14:59:14    -2397.454808        0.220777
MDMin:  379 14:59:16    -2397.454794        0.220878
MDMin:  380 14:59:18    -2397.454778        0.220890
MDMin:  381 14:59:19    -2397.454762        0.220765
MDMin:  382 14:59:21    -2397.454745        0.220449
MDMin:  383 14:59:23    -2397.454727        0.219879
MDMin:  384 14:59:25    -2397.454709        0.218988
MDMin:  385 14:59:27    -2397.454691        0.217710
MDMin:  386 14:59:28    -2397.454672        0.215988
MDMin:  387 14:59:30    -2397.454655        0.213781
MDMin:  388 14:59:32    -2397.454638        0.211074
MDMin:  389 14:59:34    -2397.454622        0.207886
MDMin:  390 14:59:36    -2397.454608        0.204292
MDMin:  391 14:59:37    -2397.454595        0.200494
MDMin:  392 14:59:39    -2397.454586        0.252579
MDMin:  393 14:59:41    -2397.454580        0.228711
MDMin:  394 14:59:43    -2397.454577        0.237958
MDMin:  395 14:59:45    -2397.454574        0.247844
MDMin:  396 14:59:46    -2397.454571        0.258877
MDMin:  397 14:59:48    -2397.454568        0.270757
MDMin:  398 14:59:50    -2397.454565        0.282772
MDMin:  399 14:59:51    -2397.454563        0.293663
MDMin:  400 14:59:53    -2397.454562        0.301544
MDMin:  401 14:59:55    -2397.454562        0.304154
MDMin:  402 14:59:57    -2397.454562        0.299776
MDMin:  403 14:59:59    -2397.454564        0.288595
MDMin:  404 15:00:01    -2397.454568        0.272977
MDMin:  405 15:00:03    -2397.454574        0.255719
MDMin:  406 15:00:05    -2397.454582        0.238696
MDMin:  407 15:00:07    -2397.454591        0.286163
MDMin:  408 15:00:08    -2397.454596        0.216547
MDMin:  409 15:00:10    -2397.454601        0.211526
MDMin:  410 15:00:11    -2397.454606        0.205988
MDMin:  411 15:00:12    -2397.454612        0.199915
MDMin:  412 15:00:14    -2397.454619        0.193404
MDMin:  413 15:00:16    -2397.454628        0.186555
MDMin:  414 15:00:18    -2397.454639        0.179470
MDMin:  415 15:00:20    -2397.454651        0.177461
MDMin:  416 15:00:21    -2397.454666        0.178799
MDMin:  417 15:00:22    -2397.454684        0.180203
MDMin:  418 15:00:24    -2397.454704        0.181652
MDMin:  419 15:00:25    -2397.454727        0.183119
MDMin:  420 15:00:26    -2397.454754        0.184566
MDMin:  421 15:00:27    -2397.454785        0.185934
MDMin:  422 15:00:29    -2397.454818        0.210877
MDMin:  423 15:00:31    -2397.454844        0.297762
MDMin:  424 15:00:33    -2397.454855        0.188020
MDMin:  425 15:00:34    -2397.454867        0.188257
MDMin:  426 15:00:36    -2397.454882        0.188503
MDMin:  427 15:00:37    -2397.454899        0.188743
MDMin:  428 15:00:39    -2397.454919        0.188959
MDMin:  429 15:00:41    -2397.454942        0.189130
MDMin:  430 15:00:43    -2397.454968        0.189231
MDMin:  431 15:00:44    -2397.454998        0.189234
MDMin:  432 15:00:46    -2397.455031        0.189107
MDMin:  433 15:00:47    -2397.455069        0.188818
MDMin:  434 15:00:49    -2397.455111        0.188334
MDMin:  435 15:00:51    -2397.455158        0.187624
MDMin:  436 15:00:53    -2397.455210        0.186660
MDMin:  437 15:00:55    -2397.455268        0.185421
MDMin:  438 15:00:56    -2397.455333        0.183897
MDMin:  439 15:00:58    -2397.455405        0.182097
MDMin:  440 15:00:59    -2397.455484        0.180045
MDMin:  441 15:01:01    -2397.455571        0.177804
MDMin:  442 15:01:03    -2397.455659        0.263071
MDMin:  443 15:01:04    -2397.455707        0.299406
MDMin:  444 15:01:05    -2397.455718        0.174106
MDMin:  445 15:01:07    -2397.455734        0.173700
MDMin:  446 15:01:09    -2397.455756        0.173184
MDMin:  447 15:01:11    -2397.455782        0.172581
MDMin:  448 15:01:12    -2397.455812        0.171898
MDMin:  449 15:01:14    -2397.455847        0.171142
MDMin:  450 15:01:16    -2397.455887        0.170321
MDMin:  451 15:01:17    -2397.455932        0.169448
MDMin:  452 15:01:19    -2397.455982        0.168534
MDMin:  453 15:01:21    -2397.456038        0.167595
MDMin:  454 15:01:22    -2397.456100        0.166649
MDMin:  455 15:01:24    -2397.456167        0.165712
MDMin:  456 15:01:26    -2397.456242        0.164805
MDMin:  457 15:01:27    -2397.456323        0.163945
MDMin:  458 15:01:28    -2397.456410        0.163149
MDMin:  459 15:01:29    -2397.456505        0.162430
MDMin:  460 15:01:30    -2397.456608        0.161795
MDMin:  461 15:01:32    -2397.456718        0.161246
MDMin:  462 15:01:33    -2397.456836        0.160774
MDMin:  463 15:01:35    -2397.456962        0.160364
MDMin:  464 15:01:37    -2397.457090        0.161205
MDMin:  465 15:01:38    -2397.457193        0.325845
MDMin:  466 15:01:40    -2397.457227        0.159587
MDMin:  467 15:01:42    -2397.457267        0.159456
MDMin:  468 15:01:44    -2397.457245        0.159306
MDMin:  469 15:01:45    -2397.457233        0.159136
MDMin:  470 15:01:46    -2397.457221        0.159767
MDMin:  471 15:01:48    -2397.457208        0.160470
MDMin:  472 15:01:50    -2397.457194        0.161242
MDMin:  473 15:01:51    -2397.457180        0.162079
MDMin:  474 15:01:53    -2397.457166        0.162977
MDMin:  475 15:01:55    -2397.457151        0.163927
MDMin:  476 15:01:57    -2397.457136        0.164921
MDMin:  477 15:01:59    -2397.457121        0.175494
MDMin:  478 15:02:01    -2397.457105        0.191959
MDMin:  479 15:02:03    -2397.457089        0.210866
MDMin:  480 15:02:04    -2397.457073        0.231974
MDMin:  481 15:02:06    -2397.457057        0.254286
MDMin:  482 15:02:08    -2397.457041        0.275397
MDMin:  483 15:02:09    -2397.457025        0.290942
MDMin:  484 15:02:11    -2397.457011        0.296279
MDMin:  485 15:02:13    -2397.457001        0.293491
MDMin:  486 15:02:15    -2397.456994        0.289660
MDMin:  487 15:02:17    -2397.456988        0.284501
MDMin:  488 15:02:19    -2397.456982        0.277519
MDMin:  489 15:02:21    -2397.456974        0.268768
MDMin:  490 15:02:24    -2397.456966        0.258534
MDMin:  491 15:02:25    -2397.456956        0.247204
MDMin:  492 15:02:27    -2397.456947        0.235155
MDMin:  493 15:02:29    -2397.456936        0.222701
MDMin:  494 15:02:31    -2397.456925        0.210111
MDMin:  495 15:02:32    -2397.456914        0.197638
MDMin:  496 15:02:33    -2397.456902        0.185548
MDMin:  497 15:02:35    -2397.456890        0.182043
MDMin:  498 15:02:37    -2397.456879        0.245285
MDMin:  499 15:02:39    -2397.456873        0.186588
MDMin:  500 15:02:41    -2397.456868        0.184365
MDMin:  501 15:02:43    -2397.456864        0.184891
MDMin:  502 15:02:45    -2397.456859        0.185506
MDMin:  503 15:02:47    -2397.456853        0.186220
MDMin:  504 15:02:48    -2397.456847        0.187038
MDMin:  505 15:02:50    -2397.456841        0.187968
MDMin:  506 15:02:52    -2397.456834        0.189016
MDMin:  507 15:02:53    -2397.456826        0.190188
MDMin:  508 15:02:55    -2397.456818        0.191490
MDMin:  509 15:02:57    -2397.456810        0.192924
MDMin:  510 15:02:58    -2397.456802        0.194492
MDMin:  511 15:02:59    -2397.456793        0.196187
MDMin:  512 15:03:01    -2397.456785        0.197975
MDMin:  513 15:03:03    -2397.456777        0.201919
MDMin:  514 15:03:05    -2397.456772        0.230362
MDMin:  515 15:03:06    -2397.456770        0.201287
MDMin:  516 15:03:07    -2397.456767        0.201886
MDMin:  517 15:03:09    -2397.456764        0.202578
MDMin:  518 15:03:11    -2397.456761        0.203363
MDMin:  519 15:03:13    -2397.456758        0.204240
MDMin:  520 15:03:14    -2397.456754        0.205206
MDMin:  521 15:03:17    -2397.456751        0.206259
MDMin:  522 15:03:18    -2397.456747        0.207392
MDMin:  523 15:03:20    -2397.456743        0.208598
MDMin:  524 15:03:21    -2397.456740        0.209864
MDMin:  525 15:03:23    -2397.456736        0.211174
MDMin:  526 15:03:25    -2397.456733        0.212510
MDMin:  527 15:03:27    -2397.456731        0.213843
MDMin:  528 15:03:29    -2397.456729        0.215140
MDMin:  529 15:03:30    -2397.456728        0.216357
MDMin:  530 15:03:32    -2397.456728        0.217440
MDMin:  531 15:03:33    -2397.456729        0.218319
MDMin:  532 15:03:34    -2397.456731        0.218903
MDMin:  533 15:03:35    -2397.456734        0.262818
MDMin:  534 15:03:36    -2397.456736        0.226612
MDMin:  535 15:03:37    -2397.456737        0.218874
MDMin:  536 15:03:38    -2397.456738        0.218746
MDMin:  537 15:03:40    -2397.456739        0.218568
MDMin:  538 15:03:41    -2397.456741        0.218322
MDMin:  539 15:03:42    -2397.456744        0.217991
MDMin:  540 15:03:43    -2397.456746        0.217550
MDMin:  541 15:03:45    -2397.456750        0.216970
MDMin:  542 15:03:47    -2397.456754        0.216219
MDMin:  543 15:03:49    -2397.456758        0.215260
MDMin:  544 15:03:51    -2397.456764        0.214052
MDMin:  545 15:03:53    -2397.456771        0.212554
MDMin:  546 15:03:55    -2397.456778        0.212542
MDMin:  547 15:03:57    -2397.456787        0.215276
MDMin:  548 15:03:59    -2397.456797        0.218137
MDMin:  549 15:04:01    -2397.456809        0.221117
MDMin:  550 15:04:02    -2397.456823        0.224212
MDMin:  551 15:04:03    -2397.456838        0.227421
MDMin:  552 15:04:05    -2397.456855        0.230748
MDMin:  553 15:04:07    -2397.456874        0.234191
MDMin:  554 15:04:09    -2397.456894        0.237604
MDMin:  555 15:04:11    -2397.456910        0.321240
MDMin:  556 15:04:12    -2397.456915        0.240631
MDMin:  557 15:04:14    -2397.456921        0.241535
MDMin:  558 15:04:16    -2397.456928        0.242596
MDMin:  559 15:04:18    -2397.456937        0.243824
MDMin:  560 15:04:20    -2397.456947        0.245225
MDMin:  561 15:04:22    -2397.456958        0.246805
MDMin:  562 15:04:24    -2397.456971        0.248567
MDMin:  563 15:04:25    -2397.456985        0.250511
MDMin:  564 15:04:26    -2397.457001        0.252629
MDMin:  565 15:04:27    -2397.457018        0.254904
MDMin:  566 15:04:28    -2397.457037        0.257304
MDMin:  567 15:04:30    -2397.457058        0.259780
MDMin:  568 15:04:32    -2397.457080        0.262269
MDMin:  569 15:04:33    -2397.457104        0.264670
MDMin:  570 15:04:35    -2397.457129        0.266859
MDMin:  571 15:04:37    -2397.457156        0.268697
MDMin:  572 15:04:38    -2397.457184        0.270036
MDMin:  573 15:04:40    -2397.457211        0.270755
MDMin:  574 15:04:41    -2397.457232        0.270907
MDMin:  575 15:04:43    -2397.457244        0.270842
MDMin:  576 15:04:45    -2397.457256        0.270689
MDMin:  577 15:04:46    -2397.457270        0.270427
MDMin:  578 15:04:48    -2397.457285        0.271552
MDMin:  579 15:04:50    -2397.457303        0.279481
MDMin:  580 15:04:51    -2397.457322        0.284674
MDMin:  581 15:04:52    -2397.457343        0.285511
MDMin:  582 15:04:53    -2397.457367        0.280856
MDMin:  583 15:04:54    -2397.457392        0.270833
MDMin:  584 15:04:56    -2397.457421        0.264322
MDMin:  585 15:04:57    -2397.457452        0.263012
MDMin:  586 15:04:59    -2397.457486        0.261808
MDMin:  587 15:05:01    -2397.457522        0.260860
MDMin:  588 15:05:03    -2397.457556        0.260321
MDMin:  589 15:05:05    -2397.457577        0.260157
MDMin:  590 15:05:06    -2397.457590        0.260126
MDMin:  591 15:05:07    -2397.457605        0.260163
MDMin:  592 15:05:09    -2397.457622        0.260304
MDMin:  593 15:05:11    -2397.457642        0.260591
MDMin:  594 15:05:13    -2397.457664        0.261074
MDMin:  595 15:05:14    -2397.457688        0.261808
MDMin:  596 15:05:15    -2397.457715        0.262856
MDMin:  597 15:05:17    -2397.457745        0.264285
MDMin:  598 15:05:19    -2397.457778        0.266169
MDMin:  599 15:05:21    -2397.457814        0.268586
MDMin:  600 15:05:23    -2397.457853        0.271618
MDMin:  601 15:05:24    -2397.457895        0.275347
MDMin:  602 15:05:26    -2397.457940        0.279834
MDMin:  603 15:05:27    -2397.457987        0.285000
MDMin:  604 15:05:29    -2397.458029        0.289957
MDMin:  605 15:05:31    -2397.458051        0.292663
MDMin:  606 15:05:32    -2397.458067        0.294704
MDMin:  607 15:05:34    -2397.458086        0.297100
MDMin:  608 15:05:36    -2397.458107        0.299931
MDMin:  609 15:05:37    -2397.458131        0.303240
MDMin:  610 15:05:39    -2397.458157        0.307071
MDMin:  611 15:05:41    -2397.458187        0.311473
MDMin:  612 15:05:43    -2397.458219        0.316493
MDMin:  613 15:05:45    -2397.458255        0.322183
MDMin:  614 15:05:47    -2397.458293        0.328591
MDMin:  615 15:05:48    -2397.458335        0.335762
MDMin:  616 15:05:50    -2397.458379        0.343730
MDMin:  617 15:05:51    -2397.458427        0.352515
MDMin:  618 15:05:53    -2397.458478        0.362105
MDMin:  619 15:05:54    -2397.458499        0.372396
MDMin:  620 15:05:56    -2397.458482        0.382845
MDMin:  621 15:05:57    -2397.458471        0.391763
MDMin:  622 15:05:59    -2397.458465        0.396719
MDMin:  623 15:06:01    -2397.458461        0.400623
MDMin:  624 15:06:03    -2397.458456        0.405014
MDMin:  625 15:06:04    -2397.458451        0.409991
MDMin:  626 15:06:05    -2397.458446        0.415554
MDMin:  627 15:06:07    -2397.458440        0.421695
MDMin:  628 15:06:09    -2397.458433        0.428398
MDMin:  629 15:06:11    -2397.458426        0.435640
MDMin:  630 15:06:13    -2397.458419        0.443400
MDMin:  631 15:06:15    -2397.458411        0.451657
MDMin:  632 15:06:17    -2397.458403        0.460394
MDMin:  633 15:06:19    -2397.458394        0.469606
MDMin:  634 15:06:21    -2397.458385        0.479292
MDMin:  635 15:06:22    -2397.458375        0.489432
MDMin:  636 15:06:24    -2397.458365        0.499833
MDMin:  637 15:06:25    -2397.458356        0.509555
MDMin:  638 15:06:26    -2397.458349        0.516346
MDMin:  639 15:06:27    -2397.458345        0.520572
MDMin:  640 15:06:28    -2397.458340        0.525077
MDMin:  641 15:06:29    -2397.458335        0.530276
MDMin:  642 15:06:31    -2397.458330        0.536237
MDMin:  643 15:06:33    -2397.458324        0.543000
MDMin:  644 15:06:35    -2397.458317        0.550595
MDMin:  645 15:06:36    -2397.458311        0.559043
MDMin:  646 15:06:38    -2397.458303        0.568352
MDMin:  647 15:06:39    -2397.458296        0.578512
MDMin:  648 15:06:40    -2397.458288        0.589488
MDMin:  649 15:06:42    -2397.458279        0.601218
MDMin:  650 15:06:43    -2397.458271        0.613609
MDMin:  651 15:06:44    -2397.458262        0.626491
MDMin:  652 15:06:46    -2397.458253        0.639440
MDMin:  653 15:06:48    -2397.458246        0.651170
MDMin:  654 15:06:49    -2397.458240        0.659543
MDMin:  655 15:06:51    -2397.458236        0.665432
MDMin:  656 15:06:52    -2397.458232        0.671562
MDMin:  657 15:06:54    -2397.458228        0.678646
MDMin:  658 15:06:55    -2397.458223        0.686863
MDMin:  659 15:06:57    -2397.458219        0.696291
MDMin:  660 15:06:59    -2397.458213        0.706941
MDMin:  661 15:07:01    -2397.458208        0.718750
MDMin:  662 15:07:02    -2397.458202        0.731559
MDMin:  663 15:07:04    -2397.458197        0.745125
MDMin:  664 15:07:06    -2397.458191        0.759152
MDMin:  665 15:07:08    -2397.458185        0.773308
MDMin:  666 15:07:10    -2397.458179        0.787198
MDMin:  667 15:07:12    -2397.458174        0.800200
MDMin:  668 15:07:13    -2397.458169        0.811211
MDMin:  669 15:07:15    -2397.458165        0.819199
MDMin:  670 15:07:17    -2397.458162        0.824730
MDMin:  671 15:07:19    -2397.458159        0.829138
MDMin:  672 15:07:20    -2397.458156        0.832723
MDMin:  673 15:07:22    -2397.458153        0.834737
MDMin:  674 15:07:23    -2397.458150        0.833562
MDMin:  675 15:07:25    -2397.458147        0.838052
MDMin:  676 15:07:27    -2397.458144        0.936997
MDMin:  677 15:07:28    -2397.458141        1.055738
MDMin:  678 15:07:30    -2397.458138        1.196608
MDMin:  679 15:07:32    -2397.458135        1.361810
MDMin:  680 15:07:33    -2397.458133        1.561355
MDMin:  681 15:07:34    -2397.458130        1.961449
MDMin:  682 15:07:36    -2397.458129        1.703355
MDMin:  683 15:07:37    -2397.458127        1.867087
MDMin:  684 15:07:39    -2397.458125        1.776706
MDMin:  685 15:07:41    -2397.458123        1.488901
MDMin:  686 15:07:43    -2397.458121        1.050413
MDMin:  687 15:07:44    -2397.458118        0.708626
MDMin:  688 15:07:45    -2397.458116        0.663252
MDMin:  689 15:07:47    -2397.458113        0.471233
MDMin:  690 15:07:49    -2397.458112        0.663016
MDMin:  691 15:07:50    -2397.458111        0.746645
MDMin:  692 15:07:51    -2397.458110        0.777613
MDMin:  693 15:07:52    -2397.458110        0.804919
MDMin:  694 15:07:53    -2397.458109        0.828043
MDMin:  695 15:07:54    -2397.458109        0.844809
MDMin:  696 15:07:56    -2397.458109        0.853298
MDMin:  697 15:07:57    -2397.458108        0.851842
MDMin:  698 15:07:59    -2397.458108        0.838840
MDMin:  699 15:08:00    -2397.458108        0.812418
MDMin:  700 15:08:02    -2397.458108        0.824051
MDMin:  701 15:08:03    -2397.458108        0.966062
MDMin:  702 15:08:05    -2397.458108        1.122725
MDMin:  703 15:08:07    -2397.458108        1.299410
MDMin:  704 15:08:09    -2397.458108        1.504915
MDMin:  705 15:08:10    -2397.458109        1.759307
MDMin:  706 15:08:12    -2397.458109        1.316497
MDMin:  707 15:08:13    -2397.458110        0.619932
MDMin:  708 15:08:15    -2397.458112        0.591935
MDMin:  709 15:08:17    -2397.458112        0.853183
MDMin:  710 15:08:18    -2397.458112        1.041450
MDMin:  711 15:08:19    -2397.458112        1.346712
MDMin:  712 15:08:21    -2397.458113        2.163162
MDMin:  713 15:08:23    -2397.458113        0.410475
MDMin:  714 15:08:24    -2397.458113        0.460839
MDMin:  715 15:08:26    -2397.458113        1.121437
MDMin:  716 15:08:28    -2397.458113        1.708799
MDMin:  717 15:08:30    -2397.458114        1.705878
MDMin:  718 15:08:32    -2397.458114        1.682573
MDMin:  719 15:08:34    -2397.458114        1.644771
MDMin:  720 15:08:36    -2397.458115        1.594516
MDMin:  721 15:08:37    -2397.458115        1.533120
MDMin:  722 15:08:39    -2397.458116        1.461850
MDMin:  723 15:08:41    -2397.458117        1.382339
MDMin:  724 15:08:43    -2397.458118        1.296734
MDMin:  725 15:08:45    -2397.458119        1.207483
MDMin:  726 15:08:46    -2397.458121        1.116748
MDMin:  727 15:08:47    -2397.458123        1.025652
MDMin:  728 15:08:49    -2397.458125        0.933416
MDMin:  729 15:08:51    -2397.458128        0.837126
MDMin:  730 15:08:53    -2397.458131        0.861010
MDMin:  731 15:08:54    -2397.458134        0.905341
MDMin:  732 15:08:56    -2397.458137        0.930362
MDMin:  733 15:08:57    -2397.458141        0.918423
MDMin:  734 15:08:58    -2397.458146        0.857241
MDMin:  735 15:08:59    -2397.458151        0.744655
MDMin:  736 15:09:01    -2397.458158        0.588439
MDMin:  737 15:09:03    -2397.458165        0.601860
MDMin:  738 15:09:04    -2397.458174        0.641527
MDMin:  739 15:09:06    -2397.458184        0.654430
MDMin:  740 15:09:08    -2397.458196        0.641130
MDMin:  741 15:09:10    -2397.458208        0.599945
MDMin:  742 15:09:11    -2397.458220        0.536455
MDMin:  743 15:09:13    -2397.458232        0.643685
MDMin:  744 15:09:15    -2397.458240        1.060859
MDMin:  745 15:09:17    -2397.458241        0.757478
MDMin:  746 15:09:19    -2397.458242        0.705459
MDMin:  747 15:09:20    -2397.458244        0.713944
MDMin:  748 15:09:22    -2397.458246        0.723691
MDMin:  749 15:09:24    -2397.458249        0.733824
MDMin:  750 15:09:26    -2397.458253        0.743614
MDMin:  751 15:09:28    -2397.458257        0.752135
MDMin:  752 15:09:30    -2397.458261        0.758256
MDMin:  753 15:09:31    -2397.458266        0.760616
MDMin:  754 15:09:33    -2397.458271        0.757605
MDMin:  755 15:09:34    -2397.458277        0.747348
MDMin:  756 15:09:36    -2397.458283        0.727676
MDMin:  757 15:09:37    -2397.458290        0.696078
MDMin:  758 15:09:39    -2397.458297        0.666373
MDMin:  759 15:09:40    -2397.458305        0.790455
MDMin:  760 15:09:42    -2397.458313        0.920112
MDMin:  761 15:09:44    -2397.458321        1.046882
MDMin:  762 15:09:46    -2397.458330        1.153850
MDMin:  763 15:09:48    -2397.458338        1.206331
MDMin:  764 15:09:50    -2397.458347        1.139898
MDMin:  765 15:09:51    -2397.458356        0.869483
MDMin:  766 15:09:53    -2397.458365        2.159730
MDMin:  767 15:09:55    -2397.458367        1.469938
MDMin:  768 15:09:57    -2397.458369        1.279733
MDMin:  769 15:09:58    -2397.458373        0.809227
MDMin:  770 15:10:00    -2397.458378        0.452682
MDMin:  771 15:10:01    -2397.458385        0.368212
MDMin:  772 15:10:03    -2397.458390        0.501267
MDMin:  773 15:10:05    -2397.458394        0.624233
MDMin:  774 15:10:07    -2397.458399        0.702206
MDMin:  775 15:10:08    -2397.458403        0.742749
MDMin:  776 15:10:09    -2397.458408        0.748042
MDMin:  777 15:10:11    -2397.458414        0.718920
MDMin:  778 15:10:13    -2397.458420        0.656454
MDMin:  779 15:10:14    -2397.458426        0.560176
MDMin:  780 15:10:16    -2397.458434        0.431879
MDMin:  781 15:10:18    -2397.458445        0.739361
MDMin:  782 15:10:20    -2397.458445        1.340187
MDMin:  783 15:10:22    -2397.458446        0.249302
MDMin:  784 15:10:24    -2397.458447        0.349560
MDMin:  785 15:10:25    -2397.458448        0.419668
MDMin:  786 15:10:27    -2397.458450        0.400994
MDMin:  787 15:10:29    -2397.458453        0.403355
MDMin:  788 15:10:30    -2397.458456        0.645838
MDMin:  789 15:10:32    -2397.458459        1.049403
MDMin:  790 15:10:34    -2397.458461        1.290553
MDMin:  791 15:10:36    -2397.458464        1.379192
MDMin:  792 15:10:37    -2397.458468        1.371918
MDMin:  793 15:10:39    -2397.458472        1.303535
MDMin:  794 15:10:41    -2397.458477        1.189978
MDMin:  795 15:10:42    -2397.458483        1.036924
MDMin:  796 15:10:44    -2397.458490        0.955951
MDMin:  797 15:10:45    -2397.458499        0.880994
MDMin:  798 15:10:47    -2397.458509        0.767805
MDMin:  799 15:10:49    -2397.458522        0.614791
MDMin:  800 15:10:51    -2397.458537        0.445621
MDMin:  801 15:10:53    -2397.458554        0.435446
MDMin:  802 15:10:55    -2397.458574        0.509664
MDMin:  803 15:10:57    -2397.458593        0.503128
MDMin:  804 15:10:58    -2397.458611        0.480664
MDMin:  805 15:11:00    -2397.458629        0.592599
MDMin:  806 15:11:02    -2397.458646        0.656624
MDMin:  807 15:11:03    -2397.458663        0.674519
MDMin:  808 15:11:05    -2397.458681        0.650223
MDMin:  809 15:11:07    -2397.458699        0.591089
MDMin:  810 15:11:09    -2397.458719        0.507669
MDMin:  811 15:11:11    -2397.458742        0.409856
MDMin:  812 15:11:12    -2397.458768        0.307135
MDMin:  813 15:11:13    -2397.458799        0.268502
MDMin:  814 15:11:14    -2397.458834        0.274373
MDMin:  815 15:11:16    -2397.458872        0.272924
MDMin:  816 15:11:18    -2397.458909        0.408012
MDMin:  817 15:11:19    -2397.458916        0.263219
MDMin:  818 15:11:21    -2397.458923        0.264899
MDMin:  819 15:11:23    -2397.458931        0.266441
MDMin:  820 15:11:25    -2397.458940        0.267617
MDMin:  821 15:11:26    -2397.458950        0.268140
MDMin:  822 15:11:28    -2397.458962        0.267674
MDMin:  823 15:11:30    -2397.458966        0.265839
MDMin:  824 15:11:31    -2397.458955        0.262226
MDMin:  825 15:11:32    -2397.458944        0.256435
MDMin:  826 15:11:34    -2397.458933        0.248092
MDMin:  827 15:11:36    -2397.458920        0.237012
MDMin:  828 15:11:37    -2397.458906        0.223974
MDMin:  829 15:11:39    -2397.458891        0.204438
MDMin:  830 15:11:41    -2397.458873        0.182757
MDMin:  831 15:11:42    -2397.458854        0.157642
MDMin:  832 15:11:44    -2397.458831        0.131073
