       Step     Time          Energy          fmax
MDMin:    0 02:55:50    -2394.062308        8.182044
MDMin:    1 02:55:52    -2394.064001        8.381319
MDMin:    2 02:55:54    -2394.069107        8.563928
MDMin:    3 02:55:55    -2394.077804        7.411668
MDMin:    4 02:55:56    -2394.090866        8.076311
MDMin:    5 02:55:57    -2394.109378        6.965079
MDMin:    6 02:55:59    -2394.123814        5.417452
MDMin:    7 02:56:01    -2394.139505        5.823041
MDMin:    8 02:56:02    -2394.158599        2.591118
MDMin:    9 02:56:03    -2394.187517        2.486137
MDMin:   10 02:56:04    -2394.227119        3.778868
MDMin:   11 02:56:06    -2394.271016        3.796631
MDMin:   12 02:56:07    -2394.294704        2.300987
MDMin:   13 02:56:08    -2394.328833        1.740513
MDMin:   14 02:56:10    -2394.374044        2.172050
MDMin:   15 02:56:12    -2394.419749        2.038859
MDMin:   16 02:56:14    -2394.465259        1.667620
MDMin:   17 02:56:15    -2394.510449        1.327191
MDMin:   18 02:56:16    -2394.558249        1.234202
MDMin:   19 02:56:18    -2394.614140        1.253655
MDMin:   20 02:56:19    -2394.684084        1.357325
MDMin:   21 02:56:21    -2394.773671        1.478048
MDMin:   22 02:56:22    -2394.888872        1.609761
MDMin:   23 02:56:24    -2395.035720        1.731502
MDMin:   24 02:56:26    -2395.216300        1.794557
MDMin:   25 02:56:28    -2395.417615        1.725228
MDMin:   26 02:56:29    -2395.475410        1.489541
MDMin:   27 02:56:31    -2395.514640        1.044779
MDMin:   28 02:56:33    -2395.543970        0.672971
MDMin:   29 02:56:35    -2395.566095        1.484689
MDMin:   30 02:56:36    -2395.572480        0.551100
MDMin:   31 02:56:37    -2395.576515        0.422628
MDMin:   32 02:56:39    -2395.581391        0.412541
MDMin:   33 02:56:41    -2395.586977        0.401505
MDMin:   34 02:56:43    -2395.593236        0.389793
MDMin:   35 02:56:45    -2395.600138        0.377671
MDMin:   36 02:56:47    -2395.607657        0.365378
MDMin:   37 02:56:49    -2395.615773        0.353123
MDMin:   38 02:56:51    -2395.624470        0.341079
MDMin:   39 02:56:53    -2395.633732        0.329382
MDMin:   40 02:56:55    -2395.643541        0.318123
MDMin:   41 02:56:57    -2395.653875        0.307351
MDMin:   42 02:56:58    -2395.664700        0.297075
MDMin:   43 02:57:00    -2395.675974        0.296560
MDMin:   44 02:57:02    -2395.687640        0.296453
MDMin:   45 02:57:04    -2395.699629        0.296138
MDMin:   46 02:57:06    -2395.711856        0.295628
MDMin:   47 02:57:08    -2395.724225        0.294937
MDMin:   48 02:57:10    -2395.736604        0.294072
MDMin:   49 02:57:12    -2395.747697        0.344855
MDMin:   50 02:57:14    -2395.755327        0.742712
MDMin:   51 02:57:16    -2395.756522        0.366492
MDMin:   52 02:57:17    -2395.758405        0.291655
MDMin:   53 02:57:19    -2395.760614        0.291324
MDMin:   54 02:57:20    -2395.763100        0.290945
MDMin:   55 02:57:21    -2395.765845        0.290512
MDMin:   56 02:57:22    -2395.768827        0.290022
MDMin:   57 02:57:24    -2395.772025        0.289464
MDMin:   58 02:57:26    -2395.775417        0.288826
MDMin:   59 02:57:28    -2395.778980        0.288088
MDMin:   60 02:57:30    -2395.782694        0.287223
MDMin:   61 02:57:32    -2395.786538        0.286196
MDMin:   62 02:57:34    -2395.790491        0.284953
MDMin:   63 02:57:35    -2395.794535        0.283421
MDMin:   64 02:57:37    -2395.798654        0.281496
MDMin:   65 02:57:39    -2395.802830        0.279035
MDMin:   66 02:57:41    -2395.807046        0.275851
MDMin:   67 02:57:43    -2395.811254        0.271741
MDMin:   68 02:57:45    -2395.815134        0.553980
MDMin:   69 02:57:47    -2395.817292        0.658601
MDMin:   70 02:57:49    -2395.817894        0.278015
MDMin:   71 02:57:51    -2395.818753        0.261297
MDMin:   72 02:57:53    -2395.819776        0.259532
MDMin:   73 02:57:54    -2395.820954        0.257402
MDMin:   74 02:57:55    -2395.822281        0.254871
MDMin:   75 02:57:57    -2395.823754        0.251903
MDMin:   76 02:57:59    -2395.825368        0.248463
MDMin:   77 02:58:01    -2395.827117        0.244526
MDMin:   78 02:58:03    -2395.828997        0.240077
MDMin:   79 02:58:05    -2395.831003        0.235130
MDMin:   80 02:58:07    -2395.833131        0.234289
MDMin:   81 02:58:09    -2395.835375        0.236282
MDMin:   82 02:58:11    -2395.837732        0.246678
MDMin:   83 02:58:13    -2395.840197        0.262188
MDMin:   84 02:58:15    -2395.842763        0.281982
MDMin:   85 02:58:17    -2395.845425        0.306787
MDMin:   86 02:58:19    -2395.848170        0.338244
MDMin:   87 02:58:21    -2395.850985        0.378529
MDMin:   88 02:58:23    -2395.853846        0.430862
MDMin:   89 02:58:25    -2395.856706        0.498329
MDMin:   90 02:58:27    -2395.859453        0.580630
MDMin:   91 02:58:29    -2395.861799        0.667025
MDMin:   92 02:58:31    -2395.863401        0.735261
MDMin:   93 02:58:33    -2395.864630        0.791404
MDMin:   94 02:58:35    -2395.865908        0.850776
MDMin:   95 02:58:37    -2395.867293        0.913004
MDMin:   96 02:58:39    -2395.868793        0.972693
MDMin:   97 02:58:41    -2395.870420        1.020862
MDMin:   98 02:58:43    -2395.872195        1.045522
MDMin:   99 02:58:45    -2395.874157        1.033967
MDMin:  100 02:58:47    -2395.876371        0.977364
MDMin:  101 02:58:49    -2395.878934        0.876464
MDMin:  102 02:58:51    -2395.881974        0.745232
MDMin:  103 02:58:52    -2395.885649        0.608078
MDMin:  104 02:58:54    -2395.890122        0.544263
MDMin:  105 02:58:55    -2395.895557        0.525817
MDMin:  106 02:58:57    -2395.902069        0.524821
MDMin:  107 02:58:59    -2395.908730        1.127694
MDMin:  108 02:59:01    -2395.911038        0.507546
MDMin:  109 02:59:02    -2395.913309        0.498723
MDMin:  110 02:59:04    -2395.916122        0.487173
MDMin:  111 02:59:06    -2395.919571        0.502176
MDMin:  112 02:59:07    -2395.923784        0.535180
MDMin:  113 02:59:09    -2395.928932        0.575797
MDMin:  114 02:59:11    -2395.935246        0.625079
MDMin:  115 02:59:12    -2395.943044        0.683410
MDMin:  116 02:59:14    -2395.952761        0.749476
MDMin:  117 02:59:15    -2395.965008        0.818659
MDMin:  118 02:59:16    -2395.980649        0.881408
MDMin:  119 02:59:18    -2396.000913        0.923438
MDMin:  120 02:59:19    -2396.027464        0.930776
MDMin:  121 02:59:20    -2396.062237        0.948553
MDMin:  122 02:59:22    -2396.106560        1.045524
MDMin:  123 02:59:23    -2396.159232        1.086562
MDMin:  124 02:59:26    -2396.190645        0.978683
MDMin:  125 02:59:27    -2396.208698        0.978763
MDMin:  126 02:59:29    -2396.230330        0.920177
MDMin:  127 02:59:31    -2396.255337        0.775868
MDMin:  128 02:59:33    -2396.282830        0.668575
MDMin:  129 02:59:35    -2396.311348        0.607245
MDMin:  130 02:59:37    -2396.329104        0.549460
MDMin:  131 02:59:39    -2396.339170        0.465413
MDMin:  132 02:59:40    -2396.347810        0.441531
MDMin:  133 02:59:41    -2396.355280        0.416731
MDMin:  134 02:59:43    -2396.361743        0.390663
MDMin:  135 02:59:44    -2396.367036        0.689881
MDMin:  136 02:59:46    -2396.368625        0.724632
MDMin:  137 02:59:48    -2396.368689        0.665451
MDMin:  138 02:59:50    -2396.368884        0.505655
MDMin:  139 02:59:52    -2396.369232        0.353089
MDMin:  140 02:59:54    -2396.369743        0.350220
MDMin:  141 02:59:56    -2396.370385        0.346520
MDMin:  142 02:59:57    -2396.371136        0.342063
MDMin:  143 02:59:59    -2396.371987        0.336852
MDMin:  144 03:00:01    -2396.372930        0.330885
MDMin:  145 03:00:03    -2396.373956        0.324143
MDMin:  146 03:00:05    -2396.375058        0.316599
MDMin:  147 03:00:07    -2396.376227        0.308219
MDMin:  148 03:00:08    -2396.377454        0.298977
MDMin:  149 03:00:10    -2396.378733        0.288863
MDMin:  150 03:00:12    -2396.380055        0.277894
MDMin:  151 03:00:13    -2396.381414        0.266133
MDMin:  152 03:00:14    -2396.382803        0.253696
MDMin:  153 03:00:15    -2396.384216        0.240762
MDMin:  154 03:00:17    -2396.385647        0.227560
MDMin:  155 03:00:19    -2396.387090        0.214355
MDMin:  156 03:00:21    -2396.388539        0.201411
MDMin:  157 03:00:23    -2396.389989        0.189947
MDMin:  158 03:00:24    -2396.391425        0.204252
MDMin:  159 03:00:26    -2396.392769        0.471530
MDMin:  160 03:00:28    -2396.393478        0.557563
MDMin:  161 03:00:30    -2396.393577        0.416476
MDMin:  162 03:00:32    -2396.393740        0.251873
MDMin:  163 03:00:35    -2396.393967        0.177787
MDMin:  164 03:00:37    -2396.394244        0.176530
MDMin:  165 03:00:39    -2396.394565        0.175785
MDMin:  166 03:00:41    -2396.394927        0.174993
MDMin:  167 03:00:43    -2396.395331        0.174163
MDMin:  168 03:00:45    -2396.395773        0.173334
MDMin:  169 03:00:47    -2396.396251        0.172531
MDMin:  170 03:00:49    -2396.396764        0.171782
MDMin:  171 03:00:51    -2396.397309        0.171109
MDMin:  172 03:00:53    -2396.397883        0.170532
MDMin:  173 03:00:55    -2396.398485        0.170060
MDMin:  174 03:00:57    -2396.399111        0.169697
MDMin:  175 03:00:58    -2396.399760        0.169426
MDMin:  176 03:01:00    -2396.400429        0.169233
MDMin:  177 03:01:02    -2396.401115        0.169058
MDMin:  178 03:01:04    -2396.401817        0.168898
MDMin:  179 03:01:06    -2396.402516        0.168575
MDMin:  180 03:01:07    -2396.402927        0.168340
MDMin:  181 03:01:08    -2396.403325        0.167268
MDMin:  182 03:01:10    -2396.403712        0.168811
MDMin:  183 03:01:11    -2396.404083        0.297021
MDMin:  184 03:01:13    -2396.404377        0.497914
MDMin:  185 03:01:15    -2396.404468        0.168817
MDMin:  186 03:01:16    -2396.404561        0.163926
MDMin:  187 03:01:18    -2396.404666        0.163419
MDMin:  188 03:01:20    -2396.404782        0.163012
MDMin:  189 03:01:21    -2396.404908        0.162451
MDMin:  190 03:01:23    -2396.405044        0.161864
MDMin:  191 03:01:25    -2396.405188        0.161171
MDMin:  192 03:01:27    -2396.405342        0.160447
MDMin:  193 03:01:29    -2396.405502        0.159618
MDMin:  194 03:01:31    -2396.405670        0.158782
MDMin:  195 03:01:33    -2396.405844        0.157814
MDMin:  196 03:01:35    -2396.406023        0.156928
MDMin:  197 03:01:37    -2396.406207        0.155773
MDMin:  198 03:01:40    -2396.406395        0.155050
MDMin:  199 03:01:42    -2396.406584        0.175773
MDMin:  200 03:01:44    -2396.406766        0.261549
MDMin:  201 03:01:46    -2396.406910        0.408934
MDMin:  202 03:01:48    -2396.406975        0.181400
MDMin:  203 03:01:50    -2396.407034        0.155196
MDMin:  204 03:01:52    -2396.407101        0.155974
MDMin:  205 03:01:54    -2396.407174        0.156854
MDMin:  206 03:01:56    -2396.407255        0.157832
MDMin:  207 03:01:58    -2396.407342        0.158907
MDMin:  208 03:02:00    -2396.407436        0.160072
MDMin:  209 03:02:02    -2396.407535        0.161323
MDMin:  210 03:02:04    -2396.407639        0.162648
MDMin:  211 03:02:06    -2396.407749        0.164037
MDMin:  212 03:02:08    -2396.407863        0.165476
MDMin:  213 03:02:10    -2396.407980        0.166947
MDMin:  214 03:02:12    -2396.408101        0.168430
MDMin:  215 03:02:14    -2396.408225        0.169897
MDMin:  216 03:02:16    -2396.408349        0.171307
MDMin:  217 03:02:18    -2396.408469        0.281919
MDMin:  218 03:02:19    -2396.408564        0.387304
MDMin:  219 03:02:21    -2396.408614        0.212165
MDMin:  220 03:02:23    -2396.408657        0.174219
MDMin:  221 03:02:25    -2396.408704        0.174568
MDMin:  222 03:02:27    -2396.408757        0.174932
MDMin:  223 03:02:29    -2396.408814        0.175301
MDMin:  224 03:02:31    -2396.408875        0.175661
MDMin:  225 03:02:33    -2396.408941        0.175995
MDMin:  226 03:02:35    -2396.409011        0.176284
MDMin:  227 03:02:37    -2396.409085        0.176507
MDMin:  228 03:02:40    -2396.409162        0.176641
MDMin:  229 03:02:42    -2396.409242        0.176660
MDMin:  230 03:02:44    -2396.409324        0.176539
MDMin:  231 03:02:46    -2396.409409        0.176252
MDMin:  232 03:02:48    -2396.409495        0.192251
MDMin:  233 03:02:50    -2396.409576        0.312703
MDMin:  234 03:02:52    -2396.409639        0.372971
MDMin:  235 03:02:54    -2396.409675        0.196812
MDMin:  236 03:02:56    -2396.409709        0.180200
MDMin:  237 03:02:58    -2396.409746        0.180556
MDMin:  238 03:03:00    -2396.409787        0.180910
MDMin:  239 03:03:02    -2396.409832        0.181248
MDMin:  240 03:03:04    -2396.409880        0.181551
MDMin:  241 03:03:06    -2396.409932        0.181803
MDMin:  242 03:03:08    -2396.409987        0.181984
MDMin:  243 03:03:09    -2396.410045        0.182072
MDMin:  244 03:03:11    -2396.410107        0.182046
MDMin:  245 03:03:13    -2396.410171        0.181882
MDMin:  246 03:03:15    -2396.410238        0.181560
MDMin:  247 03:03:17    -2396.410305        0.230952
MDMin:  248 03:03:19    -2396.410369        0.325748
MDMin:  249 03:03:21    -2396.410416        0.377114
MDMin:  250 03:03:22    -2396.410446        0.185647
MDMin:  251 03:03:24    -2396.410474        0.179116
MDMin:  252 03:03:26    -2396.410506        0.178630
MDMin:  253 03:03:27    -2396.410542        0.178046
MDMin:  254 03:03:28    -2396.410580        0.177350
MDMin:  255 03:03:29    -2396.410623        0.176527
MDMin:  256 03:03:31    -2396.410668        0.175561
MDMin:  257 03:03:33    -2396.410717        0.174435
MDMin:  258 03:03:35    -2396.410770        0.173132
MDMin:  259 03:03:36    -2396.410826        0.174482
MDMin:  260 03:03:37    -2396.410884        0.177474
MDMin:  261 03:03:39    -2396.410946        0.194413
MDMin:  262 03:03:41    -2396.411008        0.264092
MDMin:  263 03:03:43    -2396.411063        0.403655
MDMin:  264 03:03:45    -2396.411098        0.304055
MDMin:  265 03:03:47    -2396.411123        0.192153
MDMin:  266 03:03:49    -2396.411150        0.194098
MDMin:  267 03:03:51    -2396.411181        0.196369
MDMin:  268 03:03:53    -2396.411215        0.198991
MDMin:  269 03:03:55    -2396.411252        0.201997
MDMin:  270 03:03:57    -2396.411293        0.205413
MDMin:  271 03:03:58    -2396.411337        0.209270
MDMin:  272 03:04:00    -2396.411385        0.213583
MDMin:  273 03:04:02    -2396.411436        0.218365
MDMin:  274 03:04:04    -2396.411490        0.223589
MDMin:  275 03:04:05    -2396.411547        0.229204
MDMin:  276 03:04:07    -2396.411607        0.235040
MDMin:  277 03:04:08    -2396.411667        0.296817
MDMin:  278 03:04:10    -2396.411720        0.393186
MDMin:  279 03:04:12    -2396.411753        0.326876
MDMin:  280 03:04:14    -2396.411776        0.249797
MDMin:  281 03:04:15    -2396.411801        0.251572
MDMin:  282 03:04:17    -2396.411830        0.253406
MDMin:  283 03:04:18    -2396.411861        0.255236
MDMin:  284 03:04:20    -2396.411896        0.256971
MDMin:  285 03:04:22    -2396.411934        0.258516
MDMin:  286 03:04:23    -2396.411975        0.259774
MDMin:  287 03:04:25    -2396.412018        0.260674
MDMin:  288 03:04:26    -2396.412065        0.261182
MDMin:  289 03:04:27    -2396.412115        0.261339
MDMin:  290 03:04:28    -2396.412167        0.261259
MDMin:  291 03:04:29    -2396.412221        0.261172
MDMin:  292 03:04:31    -2396.412277        0.269848
MDMin:  293 03:04:33    -2396.412326        0.423324
MDMin:  294 03:04:35    -2396.412357        0.335530
MDMin:  295 03:04:37    -2396.412376        0.262933
MDMin:  296 03:04:39    -2396.412398        0.263594
MDMin:  297 03:04:41    -2396.412423        0.264494
MDMin:  298 03:04:43    -2396.412450        0.265666
MDMin:  299 03:04:44    -2396.412480        0.267146
MDMin:  300 03:04:45    -2396.412512        0.268947
MDMin:  301 03:04:47    -2396.412547        0.271057
MDMin:  302 03:04:49    -2396.412585        0.273417
MDMin:  303 03:04:51    -2396.412625        0.275927
MDMin:  304 03:04:53    -2396.412667        0.278430
MDMin:  305 03:04:55    -2396.412712        0.280747
MDMin:  306 03:04:57    -2396.412759        0.282701
MDMin:  307 03:04:59    -2396.412807        0.284232
MDMin:  308 03:05:01    -2396.412858        0.285367
MDMin:  309 03:05:03    -2396.412909        0.328875
MDMin:  310 03:05:05    -2396.412953        0.410507
MDMin:  311 03:05:07    -2396.412978        0.336448
MDMin:  312 03:05:09    -2396.412997        0.288335
MDMin:  313 03:05:11    -2396.413018        0.288930
MDMin:  314 03:05:12    -2396.413042        0.289662
MDMin:  315 03:05:14    -2396.413068        0.290579
MDMin:  316 03:05:15    -2396.413096        0.291710
MDMin:  317 03:05:17    -2396.413127        0.293072
MDMin:  318 03:05:19    -2396.413161        0.294636
MDMin:  319 03:05:21    -2396.413198        0.296314
MDMin:  320 03:05:22    -2396.413237        0.297906
MDMin:  321 03:05:24    -2396.413278        0.299080
MDMin:  322 03:05:26    -2396.413323        0.299311
MDMin:  323 03:05:27    -2396.413370        0.297889
MDMin:  324 03:05:29    -2396.413421        0.293918
MDMin:  325 03:05:30    -2396.413473        0.286616
MDMin:  326 03:05:31    -2396.413524        0.322002
MDMin:  327 03:05:32    -2396.413562        0.363532
MDMin:  328 03:05:33    -2396.413584        0.271594
MDMin:  329 03:05:35    -2396.413607        0.272603
MDMin:  330 03:05:36    -2396.413633        0.273561
MDMin:  331 03:05:37    -2396.413662        0.274553
MDMin:  332 03:05:38    -2396.413695        0.275566
MDMin:  333 03:05:39    -2396.413732        0.276671
MDMin:  334 03:05:41    -2396.413773        0.277795
MDMin:  335 03:05:43    -2396.413818        0.278915
MDMin:  336 03:05:44    -2396.413869        0.279985
MDMin:  337 03:05:46    -2396.413924        0.281010
MDMin:  338 03:05:48    -2396.413986        0.281914
MDMin:  339 03:05:50    -2396.414053        0.282750
MDMin:  340 03:05:52    -2396.414125        0.283274
MDMin:  341 03:05:54    -2396.414195        0.385398
MDMin:  342 03:05:56    -2396.414240        0.357439
MDMin:  343 03:05:58    -2396.414268        0.283714
MDMin:  344 03:06:00    -2396.414300        0.283627
MDMin:  345 03:06:01    -2396.414337        0.283487
MDMin:  346 03:06:02    -2396.414379        0.283287
MDMin:  347 03:06:04    -2396.414426        0.283023
MDMin:  348 03:06:05    -2396.414480        0.282684
MDMin:  349 03:06:07    -2396.414540        0.283472
MDMin:  350 03:06:10    -2396.414606        0.285215
MDMin:  351 03:06:12    -2396.414680        0.287593
MDMin:  352 03:06:14    -2396.414761        0.290762
MDMin:  353 03:06:16    -2396.414850        0.294889
MDMin:  354 03:06:18    -2396.414947        0.300154
MDMin:  355 03:06:20    -2396.415052        0.306711
MDMin:  356 03:06:22    -2396.415164        0.314652
MDMin:  357 03:06:24    -2396.415280        0.323588
MDMin:  358 03:06:25    -2396.415377        0.440491
MDMin:  359 03:06:27    -2396.415429        0.335959
MDMin:  360 03:06:28    -2396.415474        0.339825
MDMin:  361 03:06:30    -2396.415526        0.344335
MDMin:  362 03:06:32    -2396.415584        0.349608
MDMin:  363 03:06:34    -2396.415649        0.355684
MDMin:  364 03:06:36    -2396.415721        0.362587
MDMin:  365 03:06:37    -2396.415801        0.370311
MDMin:  366 03:06:39    -2396.415887        0.378816
MDMin:  367 03:06:41    -2396.415982        0.388004
MDMin:  368 03:06:43    -2396.416084        0.397719
MDMin:  369 03:06:45    -2396.416193        0.407732
MDMin:  370 03:06:47    -2396.416310        0.417789
MDMin:  371 03:06:49    -2396.416435        0.427685
MDMin:  372 03:06:51    -2396.416568        0.437478
MDMin:  373 03:06:53    -2396.416706        0.447691
MDMin:  374 03:06:55    -2396.416843        0.459259
MDMin:  375 03:06:57    -2396.416956        0.471177
MDMin:  376 03:06:59    -2396.417023        0.480066
MDMin:  377 03:07:01    -2396.417082        0.489113
MDMin:  378 03:07:03    -2396.417145        0.500661
MDMin:  379 03:07:05    -2396.417216        0.515582
MDMin:  380 03:07:06    -2396.417292        0.534674
MDMin:  381 03:07:07    -2396.417375        0.558605
MDMin:  382 03:07:09    -2396.417462        0.587745
MDMin:  383 03:07:11    -2396.417554        0.621822
MDMin:  384 03:07:13    -2396.417649        0.659618
MDMin:  385 03:07:15    -2396.417748        0.698775
MDMin:  386 03:07:17    -2396.417850        0.736091
MDMin:  387 03:07:19    -2396.417956        0.768327
MDMin:  388 03:07:22    -2396.418065        0.793243
MDMin:  389 03:07:23    -2396.418178        0.809623
MDMin:  390 03:07:26    -2396.418296        0.815501
MDMin:  391 03:07:27    -2396.418418        0.805430
MDMin:  392 03:07:29    -2396.418544        0.769417
MDMin:  393 03:07:30    -2396.418676        0.754565
MDMin:  394 03:07:32    -2396.418812        0.814731
MDMin:  395 03:07:33    -2396.418947        0.838644
MDMin:  396 03:07:35    -2396.419068        0.815438
MDMin:  397 03:07:37    -2396.419149        0.774166
MDMin:  398 03:07:38    -2396.419212        0.734268
MDMin:  399 03:07:39    -2396.419280        0.686542
MDMin:  400 03:07:41    -2396.419360        0.628090
MDMin:  401 03:07:42    -2396.419450        0.558330
MDMin:  402 03:07:43    -2396.419555        0.478431
MDMin:  403 03:07:45    -2396.419674        0.392924
MDMin:  404 03:07:46    -2396.419809        0.357120
MDMin:  405 03:07:47    -2396.419960        0.351851
MDMin:  406 03:07:49    -2396.420120        0.456886
MDMin:  407 03:07:51    -2396.420255        0.553789
MDMin:  408 03:07:53    -2396.420324        0.343205
MDMin:  409 03:07:55    -2396.420391        0.341321
MDMin:  410 03:07:57    -2396.420468        0.339556
MDMin:  411 03:07:59    -2396.420555        0.337437
MDMin:  412 03:08:01    -2396.420655        0.335190
MDMin:  413 03:08:03    -2396.420768        0.332731
MDMin:  414 03:08:05    -2396.420894        0.330212
MDMin:  415 03:08:07    -2396.421036        0.327571
MDMin:  416 03:08:09    -2396.421193        0.325037
MDMin:  417 03:08:11    -2396.421368        0.322439
MDMin:  418 03:08:13    -2396.421562        0.320351
MDMin:  419 03:08:15    -2396.421775        0.317903
MDMin:  420 03:08:16    -2396.421999        0.357398
MDMin:  421 03:08:18    -2396.422198        0.450023
MDMin:  422 03:08:20    -2396.422315        0.318555
MDMin:  423 03:08:22    -2396.422415        0.314916
MDMin:  424 03:08:24    -2396.422525        0.314907
MDMin:  425 03:08:26    -2396.422652        0.314592
MDMin:  426 03:08:27    -2396.422795        0.314507
MDMin:  427 03:08:29    -2396.422955        0.314356
MDMin:  428 03:08:31    -2396.423134        0.314325
MDMin:  429 03:08:32    -2396.423332        0.314150
MDMin:  430 03:08:34    -2396.423550        0.313977
MDMin:  431 03:08:35    -2396.423790        0.313361
MDMin:  432 03:08:36    -2396.424052        0.318516
MDMin:  433 03:08:37    -2396.424338        0.328815
MDMin:  434 03:08:39    -2396.424647        0.337502
MDMin:  435 03:08:40    -2396.424977        0.353231
MDMin:  436 03:08:42    -2396.425316        0.359134
MDMin:  437 03:08:44    -2396.425628        0.410101
MDMin:  438 03:08:46    -2396.425853        0.379217
MDMin:  439 03:08:47    -2396.426035        0.393578
MDMin:  440 03:08:49    -2396.426223        0.397907
MDMin:  441 03:08:50    -2396.426432        0.407525
MDMin:  442 03:08:52    -2396.426664        0.415977
MDMin:  443 03:08:53    -2396.426921        0.426800
MDMin:  444 03:08:55    -2396.427204        0.437532
MDMin:  445 03:08:56    -2396.427513        0.450255
MDMin:  446 03:08:58    -2396.427851        0.462912
MDMin:  447 03:08:59    -2396.428218        0.477992
MDMin:  448 03:09:00    -2396.428614        0.492925
MDMin:  449 03:09:01    -2396.429039        0.512548
MDMin:  450 03:09:03    -2396.429490        0.532479
MDMin:  451 03:09:04    -2396.429961        0.563386
MDMin:  452 03:09:06    -2396.430430        0.593226
MDMin:  453 03:09:07    -2396.430868        0.639078
MDMin:  454 03:09:09    -2396.431241        0.673872
MDMin:  455 03:09:10    -2396.431573        0.718347
MDMin:  456 03:09:12    -2396.431898        0.759209
MDMin:  457 03:09:13    -2396.432238        0.806660
MDMin:  458 03:09:15    -2396.432601        0.854585
MDMin:  459 03:09:17    -2396.432990        0.902116
MDMin:  460 03:09:19    -2396.433408        0.943770
MDMin:  461 03:09:21    -2396.433859        0.976751
MDMin:  462 03:09:23    -2396.434346        0.998856
MDMin:  463 03:09:25    -2396.434875        1.011632
MDMin:  464 03:09:27    -2396.435450        1.017311
MDMin:  465 03:09:28    -2396.436073        1.017831
MDMin:  466 03:09:31    -2396.436750        1.011636
MDMin:  467 03:09:33    -2396.437479        0.994031
MDMin:  468 03:09:34    -2396.438250        0.955502
MDMin:  469 03:09:36    -2396.439025        0.920871
MDMin:  470 03:09:37    -2396.439728        1.022715
MDMin:  471 03:09:38    -2396.440311        1.097541
MDMin:  472 03:09:39    -2396.440851        1.151362
MDMin:  473 03:09:41    -2396.441420        1.185704
MDMin:  474 03:09:42    -2396.442049        1.187636
MDMin:  475 03:09:43    -2396.442753        1.136790
MDMin:  476 03:09:44    -2396.443552        1.011577
MDMin:  477 03:09:46    -2396.444488        0.748416
MDMin:  478 03:09:47    -2396.445680        0.537510
MDMin:  479 03:09:49    -2396.445950        1.743095
MDMin:  480 03:09:51    -2396.446005        1.079883
MDMin:  481 03:09:52    -2396.446134        1.888143
MDMin:  482 03:09:54    -2396.446228        1.671147
MDMin:  483 03:09:55    -2396.446403        0.889171
MDMin:  484 03:09:57    -2396.446691        0.513732
MDMin:  485 03:09:59    -2396.447058        0.496684
MDMin:  486 03:10:01    -2396.447436        0.650667
MDMin:  487 03:10:02    -2396.447859        0.696805
MDMin:  488 03:10:04    -2396.448355        0.660469
MDMin:  489 03:10:05    -2396.448956        0.562258
MDMin:  490 03:10:07    -2396.449693        0.887038
MDMin:  491 03:10:09    -2396.450248        1.188617
MDMin:  492 03:10:11    -2396.450631        1.445365
MDMin:  493 03:10:13    -2396.451042        1.646123
MDMin:  494 03:10:15    -2396.451535        1.703332
MDMin:  495 03:10:17    -2396.452147        1.617099
MDMin:  496 03:10:19    -2396.452912        1.422832
MDMin:  497 03:10:21    -2396.453866        1.166186
MDMin:  498 03:10:23    -2396.455029        0.897421
MDMin:  499 03:10:25    -2396.456394        0.672829
MDMin:  500 03:10:27    -2396.457933        0.732863
MDMin:  501 03:10:28    -2396.459622        0.744927
MDMin:  502 03:10:30    -2396.461448        0.687316
MDMin:  503 03:10:32    -2396.463409        0.700492
MDMin:  504 03:10:33    -2396.465518        0.753170
MDMin:  505 03:10:34    -2396.467808        0.749704
MDMin:  506 03:10:36    -2396.470339        0.669431
MDMin:  507 03:10:37    -2396.473213        0.502037
MDMin:  508 03:10:38    -2396.476546        0.432050
MDMin:  509 03:10:39    -2396.480300        0.436413
MDMin:  510 03:10:41    -2396.484388        0.436857
MDMin:  511 03:10:42    -2396.488595        0.427917
MDMin:  512 03:10:44    -2396.492844        0.432816
MDMin:  513 03:10:46    -2396.496088        0.438781
MDMin:  514 03:10:48    -2396.499532        0.431936
MDMin:  515 03:10:51    -2396.503145        0.443927
MDMin:  516 03:10:53    -2396.506886        0.459189
MDMin:  517 03:10:55    -2396.510604        0.473147
MDMin:  518 03:10:56    -2396.513823        0.486789
MDMin:  519 03:10:59    -2396.516039        0.495265
MDMin:  520 03:11:00    -2396.517803        0.500643
MDMin:  521 03:11:01    -2396.519624        0.505805
MDMin:  522 03:11:03    -2396.521593        0.512079
MDMin:  523 03:11:04    -2396.523713        0.519280
MDMin:  524 03:11:06    -2396.525971        0.527075
MDMin:  525 03:11:07    -2396.528351        0.534840
MDMin:  526 03:11:09    -2396.530835        0.542009
MDMin:  527 03:11:10    -2396.533401        0.547791
MDMin:  528 03:11:11    -2396.536024        0.551795
MDMin:  529 03:11:13    -2396.538679        0.553357
MDMin:  530 03:11:14    -2396.541336        0.553022
MDMin:  531 03:11:16    -2396.543963        0.559567
MDMin:  532 03:11:17    -2396.546502        0.571476
MDMin:  533 03:11:19    -2396.548209        0.598729
MDMin:  534 03:11:21    -2396.549278        0.711054
MDMin:  535 03:11:23    -2396.549890        0.641366
MDMin:  536 03:11:25    -2396.550301        0.608707
MDMin:  537 03:11:27    -2396.550747        0.615172
MDMin:  538 03:11:29    -2396.551233        0.617728
MDMin:  539 03:11:31    -2396.551754        0.621476
MDMin:  540 03:11:33    -2396.552306        0.623340
MDMin:  541 03:11:35    -2396.552884        0.625133
MDMin:  542 03:11:36    -2396.553481        0.624881
MDMin:  543 03:11:37    -2396.554093        0.625255
MDMin:  544 03:11:39    -2396.554712        0.624082
MDMin:  545 03:11:41    -2396.555332        0.628218
MDMin:  546 03:11:43    -2396.555940        0.630632
MDMin:  547 03:11:45    -2396.556526        0.651678
MDMin:  548 03:11:47    -2396.557035        0.653098
MDMin:  549 03:11:48    -2396.557378        0.751876
MDMin:  550 03:11:49    -2396.557548        0.686543
MDMin:  551 03:11:51    -2396.557734        0.697920
MDMin:  552 03:11:53    -2396.557934        0.708076
MDMin:  553 03:11:54    -2396.558148        0.719049
MDMin:  554 03:11:56    -2396.558373        0.728274
MDMin:  555 03:11:58    -2396.558607        0.734379
MDMin:  556 03:11:59    -2396.558849        0.734186
MDMin:  557 03:12:01    -2396.559096        0.725278
MDMin:  558 03:12:03    -2396.559348        0.704645
MDMin:  559 03:12:05    -2396.559604        0.672245
MDMin:  560 03:12:07    -2396.559865        0.628630
MDMin:  561 03:12:08    -2396.560128        0.580774
MDMin:  562 03:12:10    -2396.560393        0.530532
MDMin:  563 03:12:12    -2396.560658        0.496325
MDMin:  564 03:12:13    -2396.560892        0.604069
MDMin:  565 03:12:15    -2396.561016        0.679602
MDMin:  566 03:12:16    -2396.561055        0.455333
MDMin:  567 03:12:18    -2396.561109        0.447289
MDMin:  568 03:12:19    -2396.561172        0.442881
MDMin:  569 03:12:21    -2396.561244        0.439453
MDMin:  570 03:12:23    -2396.561324        0.436497
MDMin:  571 03:12:24    -2396.561410        0.434424
MDMin:  572 03:12:26    -2396.561502        0.433477
MDMin:  573 03:12:27    -2396.561600        0.433946
MDMin:  574 03:12:28    -2396.561701        0.436042
MDMin:  575 03:12:29    -2396.561807        0.439978
MDMin:  576 03:12:31    -2396.561914        0.445851
MDMin:  577 03:12:32    -2396.562023        0.453737
MDMin:  578 03:12:34    -2396.562132        0.463468
MDMin:  579 03:12:36    -2396.562241        0.474851
MDMin:  580 03:12:37    -2396.562347        0.487071
MDMin:  581 03:12:39    -2396.562452        0.499517
MDMin:  582 03:12:40    -2396.562554        0.509721
MDMin:  583 03:12:42    -2396.562652        0.517372
MDMin:  584 03:12:44    -2396.562745        0.515498
MDMin:  585 03:12:46    -2396.562835        0.511575
MDMin:  586 03:12:47    -2396.562903        0.488058
MDMin:  587 03:12:49    -2396.562938        0.486198
MDMin:  588 03:12:50    -2396.562959        0.476004
MDMin:  589 03:12:52    -2396.562983        0.466345
MDMin:  590 03:12:53    -2396.563011        0.455123
MDMin:  591 03:12:54    -2396.563040        0.441837
MDMin:  592 03:12:56    -2396.563072        0.426468
MDMin:  593 03:12:58    -2396.563105        0.409015
MDMin:  594 03:12:59    -2396.563140        0.389597
MDMin:  595 03:13:00    -2396.563177        0.382764
MDMin:  596 03:13:02    -2396.563184        0.403181
MDMin:  597 03:13:03    -2396.562880        0.419131
MDMin:  598 03:13:05    -2396.562581        0.435730
MDMin:  599 03:13:06    -2396.562293        0.452935
MDMin:  600 03:13:07    -2396.562022        0.470822
MDMin:  601 03:13:09    -2396.561770        0.489519
MDMin:  602 03:13:11    -2396.561544        0.509310
MDMin:  603 03:13:13    -2396.561346        0.530523
MDMin:  604 03:13:14    -2396.561180        0.553670
MDMin:  605 03:13:15    -2396.561046        0.579279
MDMin:  606 03:13:17    -2396.560947        0.608352
MDMin:  607 03:13:18    -2396.560882        0.642339
MDMin:  608 03:13:19    -2396.560850        0.684798
MDMin:  609 03:13:21    -2396.560850        0.741451
MDMin:  610 03:13:23    -2396.560878        0.823486
MDMin:  611 03:13:25    -2396.560930        0.944616
MDMin:  612 03:13:27    -2396.561002        1.120077
MDMin:  613 03:13:28    -2396.561088        1.031038
MDMin:  614 03:13:30    -2396.561188        0.783060
MDMin:  615 03:13:32    -2396.561282        0.859444
MDMin:  616 03:13:33    -2396.561365        0.969574
MDMin:  617 03:13:35    -2396.561445        0.790093
MDMin:  618 03:13:37    -2396.561524        0.616475
MDMin:  619 03:13:39    -2396.561607        0.637426
MDMin:  620 03:13:41    -2396.561697        0.785145
MDMin:  621 03:13:43    -2396.561794        0.903364
MDMin:  622 03:13:44    -2396.561894        0.991429
MDMin:  623 03:13:46    -2396.561996        1.088537
MDMin:  624 03:13:48    -2396.562101        0.960875
MDMin:  625 03:13:49    -2396.562207        0.976024
MDMin:  626 03:13:51    -2396.562283        1.192767
MDMin:  627 03:13:52    -2396.562334        1.403717
MDMin:  628 03:13:54    -2396.562384        1.039067
MDMin:  629 03:13:55    -2396.562438        0.994845
MDMin:  630 03:13:57    -2396.562497        0.913076
MDMin:  631 03:13:59    -2396.562562        1.070308
MDMin:  632 03:14:00    -2396.562635        1.023465
MDMin:  633 03:14:01    -2396.562721        1.043496
MDMin:  634 03:14:04    -2396.562794        0.926021
MDMin:  635 03:14:05    -2396.562829        1.302511
MDMin:  636 03:14:07    -2396.562868        1.100328
MDMin:  637 03:14:09    -2396.562910        0.701596
MDMin:  638 03:14:11    -2396.562954        0.863800
MDMin:  639 03:14:13    -2396.563003        1.011124
MDMin:  640 03:14:15    -2396.563060        0.959628
MDMin:  641 03:14:17    -2396.563133        0.780569
MDMin:  642 03:14:19    -2396.563216        0.911129
MDMin:  643 03:14:21    -2396.563294        1.006720
MDMin:  644 03:14:23    -2396.563361        1.494340
MDMin:  645 03:14:25    -2396.563425        1.293453
MDMin:  646 03:14:27    -2396.563492        1.090133
MDMin:  647 03:14:29    -2396.563568        0.741431
MDMin:  648 03:14:31    -2396.563650        1.018840
MDMin:  649 03:14:33    -2396.563739        1.021238
MDMin:  650 03:14:35    -2396.563841        0.926179
MDMin:  651 03:14:37    -2396.563965        0.680687
MDMin:  652 03:14:39    -2396.564070        1.196661
MDMin:  653 03:14:41    -2396.564112        1.459368
MDMin:  654 03:14:43    -2396.564157        1.075359
MDMin:  655 03:14:44    -2396.564207        0.928087
MDMin:  656 03:14:45    -2396.564261        1.027993
MDMin:  657 03:14:47    -2396.564321        0.873774
MDMin:  658 03:14:48    -2396.564398        0.903165
MDMin:  659 03:14:49    -2396.564412        0.929166
MDMin:  660 03:14:50    -2396.564422        0.863664
MDMin:  661 03:14:52    -2396.564441        1.004758
MDMin:  662 03:14:53    -2396.564474        0.902449
MDMin:  663 03:14:55    -2396.564507        1.337395
MDMin:  664 03:14:56    -2396.564541        1.210391
MDMin:  665 03:14:58    -2396.564581        0.637102
MDMin:  666 03:15:00    -2396.564621        0.834702
MDMin:  667 03:15:02    -2396.564670        0.941272
MDMin:  668 03:15:03    -2396.564735        1.305897
MDMin:  669 03:15:05    -2396.564746        0.854788
MDMin:  670 03:15:06    -2396.564765        1.007198
MDMin:  671 03:15:08    -2396.564776        0.878821
MDMin:  672 03:15:09    -2396.564806        0.919679
MDMin:  673 03:15:11    -2396.564857        0.966462
MDMin:  674 03:15:13    -2396.564922        0.884312
MDMin:  675 03:15:14    -2396.564988        1.085533
MDMin:  676 03:15:16    -2396.565048        1.289424
MDMin:  677 03:15:17    -2396.565053        1.407034
MDMin:  678 03:15:18    -2396.565058        0.952497
MDMin:  679 03:15:20    -2396.565064        0.750557
MDMin:  680 03:15:22    -2396.565069        0.810409
MDMin:  681 03:15:24    -2396.565075        0.908578
MDMin:  682 03:15:25    -2396.565081        0.767932
MDMin:  683 03:15:27    -2396.565088        0.821098
MDMin:  684 03:15:28    -2396.565092        1.376209
MDMin:  685 03:15:30    -2396.565095        1.434539
MDMin:  686 03:15:32    -2396.565097        1.231185
MDMin:  687 03:15:34    -2396.565100        0.917140
MDMin:  688 03:15:35    -2396.565102        0.886582
MDMin:  689 03:15:37    -2396.565105        0.799383
MDMin:  690 03:15:38    -2396.565109        1.292307
MDMin:  691 03:15:40    -2396.565109        1.128917
MDMin:  692 03:15:42    -2396.565110        0.624687
MDMin:  693 03:15:44    -2396.565111        0.748345
MDMin:  694 03:15:46    -2396.565112        0.828906
MDMin:  695 03:15:48    -2396.565113        1.516274
MDMin:  696 03:15:49    -2396.565114        0.716453
MDMin:  697 03:15:51    -2396.565114        0.894985
MDMin:  698 03:15:53    -2396.565115        0.710715
MDMin:  699 03:15:55    -2396.565116        1.300007
MDMin:  700 03:15:57    -2396.565117        1.131799
MDMin:  701 03:15:58    -2396.565118        0.703438
MDMin:  702 03:16:00    -2396.565118        0.767535
MDMin:  703 03:16:01    -2396.565119        0.890347
MDMin:  704 03:16:03    -2396.565121        1.122750
MDMin:  705 03:16:05    -2396.565122        1.480456
MDMin:  706 03:16:06    -2396.565123        0.735120
MDMin:  707 03:16:08    -2396.565124        0.724972
MDMin:  708 03:16:10    -2396.565125        0.866925
MDMin:  709 03:16:12    -2396.565127        1.138384
MDMin:  710 03:16:14    -2396.565127        1.507943
MDMin:  711 03:16:16    -2396.565128        0.615551
MDMin:  712 03:16:18    -2396.565128        0.689640
MDMin:  713 03:16:20    -2396.565130        0.876301
MDMin:  714 03:16:22    -2396.565131        1.119818
MDMin:  715 03:16:24    -2396.565131        1.403545
MDMin:  716 03:16:26    -2396.565132        0.757422
MDMin:  717 03:16:28    -2396.565132        0.766802
MDMin:  718 03:16:30    -2396.565134        0.796822
MDMin:  719 03:16:32    -2396.565135        0.873813
MDMin:  720 03:16:34    -2396.565137        0.793663
MDMin:  721 03:16:36    -2396.565139        1.149222
MDMin:  722 03:16:38    -2396.565140        1.482276
MDMin:  723 03:16:40    -2396.565142        1.239736
MDMin:  724 03:16:42    -2396.565144        0.745654
MDMin:  725 03:16:44    -2396.565146        0.699161
MDMin:  726 03:16:46    -2396.565148        0.804516
MDMin:  727 03:16:48    -2396.565150        0.707874
MDMin:  728 03:16:49    -2396.565154        0.729578
MDMin:  729 03:16:51    -2396.565156        1.344560
MDMin:  730 03:16:52    -2396.565157        1.462043
MDMin:  731 03:16:54    -2396.565158        1.200937
MDMin:  732 03:16:56    -2396.565159        0.889443
MDMin:  733 03:16:58    -2396.565160        0.760925
MDMin:  734 03:17:00    -2396.565162        0.728297
MDMin:  735 03:17:02    -2396.565164        0.624205
MDMin:  736 03:17:04    -2396.565167        0.573829
MDMin:  737 03:17:06    -2396.565168        1.277438
MDMin:  738 03:17:08    -2396.565169        1.439896
MDMin:  739 03:17:09    -2396.565171        0.829181
MDMin:  740 03:17:10    -2396.565172        0.825822
MDMin:  741 03:17:12    -2396.565173        0.738090
MDMin:  742 03:17:14    -2396.565175        0.698662
MDMin:  743 03:17:16    -2396.565177        0.518707
MDMin:  744 03:17:18    -2396.565178        1.427531
MDMin:  745 03:17:20    -2396.565179        1.081198
MDMin:  746 03:17:21    -2396.565180        0.673896
MDMin:  747 03:17:24    -2396.565180        0.699192
MDMin:  748 03:17:26    -2396.565181        0.652818
MDMin:  749 03:17:28    -2396.565182        0.847121
MDMin:  750 03:17:30    -2396.565182        0.576812
MDMin:  751 03:17:32    -2396.565182        0.653521
MDMin:  752 03:17:33    -2396.565183        0.812177
MDMin:  753 03:17:36    -2396.565183        0.538041
MDMin:  754 03:17:38    -2396.565183        0.465092
MDMin:  755 03:17:40    -2396.565184        0.999479
MDMin:  756 03:17:42    -2396.565184        0.472622
MDMin:  757 03:17:44    -2396.565184        0.683552
MDMin:  758 03:17:46    -2396.565185        0.670047
MDMin:  759 03:17:48    -2396.565185        0.899626
MDMin:  760 03:17:49    -2396.565186        0.489782
MDMin:  761 03:17:51    -2396.565186        0.678220
MDMin:  762 03:17:53    -2396.565186        0.386985
MDMin:  763 03:17:55    -2396.565187        1.364205
MDMin:  764 03:17:57    -2396.565188        0.911644
MDMin:  765 03:17:59    -2396.565188        0.474624
MDMin:  766 03:18:01    -2396.565188        0.610819
MDMin:  767 03:18:03    -2396.565189        0.652760
MDMin:  768 03:18:05    -2396.565190        1.300444
MDMin:  769 03:18:07    -2396.565190        0.974578
MDMin:  770 03:18:09    -2396.565191        0.615512
MDMin:  771 03:18:11    -2396.565191        0.642903
MDMin:  772 03:18:13    -2396.565192        0.681715
MDMin:  773 03:18:15    -2396.565193        1.340685
MDMin:  774 03:18:17    -2396.565193        0.657561
MDMin:  775 03:18:18    -2396.565194        0.646807
MDMin:  776 03:18:21    -2396.565194        0.671139
MDMin:  777 03:18:23    -2396.565195        0.582470
MDMin:  778 03:18:25    -2396.565195        0.885547
MDMin:  779 03:18:27    -2396.565196        0.531179
MDMin:  780 03:18:29    -2396.565196        0.654381
MDMin:  781 03:18:30    -2396.565197        0.584334
MDMin:  782 03:18:32    -2396.565197        0.970251
MDMin:  783 03:18:33    -2396.565197        0.526797
MDMin:  784 03:18:34    -2396.565198        0.639360
MDMin:  785 03:18:36    -2396.565198        0.653812
MDMin:  786 03:18:37    -2396.565199        0.855207
MDMin:  787 03:18:38    -2396.565200        1.363859
MDMin:  788 03:18:39    -2396.565201        1.190198
MDMin:  789 03:18:41    -2396.565202        0.584142
MDMin:  790 03:18:42    -2396.565203        0.636197
MDMin:  791 03:18:43    -2396.565204        0.668335
MDMin:  792 03:18:44    -2396.565206        0.649790
MDMin:  793 03:18:46    -2396.565208        1.072387
MDMin:  794 03:18:47    -2396.565208        0.653592
MDMin:  795 03:18:48    -2396.565209        0.640570
MDMin:  796 03:18:50    -2396.565209        0.635916
MDMin:  797 03:18:51    -2396.565210        0.539733
MDMin:  798 03:18:53    -2396.565210        1.474025
MDMin:  799 03:18:54    -2396.565211        0.790342
MDMin:  800 03:18:56    -2396.565211        0.569995
MDMin:  801 03:18:58    -2396.565211        0.576446
MDMin:  802 03:18:59    -2396.565212        0.549810
MDMin:  803 03:19:01    -2396.565213        1.288770
MDMin:  804 03:19:03    -2396.565213        0.923468
MDMin:  805 03:19:05    -2396.565214        0.504793
MDMin:  806 03:19:06    -2396.565214        0.559894
MDMin:  807 03:19:08    -2396.565215        0.643845
MDMin:  808 03:19:09    -2396.565216        0.522032
MDMin:  809 03:19:11    -2396.565217        1.163539
MDMin:  810 03:19:12    -2396.565217        0.584529
MDMin:  811 03:19:13    -2396.565218        0.658281
MDMin:  812 03:19:15    -2396.565218        0.544514
MDMin:  813 03:19:16    -2396.565218        0.634328
MDMin:  814 03:19:17    -2396.565219        1.089318
MDMin:  815 03:19:18    -2396.565219        1.327704
MDMin:  816 03:19:20    -2396.565220        0.561511
MDMin:  817 03:19:22    -2396.565221        0.566757
MDMin:  818 03:19:24    -2396.565222        0.636242
MDMin:  819 03:19:26    -2396.565223        0.833870
MDMin:  820 03:19:28    -2396.565223        0.625360
MDMin:  821 03:19:30    -2396.565223        0.482111
MDMin:  822 03:19:32    -2396.565224        1.474491
MDMin:  823 03:19:35    -2396.565224        0.553798
MDMin:  824 03:19:36    -2396.565224        0.557966
MDMin:  825 03:19:39    -2396.565225        1.070043
MDMin:  826 03:19:41    -2396.565225        0.938007
MDMin:  827 03:19:43    -2396.565226        0.539815
MDMin:  828 03:19:45    -2396.565226        0.581443
MDMin:  829 03:19:47    -2396.565227        0.620112
MDMin:  830 03:19:49    -2396.565228        0.855073
MDMin:  831 03:19:51    -2396.565229        1.227980
MDMin:  832 03:19:53    -2396.565230        1.260606
MDMin:  833 03:19:54    -2396.565231        0.636402
MDMin:  834 03:19:56    -2396.565232        0.570560
MDMin:  835 03:19:58    -2396.565233        0.608584
MDMin:  836 03:19:59    -2396.565234        0.599412
MDMin:  837 03:20:01    -2396.565236        0.442007
MDMin:  838 03:20:02    -2396.565238        1.410390
MDMin:  839 03:20:04    -2396.565238        1.304585
MDMin:  840 03:20:06    -2396.565239        0.600903
MDMin:  841 03:20:07    -2396.565239        0.621783
MDMin:  842 03:20:09    -2396.565240        0.462116
MDMin:  843 03:20:11    -2396.565241        0.800677
MDMin:  844 03:20:12    -2396.565241        0.579020
MDMin:  845 03:20:14    -2396.565241        0.598821
MDMin:  846 03:20:15    -2396.565242        0.478670
MDMin:  847 03:20:17    -2396.565242        1.169875
MDMin:  848 03:20:19    -2396.565243        0.543548
MDMin:  849 03:20:21    -2396.565243        0.561998
MDMin:  850 03:20:22    -2396.565244        0.526192
MDMin:  851 03:20:24    -2396.565245        0.366939
MDMin:  852 03:20:26    -2396.565247        0.551485
MDMin:  853 03:20:27    -2396.565247        1.408862
MDMin:  854 03:20:28    -2396.565248        1.099309
MDMin:  855 03:20:30    -2396.565249        0.627329
MDMin:  856 03:20:32    -2396.565250        0.567968
MDMin:  857 03:20:34    -2396.565251        0.549126
MDMin:  858 03:20:35    -2396.565253        0.492252
MDMin:  859 03:20:37    -2396.565255        0.452558
MDMin:  860 03:20:39    -2396.565257        1.116492
MDMin:  861 03:20:41    -2396.565258        1.410795
MDMin:  862 03:20:42    -2396.565259        0.700579
MDMin:  863 03:20:44    -2396.565260        0.610679
MDMin:  864 03:20:46    -2396.565261        0.565985
MDMin:  865 03:20:48    -2396.565263        0.530984
MDMin:  866 03:20:50    -2396.565265        0.987457
MDMin:  867 03:20:52    -2396.565265        1.512359
MDMin:  868 03:20:54    -2396.565266        0.980537
MDMin:  869 03:20:56    -2396.565267        0.452327
MDMin:  870 03:20:57    -2396.565268        0.481258
MDMin:  871 03:20:58    -2396.565269        0.549840
MDMin:  872 03:20:59    -2396.565270        0.505783
MDMin:  873 03:21:01    -2396.565272        1.488684
MDMin:  874 03:21:03    -2396.565272        0.498181
MDMin:  875 03:21:05    -2396.565273        0.512488
MDMin:  876 03:21:07    -2396.565273        0.816712
MDMin:  877 03:21:09    -2396.565274        1.379986
MDMin:  878 03:21:10    -2396.565275        1.324236
MDMin:  879 03:21:12    -2396.565276        0.595799
MDMin:  880 03:21:14    -2396.565277        0.492968
MDMin:  881 03:21:16    -2396.565278        0.514586
MDMin:  882 03:21:18    -2396.565279        0.532470
MDMin:  883 03:21:19    -2396.565281        0.491665
MDMin:  884 03:21:21    -2396.565283        0.703339
MDMin:  885 03:21:23    -2396.565284        1.482602
MDMin:  886 03:21:24    -2396.565284        0.406468
MDMin:  887 03:21:26    -2396.565284        0.437938
MDMin:  888 03:21:28    -2396.565285        0.587576
MDMin:  889 03:21:29    -2396.565286        1.287917
MDMin:  890 03:21:30    -2396.565286        0.397277
MDMin:  891 03:21:32    -2396.565287        0.514997
MDMin:  892 03:21:34    -2396.565287        0.398214
MDMin:  893 03:21:35    -2396.565288        1.396295
MDMin:  894 03:21:36    -2396.565289        0.426070
MDMin:  895 03:21:38    -2396.565289        0.482649
MDMin:  896 03:21:40    -2396.565290        0.494173
MDMin:  897 03:21:42    -2396.565291        0.579412
MDMin:  898 03:21:43    -2396.565292        0.809905
MDMin:  899 03:21:45    -2396.565294        1.117167
MDMin:  900 03:21:46    -2396.565295        1.405192
MDMin:  901 03:21:47    -2396.565297        1.441423
MDMin:  902 03:21:49    -2396.565298        1.125474
MDMin:  903 03:21:51    -2396.565301        0.673751
MDMin:  904 03:21:52    -2396.565304        0.498937
MDMin:  905 03:21:54    -2396.565307        0.534760
MDMin:  906 03:21:55    -2396.565310        0.550086
MDMin:  907 03:21:57    -2396.565313        0.520529
MDMin:  908 03:21:59    -2396.565317        0.460523
MDMin:  909 03:22:01    -2396.565323        0.447850
MDMin:  910 03:22:03    -2396.565324        1.504604
MDMin:  911 03:22:05    -2396.565324        0.943124
MDMin:  912 03:22:06    -2396.565324        0.441770
MDMin:  913 03:22:08    -2396.565325        0.434491
MDMin:  914 03:22:09    -2396.565327        0.358619
MDMin:  915 03:22:11    -2396.565328        0.653282
MDMin:  916 03:22:13    -2396.565329        1.385900
MDMin:  917 03:22:15    -2396.565330        0.832685
MDMin:  918 03:22:17    -2396.565331        0.441874
MDMin:  919 03:22:18    -2396.565331        0.445115
MDMin:  920 03:22:20    -2396.565332        0.449870
MDMin:  921 03:22:22    -2396.565334        0.442693
MDMin:  922 03:22:24    -2396.565336        0.408677
MDMin:  923 03:22:25    -2396.565338        0.408797
MDMin:  924 03:22:26    -2396.565339        1.339762
MDMin:  925 03:22:28    -2396.565340        0.632970
MDMin:  926 03:22:29    -2396.565340        0.441798
MDMin:  927 03:22:30    -2396.565341        0.434096
MDMin:  928 03:22:31    -2396.565342        0.415019
MDMin:  929 03:22:33    -2396.565343        0.432913
MDMin:  930 03:22:34    -2396.565345        0.674448
MDMin:  931 03:22:36    -2396.565346        1.361350
MDMin:  932 03:22:37    -2396.565346        0.600315
MDMin:  933 03:22:39    -2396.565348        0.396714
MDMin:  934 03:22:40    -2396.565348        0.410191
MDMin:  935 03:22:42    -2396.565349        0.424368
MDMin:  936 03:22:43    -2396.565351        0.393715
MDMin:  937 03:22:45    -2396.565353        1.171928
MDMin:  938 03:22:47    -2396.565353        0.315547
MDMin:  939 03:22:49    -2396.565354        0.410856
MDMin:  940 03:22:51    -2396.565354        0.307086
MDMin:  941 03:22:53    -2396.565355        1.187621
MDMin:  942 03:22:55    -2396.565355        0.412018
MDMin:  943 03:22:57    -2396.565356        0.395910
MDMin:  944 03:22:59    -2396.565357        0.378914
MDMin:  945 03:23:01    -2396.565358        0.306652
MDMin:  946 03:23:02    -2396.565359        1.133993
MDMin:  947 03:23:04    -2396.565360        1.088824
MDMin:  948 03:23:06    -2396.565361        0.450921
MDMin:  949 03:23:08    -2396.565361        0.433090
MDMin:  950 03:23:10    -2396.565362        0.375113
MDMin:  951 03:23:12    -2396.565363        0.436647
MDMin:  952 03:23:14    -2396.565365        1.341242
MDMin:  953 03:23:16    -2396.565365        0.618984
MDMin:  954 03:23:17    -2396.565366        0.456983
MDMin:  955 03:23:18    -2396.565366        0.425112
MDMin:  956 03:23:20    -2396.565367        0.313281
MDMin:  957 03:23:21    -2396.565368        0.493593
MDMin:  958 03:23:23    -2396.565368        0.306818
MDMin:  959 03:23:24    -2396.565369        0.401150
MDMin:  960 03:23:26    -2396.565369        0.647020
MDMin:  961 03:23:27    -2396.565370        0.511181
MDMin:  962 03:23:28    -2396.565370        0.298654
MDMin:  963 03:23:30    -2396.565370        0.410129
MDMin:  964 03:23:32    -2396.565371        0.679765
MDMin:  965 03:23:34    -2396.565371        0.469859
MDMin:  966 03:23:36    -2396.565372        0.302490
MDMin:  967 03:23:38    -2396.565372        0.420943
MDMin:  968 03:23:40    -2396.565373        1.098898
MDMin:  969 03:23:42    -2396.565373        0.395806
MDMin:  970 03:23:45    -2396.565373        0.367824
MDMin:  971 03:23:47    -2396.565374        0.369211
MDMin:  972 03:23:49    -2396.565376        0.392283
MDMin:  973 03:23:51    -2396.565377        0.585954
MDMin:  974 03:23:53    -2396.565378        1.277602
MDMin:  975 03:23:55    -2396.565379        0.942832
MDMin:  976 03:23:57    -2396.565380        0.308415
MDMin:  977 03:23:59    -2396.565382        0.394218
MDMin:  978 03:24:01    -2396.565383        0.383921
MDMin:  979 03:24:03    -2396.565385        0.369091
MDMin:  980 03:24:05    -2396.565388        0.349498
MDMin:  981 03:24:07    -2396.565391        0.383710
MDMin:  982 03:24:08    -2396.565393        0.896857
MDMin:  983 03:24:09    -2396.565394        1.311871
MDMin:  984 03:24:11    -2396.565395        0.733158
MDMin:  985 03:24:13    -2396.565397        0.369801
MDMin:  986 03:24:15    -2396.565397        0.369749
MDMin:  987 03:24:17    -2396.565398        0.368179
MDMin:  988 03:24:19    -2396.565399        0.361245
MDMin:  989 03:24:21    -2396.565402        0.346174
MDMin:  990 03:24:23    -2396.565404        0.329606
MDMin:  991 03:24:25    -2396.565408        0.416290
MDMin:  992 03:24:27    -2396.565409        1.245565
MDMin:  993 03:24:29    -2396.565410        1.082741
MDMin:  994 03:24:30    -2396.565411        0.390103
MDMin:  995 03:24:32    -2396.565413        0.351527
MDMin:  996 03:24:34    -2396.565413        0.352916
MDMin:  997 03:24:36    -2396.565414        0.354369
MDMin:  998 03:24:37    -2396.565416        0.350087
MDMin:  999 03:24:39    -2396.565418        0.335001
MDMin:  1000 03:24:41    -2396.565421        0.318921
MDMin:  1001 03:24:43    -2396.565425        0.603872
MDMin:  1002 03:24:45    -2396.565425        1.200484
MDMin:  1003 03:24:47    -2396.565426        0.191922
MDMin:  1004 03:24:49    -2396.565426        0.260751
MDMin:  1005 03:24:51    -2396.565427        0.320508
MDMin:  1006 03:24:52    -2396.565428        0.265351
MDMin:  1007 03:24:54    -2396.565430        0.423116
MDMin:  1008 03:24:56    -2396.565430        0.313561
MDMin:  1009 03:24:58    -2396.565431        0.301155
MDMin:  1010 03:24:59    -2396.565431        0.279044
MDMin:  1011 03:25:01    -2396.565432        0.910618
MDMin:  1012 03:25:03    -2396.565433        0.410911
MDMin:  1013 03:25:04    -2396.565433        0.294048
MDMin:  1014 03:25:06    -2396.565434        0.297356
MDMin:  1015 03:25:08    -2396.565435        0.529196
MDMin:  1016 03:25:09    -2396.565435        0.356734
MDMin:  1017 03:25:11    -2396.565436        0.409200
MDMin:  1018 03:25:12    -2396.565436        0.295041
MDMin:  1019 03:25:14    -2396.565436        0.289817
MDMin:  1020 03:25:16    -2396.565437        0.289276
MDMin:  1021 03:25:17    -2396.565439        0.408528
MDMin:  1022 03:25:18    -2396.565440        1.224341
MDMin:  1023 03:25:20    -2396.565441        0.613549
MDMin:  1024 03:25:22    -2396.565442        0.279950
MDMin:  1025 03:25:24    -2396.565442        0.289449
MDMin:  1026 03:25:25    -2396.565443        0.302693
MDMin:  1027 03:25:26    -2396.565444        0.294932
MDMin:  1028 03:25:28    -2396.565447        0.282877
MDMin:  1029 03:25:30    -2396.565449        0.557704
MDMin:  1030 03:25:31    -2396.565450        0.465993
MDMin:  1031 03:25:33    -2396.565450        0.278430
MDMin:  1032 03:25:34    -2396.565451        0.277096
MDMin:  1033 03:25:36    -2396.565451        0.263382
MDMin:  1034 03:25:37    -2396.565453        0.975511
MDMin:  1035 03:25:38    -2396.565453        0.286730
MDMin:  1036 03:25:40    -2396.565454        0.270545
MDMin:  1037 03:25:41    -2396.565454        0.265904
MDMin:  1038 03:25:43    -2396.565456        0.691752
MDMin:  1039 03:25:45    -2396.565456        0.497490
MDMin:  1040 03:25:47    -2396.565456        0.263957
MDMin:  1041 03:25:49    -2396.565457        0.265385
MDMin:  1042 03:25:50    -2396.565458        0.353675
MDMin:  1043 03:25:53    -2396.565459        0.951461
MDMin:  1044 03:25:54    -2396.565459        0.266737
MDMin:  1045 03:25:56    -2396.565459        0.267544
MDMin:  1046 03:25:57    -2396.565460        0.262192
MDMin:  1047 03:25:59    -2396.565462        0.409467
MDMin:  1048 03:26:00    -2396.565463        1.014804
MDMin:  1049 03:26:02    -2396.565463        0.254211
MDMin:  1050 03:26:03    -2396.565463        0.263122
MDMin:  1051 03:26:05    -2396.565464        0.258708
MDMin:  1052 03:26:06    -2396.565466        0.396401
MDMin:  1053 03:26:07    -2396.565467        0.636647
MDMin:  1054 03:26:09    -2396.565467        0.257159
MDMin:  1055 03:26:11    -2396.565467        0.256948
MDMin:  1056 03:26:12    -2396.565468        0.253164
MDMin:  1057 03:26:14    -2396.565470        0.215663
MDMin:  1058 03:26:16    -2396.565472        1.013906
MDMin:  1059 03:26:18    -2396.565472        0.689605
MDMin:  1060 03:26:19    -2396.565473        0.296080
MDMin:  1061 03:26:21    -2396.565473        0.195873
MDMin:  1062 03:26:22    -2396.565474        0.237295
MDMin:  1063 03:26:24    -2396.565475        0.234222
MDMin:  1064 03:26:26    -2396.565476        0.221717
MDMin:  1065 03:26:28    -2396.565477        0.415040
MDMin:  1066 03:26:30    -2396.565477        0.243445
MDMin:  1067 03:26:31    -2396.565478        0.240828
MDMin:  1068 03:26:33    -2396.565479        0.275963
MDMin:  1069 03:26:35    -2396.565480        1.109205
MDMin:  1070 03:26:37    -2396.565480        0.249761
MDMin:  1071 03:26:39    -2396.565481        0.240687
MDMin:  1072 03:26:40    -2396.565482        0.229263
MDMin:  1073 03:26:42    -2396.565483        0.485159
MDMin:  1074 03:26:44    -2396.565484        0.421161
MDMin:  1075 03:26:45    -2396.565484        0.219650
MDMin:  1076 03:26:46    -2396.565484        0.208239
MDMin:  1077 03:26:48    -2396.565485        0.556735
MDMin:  1078 03:26:50    -2396.565486        0.486188
MDMin:  1079 03:26:52    -2396.565486        0.219809
MDMin:  1080 03:26:54    -2396.565486        0.227549
MDMin:  1081 03:26:56    -2396.565487        0.375265
MDMin:  1082 03:26:57    -2396.565488        0.609431
MDMin:  1083 03:26:58    -2396.565488        0.207504
MDMin:  1084 03:27:00    -2396.565489        0.232861
MDMin:  1085 03:27:02    -2396.565490        0.229256
MDMin:  1086 03:27:04    -2396.565491        0.208097
MDMin:  1087 03:27:06    -2396.565493        0.814121
MDMin:  1088 03:27:08    -2396.565494        0.936967
MDMin:  1089 03:27:10    -2396.565495        0.217366
MDMin:  1090 03:27:11    -2396.565495        0.230899
MDMin:  1091 03:27:12    -2396.565496        0.233519
MDMin:  1092 03:27:14    -2396.565497        0.223221
MDMin:  1093 03:27:15    -2396.565499        0.317521
MDMin:  1094 03:27:16    -2396.565500        0.390305
MDMin:  1095 03:27:18    -2396.565501        0.219191
MDMin:  1096 03:27:20    -2396.565501        0.210880
MDMin:  1097 03:27:22    -2396.565503        0.489341
MDMin:  1098 03:27:24    -2396.565503        0.425380
MDMin:  1099 03:27:25    -2396.565504        0.191570
MDMin:  1100 03:27:27    -2396.565504        0.200921
MDMin:  1101 03:27:28    -2396.565505        0.410118
MDMin:  1102 03:27:30    -2396.565505        0.536425
MDMin:  1103 03:27:32    -2396.565506        0.197197
MDMin:  1104 03:27:34    -2396.565506        0.209401
MDMin:  1105 03:27:36    -2396.565507        0.196182
MDMin:  1106 03:27:38    -2396.565508        0.626795
MDMin:  1107 03:27:40    -2396.565508        0.206551
MDMin:  1108 03:27:41    -2396.565509        0.210942
MDMin:  1109 03:27:43    -2396.565510        0.205795
MDMin:  1110 03:27:45    -2396.565511        0.515141
MDMin:  1111 03:27:47    -2396.565512        0.576012
MDMin:  1112 03:27:49    -2396.565512        0.180024
MDMin:  1113 03:27:51    -2396.565512        0.208044
MDMin:  1114 03:27:52    -2396.565513        0.204619
MDMin:  1115 03:27:53    -2396.565515        0.234927
MDMin:  1116 03:27:55    -2396.565516        1.104174
MDMin:  1117 03:27:57    -2396.565517        0.311377
MDMin:  1118 03:27:59    -2396.565517        0.249315
MDMin:  1119 03:28:00    -2396.565518        0.200684
MDMin:  1120 03:28:03    -2396.565519        0.187595
MDMin:  1121 03:28:04    -2396.565520        0.413564
MDMin:  1122 03:28:06    -2396.565521        0.226058
MDMin:  1123 03:28:07    -2396.565521        0.194510
MDMin:  1124 03:28:08    -2396.565522        0.167774
MDMin:  1125 03:28:10    -2396.565523        0.557761
MDMin:  1126 03:28:11    -2396.565523        0.267986
MDMin:  1127 03:28:12    -2396.565524        0.193466
MDMin:  1128 03:28:14    -2396.565524        0.180493
MDMin:  1129 03:28:16    -2396.565526        0.538684
MDMin:  1130 03:28:18    -2396.565526        0.397153
MDMin:  1131 03:28:20    -2396.565526        0.185344
MDMin:  1132 03:28:21    -2396.565527        0.179423
MDMin:  1133 03:28:23    -2396.565528        0.411809
MDMin:  1134 03:28:24    -2396.565529        0.494740
MDMin:  1135 03:28:26    -2396.565529        0.174734
MDMin:  1136 03:28:28    -2396.565529        0.187074
MDMin:  1137 03:28:30    -2396.565530        0.164422
MDMin:  1138 03:28:31    -2396.565531        0.672720
MDMin:  1139 03:28:32    -2396.565532        0.207690
MDMin:  1140 03:28:34    -2396.565532        0.186821
MDMin:  1141 03:28:35    -2396.565533        0.183744
MDMin:  1142 03:28:36    -2396.565535        0.272313
MDMin:  1143 03:28:37    -2396.565536        0.857076
MDMin:  1144 03:28:39    -2396.565536        0.182225
MDMin:  1145 03:28:40    -2396.565537        0.184631
MDMin:  1146 03:28:41    -2396.565538        0.181503
MDMin:  1147 03:28:43    -2396.565539        0.156883
MDMin:  1148 03:28:44    -2396.565541        0.834266
MDMin:  1149 03:28:46    -2396.565541        0.159344
MDMin:  1150 03:28:47    -2396.565542        0.157822
MDMin:  1151 03:28:49    -2396.565543        0.278995
MDMin:  1152 03:28:50    -2396.565543        0.308181
MDMin:  1153 03:28:51    -2396.565544        0.166847
MDMin:  1154 03:28:53    -2396.565544        0.149096
