       Step     Time          Energy          fmax
MDMin:    0 06:54:10    -2397.785521        0.149232
MDMin:    1 06:54:12    -2397.785521        0.149208
MDMin:    2 06:54:14    -2397.785520        0.149138
MDMin:    3 06:54:16    -2397.785520        0.149021
MDMin:    4 06:54:18    -2397.785519        0.148857
MDMin:    5 06:54:20    -2397.785517        0.148647
MDMin:    6 06:54:21    -2397.785516        0.148390
MDMin:    7 06:54:23    -2397.785514        0.148086
MDMin:    8 06:54:25    -2397.785512        0.147736
MDMin:    9 06:54:26    -2397.785510        0.147339
MDMin:   10 06:54:28    -2397.785508        0.146897
MDMin:   11 06:54:30    -2397.785505        0.146408
MDMin:   12 06:54:32    -2397.785502        0.145872
MDMin:   13 06:54:33    -2397.785499        0.145291
MDMin:   14 06:54:35    -2397.785495        0.144664
MDMin:   15 06:54:37    -2397.785492        0.143992
MDMin:   16 06:54:38    -2397.785488        0.143274
MDMin:   17 06:54:41    -2397.785483        0.142511
MDMin:   18 06:54:43    -2397.785479        0.141703
MDMin:   19 06:54:45    -2397.785474        0.140851
MDMin:   20 06:54:46    -2397.785469        0.139954
MDMin:   21 06:54:47    -2397.785464        0.139013
MDMin:   22 06:54:49    -2397.785458        0.138029
MDMin:   23 06:54:51    -2397.785452        0.137002
MDMin:   24 06:54:53    -2397.785446        0.135931
MDMin:   25 06:54:55    -2397.785439        0.134819
MDMin:   26 06:54:57    -2397.785433        0.133665
MDMin:   27 06:54:59    -2397.785426        0.132470
MDMin:   28 06:55:00    -2397.785419        0.131234
MDMin:   29 06:55:01    -2397.785411        0.129959
MDMin:   30 06:55:02    -2397.785403        0.128644
MDMin:   31 06:55:03    -2397.785395        0.127291
MDMin:   32 06:55:05    -2397.785387        0.125901
MDMin:   33 06:55:07    -2397.785379        0.124473
MDMin:   34 06:55:08    -2397.785370        0.123010
MDMin:   35 06:55:10    -2397.785361        0.121512
MDMin:   36 06:55:11    -2397.785352        0.119980
MDMin:   37 06:55:13    -2397.785342        0.118416
MDMin:   38 06:55:15    -2397.785332        0.116819
MDMin:   39 06:55:16    -2397.785323        0.115193
MDMin:   40 06:55:18    -2397.785312        0.113537
MDMin:   41 06:55:19    -2397.785302        0.111853
MDMin:   42 06:55:20    -2397.785292        0.110142
MDMin:   43 06:55:22    -2397.785281        0.108406
MDMin:   44 06:55:23    -2397.785270        0.106646
MDMin:   45 06:55:25    -2397.785259        0.104864
MDMin:   46 06:55:27    -2397.785248        0.103062
MDMin:   47 06:55:29    -2397.785237        0.101240
MDMin:   48 06:55:30    -2397.785225        0.099402
MDMin:   49 06:55:31    -2397.785214        0.097547
MDMin:   50 06:55:33    -2397.785203        0.095679
MDMin:   51 06:55:34    -2397.785191        0.094199
MDMin:   52 06:55:36    -2397.785179        0.092848
MDMin:   53 06:55:38    -2397.785168        0.091497
MDMin:   54 06:55:40    -2397.785156        0.090147
MDMin:   55 06:55:42    -2397.785145        0.088801
MDMin:   56 06:55:43    -2397.785133        0.087460
MDMin:   57 06:55:45    -2397.785122        0.086127
MDMin:   58 06:55:47    -2397.785110        0.084803
MDMin:   59 06:55:49    -2397.785099        0.083490
MDMin:   60 06:55:51    -2397.785088        0.082192
MDMin:   61 06:55:53    -2397.785077        0.080908
MDMin:   62 06:55:55    -2397.785067        0.079642
MDMin:   63 06:55:57    -2397.785056        0.078396
MDMin:   64 06:55:59    -2397.785046        0.077170
MDMin:   65 06:56:01    -2397.785036        0.075969
MDMin:   66 06:56:03    -2397.785027        0.074793
MDMin:   67 06:56:05    -2397.785018        0.073645
MDMin:   68 06:56:06    -2397.785009        0.072527
MDMin:   69 06:56:08    -2397.785001        0.071442
MDMin:   70 06:56:10    -2397.784993        0.070392
MDMin:   71 06:56:11    -2397.784985        0.071391
MDMin:   72 06:56:13    -2397.784978        0.072818
MDMin:   73 06:56:14    -2397.784971        0.074313
MDMin:   74 06:56:16    -2397.784965        0.075881
MDMin:   75 06:56:18    -2397.784960        0.077522
MDMin:   76 06:56:20    -2397.784954        0.079238
MDMin:   77 06:56:22    -2397.784950        0.081027
MDMin:   78 06:56:23    -2397.784946        0.082890
MDMin:   79 06:56:24    -2397.784942        0.084822
MDMin:   80 06:56:26    -2397.784939        0.086820
MDMin:   81 06:56:28    -2397.784936        0.088875
MDMin:   82 06:56:30    -2397.784934        0.090979
MDMin:   83 06:56:32    -2397.784932        0.093120
MDMin:   84 06:56:33    -2397.784931        0.095280
MDMin:   85 06:56:35    -2397.784930        0.097440
MDMin:   86 06:56:37    -2397.784929        0.099577
MDMin:   87 06:56:39    -2397.784929        0.101662
MDMin:   88 06:56:41    -2397.784929        0.103663
MDMin:   89 06:56:43    -2397.784930        0.105542
MDMin:   90 06:56:44    -2397.784931        0.107259
MDMin:   91 06:56:45    -2397.784932        0.108768
MDMin:   92 06:56:47    -2397.784934        0.110021
MDMin:   93 06:56:48    -2397.784935        0.110970
MDMin:   94 06:56:50    -2397.784938        0.111566
MDMin:   95 06:56:52    -2397.784940        0.111762
MDMin:   96 06:56:54    -2397.784943        0.111518
MDMin:   97 06:56:56    -2397.784946        0.110803
MDMin:   98 06:56:58    -2397.784949        0.109597
MDMin:   99 06:56:59    -2397.784953        0.107893
MDMin:  100 06:57:01    -2397.784956        0.105701
MDMin:  101 06:57:02    -2397.784961        0.103049
MDMin:  102 06:57:04    -2397.784965        0.099976
MDMin:  103 06:57:06    -2397.784970        0.096538
MDMin:  104 06:57:07    -2397.784975        0.092795
MDMin:  105 06:57:09    -2397.784980        0.088812
MDMin:  106 06:57:11    -2397.784986        0.084653
MDMin:  107 06:57:12    -2397.784992        0.080378
MDMin:  108 06:57:14    -2397.784998        0.076046
MDMin:  109 06:57:15    -2397.785005        0.071722
MDMin:  110 06:57:16    -2397.785012        0.067546
MDMin:  111 06:57:18    -2397.785018        0.074375
MDMin:  112 06:57:20    -2397.785021        0.063535
MDMin:  113 06:57:21    -2397.785024        0.063296
MDMin:  114 06:57:22    -2397.785026        0.063043
MDMin:  115 06:57:24    -2397.785028        0.062777
MDMin:  116 06:57:26    -2397.785030        0.062498
MDMin:  117 06:57:28    -2397.785033        0.062205
MDMin:  118 06:57:30    -2397.785035        0.061898
MDMin:  119 06:57:32    -2397.785038        0.061576
MDMin:  120 06:57:33    -2397.785040        0.061241
MDMin:  121 06:57:35    -2397.785043        0.060890
MDMin:  122 06:57:36    -2397.785046        0.060525
MDMin:  123 06:57:38    -2397.785049        0.060145
MDMin:  124 06:57:40    -2397.785052        0.059750
MDMin:  125 06:57:42    -2397.785055        0.059340
MDMin:  126 06:57:44    -2397.785058        0.058915
MDMin:  127 06:57:46    -2397.785061        0.058475
MDMin:  128 06:57:48    -2397.785065        0.058019
MDMin:  129 06:57:49    -2397.785068        0.057549
MDMin:  130 06:57:51    -2397.785072        0.057063
MDMin:  131 06:57:53    -2397.785076        0.056562
MDMin:  132 06:57:55    -2397.785080        0.056047
MDMin:  133 06:57:57    -2397.785084        0.055516
MDMin:  134 06:57:59    -2397.785088        0.054972
MDMin:  135 06:58:01    -2397.785092        0.054413
MDMin:  136 06:58:03    -2397.785097        0.053840
MDMin:  137 06:58:04    -2397.785101        0.053254
MDMin:  138 06:58:06    -2397.785106        0.052655
MDMin:  139 06:58:07    -2397.785110        0.052043
MDMin:  140 06:58:09    -2397.785115        0.051419
MDMin:  141 06:58:10    -2397.785120        0.050783
MDMin:  142 06:58:12    -2397.785125        0.050136
MDMin:  143 06:58:13    -2397.785131        0.049479
       Step     Time          Energy          fmax
MDMin:    0 07:12:07    -2397.785518        0.149920
MDMin:    1 07:12:09    -2397.785518        0.149897
MDMin:    2 07:12:11    -2397.785517        0.149826
MDMin:    3 07:12:13    -2397.785517        0.149709
MDMin:    4 07:12:15    -2397.785516        0.149545
MDMin:    5 07:12:17    -2397.785515        0.149333
MDMin:    6 07:12:19    -2397.785513        0.149075
MDMin:    7 07:12:21    -2397.785512        0.148771
MDMin:    8 07:12:23    -2397.785510        0.148419
MDMin:    9 07:12:24    -2397.785507        0.148021
MDMin:   10 07:12:26    -2397.785505        0.147577
MDMin:   11 07:12:28    -2397.785502        0.147086
MDMin:   12 07:12:30    -2397.785499        0.146549
MDMin:   13 07:12:32    -2397.785496        0.145966
MDMin:   14 07:12:34    -2397.785493        0.145336
MDMin:   15 07:12:36    -2397.785489        0.144661
MDMin:   16 07:12:38    -2397.785485        0.143941
MDMin:   17 07:12:39    -2397.785481        0.143175
MDMin:   18 07:12:41    -2397.785476        0.142364
MDMin:   19 07:12:43    -2397.785471        0.141508
MDMin:   20 07:12:45    -2397.785466        0.140608
MDMin:   21 07:12:47    -2397.785461        0.139664
MDMin:   22 07:12:49    -2397.785455        0.138676
MDMin:   23 07:12:51    -2397.785449        0.137644
MDMin:   24 07:12:53    -2397.785443        0.136570
MDMin:   25 07:12:55    -2397.785437        0.135453
MDMin:   26 07:12:57    -2397.785430        0.134294
MDMin:   27 07:12:59    -2397.785423        0.133094
MDMin:   28 07:13:01    -2397.785416        0.131853
MDMin:   29 07:13:03    -2397.785409        0.130572
MDMin:   30 07:13:05    -2397.785401        0.129252
MDMin:   31 07:13:06    -2397.785393        0.127893
MDMin:   32 07:13:07    -2397.785385        0.126497
MDMin:   33 07:13:09    -2397.785376        0.125063
MDMin:   34 07:13:10    -2397.785367        0.123593
MDMin:   35 07:13:11    -2397.785359        0.122088
MDMin:   36 07:13:12    -2397.785349        0.120549
MDMin:   37 07:13:14    -2397.785340        0.118977
MDMin:   38 07:13:16    -2397.785330        0.117373
MDMin:   39 07:13:18    -2397.785320        0.115738
MDMin:   40 07:13:20    -2397.785310        0.114074
MDMin:   41 07:13:22    -2397.785300        0.112381
MDMin:   42 07:13:24    -2397.785290        0.110662
MDMin:   43 07:13:26    -2397.785279        0.108917
MDMin:   44 07:13:28    -2397.785268        0.107148
MDMin:   45 07:13:30    -2397.785257        0.105357
MDMin:   46 07:13:32    -2397.785246        0.103544
MDMin:   47 07:13:34    -2397.785235        0.101713
MDMin:   48 07:13:35    -2397.785224        0.099864
MDMin:   49 07:13:37    -2397.785212        0.097999
MDMin:   50 07:13:39    -2397.785201        0.096121
MDMin:   51 07:13:41    -2397.785189        0.094498
MDMin:   52 07:13:43    -2397.785178        0.093139
MDMin:   53 07:13:45    -2397.785166        0.091779
MDMin:   54 07:13:47    -2397.785154        0.090420
MDMin:   55 07:13:49    -2397.785143        0.089064
MDMin:   56 07:13:51    -2397.785131        0.087714
MDMin:   57 07:13:53    -2397.785120        0.086372
MDMin:   58 07:13:55    -2397.785109        0.085039
MDMin:   59 07:13:57    -2397.785098        0.083717
MDMin:   60 07:13:58    -2397.785087        0.082408
MDMin:   61 07:14:00    -2397.785076        0.081115
MDMin:   62 07:14:02    -2397.785065        0.079840
MDMin:   63 07:14:04    -2397.785055        0.078584
MDMin:   64 07:14:06    -2397.785045        0.077350
MDMin:   65 07:14:08    -2397.785035        0.076139
MDMin:   66 07:14:10    -2397.785025        0.074953
MDMin:   67 07:14:12    -2397.785016        0.073796
MDMin:   68 07:14:14    -2397.785008        0.072669
MDMin:   69 07:14:16    -2397.784999        0.071575
MDMin:   70 07:14:18    -2397.784991        0.070516
MDMin:   71 07:14:20    -2397.784984        0.071250
MDMin:   72 07:14:22    -2397.784977        0.072675
MDMin:   73 07:14:23    -2397.784970        0.074170
MDMin:   74 07:14:25    -2397.784964        0.075736
MDMin:   75 07:14:27    -2397.784958        0.077377
MDMin:   76 07:14:29    -2397.784953        0.079092
MDMin:   77 07:14:31    -2397.784949        0.080881
MDMin:   78 07:14:33    -2397.784944        0.082744
MDMin:   79 07:14:34    -2397.784941        0.084678
MDMin:   80 07:14:35    -2397.784938        0.086678
MDMin:   81 07:14:37    -2397.784935        0.088736
MDMin:   82 07:14:39    -2397.784933        0.090844
MDMin:   83 07:14:41    -2397.784931        0.092989
MDMin:   84 07:14:43    -2397.784930        0.095156
MDMin:   85 07:14:45    -2397.784929        0.097323
MDMin:   86 07:14:47    -2397.784928        0.099469
MDMin:   87 07:14:49    -2397.784928        0.101563
MDMin:   88 07:14:51    -2397.784929        0.103575
MDMin:   89 07:14:53    -2397.784929        0.105466
MDMin:   90 07:14:55    -2397.784930        0.107196
MDMin:   91 07:14:57    -2397.784932        0.108719
MDMin:   92 07:14:59    -2397.784933        0.109987
MDMin:   93 07:15:01    -2397.784935        0.110951
MDMin:   94 07:15:03    -2397.784937        0.111561
MDMin:   95 07:15:05    -2397.784940        0.111772
MDMin:   96 07:15:07    -2397.784942        0.111542
MDMin:   97 07:15:09    -2397.784945        0.110839
MDMin:   98 07:15:11    -2397.784949        0.109642
MDMin:   99 07:15:13    -2397.784952        0.107945
MDMin:  100 07:15:15    -2397.784956        0.105759
MDMin:  101 07:15:17    -2397.784960        0.103109
MDMin:  102 07:15:19    -2397.784965        0.100036
MDMin:  103 07:15:21    -2397.784970        0.096595
MDMin:  104 07:15:23    -2397.784975        0.092847
MDMin:  105 07:15:25    -2397.784980        0.088858
MDMin:  106 07:15:26    -2397.784986        0.084691
MDMin:  107 07:15:28    -2397.784992        0.080408
MDMin:  108 07:15:30    -2397.784998        0.076067
MDMin:  109 07:15:32    -2397.785005        0.071736
MDMin:  110 07:15:34    -2397.785012        0.067561
MDMin:  111 07:15:36    -2397.785018        0.074319
MDMin:  112 07:15:38    -2397.785021        0.063558
MDMin:  113 07:15:39    -2397.785024        0.063315
MDMin:  114 07:15:41    -2397.785026        0.063059
MDMin:  115 07:15:43    -2397.785028        0.062789
MDMin:  116 07:15:45    -2397.785030        0.062506
MDMin:  117 07:15:47    -2397.785033        0.062209
MDMin:  118 07:15:49    -2397.785035        0.061898
MDMin:  119 07:15:51    -2397.785038        0.061572
MDMin:  120 07:15:53    -2397.785041        0.061232
MDMin:  121 07:15:54    -2397.785043        0.060876
MDMin:  122 07:15:55    -2397.785046        0.060506
MDMin:  123 07:15:57    -2397.785049        0.060121
MDMin:  124 07:15:58    -2397.785052        0.059721
MDMin:  125 07:15:59    -2397.785055        0.059305
MDMin:  126 07:16:01    -2397.785059        0.058874
MDMin:  127 07:16:02    -2397.785062        0.058428
MDMin:  128 07:16:04    -2397.785066        0.057966
MDMin:  129 07:16:05    -2397.785069        0.057489
MDMin:  130 07:16:06    -2397.785073        0.056997
MDMin:  131 07:16:08    -2397.785077        0.056489
MDMin:  132 07:16:09    -2397.785081        0.055967
MDMin:  133 07:16:11    -2397.785085        0.055430
MDMin:  134 07:16:12    -2397.785089        0.054878
MDMin:  135 07:16:13    -2397.785093        0.054313
MDMin:  136 07:16:14    -2397.785098        0.053733
MDMin:  137 07:16:15    -2397.785102        0.053140
MDMin:  138 07:16:17    -2397.785107        0.052533
MDMin:  139 07:16:18    -2397.785112        0.051914
MDMin:  140 07:16:19    -2397.785117        0.051283
MDMin:  141 07:16:20    -2397.785122        0.050641
MDMin:  142 07:16:22    -2397.785127        0.049988
