       Step     Time          Energy          fmax
MDMin:    0 06:27:32    -2395.007643        4.718624
MDMin:    1 06:27:35    -2395.014641        4.718196
MDMin:    2 06:27:37    -2395.035273        4.666627
MDMin:    3 06:27:39    -2395.068762        4.425451
MDMin:    4 06:27:41    -2395.114561        3.881696
MDMin:    5 06:27:42    -2395.173331        3.828035
MDMin:    6 06:27:44    -2395.248166        3.375196
MDMin:    7 06:27:45    -2395.346045        2.533619
MDMin:    8 06:27:47    -2395.477975        2.220199
MDMin:    9 06:27:49    -2395.659820        2.031251
MDMin:   10 06:27:51    -2395.904530        1.849160
MDMin:   11 06:27:53    -2396.202751        1.694780
MDMin:   12 06:27:55    -2396.487301        1.566052
MDMin:   13 06:27:57    -2396.672843        1.619167
MDMin:   14 06:27:59    -2396.822575        1.686955
MDMin:   15 06:28:00    -2396.985685        1.643201
MDMin:   16 06:28:01    -2397.135091        2.321870
MDMin:   17 06:28:02    -2397.236366        1.895912
MDMin:   18 06:28:03    -2397.265054        1.919111
MDMin:   19 06:28:05    -2397.308372        1.949466
MDMin:   20 06:28:07    -2397.369372        1.991300
MDMin:   21 06:28:09    -2397.448131        2.044763
MDMin:   22 06:28:11    -2397.542647        2.030383
MDMin:   23 06:28:12    -2397.646621        1.978328
MDMin:   24 06:28:14    -2397.701657        1.864712
MDMin:   25 06:28:15    -2397.721006        1.657470
MDMin:   26 06:28:17    -2397.735860        1.398192
MDMin:   27 06:28:18    -2397.745817        1.117756
MDMin:   28 06:28:20    -2397.752156        1.135936
MDMin:   29 06:28:22    -2397.756481        1.204877
MDMin:   30 06:28:24    -2397.759534        1.236427
MDMin:   31 06:28:26    -2397.761793        1.146267
MDMin:   32 06:28:27    -2397.763606        0.995907
MDMin:   33 06:28:29    -2397.765179        1.084945
MDMin:   34 06:28:31    -2397.766626        1.295956
MDMin:   35 06:28:32    -2397.768008        1.510525
MDMin:   36 06:28:34    -2397.769378        1.506939
MDMin:   37 06:28:36    -2397.770844        1.086343
MDMin:   38 06:28:37    -2397.772476        0.994126
MDMin:   39 06:28:38    -2397.773588        1.325211
MDMin:   40 06:28:40    -2397.773662        1.132824
MDMin:   41 06:28:42    -2397.773799        1.061903
MDMin:   42 06:28:44    -2397.774014        1.060471
MDMin:   43 06:28:45    -2397.774312        1.052100
MDMin:   44 06:28:47    -2397.774674        1.032067
MDMin:   45 06:28:48    -2397.775097        0.996325
MDMin:   46 06:28:50    -2397.774838        0.942327
MDMin:   47 06:28:52    -2397.773232        0.876882
MDMin:   48 06:28:54    -2397.774052        0.802192
MDMin:   49 06:28:55    -2397.774800        0.722679
MDMin:   50 06:28:57    -2397.774915        0.646268
MDMin:   51 06:28:58    -2397.771941        0.592750
MDMin:   52 06:29:00    -2397.773343        0.620020
MDMin:   53 06:29:01    -2397.774410        0.655063
MDMin:   54 06:29:02    -2397.774824        0.700478
MDMin:   55 06:29:04    -2397.771117        0.753006
MDMin:   56 06:29:06    -2397.772851        0.813366
MDMin:   57 06:29:08    -2397.774023        0.882471
MDMin:   58 06:29:10    -2397.774893        0.953144
MDMin:   59 06:29:12    -2397.770693        1.007112
MDMin:   60 06:29:14    -2397.772455        1.031253
MDMin:   61 06:29:16    -2397.773582        1.011174
MDMin:   62 06:29:17    -2397.774488        0.938028
MDMin:   63 06:29:19    -2397.774179        0.823325
MDMin:   64 06:29:20    -2397.770482        0.706102
MDMin:   65 06:29:22    -2397.772348        0.663920
MDMin:   66 06:29:24    -2397.773405        0.699537
MDMin:   67 06:29:26    -2397.774108        0.743693
MDMin:   68 06:29:28    -2397.774605        0.796450
MDMin:   69 06:29:30    -2397.774612        0.851289
MDMin:   70 06:29:32    -2397.772102        0.894569
MDMin:   71 06:29:33    -2397.772786        0.926689
MDMin:   72 06:29:34    -2397.773159        0.953698
MDMin:   73 06:29:36    -2397.773459        0.974718
MDMin:   74 06:29:38    -2397.773707        0.986634
MDMin:   75 06:29:40    -2397.773913        0.986054
MDMin:   76 06:29:42    -2397.774081        0.970110
MDMin:   77 06:29:44    -2397.774217        0.936569
MDMin:   78 06:29:46    -2397.774321        0.883672
MDMin:   79 06:29:48    -2397.774396        0.810895
MDMin:   80 06:29:50    -2397.774441        0.722610
MDMin:   81 06:29:52    -2397.774458        0.639575
MDMin:   82 06:29:53    -2397.774456        0.594607
MDMin:   83 06:29:55    -2397.774451        0.564186
MDMin:   84 06:29:56    -2397.774444        0.532055
MDMin:   85 06:29:58    -2397.774434        0.497706
MDMin:   86 06:30:00    -2397.774421        0.462073
MDMin:   87 06:30:02    -2397.774406        0.426363
MDMin:   88 06:30:04    -2397.774390        0.391870
MDMin:   89 06:30:06    -2397.774373        0.371398
MDMin:   90 06:30:08    -2397.774359        0.353766
MDMin:   91 06:30:10    -2397.774351        0.339072
MDMin:   92 06:30:12    -2397.774353        0.337903
MDMin:   93 06:30:14    -2397.774369        0.342627
MDMin:   94 06:30:16    -2397.774402        0.346393
MDMin:   95 06:30:17    -2397.774447        0.429197
MDMin:   96 06:30:19    -2397.774479        0.349778
MDMin:   97 06:30:21    -2397.774506        0.350385
MDMin:   98 06:30:23    -2397.774540        0.350972
MDMin:   99 06:30:25    -2397.774582        0.351540
MDMin:  100 06:30:27    -2397.774634        0.352066
MDMin:  101 06:30:29    -2397.774697        0.352524
MDMin:  102 06:30:31    -2397.774775        0.352885
MDMin:  103 06:30:33    -2397.774869        0.353123
MDMin:  104 06:30:35    -2397.774980        0.353209
MDMin:  105 06:30:37    -2397.775110        0.353119
MDMin:  106 06:30:39    -2397.775263        0.352971
MDMin:  107 06:30:40    -2397.775438        0.362344
MDMin:  108 06:30:42    -2397.775637        0.372148
MDMin:  109 06:30:43    -2397.775861        0.381777
MDMin:  110 06:30:45    -2397.776108        0.390397
MDMin:  111 06:30:46    -2397.776371        0.396980
MDMin:  112 06:30:48    -2397.776625        0.400618
MDMin:  113 06:30:50    -2397.776809        0.401575
MDMin:  114 06:30:52    -2397.776930        0.401468
MDMin:  115 06:30:54    -2397.777058        0.400786
MDMin:  116 06:30:55    -2397.777201        0.399389
MDMin:  117 06:30:57    -2397.777360        0.397126
MDMin:  118 06:30:58    -2397.777534        0.393877
MDMin:  119 06:30:59    -2397.777724        0.389575
MDMin:  120 06:31:00    -2397.777929        0.384224
MDMin:  121 06:31:02    -2397.778149        0.377905
MDMin:  122 06:31:03    -2397.778383        0.370777
MDMin:  123 06:31:05    -2397.778630        0.363055
MDMin:  124 06:31:06    -2397.778888        0.354944
MDMin:  125 06:31:08    -2397.779156        0.346684
MDMin:  126 06:31:09    -2397.779431        0.338524
MDMin:  127 06:31:11    -2397.779710        0.334300
MDMin:  128 06:31:13    -2397.779983        0.337758
MDMin:  129 06:31:15    -2397.780224        0.366371
MDMin:  130 06:31:16    -2397.780388        0.342154
MDMin:  131 06:31:18    -2397.780493        0.343163
MDMin:  132 06:31:19    -2397.780597        0.344130
MDMin:  133 06:31:20    -2397.780709        0.345158
MDMin:  134 06:31:21    -2397.780829        0.346256
MDMin:  135 06:31:23    -2397.780955        0.347428
MDMin:  136 06:31:25    -2397.781087        0.348683
MDMin:  137 06:31:27    -2397.781223        0.350034
MDMin:  138 06:31:29    -2397.781360        0.351498
MDMin:  139 06:31:31    -2397.781497        0.353097
MDMin:  140 06:31:33    -2397.781632        0.354853
MDMin:  141 06:31:34    -2397.781763        0.356786
MDMin:  142 06:31:36    -2397.781885        0.358908
MDMin:  143 06:31:38    -2397.781997        0.361204
MDMin:  144 06:31:39    -2397.782094        0.363582
MDMin:  145 06:31:41    -2397.782165        0.374914
MDMin:  146 06:31:42    -2397.782205        0.367048
MDMin:  147 06:31:43    -2397.782229        0.367984
MDMin:  148 06:31:44    -2397.782252        0.368955
MDMin:  149 06:31:46    -2397.782274        0.370016
MDMin:  150 06:31:48    -2397.782295        0.371161
MDMin:  151 06:31:49    -2397.782312        0.372373
MDMin:  152 06:31:51    -2397.782326        0.373631
MDMin:  153 06:31:53    -2397.782335        0.374905
MDMin:  154 06:31:55    -2397.782338        0.376157
MDMin:  155 06:31:57    -2397.782334        0.377342
MDMin:  156 06:31:59    -2397.782322        0.378406
MDMin:  157 06:32:00    -2397.782301        0.379287
MDMin:  158 06:32:02    -2397.782271        0.379911
MDMin:  159 06:32:03    -2397.782232        0.380193
MDMin:  160 06:32:04    -2397.782183        0.380038
MDMin:  161 06:32:05    -2397.782128        0.379383
MDMin:  162 06:32:07    -2397.782075        0.387993
MDMin:  163 06:32:09    -2397.782039        0.393511
MDMin:  164 06:32:11    -2397.782009        0.397443
MDMin:  165 06:32:13    -2397.781975        0.401202
MDMin:  166 06:32:15    -2397.781937        0.404737
MDMin:  167 06:32:17    -2397.781895        0.407803
MDMin:  168 06:32:19    -2397.781846        0.410106
MDMin:  169 06:32:21    -2397.781793        0.411329
MDMin:  170 06:32:22    -2397.781734        0.411182
MDMin:  171 06:32:23    -2397.781669        0.409421
MDMin:  172 06:32:25    -2397.781598        0.405901
MDMin:  173 06:32:27    -2397.781522        0.400618
MDMin:  174 06:32:29    -2397.781440        0.393731
MDMin:  175 06:32:31    -2397.781353        0.385559
MDMin:  176 06:32:33    -2397.781261        0.376566
MDMin:  177 06:32:35    -2397.781168        0.367385
MDMin:  178 06:32:37    -2397.781082        0.368176
MDMin:  179 06:32:39    -2397.781021        0.358641
MDMin:  180 06:32:41    -2397.780982        0.356651
MDMin:  181 06:32:42    -2397.780942        0.357503
MDMin:  182 06:32:44    -2397.780897        0.358323
MDMin:  183 06:32:46    -2397.780848        0.359094
MDMin:  184 06:32:48    -2397.780796        0.359803
MDMin:  185 06:32:50    -2397.780739        0.360443
MDMin:  186 06:32:52    -2397.780679        0.361011
MDMin:  187 06:32:54    -2397.780615        0.361512
MDMin:  188 06:32:55    -2397.780549        0.361960
MDMin:  189 06:32:58    -2397.780480        0.362375
MDMin:  190 06:32:59    -2397.780409        0.362783
MDMin:  191 06:33:00    -2397.780336        0.363211
MDMin:  192 06:33:02    -2397.780262        0.363683
MDMin:  193 06:33:04    -2397.780189        0.364203
MDMin:  194 06:33:06    -2397.780122        0.364726
MDMin:  195 06:33:08    -2397.780075        0.395957
MDMin:  196 06:33:10    -2397.780047        0.365306
MDMin:  197 06:33:12    -2397.780019        0.365515
MDMin:  198 06:33:13    -2397.779989        0.365745
MDMin:  199 06:33:14    -2397.779956        0.365997
MDMin:  200 06:33:16    -2397.779921        0.366267
MDMin:  201 06:33:18    -2397.779883        0.366546
MDMin:  202 06:33:20    -2397.779843        0.366821
MDMin:  203 06:33:21    -2397.779802        0.367075
MDMin:  204 06:33:23    -2397.779758        0.367284
MDMin:  205 06:33:24    -2397.779713        0.367421
MDMin:  206 06:33:25    -2397.779667        0.367457
MDMin:  207 06:33:28    -2397.779620        0.367360
MDMin:  208 06:33:29    -2397.779573        0.367104
MDMin:  209 06:33:31    -2397.779527        0.366683
MDMin:  210 06:33:33    -2397.779488        0.396588
MDMin:  211 06:33:34    -2397.779466        0.365814
MDMin:  212 06:33:36    -2397.779449        0.365502
MDMin:  213 06:33:38    -2397.779431        0.365124
MDMin:  214 06:33:39    -2397.779411        0.364659
MDMin:  215 06:33:41    -2397.779389        0.364090
MDMin:  216 06:33:42    -2397.779366        0.363395
MDMin:  217 06:33:44    -2397.779342        0.362548
MDMin:  218 06:33:46    -2397.779317        0.361516
MDMin:  219 06:33:48    -2397.779290        0.367493
MDMin:  220 06:33:50    -2397.779263        0.377098
MDMin:  221 06:33:52    -2397.779236        0.387054
MDMin:  222 06:33:53    -2397.779208        0.396949
MDMin:  223 06:33:55    -2397.779180        0.406220
MDMin:  224 06:33:56    -2397.779153        0.414159
MDMin:  225 06:33:58    -2397.779127        0.419961
MDMin:  226 06:34:00    -2397.779102        0.422851
MDMin:  227 06:34:02    -2397.779079        0.422368
MDMin:  228 06:34:03    -2397.779061        0.419061
MDMin:  229 06:34:05    -2397.779050        0.415394
MDMin:  230 06:34:06    -2397.779043        0.412485
MDMin:  231 06:34:08    -2397.779036        0.409044
MDMin:  232 06:34:10    -2397.779030        0.404874
MDMin:  233 06:34:11    -2397.779023        0.404339
MDMin:  234 06:34:12    -2397.779017        0.403221
MDMin:  235 06:34:14    -2397.779011        0.401034
MDMin:  236 06:34:15    -2397.779006        0.397529
MDMin:  237 06:34:17    -2397.779002        0.392468
MDMin:  238 06:34:18    -2397.779000        0.385647
MDMin:  239 06:34:19    -2397.779000        0.376918
MDMin:  240 06:34:21    -2397.779002        0.366220
MDMin:  241 06:34:22    -2397.779008        0.357423
MDMin:  242 06:34:23    -2397.779017        0.359069
MDMin:  243 06:34:25    -2397.779029        0.360365
MDMin:  244 06:34:26    -2397.779046        0.361288
MDMin:  245 06:34:27    -2397.779063        0.423243
MDMin:  246 06:34:28    -2397.779076        0.361932
MDMin:  247 06:34:30    -2397.779086        0.361963
MDMin:  248 06:34:31    -2397.779097        0.361958
MDMin:  249 06:34:33    -2397.779111        0.361917
MDMin:  250 06:34:34    -2397.779127        0.361836
MDMin:  251 06:34:36    -2397.779145        0.361711
MDMin:  252 06:34:38    -2397.779166        0.361537
MDMin:  253 06:34:40    -2397.779191        0.361308
MDMin:  254 06:34:42    -2397.779219        0.361016
MDMin:  255 06:34:44    -2397.779252        0.360649
MDMin:  256 06:34:46    -2397.779289        0.360192
MDMin:  257 06:34:47    -2397.779331        0.359625
MDMin:  258 06:34:49    -2397.779378        0.361755
MDMin:  259 06:34:51    -2397.779431        0.370117
MDMin:  260 06:34:52    -2397.779487        0.377272
MDMin:  261 06:34:53    -2397.779538        0.399117
MDMin:  262 06:34:55    -2397.779570        0.383987
MDMin:  263 06:34:57    -2397.779597        0.385067
MDMin:  264 06:34:59    -2397.779625        0.385740
MDMin:  265 06:35:01    -2397.779657        0.385888
MDMin:  266 06:35:03    -2397.779694        0.385313
MDMin:  267 06:35:05    -2397.779734        0.383812
MDMin:  268 06:35:07    -2397.779780        0.381199
MDMin:  269 06:35:09    -2397.779830        0.377330
MDMin:  270 06:35:11    -2397.779886        0.372132
MDMin:  271 06:35:12    -2397.779947        0.365620
MDMin:  272 06:35:14    -2397.780014        0.357911
MDMin:  273 06:35:16    -2397.780088        0.349217
MDMin:  274 06:35:18    -2397.780167        0.341203
MDMin:  275 06:35:20    -2397.780253        0.338714
MDMin:  276 06:35:22    -2397.780340        0.336021
MDMin:  277 06:35:23    -2397.780413        0.371586
MDMin:  278 06:35:25    -2397.780460        0.344938
MDMin:  279 06:35:27    -2397.780503        0.350577
MDMin:  280 06:35:28    -2397.780549        0.356811
MDMin:  281 06:35:30    -2397.780601        0.363810
MDMin:  282 06:35:32    -2397.780659        0.371590
MDMin:  283 06:35:34    -2397.780723        0.380112
MDMin:  284 06:35:36    -2397.780793        0.389278
MDMin:  285 06:35:38    -2397.780869        0.398916
MDMin:  286 06:35:40    -2397.780953        0.408753
MDMin:  287 06:35:42    -2397.781044        0.418396
MDMin:  288 06:35:44    -2397.781142        0.427315
MDMin:  289 06:35:46    -2397.781249        0.434849
MDMin:  290 06:35:48    -2397.781363        0.440250
MDMin:  291 06:35:50    -2397.781484        0.442807
MDMin:  292 06:35:52    -2397.781607        0.442191
MDMin:  293 06:35:53    -2397.781716        0.439233
MDMin:  294 06:35:54    -2397.781796        0.435879
MDMin:  295 06:35:56    -2397.781864        0.432394
MDMin:  296 06:35:58    -2397.781936        0.428224
MDMin:  297 06:35:59    -2397.782016        0.423146
MDMin:  298 06:36:01    -2397.782105        0.417100
MDMin:  299 06:36:03    -2397.782205        0.410104
MDMin:  300 06:36:05    -2397.782316        0.402241
MDMin:  301 06:36:07    -2397.782439        0.393653
MDMin:  302 06:36:09    -2397.782576        0.384507
MDMin:  303 06:36:11    -2397.782727        0.374986
MDMin:  304 06:36:13    -2397.782732        0.365342
MDMin:  305 06:36:15    -2397.782647        0.356535
MDMin:  306 06:36:17    -2397.782820        0.351081
MDMin:  307 06:36:19    -2397.782789        0.352208
MDMin:  308 06:36:21    -2397.782828        0.352848
MDMin:  309 06:36:23    -2397.782846        0.353274
MDMin:  310 06:36:24    -2397.782818        0.353599
MDMin:  311 06:36:26    -2397.782881        0.353867
MDMin:  312 06:36:28    -2397.782807        0.354070
MDMin:  313 06:36:29    -2397.782915        0.354212
MDMin:  314 06:36:31    -2397.782804        0.354286
MDMin:  315 06:36:33    -2397.782947        0.354293
MDMin:  316 06:36:35    -2397.782809        0.354229
MDMin:  317 06:36:37    -2397.782973        0.354092
MDMin:  318 06:36:39    -2397.782934        0.353870
MDMin:  319 06:36:41    -2397.782985        0.353568
MDMin:  320 06:36:43    -2397.782971        0.353173
MDMin:  321 06:36:44    -2397.783012        0.352689
MDMin:  322 06:36:46    -2397.783004        0.352104
MDMin:  323 06:36:48    -2397.783053        0.351425
MDMin:  324 06:36:50    -2397.783034        0.350641
MDMin:  325 06:36:52    -2397.783111        0.349772
MDMin:  326 06:36:53    -2397.783064        0.348826
MDMin:  327 06:36:55    -2397.783139        0.347863
MDMin:  328 06:36:57    -2397.783057        0.346883
MDMin:  329 06:36:59    -2397.783164        0.345990
MDMin:  330 06:37:00    -2397.783134        0.345154
MDMin:  331 06:37:01    -2397.783178        0.344299
MDMin:  332 06:37:03    -2397.783192        0.343387
MDMin:  333 06:37:05    -2397.783189        0.342398
MDMin:  334 06:37:07    -2397.783245        0.341325
MDMin:  335 06:37:09    -2397.783151        0.340100
MDMin:  336 06:37:11    -2397.783253        0.338767
MDMin:  337 06:37:13    -2397.783240        0.337314
MDMin:  338 06:37:15    -2397.783262        0.335726
MDMin:  339 06:37:16    -2397.783331        0.333988
MDMin:  340 06:37:18    -2397.783230        0.331992
MDMin:  341 06:37:20    -2397.783334        0.329811
MDMin:  342 06:37:22    -2397.783365        0.327418
MDMin:  343 06:37:24    -2397.783340        0.324819
MDMin:  344 06:37:25    -2397.783418        0.322012
MDMin:  345 06:37:27    -2397.783421        0.318912
MDMin:  346 06:37:29    -2397.783418        0.315759
MDMin:  347 06:37:30    -2397.783489        0.321835
MDMin:  348 06:37:31    -2397.783538        0.328277
MDMin:  349 06:37:32    -2397.783490        0.333954
MDMin:  350 06:37:34    -2397.783544        0.339227
MDMin:  351 06:37:35    -2397.783595        0.344540
MDMin:  352 06:37:37    -2397.783604        0.349972
MDMin:  353 06:37:38    -2397.783581        0.355292
MDMin:  354 06:37:40    -2397.783641        0.360502
MDMin:  355 06:37:41    -2397.783700        0.365620
MDMin:  356 06:37:43    -2397.783720        0.370469
MDMin:  357 06:37:44    -2397.783673        0.374690
MDMin:  358 06:37:45    -2397.783743        0.378341
MDMin:  359 06:37:47    -2397.783808        0.385593
MDMin:  360 06:37:49    -2397.783870        0.392094
MDMin:  361 06:37:51    -2397.783930        0.397456
MDMin:  362 06:37:53    -2397.783986        0.401429
MDMin:  363 06:37:55    -2397.784002        0.404000
MDMin:  364 06:37:56    -2397.783951        0.407948
MDMin:  365 06:37:57    -2397.784000        0.413632
MDMin:  366 06:37:58    -2397.784045        0.418677
MDMin:  367 06:38:00    -2397.784091        0.423013
MDMin:  368 06:38:02    -2397.784137        0.426398
MDMin:  369 06:38:04    -2397.784185        0.428514
MDMin:  370 06:38:06    -2397.784234        0.429029
MDMin:  371 06:38:08    -2397.784283        0.427690
MDMin:  372 06:38:10    -2397.784332        0.424420
MDMin:  373 06:38:11    -2397.784380        0.419462
MDMin:  374 06:38:12    -2397.784423        0.413505
MDMin:  375 06:38:14    -2397.784460        0.407482
MDMin:  376 06:38:16    -2397.784491        0.401741
MDMin:  377 06:38:18    -2397.784520        0.395905
MDMin:  378 06:38:20    -2397.784550        0.389667
MDMin:  379 06:38:22    -2397.784580        0.382935
MDMin:  380 06:38:24    -2397.784611        0.375735
MDMin:  381 06:38:26    -2397.784644        0.368141
MDMin:  382 06:38:27    -2397.784676        0.360296
MDMin:  383 06:38:29    -2397.784708        0.352413
MDMin:  384 06:38:31    -2397.784739        0.344784
MDMin:  385 06:38:33    -2397.784766        0.337851
MDMin:  386 06:38:34    -2397.784789        0.334548
MDMin:  387 06:38:36    -2397.784806        0.335262
MDMin:  388 06:38:38    -2397.784822        0.335840
MDMin:  389 06:38:39    -2397.784836        0.336365
MDMin:  390 06:38:41    -2397.784851        0.336857
MDMin:  391 06:38:43    -2397.784865        0.337315
MDMin:  392 06:38:44    -2397.784878        0.337728
MDMin:  393 06:38:46    -2397.784890        0.338081
MDMin:  394 06:38:48    -2397.784901        0.338357
MDMin:  395 06:38:50    -2397.784910        0.338537
MDMin:  396 06:38:51    -2397.784916        0.338605
MDMin:  397 06:38:53    -2397.784919        0.338561
MDMin:  398 06:38:54    -2397.784919        0.338436
MDMin:  399 06:38:56    -2397.784919        0.338268
MDMin:  400 06:38:58    -2397.784917        0.338055
MDMin:  401 06:39:00    -2397.784913        0.337780
MDMin:  402 06:39:01    -2397.784908        0.337427
MDMin:  403 06:39:02    -2397.784902        0.336980
MDMin:  404 06:39:03    -2397.784892        0.336421
MDMin:  405 06:39:06    -2397.784880        0.335730
MDMin:  406 06:39:08    -2397.784865        0.334887
MDMin:  407 06:39:09    -2397.784847        0.333876
MDMin:  408 06:39:11    -2397.784826        0.332698
MDMin:  409 06:39:13    -2397.784803        0.331416
MDMin:  410 06:39:15    -2397.784781        0.330161
MDMin:  411 06:39:17    -2397.784761        0.329017
MDMin:  412 06:39:19    -2397.784742        0.327876
MDMin:  413 06:39:21    -2397.784721        0.326610
MDMin:  414 06:39:23    -2397.784697        0.325151
MDMin:  415 06:39:25    -2397.784671        0.323455
MDMin:  416 06:39:26    -2397.784641        0.321484
MDMin:  417 06:39:28    -2397.784607        0.319200
MDMin:  418 06:39:29    -2397.784570        0.316573
MDMin:  419 06:39:31    -2397.784529        0.313583
MDMin:  420 06:39:33    -2397.784484        0.310257
MDMin:  421 06:39:34    -2397.784437        0.306711
MDMin:  422 06:39:36    -2397.784390        0.311926
MDMin:  423 06:39:38    -2397.784349        0.317473
MDMin:  424 06:39:39    -2397.784313        0.322003
MDMin:  425 06:39:40    -2397.784278        0.326150
MDMin:  426 06:39:41    -2397.784242        0.330306
MDMin:  427 06:39:42    -2397.784202        0.334563
MDMin:  428 06:39:44    -2397.784159        0.338883
MDMin:  429 06:39:45    -2397.784112        0.343164
MDMin:  430 06:39:46    -2397.784062        0.347257
MDMin:  431 06:39:47    -2397.784007        0.350972
MDMin:  432 06:39:49    -2397.783949        0.354075
MDMin:  433 06:39:50    -2397.783888        0.356303
MDMin:  434 06:39:52    -2397.783825        0.357406
MDMin:  435 06:39:54    -2397.783764        0.357262
MDMin:  436 06:39:56    -2397.783709        0.356074
MDMin:  437 06:39:58    -2397.783662        0.354242
MDMin:  438 06:40:00    -2397.783618        0.351931
MDMin:  439 06:40:02    -2397.783574        0.356003
MDMin:  440 06:40:03    -2397.783527        0.364878
MDMin:  441 06:40:05    -2397.783476        0.375006
MDMin:  442 06:40:07    -2397.783423        0.386585
MDMin:  443 06:40:08    -2397.783366        0.399781
MDMin:  444 06:40:10    -2397.783305        0.414719
MDMin:  445 06:40:11    -2397.783243        0.431437
MDMin:  446 06:40:13    -2397.783178        0.449797
MDMin:  447 06:40:15    -2397.783113        0.469322
MDMin:  448 06:40:16    -2397.783050        0.489031
MDMin:  449 06:40:18    -2397.782992        0.507474
MDMin:  450 06:40:19    -2397.782942        0.523752
MDMin:  451 06:40:21    -2397.782896        0.538387
MDMin:  452 06:40:23    -2397.782851        0.552297
MDMin:  453 06:40:25    -2397.782805        0.565857
MDMin:  454 06:40:27    -2397.782757        0.578875
MDMin:  455 06:40:29    -2397.782707        0.590815
MDMin:  456 06:40:31    -2397.782654        0.600924
MDMin:  457 06:40:33    -2397.782600        0.608335
MDMin:  458 06:40:35    -2397.782544        0.612194
MDMin:  459 06:40:37    -2397.782487        0.611815
MDMin:  460 06:40:39    -2397.782430        0.606946
MDMin:  461 06:40:41    -2397.782375        0.598092
MDMin:  462 06:40:43    -2397.782324        0.586701
MDMin:  463 06:40:45    -2397.782281        0.574625
MDMin:  464 06:40:46    -2397.782243        0.562506
MDMin:  465 06:40:47    -2397.782206        0.549684
MDMin:  466 06:40:49    -2397.782169        0.535582
MDMin:  467 06:40:51    -2397.782130        0.519936
MDMin:  468 06:40:53    -2397.782089        0.502676
MDMin:  469 06:40:54    -2397.782046        0.483861
MDMin:  470 06:40:56    -2397.782002        0.463683
MDMin:  471 06:40:57    -2397.781957        0.442567
MDMin:  472 06:40:58    -2397.781914        0.421369
MDMin:  473 06:40:59    -2397.781874        0.401679
MDMin:  474 06:41:01    -2397.781841        0.385167
MDMin:  475 06:41:03    -2397.781813        0.379498
MDMin:  476 06:41:05    -2397.781788        0.377293
MDMin:  477 06:41:06    -2397.781762        0.374721
MDMin:  478 06:41:07    -2397.781735        0.371690
MDMin:  479 06:41:08    -2397.781706        0.368146
MDMin:  480 06:41:09    -2397.781677        0.364064
MDMin:  481 06:41:11    -2397.781647        0.359447
MDMin:  482 06:41:12    -2397.781617        0.354347
MDMin:  483 06:41:13    -2397.781588        0.348921
MDMin:  484 06:41:14    -2397.781561        0.343527
MDMin:  485 06:41:16    -2397.781539        0.338783
MDMin:  486 06:41:17    -2397.781523        0.334947
MDMin:  487 06:41:18    -2397.781508        0.331425
MDMin:  488 06:41:20    -2397.781494        0.327767
MDMin:  489 06:41:22    -2397.781480        0.323826
MDMin:  490 06:41:24    -2397.781465        0.319559
MDMin:  491 06:41:26    -2397.781450        0.314957
MDMin:  492 06:41:28    -2397.781436        0.310023
MDMin:  493 06:41:30    -2397.781422        0.304774
MDMin:  494 06:41:32    -2397.781409        0.299257
MDMin:  495 06:41:33    -2397.781398        0.293594
MDMin:  496 06:41:34    -2397.781389        0.288072
MDMin:  497 06:41:35    -2397.781382        0.283250
MDMin:  498 06:41:36    -2397.781378        0.279438
MDMin:  499 06:41:38    -2397.781375        0.276094
MDMin:  500 06:41:39    -2397.781372        0.272788
MDMin:  501 06:41:40    -2397.781370        0.276644
MDMin:  502 06:41:42    -2397.781369        0.280848
MDMin:  503 06:41:43    -2397.781369        0.285397
MDMin:  504 06:41:44    -2397.781370        0.290265
MDMin:  505 06:41:45    -2397.781372        0.295397
MDMin:  506 06:41:47    -2397.781376        0.300700
MDMin:  507 06:41:48    -2397.781382        0.306029
MDMin:  508 06:41:49    -2397.781390        0.311148
MDMin:  509 06:41:50    -2397.781400        0.315687
MDMin:  510 06:41:51    -2397.781409        0.319215
MDMin:  511 06:41:53    -2397.781418        0.321644
MDMin:  512 06:41:55    -2397.781427        0.323442
MDMin:  513 06:41:57    -2397.781436        0.324954
MDMin:  514 06:41:59    -2397.781447        0.326206
MDMin:  515 06:42:01    -2397.781459        0.327099
MDMin:  516 06:42:03    -2397.781473        0.327482
MDMin:  517 06:42:05    -2397.781490        0.327178
MDMin:  518 06:42:07    -2397.781508        0.326011
MDMin:  519 06:42:09    -2397.781530        0.323782
MDMin:  520 06:42:11    -2397.781554        0.320308
MDMin:  521 06:42:13    -2397.781580        0.315509
MDMin:  522 06:42:15    -2397.781608        0.309609
MDMin:  523 06:42:16    -2397.781633        0.303457
MDMin:  524 06:42:18    -2397.781654        0.297993
MDMin:  525 06:42:20    -2397.781673        0.292784
MDMin:  526 06:42:22    -2397.781693        0.287131
MDMin:  527 06:42:24    -2397.781716        0.280734
MDMin:  528 06:42:26    -2397.781742        0.273469
MDMin:  529 06:42:28    -2397.781770        0.265272
MDMin:  530 06:42:29    -2397.781803        0.256119
MDMin:  531 06:42:30    -2397.781838        0.246031
MDMin:  532 06:42:32    -2397.781878        0.235113
MDMin:  533 06:42:33    -2397.781921        0.223630
MDMin:  534 06:42:34    -2397.781966        0.212212
MDMin:  535 06:42:35    -2397.782008        0.209331
MDMin:  536 06:42:37    -2397.782041        0.210010
MDMin:  537 06:42:38    -2397.782069        0.210571
MDMin:  538 06:42:39    -2397.782098        0.211146
MDMin:  539 06:42:41    -2397.782131        0.211782
MDMin:  540 06:42:43    -2397.782167        0.212496
MDMin:  541 06:42:45    -2397.782207        0.213304
MDMin:  542 06:42:47    -2397.782251        0.214224
MDMin:  543 06:42:48    -2397.782300        0.215278
MDMin:  544 06:42:50    -2397.782354        0.216495
MDMin:  545 06:42:51    -2397.782412        0.217902
MDMin:  546 06:42:53    -2397.782474        0.219511
MDMin:  547 06:42:54    -2397.782537        0.221256
MDMin:  548 06:42:56    -2397.782592        0.222895
MDMin:  549 06:42:57    -2397.782633        0.224190
MDMin:  550 06:42:59    -2397.782669        0.225384
MDMin:  551 06:43:01    -2397.782707        0.226716
MDMin:  552 06:43:03    -2397.782749        0.228266
MDMin:  553 06:43:05    -2397.782796        0.230073
MDMin:  554 06:43:07    -2397.782847        0.232175
MDMin:  555 06:43:08    -2397.782903        0.234608
MDMin:  556 06:43:09    -2397.782964        0.237401
MDMin:  557 06:43:10    -2397.783030        0.240576
MDMin:  558 06:43:11    -2397.783101        0.244134
MDMin:  559 06:43:13    -2397.783176        0.248032
MDMin:  560 06:43:14    -2397.783255        0.252140
MDMin:  561 06:43:16    -2397.783332        0.256140
MDMin:  562 06:43:18    -2397.783399        0.259487
MDMin:  563 06:43:20    -2397.783450        0.261891
MDMin:  564 06:43:22    -2397.783495        0.263868
MDMin:  565 06:43:24    -2397.783541        0.265791
MDMin:  566 06:43:26    -2397.783592        0.267684
MDMin:  567 06:43:27    -2397.783647        0.269473
MDMin:  568 06:43:28    -2397.783708        0.271039
       Step     Time          Energy          fmax
MDMin:    0 06:43:29    -2395.007643        4.718624
MDMin:  569 06:43:30    -2397.783773        0.272236
MDMin:    1 06:43:32    -2395.014641        4.718196
MDMin:  570 06:43:32    -2397.783844        0.272892
MDMin:  571 06:43:33    -2397.783919        0.272819
MDMin:    2 06:43:34    -2395.035273        4.666627
MDMin:  572 06:43:35    -2397.784000        0.271838
MDMin:    3 06:43:36    -2395.068762        4.425451
MDMin:  573 06:43:37    -2397.784086        0.269833
MDMin:    4 06:43:37    -2395.114561        3.881696
MDMin:    5 06:43:38    -2395.173331        3.828035
MDMin:  574 06:43:39    -2397.784175        0.266773
MDMin:    6 06:43:40    -2395.248166        3.375196
MDMin:  575 06:43:41    -2397.784264        0.262871
MDMin:    7 06:43:41    -2395.346045        2.533619
MDMin:    8 06:43:42    -2395.477975        2.220199
MDMin:  576 06:43:43    -2397.784336        0.258825
MDMin:    9 06:43:44    -2395.659820        2.031251
MDMin:  577 06:43:45    -2397.784238        0.256253
MDMin:   10 06:43:45    -2395.904530        1.849160
MDMin:   11 06:43:47    -2396.202751        1.694780
MDMin:  578 06:43:47    -2397.784283        0.253848
MDMin:   12 06:43:48    -2396.487301        1.566052
MDMin:  579 06:43:49    -2397.784332        0.251072
MDMin:   13 06:43:49    -2396.672843        1.619167
MDMin:  580 06:43:51    -2397.784315        0.247899
MDMin:   14 06:43:51    -2396.822575        1.686955
MDMin:  581 06:43:53    -2397.784293        0.245119
MDMin:   15 06:43:53    -2396.985685        1.643201
MDMin:  582 06:43:55    -2397.784343        0.242304
MDMin:   16 06:43:55    -2397.135091        2.321870
MDMin:  583 06:43:56    -2397.784315        0.239153
MDMin:   17 06:43:57    -2397.236366        1.895912
MDMin:  584 06:43:58    -2397.784312        0.236425
MDMin:   18 06:43:59    -2397.265054        1.919111
MDMin:  585 06:43:59    -2397.784343        0.233725
MDMin:   19 06:44:00    -2397.308372        1.949466
MDMin:  586 06:44:00    -2397.784292        0.231351
MDMin:   20 06:44:01    -2397.369372        1.991300
MDMin:  587 06:44:02    -2397.784339        0.229003
MDMin:   21 06:44:02    -2397.448131        2.044763
MDMin:  588 06:44:04    -2397.784339        0.226404
MDMin:   22 06:44:04    -2397.542647        2.030383
MDMin:   23 06:44:05    -2397.646621        1.978328
MDMin:  589 06:44:06    -2397.784320        0.224150
MDMin:   24 06:44:06    -2397.701657        1.864712
MDMin:   25 06:44:07    -2397.721006        1.657470
MDMin:  590 06:44:08    -2397.784361        0.221962
MDMin:   26 06:44:09    -2397.735860        1.398192
MDMin:  591 06:44:10    -2397.784308        0.220033
MDMin:   27 06:44:10    -2397.745817        1.117756
MDMin:  592 06:44:12    -2397.784353        0.218154
MDMin:   28 06:44:12    -2397.752156        1.135936
MDMin:   29 06:44:13    -2397.756481        1.204877
MDMin:  593 06:44:14    -2397.784354        0.216092
MDMin:   30 06:44:14    -2397.759534        1.236427
MDMin:  594 06:44:16    -2397.784340        0.214308
MDMin:   31 06:44:16    -2397.761793        1.146267
MDMin:   32 06:44:17    -2397.763606        0.995907
MDMin:  595 06:44:18    -2397.784373        0.212606
MDMin:   33 06:44:18    -2397.765179        1.084945
MDMin:  596 06:44:19    -2397.784332        0.211111
MDMin:   34 06:44:20    -2397.766626        1.295956
MDMin:   35 06:44:21    -2397.768008        1.510525
MDMin:  597 06:44:21    -2397.784376        0.209679
MDMin:   36 06:44:23    -2397.769378        1.506939
MDMin:  598 06:44:23    -2397.784363        0.208125
MDMin:   37 06:44:25    -2397.770844        1.086343
MDMin:   38 06:44:26    -2397.772476        0.994126
MDMin:  600 06:44:27    -2397.784379        0.205549
MDMin:   39 06:44:27    -2397.773588        1.325211
MDMin:  601 06:44:28    -2397.784361        0.204470
MDMin:   40 06:44:29    -2397.773662        1.132824
MDMin:  602 06:44:29    -2397.784394        0.203458
MDMin:   41 06:44:30    -2397.773799        1.061903
MDMin:  603 06:44:31    -2397.784357        0.202573
MDMin:   42 06:44:31    -2397.774014        1.060471
MDMin:  604 06:44:32    -2397.784399        0.201744
MDMin:   43 06:44:33    -2397.774312        1.052100
MDMin:  605 06:44:33    -2397.784382        0.200865
MDMin:   44 06:44:34    -2397.774674        1.032067
MDMin:  606 06:44:35    -2397.784394        0.200130
MDMin:  607 06:44:36    -2397.784395        0.199473
MDMin:   45 06:44:36    -2397.775097        0.996325
MDMin:   46 06:44:37    -2397.774838        0.942327
MDMin:  608 06:44:38    -2397.784391        0.198924
MDMin:   47 06:44:39    -2397.773232        0.876882
MDMin:  609 06:44:40    -2397.784407        0.198440
MDMin:  610 06:44:41    -2397.784389        0.198041
MDMin:   48 06:44:41    -2397.774052        0.802192
MDMin:  611 06:44:43    -2397.784417        0.197698
MDMin:   49 06:44:44    -2397.774800        0.722679
MDMin:  612 06:44:44    -2397.784389        0.197426
MDMin:   50 06:44:46    -2397.774915        0.646268
MDMin:  613 06:44:46    -2397.784427        0.197206
MDMin:   51 06:44:48    -2397.771941        0.592750
MDMin:  614 06:44:48    -2397.784389        0.197046
MDMin:   52 06:44:50    -2397.773343        0.620020
MDMin:  615 06:44:50    -2397.784429        0.196936
MDMin:   53 06:44:52    -2397.774410        0.655063
MDMin:   54 06:44:53    -2397.774824        0.700478
MDMin:  617 06:44:54    -2397.784428        0.196876
MDMin:   55 06:44:55    -2397.771117        0.753006
MDMin:  618 06:44:56    -2397.784422        0.196942
MDMin:   56 06:44:57    -2397.772851        0.813366
MDMin:  619 06:44:58    -2397.784428        0.197063
MDMin:   57 06:45:00    -2397.774023        0.882471
MDMin:  621 06:45:01    -2397.784430        0.197462
MDMin:   58 06:45:02    -2397.774893        0.953144
MDMin:  622 06:45:03    -2397.784439        0.197737
MDMin:   59 06:45:04    -2397.770693        1.007112
MDMin:  623 06:45:04    -2397.784431        0.198054
MDMin:  624 06:45:06    -2397.784447        0.198421
MDMin:   60 06:45:06    -2397.772455        1.031253
MDMin:  625 06:45:07    -2397.784434        0.198827
MDMin:   61 06:45:08    -2397.773582        1.011174
MDMin:  626 06:45:09    -2397.784454        0.199284
MDMin:   62 06:45:10    -2397.774488        0.938028
MDMin:  627 06:45:11    -2397.784436        0.199776
MDMin:   63 06:45:12    -2397.774179        0.823325
MDMin:  628 06:45:13    -2397.784460        0.200320
MDMin:   64 06:45:14    -2397.770482        0.706102
MDMin:  629 06:45:15    -2397.784440        0.200898
MDMin:   65 06:45:16    -2397.772348        0.663920
MDMin:  630 06:45:17    -2397.784467        0.201528
MDMin:   66 06:45:18    -2397.773405        0.699537
MDMin:  631 06:45:19    -2397.784444        0.202192
MDMin:   67 06:45:20    -2397.774108        0.743693
MDMin:  632 06:45:21    -2397.784472        0.202907
MDMin:   68 06:45:22    -2397.774605        0.796450
MDMin:  633 06:45:23    -2397.784448        0.203657
MDMin:  634 06:45:24    -2397.784478        0.204458
MDMin:   70 06:45:26    -2397.772102        0.894569
MDMin:  636 06:45:28    -2397.784483        0.206182
MDMin:   71 06:45:28    -2397.772786        0.926689
MDMin:  637 06:45:30    -2397.784457        0.207105
MDMin:   72 06:45:30    -2397.773159        0.953698
MDMin:  638 06:45:32    -2397.784488        0.208080
MDMin:   73 06:45:33    -2397.773459        0.974718
MDMin:  639 06:45:34    -2397.784462        0.209091
MDMin:   74 06:45:35    -2397.773707        0.986634
MDMin:  640 06:45:36    -2397.784493        0.210154
MDMin:   75 06:45:37    -2397.773913        0.986054
MDMin:  641 06:45:38    -2397.784468        0.211254
MDMin:   76 06:45:39    -2397.774081        0.970110
MDMin:  642 06:45:39    -2397.784498        0.212407
MDMin:   77 06:45:40    -2397.774217        0.936569
MDMin:  643 06:45:41    -2397.784474        0.213597
MDMin:   78 06:45:42    -2397.774321        0.883672
MDMin:  644 06:45:43    -2397.784502        0.214842
MDMin:   79 06:45:43    -2397.774396        0.810895
MDMin:  645 06:45:44    -2397.784480        0.216124
MDMin:   80 06:45:44    -2397.774441        0.722610
MDMin:  646 06:45:46    -2397.784506        0.217460
MDMin:   81 06:45:47    -2397.774458        0.639575
MDMin:  647 06:45:48    -2397.784487        0.218836
MDMin:   82 06:45:49    -2397.774456        0.594607
MDMin:  648 06:45:49    -2397.784510        0.220267
MDMin:  649 06:45:50    -2397.784494        0.221738
MDMin:   83 06:45:51    -2397.774451        0.564186
MDMin:  650 06:45:52    -2397.784514        0.223264
MDMin:   84 06:45:53    -2397.774444        0.532055
MDMin:  651 06:45:53    -2397.784501        0.224833
MDMin:   85 06:45:55    -2397.774434        0.497706
MDMin:  652 06:45:55    -2397.784517        0.226458
MDMin:   86 06:45:56    -2397.774421        0.462073
MDMin:  653 06:45:57    -2397.784508        0.228126
MDMin:   87 06:45:58    -2397.774406        0.426363
MDMin:  654 06:45:59    -2397.784520        0.229851
MDMin:   88 06:46:00    -2397.774390        0.391870
MDMin:  655 06:46:00    -2397.784516        0.231621
MDMin:   89 06:46:02    -2397.774373        0.371398
MDMin:  656 06:46:02    -2397.784524        0.233448
MDMin:   90 06:46:03    -2397.774359        0.353766
MDMin:  657 06:46:03    -2397.784524        0.235323
MDMin:   91 06:46:04    -2397.774351        0.339072
MDMin:  658 06:46:04    -2397.784526        0.237255
MDMin:   92 06:46:05    -2397.774353        0.337903
MDMin:  659 06:46:06    -2397.784532        0.239238
MDMin:  660 06:46:07    -2397.784529        0.241278
MDMin:   93 06:46:07    -2397.774369        0.342627
MDMin:  661 06:46:08    -2397.784541        0.243370
MDMin:  662 06:46:09    -2397.784532        0.245522
MDMin:   94 06:46:09    -2397.774402        0.346393
MDMin:  663 06:46:11    -2397.784550        0.247728
MDMin:   95 06:46:11    -2397.774447        0.429197
MDMin:  664 06:46:13    -2397.784534        0.249994
MDMin:   96 06:46:13    -2397.774479        0.349778
MDMin:  665 06:46:14    -2397.784559        0.252320
MDMin:   97 06:46:15    -2397.774506        0.350385
MDMin:  666 06:46:16    -2397.784536        0.254706
MDMin:  667 06:46:17    -2397.784565        0.257156
MDMin:   98 06:46:17    -2397.774540        0.350972
MDMin:  668 06:46:19    -2397.784528        0.259975
MDMin:   99 06:46:19    -2397.774582        0.351540
MDMin:  669 06:46:21    -2397.784567        0.262815
MDMin:  100 06:46:21    -2397.774634        0.352066
MDMin:  670 06:46:22    -2397.784544        0.265705
MDMin:  101 06:46:23    -2397.774697        0.352524
MDMin:  671 06:46:24    -2397.784569        0.268628
MDMin:  102 06:46:25    -2397.774775        0.352885
MDMin:  672 06:46:26    -2397.784559        0.271613
MDMin:  103 06:46:27    -2397.774869        0.353123
MDMin:  673 06:46:27    -2397.784570        0.274641
MDMin:  674 06:46:28    -2397.784573        0.277740
MDMin:  104 06:46:29    -2397.774980        0.353209
MDMin:  675 06:46:30    -2397.784571        0.280892
MDMin:  676 06:46:31    -2397.784588        0.284124
MDMin:  105 06:46:31    -2397.775110        0.353119
MDMin:  677 06:46:32    -2397.784572        0.287418
MDMin:  106 06:46:33    -2397.775263        0.352971
MDMin:  678 06:46:34    -2397.784602        0.290802
MDMin:  107 06:46:35    -2397.775438        0.362344
MDMin:  679 06:46:36    -2397.784572        0.294255
MDMin:  108 06:46:37    -2397.775637        0.372148
MDMin:  680 06:46:38    -2397.784604        0.297808
MDMin:  109 06:46:39    -2397.775861        0.381777
MDMin:  681 06:46:39    -2397.784572        0.301804
MDMin:  682 06:46:41    -2397.784604        0.305836
MDMin:  110 06:46:41    -2397.776108        0.390397
MDMin:  683 06:46:43    -2397.784593        0.309967
MDMin:  111 06:46:43    -2397.776371        0.396980
MDMin:  684 06:46:44    -2397.784604        0.314153
MDMin:  112 06:46:45    -2397.776625        0.400618
MDMin:  685 06:46:46    -2397.784613        0.318453
MDMin:  113 06:46:47    -2397.776809        0.401575
MDMin:  686 06:46:47    -2397.784603        0.322825
MDMin:  114 06:46:49    -2397.776930        0.401468
MDMin:  687 06:46:49    -2397.784633        0.327328
MDMin:  115 06:46:51    -2397.777058        0.400786
MDMin:  688 06:46:51    -2397.784601        0.331920
MDMin:  116 06:46:53    -2397.777201        0.399389
MDMin:  689 06:46:53    -2397.784636        0.336660
MDMin:  117 06:46:55    -2397.777360        0.397126
MDMin:  690 06:46:55    -2397.784605        0.341931
MDMin:  118 06:46:57    -2397.777534        0.393877
MDMin:  692 06:46:59    -2397.784631        0.352786
MDMin:  119 06:46:59    -2397.777724        0.389575
MDMin:  693 06:47:01    -2397.784632        0.358402
MDMin:  120 06:47:01    -2397.777929        0.384224
MDMin:  121 06:47:02    -2397.778149        0.377905
MDMin:  694 06:47:03    -2397.784656        0.364217
MDMin:  122 06:47:04    -2397.778383        0.370777
MDMin:  695 06:47:05    -2397.784629        0.370170
MDMin:  123 06:47:06    -2397.778630        0.363055
MDMin:  696 06:47:07    -2397.784667        0.376358
MDMin:  124 06:47:08    -2397.778888        0.354944
MDMin:  697 06:47:09    -2397.784630        0.383236
MDMin:  125 06:47:10    -2397.779156        0.346684
MDMin:  699 06:47:11    -2397.784662        0.397628
MDMin:  126 06:47:12    -2397.779431        0.338524
MDMin:  700 06:47:13    -2397.784658        0.405213
MDMin:  127 06:47:14    -2397.779710        0.334300
MDMin:  701 06:47:15    -2397.784691        0.413192
MDMin:  128 06:47:16    -2397.779983        0.337758
MDMin:  702 06:47:17    -2397.784653        0.421494
MDMin:  129 06:47:18    -2397.780224        0.366371
MDMin:  703 06:47:18    -2397.784694        0.430291
MDMin:  130 06:47:20    -2397.780388        0.342154
MDMin:  704 06:47:20    -2397.784667        0.440226
MDMin:  131 06:47:22    -2397.780493        0.343163
MDMin:  705 06:47:22    -2397.784688        0.450632
MDMin:  132 06:47:23    -2397.780597        0.344130
MDMin:  706 06:47:24    -2397.784704        0.461788
MDMin:  133 06:47:25    -2397.780709        0.345158
MDMin:  707 06:47:26    -2397.784681        0.473587
MDMin:  134 06:47:27    -2397.780829        0.346256
MDMin:  708 06:47:28    -2397.784724        0.486315
MDMin:  135 06:47:28    -2397.780955        0.347428
MDMin:  709 06:47:30    -2397.784684        0.500868
MDMin:  136 06:47:30    -2397.781087        0.348683
MDMin:  137 06:47:32    -2397.781223        0.350034
MDMin:  711 06:47:33    -2397.784727        0.533044
MDMin:  138 06:47:33    -2397.781360        0.351498
MDMin:  712 06:47:34    -2397.784708        0.550802
MDMin:  139 06:47:35    -2397.781497        0.353097
MDMin:  713 06:47:36    -2397.784752        0.569892
MDMin:  140 06:47:37    -2397.781632        0.354853
MDMin:  714 06:47:38    -2397.784712        0.591268
MDMin:  141 06:47:39    -2397.781763        0.356786
MDMin:  715 06:47:40    -2397.784743        0.613389
MDMin:  142 06:47:40    -2397.781885        0.358908
MDMin:  716 06:47:41    -2397.784757        0.636363
MDMin:  717 06:47:42    -2397.784733        0.659379
MDMin:  143 06:47:42    -2397.781997        0.361204
MDMin:  718 06:47:44    -2397.784776        0.682197
MDMin:  144 06:47:44    -2397.782094        0.363582
MDMin:  719 06:47:46    -2397.784744        0.704849
MDMin:  145 06:47:46    -2397.782165        0.374914
MDMin:  720 06:47:48    -2397.784766        0.724977
MDMin:  146 06:47:48    -2397.782205        0.367048
MDMin:  721 06:47:49    -2397.784792        0.741729
MDMin:  147 06:47:50    -2397.782229        0.367984
MDMin:  722 06:47:51    -2397.784754        0.753567
MDMin:  148 06:47:52    -2397.782252        0.368955
MDMin:  724 06:47:54    -2397.784778        0.758339
MDMin:  149 06:47:54    -2397.782274        0.370016
MDMin:  725 06:47:56    -2397.784785        0.749310
MDMin:  150 06:47:56    -2397.782295        0.371161
MDMin:  726 06:47:57    -2397.784830        0.732679
MDMin:  151 06:47:58    -2397.782312        0.372373
MDMin:  727 06:47:58    -2397.784769        0.709641
MDMin:  152 06:47:59    -2397.782326        0.373631
MDMin:  728 06:48:00    -2397.784819        0.681195
MDMin:  153 06:48:00    -2397.782335        0.374905
MDMin:  154 06:48:01    -2397.782338        0.376157
MDMin:  729 06:48:02    -2397.784811        0.647530
MDMin:  155 06:48:03    -2397.782334        0.377342
MDMin:  730 06:48:03    -2397.784804        0.611997
MDMin:  156 06:48:05    -2397.782322        0.378406
MDMin:  731 06:48:05    -2397.784854        0.577644
MDMin:  157 06:48:07    -2397.782301        0.379287
MDMin:  732 06:48:07    -2397.784837        0.552290
MDMin:  733 06:48:08    -2397.784869        0.540379
MDMin:  158 06:48:09    -2397.782271        0.379911
MDMin:  734 06:48:09    -2397.784862        0.527485
MDMin:  159 06:48:11    -2397.782232        0.380193
MDMin:  735 06:48:11    -2397.784861        0.513962
MDMin:  160 06:48:13    -2397.782183        0.380038
MDMin:  736 06:48:13    -2397.784884        0.499561
MDMin:  161 06:48:15    -2397.782128        0.379383
MDMin:  737 06:48:15    -2397.784860        0.483705
MDMin:  162 06:48:17    -2397.782075        0.387993
MDMin:  738 06:48:17    -2397.784874        0.467859
MDMin:  163 06:48:18    -2397.782039        0.393511
MDMin:  739 06:48:19    -2397.784896        0.451629
MDMin:  164 06:48:19    -2397.782009        0.397443
MDMin:  740 06:48:21    -2397.784863        0.435743
MDMin:  165 06:48:21    -2397.781975        0.401202
MDMin:  741 06:48:22    -2397.784892        0.419795
MDMin:  166 06:48:23    -2397.781937        0.404737
MDMin:  742 06:48:24    -2397.784891        0.402887
MDMin:  167 06:48:26    -2397.781895        0.407803
MDMin:  743 06:48:26    -2397.784881        0.387063
MDMin:  168 06:48:27    -2397.781846        0.410106
MDMin:  744 06:48:28    -2397.784914        0.371706
MDMin:  169 06:48:29    -2397.781793        0.411329
MDMin:  745 06:48:30    -2397.784893        0.355751
MDMin:  170 06:48:31    -2397.781734        0.411182
MDMin:  746 06:48:32    -2397.784903        0.341488
MDMin:  171 06:48:33    -2397.781669        0.409421
MDMin:  747 06:48:34    -2397.784938        0.328078
MDMin:  748 06:48:35    -2397.784900        0.314352
MDMin:  172 06:48:35    -2397.781598        0.405901
MDMin:  749 06:48:37    -2397.784927        0.302588
MDMin:  173 06:48:37    -2397.781522        0.400618
MDMin:  750 06:48:38    -2397.784953        0.291798
MDMin:  174 06:48:40    -2397.781440        0.393731
MDMin:  751 06:48:40    -2397.784916        0.282566
MDMin:  175 06:48:41    -2397.781353        0.385559
MDMin:  752 06:48:42    -2397.784946        0.274114
MDMin:  176 06:48:43    -2397.781261        0.376566
MDMin:  753 06:48:44    -2397.784955        0.265436
MDMin:  177 06:48:45    -2397.781168        0.367385
MDMin:  754 06:48:46    -2397.784937        0.258191
MDMin:  178 06:48:47    -2397.781082        0.368177
MDMin:  755 06:48:48    -2397.784966        0.251608
MDMin:  179 06:48:49    -2397.781021        0.358640
MDMin:  756 06:48:50    -2397.784963        0.244832
MDMin:  180 06:48:51    -2397.780982        0.356651
MDMin:  757 06:48:52    -2397.784958        0.239255
MDMin:  181 06:48:53    -2397.780942        0.357503
MDMin:  758 06:48:54    -2397.784985        0.234191
MDMin:  182 06:48:55    -2397.780897        0.358323
MDMin:  183 06:48:56    -2397.780848        0.359094
MDMin:  759 06:48:56    -2397.784974        0.228944
MDMin:  184 06:48:57    -2397.780796        0.359803
MDMin:  760 06:48:58    -2397.784978        0.224652
MDMin:  185 06:48:59    -2397.780739        0.360443
MDMin:  761 06:49:00    -2397.785003        0.220739
MDMin:  186 06:49:00    -2397.780679        0.361011
MDMin:  187 06:49:02    -2397.780615        0.361512
MDMin:  762 06:49:02    -2397.784985        0.216648
MDMin:  188 06:49:03    -2397.780549        0.361960
MDMin:  763 06:49:04    -2397.784997        0.213306
MDMin:  189 06:49:05    -2397.780480        0.362375
MDMin:  764 06:49:06    -2397.785019        0.210239
MDMin:  190 06:49:07    -2397.780409        0.362783
MDMin:  765 06:49:08    -2397.784996        0.207002
MDMin:  766 06:49:09    -2397.785013        0.204354
MDMin:  191 06:49:10    -2397.780336        0.363211
MDMin:  767 06:49:11    -2397.785033        0.201907
MDMin:  192 06:49:12    -2397.780262        0.363683
MDMin:  768 06:49:12    -2397.785007        0.199844
MDMin:  769 06:49:13    -2397.785024        0.197897
MDMin:  193 06:49:13    -2397.780189        0.364203
MDMin:  770 06:49:15    -2397.785037        0.195783
MDMin:  194 06:49:15    -2397.780122        0.364726
MDMin:  771 06:49:17    -2397.785018        0.194010
MDMin:  195 06:49:18    -2397.780075        0.395958
MDMin:  772 06:49:19    -2397.785036        0.192336
MDMin:  196 06:49:20    -2397.780047        0.365306
MDMin:  773 06:49:20    -2397.785042        0.190515
MDMin:  197 06:49:21    -2397.780019        0.365515
MDMin:  774 06:49:22    -2397.785030        0.188996
MDMin:  775 06:49:23    -2397.785047        0.187562
MDMin:  198 06:49:24    -2397.779989        0.365745
MDMin:  776 06:49:24    -2397.785049        0.185998
MDMin:  199 06:49:25    -2397.779956        0.365997
MDMin:  777 06:49:26    -2397.785042        0.184701
MDMin:  200 06:49:27    -2397.779921        0.366267
MDMin:  778 06:49:28    -2397.785059        0.183476
MDMin:  201 06:49:29    -2397.779883        0.366546
MDMin:  779 06:49:30    -2397.785055        0.182138
MDMin:  202 06:49:31    -2397.779843        0.366821
MDMin:  780 06:49:32    -2397.785053        0.181034
MDMin:  203 06:49:33    -2397.779802        0.367075
MDMin:  781 06:49:34    -2397.785070        0.179992
MDMin:  204 06:49:35    -2397.779758        0.367284
MDMin:  782 06:49:36    -2397.785062        0.178852
MDMin:  205 06:49:37    -2397.779713        0.367421
MDMin:  783 06:49:38    -2397.785064        0.177917
MDMin:  206 06:49:39    -2397.779667        0.367457
MDMin:  784 06:49:40    -2397.785080        0.177036
MDMin:  207 06:49:41    -2397.779620        0.367360
MDMin:  785 06:49:42    -2397.785070        0.176072
MDMin:  208 06:49:43    -2397.779573        0.367104
MDMin:  786 06:49:44    -2397.785075        0.175286
MDMin:  209 06:49:45    -2397.779527        0.366683
MDMin:  787 06:49:45    -2397.785091        0.174547
MDMin:  210 06:49:47    -2397.779488        0.396588
MDMin:  789 06:49:49    -2397.785086        0.173084
MDMin:  211 06:49:49    -2397.779466        0.365814
MDMin:  790 06:49:50    -2397.785101        0.172470
MDMin:  791 06:49:51    -2397.785084        0.171798
MDMin:  212 06:49:51    -2397.779449        0.365502
MDMin:  792 06:49:52    -2397.785096        0.171259
MDMin:  213 06:49:53    -2397.779431        0.365124
MDMin:  793 06:49:54    -2397.785110        0.170756
MDMin:  214 06:49:55    -2397.779411        0.364659
MDMin:  794 06:49:56    -2397.785091        0.170208
MDMin:  215 06:49:57    -2397.779389        0.364090
MDMin:  795 06:49:58    -2397.785106        0.169773
MDMin:  216 06:49:58    -2397.779366        0.363395
MDMin:  796 06:50:00    -2397.785117        0.169371
MDMin:  217 06:50:00    -2397.779342        0.362548
MDMin:  218 06:50:01    -2397.779317        0.361516
MDMin:  797 06:50:01    -2397.785101        0.169040
MDMin:  219 06:50:02    -2397.779290        0.367493
MDMin:  798 06:50:03    -2397.785113        0.168727
MDMin:  220 06:50:04    -2397.779263        0.377098
MDMin:  221 06:50:05    -2397.779236        0.387054
MDMin:  799 06:50:06    -2397.785120        0.168384
MDMin:  222 06:50:06    -2397.779208        0.396949
MDMin:  800 06:50:08    -2397.785108        0.168111
MDMin:  223 06:50:08    -2397.779180        0.406220
MDMin:  801 06:50:09    -2397.785121        0.167858
MDMin:  802 06:50:10    -2397.785124        0.167588
MDMin:  224 06:50:11    -2397.779153        0.414159
MDMin:  803 06:50:12    -2397.785116        0.167380
MDMin:  225 06:50:13    -2397.779127        0.419961
MDMin:  804 06:50:13    -2397.785129        0.167194
MDMin:  226 06:50:15    -2397.779102        0.422851
MDMin:  805 06:50:15    -2397.785129        0.167001
MDMin:  806 06:50:16    -2397.785125        0.166859
MDMin:  227 06:50:17    -2397.779079        0.422368
MDMin:  807 06:50:18    -2397.785137        0.166739
MDMin:  228 06:50:19    -2397.779061        0.419061
MDMin:  808 06:50:20    -2397.785134        0.166623
MDMin:  229 06:50:21    -2397.779050        0.415394
MDMin:  809 06:50:21    -2397.785133        0.166547
MDMin:  810 06:50:22    -2397.785145        0.166490
MDMin:  230 06:50:23    -2397.779043        0.412485
MDMin:  231 06:50:24    -2397.779036        0.409044
MDMin:  812 06:50:26    -2397.785141        0.166433
MDMin:  813 06:50:28    -2397.785154        0.166436
MDMin:  234 06:50:30    -2397.779017        0.403221
MDMin:  815 06:50:32    -2397.785149        0.166507
MDMin:  235 06:50:32    -2397.779011        0.401034
MDMin:  816 06:50:33    -2397.785162        0.166567
MDMin:  236 06:50:34    -2397.779006        0.397529
MDMin:  817 06:50:34    -2397.785152        0.166660
MDMin:  237 06:50:36    -2397.779002        0.392468
MDMin:  819 06:50:38    -2397.785170        0.166870
MDMin:  238 06:50:38    -2397.779000        0.385647
MDMin:  820 06:50:40    -2397.785158        0.167025
MDMin:  239 06:50:40    -2397.779000        0.376918
MDMin:  821 06:50:42    -2397.785165        0.167173
MDMin:  240 06:50:42    -2397.779002        0.366220
MDMin:  822 06:50:44    -2397.785177        0.167337
MDMin:  241 06:50:44    -2397.779008        0.357423
MDMin:  823 06:50:46    -2397.785164        0.167549
MDMin:  242 06:50:46    -2397.779017        0.359069
MDMin:  824 06:50:48    -2397.785173        0.167745
MDMin:  243 06:50:48    -2397.779029        0.360365
MDMin:  825 06:50:49    -2397.785185        0.167956
MDMin:  244 06:50:50    -2397.779046        0.361288
MDMin:  826 06:50:51    -2397.785171        0.168224
MDMin:  245 06:50:52    -2397.779063        0.423242
MDMin:  827 06:50:53    -2397.785181        0.168466
MDMin:  246 06:50:54    -2397.779076        0.361932
MDMin:  828 06:50:55    -2397.785193        0.168722
MDMin:  247 06:50:56    -2397.779086        0.361963
MDMin:  829 06:50:56    -2397.785177        0.169043
MDMin:  830 06:50:58    -2397.785188        0.169328
MDMin:  248 06:50:58    -2397.779097        0.361958
MDMin:  831 06:50:59    -2397.785200        0.169628
MDMin:  249 06:51:00    -2397.779111        0.361917
MDMin:  832 06:51:02    -2397.785184        0.169902
MDMin:  250 06:51:02    -2397.779127        0.361836
MDMin:  833 06:51:04    -2397.785194        0.170193
MDMin:  251 06:51:04    -2397.779145        0.361711
MDMin:  834 06:51:05    -2397.785203        0.170557
MDMin:  252 06:51:06    -2397.779166        0.361537
MDMin:  835 06:51:07    -2397.785189        0.170883
MDMin:  253 06:51:08    -2397.779191        0.361308
MDMin:  836 06:51:09    -2397.785201        0.171225
MDMin:  254 06:51:10    -2397.779219        0.361016
MDMin:  837 06:51:11    -2397.785208        0.171647
MDMin:  255 06:51:12    -2397.779252        0.360649
MDMin:  838 06:51:13    -2397.785196        0.172021
MDMin:  256 06:51:14    -2397.779289        0.360192
MDMin:  839 06:51:15    -2397.785207        0.172411
MDMin:  257 06:51:16    -2397.779331        0.359625
MDMin:  841 06:51:17    -2397.785202        0.173306
MDMin:  258 06:51:18    -2397.779378        0.361755
MDMin:  842 06:51:19    -2397.785214        0.173740
MDMin:  843 06:51:20    -2397.785218        0.174267
MDMin:  259 06:51:20    -2397.779431        0.370117
MDMin:  844 06:51:22    -2397.785209        0.174729
MDMin:  260 06:51:22    -2397.779487        0.377272
MDMin:  845 06:51:23    -2397.785221        0.175206
MDMin:  261 06:51:24    -2397.779538        0.399113
MDMin:  846 06:51:25    -2397.785224        0.175782
MDMin:  262 06:51:26    -2397.779570        0.383988
MDMin:  847 06:51:26    -2397.785216        0.176286
MDMin:  263 06:51:28    -2397.779597        0.385067
MDMin:  848 06:51:28    -2397.785228        0.176805
MDMin:  849 06:51:29    -2397.785231        0.177428
MDMin:  264 06:51:30    -2397.779625        0.385740
MDMin:  850 06:51:31    -2397.785223        0.178690
MDMin:  851 06:51:32    -2397.785235        0.180331
MDMin:  265 06:51:32    -2397.779657        0.385888
MDMin:  852 06:51:34    -2397.785237        0.182275
MDMin:  266 06:51:34    -2397.779694        0.385313
MDMin:  853 06:51:36    -2397.785230        0.183959
MDMin:  267 06:51:36    -2397.779734        0.383812
MDMin:  854 06:51:37    -2397.785242        0.185673
MDMin:  268 06:51:38    -2397.779780        0.381199
MDMin:  855 06:51:39    -2397.785244        0.187696
MDMin:  269 06:51:40    -2397.779830        0.377330
MDMin:  856 06:51:40    -2397.785237        0.189452
MDMin:  857 06:51:42    -2397.785249        0.191239
MDMin:  270 06:51:42    -2397.779886        0.372132
MDMin:  858 06:51:43    -2397.785252        0.193341
MDMin:  271 06:51:44    -2397.779947        0.365621
MDMin:  859 06:51:45    -2397.785244        0.195171
MDMin:  272 06:51:46    -2397.780014        0.357911
MDMin:  860 06:51:47    -2397.785256        0.197031
MDMin:  861 06:51:48    -2397.785259        0.199214
MDMin:  273 06:51:48    -2397.780088        0.349218
MDMin:  862 06:51:49    -2397.785250        0.201118
MDMin:  274 06:51:50    -2397.780167        0.341203
MDMin:  863 06:51:51    -2397.785263        0.203057
MDMin:  275 06:51:52    -2397.780253        0.338714
MDMin:  864 06:51:53    -2397.785267        0.205328
MDMin:  276 06:51:54    -2397.780340        0.336021
MDMin:  865 06:51:55    -2397.785257        0.207317
MDMin:  277 06:51:56    -2397.780413        0.371594
MDMin:  866 06:51:57    -2397.785270        0.209341
MDMin:  278 06:51:58    -2397.780460        0.344940
MDMin:  867 06:51:59    -2397.785275        0.211704
MDMin:  279 06:52:00    -2397.780503        0.350579
MDMin:  868 06:52:00    -2397.785264        0.213778
MDMin:  280 06:52:02    -2397.780549        0.356813
MDMin:  869 06:52:02    -2397.785276        0.215891
MDMin:  870 06:52:04    -2397.785283        0.218349
MDMin:  282 06:52:06    -2397.780659        0.371591
MDMin:  871 06:52:06    -2397.785270        0.220514
MDMin:  872 06:52:07    -2397.785283        0.222718
MDMin:  283 06:52:08    -2397.780723        0.380113
MDMin:  873 06:52:09    -2397.785292        0.225272
MDMin:  284 06:52:10    -2397.780793        0.389279
MDMin:  874 06:52:11    -2397.785276        0.227529
MDMin:  285 06:52:12    -2397.780869        0.398916
MDMin:  875 06:52:13    -2397.785290        0.229826
MDMin:  286 06:52:14    -2397.780953        0.408753
MDMin:  876 06:52:15    -2397.785301        0.232476
MDMin:  287 06:52:16    -2397.781044        0.418396
MDMin:  877 06:52:17    -2397.785283        0.234825
MDMin:  288 06:52:18    -2397.781142        0.427314
MDMin:  878 06:52:18    -2397.785296        0.237213
MDMin:  879 06:52:19    -2397.785310        0.239954
MDMin:  289 06:52:20    -2397.781249        0.434848
MDMin:  290 06:52:21    -2397.781363        0.440249
MDMin:  880 06:52:21    -2397.785289        0.242389
MDMin:  291 06:52:22    -2397.781484        0.442807
MDMin:  881 06:52:24    -2397.785303        0.244862
MDMin:  292 06:52:24    -2397.781607        0.442191
MDMin:  882 06:52:25    -2397.785319        0.247682
MDMin:  293 06:52:26    -2397.781716        0.439233
MDMin:  883 06:52:27    -2397.785300        0.250843
MDMin:  294 06:52:28    -2397.781796        0.435878
MDMin:  884 06:52:29    -2397.785311        0.253597
MDMin:  295 06:52:30    -2397.781864        0.432393
MDMin:  885 06:52:30    -2397.785327        0.256353
MDMin:  886 06:52:32    -2397.785314        0.259432
MDMin:  296 06:52:32    -2397.781936        0.428223
MDMin:  887 06:52:33    -2397.785319        0.262131
MDMin:  297 06:52:34    -2397.782016        0.423145
MDMin:  888 06:52:35    -2397.785334        0.264827
MDMin:  298 06:52:36    -2397.782105        0.417100
MDMin:  889 06:52:36    -2397.785328        0.267818
MDMin:  890 06:52:38    -2397.785325        0.270440
MDMin:  299 06:52:38    -2397.782205        0.410104
MDMin:  891 06:52:39    -2397.785340        0.273043
MDMin:  892 06:52:40    -2397.785341        0.275897
MDMin:  300 06:52:40    -2397.782316        0.402241
MDMin:  893 06:52:42    -2397.785331        0.278383
MDMin:  301 06:52:42    -2397.782439        0.393654
MDMin:  894 06:52:43    -2397.785347        0.280821
MDMin:  302 06:52:44    -2397.782576        0.384508
MDMin:  895 06:52:45    -2397.785354        0.283445
MDMin:  303 06:52:46    -2397.782727        0.374988
MDMin:  896 06:52:46    -2397.785337        0.285697
MDMin:  897 06:52:48    -2397.785352        0.287857
MDMin:  304 06:52:48    -2397.782732        0.365344
MDMin:  898 06:52:50    -2397.785367        0.290116
MDMin:  305 06:52:50    -2397.782647        0.356536
MDMin:  899 06:52:52    -2397.785342        0.291991
MDMin:  306 06:52:52    -2397.782820        0.351081
MDMin:  900 06:52:54    -2397.785358        0.293720
MDMin:  307 06:52:54    -2397.782789        0.352208
MDMin:  901 06:52:55    -2397.785376        0.295434
MDMin:  308 06:52:56    -2397.782828        0.352849
MDMin:  902 06:52:57    -2397.785358        0.297043
MDMin:  309 06:52:58    -2397.782846        0.353274
MDMin:  903 06:52:59    -2397.785366        0.298172
MDMin:  904 06:53:00    -2397.785384        0.299017
MDMin:  310 06:53:00    -2397.782818        0.353599
MDMin:  905 06:53:02    -2397.785378        0.299624
MDMin:  311 06:53:03    -2397.782881        0.353867
MDMin:  906 06:53:04    -2397.785373        0.299805
MDMin:  312 06:53:05    -2397.782807        0.354070
MDMin:  907 06:53:05    -2397.785390        0.299649
MDMin:  313 06:53:07    -2397.782915        0.354212
MDMin:  908 06:53:07    -2397.785397        0.299103
MDMin:  314 06:53:08    -2397.782804        0.354286
MDMin:  909 06:53:09    -2397.785378        0.298178
MDMin:  315 06:53:10    -2397.782947        0.354293
MDMin:  910 06:53:11    -2397.785395        0.296860
MDMin:  316 06:53:12    -2397.782809        0.354229
MDMin:  911 06:53:13    -2397.785415        0.294992
MDMin:  317 06:53:14    -2397.782973        0.354092
MDMin:  912 06:53:15    -2397.785383        0.292824
MDMin:  318 06:53:16    -2397.782934        0.353870
MDMin:  913 06:53:17    -2397.785400        0.290227
MDMin:  319 06:53:18    -2397.782985        0.353568
MDMin:  914 06:53:19    -2397.785420        0.286931
MDMin:  320 06:53:20    -2397.782971        0.353173
MDMin:  915 06:53:21    -2397.785408        0.282800
MDMin:  321 06:53:22    -2397.783012        0.352689
MDMin:  916 06:53:22    -2397.785408        0.278559
MDMin:  322 06:53:24    -2397.783004        0.352104
MDMin:  917 06:53:24    -2397.785427        0.273860
MDMin:  323 06:53:26    -2397.783053        0.351425
MDMin:  918 06:53:26    -2397.785433        0.268247
MDMin:  324 06:53:28    -2397.783034        0.350641
MDMin:  919 06:53:28    -2397.785414        0.262802
MDMin:  325 06:53:30    -2397.783111        0.349772
MDMin:  920 06:53:30    -2397.785432        0.257007
MDMin:  921 06:53:32    -2397.785453        0.250280
MDMin:  326 06:53:32    -2397.783064        0.348826
MDMin:  327 06:53:34    -2397.783139        0.347863
MDMin:  923 06:53:36    -2397.785442        0.235552
MDMin:  328 06:53:36    -2397.783057        0.346883
MDMin:  924 06:53:38    -2397.785460        0.228438
MDMin:  329 06:53:38    -2397.783164        0.345990
MDMin:  925 06:53:40    -2397.785459        0.220429
MDMin:  330 06:53:40    -2397.783134        0.345154
MDMin:  926 06:53:41    -2397.785448        0.213510
MDMin:  331 06:53:42    -2397.783178        0.344298
MDMin:  927 06:53:43    -2397.785465        0.206658
MDMin:  332 06:53:44    -2397.783192        0.343387
MDMin:  928 06:53:45    -2397.785484        0.199042
MDMin:  333 06:53:46    -2397.783189        0.342398
MDMin:  929 06:53:47    -2397.785461        0.190679
MDMin:  334 06:53:48    -2397.783245        0.341325
MDMin:  930 06:53:49    -2397.785475        0.183968
MDMin:  335 06:53:50    -2397.783151        0.340100
MDMin:  931 06:53:51    -2397.785491        0.177552
MDMin:  336 06:53:52    -2397.783253        0.338767
MDMin:  932 06:53:53    -2397.785490        0.173859
MDMin:  337 06:53:53    -2397.783240        0.337314
MDMin:  933 06:53:55    -2397.785482        0.170922
MDMin:  338 06:53:55    -2397.783262        0.335726
MDMin:  934 06:53:57    -2397.785495        0.168089
MDMin:  339 06:53:57    -2397.783331        0.333988
MDMin:  935 06:53:59    -2397.785511        0.164914
MDMin:  340 06:54:00    -2397.783230        0.331993
MDMin:  936 06:54:01    -2397.785493        0.161397
MDMin:  341 06:54:02    -2397.783334        0.329811
MDMin:  937 06:54:03    -2397.785504        0.158739
MDMin:  342 06:54:04    -2397.783365        0.327419
MDMin:  938 06:54:04    -2397.785517        0.156216
MDMin:  343 06:54:05    -2397.783340        0.324819
MDMin:  939 06:54:06    -2397.785518        0.153382
MDMin:  344 06:54:07    -2397.783418        0.322013
MDMin:  940 06:54:08    -2397.785510        0.151261
MDMin:  345 06:54:09    -2397.783421        0.318913
MDMin:  941 06:54:10    -2397.785521        0.149232
MDMin:  346 06:54:11    -2397.783418        0.315759
MDMin:  347 06:54:13    -2397.783489        0.321837
MDMin:  348 06:54:14    -2397.783538        0.328280
MDMin:  349 06:54:15    -2397.783490        0.333957
MDMin:  350 06:54:17    -2397.783544        0.339230
MDMin:  351 06:54:19    -2397.783596        0.344543
MDMin:  352 06:54:21    -2397.783604        0.349974
MDMin:  353 06:54:23    -2397.783582        0.355294
MDMin:  354 06:54:25    -2397.783641        0.360503
MDMin:  355 06:54:27    -2397.783700        0.365620
MDMin:  356 06:54:28    -2397.783720        0.370469
MDMin:  357 06:54:30    -2397.783673        0.374690
MDMin:  358 06:54:32    -2397.783743        0.378341
MDMin:  359 06:54:34    -2397.783808        0.385593
MDMin:  360 06:54:36    -2397.783870        0.392094
MDMin:  361 06:54:38    -2397.783930        0.397457
MDMin:  362 06:54:40    -2397.783986        0.401430
MDMin:  363 06:54:42    -2397.783895        0.403948
MDMin:  364 06:54:44    -2397.783948        0.407762
MDMin:  365 06:54:46    -2397.783994        0.413592
MDMin:  366 06:54:48    -2397.784039        0.418750
MDMin:  367 06:54:50    -2397.784085        0.423140
MDMin:  368 06:54:52    -2397.784132        0.426520
MDMin:  369 06:54:53    -2397.784179        0.428581
MDMin:  370 06:54:55    -2397.784228        0.429012
MDMin:  371 06:54:56    -2397.784277        0.427603
MDMin:  372 06:54:58    -2397.784325        0.424335
MDMin:  373 06:55:00    -2397.784370        0.419527
MDMin:  374 06:55:02    -2397.784412        0.413867
MDMin:  375 06:55:04    -2397.784447        0.408081
MDMin:  376 06:55:06    -2397.784478        0.402335
MDMin:  377 06:55:08    -2397.784509        0.396347
MDMin:  378 06:55:10    -2397.784539        0.389916
MDMin:  379 06:55:12    -2397.784570        0.382997
MDMin:  380 06:55:14    -2397.784602        0.375639
MDMin:  381 06:55:16    -2397.784635        0.367937
MDMin:  382 06:55:17    -2397.784667        0.360059
MDMin:  383 06:55:20    -2397.784699        0.352256
MDMin:  384 06:55:22    -2397.784728        0.344869
MDMin:  385 06:55:24    -2397.784754        0.338336
MDMin:  386 06:55:26    -2397.784775        0.334382
MDMin:  387 06:55:28    -2397.784793        0.335094
MDMin:  388 06:55:29    -2397.784809        0.335707
MDMin:  389 06:55:31    -2397.784824        0.336271
MDMin:  390 06:55:33    -2397.784839        0.336799
MDMin:  391 06:55:34    -2397.784854        0.337284
MDMin:  392 06:55:35    -2397.784868        0.337716
MDMin:  393 06:55:37    -2397.784880        0.338079
MDMin:  394 06:55:39    -2397.784891        0.338357
MDMin:  395 06:55:41    -2397.784899        0.338532
MDMin:  396 06:55:43    -2397.784905        0.338594
MDMin:  397 06:55:45    -2397.784908        0.338559
MDMin:  398 06:55:47    -2397.784909        0.338459
MDMin:  399 06:55:49    -2397.784909        0.338309
MDMin:  400 06:55:51    -2397.784907        0.338102
MDMin:  401 06:55:53    -2397.784904        0.337825
MDMin:  402 06:55:55    -2397.784899        0.337463
MDMin:  403 06:55:57    -2397.784892        0.337000
MDMin:  404 06:55:59    -2397.784882        0.336420
MDMin:  405 06:56:01    -2397.784870        0.335706
MDMin:  406 06:56:02    -2397.784855        0.334846
MDMin:  407 06:56:04    -2397.784836        0.333848
MDMin:  408 06:56:06    -2397.784817        0.332763
MDMin:  409 06:56:08    -2397.784798        0.331690
MDMin:  410 06:56:10    -2397.784780        0.330672
MDMin:  411 06:56:12    -2397.784762        0.329624
MDMin:  412 06:56:14    -2397.784742        0.328459
MDMin:  413 06:56:16    -2397.784720        0.327117
MDMin:  414 06:56:18    -2397.784694        0.325559
MDMin:  415 06:56:20    -2397.784666        0.323747
MDMin:  416 06:56:22    -2397.784634        0.321646
MDMin:  417 06:56:24    -2397.784599        0.319229
MDMin:  418 06:56:26    -2397.784560        0.316486
MDMin:  419 06:56:28    -2397.784518        0.313456
MDMin:  420 06:56:30    -2397.784475        0.310278
MDMin:  421 06:56:31    -2397.784435        0.307215
MDMin:  422 06:56:33    -2397.784398        0.309477
MDMin:  423 06:56:35    -2397.784364        0.314075
MDMin:  424 06:56:37    -2397.784330        0.318577
MDMin:  425 06:56:39    -2397.784293        0.323198
MDMin:  426 06:56:41    -2397.784253        0.327982
MDMin:  427 06:56:43    -2397.784210        0.332884
MDMin:  428 06:56:45    -2397.784162        0.337807
MDMin:  429 06:56:47    -2397.784111        0.342608
MDMin:  430 06:56:49    -2397.784057        0.347099
MDMin:  431 06:56:50    -2397.784000        0.351042
MDMin:  432 06:56:52    -2397.783941        0.354171
MDMin:  433 06:56:53    -2397.783884        0.356249
MDMin:  434 06:56:55    -2397.783830        0.357219
MDMin:  435 06:56:57    -2397.783783        0.357284
MDMin:  436 06:56:59    -2397.783739        0.356695
MDMin:  437 06:57:01    -2397.783694        0.355505
MDMin:  438 06:57:03    -2397.783647        0.353623
MDMin:  439 06:57:05    -2397.783597        0.350919
MDMin:  440 06:57:07    -2397.783544        0.360246
MDMin:  441 06:57:09    -2397.783488        0.371332
MDMin:  442 06:57:10    -2397.783429        0.383941
MDMin:  443 06:57:12    -2397.783367        0.398145
MDMin:  444 06:57:13    -2397.783303        0.413864
MDMin:  445 06:57:14    -2397.783240        0.430708
MDMin:  446 06:57:16    -2397.783179        0.447864
MDMin:  447 06:57:18    -2397.783124        0.464280
MDMin:  448 06:57:20    -2397.783075        0.479575
MDMin:  449 06:57:22    -2397.783028        0.494385
MDMin:  450 06:57:24    -2397.782982        0.509421
MDMin:  451 06:57:26    -2397.782934        0.524982
MDMin:  452 06:57:28    -2397.782884        0.540991
MDMin:  453 06:57:30    -2397.782831        0.557091
MDMin:  454 06:57:32    -2397.782777        0.572691
MDMin:  455 06:57:33    -2397.782721        0.586980
MDMin:  456 06:57:34    -2397.782664        0.598976
MDMin:  457 06:57:36    -2397.782606        0.607648
MDMin:  458 06:57:37    -2397.782548        0.612182
MDMin:  459 06:57:38    -2397.782493        0.612300
MDMin:  460 06:57:40    -2397.782442        0.608608
MDMin:  461 06:57:42    -2397.782397        0.602324
MDMin:  462 06:57:44    -2397.782356        0.594313
MDMin:  463 06:57:46    -2397.782317        0.584661
MDMin:  464 06:57:48    -2397.782276        0.573195
MDMin:  465 06:57:50    -2397.782234        0.559740
MDMin:  466 06:57:52    -2397.782191        0.544257
MDMin:  467 06:57:54    -2397.782146        0.526847
MDMin:  468 06:57:57    -2397.782100        0.507756
MDMin:  469 06:57:59    -2397.782053        0.487475
MDMin:  470 06:58:01    -2397.782008        0.466891
MDMin:  471 06:58:03    -2397.781967        0.447427
MDMin:  472 06:58:05    -2397.781932        0.430311
MDMin:  473 06:58:06    -2397.781901        0.415218
MDMin:  474 06:58:08    -2397.781872        0.400815
MDMin:  475 06:58:10    -2397.781843        0.386164
MDMin:  476 06:58:12    -2397.781813        0.379259
MDMin:  477 06:58:14    -2397.781781        0.376497
MDMin:  478 06:58:16    -2397.781749        0.373139
MDMin:  479 06:58:18    -2397.781716        0.369191
MDMin:  480 06:58:20    -2397.781683        0.364729
MDMin:  481 06:58:22    -2397.781652        0.359975
MDMin:  482 06:58:24    -2397.781624        0.355342
MDMin:  483 06:58:26    -2397.781602        0.351242
MDMin:  484 06:58:28    -2397.781583        0.347581
MDMin:  485 06:58:30    -2397.781565        0.343926
MDMin:  486 06:58:31    -2397.781547        0.340045
MDMin:  487 06:58:34    -2397.781529        0.335855
MDMin:  488 06:58:36    -2397.781511        0.331332
MDMin:  489 06:58:38    -2397.781492        0.326479
MDMin:  490 06:58:39    -2397.781474        0.321319
MDMin:  491 06:58:41    -2397.781457        0.315918
MDMin:  492 06:58:43    -2397.781440        0.310418
MDMin:  493 06:58:45    -2397.781427        0.305124
MDMin:  494 06:58:48    -2397.781416        0.300469
MDMin:  495 06:58:50    -2397.781408        0.296581
MDMin:  496 06:58:52    -2397.781401        0.293024
MDMin:  497 06:58:53    -2397.781395        0.289386
MDMin:  498 06:58:55    -2397.781389        0.285522
MDMin:  499 06:58:57    -2397.781384        0.281396
MDMin:  500 06:58:59    -2397.781380        0.277009
MDMin:  501 06:59:01    -2397.781376        0.273154
MDMin:  502 06:59:03    -2397.781374        0.278460
MDMin:  503 06:59:05    -2397.781374        0.284050
MDMin:  504 06:59:07    -2397.781375        0.289767
MDMin:  505 06:59:09    -2397.781377        0.295306
MDMin:  506 06:59:11    -2397.781381        0.300207
MDMin:  507 06:59:13    -2397.781385        0.304159
MDMin:  508 06:59:15    -2397.781390        0.307456
MDMin:  509 06:59:17    -2397.781395        0.310573
MDMin:  510 06:59:19    -2397.781401        0.313681
MDMin:  511 06:59:21    -2397.781409        0.316776
MDMin:  512 06:59:23    -2397.781418        0.319774
MDMin:  513 06:59:25    -2397.781429        0.322548
MDMin:  514 06:59:27    -2397.781442        0.324930
MDMin:  515 06:59:29    -2397.781457        0.326720
MDMin:  516 06:59:31    -2397.781474        0.327693
MDMin:  517 06:59:33    -2397.781493        0.327640
MDMin:  518 06:59:35    -2397.781513        0.326498
MDMin:  519 06:59:37    -2397.781532        0.324487
MDMin:  520 06:59:39    -2397.781549        0.322059
MDMin:  521 06:59:41    -2397.781565        0.319330
MDMin:  522 06:59:42    -2397.781582        0.316103
MDMin:  523 06:59:44    -2397.781601        0.312180
MDMin:  524 06:59:46    -2397.781622        0.307412
MDMin:  525 06:59:48    -2397.781646        0.301669
MDMin:  526 06:59:50    -2397.781672        0.294849
MDMin:  527 06:59:52    -2397.781702        0.286886
MDMin:  528 06:59:54    -2397.781734        0.277801
MDMin:  529 06:59:56    -2397.781769        0.267800
MDMin:  530 06:59:58    -2397.781806        0.257493
MDMin:  531 07:00:00    -2397.781839        0.248074
MDMin:  532 07:00:02    -2397.781867        0.240362
MDMin:  533 07:00:04    -2397.781892        0.233453
MDMin:  534 07:00:06    -2397.781919        0.226389
MDMin:  535 07:00:08    -2397.781948        0.218832
MDMin:  536 07:00:10    -2397.781981        0.210717
MDMin:  537 07:00:12    -2397.782018        0.209281
MDMin:  538 07:00:14    -2397.782058        0.210122
MDMin:  539 07:00:16    -2397.782103        0.211036
MDMin:  540 07:00:18    -2397.782151        0.212027
MDMin:  541 07:00:20    -2397.782203        0.213092
MDMin:  542 07:00:22    -2397.782256        0.214183
MDMin:  543 07:00:24    -2397.782302        0.215176
MDMin:  544 07:00:26    -2397.782339        0.215986
MDMin:  545 07:00:28    -2397.782373        0.216747
MDMin:  546 07:00:31    -2397.782409        0.217580
MDMin:  547 07:00:33    -2397.782448        0.218541
MDMin:  548 07:00:35    -2397.782491        0.219664
MDMin:  549 07:00:37    -2397.782539        0.220981
MDMin:  550 07:00:39    -2397.782591        0.222528
MDMin:  551 07:00:41    -2397.782648        0.224346
MDMin:  552 07:00:43    -2397.782710        0.226470
MDMin:  553 07:00:45    -2397.782776        0.228923
MDMin:  554 07:00:47    -2397.782844        0.231664
MDMin:  555 07:00:48    -2397.782909        0.234496
MDMin:  556 07:00:50    -2397.782965        0.237031
MDMin:  557 07:00:52    -2397.783010        0.239144
MDMin:  558 07:00:54    -2397.783052        0.241195
MDMin:  559 07:00:56    -2397.783097        0.243428
MDMin:  560 07:00:58    -2397.783146        0.245916
MDMin:  561 07:01:00    -2397.783199        0.248675
MDMin:  562 07:01:02    -2397.783257        0.251696
MDMin:  563 07:01:03    -2397.783319        0.254945
MDMin:  564 07:01:05    -2397.783387        0.258352
MDMin:  565 07:01:07    -2397.783459        0.261808
MDMin:  566 07:01:09    -2397.783535        0.265146
MDMin:  567 07:01:11    -2397.783614        0.268140
MDMin:  568 07:01:12    -2397.783694        0.270512
MDMin:  569 07:01:13    -2397.783767        0.272034
MDMin:  570 07:01:14    -2397.783827        0.272752
MDMin:  571 07:01:16    -2397.783878        0.272965
MDMin:  572 07:01:17    -2397.783928        0.272815
MDMin:  573 07:01:18    -2397.783981        0.272262
MDMin:  574 07:01:20    -2397.784039        0.271218
MDMin:  575 07:01:21    -2397.784102        0.269589
MDMin:  576 07:01:22    -2397.784171        0.267286
MDMin:  577 07:01:23    -2397.784244        0.264243
MDMin:  578 07:01:25    -2397.784323        0.260438
MDMin:  579 07:01:26    -2397.784301        0.255909
MDMin:  580 07:01:27    -2397.784254        0.252022
MDMin:  581 07:01:28    -2397.784323        0.248219
MDMin:  582 07:01:30    -2397.784312        0.244085
MDMin:  583 07:01:31    -2397.784284        0.240637
MDMin:  584 07:01:32    -2397.784346        0.237314
MDMin:  585 07:01:33    -2397.784314        0.233711
MDMin:  586 07:01:35    -2397.784317        0.230676
MDMin:  587 07:01:37    -2397.784345        0.227778
MDMin:  588 07:01:39    -2397.784300        0.225289
MDMin:  589 07:01:41    -2397.784352        0.222903
MDMin:  590 07:01:43    -2397.784340        0.220321
MDMin:  591 07:01:45    -2397.784336        0.218125
MDMin:  592 07:01:46    -2397.784362        0.216049
MDMin:  593 07:01:47    -2397.784326        0.214251
MDMin:  594 07:01:48    -2397.784374        0.212541
MDMin:  595 07:01:50    -2397.784354        0.210697
MDMin:  596 07:01:51    -2397.784363        0.209128
MDMin:  597 07:01:52    -2397.784372        0.207663
MDMin:  598 07:01:54    -2397.784357        0.206397
MDMin:  599 07:01:55    -2397.784388        0.205210
MDMin:  600 07:01:56    -2397.784352        0.204172
MDMin:  601 07:01:57    -2397.784395        0.203197
MDMin:  602 07:01:58    -2397.784376        0.202158
MDMin:  603 07:02:00    -2397.784390        0.201282
MDMin:  604 07:02:01    -2397.784390        0.200489
MDMin:  605 07:02:02    -2397.784387        0.199818
MDMin:  606 07:02:04    -2397.784402        0.199214
MDMin:  607 07:02:06    -2397.784385        0.198706
MDMin:  608 07:02:08    -2397.784413        0.198256
MDMin:  609 07:02:10    -2397.784384        0.197883
MDMin:  610 07:02:12    -2397.784424        0.197564
MDMin:  611 07:02:14    -2397.784384        0.197310
MDMin:  612 07:02:16    -2397.784424        0.197106
MDMin:  613 07:02:18    -2397.784409        0.196933
MDMin:  614 07:02:20    -2397.784423        0.196838
MDMin:  615 07:02:22    -2397.784419        0.196806
MDMin:  616 07:02:24    -2397.784423        0.196834
MDMin:  617 07:02:26    -2397.784428        0.196918
MDMin:  618 07:02:28    -2397.784424        0.197053
MDMin:  619 07:02:30    -2397.784437        0.197241
MDMin:  620 07:02:32    -2397.784426        0.197472
MDMin:  621 07:02:33    -2397.784444        0.197755
MDMin:  622 07:02:35    -2397.784428        0.198078
MDMin:  623 07:02:36    -2397.784451        0.198452
MDMin:  624 07:02:37    -2397.784431        0.198863
MDMin:  625 07:02:38    -2397.784458        0.199325
MDMin:  626 07:02:39    -2397.784434        0.199822
MDMin:  627 07:02:41    -2397.784465        0.200370
MDMin:  628 07:02:43    -2397.784438        0.200954
MDMin:  629 07:02:45    -2397.784471        0.201588
MDMin:  630 07:02:47    -2397.784442        0.202256
MDMin:  631 07:02:49    -2397.784476        0.202976
MDMin:  632 07:02:51    -2397.784446        0.203731
MDMin:  633 07:02:53    -2397.784482        0.204537
MDMin:  634 07:02:55    -2397.784451        0.205377
MDMin:  635 07:02:57    -2397.784487        0.206269
MDMin:  636 07:02:59    -2397.784456        0.207196
MDMin:  637 07:03:01    -2397.784492        0.208176
MDMin:  638 07:03:03    -2397.784462        0.209191
MDMin:  639 07:03:05    -2397.784496        0.210258
MDMin:  640 07:03:07    -2397.784467        0.211362
MDMin:  641 07:03:08    -2397.784501        0.212519
MDMin:  642 07:03:10    -2397.784473        0.213713
MDMin:  643 07:03:11    -2397.784505        0.214961
MDMin:  644 07:03:13    -2397.784480        0.216246
MDMin:  645 07:03:14    -2397.784509        0.217586
MDMin:  646 07:03:15    -2397.784486        0.218965
MDMin:  647 07:03:16    -2397.784513        0.220399
MDMin:  648 07:03:17    -2397.784493        0.221874
MDMin:  649 07:03:19    -2397.784517        0.223403
MDMin:  650 07:03:20    -2397.784501        0.224975
MDMin:  651 07:03:21    -2397.784520        0.226602
MDMin:  652 07:03:23    -2397.784508        0.228274
MDMin:  653 07:03:24    -2397.784523        0.230001
MDMin:  654 07:03:26    -2397.784516        0.231774
MDMin:  655 07:03:28    -2397.784526        0.233603
MDMin:  656 07:03:30    -2397.784524        0.235481
MDMin:  657 07:03:32    -2397.784529        0.237415
MDMin:  658 07:03:33    -2397.784533        0.239400
MDMin:  659 07:03:35    -2397.784532        0.241442
MDMin:  660 07:03:37    -2397.784541        0.243537
MDMin:  661 07:03:38    -2397.784534        0.245690
MDMin:  662 07:03:40    -2397.784550        0.247898
MDMin:  663 07:03:42    -2397.784536        0.250166
MDMin:  664 07:03:44    -2397.784560        0.252493
MDMin:  665 07:03:46    -2397.784538        0.254882
MDMin:  666 07:03:48    -2397.784567        0.257334
MDMin:  667 07:03:50    -2397.784529        0.260155
MDMin:  668 07:03:51    -2397.784569        0.262996
MDMin:  669 07:03:53    -2397.784545        0.265889
MDMin:  670 07:03:55    -2397.784571        0.268813
MDMin:  671 07:03:57    -2397.784559        0.271800
MDMin:  672 07:03:59    -2397.784572        0.274829
MDMin:  673 07:04:01    -2397.784574        0.277930
MDMin:  674 07:04:03    -2397.784573        0.281083
MDMin:  675 07:04:05    -2397.784588        0.284317
MDMin:  676 07:04:07    -2397.784574        0.287613
MDMin:  677 07:04:08    -2397.784603        0.290998
MDMin:  678 07:04:10    -2397.784574        0.294453
MDMin:  679 07:04:12    -2397.784606        0.298007
MDMin:  680 07:04:14    -2397.784573        0.302006
MDMin:  681 07:04:16    -2397.784606        0.306039
MDMin:  682 07:04:19    -2397.784594        0.310172
MDMin:  683 07:04:20    -2397.784605        0.314359
MDMin:  684 07:04:23    -2397.784614        0.318661
MDMin:  685 07:04:25    -2397.784604        0.323035
MDMin:  686 07:04:27    -2397.784633        0.327540
MDMin:  687 07:04:28    -2397.784603        0.332134
MDMin:  688 07:04:30    -2397.784638        0.336875
MDMin:  689 07:04:32    -2397.784605        0.342149
MDMin:  690 07:04:34    -2397.784636        0.347493
MDMin:  691 07:04:36    -2397.784632        0.353008
MDMin:  692 07:04:38    -2397.784633        0.358626
MDMin:  693 07:04:40    -2397.784657        0.364444
MDMin:  694 07:04:42    -2397.784630        0.370399
MDMin:  695 07:04:44    -2397.784668        0.376590
MDMin:  696 07:04:46    -2397.784631        0.383472
MDMin:  697 07:04:48    -2397.784664        0.390513
MDMin:  698 07:04:50    -2397.784663        0.397871
MDMin:  699 07:04:52    -2397.784660        0.405462
MDMin:  700 07:04:54    -2397.784692        0.413446
MDMin:  701 07:04:56    -2397.784654        0.421754
MDMin:  702 07:04:58    -2397.784695        0.430557
MDMin:  703 07:04:59    -2397.784667        0.440501
MDMin:  704 07:05:01    -2397.784689        0.450917
MDMin:  705 07:05:02    -2397.784704        0.462083
MDMin:  706 07:05:04    -2397.784683        0.473893
MDMin:  707 07:05:06    -2397.784725        0.486633
MDMin:  708 07:05:08    -2397.784685        0.501201
MDMin:  709 07:05:10    -2397.784718        0.516663
MDMin:  710 07:05:12    -2397.784727        0.533405
MDMin:  711 07:05:14    -2397.784710        0.551176
MDMin:  712 07:05:16    -2397.784753        0.570276
MDMin:  713 07:05:18    -2397.784712        0.591660
MDMin:  714 07:05:20    -2397.784744        0.613782
MDMin:  715 07:05:21    -2397.784758        0.636751
MDMin:  716 07:05:23    -2397.784734        0.659752
MDMin:  717 07:05:25    -2397.784778        0.682546
MDMin:  718 07:05:27    -2397.784745        0.705159
MDMin:  719 07:05:29    -2397.784767        0.725236
MDMin:  720 07:05:31    -2397.784792        0.741922
MDMin:  721 07:05:33    -2397.784755        0.753684
MDMin:  722 07:05:35    -2397.784800        0.759522
MDMin:  723 07:05:37    -2397.784778        0.758281
MDMin:  724 07:05:39    -2397.784787        0.749170
MDMin:  725 07:05:41    -2397.784830        0.732471
MDMin:  726 07:05:43    -2397.784771        0.709384
MDMin:  727 07:05:45    -2397.784821        0.680906
MDMin:  728 07:05:47    -2397.784812        0.647218
MDMin:  729 07:05:49    -2397.784805        0.611654
MDMin:  730 07:05:50    -2397.784856        0.577180
MDMin:  731 07:05:52    -2397.784837        0.551516
MDMin:  732 07:05:54    -2397.784871        0.539559
MDMin:  733 07:05:56    -2397.784862        0.526656
MDMin:  734 07:05:57    -2397.784863        0.513133
MDMin:  735 07:05:59    -2397.784886        0.498737
MDMin:  736 07:06:01    -2397.784860        0.482891
MDMin:  737 07:06:03    -2397.784876        0.467064
MDMin:  738 07:06:05    -2397.784896        0.450859
MDMin:  739 07:06:07    -2397.784865        0.435005
MDMin:  740 07:06:09    -2397.784894        0.419095
MDMin:  741 07:06:12    -2397.784891        0.402229
MDMin:  742 07:06:14    -2397.784883        0.386453
MDMin:  743 07:06:16    -2397.784916        0.371146
MDMin:  744 07:06:18    -2397.784893        0.355244
MDMin:  745 07:06:20    -2397.784905        0.341035
MDMin:  746 07:06:22    -2397.784940        0.327677
MDMin:  747 07:06:24    -2397.784900        0.314004
MDMin:  748 07:06:26    -2397.784929        0.302288
MDMin:  749 07:06:28    -2397.784953        0.291544
MDMin:  750 07:06:30    -2397.784918        0.282350
MDMin:  751 07:06:32    -2397.784948        0.273934
MDMin:  752 07:06:34    -2397.784955        0.265290
MDMin:  753 07:06:36    -2397.784939        0.258073
MDMin:  754 07:06:38    -2397.784968        0.251515
MDMin:  755 07:06:40    -2397.784963        0.244761
MDMin:  756 07:06:42    -2397.784960        0.239203
MDMin:  757 07:06:44    -2397.784987        0.234155
MDMin:  758 07:06:46    -2397.784973        0.228922
MDMin:  759 07:06:48    -2397.784980        0.224641
MDMin:  760 07:06:50    -2397.785005        0.220738
MDMin:  761 07:06:52    -2397.784985        0.216655
MDMin:  762 07:06:54    -2397.784998        0.213320
MDMin:  763 07:06:56    -2397.785021        0.210258
MDMin:  764 07:06:58    -2397.784996        0.207026
MDMin:  765 07:07:00    -2397.785015        0.204382
MDMin:  766 07:07:02    -2397.785033        0.201938
MDMin:  767 07:07:04    -2397.785008        0.199877
MDMin:  768 07:07:06    -2397.785026        0.197933
MDMin:  769 07:07:08    -2397.785037        0.195819
MDMin:  770 07:07:10    -2397.785020        0.194047
MDMin:  771 07:07:12    -2397.785038        0.192375
MDMin:  772 07:07:14    -2397.785042        0.190555
MDMin:  773 07:07:16    -2397.785032        0.189036
MDMin:  774 07:07:18    -2397.785049        0.187602
MDMin:  775 07:07:20    -2397.785048        0.186039
MDMin:  776 07:07:22    -2397.785044        0.184742
MDMin:  777 07:07:24    -2397.785060        0.183517
MDMin:  778 07:07:27    -2397.785055        0.182178
MDMin:  779 07:07:29    -2397.785055        0.181074
MDMin:  780 07:07:31    -2397.785071        0.180032
MDMin:  781 07:07:33    -2397.785062        0.178892
MDMin:  782 07:07:35    -2397.785066        0.177957
MDMin:  783 07:07:37    -2397.785082        0.177076
MDMin:  784 07:07:39    -2397.785069        0.176112
MDMin:  785 07:07:41    -2397.785077        0.175325
MDMin:  786 07:07:43    -2397.785092        0.174586
MDMin:  787 07:07:45    -2397.785076        0.173776
MDMin:  788 07:07:47    -2397.785088        0.173121
MDMin:  789 07:07:49    -2397.785102        0.172506
MDMin:  790 07:07:51    -2397.785083        0.171834
MDMin:  791 07:07:53    -2397.785098        0.171295
MDMin:  792 07:07:54    -2397.785110        0.170791
MDMin:  793 07:07:56    -2397.785093        0.170372
MDMin:  794 07:07:58    -2397.785105        0.169973
MDMin:  795 07:07:59    -2397.785113        0.169530
MDMin:  796 07:08:01    -2397.785100        0.169172
MDMin:  797 07:08:03    -2397.785113        0.168838
MDMin:  798 07:08:05    -2397.785117        0.168473
MDMin:  799 07:08:07    -2397.785109        0.168186
MDMin:  800 07:08:09    -2397.785122        0.167922
MDMin:  801 07:08:11    -2397.785122        0.167641
MDMin:  802 07:08:12    -2397.785117        0.167426
MDMin:  803 07:08:14    -2397.785130        0.167233
MDMin:  804 07:08:16    -2397.785127        0.167035
MDMin:  805 07:08:17    -2397.785126        0.166890
MDMin:  806 07:08:18    -2397.785139        0.166767
MDMin:  807 07:08:20    -2397.785133        0.166648
MDMin:  808 07:08:21    -2397.785134        0.166569
MDMin:  809 07:08:23    -2397.785147        0.166511
MDMin:  810 07:08:25    -2397.785139        0.166467
MDMin:  811 07:08:27    -2397.785143        0.166451
MDMin:  812 07:08:29    -2397.785155        0.166453
MDMin:  813 07:08:31    -2397.785145        0.166480
MDMin:  814 07:08:33    -2397.785151        0.166522
MDMin:  815 07:08:35    -2397.785163        0.166581
MDMin:  816 07:08:38    -2397.785151        0.166673
MDMin:  817 07:08:39    -2397.785159        0.166769
MDMin:  818 07:08:41    -2397.785171        0.166882
MDMin:  819 07:08:43    -2397.785157        0.167036
MDMin:  820 07:08:45    -2397.785167        0.167183
MDMin:  821 07:08:47    -2397.785179        0.167346
MDMin:  822 07:08:49    -2397.785164        0.167557
MDMin:  823 07:08:51    -2397.785175        0.167753
MDMin:  824 07:08:53    -2397.785187        0.167963
MDMin:  825 07:08:55    -2397.785170        0.168230
MDMin:  826 07:08:57    -2397.785182        0.168471
MDMin:  827 07:08:59    -2397.785193        0.168726
MDMin:  828 07:09:01    -2397.785178        0.168961
MDMin:  829 07:09:02    -2397.785188        0.169213
MDMin:  830 07:09:03    -2397.785196        0.169531
MDMin:  831 07:09:05    -2397.785184        0.169817
MDMin:  832 07:09:06    -2397.785195        0.170119
MDMin:  833 07:09:07    -2397.785200        0.170494
MDMin:  834 07:09:09    -2397.785190        0.170828
MDMin:  835 07:09:11    -2397.785202        0.171177
MDMin:  836 07:09:13    -2397.785205        0.171606
MDMin:  837 07:09:15    -2397.785197        0.171985
MDMin:  838 07:09:17    -2397.785209        0.172378
MDMin:  839 07:09:19    -2397.785211        0.172858
MDMin:  840 07:09:21    -2397.785204        0.173280
MDMin:  841 07:09:23    -2397.785216        0.173717
MDMin:  842 07:09:25    -2397.785217        0.174245
MDMin:  843 07:09:27    -2397.785211        0.174709
MDMin:  844 07:09:29    -2397.785223        0.175187
MDMin:  845 07:09:30    -2397.785223        0.175763
MDMin:  846 07:09:32    -2397.785218        0.176268
MDMin:  847 07:09:33    -2397.785230        0.176787
MDMin:  848 07:09:34    -2397.785229        0.177411
MDMin:  849 07:09:36    -2397.785225        0.178611
MDMin:  850 07:09:38    -2397.785237        0.180252
MDMin:  851 07:09:40    -2397.785236        0.182196
MDMin:  852 07:09:42    -2397.785232        0.183880
MDMin:  853 07:09:44    -2397.785244        0.185592
MDMin:  854 07:09:46    -2397.785243        0.187615
MDMin:  855 07:09:48    -2397.785239        0.189369
MDMin:  856 07:09:50    -2397.785251        0.191154
MDMin:  857 07:09:52    -2397.785251        0.193255
MDMin:  858 07:09:54    -2397.785245        0.195082
MDMin:  859 07:09:56    -2397.785258        0.196940
MDMin:  860 07:09:58    -2397.785258        0.199121
MDMin:  861 07:10:00    -2397.785252        0.201023
MDMin:  862 07:10:02    -2397.785265        0.202959
MDMin:  863 07:10:03    -2397.785266        0.205228
MDMin:  864 07:10:05    -2397.785259        0.207213
MDMin:  865 07:10:06    -2397.785271        0.209235
MDMin:  866 07:10:08    -2397.785274        0.211594
MDMin:  867 07:10:10    -2397.785265        0.213666
MDMin:  868 07:10:12    -2397.785278        0.215776
MDMin:  869 07:10:14    -2397.785282        0.218230
MDMin:  870 07:10:16    -2397.785272        0.220392
MDMin:  871 07:10:18    -2397.785285        0.222593
MDMin:  872 07:10:20    -2397.785291        0.225143
MDMin:  873 07:10:22    -2397.785278        0.227397
MDMin:  874 07:10:24    -2397.785291        0.229691
MDMin:  875 07:10:26    -2397.785300        0.232337
MDMin:  876 07:10:28    -2397.785284        0.234682
MDMin:  877 07:10:30    -2397.785298        0.237067
MDMin:  878 07:10:32    -2397.785309        0.239805
MDMin:  879 07:10:34    -2397.785291        0.242236
MDMin:  880 07:10:35    -2397.785304        0.244706
MDMin:  881 07:10:36    -2397.785319        0.247523
MDMin:  882 07:10:38    -2397.785297        0.250028
MDMin:  883 07:10:39    -2397.785311        0.252567
MDMin:  884 07:10:41    -2397.785327        0.255441
MDMin:  885 07:10:42    -2397.785308        0.258639
MDMin:  886 07:10:43    -2397.785319        0.261423
MDMin:  887 07:10:44    -2397.785335        0.264195
MDMin:  888 07:10:46    -2397.785323        0.267263
MDMin:  889 07:10:47    -2397.785327        0.269941
MDMin:  890 07:10:48    -2397.785342        0.272595
MDMin:  891 07:10:49    -2397.785338        0.275499
MDMin:  892 07:10:51    -2397.785333        0.278024
MDMin:  893 07:10:52    -2397.785348        0.280497
MDMin:  894 07:10:54    -2397.785351        0.283158
MDMin:  895 07:10:55    -2397.785339        0.285438
MDMin:  896 07:10:56    -2397.785354        0.287626
MDMin:  897 07:10:58    -2397.785365        0.289914
MDMin:  898 07:11:00    -2397.785344        0.291814
MDMin:  899 07:11:01    -2397.785360        0.293566
MDMin:  900 07:11:02    -2397.785378        0.295308
MDMin:  901 07:11:04    -2397.785357        0.296946
MDMin:  902 07:11:05    -2397.785368        0.298101
MDMin:  903 07:11:06    -2397.785386        0.298972
MDMin:  904 07:11:07    -2397.785376        0.299609
MDMin:  905 07:11:09    -2397.785375        0.299817
MDMin:  906 07:11:10    -2397.785392        0.299690
MDMin:  907 07:11:11    -2397.785395        0.299176
MDMin:  908 07:11:13    -2397.785380        0.298282
MDMin:  909 07:11:14    -2397.785397        0.296996
MDMin:  910 07:11:15    -2397.785413        0.295163
MDMin:  911 07:11:16    -2397.785385        0.293029
MDMin:  912 07:11:18    -2397.785402        0.290467
MDMin:  913 07:11:20    -2397.785422        0.287209
MDMin:  914 07:11:22    -2397.785406        0.283120
MDMin:  915 07:11:24    -2397.785410        0.278916
MDMin:  916 07:11:26    -2397.785429        0.274252
MDMin:  917 07:11:28    -2397.785431        0.268678
MDMin:  918 07:11:30    -2397.785417        0.263266
MDMin:  919 07:11:32    -2397.785434        0.257500
MDMin:  920 07:11:34    -2397.785454        0.250803
MDMin:  921 07:11:36    -2397.785422        0.244585
MDMin:  922 07:11:38    -2397.785438        0.238163
MDMin:  923 07:11:40    -2397.785458        0.230852
MDMin:  924 07:11:42    -2397.785451        0.222612
MDMin:  925 07:11:44    -2397.785448        0.215484
MDMin:  926 07:11:45    -2397.785465        0.208412
MDMin:  927 07:11:46    -2397.785479        0.200557
MDMin:  928 07:11:47    -2397.785454        0.194028
MDMin:  929 07:11:49    -2397.785469        0.187687
MDMin:  930 07:11:50    -2397.785488        0.180688
MDMin:  931 07:11:51    -2397.785480        0.175198
MDMin:  932 07:11:52    -2397.785479        0.172053
MDMin:  933 07:11:53    -2397.785494        0.169027
MDMin:  934 07:11:55    -2397.785508        0.165651
MDMin:  935 07:11:57    -2397.785486        0.163021
MDMin:  936 07:11:59    -2397.785498        0.160495
MDMin:  937 07:12:01    -2397.785513        0.157648
MDMin:  938 07:12:03    -2397.785511        0.154484
MDMin:  939 07:12:05    -2397.785506        0.152141
MDMin:  940 07:12:07    -2397.785518        0.149920
