       Step     Time          Energy          fmax
MDMin:    0 07:57:49    -2393.772380        7.709431
MDMin:    1 07:57:51    -2393.773920        7.583833
MDMin:    2 07:57:52    -2393.778510        7.045111
MDMin:    3 07:57:54    -2393.786124        7.737069
MDMin:    4 07:57:55    -2393.796885        6.718841
MDMin:    5 07:57:56    -2393.811517        6.504296
MDMin:    6 07:57:58    -2393.830412        6.357069
MDMin:    7 07:57:59    -2393.854526        3.247080
MDMin:    8 07:58:01    -2393.888235        4.632055
MDMin:    9 07:58:03    -2393.930654        4.507858
MDMin:   10 07:58:04    -2393.985066        2.337431
MDMin:   11 07:58:06    -2394.062192        1.413822
MDMin:   12 07:58:08    -2394.170166        1.410824
MDMin:   13 07:58:10    -2394.297298        2.046393
MDMin:   14 07:58:11    -2394.397685        2.986797
MDMin:   15 07:58:13    -2394.451897        2.173318
MDMin:   16 07:58:14    -2394.502281        1.996718
MDMin:   17 07:58:16    -2394.566054        1.766574
MDMin:   18 07:58:18    -2394.647235        1.554361
MDMin:   19 07:58:19    -2394.750658        1.437586
MDMin:   20 07:58:21    -2394.879139        1.545486
MDMin:   21 07:58:22    -2395.026498        1.578129
MDMin:   22 07:58:23    -2395.173017        1.484417
MDMin:   23 07:58:25    -2395.296884        1.275679
MDMin:   24 07:58:26    -2395.327077        1.185571
MDMin:   25 07:58:27    -2395.347148        1.109724
MDMin:   26 07:58:29    -2395.362440        1.052576
MDMin:   27 07:58:31    -2395.376644        1.031766
MDMin:   28 07:58:32    -2395.391557        0.901836
MDMin:   29 07:58:34    -2395.407454        2.086560
MDMin:   30 07:58:35    -2395.412747        1.415343
MDMin:   31 07:58:37    -2395.413046        1.328345
MDMin:   32 07:58:38    -2395.413954        1.075886
MDMin:   33 07:58:39    -2395.415548        0.719059
MDMin:   34 07:58:40    -2395.417908        0.670752
MDMin:   35 07:58:42    -2395.421014        0.669563
MDMin:   36 07:58:43    -2395.424863        0.667969
MDMin:   37 07:58:45    -2395.429530        0.665856
MDMin:   38 07:58:46    -2395.435117        0.663083
MDMin:   39 07:58:48    -2395.441762        0.659507
MDMin:   40 07:58:50    -2395.449652        0.655054
MDMin:   41 07:58:52    -2395.459038        0.664687
MDMin:   42 07:58:54    -2395.470253        0.684880
MDMin:   43 07:58:56    -2395.483745        0.704569
MDMin:   44 07:58:57    -2395.500101        0.723158
MDMin:   45 07:58:59    -2395.520072        0.740553
MDMin:   46 07:59:00    -2395.544592        0.757597
MDMin:   47 07:59:01    -2395.574763        0.776401
MDMin:   48 07:59:03    -2395.611824        0.819212
MDMin:   49 07:59:05    -2395.657090        0.907747
MDMin:   50 07:59:06    -2395.711772        1.003307
MDMin:   51 07:59:08    -2395.776875        1.106335
MDMin:   52 07:59:10    -2395.853443        1.225149
MDMin:   53 07:59:12    -2395.943278        1.375941
MDMin:   54 07:59:14    -2396.048173        1.562960
MDMin:   55 07:59:16    -2396.163149        1.758126
MDMin:   56 07:59:17    -2396.276707        1.913563
MDMin:   57 07:59:19    -2396.388281        2.004758
MDMin:   58 07:59:21    -2396.505024        2.017270
MDMin:   59 07:59:23    -2396.627547        1.932262
MDMin:   60 07:59:24    -2396.743847        1.892711
MDMin:   61 07:59:26    -2396.829238        1.631837
MDMin:   62 07:59:28    -2396.867383        1.313094
MDMin:   63 07:59:29    -2396.889521        0.969931
MDMin:   64 07:59:31    -2396.898560        1.127787
MDMin:   65 07:59:33    -2396.903875        1.056990
MDMin:   66 07:59:35    -2396.906894        1.096520
MDMin:   67 07:59:37    -2396.910369        1.084245
MDMin:   68 07:59:39    -2396.914319        0.983548
MDMin:   69 07:59:41    -2396.918855        0.793550
MDMin:   70 07:59:43    -2396.924106        0.587019
MDMin:   71 07:59:44    -2396.930086        0.535175
MDMin:   72 07:59:45    -2396.936713        0.522163
MDMin:   73 07:59:47    -2396.943929        0.511291
MDMin:   74 07:59:49    -2396.951709        0.501626
MDMin:   75 07:59:50    -2396.960045        0.492359
MDMin:   76 07:59:51    -2396.968923        0.483053
MDMin:   77 07:59:52    -2396.978317        0.473512
MDMin:   78 07:59:53    -2396.988035        0.463974
MDMin:   79 07:59:55    -2396.996608        1.197870
MDMin:   80 07:59:57    -2396.999045        0.453778
MDMin:   81 07:59:59    -2397.001275        0.451890
MDMin:   82 08:00:00    -2397.003910        0.449841
MDMin:   83 08:00:01    -2397.006946        0.447708
MDMin:   84 08:00:03    -2397.010383        0.445576
MDMin:   85 08:00:05    -2397.014218        0.443539
MDMin:   86 08:00:06    -2397.018449        0.441706
MDMin:   87 08:00:07    -2397.023074        0.440202
MDMin:   88 08:00:09    -2397.028091        0.439169
MDMin:   89 08:00:11    -2397.033500        0.438756
MDMin:   90 08:00:13    -2397.039304        0.439117
MDMin:   91 08:00:15    -2397.045512        0.440400
MDMin:   92 08:00:17    -2397.052137        0.442740
MDMin:   93 08:00:19    -2397.059205        0.446257
MDMin:   94 08:00:21    -2397.066755        0.451056
MDMin:   95 08:00:23    -2397.074846        0.457252
MDMin:   96 08:00:25    -2397.083563        0.465018
MDMin:   97 08:00:26    -2397.092987        0.474619
MDMin:   98 08:00:28    -2397.102998        0.489861
MDMin:   99 08:00:30    -2397.111786        0.833021
MDMin:  100 08:00:31    -2397.116120        0.503887
MDMin:  101 08:00:32    -2397.120224        0.510028
MDMin:  102 08:00:34    -2397.125020        0.517513
MDMin:  103 08:00:36    -2397.130647        0.526680
MDMin:  104 08:00:38    -2397.137236        0.537864
MDMin:  105 08:00:39    -2397.144955        0.564287
MDMin:  106 08:00:41    -2397.154031        0.599411
MDMin:  107 08:00:43    -2397.164779        0.640068
MDMin:  108 08:00:45    -2397.177636        0.686184
MDMin:  109 08:00:46    -2397.193215        0.736776
MDMin:  110 08:00:48    -2397.212370        0.789292
MDMin:  111 08:00:49    -2397.236256        0.854299
MDMin:  112 08:00:51    -2397.266334        0.944165
MDMin:  113 08:00:53    -2397.304134        1.035237
MDMin:  114 08:00:54    -2397.350589        1.110164
MDMin:  115 08:00:56    -2397.360942        1.075820
MDMin:  116 08:00:57    -2397.361587        1.073944
MDMin:  117 08:00:59    -2397.362328        1.040962
MDMin:  118 08:01:01    -2397.363188        0.970529
MDMin:  119 08:01:02    -2397.364192        0.863961
MDMin:  120 08:01:04    -2397.365342        0.735610
MDMin:  121 08:01:05    -2397.364374        0.667494
MDMin:  122 08:01:07    -2397.365210        1.008762
MDMin:  123 08:01:09    -2397.365489        0.564968
MDMin:  124 08:01:11    -2397.365816        0.547916
MDMin:  125 08:01:13    -2397.366194        0.529726
MDMin:  126 08:01:15    -2397.366623        0.510969
MDMin:  127 08:01:16    -2397.367105        0.492149
MDMin:  128 08:01:18    -2397.367643        0.473644
MDMin:  129 08:01:19    -2397.368238        0.455679
MDMin:  130 08:01:20    -2397.368896        0.438321
MDMin:  131 08:01:22    -2397.369621        0.421499
MDMin:  132 08:01:24    -2397.370417        0.405052
MDMin:  133 08:01:26    -2397.371288        0.388777
MDMin:  134 08:01:28    -2397.372234        0.372497
MDMin:  135 08:01:30    -2397.373255        0.356131
MDMin:  136 08:01:31    -2397.374344        0.339770
MDMin:  137 08:01:32    -2397.375489        0.332981
MDMin:  138 08:01:34    -2397.376618        0.589513
MDMin:  139 08:01:35    -2397.377322        0.816154
MDMin:  140 08:01:37    -2397.377489        0.405418
MDMin:  141 08:01:39    -2397.377739        0.324807
MDMin:  142 08:01:41    -2397.378044        0.323927
MDMin:  143 08:01:43    -2397.378397        0.325887
MDMin:  144 08:01:45    -2397.378799        0.328650
MDMin:  145 08:01:47    -2397.379248        0.331826
MDMin:  146 08:01:49    -2397.379742        0.335401
MDMin:  147 08:01:51    -2397.380281        0.339340
MDMin:  148 08:01:53    -2397.380862        0.343574
MDMin:  149 08:01:54    -2397.381246        0.348000
MDMin:  150 08:01:56    -2397.381688        0.352095
MDMin:  151 08:01:58    -2397.381691        0.355791
MDMin:  152 08:01:59    -2397.382169        0.359017
MDMin:  153 08:02:01    -2397.382652        0.361904
MDMin:  154 08:02:03    -2397.382974        0.364177
MDMin:  155 08:02:05    -2397.383047        0.365399
MDMin:  156 08:02:07    -2397.383489        0.365554
MDMin:  157 08:02:09    -2397.383935        0.364455
MDMin:  158 08:02:10    -2397.384384        0.361774
MDMin:  159 08:02:12    -2397.384787        0.361564
MDMin:  160 08:02:15    -2397.384776        0.369032
MDMin:  161 08:02:17    -2397.385191        0.381434
MDMin:  162 08:02:19    -2397.385603        0.395572
MDMin:  163 08:02:21    -2397.385991        0.409299
MDMin:  164 08:02:23    -2397.386299        0.491535
MDMin:  165 08:02:25    -2397.386496        0.427376
MDMin:  166 08:02:27    -2397.386669        0.433578
MDMin:  167 08:02:29    -2397.386857        0.440261
MDMin:  168 08:02:30    -2397.387063        0.447560
MDMin:  169 08:02:32    -2397.387288        0.455389
MDMin:  170 08:02:35    -2397.387532        0.463598
MDMin:  171 08:02:37    -2397.387793        0.471960
MDMin:  172 08:02:38    -2397.388073        0.480156
MDMin:  173 08:02:40    -2397.388369        0.487760
MDMin:  174 08:02:42    -2397.388682        0.494242
MDMin:  175 08:02:44    -2397.388985        0.498954
MDMin:  176 08:02:46    -2397.389068        0.501128
MDMin:  177 08:02:48    -2397.389368        0.500854
MDMin:  178 08:02:49    -2397.389633        0.498582
MDMin:  179 08:02:51    -2397.389839        0.495495
MDMin:  180 08:02:53    -2397.390015        0.491970
MDMin:  181 08:02:55    -2397.390197        0.487529
MDMin:  182 08:02:57    -2397.390328        0.481782
MDMin:  183 08:02:59    -2397.390454        0.474872
MDMin:  184 08:03:01    -2397.390672        0.466337
MDMin:  185 08:03:03    -2397.390867        0.458425
MDMin:  186 08:03:04    -2397.390989        0.464617
MDMin:  187 08:03:05    -2397.391245        0.469238
MDMin:  188 08:03:06    -2397.391451        0.471346
MDMin:  189 08:03:08    -2397.391623        0.469888
MDMin:  190 08:03:10    -2397.391912        0.464300
MDMin:  191 08:03:11    -2397.392056        0.468910
MDMin:  192 08:03:13    -2397.392325        0.483803
MDMin:  193 08:03:15    -2397.392498        0.496892
MDMin:  194 08:03:17    -2397.392664        0.507353
MDMin:  195 08:03:18    -2397.392809        0.516605
MDMin:  196 08:03:20    -2397.392932        0.525421
MDMin:  197 08:03:22    -2397.393085        0.534311
MDMin:  198 08:03:24    -2397.393223        0.542926
MDMin:  199 08:03:26    -2397.393381        0.551138
MDMin:  200 08:03:28    -2397.393551        0.558250
MDMin:  201 08:03:29    -2397.393696        0.563811
MDMin:  202 08:03:31    -2397.393917        0.567017
MDMin:  203 08:03:33    -2397.394025        0.567349
MDMin:  204 08:03:34    -2397.394294        0.564396
MDMin:  205 08:03:36    -2397.394452        0.557896
MDMin:  206 08:03:37    -2397.394671        0.548225
MDMin:  207 08:03:39    -2397.394879        0.536784
MDMin:  208 08:03:40    -2397.394978        0.525322
MDMin:  209 08:03:41    -2397.395169        0.515086
MDMin:  210 08:03:42    -2397.395301        0.504419
MDMin:  211 08:03:44    -2397.395378        0.492677
MDMin:  212 08:03:45    -2397.395571        0.479552
MDMin:  213 08:03:46    -2397.395696        0.464024
MDMin:  214 08:03:48    -2397.395798        0.446427
MDMin:  215 08:03:50    -2397.396025        0.433130
MDMin:  216 08:03:51    -2397.396176        0.424327
MDMin:  217 08:03:53    -2397.396281        0.417518
MDMin:  218 08:03:54    -2397.396523        0.417213
MDMin:  219 08:03:56    -2397.396704        0.416332
MDMin:  220 08:03:57    -2397.396775        0.415113
MDMin:  221 08:03:59    -2397.396961        0.413840
MDMin:  222 08:04:00    -2397.397133        0.412503
MDMin:  223 08:04:01    -2397.397129        0.411148
MDMin:  224 08:04:02    -2397.397297        0.409769
MDMin:  225 08:04:04    -2397.397490        0.408294
MDMin:  226 08:04:06    -2397.397601        0.406766
MDMin:  227 08:04:08    -2397.397653        0.405328
MDMin:  228 08:04:10    -2397.397850        0.404037
MDMin:  229 08:04:12    -2397.398035        0.402890
MDMin:  230 08:04:14    -2397.398034        0.402013
MDMin:  231 08:04:16    -2397.398240        0.401439
MDMin:  232 08:04:17    -2397.398482        0.401201
MDMin:  233 08:04:19    -2397.398602        0.401364
MDMin:  234 08:04:20    -2397.398641        0.401854
MDMin:  235 08:04:22    -2397.398823        0.402567
MDMin:  236 08:04:23    -2397.399014        0.403527
MDMin:  237 08:04:25    -2397.398972        0.404613
MDMin:  238 08:04:27    -2397.399128        0.405840
MDMin:  239 08:04:29    -2397.399306        0.407352
MDMin:  240 08:04:31    -2397.399442        0.409179
MDMin:  241 08:04:33    -2397.399423        0.411133
MDMin:  242 08:04:35    -2397.399596        0.413190
MDMin:  243 08:04:37    -2397.399802        0.415458
MDMin:  244 08:04:39    -2397.399905        0.417858
MDMin:  245 08:04:41    -2397.399917        0.420053
MDMin:  246 08:04:42    -2397.400101        0.421967
MDMin:  247 08:04:44    -2397.400300        0.423596
MDMin:  248 08:04:46    -2397.400243        0.424656
MDMin:  249 08:04:48    -2397.400424        0.425101
MDMin:  250 08:04:49    -2397.400626        0.424894
MDMin:  251 08:04:51    -2397.400764        0.423906
MDMin:  252 08:04:53    -2397.400731        0.422185
MDMin:  253 08:04:55    -2397.400891        0.419786
MDMin:  254 08:04:56    -2397.401071        0.416507
MDMin:  255 08:04:58    -2397.401173        0.412159
MDMin:  256 08:05:00    -2397.401158        0.406928
MDMin:  257 08:05:02    -2397.401320        0.401551
MDMin:  258 08:05:04    -2397.401501        0.396419
MDMin:  259 08:05:06    -2397.401425        0.391059
MDMin:  260 08:05:07    -2397.401596        0.385512
MDMin:  261 08:05:08    -2397.401793        0.391101
MDMin:  262 08:05:10    -2397.401929        0.402008
MDMin:  263 08:05:11    -2397.401883        0.411523
MDMin:  264 08:05:12    -2397.402054        0.419421
MDMin:  265 08:05:14    -2397.402251        0.425668
MDMin:  266 08:05:15    -2397.402356        0.429831
MDMin:  267 08:05:17    -2397.402333        0.431541
MDMin:  268 08:05:18    -2397.402487        0.431108
MDMin:  269 08:05:19    -2397.402658        0.428559
MDMin:  270 08:05:21    -2397.402743        0.423714
MDMin:  271 08:05:23    -2397.402728        0.416903
MDMin:  272 08:05:25    -2397.402889        0.408216
MDMin:  273 08:05:27    -2397.403059        0.397438
MDMin:  274 08:05:28    -2397.402980        0.385452
MDMin:  275 08:05:30    -2397.403151        0.372459
MDMin:  276 08:05:31    -2397.403341        0.358275
MDMin:  277 08:05:33    -2397.403486        0.343717
MDMin:  278 08:05:35    -2397.403423        0.343022
MDMin:  279 08:05:37    -2397.403585        0.342487
MDMin:  280 08:05:38    -2397.403757        0.342111
MDMin:  281 08:05:40    -2397.403892        0.341910
MDMin:  282 08:05:42    -2397.403829        0.341888
MDMin:  283 08:05:43    -2397.403981        0.342049
MDMin:  284 08:05:45    -2397.404146        0.342437
MDMin:  285 08:05:47    -2397.404284        0.343101
MDMin:  286 08:05:48    -2397.404218        0.343995
MDMin:  287 08:05:50    -2397.404385        0.345149
MDMin:  288 08:05:52    -2397.404567        0.346635
MDMin:  289 08:05:53    -2397.404717        0.348460
MDMin:  290 08:05:54    -2397.404648        0.350413
MDMin:  291 08:05:56    -2397.404810        0.352497
MDMin:  292 08:05:58    -2397.404978        0.354793
MDMin:  293 08:06:00    -2397.405132        0.357307
MDMin:  294 08:06:02    -2397.405229        0.360034
MDMin:  295 08:06:03    -2397.405205        0.362736
MDMin:  296 08:06:05    -2397.405357        0.365547
MDMin:  297 08:06:07    -2397.405517        0.368613
MDMin:  298 08:06:08    -2397.405638        0.371934
MDMin:  299 08:06:10    -2397.405596        0.375203
MDMin:  300 08:06:11    -2397.405764        0.378508
MDMin:  301 08:06:13    -2397.405940        0.381918
MDMin:  302 08:06:15    -2397.406085        0.385327
MDMin:  303 08:06:17    -2397.406038        0.388347
MDMin:  304 08:06:19    -2397.406209        0.391033
MDMin:  305 08:06:21    -2397.406384        0.393426
MDMin:  306 08:06:23    -2397.406533        0.395434
MDMin:  307 08:06:24    -2397.406490        0.396868
MDMin:  308 08:06:26    -2397.406655        0.397808
MDMin:  309 08:06:28    -2397.406827        0.398239
MDMin:  310 08:06:31    -2397.406966        0.398040
MDMin:  311 08:06:33    -2397.406945        0.397132
MDMin:  312 08:06:34    -2397.407128        0.395460
MDMin:  313 08:06:36    -2397.407316        0.392876
MDMin:  314 08:06:38    -2397.407279        0.389457
MDMin:  315 08:06:40    -2397.407477        0.385109
MDMin:  316 08:06:42    -2397.407679        0.379661
MDMin:  317 08:06:44    -2397.407794        0.373084
MDMin:  318 08:06:45    -2397.407847        0.365868
MDMin:  319 08:06:47    -2397.408037        0.357987
MDMin:  320 08:06:49    -2397.408037        0.349665
MDMin:  321 08:06:51    -2397.408239        0.340705
MDMin:  322 08:06:53    -2397.408386        0.330743
MDMin:  323 08:06:55    -2397.408451        0.334496
MDMin:  324 08:06:56    -2397.408633        0.344817
MDMin:  325 08:06:58    -2397.408692        0.355713
MDMin:  326 08:07:00    -2397.408892        0.367237
MDMin:  327 08:07:02    -2397.408967        0.379234
MDMin:  328 08:07:04    -2397.409160        0.391611
MDMin:  329 08:07:06    -2397.409273        0.404155
MDMin:  330 08:07:08    -2397.409430        0.416634
MDMin:  331 08:07:10    -2397.409569        0.428814
MDMin:  332 08:07:12    -2397.409677        0.440758
MDMin:  333 08:07:14    -2397.409847        0.451780
MDMin:  334 08:07:15    -2397.409984        0.461771
MDMin:  335 08:07:17    -2397.410125        0.470758
MDMin:  336 08:07:19    -2397.410255        0.478482
MDMin:  337 08:07:21    -2397.410403        0.484522
MDMin:  338 08:07:22    -2397.410540        0.488891
MDMin:  339 08:07:24    -2397.410683        0.491522
MDMin:  340 08:07:25    -2397.410831        0.492299
MDMin:  341 08:07:27    -2397.410981        0.491102
MDMin:  342 08:07:28    -2397.411134        0.487958
MDMin:  343 08:07:30    -2397.411285        0.483061
MDMin:  344 08:07:32    -2397.411434        0.476742
MDMin:  345 08:07:34    -2397.411578        0.469346
MDMin:  346 08:07:36    -2397.411720        0.461134
MDMin:  347 08:07:37    -2397.411860        0.452232
MDMin:  348 08:07:39    -2397.412002        0.442703
MDMin:  349 08:07:41    -2397.412145        0.432609
MDMin:  350 08:07:43    -2397.412291        0.422072
MDMin:  351 08:07:45    -2397.412440        0.411261
MDMin:  352 08:07:47    -2397.412590        0.400405
MDMin:  353 08:07:49    -2397.412738        0.389753
MDMin:  354 08:07:51    -2397.412884        0.379538
MDMin:  355 08:07:53    -2397.413025        0.369886
MDMin:  356 08:07:55    -2397.413163        0.360797
MDMin:  357 08:07:57    -2397.413299        0.352162
MDMin:  358 08:07:59    -2397.413434        0.343856
MDMin:  359 08:08:00    -2397.413572        0.335790
MDMin:  360 08:08:02    -2397.413712        0.327941
MDMin:  361 08:08:04    -2397.413855        0.320334
MDMin:  362 08:08:06    -2397.414000        0.318186
MDMin:  363 08:08:07    -2397.414145        0.321159
MDMin:  364 08:08:09    -2397.414288        0.324258
MDMin:  365 08:08:11    -2397.414427        0.327427
MDMin:  366 08:08:13    -2397.414560        0.330642
MDMin:  367 08:08:15    -2397.414691        0.333927
MDMin:  368 08:08:17    -2397.414822        0.337337
MDMin:  369 08:08:19    -2397.414955        0.340922
MDMin:  370 08:08:21    -2397.415091        0.344706
MDMin:  371 08:08:22    -2397.415230        0.348683
MDMin:  372 08:08:24    -2397.415372        0.352805
MDMin:  373 08:08:26    -2397.415515        0.356989
MDMin:  374 08:08:27    -2397.415658        0.361117
MDMin:  375 08:08:29    -2397.415798        0.365065
MDMin:  376 08:08:31    -2397.415933        0.368743
MDMin:  377 08:08:33    -2397.416065        0.372122
MDMin:  378 08:08:34    -2397.416194        0.375211
MDMin:  379 08:08:35    -2397.416325        0.378015
MDMin:  380 08:08:36    -2397.416458        0.380498
MDMin:  381 08:08:37    -2397.416594        0.382582
MDMin:  382 08:08:39    -2397.416734        0.384156
MDMin:  383 08:08:41    -2397.416877        0.385092
MDMin:  384 08:08:42    -2397.417021        0.385276
MDMin:  385 08:08:44    -2397.417163        0.384633
MDMin:  386 08:08:46    -2397.417303        0.383153
MDMin:  387 08:08:48    -2397.417438        0.380878
MDMin:  388 08:08:49    -2397.417570        0.377832
MDMin:  389 08:08:50    -2397.417701        0.373994
MDMin:  390 08:08:52    -2397.417832        0.369302
MDMin:  391 08:08:54    -2397.417967        0.363670
MDMin:  392 08:08:56    -2397.418105        0.357025
MDMin:  393 08:08:58    -2397.418246        0.349343
MDMin:  394 08:08:59    -2397.418391        0.340674
MDMin:  395 08:09:01    -2397.418536        0.331168
MDMin:  396 08:09:03    -2397.418680        0.321079
MDMin:  397 08:09:04    -2397.418819        0.310691
MDMin:  398 08:09:05    -2397.418955        0.300198
MDMin:  399 08:09:07    -2397.419087        0.289611
MDMin:  400 08:09:09    -2397.419218        0.278817
MDMin:  401 08:09:11    -2397.419352        0.267686
MDMin:  402 08:09:13    -2397.419489        0.264942
MDMin:  403 08:09:15    -2397.419631        0.268271
MDMin:  404 08:09:17    -2397.419776        0.270835
MDMin:  405 08:09:19    -2397.419923        0.272571
MDMin:  406 08:09:21    -2397.420070        0.273456
MDMin:  407 08:09:23    -2397.420214        0.273537
MDMin:  408 08:09:25    -2397.420353        0.272923
MDMin:  409 08:09:27    -2397.420488        0.271736
MDMin:  410 08:09:29    -2397.420621        0.270051
MDMin:  411 08:09:31    -2397.420755        0.267893
MDMin:  412 08:09:33    -2397.420893        0.265258
MDMin:  413 08:09:35    -2397.421035        0.262141
MDMin:  414 08:09:36    -2397.421182        0.258558
MDMin:  415 08:09:38    -2397.421332        0.254559
MDMin:  416 08:09:40    -2397.421483        0.250244
MDMin:  417 08:09:42    -2397.421632        0.245751
MDMin:  418 08:09:43    -2397.421775        0.241225
MDMin:  419 08:09:46    -2397.421914        0.236737
MDMin:  420 08:09:47    -2397.422049        0.232262
MDMin:  421 08:09:49    -2397.422185        0.227721
MDMin:  422 08:09:51    -2397.422324        0.223045
MDMin:  423 08:09:53    -2397.422468        0.218201
MDMin:  424 08:09:55    -2397.422617        0.213197
MDMin:  425 08:09:56    -2397.422770        0.208077
MDMin:  426 08:09:57    -2397.422925        0.202929
MDMin:  427 08:09:59    -2397.423080        0.197868
MDMin:  428 08:10:01    -2397.423230        0.193016
MDMin:  429 08:10:03    -2397.423374        0.188429
MDMin:  430 08:10:05    -2397.423514        0.184066
MDMin:  431 08:10:07    -2397.423653        0.179817
MDMin:  432 08:10:09    -2397.423794        0.175586
MDMin:  433 08:10:11    -2397.423940        0.171311
MDMin:  434 08:10:12    -2397.424091        0.166981
MDMin:  435 08:10:14    -2397.424247        0.162902
MDMin:  436 08:10:16    -2397.424408        0.163098
MDMin:  437 08:10:17    -2397.424569        0.163295
MDMin:  438 08:10:19    -2397.424728        0.163493
MDMin:  439 08:10:20    -2397.424881        0.163692
MDMin:  440 08:10:21    -2397.425029        0.163896
MDMin:  441 08:10:23    -2397.425173        0.164113
MDMin:  442 08:10:24    -2397.425317        0.164354
MDMin:  443 08:10:25    -2397.425466        0.164631
MDMin:  444 08:10:27    -2397.425619        0.164956
MDMin:  445 08:10:28    -2397.425779        0.165342
MDMin:  446 08:10:29    -2397.425943        0.166295
MDMin:  447 08:10:31    -2397.426111        0.168953
MDMin:  448 08:10:33    -2397.426280        0.171406
MDMin:  449 08:10:35    -2397.426446        0.173314
MDMin:  450 08:10:37    -2397.426608        0.174530
MDMin:  451 08:10:39    -2397.426764        0.175824
MDMin:  452 08:10:41    -2397.426917        0.174674
MDMin:  453 08:10:43    -2397.427071        0.174476
MDMin:  454 08:10:45    -2397.427228        0.174827
MDMin:  455 08:10:47    -2397.427390        0.176322
MDMin:  456 08:10:48    -2397.427558        0.179243
MDMin:  457 08:10:50    -2397.427730        0.183335
MDMin:  458 08:10:52    -2397.427904        0.187906
MDMin:  459 08:10:54    -2397.428078        0.192232
MDMin:  460 08:10:56    -2397.428248        0.195887
MDMin:  461 08:10:58    -2397.428412        0.198807
MDMin:  462 08:10:59    -2397.428572        0.201119
MDMin:  463 08:11:01    -2397.428731        0.202988
MDMin:  464 08:11:03    -2397.428893        0.204536
MDMin:  465 08:11:04    -2397.429060        0.205840
MDMin:  466 08:11:06    -2397.429232        0.206945
MDMin:  467 08:11:08    -2397.429409        0.207881
MDMin:  468 08:11:10    -2397.429590        0.208665
MDMin:  469 08:11:12    -2397.429773        0.209307
MDMin:  470 08:11:14    -2397.429954        0.209815
MDMin:  471 08:11:16    -2397.430129        0.210201
MDMin:  472 08:11:18    -2397.430299        0.210480
MDMin:  473 08:11:19    -2397.430466        0.210669
MDMin:  474 08:11:21    -2397.430632        0.210777
MDMin:  475 08:11:23    -2397.430801        0.210807
MDMin:  476 08:11:24    -2397.430975        0.212929
MDMin:  477 08:11:26    -2397.431009        0.217450
MDMin:  478 08:11:28    -2397.431011        0.222299
MDMin:  479 08:11:30    -2397.431013        0.227441
MDMin:  480 08:11:31    -2397.431014        0.232807
MDMin:  481 08:11:33    -2397.431015        0.238313
MDMin:  482 08:11:35    -2397.431014        0.243864
MDMin:  483 08:11:37    -2397.431014        0.249439
MDMin:  484 08:11:39    -2397.431013        0.255081
MDMin:  485 08:11:41    -2397.431011        0.260899
MDMin:  486 08:11:43    -2397.431010        0.266986
MDMin:  487 08:11:45    -2397.431008        0.273424
MDMin:  488 08:11:47    -2397.431005        0.280240
MDMin:  489 08:11:48    -2397.431003        0.287440
MDMin:  490 08:11:50    -2397.431000        0.294969
MDMin:  491 08:11:51    -2397.430997        0.302742
MDMin:  492 08:11:53    -2397.430994        0.310620
MDMin:  493 08:11:55    -2397.430991        0.318484
MDMin:  494 08:11:56    -2397.430988        0.326245
MDMin:  495 08:11:58    -2397.430984        0.333927
MDMin:  496 08:12:00    -2397.430981        0.341595
MDMin:  497 08:12:03    -2397.430978        0.349342
MDMin:  498 08:12:05    -2397.430975        0.357194
MDMin:  499 08:12:07    -2397.430972        0.365141
MDMin:  500 08:12:09    -2397.430968        0.373093
MDMin:  501 08:12:11    -2397.430965        0.380921
MDMin:  502 08:12:13    -2397.430962        0.388431
MDMin:  503 08:12:14    -2397.430958        0.395424
MDMin:  504 08:12:16    -2397.430955        0.401692
MDMin:  505 08:12:17    -2397.430952        0.407102
MDMin:  506 08:12:18    -2397.430950        0.411576
MDMin:  507 08:12:20    -2397.430947        0.415101
MDMin:  508 08:12:21    -2397.430944        0.417647
MDMin:  509 08:12:22    -2397.430942        0.419154
MDMin:  510 08:12:23    -2397.430939        0.419503
MDMin:  511 08:12:25    -2397.430937        0.418542
MDMin:  512 08:12:26    -2397.430934        0.416143
MDMin:  513 08:12:27    -2397.430932        0.412229
MDMin:  514 08:12:29    -2397.430930        0.406812
MDMin:  515 08:12:30    -2397.430928        0.400001
MDMin:  516 08:12:32    -2397.430926        0.392011
MDMin:  517 08:12:34    -2397.430924        0.383060
MDMin:  518 08:12:36    -2397.430923        0.373344
MDMin:  519 08:12:37    -2397.430922        0.367055
MDMin:  520 08:12:39    -2397.430921        0.381931
MDMin:  521 08:12:40    -2397.430920        0.395884
MDMin:  522 08:12:42    -2397.430919        0.408781
MDMin:  523 08:12:43    -2397.430918        0.420452
MDMin:  524 08:12:45    -2397.430918        0.430652
MDMin:  525 08:12:47    -2397.430917        0.439179
MDMin:  526 08:12:48    -2397.430917        0.445868
MDMin:  527 08:12:50    -2397.430917        0.450695
MDMin:  528 08:12:52    -2397.430918        0.453742
MDMin:  529 08:12:54    -2397.430918        0.455192
MDMin:  530 08:12:56    -2397.430919        0.455217
MDMin:  531 08:12:57    -2397.430920        0.453939
MDMin:  532 08:12:59    -2397.430921        0.451416
MDMin:  533 08:13:01    -2397.430923        0.447682
MDMin:  534 08:13:03    -2397.430925        0.442791
MDMin:  535 08:13:05    -2397.430927        0.436829
MDMin:  536 08:13:07    -2397.430930        0.429954
MDMin:  537 08:13:09    -2397.430933        0.422365
MDMin:  538 08:13:10    -2397.430936        0.414305
MDMin:  539 08:13:11    -2397.430940        0.405939
MDMin:  540 08:13:12    -2397.430943        0.397360
MDMin:  541 08:13:14    -2397.430948        0.388542
MDMin:  542 08:13:16    -2397.430952        0.379454
MDMin:  543 08:13:18    -2397.430957        0.370059
MDMin:  544 08:13:20    -2397.430963        0.360388
MDMin:  545 08:13:21    -2397.430969        0.350500
MDMin:  546 08:13:23    -2397.430975        0.340528
MDMin:  547 08:13:25    -2397.430982        0.330608
MDMin:  548 08:13:26    -2397.430990        0.320909
MDMin:  549 08:13:28    -2397.430998        0.311519
MDMin:  550 08:13:29    -2397.431006        0.302470
MDMin:  551 08:13:31    -2397.431014        0.293679
MDMin:  552 08:13:33    -2397.431023        0.285061
MDMin:  553 08:13:35    -2397.431033        0.276521
MDMin:  554 08:13:37    -2397.431043        0.268041
MDMin:  555 08:13:39    -2397.431054        0.259628
MDMin:  556 08:13:41    -2397.431066        0.251363
MDMin:  557 08:13:43    -2397.431078        0.248344
MDMin:  558 08:13:45    -2397.431091        0.248375
MDMin:  559 08:13:47    -2397.431104        0.248305
MDMin:  560 08:13:48    -2397.431117        0.248162
MDMin:  561 08:13:50    -2397.431131        0.247967
MDMin:  562 08:13:51    -2397.431146        0.247738
MDMin:  563 08:13:53    -2397.431161        0.247485
MDMin:  564 08:13:55    -2397.431177        0.247218
MDMin:  565 08:13:56    -2397.431194        0.246944
MDMin:  566 08:13:58    -2397.431212        0.246671
MDMin:  567 08:14:00    -2397.431230        0.246403
MDMin:  568 08:14:01    -2397.431249        0.246144
MDMin:  569 08:14:03    -2397.431269        0.245897
MDMin:  570 08:14:04    -2397.431288        0.245659
MDMin:  571 08:14:06    -2397.431308        0.245427
MDMin:  572 08:14:08    -2397.431329        0.245196
MDMin:  573 08:14:09    -2397.431350        0.244960
MDMin:  574 08:14:11    -2397.431372        0.244713
MDMin:  575 08:14:13    -2397.431395        0.244449
MDMin:  576 08:14:15    -2397.431419        0.244164
MDMin:  577 08:14:17    -2397.431445        0.243851
MDMin:  578 08:14:18    -2397.431470        0.243508
MDMin:  579 08:14:20    -2397.431496        0.243372
MDMin:  580 08:14:22    -2397.431522        0.243272
MDMin:  581 08:14:23    -2397.431549        0.243177
MDMin:  582 08:14:25    -2397.431575        0.243081
MDMin:  583 08:14:26    -2397.431602        0.242982
MDMin:  584 08:14:28    -2397.431630        0.242874
MDMin:  585 08:14:29    -2397.431660        0.242755
MDMin:  586 08:14:31    -2397.431690        0.242620
MDMin:  587 08:14:32    -2397.431722        0.242467
MDMin:  588 08:14:34    -2397.431754        0.242294
MDMin:  589 08:14:35    -2397.431786        0.242102
MDMin:  590 08:14:37    -2397.431819        0.241892
MDMin:  591 08:14:39    -2397.431851        0.241664
MDMin:  592 08:14:40    -2397.431884        0.241419
MDMin:  593 08:14:42    -2397.431916        0.241153
MDMin:  594 08:14:44    -2397.431950        0.240867
MDMin:  595 08:14:46    -2397.431985        0.240556
MDMin:  596 08:14:47    -2397.432021        0.240220
MDMin:  597 08:14:49    -2397.432058        0.239857
MDMin:  598 08:14:50    -2397.432096        0.239470
MDMin:  599 08:14:52    -2397.432135        0.239061
MDMin:  600 08:14:54    -2397.432174        0.238636
MDMin:  601 08:14:55    -2397.432212        0.238198
MDMin:  602 08:14:57    -2397.432251        0.237748
MDMin:  603 08:14:58    -2397.432289        0.237280
MDMin:  604 08:15:00    -2397.432328        0.236791
MDMin:  605 08:15:02    -2397.432368        0.236271
MDMin:  606 08:15:04    -2397.432409        0.235717
MDMin:  607 08:15:05    -2397.432452        0.235124
MDMin:  608 08:15:07    -2397.432496        0.234495
MDMin:  609 08:15:08    -2397.432541        0.233832
MDMin:  610 08:15:10    -2397.432586        0.233142
MDMin:  611 08:15:12    -2397.432631        0.232431
MDMin:  612 08:15:14    -2397.432675        0.231703
MDMin:  613 08:15:16    -2397.432719        0.230950
MDMin:  614 08:15:18    -2397.432763        0.230165
MDMin:  615 08:15:20    -2397.432809        0.229333
MDMin:  616 08:15:22    -2397.432855        0.228444
MDMin:  617 08:15:24    -2397.432904        0.227491
MDMin:  618 08:15:25    -2397.432954        0.226472
MDMin:  619 08:15:26    -2397.433005        0.225390
MDMin:  620 08:15:28    -2397.433056        0.224258
MDMin:  621 08:15:30    -2397.433107        0.223087
MDMin:  622 08:15:32    -2397.433158        0.221888
MDMin:  623 08:15:34    -2397.433208        0.220658
MDMin:  624 08:15:36    -2397.433258        0.219383
MDMin:  625 08:15:38    -2397.433309        0.218041
MDMin:  626 08:15:40    -2397.433361        0.216614
MDMin:  627 08:15:42    -2397.433415        0.215086
MDMin:  628 08:15:43    -2397.433471        0.213454
MDMin:  629 08:15:44    -2397.433529        0.211719
MDMin:  630 08:15:46    -2397.433587        0.209897
MDMin:  631 08:15:48    -2397.433646        0.208015
MDMin:  632 08:15:50    -2397.433703        0.209284
MDMin:  633 08:15:52    -2397.433760        0.210567
MDMin:  634 08:15:53    -2397.433817        0.211867
MDMin:  635 08:15:55    -2397.433874        0.213202
MDMin:  636 08:15:57    -2397.433932        0.214590
MDMin:  637 08:15:58    -2397.433992        0.216046
MDMin:  638 08:16:00    -2397.434054        0.217578
MDMin:  639 08:16:01    -2397.434118        0.219191
MDMin:  640 08:16:03    -2397.434184        0.220878
MDMin:  641 08:16:05    -2397.434250        0.222631
MDMin:  642 08:16:07    -2397.434317        0.224434
MDMin:  643 08:16:08    -2397.434383        0.226272
MDMin:  644 08:16:10    -2397.434447        0.228137
MDMin:  645 08:16:12    -2397.434511        0.230047
MDMin:  646 08:16:14    -2397.434575        0.232030
MDMin:  647 08:16:16    -2397.434640        0.234131
MDMin:  648 08:16:17    -2397.434706        0.236375
MDMin:  649 08:16:18    -2397.434775        0.238783
MDMin:  650 08:16:20    -2397.434846        0.241346
MDMin:  651 08:16:21    -2397.434919        0.244041
MDMin:  652 08:16:22    -2397.434992        0.246814
MDMin:  653 08:16:23    -2397.435066        0.249604
MDMin:  654 08:16:25    -2397.435138        0.252341
MDMin:  655 08:16:26    -2397.435210        0.254988
MDMin:  656 08:16:27    -2397.435282        0.257528
MDMin:  657 08:16:29    -2397.435353        0.259973
MDMin:  658 08:16:31    -2397.435425        0.262326
MDMin:  659 08:16:32    -2397.435499        0.264587
MDMin:  660 08:16:33    -2397.435575        0.266733
MDMin:  661 08:16:34    -2397.435653        0.268734
MDMin:  662 08:16:36    -2397.435732        0.277056
MDMin:  663 08:16:37    -2397.435813        0.286942
MDMin:  664 08:16:38    -2397.435894        0.297244
MDMin:  665 08:16:39    -2397.435974        0.307904
MDMin:  666 08:16:41    -2397.436053        0.318858
MDMin:  667 08:16:42    -2397.436132        0.330142
MDMin:  668 08:16:43    -2397.436210        0.341828
MDMin:  669 08:16:45    -2397.436205        0.354062
MDMin:  670 08:16:47    -2397.436169        0.366977
MDMin:  671 08:16:49    -2397.436133        0.380676
MDMin:  672 08:16:51    -2397.436096        0.395205
MDMin:  673 08:16:53    -2397.436059        0.410586
MDMin:  674 08:16:55    -2397.436021        0.426751
MDMin:  675 08:16:57    -2397.435983        0.443597
MDMin:  676 08:16:58    -2397.435946        0.460934
MDMin:  677 08:17:00    -2397.435909        0.478580
MDMin:  678 08:17:02    -2397.435872        0.496328
MDMin:  679 08:17:03    -2397.435836        0.514041
MDMin:  680 08:17:05    -2397.435800        0.531575
MDMin:  681 08:17:06    -2397.435764        0.548804
MDMin:  682 08:17:08    -2397.435729        0.565508
MDMin:  683 08:17:10    -2397.435693        0.581398
MDMin:  684 08:17:12    -2397.435657        0.596041
MDMin:  685 08:17:13    -2397.435620        0.608923
MDMin:  686 08:17:14    -2397.435584        0.619352
MDMin:  687 08:17:15    -2397.435547        0.626724
MDMin:  688 08:17:16    -2397.435512        0.630585
MDMin:  689 08:17:18    -2397.435476        0.630735
MDMin:  690 08:17:19    -2397.435442        0.627366
MDMin:  691 08:17:21    -2397.435408        0.620921
MDMin:  692 08:17:23    -2397.435375        0.611808
MDMin:  693 08:17:25    -2397.435343        0.600409
MDMin:  694 08:17:28    -2397.435310        0.587111
MDMin:  695 08:17:29    -2397.435277        0.572314
MDMin:  696 08:17:31    -2397.435245        0.556504
MDMin:  697 08:17:33    -2397.435212        0.540202
MDMin:  698 08:17:35    -2397.435179        0.523968
MDMin:  699 08:17:37    -2397.435147        0.508251
MDMin:  700 08:17:39    -2397.435116        0.493357
MDMin:  701 08:17:41    -2397.435086        0.479348
MDMin:  702 08:17:42    -2397.435056        0.466158
MDMin:  703 08:17:44    -2397.435026        0.453644
MDMin:  704 08:17:46    -2397.434997        0.441725
MDMin:  705 08:17:48    -2397.434967        0.430369
MDMin:  706 08:17:49    -2397.434936        0.419618
MDMin:  707 08:17:51    -2397.434906        0.409518
MDMin:  708 08:17:52    -2397.434877        0.400147
MDMin:  709 08:17:54    -2397.434847        0.391529
MDMin:  710 08:17:56    -2397.434819        0.383650
MDMin:  711 08:17:58    -2397.434792        0.376406
MDMin:  712 08:18:00    -2397.434765        0.369681
MDMin:  713 08:18:01    -2397.434738        0.363357
MDMin:  714 08:18:02    -2397.434711        0.357376
MDMin:  715 08:18:04    -2397.434684        0.351721
MDMin:  716 08:18:06    -2397.434657        0.346440
MDMin:  717 08:18:08    -2397.434629        0.341572
MDMin:  718 08:18:09    -2397.434603        0.337173
MDMin:  719 08:18:11    -2397.434577        0.333269
MDMin:  720 08:18:13    -2397.434552        0.329861
MDMin:  721 08:18:15    -2397.434527        0.326906
MDMin:  722 08:18:17    -2397.434504        0.324352
MDMin:  723 08:18:19    -2397.434480        0.322163
MDMin:  724 08:18:21    -2397.434456        0.320332
MDMin:  725 08:18:22    -2397.434433        0.318873
MDMin:  726 08:18:24    -2397.434409        0.317815
MDMin:  727 08:18:26    -2397.434385        0.317186
MDMin:  728 08:18:28    -2397.434362        0.317000
MDMin:  729 08:18:30    -2397.434340        0.317250
MDMin:  730 08:18:32    -2397.434318        0.317914
MDMin:  731 08:18:33    -2397.434298        0.318970
MDMin:  732 08:18:34    -2397.434278        0.320412
MDMin:  733 08:18:35    -2397.434258        0.322256
MDMin:  734 08:18:36    -2397.434239        0.324532
MDMin:  735 08:18:38    -2397.434219        0.327274
MDMin:  736 08:18:40    -2397.434200        0.330509
MDMin:  737 08:18:41    -2397.434181        0.334251
MDMin:  738 08:18:43    -2397.434163        0.338488
MDMin:  739 08:18:45    -2397.434145        0.343187
MDMin:  740 08:18:47    -2397.434127        0.348294
MDMin:  741 08:18:49    -2397.434111        0.353771
MDMin:  742 08:18:51    -2397.434095        0.359602
MDMin:  743 08:18:52    -2397.434080        0.365825
MDMin:  744 08:18:54    -2397.434066        0.372498
MDMin:  745 08:18:55    -2397.434052        0.379697
MDMin:  746 08:18:57    -2397.434038        0.387480
MDMin:  747 08:18:59    -2397.434025        0.395893
MDMin:  748 08:19:00    -2397.434011        0.404945
MDMin:  749 08:19:01    -2397.433999        0.414620
MDMin:  750 08:19:03    -2397.433987        0.424861
MDMin:  751 08:19:04    -2397.433975        0.435602
MDMin:  752 08:19:06    -2397.433965        0.446763
MDMin:  753 08:19:08    -2397.433955        0.458315
MDMin:  754 08:19:10    -2397.433946        0.470270
MDMin:  755 08:19:12    -2397.433937        0.482697
MDMin:  756 08:19:14    -2397.433929        0.495671
MDMin:  757 08:19:16    -2397.433921        0.509264
MDMin:  758 08:19:17    -2397.433914        0.523498
MDMin:  759 08:19:19    -2397.433907        0.538353
MDMin:  760 08:19:20    -2397.433900        0.553739
MDMin:  761 08:19:22    -2397.433895        0.569517
MDMin:  762 08:19:23    -2397.433889        0.585485
MDMin:  763 08:19:24    -2397.433885        0.601425
MDMin:  764 08:19:25    -2397.433880        0.617104
MDMin:  765 08:19:26    -2397.433877        0.632334
MDMin:  766 08:19:28    -2397.433874        0.646957
MDMin:  767 08:19:29    -2397.433871        0.660859
MDMin:  768 08:19:31    -2397.433869        0.673925
MDMin:  769 08:19:33    -2397.433868        0.686033
MDMin:  770 08:19:35    -2397.433867        0.697026
MDMin:  771 08:19:36    -2397.433866        0.706724
MDMin:  772 08:19:37    -2397.433866        0.714923
MDMin:  773 08:19:39    -2397.433867        0.721390
MDMin:  774 08:19:40    -2397.433868        0.725917
MDMin:  775 08:19:42    -2397.433869        0.728388
MDMin:  776 08:19:44    -2397.433871        0.728756
MDMin:  777 08:19:46    -2397.433874        0.727050
MDMin:  778 08:19:47    -2397.433877        0.723354
MDMin:  779 08:19:49    -2397.433880        0.717776
MDMin:  780 08:19:51    -2397.433884        0.710497
MDMin:  781 08:19:53    -2397.433888        0.701666
MDMin:  782 08:19:55    -2397.433893        0.691408
MDMin:  783 08:19:56    -2397.433899        0.679855
MDMin:  784 08:19:58    -2397.433905        0.667178
MDMin:  785 08:19:59    -2397.433911        0.653582
MDMin:  786 08:20:01    -2397.433918        0.639315
MDMin:  787 08:20:03    -2397.433925        0.624638
MDMin:  788 08:20:05    -2397.433933        0.609795
MDMin:  789 08:20:07    -2397.433941        0.594963
MDMin:  790 08:20:08    -2397.433950        0.580248
MDMin:  791 08:20:10    -2397.433959        0.565701
MDMin:  792 08:20:11    -2397.433968        0.551365
MDMin:  793 08:20:12    -2397.433978        0.537307
MDMin:  794 08:20:14    -2397.433989        0.523644
MDMin:  795 08:20:16    -2397.434000        0.510521
MDMin:  796 08:20:18    -2397.434011        0.498104
MDMin:  797 08:20:20    -2397.434023        0.486517
MDMin:  798 08:20:22    -2397.434035        0.475817
MDMin:  799 08:20:24    -2397.434047        0.465975
MDMin:  800 08:20:25    -2397.434060        0.456917
MDMin:  801 08:20:26    -2397.434073        0.448572
MDMin:  802 08:20:27    -2397.434087        0.440906
MDMin:  803 08:20:28    -2397.434101        0.433922
MDMin:  804 08:20:30    -2397.434116        0.427645
MDMin:  805 08:20:32    -2397.434131        0.422099
MDMin:  806 08:20:34    -2397.434147        0.417286
MDMin:  807 08:20:36    -2397.434163        0.413166
MDMin:  808 08:20:38    -2397.434179        0.409671
MDMin:  809 08:20:40    -2397.434195        0.406719
MDMin:  810 08:20:42    -2397.434211        0.404233
MDMin:  811 08:20:44    -2397.434228        0.402152
MDMin:  812 08:20:45    -2397.434246        0.400425
MDMin:  813 08:20:47    -2397.434264        0.398999
MDMin:  814 08:20:49    -2397.434283        0.397809
MDMin:  815 08:20:51    -2397.434302        0.396776
MDMin:  816 08:20:53    -2397.434321        0.395813
MDMin:  817 08:20:55    -2397.434340        0.394829
MDMin:  818 08:20:57    -2397.434360        0.393736
MDMin:  819 08:20:59    -2397.434379        0.392444
MDMin:  820 08:21:01    -2397.434399        0.390850
MDMin:  821 08:21:03    -2397.434419        0.388828
MDMin:  822 08:21:05    -2397.434440        0.386226
MDMin:  823 08:21:07    -2397.434462        0.382866
MDMin:  824 08:21:09    -2397.434484        0.378565
MDMin:  825 08:21:11    -2397.434506        0.373156
MDMin:  826 08:21:13    -2397.434529        0.366513
MDMin:  827 08:21:14    -2397.434551        0.358566
MDMin:  828 08:21:16    -2397.434574        0.349283
MDMin:  829 08:21:18    -2397.434596        0.338623
MDMin:  830 08:21:20    -2397.434619        0.326519
MDMin:  831 08:21:22    -2397.434642        0.312882
MDMin:  832 08:21:23    -2397.434666        0.297653
MDMin:  833 08:21:25    -2397.434690        0.280860
MDMin:  834 08:21:26    -2397.434715        0.283753
MDMin:  835 08:21:27    -2397.434741        0.288276
MDMin:  836 08:21:28    -2397.434766        0.290414
MDMin:  837 08:21:30    -2397.434792        0.290226
MDMin:  838 08:21:32    -2397.434817        0.287955
MDMin:  839 08:21:34    -2397.434843        0.283924
MDMin:  840 08:21:36    -2397.434868        0.278416
MDMin:  841 08:21:38    -2397.434893        0.271639
MDMin:  842 08:21:40    -2397.434920        0.263768
MDMin:  843 08:21:41    -2397.434947        0.255008
MDMin:  844 08:21:42    -2397.434974        0.245629
MDMin:  845 08:21:43    -2397.435003        0.235970
MDMin:  846 08:21:45    -2397.435031        0.226388
MDMin:  847 08:21:47    -2397.435059        0.217168
MDMin:  848 08:21:49    -2397.435086        0.208438
MDMin:  849 08:21:51    -2397.435114        0.200170
MDMin:  850 08:21:53    -2397.435142        0.192262
MDMin:  851 08:21:55    -2397.435170        0.184638
MDMin:  852 08:21:57    -2397.435200        0.178179
MDMin:  853 08:21:59    -2397.435230        0.172856
MDMin:  854 08:22:00    -2397.435261        0.167736
MDMin:  855 08:22:02    -2397.435293        0.162914
MDMin:  856 08:22:03    -2397.435324        0.158467
MDMin:  857 08:22:05    -2397.435355        0.154429
MDMin:  858 08:22:06    -2397.435385        0.150774
MDMin:  859 08:22:07    -2397.435416        0.147441
