       Step     Time          Energy          fmax
MDMin:    0 08:22:07    -2397.435416        0.147441
MDMin:    1 08:22:09    -2397.435416        0.147418
MDMin:    2 08:22:10    -2397.435415        0.147349
MDMin:    3 08:22:13    -2397.435413        0.147235
MDMin:    4 08:22:15    -2397.435411        0.147075
MDMin:    5 08:22:17    -2397.435408        0.146870
MDMin:    6 08:22:19    -2397.435405        0.146621
MDMin:    7 08:22:21    -2397.435401        0.146328
MDMin:    8 08:22:23    -2397.435397        0.145993
MDMin:    9 08:22:25    -2397.435392        0.145616
MDMin:   10 08:22:27    -2397.435386        0.145802
MDMin:   11 08:22:29    -2397.435380        0.146919
MDMin:   12 08:22:31    -2397.435373        0.148152
MDMin:   13 08:22:33    -2397.435366        0.149503
MDMin:   14 08:22:35    -2397.435358        0.150974
MDMin:   15 08:22:37    -2397.435350        0.152568
MDMin:   16 08:22:39    -2397.435341        0.154287
MDMin:   17 08:22:40    -2397.435332        0.156134
MDMin:   18 08:22:41    -2397.435323        0.158112
MDMin:   19 08:22:43    -2397.435313        0.160222
MDMin:   20 08:22:44    -2397.435302        0.162466
MDMin:   21 08:22:46    -2397.435291        0.164844
MDMin:   22 08:22:48    -2397.435280        0.167358
MDMin:   23 08:22:50    -2397.435269        0.170006
MDMin:   24 08:22:52    -2397.435257        0.172785
MDMin:   25 08:22:54    -2397.435244        0.175692
MDMin:   26 08:22:55    -2397.435232        0.178719
MDMin:   27 08:22:57    -2397.435219        0.181858
MDMin:   28 08:22:59    -2397.435206        0.185094
MDMin:   29 08:23:01    -2397.435193        0.188412
MDMin:   30 08:23:03    -2397.435180        0.191786
MDMin:   31 08:23:05    -2397.435166        0.195189
MDMin:   32 08:23:07    -2397.435153        0.198584
MDMin:   33 08:23:09    -2397.435139        0.201925
MDMin:   34 08:23:11    -2397.435125        0.205157
MDMin:   35 08:23:13    -2397.435111        0.208215
MDMin:   36 08:23:15    -2397.435097        0.211020
MDMin:   37 08:23:17    -2397.435083        0.213485
MDMin:   38 08:23:18    -2397.435069        0.215511
MDMin:   39 08:23:19    -2397.435055        0.216989
MDMin:   40 08:23:21    -2397.435041        0.217807
MDMin:   41 08:23:22    -2397.435027        0.217858
MDMin:   42 08:23:24    -2397.435013        0.217047
MDMin:   43 08:23:26    -2397.434999        0.215305
MDMin:   44 08:23:28    -2397.434984        0.212603
MDMin:   45 08:23:29    -2397.434970        0.208963
MDMin:   46 08:23:31    -2397.434956        0.204470
MDMin:   47 08:23:33    -2397.434941        0.199266
MDMin:   48 08:23:35    -2397.434927        0.193541
MDMin:   49 08:23:37    -2397.434912        0.187499
MDMin:   50 08:23:39    -2397.434897        0.181324
MDMin:   51 08:23:41    -2397.434883        0.175142
MDMin:   52 08:23:43    -2397.434868        0.169011
MDMin:   53 08:23:45    -2397.434853        0.162921
MDMin:   54 08:23:47    -2397.434839        0.156828
MDMin:   55 08:23:49    -2397.434825        0.150684
MDMin:   56 08:23:51    -2397.434811        0.144459
MDMin:   57 08:23:52    -2397.434797        0.138157
MDMin:   58 08:23:53    -2397.434783        0.131811
MDMin:   59 08:23:55    -2397.434770        0.127171
MDMin:   60 08:23:57    -2397.434757        0.129918
MDMin:   61 08:23:59    -2397.434745        0.132470
MDMin:   62 08:24:02    -2397.434733        0.135473
MDMin:   63 08:24:03    -2397.434721        0.142959
MDMin:   64 08:24:05    -2397.434710        0.149886
MDMin:   65 08:24:06    -2397.434699        0.156196
MDMin:   66 08:24:08    -2397.434689        0.161845
MDMin:   67 08:24:10    -2397.434679        0.166801
MDMin:   68 08:24:12    -2397.434669        0.171040
MDMin:   69 08:24:14    -2397.434660        0.174546
MDMin:   70 08:24:16    -2397.434651        0.177308
MDMin:   71 08:24:18    -2397.434643        0.179322
MDMin:   72 08:24:19    -2397.434634        0.180586
MDMin:   73 08:24:21    -2397.434627        0.181103
MDMin:   74 08:24:22    -2397.434619        0.180881
MDMin:   75 08:24:24    -2397.434612        0.179930
MDMin:   76 08:24:26    -2397.434605        0.178263
MDMin:   77 08:24:27    -2397.434598        0.175896
MDMin:   78 08:24:29    -2397.434592        0.172847
MDMin:   79 08:24:31    -2397.434586        0.169139
MDMin:   80 08:24:33    -2397.434580        0.164795
MDMin:   81 08:24:35    -2397.434575        0.159839
MDMin:   82 08:24:36    -2397.434570        0.154299
MDMin:   83 08:24:38    -2397.434565        0.148198
MDMin:   84 08:24:40    -2397.434560        0.141565
MDMin:   85 08:24:42    -2397.434556        0.134425
MDMin:   86 08:24:44    -2397.434552        0.126811
MDMin:   87 08:24:45    -2397.434548        0.124314
MDMin:   88 08:24:46    -2397.434545        0.127994
MDMin:   89 08:24:48    -2397.434541        0.132482
MDMin:   90 08:24:50    -2397.434539        0.137928
MDMin:   91 08:24:52    -2397.434536        0.144469
MDMin:   92 08:24:55    -2397.434534        0.152192
MDMin:   93 08:24:57    -2397.434533        0.161078
MDMin:   94 08:24:58    -2397.434532        0.170929
MDMin:   95 08:25:00    -2397.434531        0.181302
MDMin:   96 08:25:01    -2397.434530        0.191456
MDMin:   97 08:25:02    -2397.434530        0.200364
MDMin:   98 08:25:03    -2397.434530        0.206830
MDMin:   99 08:25:05    -2397.434530        0.209760
MDMin:  100 08:25:06    -2397.434530        0.208662
MDMin:  101 08:25:08    -2397.434531        0.204047
MDMin:  102 08:25:10    -2397.434531        0.197257
MDMin:  103 08:25:12    -2397.434532        0.189574
MDMin:  104 08:25:13    -2397.434533        0.181575
MDMin:  105 08:25:15    -2397.434534        0.190228
MDMin:  106 08:25:16    -2397.434535        0.207437
MDMin:  107 08:25:18    -2397.434535        0.219873
MDMin:  108 08:25:19    -2397.434536        0.228489
MDMin:  109 08:25:21    -2397.434537        0.234541
MDMin:  110 08:25:22    -2397.434538        0.238989
MDMin:  111 08:25:23    -2397.434538        0.242340
MDMin:  112 08:25:24    -2397.434539        0.244873
MDMin:  113 08:25:26    -2397.434540        0.246792
MDMin:  114 08:25:27    -2397.434541        0.248292
MDMin:  115 08:25:29    -2397.434542        0.249587
MDMin:  116 08:25:30    -2397.434543        0.250918
MDMin:  117 08:25:31    -2397.434544        0.252561
MDMin:  118 08:25:32    -2397.434545        0.254833
MDMin:  119 08:25:34    -2397.434546        0.258091
MDMin:  120 08:25:35    -2397.434547        0.262733
MDMin:  121 08:25:37    -2397.434548        0.269188
MDMin:  122 08:25:38    -2397.434549        0.277897
MDMin:  123 08:25:40    -2397.434550        0.289293
MDMin:  124 08:25:42    -2397.434551        0.303757
MDMin:  125 08:25:44    -2397.434552        0.321571
MDMin:  126 08:25:46    -2397.434553        0.342878
MDMin:  127 08:25:47    -2397.434554        0.367628
MDMin:  128 08:25:48    -2397.434555        0.395532
MDMin:  129 08:25:50    -2397.434556        0.426026
MDMin:  130 08:25:51    -2397.434557        0.458243
MDMin:  131 08:25:52    -2397.434558        0.490995
MDMin:  132 08:25:53    -2397.434559        0.522789
MDMin:  133 08:25:54    -2397.434560        0.551867
MDMin:  134 08:25:56    -2397.434561        0.576252
MDMin:  135 08:25:57    -2397.434561        0.593766
MDMin:  136 08:25:58    -2397.434562        0.602017
MDMin:  137 08:25:59    -2397.434563        0.598325
MDMin:  138 08:26:01    -2397.434564        0.579592
MDMin:  139 08:26:02    -2397.434564        0.542089
MDMin:  140 08:26:03    -2397.434565        0.502600
MDMin:  141 08:26:04    -2397.434566        0.464980
MDMin:  142 08:26:06    -2397.434567        0.363326
MDMin:  143 08:26:07    -2397.434568        0.157902
MDMin:  144 08:26:09    -2397.434571        0.134918
MDMin:  145 08:26:11    -2397.434573        0.141878
MDMin:  146 08:26:13    -2397.434575        0.124162
MDMin:  147 08:26:14    -2397.434578        0.158787
MDMin:  148 08:26:16    -2397.434580        0.116565
MDMin:  149 08:26:18    -2397.434583        0.197122
MDMin:  150 08:26:20    -2397.434584        0.106942
MDMin:  151 08:26:22    -2397.434585        0.116856
MDMin:  152 08:26:24    -2397.434587        0.108565
MDMin:  153 08:26:26    -2397.434588        0.102467
MDMin:  154 08:26:27    -2397.434590        0.112536
MDMin:  155 08:26:28    -2397.434591        0.100197
MDMin:  156 08:26:29    -2397.434593        0.112748
MDMin:  157 08:26:31    -2397.434594        0.097694
MDMin:  158 08:26:32    -2397.434595        0.106028
MDMin:  159 08:26:34    -2397.434597        0.095163
MDMin:  160 08:26:36    -2397.434598        0.095309
MDMin:  161 08:26:38    -2397.434599        0.092754
MDMin:  162 08:26:40    -2397.434600        0.091237
MDMin:  163 08:26:41    -2397.434601        0.090315
MDMin:  164 08:26:43    -2397.434603        0.088855
MDMin:  165 08:26:44    -2397.434604        0.087732
MDMin:  166 08:26:45    -2397.434605        0.086241
MDMin:  167 08:26:47    -2397.434607        0.084965
MDMin:  168 08:26:49    -2397.434608        0.083410
MDMin:  169 08:26:51    -2397.434609        0.082011
MDMin:  170 08:26:53    -2397.434611        0.080381
MDMin:  171 08:26:54    -2397.434612        0.078880
MDMin:  172 08:26:56    -2397.434614        0.077175
MDMin:  173 08:26:58    -2397.434615        0.075591
MDMin:  174 08:26:59    -2397.434617        0.073815
MDMin:  175 08:27:00    -2397.434619        0.072167
MDMin:  176 08:27:02    -2397.434620        0.070329
MDMin:  177 08:27:03    -2397.434622        0.068637
MDMin:  178 08:27:04    -2397.434624        0.066746
MDMin:  179 08:27:05    -2397.434626        0.065205
MDMin:  180 08:27:07    -2397.434628        0.064232
MDMin:  181 08:27:08    -2397.434629        0.063218
MDMin:  182 08:27:10    -2397.434631        0.062180
MDMin:  183 08:27:12    -2397.434633        0.061132
MDMin:  184 08:27:14    -2397.434635        0.060168
MDMin:  185 08:27:16    -2397.434636        0.059470
MDMin:  186 08:27:18    -2397.434637        0.059021
MDMin:  187 08:27:19    -2397.434638        0.058602
MDMin:  188 08:27:21    -2397.434639        0.058172
MDMin:  189 08:27:22    -2397.434639        0.057730
MDMin:  190 08:27:23    -2397.434640        0.057277
MDMin:  191 08:27:25    -2397.434641        0.056812
MDMin:  192 08:27:27    -2397.434642        0.056335
MDMin:  193 08:27:29    -2397.434643        0.055847
MDMin:  194 08:27:31    -2397.434644        0.055348
MDMin:  195 08:27:33    -2397.434645        0.054837
MDMin:  196 08:27:35    -2397.434645        0.054315
MDMin:  197 08:27:36    -2397.434646        0.053782
MDMin:  198 08:27:38    -2397.434647        0.053239
MDMin:  199 08:27:40    -2397.434648        0.052686
MDMin:  200 08:27:42    -2397.434649        0.052122
MDMin:  201 08:27:44    -2397.434650        0.051548
MDMin:  202 08:27:46    -2397.434651        0.050965
MDMin:  203 08:27:48    -2397.434653        0.050373
MDMin:  204 08:27:50    -2397.434654        0.049772
