       Step     Time          Energy          fmax
MDMin:    0 09:21:16    -2393.456579        8.373158
MDMin:    1 09:21:18    -2393.462132        8.393032
MDMin:    2 09:21:20    -2393.477925        8.059994
MDMin:    3 09:21:21    -2393.501448        6.872462
MDMin:    4 09:21:22    -2393.529473        7.701129
MDMin:    5 09:21:24    -2393.558604        5.828011
MDMin:    6 09:21:25    -2393.588020        5.184198
MDMin:    7 09:21:27    -2393.614485        6.035515
MDMin:    8 09:21:28    -2393.632827        3.211519
MDMin:    9 09:21:29    -2393.646431        2.556077
MDMin:   10 09:21:30    -2393.658864        3.691559
MDMin:   11 09:21:32    -2393.669659        3.576125
MDMin:   12 09:21:33    -2393.679900        1.590611
MDMin:   13 09:21:34    -2393.691930        1.740164
MDMin:   14 09:21:36    -2393.701533        2.077005
MDMin:   15 09:21:37    -2393.707285        1.336130
MDMin:   16 09:21:39    -2393.713318        1.436716
MDMin:   17 09:21:41    -2393.720173        1.569160
MDMin:   18 09:21:43    -2393.727956        1.684578
MDMin:   19 09:21:44    -2393.736762        1.716718
MDMin:   20 09:21:46    -2393.746776        1.584308
MDMin:   21 09:21:48    -2393.758417        1.424048
MDMin:   22 09:21:49    -2393.772444        1.288612
MDMin:   23 09:21:50    -2393.789745        1.234593
MDMin:   24 09:21:51    -2393.811030        1.149689
MDMin:   25 09:21:53    -2393.836833        1.027908
MDMin:   26 09:21:55    -2393.866432        1.275988
MDMin:   27 09:21:56    -2393.892963        2.210133
MDMin:   28 09:21:57    -2393.904501        0.892294
MDMin:   29 09:21:58    -2393.916266        0.927383
MDMin:   30 09:22:00    -2393.930532        0.972578
MDMin:   31 09:22:02    -2393.947595        1.029969
MDMin:   32 09:22:04    -2393.967839        1.101441
MDMin:   33 09:22:06    -2393.991795        1.187385
MDMin:   34 09:22:07    -2394.020232        1.284021
MDMin:   35 09:22:09    -2394.054328        1.379976
MDMin:   36 09:22:10    -2394.096051        1.458546
MDMin:   37 09:22:11    -2394.148987        1.507553
MDMin:   38 09:22:12    -2394.220005        1.543854
MDMin:   39 09:22:14    -2394.321816        1.612367
MDMin:   40 09:22:15    -2394.474099        1.758470
MDMin:   41 09:22:16    -2394.694275        1.981970
MDMin:   42 09:22:18    -2394.978299        2.000724
MDMin:   43 09:22:19    -2395.278046        1.569213
MDMin:   44 09:22:21    -2395.469602        2.883118
MDMin:   45 09:22:23    -2395.577672        3.357440
MDMin:   46 09:22:24    -2395.708202        3.254854
MDMin:   47 09:22:25    -2395.873396        2.589636
MDMin:   48 09:22:27    -2395.959407        2.733883
MDMin:   49 09:22:28    -2396.025228        2.481446
MDMin:   50 09:22:30    -2396.094999        2.139880
MDMin:   51 09:22:32    -2396.176846        1.721264
MDMin:   52 09:22:33    -2396.254973        1.404531
MDMin:   53 09:22:35    -2396.322098        1.162257
MDMin:   54 09:22:37    -2396.374254        1.022180
MDMin:   55 09:22:39    -2396.412461        1.034157
MDMin:   56 09:22:40    -2396.442460        1.029658
MDMin:   57 09:22:41    -2396.469461        1.011431
MDMin:   58 09:22:43    -2396.496642        0.978158
MDMin:   59 09:22:44    -2396.525295        0.945108
MDMin:   60 09:22:46    -2396.556037        0.914306
MDMin:   61 09:22:48    -2396.589006        0.869291
MDMin:   62 09:22:49    -2396.623453        0.815876
MDMin:   63 09:22:51    -2396.657056        0.762971
MDMin:   64 09:22:52    -2396.685396        0.720297
MDMin:   65 09:22:53    -2396.706653        0.695873
MDMin:   66 09:22:55    -2396.725396        0.685189
MDMin:   67 09:22:57    -2396.744405        0.672393
MDMin:   68 09:22:59    -2396.764210        0.656482
MDMin:   69 09:23:01    -2396.784696        0.636640
MDMin:   70 09:23:03    -2396.805452        0.613712
MDMin:   71 09:23:05    -2396.825961        0.623037
MDMin:   72 09:23:06    -2396.845530        0.647540
MDMin:   73 09:23:08    -2396.863274        0.673572
MDMin:   74 09:23:09    -2396.877986        0.697914
MDMin:   75 09:23:11    -2396.888902        0.717228
MDMin:   76 09:23:13    -2396.897368        0.732463
MDMin:   77 09:23:15    -2396.905405        0.746591
MDMin:   78 09:23:17    -2396.913582        0.759964
MDMin:   79 09:23:19    -2396.921989        0.771764
MDMin:   80 09:23:22    -2396.930585        0.780640
MDMin:   81 09:23:23    -2396.939310        0.785028
MDMin:   82 09:23:25    -2396.948081        0.783437
MDMin:   83 09:23:26    -2396.956790        0.774841
MDMin:   84 09:23:28    -2396.965226        0.759162
MDMin:   85 09:23:30    -2396.972933        0.738169
MDMin:   86 09:23:31    -2396.979195        0.716283
MDMin:   87 09:23:33    -2396.983844        0.697116
MDMin:   88 09:23:34    -2396.987873        0.678445
MDMin:   89 09:23:36    -2396.992009        0.657257
MDMin:   90 09:23:38    -2396.996406        0.632460
MDMin:   91 09:23:39    -2397.001078        0.603546
MDMin:   92 09:23:41    -2397.006007        0.570278
MDMin:   93 09:23:43    -2397.011164        0.532708
MDMin:   94 09:23:45    -2397.016501        0.515760
MDMin:   95 09:23:47    -2397.021931        0.522291
MDMin:   96 09:23:48    -2397.027232        0.528480
MDMin:   97 09:23:50    -2397.031853        0.533591
MDMin:   98 09:23:52    -2397.035191        0.537012
MDMin:   99 09:23:54    -2397.037810        0.539552
MDMin:  100 09:23:56    -2397.040441        0.542042
MDMin:  101 09:23:58    -2397.041841        0.590841
MDMin:  102 09:24:00    -2397.044922        0.546895
MDMin:  103 09:24:02    -2397.047153        0.549081
MDMin:  104 09:24:04    -2397.049656        0.551532
MDMin:  105 09:24:06    -2397.050468        0.566888
MDMin:  106 09:24:08    -2397.053932        0.556589
MDMin:  107 09:24:09    -2397.056006        0.558931
MDMin:  108 09:24:10    -2397.058192        0.561649
MDMin:  109 09:24:12    -2397.059572        0.564020
MDMin:  110 09:24:13    -2397.061342        0.566453
MDMin:  111 09:24:14    -2397.063364        0.569318
MDMin:  112 09:24:16    -2397.063546        0.572654
MDMin:  113 09:24:18    -2397.066781        0.575556
MDMin:  114 09:24:20    -2397.068464        0.578497
MDMin:  115 09:24:21    -2397.069385        0.581873
MDMin:  116 09:24:23    -2397.071328        0.584774
MDMin:  117 09:24:26    -2397.072797        0.587651
MDMin:  118 09:24:27    -2397.074209        0.590850
MDMin:  119 09:24:29    -2397.075305        0.593521
MDMin:  120 09:24:31    -2397.076636        0.596071
MDMin:  121 09:24:32    -2397.078185        0.598768
MDMin:  122 09:24:34    -2397.077169        0.601475
MDMin:  123 09:24:35    -2397.080786        0.603486
MDMin:  124 09:24:37    -2397.082158        0.605154
MDMin:  125 09:24:39    -2397.081599        0.606561
MDMin:  126 09:24:41    -2397.084471        0.607339
MDMin:  127 09:24:43    -2397.085741        0.607665
MDMin:  128 09:24:45    -2397.085543        0.607453
MDMin:  129 09:24:46    -2397.087883        0.606721
MDMin:  130 09:24:48    -2397.089096        0.605447
MDMin:  131 09:24:50    -2397.089203        0.603392
MDMin:  132 09:24:52    -2397.091139        0.600974
MDMin:  133 09:24:54    -2397.092324        0.597969
MDMin:  134 09:24:56    -2397.092711        0.593990
MDMin:  135 09:24:57    -2397.094318        0.589831
MDMin:  136 09:24:59    -2397.095498        0.585075
MDMin:  137 09:25:01    -2397.096158        0.579227
MDMin:  138 09:25:03    -2397.097479        0.576298
MDMin:  139 09:25:05    -2397.098674        0.592275
MDMin:  140 09:25:06    -2397.099619        0.609580
MDMin:  141 09:25:07    -2397.100675        0.624951
MDMin:  142 09:25:09    -2397.101902        0.639801
MDMin:  143 09:25:10    -2397.103154        0.654735
MDMin:  144 09:25:11    -2397.103952        0.667029
MDMin:  145 09:25:12    -2397.105231        0.677773
MDMin:  146 09:25:14    -2397.106736        0.687132
MDMin:  147 09:25:15    -2397.105622        0.694276
MDMin:  148 09:25:17    -2397.109209        0.698017
MDMin:  149 09:25:19    -2397.110727        0.698914
MDMin:  150 09:25:21    -2397.110334        0.696577
MDMin:  151 09:25:23    -2397.113225        0.691217
MDMin:  152 09:25:24    -2397.114817        0.682504
MDMin:  153 09:25:25    -2397.115113        0.669277
MDMin:  154 09:25:27    -2397.117433        0.652875
MDMin:  155 09:25:28    -2397.119155        0.632063
MDMin:  156 09:25:30    -2397.120097        0.605221
MDMin:  157 09:25:32    -2397.121975        0.575656
MDMin:  158 09:25:33    -2397.123892        0.541788
MDMin:  159 09:25:35    -2397.125393        0.522532
MDMin:  160 09:25:37    -2397.127010        0.508134
MDMin:  161 09:25:39    -2397.129202        0.499788
MDMin:  162 09:25:41    -2397.131087        0.500999
MDMin:  163 09:25:43    -2397.132723        0.502046
MDMin:  164 09:25:45    -2397.135292        0.503188
MDMin:  165 09:25:47    -2397.137217        0.504674
MDMin:  166 09:25:49    -2397.139337        0.506400
MDMin:  167 09:25:51    -2397.142414        0.508667
MDMin:  168 09:25:53    -2397.143750        0.511821
MDMin:  169 09:25:54    -2397.147140        0.515584
MDMin:  170 09:25:56    -2397.150885        0.520235
MDMin:  171 09:25:58    -2397.150606        0.526001
MDMin:  172 09:26:00    -2397.156296        0.531753
MDMin:  173 09:26:01    -2397.157991        0.536406
MDMin:  174 09:26:03    -2397.159969        0.539414
MDMin:  175 09:26:04    -2397.161207        0.542398
MDMin:  176 09:26:06    -2397.162581        0.545558
MDMin:  177 09:26:07    -2397.164250        0.549023
MDMin:  178 09:26:08    -2397.165680        0.552618
MDMin:  179 09:26:10    -2397.167556        0.556408
MDMin:  180 09:26:12    -2397.169327        0.560186
MDMin:  181 09:26:13    -2397.171080        0.563972
MDMin:  182 09:26:14    -2397.173566        0.567544
MDMin:  183 09:26:16    -2397.174793        0.570877
MDMin:  184 09:26:18    -2397.178446        0.573761
MDMin:  185 09:26:19    -2397.178685        0.576130
MDMin:  186 09:26:21    -2397.183913        0.577817
MDMin:  187 09:26:22    -2397.185517        0.578786
MDMin:  188 09:26:23    -2397.187974        0.578755
MDMin:  189 09:26:25    -2397.192618        0.577671
MDMin:  190 09:26:26    -2397.192303        0.575514
MDMin:  191 09:26:28    -2397.198317        0.572298
MDMin:  192 09:26:30    -2397.202666        0.567712
MDMin:  193 09:26:32    -2397.202990        0.562146
MDMin:  194 09:26:34    -2397.209678        0.555686
MDMin:  195 09:26:36    -2397.214930        0.547853
MDMin:  196 09:26:37    -2397.214908        0.539540
MDMin:  197 09:26:39    -2397.222311        0.530741
MDMin:  198 09:26:41    -2397.229204        0.520792
MDMin:  199 09:26:42    -2397.228326        0.510896
MDMin:  200 09:26:43    -2397.236460        0.500802
MDMin:  201 09:26:45    -2397.244370        0.757337
MDMin:  202 09:26:47    -2397.244508        0.695152
MDMin:  203 09:26:48    -2397.244807        0.636953
MDMin:  204 09:26:50    -2397.245295        0.580817
MDMin:  205 09:26:52    -2397.245993        0.526823
MDMin:  206 09:26:54    -2397.246916        0.519461
MDMin:  207 09:26:55    -2397.248067        0.529020
MDMin:  208 09:26:56    -2397.249448        0.538232
MDMin:  209 09:26:58    -2397.251060        0.545524
MDMin:  210 09:26:59    -2397.252900        0.550294
MDMin:  211 09:27:01    -2397.254954        0.551947
MDMin:  212 09:27:03    -2397.257169        0.549865
MDMin:  213 09:27:05    -2397.259269        0.794996
MDMin:  214 09:27:07    -2397.260512        0.686345
MDMin:  215 09:27:09    -2397.261189        0.535677
MDMin:  216 09:27:11    -2397.261975        0.540800
MDMin:  217 09:27:13    -2397.262884        0.555999
MDMin:  218 09:27:14    -2397.263915        0.573582
MDMin:  219 09:27:16    -2397.265069        0.593462
MDMin:  220 09:27:18    -2397.266341        0.615332
MDMin:  221 09:27:19    -2397.267730        0.638560
MDMin:  222 09:27:20    -2397.269230        0.662055
MDMin:  223 09:27:22    -2397.270835        0.684161
MDMin:  224 09:27:24    -2397.272539        0.702621
MDMin:  225 09:27:26    -2397.274335        0.714695
MDMin:  226 09:27:28    -2397.276216        0.717554
MDMin:  227 09:27:30    -2397.278177        0.709012
MDMin:  228 09:27:32    -2397.280214        0.688441
MDMin:  229 09:27:33    -2397.281269        0.691712
MDMin:  230 09:27:36    -2397.282582        0.726015
MDMin:  231 09:27:38    -2397.283633        0.757610
MDMin:  232 09:27:40    -2397.284409        0.817858
MDMin:  233 09:27:42    -2397.284773        0.879492
MDMin:  234 09:27:44    -2397.284892        0.789680
MDMin:  235 09:27:46    -2397.285043        0.790768
MDMin:  236 09:27:48    -2397.285207        0.790357
MDMin:  237 09:27:50    -2397.285379        0.787435
MDMin:  238 09:27:51    -2397.285553        0.780609
MDMin:  239 09:27:52    -2397.285724        0.768129
MDMin:  240 09:27:54    -2397.285886        0.748093
MDMin:  241 09:27:56    -2397.286031        0.718900
MDMin:  242 09:27:58    -2397.286155        0.679755
MDMin:  243 09:28:00    -2397.286253        0.631145
MDMin:  244 09:28:02    -2397.286322        0.575293
MDMin:  245 09:28:04    -2397.286362        0.516232
MDMin:  246 09:28:06    -2397.286376        0.462368
MDMin:  247 09:28:07    -2397.286370        0.466064
MDMin:  248 09:28:08    -2397.286354        0.468964
MDMin:  249 09:28:09    -2397.286341        0.891927
MDMin:  250 09:28:11    -2397.286339        0.470469
MDMin:  251 09:28:13    -2397.286339        0.470532
MDMin:  252 09:28:14    -2397.286339        0.470532
MDMin:  253 09:28:16    -2397.286340        0.470439
MDMin:  254 09:28:17    -2397.286344        0.470220
MDMin:  255 09:28:19    -2397.286351        0.469847
MDMin:  256 09:28:21    -2397.286361        0.469294
MDMin:  257 09:28:23    -2397.286376        0.468544
MDMin:  258 09:28:25    -2397.286398        0.467581
MDMin:  259 09:28:27    -2397.286426        0.466409
MDMin:  260 09:28:29    -2397.286462        0.465089
MDMin:  261 09:28:30    -2397.286508        0.463591
MDMin:  262 09:28:32    -2397.286563        0.461820
MDMin:  263 09:28:33    -2397.286629        0.459587
MDMin:  264 09:28:35    -2397.286705        0.461718
MDMin:  265 09:28:37    -2397.286792        0.478503
MDMin:  266 09:28:39    -2397.286889        0.497368
MDMin:  267 09:28:41    -2397.286992        0.516721
MDMin:  268 09:28:43    -2397.287082        0.693683
MDMin:  269 09:28:44    -2397.287131        0.538854
MDMin:  270 09:28:46    -2397.287173        0.544240
MDMin:  271 09:28:48    -2397.287220        0.549534
MDMin:  272 09:28:50    -2397.287274        0.554345
MDMin:  273 09:28:52    -2397.287336        0.557984
MDMin:  274 09:28:54    -2397.287404        0.559566
MDMin:  275 09:28:56    -2397.287480        0.558069
MDMin:  276 09:28:58    -2397.287564        0.552466
MDMin:  277 09:29:00    -2397.287655        0.541937
MDMin:  278 09:29:02    -2397.287754        0.526149
MDMin:  279 09:29:04    -2397.287861        0.505499
MDMin:  280 09:29:06    -2397.287975        0.481276
MDMin:  281 09:29:08    -2397.288091        0.455950
MDMin:  282 09:29:10    -2397.288192        0.620602
MDMin:  283 09:29:11    -2397.288246        0.441635
MDMin:  284 09:29:13    -2397.288284        0.444688
MDMin:  285 09:29:15    -2397.288327        0.448182
MDMin:  286 09:29:17    -2397.288375        0.452217
MDMin:  287 09:29:19    -2397.288428        0.456791
MDMin:  288 09:29:21    -2397.288486        0.461870
MDMin:  289 09:29:23    -2397.288548        0.467385
MDMin:  290 09:29:25    -2397.288613        0.473216
MDMin:  291 09:29:27    -2397.288680        0.479182
MDMin:  292 09:29:28    -2397.288750        0.485045
MDMin:  293 09:29:29    -2397.288819        0.490516
MDMin:  294 09:29:31    -2397.288888        0.495286
MDMin:  295 09:29:32    -2397.288955        0.499063
MDMin:  296 09:29:33    -2397.289015        0.501601
MDMin:  297 09:29:35    -2397.289058        0.602986
MDMin:  298 09:29:36    -2397.289076        0.502996
MDMin:  299 09:29:37    -2397.289092        0.503134
MDMin:  300 09:29:39    -2397.289109        0.503216
MDMin:  301 09:29:40    -2397.289128        0.503209
MDMin:  302 09:29:41    -2397.289147        0.503054
MDMin:  303 09:29:43    -2397.289166        0.502701
MDMin:  304 09:29:45    -2397.289184        0.502090
MDMin:  305 09:29:47    -2397.289201        0.501134
MDMin:  306 09:29:48    -2397.289217        0.499749
MDMin:  307 09:29:50    -2397.289230        0.497858
MDMin:  308 09:29:51    -2397.289240        0.495205
MDMin:  309 09:29:53    -2397.289247        0.491403
MDMin:  310 09:29:55    -2397.289249        0.485979
MDMin:  311 09:29:57    -2397.289247        0.478457
MDMin:  312 09:29:59    -2397.289241        0.468971
MDMin:  313 09:30:00    -2397.289234        0.571933
MDMin:  314 09:30:02    -2397.289230        0.455943
MDMin:  315 09:30:03    -2397.289225        0.451098
MDMin:  316 09:30:05    -2397.289219        0.445244
MDMin:  317 09:30:06    -2397.289212        0.438276
MDMin:  318 09:30:07    -2397.289203        0.430756
MDMin:  319 09:30:08    -2397.289193        0.436384
MDMin:  320 09:30:10    -2397.289180        0.442068
MDMin:  321 09:30:11    -2397.289167        0.447363
MDMin:  322 09:30:12    -2397.289151        0.451624
MDMin:  323 09:30:13    -2397.289134        0.453993
MDMin:  324 09:30:15    -2397.289115        0.453451
MDMin:  325 09:30:16    -2397.289095        0.448970
MDMin:  326 09:30:17    -2397.289074        0.439792
MDMin:  327 09:30:19    -2397.289053        0.425873
MDMin:  328 09:30:20    -2397.289035        0.426819
MDMin:  329 09:30:22    -2397.289022        0.571218
MDMin:  330 09:30:24    -2397.289017        0.389928
MDMin:  331 09:30:25    -2397.289012        0.383131
MDMin:  332 09:30:26    -2397.289006        0.375205
MDMin:  333 09:30:28    -2397.289000        0.366187
MDMin:  334 09:30:29    -2397.288994        0.356158
MDMin:  335 09:30:30    -2397.288989        0.345244
MDMin:  336 09:30:32    -2397.288984        0.340980
MDMin:  337 09:30:34    -2397.288981        0.338039
MDMin:  338 09:30:36    -2397.288980        0.344576
MDMin:  339 09:30:38    -2397.288981        0.352610
MDMin:  340 09:30:40    -2397.288987        0.360927
MDMin:  341 09:30:42    -2397.288997        0.369354
MDMin:  342 09:30:44    -2397.289012        0.377651
MDMin:  343 09:30:45    -2397.289035        0.385484
MDMin:  344 09:30:46    -2397.289066        0.392365
MDMin:  345 09:30:47    -2397.289102        0.523512
MDMin:  346 09:30:49    -2397.289124        0.442908
MDMin:  347 09:30:51    -2397.289134        0.400142
MDMin:  348 09:30:52    -2397.289149        0.400970
MDMin:  349 09:30:53    -2397.289166        0.401767
MDMin:  350 09:30:55    -2397.289188        0.402440
MDMin:  351 09:30:56    -2397.289213        0.402882
MDMin:  352 09:30:58    -2397.289244        0.402973
MDMin:  353 09:30:59    -2397.289280        0.402577
MDMin:  354 09:31:01    -2397.289323        0.401553
MDMin:  355 09:31:02    -2397.289372        0.399761
MDMin:  356 09:31:04    -2397.289430        0.397067
MDMin:  357 09:31:05    -2397.289497        0.393361
MDMin:  358 09:31:07    -2397.289574        0.388567
MDMin:  359 09:31:08    -2397.289663        0.382656
MDMin:  360 09:31:10    -2397.289765        0.375671
MDMin:  361 09:31:12    -2397.289881        0.367749
MDMin:  362 09:31:14    -2397.290012        0.359108
MDMin:  363 09:31:16    -2397.290156        0.350242
MDMin:  364 09:31:17    -2397.290284        0.606289
MDMin:  365 09:31:19    -2397.290331        0.340487
MDMin:  366 09:31:21    -2397.290378        0.338048
MDMin:  367 09:31:23    -2397.290434        0.335266
MDMin:  368 09:31:24    -2397.290500        0.332166
MDMin:  369 09:31:26    -2397.290575        0.328786
MDMin:  370 09:31:27    -2397.290661        0.325172
MDMin:  371 09:31:28    -2397.290758        0.321375
MDMin:  372 09:31:30    -2397.290867        0.317445
MDMin:  373 09:31:32    -2397.290989        0.318927
MDMin:  374 09:31:34    -2397.291124        0.324338
MDMin:  375 09:31:35    -2397.291274        0.330467
MDMin:  376 09:31:36    -2397.291438        0.337381
MDMin:  377 09:31:38    -2397.291619        0.345154
MDMin:  378 09:31:40    -2397.291816        0.353866
MDMin:  379 09:31:42    -2397.292030        0.363584
MDMin:  380 09:31:43    -2397.292258        0.374236
MDMin:  381 09:31:45    -2397.292480        0.419601
MDMin:  382 09:31:47    -2397.292623        0.449103
MDMin:  383 09:31:48    -2397.292693        0.395111
MDMin:  384 09:31:49    -2397.292777        0.399170
MDMin:  385 09:31:51    -2397.292874        0.403949
MDMin:  386 09:31:52    -2397.292986        0.409464
MDMin:  387 09:31:53    -2397.293113        0.415713
MDMin:  388 09:31:55    -2397.293256        0.422658
MDMin:  389 09:31:56    -2397.293414        0.430204
MDMin:  390 09:31:58    -2397.293590        0.438155
MDMin:  391 09:32:00    -2397.293782        0.446189
MDMin:  392 09:32:02    -2397.293993        0.453771
MDMin:  393 09:32:03    -2397.294222        0.460081
MDMin:  394 09:32:05    -2397.294471        0.464008
MDMin:  395 09:32:06    -2397.294741        0.464212
MDMin:  396 09:32:08    -2397.295033        0.459344
MDMin:  397 09:32:10    -2397.295348        0.448407
MDMin:  398 09:32:11    -2397.295688        0.431195
MDMin:  399 09:32:13    -2397.296052        0.408722
MDMin:  400 09:32:14    -2397.296416        0.472935
MDMin:  401 09:32:16    -2397.296640        0.566910
MDMin:  402 09:32:17    -2397.296705        0.365624
MDMin:  403 09:32:18    -2397.296801        0.359589
MDMin:  404 09:32:20    -2397.296916        0.352402
MDMin:  405 09:32:21    -2397.297051        0.344160
MDMin:  406 09:32:23    -2397.297207        0.345773
MDMin:  407 09:32:24    -2397.297383        0.347816
MDMin:  408 09:32:26    -2397.297581        0.349823
MDMin:  409 09:32:27    -2397.297800        0.351669
MDMin:  410 09:32:29    -2397.298043        0.353186
MDMin:  411 09:32:30    -2397.298308        0.354160
MDMin:  412 09:32:32    -2397.298598        0.354319
MDMin:  413 09:32:34    -2397.298913        0.353327
MDMin:  414 09:32:36    -2397.299253        0.350779
MDMin:  415 09:32:37    -2397.299620        0.346212
MDMin:  416 09:32:38    -2397.300013        0.339123
MDMin:  417 09:32:40    -2397.300432        0.329041
MDMin:  418 09:32:42    -2397.300872        0.315796
MDMin:  419 09:32:43    -2397.301275        0.499141
MDMin:  420 09:32:45    -2397.301448        0.297110
MDMin:  421 09:32:46    -2397.301547        0.297094
MDMin:  422 09:32:48    -2397.301669        0.297113
MDMin:  423 09:32:49    -2397.301813        0.297185
MDMin:  424 09:32:51    -2397.301977        0.297328
MDMin:  425 09:32:52    -2397.302164        0.297563
MDMin:  426 09:32:54    -2397.302371        0.297910
MDMin:  427 09:32:56    -2397.302601        0.298390
MDMin:  428 09:32:58    -2397.302852        0.299021
MDMin:  429 09:32:59    -2397.303126        0.299820
MDMin:  430 09:33:01    -2397.303422        0.300804
MDMin:  431 09:33:03    -2397.303739        0.301987
MDMin:  432 09:33:05    -2397.304079        0.303384
MDMin:  433 09:33:07    -2397.304440        0.305008
MDMin:  434 09:33:09    -2397.304821        0.306873
MDMin:  435 09:33:11    -2397.305222        0.308988
MDMin:  436 09:33:12    -2397.305637        0.311322
MDMin:  437 09:33:14    -2397.306035        0.375713
MDMin:  438 09:33:15    -2397.306260        0.423770
MDMin:  439 09:33:17    -2397.306324        0.315164
MDMin:  440 09:33:19    -2397.306417        0.315647
MDMin:  441 09:33:20    -2397.306530        0.316239
MDMin:  442 09:33:22    -2397.306662        0.316935
MDMin:  443 09:33:24    -2397.306811        0.317729
MDMin:  444 09:33:26    -2397.306979        0.318619
MDMin:  445 09:33:28    -2397.307164        0.319610
MDMin:  446 09:33:30    -2397.307367        0.320692
MDMin:  447 09:33:32    -2397.307586        0.321841
MDMin:  448 09:33:34    -2397.307821        0.323015
MDMin:  449 09:33:36    -2397.308072        0.324146
MDMin:  450 09:33:38    -2397.308337        0.325144
MDMin:  451 09:33:40    -2397.308616        0.325884
MDMin:  452 09:33:42    -2397.308907        0.326211
MDMin:  453 09:33:44    -2397.309210        0.325945
MDMin:  454 09:33:46    -2397.309523        0.324898
MDMin:  455 09:33:48    -2397.309845        0.322899
MDMin:  456 09:33:50    -2397.310170        0.319867
MDMin:  457 09:33:52    -2397.310471        0.372955
MDMin:  458 09:33:54    -2397.310642        0.378418
MDMin:  459 09:33:56    -2397.310707        0.313707
MDMin:  460 09:33:58    -2397.310793        0.317039
MDMin:  461 09:33:59    -2397.310894        0.321016
MDMin:  462 09:34:00    -2397.311009        0.325671
MDMin:  463 09:34:02    -2397.311137        0.331035
MDMin:  464 09:34:04    -2397.311278        0.337143
MDMin:  465 09:34:06    -2397.311432        0.344029
MDMin:  466 09:34:08    -2397.311598        0.351732
MDMin:  467 09:34:09    -2397.311774        0.360289
MDMin:  468 09:34:11    -2397.311962        0.369742
MDMin:  469 09:34:12    -2397.312159        0.380135
MDMin:  470 09:34:13    -2397.312365        0.391518
MDMin:  471 09:34:14    -2397.312579        0.403952
MDMin:  472 09:34:16    -2397.312800        0.417507
MDMin:  473 09:34:17    -2397.313027        0.432278
MDMin:  474 09:34:18    -2397.313259        0.448378
MDMin:  475 09:34:20    -2397.313494        0.465917
MDMin:  476 09:34:22    -2397.313729        0.484794
MDMin:  477 09:34:24    -2397.313943        0.503348
MDMin:  478 09:34:25    -2397.314076        0.515398
MDMin:  479 09:34:27    -2397.314135        0.520917
MDMin:  480 09:34:29    -2397.314206        0.527590
MDMin:  481 09:34:31    -2397.314286        0.535394
MDMin:  482 09:34:34    -2397.314377        0.544299
MDMin:  483 09:34:36    -2397.314477        0.554209
MDMin:  484 09:34:38    -2397.314586        0.564919
MDMin:  485 09:34:40    -2397.314703        0.576079
MDMin:  486 09:34:42    -2397.314828        0.587082
MDMin:  487 09:34:44    -2397.314961        0.596990
MDMin:  488 09:34:46    -2397.315100        0.604500
MDMin:  489 09:34:47    -2397.315245        0.608014
MDMin:  490 09:34:49    -2397.315397        0.605868
MDMin:  491 09:34:51    -2397.315556        0.596733
MDMin:  492 09:34:53    -2397.315720        0.580077
MDMin:  493 09:34:55    -2397.315891        0.556427
MDMin:  494 09:34:57    -2397.316068        0.527231
MDMin:  495 09:34:59    -2397.316251        0.494347
MDMin:  496 09:35:01    -2397.316441        0.459694
MDMin:  497 09:35:03    -2397.316635        0.425061
MDMin:  498 09:35:04    -2397.316813        0.524105
MDMin:  499 09:35:06    -2397.316892        0.401592
MDMin:  500 09:35:07    -2397.316923        0.376595
MDMin:  501 09:35:08    -2397.316965        0.369950
MDMin:  502 09:35:10    -2397.317015        0.362140
MDMin:  503 09:35:12    -2397.317073        0.353261
MDMin:  504 09:35:14    -2397.317140        0.349798
MDMin:  505 09:35:15    -2397.317214        0.350718
MDMin:  506 09:35:16    -2397.317295        0.351660
MDMin:  507 09:35:18    -2397.317384        0.352616
MDMin:  508 09:35:19    -2397.317481        0.353584
MDMin:  509 09:35:21    -2397.317585        0.354569
MDMin:  510 09:35:22    -2397.317695        0.355586
MDMin:  511 09:35:23    -2397.317813        0.356660
MDMin:  512 09:35:25    -2397.317937        0.357824
MDMin:  513 09:35:28    -2397.318067        0.359116
MDMin:  514 09:35:30    -2397.318203        0.360570
MDMin:  515 09:35:32    -2397.318345        0.362190
MDMin:  516 09:35:34    -2397.318492        0.363892
MDMin:  517 09:35:36    -2397.318643        0.365509
MDMin:  518 09:35:38    -2397.318775        0.480274
MDMin:  519 09:35:39    -2397.318825        0.366733
MDMin:  520 09:35:41    -2397.318858        0.366794
MDMin:  521 09:35:42    -2397.318898        0.366838
MDMin:  522 09:35:44    -2397.318944        0.366843
MDMin:  523 09:35:45    -2397.318996        0.366769
MDMin:  524 09:35:46    -2397.319054        0.366560
MDMin:  525 09:35:48    -2397.319119        0.366138
MDMin:  526 09:35:50    -2397.319190        0.365392
MDMin:  527 09:35:51    -2397.319266        0.364173
MDMin:  528 09:35:52    -2397.319349        0.362291
MDMin:  529 09:35:54    -2397.319437        0.359511
MDMin:  530 09:35:55    -2397.319531        0.355563
MDMin:  531 09:35:56    -2397.319631        0.350162
MDMin:  532 09:35:58    -2397.319736        0.343037
MDMin:  533 09:36:00    -2397.319846        0.333991
MDMin:  534 09:36:01    -2397.319962        0.322949
MDMin:  535 09:36:02    -2397.320082        0.310043
MDMin:  536 09:36:04    -2397.320204        0.295949
MDMin:  537 09:36:05    -2397.320299        0.427189
MDMin:  538 09:36:07    -2397.320326        0.308011
MDMin:  539 09:36:09    -2397.320361        0.313462
MDMin:  540 09:36:11    -2397.320401        0.319879
MDMin:  541 09:36:12    -2397.320446        0.327342
MDMin:  542 09:36:14    -2397.320496        0.335909
MDMin:  543 09:36:16    -2397.320552        0.345631
MDMin:  544 09:36:17    -2397.320612        0.356538
MDMin:  545 09:36:19    -2397.320677        0.368624
MDMin:  546 09:36:21    -2397.320747        0.381825
MDMin:  547 09:36:22    -2397.320822        0.395992
MDMin:  548 09:36:24    -2397.320900        0.410853
MDMin:  549 09:36:25    -2397.320983        0.425977
MDMin:  550 09:36:27    -2397.321070        0.440730
MDMin:  551 09:36:29    -2397.321160        0.454218
MDMin:  552 09:36:30    -2397.321247        0.465131
MDMin:  553 09:36:31    -2397.321316        0.471760
MDMin:  554 09:36:33    -2397.321351        0.474359
MDMin:  555 09:36:34    -2397.321384        0.476390
MDMin:  556 09:36:36    -2397.321422        0.478153
MDMin:  557 09:36:37    -2397.321464        0.479450
MDMin:  558 09:36:39    -2397.321512        0.480053
MDMin:  559 09:36:40    -2397.321565        0.479740
MDMin:  560 09:36:42    -2397.321622        0.478317
MDMin:  561 09:36:44    -2397.321685        0.475631
MDMin:  562 09:36:46    -2397.321754        0.471588
MDMin:  563 09:36:47    -2397.321828        0.466151
MDMin:  564 09:36:48    -2397.321907        0.459317
MDMin:  565 09:36:50    -2397.321992        0.451090
MDMin:  566 09:36:52    -2397.322081        0.441558
MDMin:  567 09:36:54    -2397.322164        0.431655
MDMin:  568 09:36:56    -2397.322214        0.425272
MDMin:  569 09:36:57    -2397.322240        0.421844
MDMin:  570 09:36:58    -2397.322271        0.417584
MDMin:  571 09:37:00    -2397.322308        0.412465
MDMin:  572 09:37:02    -2397.322349        0.406398
MDMin:  573 09:37:04    -2397.322396        0.399276
MDMin:  574 09:37:06    -2397.322448        0.390982
MDMin:  575 09:37:08    -2397.322505        0.381395
MDMin:  576 09:37:09    -2397.322568        0.370398
MDMin:  577 09:37:10    -2397.322637        0.357904
MDMin:  578 09:37:12    -2397.322711        0.343877
MDMin:  579 09:37:14    -2397.322792        0.328366
MDMin:  580 09:37:16    -2397.322879        0.311531
MDMin:  581 09:37:17    -2397.322972        0.293668
MDMin:  582 09:37:18    -2397.323071        0.275244
MDMin:  583 09:37:20    -2397.323174        0.257148
MDMin:  584 09:37:21    -2397.323263        0.312177
MDMin:  585 09:37:22    -2397.323296        0.239662
MDMin:  586 09:37:23    -2397.323323        0.241029
MDMin:  587 09:37:24    -2397.323355        0.242635
MDMin:  588 09:37:26    -2397.323392        0.244482
MDMin:  589 09:37:28    -2397.323434        0.246561
MDMin:  590 09:37:30    -2397.323480        0.248856
MDMin:  591 09:37:32    -2397.323532        0.251341
MDMin:  592 09:37:34    -2397.323587        0.253978
MDMin:  593 09:37:35    -2397.323648        0.256710
MDMin:  594 09:37:37    -2397.323713        0.259455
MDMin:  595 09:37:38    -2397.323782        0.262103
MDMin:  596 09:37:40    -2397.323856        0.264516
MDMin:  597 09:37:42    -2397.323933        0.266507
MDMin:  598 09:37:44    -2397.324015        0.267850
MDMin:  599 09:37:46    -2397.324100        0.268293
MDMin:  600 09:37:48    -2397.324188        0.267541
MDMin:  601 09:37:50    -2397.324279        0.265271
MDMin:  602 09:37:52    -2397.324370        0.261303
MDMin:  603 09:37:54    -2397.324447        0.256562
MDMin:  604 09:37:56    -2397.324483        0.253841
MDMin:  605 09:37:58    -2397.324513        0.251437
MDMin:  606 09:38:00    -2397.324546        0.248448
MDMin:  607 09:38:02    -2397.324584        0.244731
MDMin:  608 09:38:04    -2397.324626        0.240167
MDMin:  609 09:38:06    -2397.324673        0.234631
MDMin:  610 09:38:08    -2397.324723        0.239849
MDMin:  611 09:38:09    -2397.324779        0.246087
MDMin:  612 09:38:11    -2397.324838        0.252824
MDMin:  613 09:38:13    -2397.324901        0.260048
MDMin:  614 09:38:15    -2397.324968        0.267746
MDMin:  615 09:38:16    -2397.325039        0.275900
MDMin:  616 09:38:19    -2397.325114        0.284481
MDMin:  617 09:38:21    -2397.325193        0.293437
MDMin:  618 09:38:23    -2397.325274        0.302639
MDMin:  619 09:38:24    -2397.325354        0.311594
MDMin:  620 09:38:26    -2397.325418        0.318592
MDMin:  621 09:38:27    -2397.325451        0.322120
MDMin:  622 09:38:29    -2397.325481        0.325337
MDMin:  623 09:38:31    -2397.325516        0.328961
MDMin:  624 09:38:32    -2397.325555        0.333026
MDMin:  625 09:38:34    -2397.325598        0.337525
MDMin:  626 09:38:36    -2397.325645        0.342446
MDMin:  627 09:38:38    -2397.325697        0.347775
MDMin:  628 09:38:40    -2397.325746        0.353503
MDMin:  629 09:38:41    -2397.325705        0.359548
MDMin:  630 09:38:43    -2397.325772        0.365912
MDMin:  631 09:38:45    -2397.325764        0.372649
MDMin:  632 09:38:46    -2397.325788        0.379706
MDMin:  633 09:38:48    -2397.325826        0.387058
MDMin:  634 09:38:49    -2397.325810        0.394452
MDMin:  635 09:38:51    -2397.325879        0.401195
MDMin:  636 09:38:52    -2397.325865        0.406034
MDMin:  637 09:38:54    -2397.325909        0.409250
MDMin:  638 09:38:55    -2397.325902        0.412466
MDMin:  639 09:38:56    -2397.325921        0.415987
MDMin:  640 09:38:58    -2397.325906        0.419832
MDMin:  641 09:38:59    -2397.325940        0.423995
MDMin:  642 09:39:00    -2397.325907        0.428426
MDMin:  643 09:39:02    -2397.325964        0.433054
MDMin:  644 09:39:04    -2397.325903        0.437753
MDMin:  645 09:39:06    -2397.325996        0.442352
MDMin:  646 09:39:08    -2397.325893        0.446608
MDMin:  647 09:39:10    -2397.325992        0.450229
MDMin:  648 09:39:12    -2397.325997        0.452900
MDMin:  649 09:39:14    -2397.325954        0.454238
MDMin:  650 09:39:16    -2397.326037        0.454049
MDMin:  651 09:39:18    -2397.326026        0.452728
MDMin:  652 09:39:19    -2397.326025        0.451093
MDMin:  653 09:39:21    -2397.326063        0.449108
MDMin:  654 09:39:23    -2397.325995        0.446531
MDMin:  655 09:39:25    -2397.326043        0.443194
MDMin:  656 09:39:27    -2397.326075        0.438936
MDMin:  657 09:39:29    -2397.325991        0.433659
MDMin:  658 09:39:31    -2397.326049        0.427247
MDMin:  659 09:39:33    -2397.326097        0.419569
MDMin:  660 09:39:35    -2397.325977        0.410600
MDMin:  661 09:39:36    -2397.326039        0.400331
MDMin:  662 09:39:38    -2397.326093        0.410116
MDMin:  663 09:39:39    -2397.326109        0.419614
MDMin:  664 09:39:41    -2397.326031        0.427265
MDMin:  665 09:39:42    -2397.326065        0.432771
MDMin:  666 09:39:44    -2397.326088        0.437974
MDMin:  667 09:39:45    -2397.326111        0.443680
MDMin:  668 09:39:46    -2397.326134        0.450052
MDMin:  669 09:39:48    -2397.326129        0.457135
MDMin:  670 09:39:50    -2397.326048        0.464880
MDMin:  671 09:39:52    -2397.326083        0.473319
MDMin:  672 09:39:54    -2397.326113        0.482480
MDMin:  673 09:39:56    -2397.326140        0.492334
MDMin:  674 09:39:58    -2397.326151        0.502739
MDMin:  675 09:40:00    -2397.326017        0.513122
MDMin:  676 09:40:02    -2397.326049        0.522331
MDMin:  677 09:40:04    -2397.326066        0.529217
MDMin:  678 09:40:06    -2397.326078        0.534965
MDMin:  679 09:40:08    -2397.326089        0.541011
MDMin:  680 09:40:10    -2397.326100        0.547737
MDMin:  681 09:40:12    -2397.326110        0.555242
MDMin:  682 09:40:13    -2397.326120        0.563570
MDMin:  683 09:40:14    -2397.326129        0.572746
MDMin:  684 09:40:16    -2397.326137        0.582775
MDMin:  685 09:40:18    -2397.326143        0.593629
MDMin:  686 09:40:19    -2397.326148        0.605204
MDMin:  687 09:40:21    -2397.326151        0.617203
MDMin:  688 09:40:23    -2397.326152        0.628868
MDMin:  689 09:40:24    -2397.326152        0.638809
MDMin:  690 09:40:26    -2397.326151        0.646488
MDMin:  691 09:40:27    -2397.326149        0.653494
MDMin:  692 09:40:28    -2397.326147        0.660898
MDMin:  693 09:40:30    -2397.326144        0.669018
MDMin:  694 09:40:31    -2397.326140        0.677954
MDMin:  695 09:40:33    -2397.326135        0.687770
MDMin:  696 09:40:34    -2397.326129        0.698526
MDMin:  697 09:40:36    -2397.326122        0.710280
MDMin:  698 09:40:37    -2397.326113        0.723020
MDMin:  699 09:40:39    -2397.326103        0.736509
MDMin:  700 09:40:41    -2397.326091        0.749990
MDMin:  701 09:40:43    -2397.326080        0.761948
MDMin:  702 09:40:45    -2397.326070        0.770852
MDMin:  703 09:40:47    -2397.326060        0.776685
MDMin:  704 09:40:49    -2397.326052        0.780460
MDMin:  705 09:40:51    -2397.326042        0.782278
MDMin:  706 09:40:53    -2397.326031        0.781443
MDMin:  707 09:40:55    -2397.326019        0.777052
MDMin:  708 09:40:57    -2397.326005        0.768447
MDMin:  709 09:40:59    -2397.325990        0.755338
MDMin:  710 09:41:01    -2397.325973        0.738178
MDMin:  711 09:41:03    -2397.325954        0.718410
MDMin:  712 09:41:05    -2397.325936        0.698609
MDMin:  713 09:41:07    -2397.325919        0.682138
MDMin:  714 09:41:09    -2397.325906        0.670053
MDMin:  715 09:41:10    -2397.325894        0.659579
MDMin:  716 09:41:12    -2397.325881        0.649222
MDMin:  717 09:41:14    -2397.325866        0.638830
MDMin:  718 09:41:15    -2397.325849        0.628644
MDMin:  719 09:41:17    -2397.325831        0.619023
MDMin:  720 09:41:18    -2397.325811        0.610408
MDMin:  721 09:41:19    -2397.325788        0.603251
MDMin:  722 09:41:21    -2397.325765        0.597984
MDMin:  723 09:41:22    -2397.325741        0.594918
MDMin:  724 09:41:24    -2397.325719        0.593938
MDMin:  725 09:41:25    -2397.325702        0.594304
MDMin:  726 09:41:27    -2397.325687        0.595437
MDMin:  727 09:41:29    -2397.325671        0.597411
MDMin:  728 09:41:30    -2397.325654        0.600492
MDMin:  729 09:41:32    -2397.325635        0.604969
MDMin:  730 09:41:34    -2397.325615        0.611154
MDMin:  731 09:41:36    -2397.325592        0.619380
MDMin:  732 09:41:38    -2397.325568        0.629993
MDMin:  733 09:41:40    -2397.325543        0.643330
MDMin:  734 09:41:41    -2397.325516        0.659619
MDMin:  735 09:41:43    -2397.325489        0.678734
MDMin:  736 09:41:44    -2397.325463        0.699704
MDMin:  737 09:41:46    -2397.325440        0.720507
MDMin:  738 09:41:48    -2397.325420        0.740025
MDMin:  739 09:41:50    -2397.325401        0.759836
MDMin:  740 09:41:52    -2397.325382        0.781863
MDMin:  741 09:41:54    -2397.325362        0.807304
MDMin:  742 09:41:55    -2397.325340        0.836955
MDMin:  743 09:41:56    -2397.325317        0.871491
MDMin:  744 09:41:58    -2397.325293        0.911573
MDMin:  745 09:41:59    -2397.325268        0.957868
MDMin:  746 09:42:00    -2397.325241        1.011023
MDMin:  747 09:42:02    -2397.325214        1.071491
MDMin:  748 09:42:03    -2397.325187        1.139433
MDMin:  749 09:42:04    -2397.325159        1.214309
MDMin:  750 09:42:06    -2397.325133        1.294743
MDMin:  751 09:42:07    -2397.325107        1.378452
MDMin:  752 09:42:09    -2397.325083        1.463218
MDMin:  753 09:42:10    -2397.325059        1.548043
MDMin:  754 09:42:11    -2397.325037        1.632912
MDMin:  755 09:42:13    -2397.325013        1.717838
MDMin:  756 09:42:14    -2397.324990        1.802207
MDMin:  757 09:42:16    -2397.324966        1.884806
MDMin:  758 09:42:18    -2397.324941        1.963741
MDMin:  759 09:42:20    -2397.324915        2.036241
MDMin:  760 09:42:22    -2397.324888        2.098405
MDMin:  761 09:42:24    -2397.324861        2.145171
MDMin:  762 09:42:26    -2397.324832        2.170245
MDMin:  763 09:42:28    -2397.324803        2.163946
MDMin:  764 09:42:30    -2397.324774        2.110060
MDMin:  765 09:42:32    -2397.324746        1.983329
MDMin:  766 09:42:34    -2397.324721        1.753520
MDMin:  767 09:42:35    -2397.324698        1.393441
MDMin:  768 09:42:37    -2397.324675        1.009962
MDMin:  769 09:42:38    -2397.324652        1.204690
MDMin:  770 09:42:39    -2397.324632        3.119539
MDMin:  771 09:42:41    -2397.324622        3.220905
MDMin:  772 09:42:42    -2397.324610        3.119500
MDMin:  773 09:42:43    -2397.324597        2.989642
MDMin:  774 09:42:45    -2397.324581        2.859114
MDMin:  775 09:42:46    -2397.324562        2.722669
MDMin:  776 09:42:48    -2397.324540        2.570858
MDMin:  777 09:42:50    -2397.324515        2.405714
MDMin:  778 09:42:52    -2397.324485        2.234749
MDMin:  779 09:42:54    -2397.324450        2.044196
MDMin:  780 09:42:56    -2397.324409        1.800472
MDMin:  781 09:42:58    -2397.324361        1.501285
MDMin:  782 09:42:59    -2397.324303        1.202266
MDMin:  783 09:43:00    -2397.324239        0.990748
MDMin:  784 09:43:02    -2397.324169        0.873238
MDMin:  785 09:43:04    -2397.324090        0.808097
MDMin:  786 09:43:06    -2397.324002        0.783799
MDMin:  787 09:43:08    -2397.323930        1.832831
MDMin:  788 09:43:10    -2397.323929        1.706687
MDMin:  789 09:43:12    -2397.323925        1.329234
MDMin:  790 09:43:13    -2397.323919        0.799342
MDMin:  791 09:43:15    -2397.323907        0.804480
MDMin:  792 09:43:18    -2397.323892        0.811063
MDMin:  793 09:43:20    -2397.323875        0.818513
MDMin:  794 09:43:22    -2397.323855        0.826836
MDMin:  795 09:43:24    -2397.323833        0.836048
MDMin:  796 09:43:26    -2397.323809        0.846210
MDMin:  797 09:43:28    -2397.323782        0.857448
MDMin:  798 09:43:30    -2397.323753        0.869945
MDMin:  799 09:43:32    -2397.323722        0.883897
MDMin:  800 09:43:34    -2397.323689        0.899390
MDMin:  801 09:43:36    -2397.323653        0.916181
MDMin:  802 09:43:38    -2397.323615        0.933366
MDMin:  803 09:43:40    -2397.323576        0.949036
MDMin:  804 09:43:41    -2397.323535        0.960246
MDMin:  805 09:43:42    -2397.323497        0.964375
MDMin:  806 09:43:44    -2397.323472        0.963514
MDMin:  807 09:43:47    -2397.323459        0.961809
MDMin:  808 09:43:49    -2397.323444        0.958542
MDMin:  809 09:43:51    -2397.323427        0.952978
MDMin:  810 09:43:53    -2397.323407        0.944392
MDMin:  811 09:43:55    -2397.323385        0.932012
MDMin:  812 09:43:57    -2397.323361        0.915078
MDMin:  813 09:43:59    -2397.323334        0.892922
MDMin:  814 09:44:01    -2397.323304        0.865091
MDMin:  815 09:44:03    -2397.323272        0.831482
MDMin:  816 09:44:05    -2397.323236        0.792410
MDMin:  817 09:44:07    -2397.323197        0.748573
MDMin:  818 09:44:09    -2397.323155        0.701440
MDMin:  819 09:44:11    -2397.323110        0.654357
MDMin:  820 09:44:13    -2397.323073        0.618456
MDMin:  821 09:44:15    -2397.323062        0.608381
MDMin:  822 09:44:17    -2397.323048        0.596811
MDMin:  823 09:44:18    -2397.323032        0.583671
MDMin:  824 09:44:20    -2397.323014        0.569144
MDMin:  825 09:44:21    -2397.322994        0.553459
MDMin:  826 09:44:23    -2397.322971        0.536890
MDMin:  827 09:44:25    -2397.322945        0.519752
MDMin:  828 09:44:27    -2397.322917        0.502392
MDMin:  829 09:44:29    -2397.322887        0.485174
MDMin:  830 09:44:31    -2397.322854        0.468458
MDMin:  831 09:44:33    -2397.322819        0.452570
MDMin:  832 09:44:34    -2397.322781        0.437780
MDMin:  833 09:44:36    -2397.322740        0.424262
MDMin:  834 09:44:38    -2397.322697        0.412075
MDMin:  835 09:44:39    -2397.322652        0.401203
MDMin:  836 09:44:41    -2397.322607        0.392003
MDMin:  837 09:44:43    -2397.322581        0.441188
MDMin:  838 09:44:44    -2397.322574        0.386115
MDMin:  839 09:44:45    -2397.322565        0.384502
MDMin:  840 09:44:46    -2397.322553        0.382494
MDMin:  841 09:44:48    -2397.322539        0.380140
MDMin:  842 09:44:50    -2397.322522        0.377437
MDMin:  843 09:44:52    -2397.322504        0.374374
MDMin:  844 09:44:53    -2397.322483        0.370933
MDMin:  845 09:44:55    -2397.322461        0.367083
MDMin:  846 09:44:57    -2397.322436        0.362785
MDMin:  847 09:44:59    -2397.322408        0.358004
MDMin:  848 09:45:01    -2397.322379        0.352708
MDMin:  849 09:45:02    -2397.322347        0.346825
MDMin:  850 09:45:04    -2397.322313        0.340273
MDMin:  851 09:45:06    -2397.322276        0.332931
MDMin:  852 09:45:07    -2397.322238        0.324637
MDMin:  853 09:45:09    -2397.322196        0.315194
MDMin:  854 09:45:11    -2397.322153        0.304431
MDMin:  855 09:45:13    -2397.322111        0.292949
MDMin:  856 09:45:15    -2397.322088        0.329553
MDMin:  857 09:45:16    -2397.322083        0.284573
MDMin:  858 09:45:18    -2397.322075        0.282262
MDMin:  859 09:45:20    -2397.322066        0.279196
MDMin:  860 09:45:22    -2397.322054        0.275468
MDMin:  861 09:45:23    -2397.322040        0.271050
MDMin:  862 09:45:25    -2397.322025        0.265911
MDMin:  863 09:45:26    -2397.322007        0.260021
MDMin:  864 09:45:28    -2397.321988        0.253358
MDMin:  865 09:45:29    -2397.321967        0.245907
MDMin:  866 09:45:31    -2397.321944        0.237669
MDMin:  867 09:45:32    -2397.321919        0.228664
MDMin:  868 09:45:33    -2397.321892        0.218942
MDMin:  869 09:45:35    -2397.321864        0.208584
MDMin:  870 09:45:36    -2397.321834        0.197707
MDMin:  871 09:45:37    -2397.321802        0.186466
MDMin:  872 09:45:39    -2397.321768        0.175044
MDMin:  873 09:45:41    -2397.321733        0.163646
MDMin:  874 09:45:43    -2397.321696        0.152489
MDMin:  875 09:45:44    -2397.321659        0.141912
