       Step     Time          Energy          fmax
MDMin:    0 10:07:09    -2393.807794        7.922422
MDMin:    1 10:07:11    -2393.808747        7.823154
MDMin:    2 10:07:13    -2393.811595        7.290070
MDMin:    3 10:07:14    -2393.816349        7.050456
MDMin:    4 10:07:16    -2393.823140        6.462509
MDMin:    5 10:07:17    -2393.832398        4.803571
MDMin:    6 10:07:19    -2393.844812        4.459819
MDMin:    7 10:07:20    -2393.861110        2.574831
MDMin:    8 10:07:21    -2393.883465        2.463579
MDMin:    9 10:07:22    -2393.913724        2.196694
MDMin:   10 10:07:24    -2393.951628        1.611832
MDMin:   11 10:07:26    -2394.003470        0.994525
MDMin:   12 10:07:27    -2394.081185        1.018397
MDMin:   13 10:07:29    -2394.181945        1.754826
MDMin:   14 10:07:31    -2394.256803        2.159198
MDMin:   15 10:07:32    -2394.303608        1.901269
MDMin:   16 10:07:34    -2394.367131        1.917966
MDMin:   17 10:07:36    -2394.453823        1.889498
MDMin:   18 10:07:38    -2394.575627        1.876206
MDMin:   19 10:07:39    -2394.748500        2.081769
MDMin:   20 10:07:41    -2394.981057        2.184468
MDMin:   21 10:07:43    -2395.233481        2.139741
MDMin:   22 10:07:44    -2395.393147        1.805240
MDMin:   23 10:07:45    -2395.562740        1.751216
MDMin:   24 10:07:47    -2395.736656        1.677352
MDMin:   25 10:07:48    -2395.921849        1.746935
MDMin:   26 10:07:50    -2396.124066        1.727784
MDMin:   27 10:07:52    -2396.298193        1.491849
MDMin:   28 10:07:53    -2396.413127        1.136418
MDMin:   29 10:07:55    -2396.494789        0.953297
MDMin:   30 10:07:57    -2396.537574        3.429139
MDMin:   31 10:07:59    -2396.538313        2.977017
MDMin:   32 10:08:01    -2396.540600        1.863270
MDMin:   33 10:08:03    -2396.545069        0.691466
MDMin:   34 10:08:04    -2396.552297        0.666173
MDMin:   35 10:08:05    -2396.560904        0.642043
MDMin:   36 10:08:06    -2396.570605        0.615961
MDMin:   37 10:08:08    -2396.581322        0.588845
MDMin:   38 10:08:09    -2396.592997        0.561722
MDMin:   39 10:08:10    -2396.605591        0.535646
MDMin:   40 10:08:11    -2396.619079        0.511589
MDMin:   41 10:08:13    -2396.633449        0.492589
MDMin:   42 10:08:14    -2396.648691        0.489774
MDMin:   43 10:08:15    -2396.663292        0.494479
MDMin:   44 10:08:16    -2396.679011        0.498570
MDMin:   45 10:08:18    -2396.695502        0.501953
MDMin:   46 10:08:20    -2396.712748        0.504756
MDMin:   47 10:08:21    -2396.730737        0.507216
MDMin:   48 10:08:22    -2396.749426        0.509487
MDMin:   49 10:08:24    -2396.768303        0.563330
MDMin:   50 10:08:25    -2396.783209        1.062437
MDMin:   51 10:08:26    -2396.788035        0.514248
MDMin:   52 10:08:27    -2396.794033        0.515102
MDMin:   53 10:08:29    -2396.800917        0.516115
MDMin:   54 10:08:30    -2396.808719        0.517295
MDMin:   55 10:08:32    -2396.816667        0.518648
MDMin:   56 10:08:34    -2396.825285        0.520174
MDMin:   57 10:08:36    -2396.834497        0.521893
MDMin:   58 10:08:37    -2396.844229        0.529871
MDMin:   59 10:08:39    -2396.854388        0.539819
MDMin:   60 10:08:40    -2396.864867        0.551619
MDMin:   61 10:08:41    -2396.875549        0.565689
MDMin:   62 10:08:43    -2396.886310        0.582608
MDMin:   63 10:08:44    -2396.897028        0.603107
MDMin:   64 10:08:46    -2396.907577        0.627922
MDMin:   65 10:08:47    -2396.917755        0.657190
MDMin:   66 10:08:48    -2396.926927        0.691276
MDMin:   67 10:08:50    -2396.933101        0.821029
MDMin:   68 10:08:51    -2396.936214        0.723392
MDMin:   69 10:08:52    -2396.939604        0.736293
MDMin:   70 10:08:54    -2396.943389        0.750151
MDMin:   71 10:08:55    -2396.947560        0.764129
MDMin:   72 10:08:56    -2396.952111        0.776903
MDMin:   73 10:08:57    -2396.957045        0.786552
MDMin:   74 10:08:58    -2396.962378        0.790489
MDMin:   75 10:09:00    -2396.968140        0.785480
MDMin:   76 10:09:01    -2396.974379        0.767885
MDMin:   77 10:09:02    -2396.981165        0.734451
MDMin:   78 10:09:04    -2396.988582        0.684076
MDMin:   79 10:09:05    -2396.996720        0.620346
MDMin:   80 10:09:06    -2397.001983        0.639065
MDMin:   81 10:09:07    -2397.006649        0.665707
MDMin:   82 10:09:09    -2397.010880        0.925367
MDMin:   83 10:09:10    -2397.012907        0.694715
MDMin:   84 10:09:11    -2397.014361        0.699465
MDMin:   85 10:09:13    -2397.016087        0.703892
MDMin:   86 10:09:14    -2397.018088        0.707253
MDMin:   87 10:09:15    -2397.020374        0.708622
MDMin:   88 10:09:17    -2397.022958        0.706898
MDMin:   89 10:09:18    -2397.025857        0.700877
MDMin:   90 10:09:19    -2397.029089        0.689413
MDMin:   91 10:09:21    -2397.032680        0.671671
MDMin:   92 10:09:22    -2397.036663        0.647466
MDMin:   93 10:09:23    -2397.041076        0.617598
MDMin:   94 10:09:24    -2397.045966        0.584036
MDMin:   95 10:09:26    -2397.051390        0.549777
MDMin:   96 10:09:27    -2397.057417        0.533103
MDMin:   97 10:09:28    -2397.064127        0.539268
MDMin:   98 10:09:30    -2397.071619        0.541652
MDMin:   99 10:09:32    -2397.080009        0.539090
MDMin:  100 10:09:33    -2397.089413        0.530677
MDMin:  101 10:09:35    -2397.099790        0.516406
MDMin:  102 10:09:36    -2397.109636        0.997796
MDMin:  103 10:09:37    -2397.114396        0.510122
MDMin:  104 10:09:39    -2397.117774        0.507664
MDMin:  105 10:09:40    -2397.121761        0.507412
MDMin:  106 10:09:41    -2397.126449        0.507239
MDMin:  107 10:09:42    -2397.131886        0.507197
MDMin:  108 10:09:44    -2397.138125        0.507346
MDMin:  109 10:09:45    -2397.145220        0.507757
MDMin:  110 10:09:46    -2397.153224        0.508520
MDMin:  111 10:09:48    -2397.162185        0.509754
MDMin:  112 10:09:49    -2397.172134        0.511621
MDMin:  113 10:09:50    -2397.183088        0.514354
MDMin:  114 10:09:51    -2397.190834        0.876356
MDMin:  115 10:09:53    -2397.190919        0.752018
MDMin:  116 10:09:55    -2397.190313        0.656474
MDMin:  117 10:09:58    -2397.188458        0.584493
MDMin:  118 10:09:59    -2397.187948        0.544489
MDMin:  119 10:10:01    -2397.187177        0.558047
MDMin:  120 10:10:03    -2397.186211        0.576114
MDMin:  121 10:10:04    -2397.185166        0.598006
MDMin:  122 10:10:06    -2397.184338        0.841970
MDMin:  123 10:10:07    -2397.183928        0.627352
MDMin:  124 10:10:09    -2397.183504        0.638081
MDMin:  125 10:10:10    -2397.183028        0.650289
MDMin:  126 10:10:12    -2397.182500        0.663699
MDMin:  127 10:10:14    -2397.181926        0.677687
MDMin:  128 10:10:16    -2397.181310        0.691237
MDMin:  129 10:10:17    -2397.180657        0.702844
MDMin:  130 10:10:19    -2397.179972        0.710472
MDMin:  131 10:10:21    -2397.179256        0.711533
MDMin:  132 10:10:22    -2397.178509        0.702921
MDMin:  133 10:10:23    -2397.177733        0.681594
MDMin:  134 10:10:25    -2397.176936        0.646331
MDMin:  135 10:10:26    -2397.176134        0.610115
MDMin:  136 10:10:28    -2397.175390        0.647809
MDMin:  137 10:10:30    -2397.174884        0.761172
MDMin:  138 10:10:31    -2397.174631        0.612685
MDMin:  139 10:10:33    -2397.174361        0.611819
MDMin:  140 10:10:35    -2397.174054        0.610553
MDMin:  141 10:10:36    -2397.173712        0.608857
MDMin:  142 10:10:38    -2397.173337        0.606744
MDMin:  143 10:10:39    -2397.172933        0.604289
MDMin:  144 10:10:40    -2397.172502        0.601677
MDMin:  145 10:10:41    -2397.172048        0.599213
MDMin:  146 10:10:43    -2397.171575        0.597361
MDMin:  147 10:10:44    -2397.171087        0.596780
MDMin:  148 10:10:46    -2397.170589        0.598372
MDMin:  149 10:10:47    -2397.170087        0.603344
MDMin:  150 10:10:48    -2397.169585        0.613252
MDMin:  151 10:10:49    -2397.169091        0.629961
MDMin:  152 10:10:50    -2397.168622        0.654966
MDMin:  153 10:10:52    -2397.168223        0.777764
MDMin:  154 10:10:53    -2397.167982        0.710577
MDMin:  155 10:10:54    -2397.167827        0.729100
MDMin:  156 10:10:56    -2397.167660        0.751564
MDMin:  157 10:10:58    -2397.167476        0.779209
MDMin:  158 10:10:59    -2397.167276        0.812434
MDMin:  159 10:11:01    -2397.167064        0.850992
MDMin:  160 10:11:03    -2397.166840        0.893407
MDMin:  161 10:11:04    -2397.166608        0.936206
MDMin:  162 10:11:06    -2397.166369        0.973251
MDMin:  163 10:11:07    -2397.166124        0.995925
MDMin:  164 10:11:08    -2397.165875        0.995075
MDMin:  165 10:11:10    -2397.165622        0.964933
MDMin:  166 10:11:12    -2397.165365        0.906815
MDMin:  167 10:11:14    -2397.165106        0.829694
MDMin:  168 10:11:16    -2397.164847        0.828555
MDMin:  169 10:11:18    -2397.164603        0.832707
MDMin:  170 10:11:20    -2397.164432        1.030365
MDMin:  171 10:11:22    -2397.164358        0.822975
MDMin:  172 10:11:24    -2397.164272        0.816190
MDMin:  173 10:11:25    -2397.164176        0.807048
MDMin:  174 10:11:27    -2397.164069        0.818189
MDMin:  175 10:11:28    -2397.163952        0.832409
MDMin:  176 10:11:29    -2397.163827        0.849870
MDMin:  177 10:11:31    -2397.163693        0.869842
MDMin:  178 10:11:32    -2397.163553        0.889871
MDMin:  179 10:11:34    -2397.163407        0.904891
MDMin:  180 10:11:36    -2397.163256        0.906995
MDMin:  181 10:11:38    -2397.163102        0.887004
MDMin:  182 10:11:39    -2397.162944        0.838519
MDMin:  183 10:11:41    -2397.162784        0.762935
MDMin:  184 10:11:42    -2397.162623        0.670738
MDMin:  185 10:11:43    -2397.162465        0.638821
MDMin:  186 10:11:45    -2397.162332        1.016897
MDMin:  187 10:11:46    -2397.162278        0.641500
MDMin:  188 10:11:48    -2397.162241        0.641662
MDMin:  189 10:11:49    -2397.162198        0.641740
MDMin:  190 10:11:50    -2397.162150        0.641667
MDMin:  191 10:11:52    -2397.162097        0.641342
MDMin:  192 10:11:53    -2397.162038        0.640630
MDMin:  193 10:11:54    -2397.161976        0.639353
MDMin:  194 10:11:56    -2397.161909        0.637296
MDMin:  195 10:11:57    -2397.161839        0.634233
MDMin:  196 10:11:58    -2397.161765        0.629967
MDMin:  197 10:12:00    -2397.161690        0.624385
MDMin:  198 10:12:01    -2397.161612        0.617499
MDMin:  199 10:12:03    -2397.161533        0.609443
MDMin:  200 10:12:05    -2397.161454        0.600403
MDMin:  201 10:12:06    -2397.161377        0.610428
MDMin:  202 10:12:08    -2397.161307        0.680190
MDMin:  203 10:12:10    -2397.161270        0.761866
MDMin:  204 10:12:12    -2397.161258        0.647484
MDMin:  205 10:12:14    -2397.161242        0.651346
MDMin:  206 10:12:16    -2397.161223        0.655542
MDMin:  207 10:12:17    -2397.161201        0.659730
MDMin:  208 10:12:18    -2397.161177        0.663418
MDMin:  209 10:12:19    -2397.161151        0.665909
MDMin:  210 10:12:21    -2397.161123        0.666240
MDMin:  211 10:12:23    -2397.161093        0.663174
MDMin:  212 10:12:25    -2397.161063        0.655289
MDMin:  213 10:12:26    -2397.161031        0.641200
MDMin:  214 10:12:28    -2397.160998        0.619946
MDMin:  215 10:12:29    -2397.160965        0.591453
MDMin:  216 10:12:30    -2397.160932        0.556831
MDMin:  217 10:12:32    -2397.160900        0.518201
MDMin:  218 10:12:34    -2397.160870        0.478185
MDMin:  219 10:12:36    -2397.160842        0.439114
MDMin:  220 10:12:37    -2397.160817        0.402724
MDMin:  221 10:12:39    -2397.160799        0.707196
MDMin:  222 10:12:40    -2397.160794        0.432443
MDMin:  223 10:12:41    -2397.160793        0.359848
MDMin:  224 10:12:42    -2397.160791        0.355564
MDMin:  225 10:12:44    -2397.160788        0.350201
MDMin:  226 10:12:45    -2397.160786        0.343933
MDMin:  227 10:12:47    -2397.160783        0.336849
MDMin:  228 10:12:48    -2397.160781        0.329042
MDMin:  229 10:12:49    -2397.160779        0.320615
MDMin:  230 10:12:50    -2397.160778        0.311674
MDMin:  231 10:12:52    -2397.160778        0.307828
MDMin:  232 10:12:54    -2397.160780        0.309148
MDMin:  233 10:12:55    -2397.160784        0.310722
MDMin:  234 10:12:56    -2397.160790        0.312563
MDMin:  235 10:12:58    -2397.160800        0.314672
MDMin:  236 10:12:59    -2397.160813        0.317042
MDMin:  237 10:13:01    -2397.160830        0.319640
MDMin:  238 10:13:03    -2397.160853        0.322416
MDMin:  239 10:13:05    -2397.160882        0.325331
MDMin:  240 10:13:07    -2397.160918        0.328254
MDMin:  241 10:13:09    -2397.160961        0.330944
MDMin:  242 10:13:11    -2397.161007        0.552493
MDMin:  243 10:13:12    -2397.161025        0.333344
MDMin:  244 10:13:14    -2397.161035        0.333547
MDMin:  245 10:13:16    -2397.161048        0.333771
MDMin:  246 10:13:18    -2397.161064        0.333978
MDMin:  247 10:13:20    -2397.161084        0.334127
MDMin:  248 10:13:22    -2397.161107        0.334170
MDMin:  249 10:13:24    -2397.161133        0.334046
MDMin:  250 10:13:26    -2397.161165        0.333685
MDMin:  251 10:13:27    -2397.161200        0.333005
MDMin:  252 10:13:29    -2397.161241        0.331919
MDMin:  253 10:13:31    -2397.161288        0.330338
MDMin:  254 10:13:33    -2397.161342        0.328184
MDMin:  255 10:13:35    -2397.161402        0.325396
MDMin:  256 10:13:37    -2397.161471        0.321939
MDMin:  257 10:13:38    -2397.161548        0.317816
MDMin:  258 10:13:40    -2397.161635        0.313067
MDMin:  259 10:13:42    -2397.161734        0.307764
MDMin:  260 10:13:44    -2397.161844        0.301999
MDMin:  261 10:13:46    -2397.161968        0.295886
MDMin:  262 10:13:48    -2397.162103        0.289668
MDMin:  263 10:13:50    -2397.162217        0.566551
MDMin:  264 10:13:52    -2397.162248        0.283495
MDMin:  265 10:13:54    -2397.162292        0.281776
MDMin:  266 10:13:56    -2397.162342        0.279812
MDMin:  267 10:13:58    -2397.162401        0.278843
MDMin:  268 10:14:00    -2397.162468        0.279450
MDMin:  269 10:14:01    -2397.162544        0.280125
MDMin:  270 10:14:03    -2397.162630        0.280873
MDMin:  271 10:14:05    -2397.162726        0.281703
MDMin:  272 10:14:07    -2397.162834        0.282642
MDMin:  273 10:14:09    -2397.162953        0.283719
MDMin:  274 10:14:11    -2397.163085        0.287254
MDMin:  275 10:14:13    -2397.163231        0.291597
MDMin:  276 10:14:15    -2397.163389        0.296264
MDMin:  277 10:14:16    -2397.163554        0.301056
MDMin:  278 10:14:17    -2397.163695        0.359469
MDMin:  279 10:14:19    -2397.163771        0.307144
MDMin:  280 10:14:21    -2397.163841        0.309056
MDMin:  281 10:14:23    -2397.163920        0.311251
MDMin:  282 10:14:25    -2397.164011        0.313775
MDMin:  283 10:14:27    -2397.164115        0.316642
MDMin:  284 10:14:29    -2397.164232        0.319853
MDMin:  285 10:14:31    -2397.164362        0.323399
MDMin:  286 10:14:33    -2397.164507        0.327249
MDMin:  287 10:14:35    -2397.164668        0.331338
MDMin:  288 10:14:37    -2397.164844        0.335549
MDMin:  289 10:14:38    -2397.165037        0.339680
MDMin:  290 10:14:39    -2397.165246        0.343414
MDMin:  291 10:14:41    -2397.165468        0.346284
MDMin:  292 10:14:43    -2397.165687        0.347747
MDMin:  293 10:14:44    -2397.165858        0.347784
MDMin:  294 10:14:45    -2397.165965        0.347274
MDMin:  295 10:14:47    -2397.166072        0.346375
MDMin:  296 10:14:48    -2397.166193        0.344872
MDMin:  297 10:14:50    -2397.166331        0.342529
MDMin:  298 10:14:51    -2397.166486        0.339081
MDMin:  299 10:14:53    -2397.166660        0.334236
MDMin:  300 10:14:55    -2397.166854        0.327696
MDMin:  301 10:14:57    -2397.167068        0.319186
MDMin:  302 10:14:58    -2397.167304        0.308493
MDMin:  303 10:15:00    -2397.167563        0.295519
MDMin:  304 10:15:02    -2397.167845        0.285882
MDMin:  305 10:15:04    -2397.168148        0.282398
MDMin:  306 10:15:06    -2397.168453        0.286141
MDMin:  307 10:15:08    -2397.168704        0.354318
MDMin:  308 10:15:11    -2397.168860        0.290570
MDMin:  309 10:15:13    -2397.169003        0.291963
MDMin:  310 10:15:15    -2397.169167        0.293440
MDMin:  311 10:15:16    -2397.169354        0.294989
MDMin:  312 10:15:17    -2397.169565        0.296557
MDMin:  313 10:15:18    -2397.169804        0.298076
MDMin:  314 10:15:19    -2397.170070        0.299464
MDMin:  315 10:15:21    -2397.170366        0.300626
MDMin:  316 10:15:22    -2397.170693        0.301459
MDMin:  317 10:15:23    -2397.171054        0.301851
MDMin:  318 10:15:25    -2397.171447        0.301700
MDMin:  319 10:15:26    -2397.171861        0.300946
MDMin:  320 10:15:27    -2397.172245        0.336172
MDMin:  321 10:15:28    -2397.172495        0.298720
MDMin:  322 10:15:29    -2397.172674        0.297881
MDMin:  323 10:15:31    -2397.172871        0.296877
MDMin:  324 10:15:32    -2397.173099        0.295628
MDMin:  325 10:15:33    -2397.173358        0.294094
MDMin:  326 10:15:34    -2397.173652        0.292237
MDMin:  327 10:15:36    -2397.173982        0.290016
MDMin:  328 10:15:37    -2397.174350        0.287397
MDMin:  329 10:15:38    -2397.174758        0.284345
MDMin:  330 10:15:40    -2397.175209        0.280835
MDMin:  331 10:15:41    -2397.175704        0.276856
MDMin:  332 10:15:43    -2397.176239        0.272454
MDMin:  333 10:15:44    -2397.176780        0.268340
MDMin:  334 10:15:45    -2397.177199        0.331830
MDMin:  335 10:15:47    -2397.177418        0.265627
MDMin:  336 10:15:48    -2397.177652        0.264583
MDMin:  337 10:15:49    -2397.177921        0.263379
MDMin:  338 10:15:51    -2397.178229        0.262007
MDMin:  339 10:15:52    -2397.178578        0.260463
MDMin:  340 10:15:54    -2397.178969        0.258745
MDMin:  341 10:15:56    -2397.179404        0.256854
MDMin:  342 10:15:57    -2397.179886        0.254795
MDMin:  343 10:15:59    -2397.180414        0.252580
MDMin:  344 10:16:00    -2397.180992        0.250228
MDMin:  345 10:16:02    -2397.181619        0.247772
MDMin:  346 10:16:03    -2397.181520        0.245279
MDMin:  347 10:16:04    -2397.181373        0.242942
MDMin:  348 10:16:05    -2397.181262        0.294068
MDMin:  349 10:16:07    -2397.181204        0.240470
MDMin:  350 10:16:09    -2397.181138        0.239822
MDMin:  351 10:16:11    -2397.181061        0.241180
MDMin:  352 10:16:13    -2397.180972        0.242781
MDMin:  353 10:16:15    -2397.180870        0.244646
MDMin:  354 10:16:17    -2397.180756        0.246791
MDMin:  355 10:16:19    -2397.180629        0.249234
MDMin:  356 10:16:21    -2397.180488        0.251989
MDMin:  357 10:16:23    -2397.180334        0.255067
MDMin:  358 10:16:25    -2397.180166        0.258476
MDMin:  359 10:16:26    -2397.179985        0.262218
MDMin:  360 10:16:28    -2397.179791        0.266284
MDMin:  361 10:16:30    -2397.179587        0.270639
MDMin:  362 10:16:31    -2397.179380        0.275101
MDMin:  363 10:16:32    -2397.179203        0.309586
MDMin:  364 10:16:34    -2397.179110        0.280882
MDMin:  365 10:16:36    -2397.179038        0.282406
MDMin:  366 10:16:38    -2397.178956        0.284160
MDMin:  367 10:16:40    -2397.178863        0.286177
MDMin:  368 10:16:42    -2397.178760        0.288462
MDMin:  369 10:16:43    -2397.178646        0.291013
MDMin:  370 10:16:44    -2397.178522        0.293835
MDMin:  371 10:16:45    -2397.178388        0.296928
MDMin:  372 10:16:46    -2397.178245        0.300292
MDMin:  373 10:16:48    -2397.178094        0.303930
MDMin:  374 10:16:50    -2397.177935        0.307847
MDMin:  375 10:16:52    -2397.177768        0.312051
MDMin:  376 10:16:53    -2397.177596        0.316553
MDMin:  377 10:16:54    -2397.177419        0.321349
MDMin:  378 10:16:56    -2397.177242        0.326354
MDMin:  379 10:16:57    -2397.177081        0.331094
MDMin:  380 10:16:58    -2397.176973        0.334300
MDMin:  381 10:17:00    -2397.176912        0.336162
MDMin:  382 10:17:02    -2397.176845        0.338220
MDMin:  383 10:17:04    -2397.176770        0.340575
MDMin:  384 10:17:06    -2397.176686        0.343219
MDMin:  385 10:17:09    -2397.176595        0.346124
MDMin:  386 10:17:11    -2397.176496        0.349239
MDMin:  387 10:17:12    -2397.176391        0.352472
MDMin:  388 10:17:14    -2397.176280        0.355678
MDMin:  389 10:17:15    -2397.176163        0.358633
MDMin:  390 10:17:17    -2397.176041        0.361013
MDMin:  391 10:17:19    -2397.175915        0.362367
MDMin:  392 10:17:21    -2397.175786        0.362111
MDMin:  393 10:17:23    -2397.175655        0.359571
MDMin:  394 10:17:25    -2397.175526        0.354210
MDMin:  395 10:17:26    -2397.175411        0.346623
MDMin:  396 10:17:27    -2397.175339        0.340315
MDMin:  397 10:17:28    -2397.175294        0.335900
MDMin:  398 10:17:29    -2397.175246        0.330566
MDMin:  399 10:17:31    -2397.175192        0.323945
MDMin:  400 10:17:32    -2397.175132        0.315857
MDMin:  401 10:17:34    -2397.175068        0.318734
MDMin:  402 10:17:36    -2397.174998        0.323244
MDMin:  403 10:17:38    -2397.174924        0.327784
MDMin:  404 10:17:40    -2397.174847        0.332235
MDMin:  405 10:17:42    -2397.174766        0.336477
MDMin:  406 10:17:43    -2397.174683        0.340389
MDMin:  407 10:17:45    -2397.174598        0.343858
MDMin:  408 10:17:46    -2397.174513        0.346789
MDMin:  409 10:17:47    -2397.174429        0.349080
MDMin:  410 10:17:49    -2397.174356        0.350547
MDMin:  411 10:17:50    -2397.174312        0.351046
MDMin:  412 10:17:51    -2397.174289        0.351180
MDMin:  413 10:17:53    -2397.174263        0.351298
MDMin:  414 10:17:55    -2397.174234        0.351397
MDMin:  415 10:17:57    -2397.174202        0.351468
MDMin:  416 10:17:58    -2397.174168        0.351506
MDMin:  417 10:17:59    -2397.174132        0.351516
MDMin:  418 10:18:01    -2397.174095        0.351509
MDMin:  419 10:18:03    -2397.174058        0.351511
MDMin:  420 10:18:05    -2397.174021        0.351562
MDMin:  421 10:18:07    -2397.173985        0.351721
MDMin:  422 10:18:09    -2397.173951        0.352073
MDMin:  423 10:18:11    -2397.173921        0.352725
MDMin:  424 10:18:13    -2397.173896        0.353810
MDMin:  425 10:18:15    -2397.173877        0.355443
MDMin:  426 10:18:17    -2397.173867        0.359926
MDMin:  427 10:18:18    -2397.173864        0.358486
MDMin:  428 10:18:20    -2397.173864        0.359146
MDMin:  429 10:18:21    -2397.173864        0.360032
MDMin:  430 10:18:23    -2397.173865        0.361192
MDMin:  431 10:18:24    -2397.173868        0.362686
MDMin:  432 10:18:26    -2397.173874        0.364586
MDMin:  433 10:18:27    -2397.173882        0.366975
MDMin:  434 10:18:29    -2397.173894        0.369949
MDMin:  435 10:18:31    -2397.173911        0.373618
MDMin:  436 10:18:32    -2397.173933        0.378107
MDMin:  437 10:18:33    -2397.173962        0.383557
MDMin:  438 10:18:34    -2397.173999        0.390127
MDMin:  439 10:18:36    -2397.174046        0.397986
MDMin:  440 10:18:37    -2397.174103        0.407317
MDMin:  441 10:18:38    -2397.174172        0.418303
MDMin:  442 10:18:40    -2397.174254        0.431116
MDMin:  443 10:18:42    -2397.174351        0.445887
MDMin:  444 10:18:43    -2397.174464        0.462593
MDMin:  445 10:18:45    -2397.174587        0.480282
MDMin:  446 10:18:47    -2397.174685        0.493774
MDMin:  447 10:18:48    -2397.174722        0.498573
MDMin:  448 10:18:50    -2397.174768        0.504491
MDMin:  449 10:18:52    -2397.174822        0.511498
MDMin:  450 10:18:54    -2397.174886        0.519629
MDMin:  451 10:18:56    -2397.174960        0.528906
MDMin:  452 10:18:58    -2397.175044        0.539334
MDMin:  453 10:19:00    -2397.175139        0.550892
MDMin:  454 10:19:02    -2397.175247        0.563528
MDMin:  455 10:19:03    -2397.175369        0.577156
MDMin:  456 10:19:04    -2397.175504        0.591653
MDMin:  457 10:19:06    -2397.175654        0.606848
MDMin:  458 10:19:08    -2397.175820        0.622531
MDMin:  459 10:19:10    -2397.176002        0.638488
MDMin:  460 10:19:12    -2397.176202        0.654509
MDMin:  461 10:19:14    -2397.176420        0.670386
MDMin:  462 10:19:16    -2397.176657        0.685926
MDMin:  463 10:19:18    -2397.176914        0.700867
MDMin:  464 10:19:19    -2397.177189        0.714625
MDMin:  465 10:19:22    -2397.177482        0.725769
MDMin:  466 10:19:23    -2397.177785        0.731446
MDMin:  467 10:19:25    -2397.178068        0.728518
MDMin:  468 10:19:26    -2397.178264        0.720127
MDMin:  469 10:19:27    -2397.178394        0.754076
MDMin:  470 10:19:28    -2397.178535        0.792620
MDMin:  471 10:19:30    -2397.178695        0.837186
MDMin:  472 10:19:31    -2397.178876        0.887570
MDMin:  473 10:19:32    -2397.179077        0.942903
MDMin:  474 10:19:33    -2397.179300        1.001686
MDMin:  475 10:19:35    -2397.179545        1.061796
MDMin:  476 10:19:37    -2397.179813        1.120613
MDMin:  477 10:19:38    -2397.180104        1.175254
MDMin:  478 10:19:40    -2397.180421        1.222728
MDMin:  479 10:19:41    -2397.180764        1.260074
MDMin:  480 10:19:43    -2397.181136        1.284497
MDMin:  481 10:19:44    -2397.181538        1.293543
MDMin:  482 10:19:46    -2397.181973        1.285092
MDMin:  483 10:19:47    -2397.182434        1.257048
MDMin:  484 10:19:48    -2397.182872        1.210222
MDMin:  485 10:19:50    -2397.183174        1.164199
MDMin:  486 10:19:51    -2397.183369        1.130681
MDMin:  487 10:19:53    -2397.183582        1.092927
MDMin:  488 10:19:54    -2397.183831        1.047492
MDMin:  489 10:19:55    -2397.184121        0.992798
MDMin:  490 10:19:56    -2397.184457        0.927497
MDMin:  491 10:19:58    -2397.184843        0.851226
MDMin:  492 10:19:59    -2397.185287        0.766193
MDMin:  493 10:20:01    -2397.185799        0.678661
MDMin:  494 10:20:02    -2397.186386        0.619441
MDMin:  495 10:20:04    -2397.187042        0.591878
MDMin:  496 10:20:06    -2397.187666        0.563781
MDMin:  497 10:20:07    -2397.187958        0.550495
MDMin:  498 10:20:09    -2397.188163        0.541175
MDMin:  499 10:20:10    -2397.188409        0.530066
MDMin:  500 10:20:12    -2397.188698        0.517054
MDMin:  501 10:20:14    -2397.189034        0.502126
MDMin:  502 10:20:15    -2397.189420        0.485318
MDMin:  503 10:20:17    -2397.189859        0.466745
MDMin:  504 10:20:19    -2397.190354        0.446623
MDMin:  505 10:20:21    -2397.190911        0.425289
MDMin:  506 10:20:23    -2397.191534        0.403186
MDMin:  507 10:20:25    -2397.192226        0.380826
MDMin:  508 10:20:27    -2397.192993        0.358725
MDMin:  509 10:20:28    -2397.193836        0.337354
MDMin:  510 10:20:30    -2397.194745        0.317326
MDMin:  511 10:20:32    -2397.195589        0.320037
MDMin:  512 10:20:34    -2397.195903        0.295967
MDMin:  513 10:20:36    -2397.196121        0.292449
MDMin:  514 10:20:38    -2397.196387        0.288296
MDMin:  515 10:20:40    -2397.196698        0.283584
MDMin:  516 10:20:41    -2397.197057        0.278374
MDMin:  517 10:20:42    -2397.197464        0.273792
MDMin:  518 10:20:43    -2397.197920        0.271775
MDMin:  519 10:20:44    -2397.198426        0.269634
MDMin:  520 10:20:46    -2397.198983        0.267400
MDMin:  521 10:20:47    -2397.199591        0.265106
MDMin:  522 10:20:49    -2397.200252        0.262787
MDMin:  523 10:20:51    -2397.200966        0.260476
MDMin:  524 10:20:53    -2397.201732        0.258206
MDMin:  525 10:20:55    -2397.202551        0.255997
MDMin:  526 10:20:57    -2397.203422        0.253901
MDMin:  527 10:20:59    -2397.204342        0.251784
MDMin:  528 10:21:01    -2397.204101        0.249766
MDMin:  529 10:21:03    -2397.203869        0.306962
MDMin:  530 10:21:05    -2397.203797        0.247207
MDMin:  531 10:21:07    -2397.203755        0.246718
MDMin:  532 10:21:08    -2397.203706        0.246114
MDMin:  533 10:21:11    -2397.203652        0.245397
MDMin:  534 10:21:13    -2397.203595        0.244560
MDMin:  535 10:21:15    -2397.203535        0.243593
MDMin:  536 10:21:16    -2397.203475        0.242480
MDMin:  537 10:21:18    -2397.203415        0.241203
MDMin:  538 10:21:20    -2397.203357        0.239737
MDMin:  539 10:21:22    -2397.203303        0.238054
MDMin:  540 10:21:24    -2397.203253        0.236121
MDMin:  541 10:21:26    -2397.203210        0.233907
MDMin:  542 10:21:28    -2397.203176        0.231385
MDMin:  543 10:21:30    -2397.203152        0.228539
MDMin:  544 10:21:32    -2397.203142        0.225367
MDMin:  545 10:21:34    -2397.203148        0.221900
MDMin:  546 10:21:36    -2397.203172        0.218265
MDMin:  547 10:21:38    -2397.203209        0.327153
MDMin:  548 10:21:40    -2397.203225        0.214008
MDMin:  549 10:21:42    -2397.203243        0.212858
MDMin:  550 10:21:44    -2397.203267        0.211562
MDMin:  551 10:21:46    -2397.203297        0.210134
MDMin:  552 10:21:48    -2397.203334        0.208596
MDMin:  553 10:21:50    -2397.203381        0.206974
MDMin:  554 10:21:51    -2397.203438        0.205300
MDMin:  555 10:21:53    -2397.203508        0.203611
MDMin:  556 10:21:55    -2397.203592        0.201950
MDMin:  557 10:21:56    -2397.203694        0.200367
MDMin:  558 10:21:58    -2397.203815        0.198915
MDMin:  559 10:22:00    -2397.203958        0.197653
MDMin:  560 10:22:02    -2397.204125        0.196642
MDMin:  561 10:22:04    -2397.204309        0.195943
MDMin:  562 10:22:06    -2397.204460        0.259786
MDMin:  563 10:22:08    -2397.204524        0.195457
MDMin:  564 10:22:10    -2397.204599        0.195360
MDMin:  565 10:22:12    -2397.204687        0.195300
MDMin:  566 10:22:14    -2397.204792        0.195297
MDMin:  567 10:22:16    -2397.204914        0.195372
MDMin:  568 10:22:18    -2397.205054        0.195544
MDMin:  569 10:22:19    -2397.205214        0.195832
MDMin:  570 10:22:20    -2397.205397        0.196251
MDMin:  571 10:22:21    -2397.205603        0.196811
MDMin:  572 10:22:22    -2397.205836        0.197513
MDMin:  573 10:22:24    -2397.206097        0.198348
MDMin:  574 10:22:26    -2397.206388        0.199288
MDMin:  575 10:22:28    -2397.206712        0.200285
MDMin:  576 10:22:30    -2397.207066        0.201253
MDMin:  577 10:22:32    -2397.207431        0.202039
MDMin:  578 10:22:34    -2397.207707        0.253971
MDMin:  579 10:22:36    -2397.207818        0.202534
MDMin:  580 10:22:37    -2397.207952        0.202619
MDMin:  581 10:22:38    -2397.208110        0.202664
MDMin:  582 10:22:40    -2397.208293        0.202634
MDMin:  583 10:22:41    -2397.208502        0.202486
MDMin:  584 10:22:42    -2397.208738        0.202157
MDMin:  585 10:22:44    -2397.209002        0.201573
MDMin:  586 10:22:45    -2397.209296        0.200635
MDMin:  587 10:22:46    -2397.209621        0.199224
MDMin:  588 10:22:47    -2397.209979        0.197195
MDMin:  589 10:22:49    -2397.210370        0.194378
MDMin:  590 10:22:50    -2397.210795        0.190581
MDMin:  591 10:22:51    -2397.211258        0.185595
MDMin:  592 10:22:52    -2397.211758        0.179207
MDMin:  593 10:22:54    -2397.212297        0.171222
MDMin:  594 10:22:55    -2397.212875        0.165630
MDMin:  595 10:22:57    -2397.213488        0.165836
MDMin:  596 10:22:59    -2397.214080        0.247316
MDMin:  597 10:23:01    -2397.214397        0.234762
MDMin:  598 10:23:03    -2397.214505        0.165407
MDMin:  599 10:23:05    -2397.214660        0.165237
MDMin:  600 10:23:06    -2397.214846        0.165019
MDMin:  601 10:23:08    -2397.215066        0.164746
MDMin:  602 10:23:10    -2397.215318        0.164408
MDMin:  603 10:23:11    -2397.215604        0.163993
MDMin:  604 10:23:13    -2397.215924        0.163491
MDMin:  605 10:23:15    -2397.216279        0.162890
MDMin:  606 10:23:17    -2397.216670        0.162180
MDMin:  607 10:23:18    -2397.217097        0.161354
MDMin:  608 10:23:20    -2397.217560        0.160410
MDMin:  609 10:23:21    -2397.218061        0.159351
MDMin:  610 10:23:23    -2397.218600        0.158189
MDMin:  611 10:23:24    -2397.219177        0.156945
MDMin:  612 10:23:27    -2397.219792        0.155650
MDMin:  613 10:23:29    -2397.220446        0.154348
MDMin:  614 10:23:31    -2397.221133        0.153096
MDMin:  615 10:23:33    -2397.221822        0.170851
MDMin:  616 10:23:35    -2397.222308        0.308326
MDMin:  617 10:23:37    -2397.222426        0.151063
MDMin:  618 10:23:39    -2397.222604        0.150804
MDMin:  619 10:23:41    -2397.222815        0.150525
MDMin:  620 10:23:43    -2397.223060        0.150238
MDMin:  621 10:23:45    -2397.223338        0.149960
