       Step     Time          Energy          fmax
MDMin:    0 09:57:42    -2393.711791        7.158580
MDMin:    1 09:57:43    -2393.712398        7.121601
MDMin:    2 09:57:45    -2393.714189        6.797800
MDMin:    3 09:57:46    -2393.717104        5.775234
MDMin:    4 09:57:48    -2393.721105        5.409134
MDMin:    5 09:57:49    -2393.726192        4.558380
MDMin:    6 09:57:51    -2393.732505        2.921168
MDMin:    7 09:57:52    -2393.740307        2.804318
MDMin:    8 09:57:53    -2393.749487        2.220073
MDMin:    9 09:57:54    -2393.760660        1.657572
MDMin:   10 09:57:56    -2393.775458        1.402894
MDMin:   11 09:57:57    -2393.795664        1.311126
MDMin:   12 09:57:59    -2393.822578        1.199246
MDMin:   13 09:58:00    -2393.859180        1.139481
MDMin:   14 09:58:02    -2393.910518        1.238975
MDMin:   15 09:58:04    -2393.968909        2.609164
MDMin:   16 09:58:06    -2393.987693        0.933292
MDMin:   17 09:58:08    -2394.014380        0.939963
MDMin:   18 09:58:09    -2394.046750        0.974167
MDMin:   19 09:58:11    -2394.086257        1.012419
MDMin:   20 09:58:13    -2394.134464        1.056665
MDMin:   21 09:58:15    -2394.193500        1.112912
MDMin:   22 09:58:17    -2394.266503        1.189758
MDMin:   23 09:58:19    -2394.358194        1.300110
MDMin:   24 09:58:21    -2394.475701        1.459772
MDMin:   25 09:58:22    -2394.629120        1.675018
MDMin:   26 09:58:24    -2394.814352        2.028856
MDMin:   27 09:58:26    -2394.999921        2.085147
MDMin:   28 09:58:27    -2395.209963        1.976004
MDMin:   29 09:58:29    -2395.429013        1.640591
MDMin:   30 09:58:30    -2395.607903        1.766419
MDMin:   31 09:58:31    -2395.753544        1.704390
MDMin:   32 09:58:32    -2395.900022        1.494013
MDMin:   33 09:58:33    -2396.055527        1.511766
MDMin:   34 09:58:35    -2396.217214        1.476145
MDMin:   35 09:58:36    -2396.350191        2.723253
MDMin:   36 09:58:38    -2396.378483        1.340152
MDMin:   37 09:58:40    -2396.408147        1.304799
MDMin:   38 09:58:42    -2396.441507        1.261927
MDMin:   39 09:58:43    -2396.477854        1.212077
MDMin:   40 09:58:45    -2396.516463        1.156147
MDMin:   41 09:58:47    -2396.556607        1.095083
MDMin:   42 09:58:49    -2396.597557        1.029584
MDMin:   43 09:58:50    -2396.638575        0.960197
MDMin:   44 09:58:52    -2396.678964        0.887368
MDMin:   45 09:58:53    -2396.718174        0.818627
MDMin:   46 09:58:55    -2396.755944        0.815346
MDMin:   47 09:58:57    -2396.792358        0.795892
MDMin:   48 09:58:58    -2396.827785        0.753637
MDMin:   49 09:59:00    -2396.862713        0.689590
MDMin:   50 09:59:01    -2396.897515        0.706124
MDMin:   51 09:59:02    -2396.932352        0.718842
MDMin:   52 09:59:04    -2396.966996        0.718754
MDMin:   53 09:59:06    -2396.997244        1.257616
MDMin:   54 09:59:07    -2397.007481        0.684505
MDMin:   55 09:59:09    -2397.014579        0.674106
MDMin:   56 09:59:10    -2397.022819        0.660675
MDMin:   57 09:59:12    -2397.032244        0.643813
MDMin:   58 09:59:13    -2397.042869        0.623411
MDMin:   59 09:59:15    -2397.054724        0.599749
MDMin:   60 09:59:17    -2397.067851        0.573588
MDMin:   61 09:59:19    -2397.082314        0.546149
MDMin:   62 09:59:21    -2397.098201        0.541556
MDMin:   63 09:59:23    -2397.115634        0.564512
MDMin:   64 09:59:25    -2397.134772        0.589548
MDMin:   65 09:59:26    -2397.155813        0.615859
MDMin:   66 09:59:27    -2397.178981        0.641901
MDMin:   67 09:59:28    -2397.193092        0.665367
MDMin:   68 09:59:30    -2397.193762        0.683295
MDMin:   69 09:59:32    -2397.194461        0.694012
MDMin:   70 09:59:34    -2397.195202        0.691362
MDMin:   71 09:59:35    -2397.195989        0.667321
MDMin:   72 09:59:36    -2397.196211        0.616933
MDMin:   73 09:59:38    -2397.196281        0.547500
MDMin:   74 09:59:40    -2397.196250        1.125928
MDMin:   75 09:59:42    -2397.196227        0.516500
MDMin:   76 09:59:43    -2397.196196        0.520855
MDMin:   77 09:59:45    -2397.196155        0.526712
MDMin:   78 09:59:47    -2397.196102        0.533724
MDMin:   79 09:59:49    -2397.196037        0.542060
MDMin:   80 09:59:51    -2397.195958        0.551924
MDMin:   81 09:59:53    -2397.195864        0.563566
MDMin:   82 09:59:55    -2397.195756        0.577288
MDMin:   83 09:59:56    -2397.195634        0.593445
MDMin:   84 09:59:58    -2397.195499        0.612427
MDMin:   85 10:00:00    -2397.195352        0.634615
MDMin:   86 10:00:02    -2397.195194        0.660327
MDMin:   87 10:00:04    -2397.195028        0.689693
MDMin:   88 10:00:06    -2397.194856        0.722314
MDMin:   89 10:00:07    -2397.194681        0.756560
MDMin:   90 10:00:09    -2397.194504        0.788513
MDMin:   91 10:00:10    -2397.194329        0.811136
MDMin:   92 10:00:11    -2397.194160        0.815662
MDMin:   93 10:00:13    -2397.194018        0.800211
MDMin:   94 10:00:15    -2397.193949        0.798193
MDMin:   95 10:00:17    -2397.193907        0.808922
MDMin:   96 10:00:19    -2397.193858        0.821569
MDMin:   97 10:00:21    -2397.193803        0.836074
MDMin:   98 10:00:23    -2397.193742        0.852411
MDMin:   99 10:00:25    -2397.193677        0.870511
MDMin:  100 10:00:27    -2397.193607        0.890221
MDMin:  101 10:00:29    -2397.193534        0.911222
MDMin:  102 10:00:31    -2397.193457        0.932899
MDMin:  103 10:00:33    -2397.193379        0.954162
MDMin:  104 10:00:34    -2397.193299        0.973264
MDMin:  105 10:00:36    -2397.193220        0.987679
MDMin:  106 10:00:37    -2397.193140        0.994180
MDMin:  107 10:00:38    -2397.193062        0.989244
MDMin:  108 10:00:40    -2397.192986        0.995503
MDMin:  109 10:00:42    -2397.192912        1.015339
MDMin:  110 10:00:44    -2397.192839        1.005147
MDMin:  111 10:00:46    -2397.192769        0.967195
MDMin:  112 10:00:48    -2397.192702        0.914387
MDMin:  113 10:00:50    -2397.192641        0.863118
MDMin:  114 10:00:51    -2397.192601        1.295258
MDMin:  115 10:00:53    -2397.192593        0.825551
MDMin:  116 10:00:54    -2397.192582        0.816576
MDMin:  117 10:00:57    -2397.192568        0.806230
MDMin:  118 10:00:58    -2397.192554        0.794741
MDMin:  119 10:01:00    -2397.192538        0.782317
MDMin:  120 10:01:02    -2397.192521        0.769181
MDMin:  121 10:01:04    -2397.192504        0.755563
MDMin:  122 10:01:06    -2397.192488        0.741694
MDMin:  123 10:01:08    -2397.192472        0.727808
MDMin:  124 10:01:10    -2397.192457        0.714137
MDMin:  125 10:01:12    -2397.192443        0.713097
MDMin:  126 10:01:14    -2397.192432        0.708805
MDMin:  127 10:01:16    -2397.192424        0.699455
MDMin:  128 10:01:18    -2397.192420        0.685004
MDMin:  129 10:01:19    -2397.192419        0.666411
MDMin:  130 10:01:21    -2397.192423        0.647589
MDMin:  131 10:01:22    -2397.192433        0.639773
MDMin:  132 10:01:23    -2397.192449        0.632710
MDMin:  133 10:01:25    -2397.192471        0.626460
MDMin:  134 10:01:27    -2397.192494        1.048460
MDMin:  135 10:01:29    -2397.192502        0.620684
MDMin:  136 10:01:31    -2397.192510        0.619459
MDMin:  137 10:01:33    -2397.192521        0.618100
MDMin:  138 10:01:35    -2397.192533        0.616657
MDMin:  139 10:01:37    -2397.192548        0.615198
MDMin:  140 10:01:38    -2397.192566        0.613810
MDMin:  141 10:01:40    -2397.192586        0.612595
MDMin:  142 10:01:42    -2397.192610        0.611659
MDMin:  143 10:01:44    -2397.192638        0.611092
MDMin:  144 10:01:46    -2397.192669        0.610905
MDMin:  145 10:01:48    -2397.192706        0.610943
MDMin:  146 10:01:49    -2397.192747        0.610751
MDMin:  147 10:01:50    -2397.192794        0.609441
MDMin:  148 10:01:52    -2397.192848        0.605601
MDMin:  149 10:01:53    -2397.192908        0.597551
MDMin:  150 10:01:55    -2397.192976        0.583905
MDMin:  151 10:01:56    -2397.193052        0.564389
MDMin:  152 10:01:58    -2397.193133        0.541190
MDMin:  153 10:01:59    -2397.193194        0.831480
MDMin:  154 10:02:01    -2397.193213        0.531303
MDMin:  155 10:02:03    -2397.193240        0.529244
MDMin:  156 10:02:04    -2397.193271        0.526323
MDMin:  157 10:02:07    -2397.193308        0.522322
MDMin:  158 10:02:08    -2397.193350        0.517051
MDMin:  159 10:02:09    -2397.193398        0.510362
MDMin:  160 10:02:11    -2397.193452        0.502299
MDMin:  161 10:02:12    -2397.193514        0.497153
MDMin:  162 10:02:13    -2397.193583        0.491502
MDMin:  163 10:02:14    -2397.193660        0.485429
MDMin:  164 10:02:16    -2397.193746        0.479056
MDMin:  165 10:02:18    -2397.193843        0.472553
MDMin:  166 10:02:19    -2397.193950        0.466126
MDMin:  167 10:02:20    -2397.194068        0.460021
MDMin:  168 10:02:22    -2397.194198        0.454530
MDMin:  169 10:02:23    -2397.194330        0.487027
MDMin:  170 10:02:25    -2397.194422        0.624421
MDMin:  171 10:02:26    -2397.194460        0.446708
MDMin:  172 10:02:28    -2397.194507        0.445689
MDMin:  173 10:02:29    -2397.194563        0.444661
MDMin:  174 10:02:31    -2397.194627        0.443679
MDMin:  175 10:02:33    -2397.194700        0.442803
MDMin:  176 10:02:35    -2397.194782        0.442097
MDMin:  177 10:02:37    -2397.194874        0.441622
MDMin:  178 10:02:39    -2397.194977        0.441439
MDMin:  179 10:02:41    -2397.195092        0.441603
MDMin:  180 10:02:42    -2397.195218        0.442165
MDMin:  181 10:02:43    -2397.195357        0.443171
MDMin:  182 10:02:44    -2397.195509        0.444661
MDMin:  183 10:02:46    -2397.195676        0.446673
MDMin:  184 10:02:47    -2397.195858        0.449248
MDMin:  185 10:02:48    -2397.196056        0.452426
MDMin:  186 10:02:50    -2397.196265        0.456178
MDMin:  187 10:02:51    -2397.196458        0.559057
MDMin:  188 10:02:52    -2397.196567        0.462145
MDMin:  189 10:02:54    -2397.196636        0.463576
MDMin:  190 10:02:55    -2397.196715        0.465288
MDMin:  191 10:02:56    -2397.196807        0.467356
MDMin:  192 10:02:57    -2397.196911        0.469830
MDMin:  193 10:02:59    -2397.197028        0.472770
MDMin:  194 10:03:00    -2397.197160        0.476244
MDMin:  195 10:03:02    -2397.197305        0.480329
MDMin:  196 10:03:04    -2397.197465        0.485110
MDMin:  197 10:03:06    -2397.197641        0.490661
MDMin:  198 10:03:08    -2397.197833        0.497033
MDMin:  199 10:03:10    -2397.198042        0.504203
MDMin:  200 10:03:11    -2397.198268        0.512008
MDMin:  201 10:03:13    -2397.198513        0.520053
MDMin:  202 10:03:14    -2397.198777        0.527596
MDMin:  203 10:03:15    -2397.199060        0.533478
MDMin:  204 10:03:17    -2397.199357        0.536246
MDMin:  205 10:03:19    -2397.199636        0.543593
MDMin:  206 10:03:20    -2397.199806        0.532485
MDMin:  207 10:03:22    -2397.199899        0.530510
MDMin:  208 10:03:24    -2397.200006        0.527843
MDMin:  209 10:03:26    -2397.200130        0.524298
MDMin:  210 10:03:28    -2397.200272        0.519737
MDMin:  211 10:03:30    -2397.200431        0.514059
MDMin:  212 10:03:32    -2397.200608        0.507219
MDMin:  213 10:03:33    -2397.200535        0.499241
MDMin:  214 10:03:35    -2397.200467        0.490214
MDMin:  215 10:03:37    -2397.200392        0.480285
MDMin:  216 10:03:39    -2397.200309        0.469629
MDMin:  217 10:03:40    -2397.200218        0.458420
MDMin:  218 10:03:42    -2397.200118        0.446816
MDMin:  219 10:03:43    -2397.200008        0.434951
MDMin:  220 10:03:44    -2397.199888        0.424830
MDMin:  221 10:03:45    -2397.199758        0.419441
MDMin:  222 10:03:47    -2397.199620        0.414056
MDMin:  223 10:03:49    -2397.199486        0.520830
MDMin:  224 10:03:51    -2397.199407        0.580360
MDMin:  225 10:03:52    -2397.199380        0.411812
MDMin:  226 10:03:54    -2397.199344        0.412416
MDMin:  227 10:03:56    -2397.199301        0.413128
MDMin:  228 10:03:58    -2397.199251        0.413951
MDMin:  229 10:04:00    -2397.199194        0.414891
MDMin:  230 10:04:02    -2397.199131        0.415963
MDMin:  231 10:04:04    -2397.199061        0.417190
MDMin:  232 10:04:06    -2397.198985        0.418606
MDMin:  233 10:04:07    -2397.198902        0.420261
MDMin:  234 10:04:08    -2397.198812        0.422223
MDMin:  235 10:04:10    -2397.198716        0.424582
MDMin:  236 10:04:12    -2397.198614        0.427447
MDMin:  237 10:04:14    -2397.198506        0.430950
MDMin:  238 10:04:16    -2397.198393        0.435232
MDMin:  239 10:04:18    -2397.198274        0.440433
MDMin:  240 10:04:19    -2397.198151        0.446664
MDMin:  241 10:04:21    -2397.198023        0.453960
MDMin:  242 10:04:22    -2397.197892        0.462147
MDMin:  243 10:04:24    -2397.197758        0.470677
MDMin:  244 10:04:25    -2397.197626        0.478413
MDMin:  245 10:04:26    -2397.197523        0.682158
MDMin:  246 10:04:28    -2397.197490        0.483874
MDMin:  247 10:04:30    -2397.197452        0.484672
MDMin:  248 10:04:32    -2397.197408        0.485165
MDMin:  249 10:04:33    -2397.197359        0.485134
MDMin:  250 10:04:35    -2397.197305        0.484359
MDMin:  251 10:04:37    -2397.197247        0.482570
MDMin:  252 10:04:38    -2397.197184        0.479492
MDMin:  253 10:04:39    -2397.197118        0.474907
MDMin:  254 10:04:41    -2397.197047        0.468727
MDMin:  255 10:04:42    -2397.196972        0.463644
MDMin:  256 10:04:43    -2397.196893        0.470557
MDMin:  257 10:04:45    -2397.196812        0.478443
MDMin:  258 10:04:47    -2397.196727        0.487266
MDMin:  259 10:04:48    -2397.196640        0.496797
MDMin:  260 10:04:50    -2397.196550        0.506473
MDMin:  261 10:04:52    -2397.196460        0.515246
MDMin:  262 10:04:54    -2397.196375        0.521439
MDMin:  263 10:04:56    -2397.196314        0.578113
MDMin:  264 10:04:57    -2397.196291        0.523951
MDMin:  265 10:04:58    -2397.196264        0.523875
MDMin:  266 10:04:59    -2397.196233        0.523286
MDMin:  267 10:05:01    -2397.196198        0.521971
MDMin:  268 10:05:02    -2397.196160        0.519717
MDMin:  269 10:05:03    -2397.196119        0.516335
MDMin:  270 10:05:04    -2397.196074        0.511692
MDMin:  271 10:05:06    -2397.196026        0.505744
MDMin:  272 10:05:07    -2397.195975        0.498555
MDMin:  273 10:05:08    -2397.195921        0.490293
MDMin:  274 10:05:10    -2397.195864        0.481202
MDMin:  275 10:05:12    -2397.195805        0.471549
MDMin:  276 10:05:14    -2397.195744        0.461584
MDMin:  277 10:05:16    -2397.195680        0.451518
MDMin:  278 10:05:18    -2397.195616        0.441517
MDMin:  279 10:05:20    -2397.195549        0.431727
MDMin:  280 10:05:22    -2397.195482        0.422311
MDMin:  281 10:05:23    -2397.195415        0.420967
MDMin:  282 10:05:25    -2397.195353        0.480007
MDMin:  283 10:05:27    -2397.195318        0.564390
MDMin:  284 10:05:29    -2397.195308        0.426475
MDMin:  285 10:05:30    -2397.195294        0.427497
MDMin:  286 10:05:32    -2397.195277        0.428637
MDMin:  287 10:05:34    -2397.195258        0.429840
MDMin:  288 10:05:36    -2397.195237        0.431051
MDMin:  289 10:05:38    -2397.195213        0.432596
MDMin:  290 10:05:40    -2397.195187        0.434672
MDMin:  291 10:05:41    -2397.195160        0.437148
MDMin:  292 10:05:42    -2397.195131        0.440088
MDMin:  293 10:05:44    -2397.195100        0.443561
MDMin:  294 10:05:46    -2397.195068        0.447635
MDMin:  295 10:05:47    -2397.195035        0.452363
MDMin:  296 10:05:48    -2397.195001        0.457762
MDMin:  297 10:05:50    -2397.194967        0.463736
MDMin:  298 10:05:51    -2397.194932        0.470092
MDMin:  299 10:05:52    -2397.194897        0.476454
MDMin:  300 10:05:54    -2397.194863        0.482192
MDMin:  301 10:05:55    -2397.194829        0.486387
MDMin:  302 10:05:57    -2397.194796        0.487928
MDMin:  303 10:05:58    -2397.194765        0.496413
MDMin:  304 10:05:59    -2397.194736        0.518343
MDMin:  305 10:06:00    -2397.194715        0.668543
MDMin:  306 10:06:03    -2397.194708        0.542564
MDMin:  307 10:06:04    -2397.194700        0.549570
MDMin:  308 10:06:06    -2397.194691        0.557724
MDMin:  309 10:06:08    -2397.194682        0.567051
MDMin:  310 10:06:10    -2397.194672        0.577557
MDMin:  311 10:06:11    -2397.194662        0.589233
MDMin:  312 10:06:13    -2397.194652        0.602053
MDMin:  313 10:06:15    -2397.194641        0.615975
MDMin:  314 10:06:17    -2397.194630        0.630952
MDMin:  315 10:06:18    -2397.194620        0.646942
MDMin:  316 10:06:20    -2397.194610        0.663926
MDMin:  317 10:06:21    -2397.194601        0.681947
MDMin:  318 10:06:22    -2397.194593        0.701140
MDMin:  319 10:06:24    -2397.194586        0.721761
MDMin:  320 10:06:26    -2397.194580        0.744152
MDMin:  321 10:06:28    -2397.194577        0.768595
MDMin:  322 10:06:29    -2397.194575        0.794914
MDMin:  323 10:06:31    -2397.194575        0.821536
MDMin:  324 10:06:33    -2397.194577        0.843380
MDMin:  325 10:06:34    -2397.194579        0.853859
MDMin:  326 10:06:36    -2397.194581        0.859237
MDMin:  327 10:06:37    -2397.194583        0.864606
MDMin:  328 10:06:39    -2397.194585        0.869818
MDMin:  329 10:06:40    -2397.194589        0.874491
MDMin:  330 10:06:42    -2397.194593        0.878256
MDMin:  331 10:06:44    -2397.194598        0.880842
MDMin:  332 10:06:46    -2397.194605        0.882116
MDMin:  333 10:06:48    -2397.194613        0.882125
MDMin:  334 10:06:50    -2397.194622        0.881102
MDMin:  335 10:06:52    -2397.194634        0.879459
MDMin:  336 10:06:54    -2397.194647        0.877808
MDMin:  337 10:06:55    -2397.194663        0.877020
MDMin:  338 10:06:57    -2397.194681        0.878240
MDMin:  339 10:06:59    -2397.194703        0.882753
MDMin:  340 10:07:00    -2397.194727        0.891612
MDMin:  341 10:07:02    -2397.194754        0.904879
MDMin:  342 10:07:04    -2397.194779        0.919553
MDMin:  343 10:07:05    -2397.194795        0.928847
MDMin:  344 10:07:07    -2397.194806        0.935082
MDMin:  345 10:07:09    -2397.194818        0.942235
MDMin:  346 10:07:10    -2397.194832        0.950634
MDMin:  347 10:07:11    -2397.194848        0.960318
MDMin:  348 10:07:12    -2397.194867        0.971303
MDMin:  349 10:07:14    -2397.194888        0.983608
MDMin:  350 10:07:15    -2397.194911        0.997287
MDMin:  351 10:07:16    -2397.194937        1.012458
MDMin:  352 10:07:17    -2397.194966        1.029334
MDMin:  353 10:07:19    -2397.194998        1.048273
MDMin:  354 10:07:20    -2397.195033        1.069839
MDMin:  355 10:07:22    -2397.195071        1.094847
MDMin:  356 10:07:24    -2397.195112        1.124330
MDMin:  357 10:07:26    -2397.195157        1.159189
MDMin:  358 10:07:28    -2397.195204        1.199096
MDMin:  359 10:07:29    -2397.195252        1.239970
MDMin:  360 10:07:31    -2397.195290        1.270997
MDMin:  361 10:07:32    -2397.195316        1.288296
MDMin:  362 10:07:34    -2397.195340        1.303345
MDMin:  363 10:07:36    -2397.195366        1.318829
MDMin:  364 10:07:38    -2397.195395        1.334442
MDMin:  365 10:07:40    -2397.195428        1.349362
MDMin:  366 10:07:42    -2397.195465        1.362689
MDMin:  367 10:07:44    -2397.195505        1.373681
MDMin:  368 10:07:45    -2397.195550        1.381991
MDMin:  369 10:07:46    -2397.195598        1.387925
MDMin:  370 10:07:48    -2397.195652        1.392626
MDMin:  371 10:07:49    -2397.195709        1.398204
MDMin:  372 10:07:51    -2397.195771        1.407605
MDMin:  373 10:07:53    -2397.195835        1.423734
MDMin:  374 10:07:55    -2397.195893        1.445213
MDMin:  375 10:07:56    -2397.195935        1.464945
MDMin:  376 10:07:58    -2397.195970        1.485367
MDMin:  377 10:08:00    -2397.196005        1.514105
MDMin:  378 10:08:01    -2397.196044        1.557746
MDMin:  379 10:08:02    -2397.196087        1.625525
MDMin:  380 10:08:04    -2397.196133        1.737671
MDMin:  381 10:08:06    -2397.196183        1.973441
MDMin:  382 10:08:07    -2397.196232        1.532347
MDMin:  383 10:08:09    -2397.196296        0.996956
MDMin:  384 10:08:11    -2397.196385        1.970199
MDMin:  385 10:08:12    -2397.196389        2.056955
MDMin:  386 10:08:14    -2397.196398        2.074663
MDMin:  387 10:08:15    -2397.196404        1.666185
MDMin:  388 10:08:17    -2397.196416        1.182554
MDMin:  389 10:08:19    -2397.196436        0.907074
MDMin:  390 10:08:20    -2397.196465        1.116814
MDMin:  391 10:08:22    -2397.196475        1.638980
MDMin:  392 10:08:23    -2397.196481        2.408362
MDMin:  393 10:08:25    -2397.196490        2.379621
MDMin:  394 10:08:26    -2397.196504        2.333112
MDMin:  395 10:08:28    -2397.196522        2.302649
MDMin:  396 10:08:29    -2397.196547        2.294177
MDMin:  397 10:08:31    -2397.196576        2.296475
MDMin:  398 10:08:33    -2397.196612        2.282706
MDMin:  399 10:08:35    -2397.196653        2.215446
MDMin:  400 10:08:37    -2397.196702        2.069439
MDMin:  401 10:08:38    -2397.196760        1.854741
MDMin:  402 10:08:39    -2397.196828        1.607931
MDMin:  403 10:08:41    -2397.196911        1.366576
MDMin:  404 10:08:42    -2397.197010        1.151885
MDMin:  405 10:08:43    -2397.197128        0.962710
MDMin:  406 10:08:44    -2397.197270        0.780013
MDMin:  407 10:08:46    -2397.197443        0.588247
MDMin:  408 10:08:47    -2397.197664        0.444865
MDMin:  409 10:08:48    -2397.197967        0.350868
MDMin:  410 10:08:50    -2397.198383        0.305648
MDMin:  411 10:08:51    -2397.198908        0.283383
MDMin:  412 10:08:53    -2397.199428        0.832716
MDMin:  413 10:08:55    -2397.199436        0.759317
MDMin:  414 10:08:56    -2397.199452        0.610189
MDMin:  415 10:08:57    -2397.199481        0.402226
MDMin:  416 10:08:59    -2397.199527        0.255282
MDMin:  417 10:09:00    -2397.199595        0.251247
MDMin:  418 10:09:01    -2397.199562        0.246554
MDMin:  419 10:09:03    -2397.199553        0.241141
MDMin:  420 10:09:04    -2397.199542        0.234866
MDMin:  421 10:09:05    -2397.199530        0.227646
MDMin:  422 10:09:07    -2397.199514        0.219403
MDMin:  423 10:09:09    -2397.199495        0.210075
MDMin:  424 10:09:11    -2397.199471        0.199631
MDMin:  425 10:09:12    -2397.199442        0.188078
MDMin:  426 10:09:13    -2397.199407        0.175484
MDMin:  427 10:09:14    -2397.199365        0.161985
MDMin:  428 10:09:16    -2397.199316        0.151197
MDMin:  429 10:09:18    -2397.199257        0.151257
MDMin:  430 10:09:20    -2397.199189        0.149741
       Step     Time          Energy          fmax
MDMin:    0 10:09:54    -2393.711791        7.158580
MDMin:    1 10:09:56    -2393.712398        7.121601
MDMin:    2 10:09:57    -2393.714189        6.797800
MDMin:    3 10:09:59    -2393.717104        5.775234
MDMin:    4 10:10:01    -2393.721105        5.409134
MDMin:    5 10:10:03    -2393.726192        4.558380
MDMin:    6 10:10:04    -2393.732505        2.921168
MDMin:    7 10:10:06    -2393.740307        2.804318
MDMin:    8 10:10:07    -2393.749487        2.220073
MDMin:    9 10:10:09    -2393.760660        1.657572
MDMin:   10 10:10:10    -2393.775458        1.402894
MDMin:   11 10:10:12    -2393.795664        1.311126
MDMin:   12 10:10:13    -2393.822578        1.199246
MDMin:   13 10:10:15    -2393.859180        1.139481
MDMin:   14 10:10:17    -2393.910518        1.238975
MDMin:   15 10:10:19    -2393.968909        2.609164
MDMin:   16 10:10:22    -2393.987693        0.933292
MDMin:   17 10:10:23    -2394.014380        0.939963
MDMin:   18 10:10:25    -2394.046750        0.974167
MDMin:   19 10:10:27    -2394.086257        1.012419
MDMin:   20 10:10:28    -2394.134464        1.056665
MDMin:   21 10:10:30    -2394.193500        1.112912
MDMin:   22 10:10:32    -2394.266503        1.189758
MDMin:   23 10:10:34    -2394.358194        1.300110
MDMin:   24 10:10:36    -2394.475701        1.459772
MDMin:   25 10:10:38    -2394.629120        1.675018
MDMin:   26 10:10:39    -2394.814352        2.028856
MDMin:   27 10:10:41    -2394.999921        2.085147
MDMin:   28 10:10:42    -2395.209963        1.976004
MDMin:   29 10:10:44    -2395.429013        1.640591
MDMin:   30 10:10:45    -2395.607903        1.766419
MDMin:   31 10:10:47    -2395.753544        1.704390
MDMin:   32 10:10:49    -2395.900022        1.494013
MDMin:   33 10:10:51    -2396.055527        1.511766
MDMin:   34 10:10:53    -2396.217214        1.476145
MDMin:   35 10:10:55    -2396.350191        2.723253
MDMin:   36 10:10:57    -2396.378483        1.340152
MDMin:   37 10:10:59    -2396.408147        1.304799
MDMin:   38 10:11:01    -2396.441507        1.261927
MDMin:   39 10:11:03    -2396.477854        1.212077
MDMin:   40 10:11:05    -2396.516463        1.156147
MDMin:   41 10:11:06    -2396.556607        1.095083
MDMin:   42 10:11:08    -2396.597557        1.029584
MDMin:   43 10:11:09    -2396.638575        0.960197
MDMin:   44 10:11:11    -2396.678964        0.887368
MDMin:   45 10:11:13    -2396.718174        0.818627
MDMin:   46 10:11:14    -2396.755944        0.815346
MDMin:   47 10:11:15    -2396.792358        0.795892
MDMin:   48 10:11:17    -2396.827785        0.753637
MDMin:   49 10:11:19    -2396.862713        0.689590
MDMin:   50 10:11:21    -2396.897515        0.706124
MDMin:   51 10:11:22    -2396.932352        0.718842
MDMin:   52 10:11:24    -2396.966996        0.718754
MDMin:   53 10:11:26    -2396.997244        1.257616
MDMin:   54 10:11:27    -2397.007481        0.684505
MDMin:   55 10:11:29    -2397.014579        0.674106
MDMin:   56 10:11:31    -2397.022819        0.660675
MDMin:   57 10:11:33    -2397.032244        0.643813
MDMin:   58 10:11:35    -2397.042869        0.623411
MDMin:   59 10:11:37    -2397.054724        0.599749
MDMin:   60 10:11:39    -2397.067851        0.573588
MDMin:   61 10:11:41    -2397.082314        0.546149
MDMin:   62 10:11:42    -2397.098201        0.541556
MDMin:   63 10:11:43    -2397.115634        0.564512
MDMin:   64 10:11:44    -2397.134772        0.589548
MDMin:   65 10:11:46    -2397.155813        0.615859
MDMin:   66 10:11:48    -2397.178981        0.641901
MDMin:   67 10:11:50    -2397.193092        0.665367
MDMin:   68 10:11:52    -2397.193762        0.683295
MDMin:   69 10:11:54    -2397.194461        0.694012
MDMin:   70 10:11:55    -2397.195202        0.691362
MDMin:   71 10:11:56    -2397.195989        0.667321
MDMin:   72 10:11:58    -2397.196211        0.616933
MDMin:   73 10:11:59    -2397.196281        0.547500
MDMin:   74 10:12:00    -2397.196250        1.125928
MDMin:   75 10:12:02    -2397.196227        0.516500
MDMin:   76 10:12:04    -2397.196196        0.520855
MDMin:   77 10:12:05    -2397.196155        0.526712
MDMin:   78 10:12:07    -2397.196102        0.533724
MDMin:   79 10:12:09    -2397.196037        0.542060
MDMin:   80 10:12:11    -2397.195958        0.551924
MDMin:   81 10:12:13    -2397.195864        0.563566
MDMin:   82 10:12:14    -2397.195756        0.577288
MDMin:   83 10:12:16    -2397.195634        0.593445
MDMin:   84 10:12:18    -2397.195499        0.612427
MDMin:   85 10:12:20    -2397.195352        0.634615
MDMin:   86 10:12:22    -2397.195194        0.660327
MDMin:   87 10:12:24    -2397.195028        0.689693
MDMin:   88 10:12:26    -2397.194856        0.722314
MDMin:   89 10:12:28    -2397.194681        0.756560
MDMin:   90 10:12:30    -2397.194504        0.788513
MDMin:   91 10:12:32    -2397.194329        0.811136
MDMin:   92 10:12:34    -2397.194160        0.815662
MDMin:   93 10:12:35    -2397.194018        0.800211
MDMin:   94 10:12:36    -2397.193949        0.798193
MDMin:   95 10:12:38    -2397.193907        0.808922
MDMin:   96 10:12:39    -2397.193858        0.821569
MDMin:   97 10:12:40    -2397.193803        0.836074
MDMin:   98 10:12:42    -2397.193742        0.852411
MDMin:   99 10:12:43    -2397.193677        0.870511
MDMin:  100 10:12:45    -2397.193607        0.890221
MDMin:  101 10:12:47    -2397.193534        0.911222
MDMin:  102 10:12:48    -2397.193457        0.932899
MDMin:  103 10:12:50    -2397.193379        0.954162
MDMin:  104 10:12:52    -2397.193299        0.973264
MDMin:  105 10:12:54    -2397.193220        0.987679
MDMin:  106 10:12:55    -2397.193140        0.994180
MDMin:  107 10:12:57    -2397.193062        0.989244
MDMin:  108 10:12:59    -2397.192986        0.995504
MDMin:  109 10:13:01    -2397.192912        1.015339
MDMin:  110 10:13:03    -2397.192839        1.005146
MDMin:  111 10:13:04    -2397.192769        0.967195
MDMin:  112 10:13:06    -2397.192702        0.914387
MDMin:  113 10:13:08    -2397.192641        0.863117
MDMin:  114 10:13:10    -2397.192601        1.295260
MDMin:  115 10:13:12    -2397.192593        0.825551
MDMin:  116 10:13:14    -2397.192582        0.816576
MDMin:  117 10:13:15    -2397.192568        0.806230
MDMin:  118 10:13:16    -2397.192554        0.794741
MDMin:  119 10:13:18    -2397.192538        0.782317
MDMin:  120 10:13:19    -2397.192521        0.769181
MDMin:  121 10:13:21    -2397.192504        0.755562
MDMin:  122 10:13:23    -2397.192488        0.741694
MDMin:  123 10:13:24    -2397.192472        0.727808
MDMin:  124 10:13:26    -2397.192457        0.714137
MDMin:  125 10:13:27    -2397.192443        0.713097
MDMin:  126 10:13:29    -2397.192432        0.708805
MDMin:  127 10:13:31    -2397.192424        0.699455
MDMin:  128 10:13:33    -2397.192420        0.685004
MDMin:  129 10:13:34    -2397.192419        0.666410
MDMin:  130 10:13:36    -2397.192423        0.647589
MDMin:  131 10:13:37    -2397.192433        0.639772
MDMin:  132 10:13:39    -2397.192449        0.632710
MDMin:  133 10:13:40    -2397.192471        0.626459
MDMin:  134 10:13:41    -2397.192494        1.048444
MDMin:  135 10:13:43    -2397.192502        0.620684
MDMin:  136 10:13:45    -2397.192510        0.619459
MDMin:  137 10:13:47    -2397.192521        0.618100
MDMin:  138 10:13:48    -2397.192533        0.616657
MDMin:  139 10:13:50    -2397.192548        0.615198
MDMin:  140 10:13:51    -2397.192566        0.613810
MDMin:  141 10:13:53    -2397.192586        0.612595
MDMin:  142 10:13:55    -2397.192610        0.611659
MDMin:  143 10:13:57    -2397.192638        0.611092
MDMin:  144 10:13:58    -2397.192669        0.610905
MDMin:  145 10:14:00    -2397.192706        0.610943
MDMin:  146 10:14:02    -2397.192747        0.610751
MDMin:  147 10:14:04    -2397.192794        0.609441
MDMin:  148 10:14:06    -2397.192848        0.605601
MDMin:  149 10:14:08    -2397.192908        0.597552
MDMin:  150 10:14:10    -2397.192976        0.583906
MDMin:  151 10:14:12    -2397.193052        0.564390
MDMin:  152 10:14:14    -2397.193133        0.541191
MDMin:  153 10:14:15    -2397.193194        0.831564
MDMin:  154 10:14:17    -2397.193213        0.531301
MDMin:  155 10:14:19    -2397.193240        0.529241
MDMin:  156 10:14:21    -2397.193272        0.526319
MDMin:  157 10:14:23    -2397.193308        0.522316
MDMin:  158 10:14:24    -2397.193350        0.517043
MDMin:  159 10:14:25    -2397.193398        0.510352
MDMin:  160 10:14:27    -2397.193453        0.502292
MDMin:  161 10:14:29    -2397.193514        0.497146
MDMin:  162 10:14:30    -2397.193583        0.491494
MDMin:  163 10:14:32    -2397.193660        0.485419
MDMin:  164 10:14:33    -2397.193747        0.479047
MDMin:  165 10:14:35    -2397.193843        0.472543
MDMin:  166 10:14:37    -2397.193950        0.466116
MDMin:  167 10:14:38    -2397.194068        0.460012
MDMin:  168 10:14:40    -2397.194198        0.454523
MDMin:  169 10:14:42    -2397.194330        0.489338
MDMin:  170 10:14:44    -2397.194422        0.622044
MDMin:  171 10:14:45    -2397.194459        0.446719
MDMin:  172 10:14:46    -2397.194507        0.445701
MDMin:  173 10:14:48    -2397.194562        0.444672
MDMin:  174 10:14:49    -2397.194626        0.443689
MDMin:  175 10:14:50    -2397.194699        0.442812
MDMin:  176 10:14:52    -2397.194781        0.442103
MDMin:  177 10:14:53    -2397.194873        0.441625
MDMin:  178 10:14:55    -2397.194976        0.441439
MDMin:  179 10:14:56    -2397.195090        0.441598
MDMin:  180 10:14:58    -2397.195216        0.442156
MDMin:  181 10:15:00    -2397.195355        0.443156
MDMin:  182 10:15:02    -2397.195507        0.444640
MDMin:  183 10:15:04    -2397.195674        0.446645
MDMin:  184 10:15:06    -2397.195856        0.449214
MDMin:  185 10:15:08    -2397.196053        0.452386
MDMin:  186 10:15:10    -2397.196263        0.456137
MDMin:  187 10:15:12    -2397.196458        0.550786
MDMin:  188 10:15:14    -2397.196570        0.462219
MDMin:  189 10:15:15    -2397.196638        0.463622
MDMin:  190 10:15:17    -2397.196716        0.465309
MDMin:  191 10:15:19    -2397.196806        0.467350
MDMin:  192 10:15:21    -2397.196909        0.469793
MDMin:  193 10:15:23    -2397.197026        0.472698
MDMin:  194 10:15:25    -2397.197155        0.476132
MDMin:  195 10:15:27    -2397.197300        0.480172
MDMin:  196 10:15:29    -2397.197458        0.484901
MDMin:  197 10:15:30    -2397.197633        0.490395
MDMin:  198 10:15:32    -2397.197823        0.496705
MDMin:  199 10:15:34    -2397.198030        0.503814
MDMin:  200 10:15:36    -2397.198255        0.511572
MDMin:  201 10:15:37    -2397.198499        0.519599
MDMin:  202 10:15:39    -2397.198761        0.527185
MDMin:  203 10:15:41    -2397.199043        0.533207
MDMin:  204 10:15:43    -2397.199343        0.536214
MDMin:  205 10:15:45    -2397.199648        0.535032
MDMin:  206 10:15:47    -2397.199891        0.688728
MDMin:  207 10:15:49    -2397.199992        0.528436
MDMin:  208 10:15:51    -2397.200097        0.525471
MDMin:  209 10:15:52    -2397.200219        0.521643
MDMin:  210 10:15:54    -2397.200358        0.516831
MDMin:  211 10:15:55    -2397.200515        0.510958
MDMin:  212 10:15:56    -2397.200636        0.503994
MDMin:  213 10:15:58    -2397.200574        0.495971
MDMin:  214 10:16:00    -2397.200505        0.486983
MDMin:  215 10:16:02    -2397.200428        0.477166
MDMin:  216 10:16:04    -2397.200343        0.466676
MDMin:  217 10:16:06    -2397.200250        0.455672
MDMin:  218 10:16:08    -2397.200148        0.444292
MDMin:  219 10:16:10    -2397.200036        0.432663
MDMin:  220 10:16:12    -2397.199915        0.423893
MDMin:  221 10:16:13    -2397.199784        0.418600
MDMin:  222 10:16:14    -2397.199650        0.413501
MDMin:  223 10:16:16    -2397.199545        0.645515
MDMin:  224 10:16:17    -2397.199506        0.409964
MDMin:  225 10:16:19    -2397.199460        0.410784
MDMin:  226 10:16:20    -2397.199406        0.411709
MDMin:  227 10:16:21    -2397.199346        0.412740
MDMin:  228 10:16:23    -2397.199280        0.413885
MDMin:  229 10:16:24    -2397.199206        0.415157
MDMin:  230 10:16:26    -2397.199125        0.416582
MDMin:  231 10:16:28    -2397.199038        0.418202
MDMin:  232 10:16:30    -2397.198944        0.420077
MDMin:  233 10:16:32    -2397.198844        0.422290
MDMin:  234 10:16:34    -2397.198737        0.424952
MDMin:  235 10:16:36    -2397.198624        0.428197
MDMin:  236 10:16:37    -2397.198505        0.432182
MDMin:  237 10:16:39    -2397.198381        0.437067
MDMin:  238 10:16:41    -2397.198253        0.442987
MDMin:  239 10:16:42    -2397.198121        0.449932
MDMin:  240 10:16:44    -2397.197999        0.467471
MDMin:  241 10:16:46    -2397.197927        0.512108
MDMin:  242 10:16:48    -2397.197899        0.463076
MDMin:  243 10:16:50    -2397.197863        0.465205
MDMin:  244 10:16:52    -2397.197821        0.467667
MDMin:  245 10:16:54    -2397.197774        0.470427
MDMin:  246 10:16:55    -2397.197722        0.473410
MDMin:  247 10:16:57    -2397.197664        0.476493
MDMin:  248 10:16:58    -2397.197602        0.479482
MDMin:  249 10:17:00    -2397.197534        0.482091
MDMin:  250 10:17:01    -2397.197462        0.483933
MDMin:  251 10:17:03    -2397.197386        0.484522
MDMin:  252 10:17:05    -2397.197306        0.483405
MDMin:  253 10:17:06    -2397.197222        0.480147
MDMin:  254 10:17:08    -2397.197134        0.474436
MDMin:  255 10:17:10    -2397.197043        0.466312
MDMin:  256 10:17:12    -2397.196949        0.467494
MDMin:  257 10:17:13    -2397.196852        0.476542
MDMin:  258 10:17:15    -2397.196752        0.486723
MDMin:  259 10:17:16    -2397.196652        0.497663
MDMin:  260 10:17:17    -2397.196553        0.508205
MDMin:  261 10:17:19    -2397.196477        0.629467
MDMin:  262 10:17:21    -2397.196449        0.517450
MDMin:  263 10:17:22    -2397.196419        0.519473
MDMin:  264 10:17:23    -2397.196385        0.521346
MDMin:  265 10:17:25    -2397.196347        0.522828
MDMin:  266 10:17:26    -2397.196305        0.523627
MDMin:  267 10:17:28    -2397.196260        0.523410
MDMin:  268 10:17:29    -2397.196211        0.521848
MDMin:  269 10:17:31    -2397.196159        0.518658
MDMin:  270 10:17:32    -2397.196104        0.513673
MDMin:  271 10:17:33    -2397.196046        0.506890
MDMin:  272 10:17:35    -2397.195986        0.498493
MDMin:  273 10:17:36    -2397.195923        0.488821
MDMin:  274 10:17:38    -2397.195857        0.478295
MDMin:  275 10:17:39    -2397.195790        0.467326
MDMin:  276 10:17:40    -2397.195722        0.456327
MDMin:  277 10:17:42    -2397.195656        0.446074
MDMin:  278 10:17:44    -2397.195609        0.554143
MDMin:  279 10:17:45    -2397.195591        0.436244
MDMin:  280 10:17:47    -2397.195570        0.433238
MDMin:  281 10:17:49    -2397.195546        0.429887
MDMin:  282 10:17:51    -2397.195519        0.426233
MDMin:  283 10:17:53    -2397.195490        0.422324
MDMin:  284 10:17:54    -2397.195458        0.418662
MDMin:  285 10:17:55    -2397.195424        0.420081
MDMin:  286 10:17:56    -2397.195388        0.421734
MDMin:  287 10:17:58    -2397.195349        0.423668
MDMin:  288 10:18:00    -2397.195309        0.426369
MDMin:  289 10:18:02    -2397.195267        0.429186
MDMin:  290 10:18:04    -2397.195224        0.431865
MDMin:  291 10:18:06    -2397.195180        0.435710
MDMin:  292 10:18:07    -2397.195135        0.440302
MDMin:  293 10:18:09    -2397.195090        0.445757
MDMin:  294 10:18:11    -2397.195045        0.452144
MDMin:  295 10:18:13    -2397.195000        0.459365
MDMin:  296 10:18:15    -2397.194959        0.466629
MDMin:  297 10:18:16    -2397.194933        0.540342
MDMin:  298 10:18:18    -2397.194923        0.473005
MDMin:  299 10:18:20    -2397.194911        0.475091
MDMin:  300 10:18:22    -2397.194897        0.477382
MDMin:  301 10:18:24    -2397.194881        0.479789
MDMin:  302 10:18:26    -2397.194865        0.482174
MDMin:  303 10:18:28    -2397.194847        0.484335
MDMin:  304 10:18:29    -2397.194829        0.486003
MDMin:  305 10:18:31    -2397.194809        0.486838
MDMin:  306 10:18:32    -2397.194789        0.486527
MDMin:  307 10:18:34    -2397.194769        0.495953
MDMin:  308 10:18:35    -2397.194748        0.511064
MDMin:  309 10:18:37    -2397.194727        0.527800
MDMin:  310 10:18:39    -2397.194707        0.546133
MDMin:  311 10:18:41    -2397.194687        0.565973
MDMin:  312 10:18:43    -2397.194668        0.587155
MDMin:  313 10:18:45    -2397.194649        0.609424
MDMin:  314 10:18:47    -2397.194633        0.632270
MDMin:  315 10:18:49    -2397.194619        0.653858
MDMin:  316 10:18:50    -2397.194611        0.667992
MDMin:  317 10:18:51    -2397.194607        0.674269
MDMin:  318 10:18:53    -2397.194603        0.681677
MDMin:  319 10:18:54    -2397.194599        0.690227
MDMin:  320 10:18:55    -2397.194595        0.699968
MDMin:  321 10:18:57    -2397.194590        0.710974
MDMin:  322 10:18:58    -2397.194586        0.723346
MDMin:  323 10:18:59    -2397.194583        0.737210
MDMin:  324 10:19:00    -2397.194579        0.752701
MDMin:  325 10:19:01    -2397.194577        0.769918
MDMin:  326 10:19:03    -2397.194575        0.788820
MDMin:  327 10:19:04    -2397.194575        0.809055
MDMin:  328 10:19:06    -2397.194576        0.829761
MDMin:  329 10:19:08    -2397.194578        0.849429
MDMin:  330 10:19:10    -2397.194582        0.866168
MDMin:  331 10:19:11    -2397.194589        0.878328
MDMin:  332 10:19:13    -2397.194597        0.885238
MDMin:  333 10:19:15    -2397.194608        0.887398
MDMin:  334 10:19:17    -2397.194622        0.886089
MDMin:  335 10:19:19    -2397.194638        0.882959
MDMin:  336 10:19:21    -2397.194652        0.879924
MDMin:  337 10:19:22    -2397.194657        0.878763
MDMin:  338 10:19:23    -2397.194663        0.877914
MDMin:  339 10:19:24    -2397.194671        0.877573
MDMin:  340 10:19:26    -2397.194680        0.878024
MDMin:  341 10:19:28    -2397.194690        0.879594
MDMin:  342 10:19:29    -2397.194703        0.882645
MDMin:  343 10:19:31    -2397.194717        0.887546
MDMin:  344 10:19:33    -2397.194733        0.894626
MDMin:  345 10:19:34    -2397.194751        0.904111
MDMin:  346 10:19:35    -2397.194771        0.916061
MDMin:  347 10:19:37    -2397.194794        0.930350
MDMin:  348 10:19:38    -2397.194820        0.946703
MDMin:  349 10:19:39    -2397.194848        0.964797
MDMin:  350 10:19:40    -2397.194880        0.984391
MDMin:  351 10:19:42    -2397.194915        1.005461
MDMin:  352 10:19:44    -2397.194953        1.028292
MDMin:  353 10:19:45    -2397.194995        1.053471
MDMin:  354 10:19:46    -2397.195040        1.081745
MDMin:  355 10:19:48    -2397.195085        1.112429
MDMin:  356 10:19:49    -2397.195121        1.137864
MDMin:  357 10:19:51    -2397.195139        1.150418
MDMin:  358 10:19:52    -2397.195157        1.163576
MDMin:  359 10:19:54    -2397.195177        1.179578
MDMin:  360 10:19:55    -2397.195201        1.198641
MDMin:  361 10:19:57    -2397.195227        1.220701
MDMin:  362 10:19:58    -2397.195256        1.245376
MDMin:  363 10:20:00    -2397.195289        1.271875
MDMin:  364 10:20:01    -2397.195325        1.298978
MDMin:  365 10:20:02    -2397.195364        1.325106
MDMin:  366 10:20:04    -2397.195407        1.348520
MDMin:  367 10:20:05    -2397.195454        1.367680
MDMin:  368 10:20:06    -2397.195505        1.381708
MDMin:  369 10:20:07    -2397.195560        1.390799
MDMin:  370 10:20:09    -2397.195620        1.396555
MDMin:  371 10:20:10    -2397.195685        1.402101
MDMin:  372 10:20:11    -2397.195754        1.411993
MDMin:  373 10:20:13    -2397.195827        1.431251
MDMin:  374 10:20:15    -2397.195894        1.458764
MDMin:  375 10:20:16    -2397.195934        1.477171
MDMin:  376 10:20:17    -2397.195961        1.492513
MDMin:  377 10:20:18    -2397.195992        1.517029
MDMin:  378 10:20:20    -2397.196027        1.555339
MDMin:  379 10:20:22    -2397.196066        1.614833
MDMin:  380 10:20:24    -2397.196109        1.711116
MDMin:  381 10:20:26    -2397.196155        1.894770
MDMin:  382 10:20:28    -2397.196203        2.105008
MDMin:  383 10:20:30    -2397.196205        1.130748
MDMin:  384 10:20:31    -2397.196213        0.967842
MDMin:  385 10:20:33    -2397.196226        0.946453
MDMin:  386 10:20:34    -2397.196241        1.056371
MDMin:  387 10:20:36    -2397.196257        1.420512
MDMin:  388 10:20:38    -2397.196275        1.733465
MDMin:  389 10:20:40    -2397.196295        2.078430
MDMin:  390 10:20:42    -2397.196317        1.872619
MDMin:  391 10:20:44    -2397.196347        1.598992
MDMin:  392 10:20:45    -2397.196384        1.216522
MDMin:  393 10:20:47    -2397.196433        0.948583
MDMin:  394 10:20:49    -2397.196500        0.888984
MDMin:  395 10:20:50    -2397.196535        1.735943
MDMin:  396 10:20:53    -2397.196546        1.244328
MDMin:  397 10:20:55    -2397.196565        0.823204
MDMin:  398 10:20:57    -2397.196595        0.785467
MDMin:  399 10:20:58    -2397.196636        0.742188
MDMin:  400 10:21:00    -2397.196674        0.782402
MDMin:  401 10:21:02    -2397.196708        1.107064
MDMin:  402 10:21:04    -2397.196742        1.385577
MDMin:  403 10:21:06    -2397.196777        1.642021
MDMin:  404 10:21:08    -2397.196814        1.893294
MDMin:  405 10:21:10    -2397.196851        2.160700
MDMin:  406 10:21:11    -2397.196889        1.756008
MDMin:  407 10:21:13    -2397.196939        1.267288
MDMin:  408 10:21:15    -2397.197007        0.747013
MDMin:  409 10:21:17    -2397.197102        0.690120
MDMin:  410 10:21:19    -2397.197207        0.785509
MDMin:  411 10:21:21    -2397.197259        1.195838
MDMin:  412 10:21:22    -2397.197300        1.935529
MDMin:  413 10:21:24    -2397.197328        1.813397
MDMin:  414 10:21:25    -2397.197365        1.584383
MDMin:  415 10:21:27    -2397.197413        1.287526
MDMin:  416 10:21:28    -2397.197474        0.938373
MDMin:  417 10:21:30    -2397.197553        0.586775
MDMin:  418 10:21:31    -2397.197658        0.535127
MDMin:  419 10:21:33    -2397.197793        0.477244
MDMin:  420 10:21:34    -2397.197931        0.442458
MDMin:  421 10:21:35    -2397.198045        0.658527
MDMin:  422 10:21:37    -2397.198145        0.825793
MDMin:  423 10:21:38    -2397.198234        0.942098
MDMin:  424 10:21:40    -2397.198316        1.492466
MDMin:  425 10:21:41    -2397.198377        1.648210
MDMin:  426 10:21:42    -2397.198445        1.605518
MDMin:  427 10:21:44    -2397.198523        1.447155
MDMin:  428 10:21:45    -2397.198615        1.218389
MDMin:  429 10:21:46    -2397.198727        0.961576
MDMin:  430 10:21:48    -2397.198868        0.713369
MDMin:  431 10:21:50    -2397.199054        0.500547
MDMin:  432 10:21:52    -2397.199308        0.339226
MDMin:  433 10:21:54    -2397.199579        0.266570
MDMin:  434 10:21:55    -2397.199510        0.245605
MDMin:  435 10:21:57    -2397.199073        0.229650
MDMin:  436 10:21:59    -2397.199016        0.550331
MDMin:  437 10:22:00    -2397.199017        0.522736
MDMin:  438 10:22:03    -2397.199018        0.442514
MDMin:  439 10:22:04    -2397.199019        0.320901
MDMin:  440 10:22:06    -2397.199014        0.192505
MDMin:  441 10:22:08    -2397.199004        0.188197
MDMin:  442 10:22:10    -2397.198990        0.182980
MDMin:  443 10:22:12    -2397.198972        0.177071
MDMin:  444 10:22:14    -2397.198952        0.170446
MDMin:  445 10:22:15    -2397.198928        0.163119
MDMin:  446 10:22:17    -2397.198900        0.155121
MDMin:  447 10:22:19    -2397.198868        0.146505
       Step     Time          Energy          fmax
MDMin:    0 11:22:36    -2393.711791        7.158580
MDMin:    1 11:22:38    -2393.712398        7.121601
MDMin:    2 11:22:40    -2393.714189        6.797800
MDMin:    3 11:22:42    -2393.717104        5.775234
MDMin:    4 11:22:43    -2393.721105        5.409134
MDMin:    5 11:22:45    -2393.726192        4.558380
MDMin:    6 11:22:47    -2393.732505        2.921168
MDMin:    7 11:22:49    -2393.740307        2.804318
MDMin:    8 11:22:50    -2393.749487        2.220073
MDMin:    9 11:22:51    -2393.760660        1.657572
MDMin:   10 11:22:53    -2393.775458        1.402894
MDMin:   11 11:22:54    -2393.795664        1.311126
MDMin:   12 11:22:56    -2393.822578        1.199246
MDMin:   13 11:22:58    -2393.859180        1.139481
MDMin:   14 11:23:00    -2393.910518        1.238975
MDMin:   15 11:23:02    -2393.968909        2.609164
MDMin:   16 11:23:04    -2393.987693        0.933292
MDMin:   17 11:23:06    -2394.014380        0.939963
MDMin:   18 11:23:08    -2394.046750        0.974167
MDMin:   19 11:23:09    -2394.086257        1.012419
MDMin:   20 11:23:11    -2394.134464        1.056665
MDMin:   21 11:23:13    -2394.193500        1.112912
MDMin:   22 11:23:15    -2394.266503        1.189758
MDMin:   23 11:23:17    -2394.358194        1.300110
MDMin:   24 11:23:19    -2394.475701        1.459772
MDMin:   25 11:23:20    -2394.629120        1.675018
MDMin:   26 11:23:21    -2394.814352        2.028856
MDMin:   27 11:23:24    -2394.999921        2.085147
MDMin:   28 11:23:26    -2395.209963        1.976004
MDMin:   29 11:23:28    -2395.429013        1.640591
MDMin:   30 11:23:30    -2395.607903        1.766419
MDMin:   31 11:23:31    -2395.753544        1.704390
MDMin:   32 11:23:33    -2395.900022        1.494013
MDMin:   33 11:23:35    -2396.055527        1.511766
MDMin:   34 11:23:37    -2396.217214        1.476145
MDMin:   35 11:23:39    -2396.350191        2.723253
MDMin:   36 11:23:40    -2396.378483        1.340152
MDMin:   37 11:23:42    -2396.408147        1.304799
MDMin:   38 11:23:43    -2396.441507        1.261927
MDMin:   39 11:23:45    -2396.477854        1.212077
MDMin:   40 11:23:47    -2396.516463        1.156147
MDMin:   41 11:23:48    -2396.556607        1.095083
MDMin:   42 11:23:50    -2396.597557        1.029584
MDMin:   43 11:23:52    -2396.638575        0.960197
MDMin:   44 11:23:53    -2396.678964        0.887368
MDMin:   45 11:23:55    -2396.718174        0.818627
MDMin:   46 11:23:56    -2396.755944        0.815346
MDMin:   47 11:23:57    -2396.792358        0.795892
MDMin:   48 11:23:59    -2396.827785        0.753637
MDMin:   49 11:24:00    -2396.862713        0.689590
MDMin:   50 11:24:02    -2396.897515        0.706124
MDMin:   51 11:24:03    -2396.932352        0.718842
MDMin:   52 11:24:05    -2396.966996        0.718754
MDMin:   53 11:24:07    -2396.997244        1.257616
MDMin:   54 11:24:09    -2397.007481        0.684505
MDMin:   55 11:24:11    -2397.014579        0.674106
MDMin:   56 11:24:12    -2397.022819        0.660675
MDMin:   57 11:24:14    -2397.032244        0.643813
MDMin:   58 11:24:16    -2397.042869        0.623411
MDMin:   59 11:24:18    -2397.054724        0.599749
MDMin:   60 11:24:20    -2397.067851        0.573588
MDMin:   61 11:24:21    -2397.082314        0.546149
MDMin:   62 11:24:23    -2397.098201        0.541556
MDMin:   63 11:24:25    -2397.115634        0.564512
MDMin:   64 11:24:27    -2397.134772        0.589548
MDMin:   65 11:24:28    -2397.155813        0.615859
MDMin:   66 11:24:30    -2397.178981        0.641901
MDMin:   67 11:24:31    -2397.193092        0.665367
MDMin:   68 11:24:32    -2397.193762        0.683295
MDMin:   69 11:24:33    -2397.194461        0.694012
MDMin:   70 11:24:35    -2397.195202        0.691362
MDMin:   71 11:24:36    -2397.195989        0.667321
MDMin:   72 11:24:38    -2397.196211        0.616933
MDMin:   73 11:24:39    -2397.196281        0.547500
MDMin:   74 11:24:41    -2397.196250        1.125928
MDMin:   75 11:24:43    -2397.196227        0.516500
MDMin:   76 11:24:45    -2397.196196        0.520855
MDMin:   77 11:24:46    -2397.196155        0.526712
MDMin:   78 11:24:48    -2397.196102        0.533724
MDMin:   79 11:24:49    -2397.196037        0.542060
MDMin:   80 11:24:51    -2397.195958        0.551924
MDMin:   81 11:24:53    -2397.195864        0.563566
MDMin:   82 11:24:54    -2397.195756        0.577288
MDMin:   83 11:24:56    -2397.195634        0.593445
MDMin:   84 11:24:58    -2397.195499        0.612427
MDMin:   85 11:25:00    -2397.195352        0.634615
MDMin:   86 11:25:02    -2397.195194        0.660327
MDMin:   87 11:25:03    -2397.195028        0.689693
MDMin:   88 11:25:05    -2397.194856        0.722314
MDMin:   89 11:25:07    -2397.194681        0.756560
MDMin:   90 11:25:09    -2397.194504        0.788513
MDMin:   91 11:25:11    -2397.194329        0.811136
MDMin:   92 11:25:13    -2397.194160        0.815662
MDMin:   93 11:25:15    -2397.194018        0.800211
MDMin:   94 11:25:16    -2397.193949        0.798193
MDMin:   95 11:25:17    -2397.193907        0.808922
MDMin:   96 11:25:18    -2397.193858        0.821569
MDMin:   97 11:25:20    -2397.193803        0.836074
MDMin:   98 11:25:22    -2397.193742        0.852411
MDMin:   99 11:25:24    -2397.193677        0.870511
MDMin:  100 11:25:25    -2397.193607        0.890221
MDMin:  101 11:25:26    -2397.193534        0.911222
MDMin:  102 11:25:28    -2397.193457        0.932899
MDMin:  103 11:25:30    -2397.193379        0.954162
MDMin:  104 11:25:32    -2397.193299        0.973264
MDMin:  105 11:25:34    -2397.193220        0.987679
MDMin:  106 11:25:35    -2397.193140        0.994180
MDMin:  107 11:25:36    -2397.193062        0.989244
MDMin:  108 11:25:37    -2397.192986        0.995504
MDMin:  109 11:25:38    -2397.192912        1.015339
MDMin:  110 11:25:40    -2397.192839        1.005146
MDMin:  111 11:25:41    -2397.192769        0.967195
MDMin:  112 11:25:42    -2397.192702        0.914387
MDMin:  113 11:25:43    -2397.192641        0.863117
MDMin:  114 11:25:45    -2397.192601        1.295261
MDMin:  115 11:25:46    -2397.192593        0.825551
MDMin:  116 11:25:47    -2397.192582        0.816576
MDMin:  117 11:25:49    -2397.192568        0.806230
MDMin:  118 11:25:51    -2397.192554        0.794741
MDMin:  119 11:25:53    -2397.192538        0.782317
MDMin:  120 11:25:55    -2397.192521        0.769181
MDMin:  121 11:25:57    -2397.192504        0.755562
MDMin:  122 11:25:59    -2397.192488        0.741694
MDMin:  123 11:26:01    -2397.192472        0.727808
MDMin:  124 11:26:02    -2397.192457        0.714137
MDMin:  125 11:26:03    -2397.192443        0.713097
MDMin:  126 11:26:05    -2397.192432        0.708805
MDMin:  127 11:26:06    -2397.192424        0.699455
MDMin:  128 11:26:07    -2397.192420        0.685004
MDMin:  129 11:26:09    -2397.192419        0.666410
MDMin:  130 11:26:10    -2397.192423        0.647589
MDMin:  131 11:26:12    -2397.192433        0.639772
MDMin:  132 11:26:13    -2397.192449        0.632710
MDMin:  133 11:26:14    -2397.192471        0.626459
MDMin:  134 11:26:16    -2397.192494        1.048440
MDMin:  135 11:26:17    -2397.192502        0.620684
MDMin:  136 11:26:19    -2397.192510        0.619459
MDMin:  137 11:26:21    -2397.192521        0.618100
MDMin:  138 11:26:22    -2397.192533        0.616657
MDMin:  139 11:26:24    -2397.192548        0.615198
MDMin:  140 11:26:26    -2397.192566        0.613810
MDMin:  141 11:26:27    -2397.192586        0.612595
MDMin:  142 11:26:29    -2397.192610        0.611659
MDMin:  143 11:26:31    -2397.192638        0.611092
MDMin:  144 11:26:32    -2397.192669        0.610905
MDMin:  145 11:26:34    -2397.192706        0.610943
MDMin:  146 11:26:35    -2397.192747        0.610751
MDMin:  147 11:26:37    -2397.192794        0.609441
MDMin:  148 11:26:39    -2397.192848        0.605601
MDMin:  149 11:26:41    -2397.192908        0.597552
MDMin:  150 11:26:43    -2397.192976        0.583906
MDMin:  151 11:26:45    -2397.193052        0.564391
MDMin:  152 11:26:47    -2397.193133        0.541191
MDMin:  153 11:26:48    -2397.193194        0.831586
MDMin:  154 11:26:49    -2397.193213        0.531300
MDMin:  155 11:26:51    -2397.193240        0.529241
MDMin:  156 11:26:52    -2397.193272        0.526318
MDMin:  157 11:26:53    -2397.193308        0.522315
MDMin:  158 11:26:54    -2397.193350        0.517041
MDMin:  159 11:26:56    -2397.193398        0.510349
MDMin:  160 11:26:57    -2397.193453        0.502290
MDMin:  161 11:26:59    -2397.193514        0.497143
MDMin:  162 11:27:01    -2397.193583        0.491492
MDMin:  163 11:27:03    -2397.193660        0.485417
MDMin:  164 11:27:04    -2397.193747        0.479044
MDMin:  165 11:27:05    -2397.193843        0.472540
MDMin:  166 11:27:06    -2397.193950        0.466113
MDMin:  167 11:27:08    -2397.194068        0.460009
MDMin:  168 11:27:09    -2397.194198        0.454521
MDMin:  169 11:27:11    -2397.194330        0.489955
MDMin:  170 11:27:13    -2397.194422        0.621400
MDMin:  171 11:27:15    -2397.194459        0.446722
MDMin:  172 11:27:16    -2397.194506        0.445704
MDMin:  173 11:27:18    -2397.194562        0.444675
MDMin:  174 11:27:20    -2397.194626        0.443692
MDMin:  175 11:27:22    -2397.194699        0.442814
MDMin:  176 11:27:24    -2397.194781        0.442105
MDMin:  177 11:27:25    -2397.194873        0.441626
MDMin:  178 11:27:27    -2397.194976        0.441438
MDMin:  179 11:27:29    -2397.195090        0.441597
MDMin:  180 11:27:30    -2397.195216        0.442153
MDMin:  181 11:27:31    -2397.195354        0.443152
MDMin:  182 11:27:33    -2397.195507        0.444634
MDMin:  183 11:27:34    -2397.195674        0.446638
MDMin:  184 11:27:35    -2397.195855        0.449205
MDMin:  185 11:27:37    -2397.196053        0.452375
MDMin:  186 11:27:39    -2397.196262        0.456127
MDMin:  187 11:27:41    -2397.196458        0.548492
MDMin:  188 11:27:42    -2397.196571        0.462239
MDMin:  189 11:27:44    -2397.196638        0.463635
MDMin:  190 11:27:46    -2397.196716        0.465316
MDMin:  191 11:27:47    -2397.196806        0.467350
MDMin:  192 11:27:49    -2397.196909        0.469786
MDMin:  193 11:27:51    -2397.197025        0.472682
MDMin:  194 11:27:52    -2397.197154        0.476106
MDMin:  195 11:27:54    -2397.197298        0.480135
MDMin:  196 11:27:56    -2397.197457        0.484851
MDMin:  197 11:27:57    -2397.197631        0.490331
MDMin:  198 11:27:59    -2397.197821        0.496625
MDMin:  199 11:28:01    -2397.198028        0.503719
MDMin:  200 11:28:02    -2397.198252        0.511465
MDMin:  201 11:28:03    -2397.198495        0.519487
MDMin:  202 11:28:05    -2397.198757        0.527083
MDMin:  203 11:28:07    -2397.199039        0.533137
MDMin:  204 11:28:08    -2397.199339        0.536201
MDMin:  205 11:28:10    -2397.199648        0.535043
MDMin:  206 11:28:12    -2397.199909        0.690203
MDMin:  207 11:28:14    -2397.200022        0.527679
MDMin:  208 11:28:15    -2397.200124        0.524698
MDMin:  209 11:28:16    -2397.200243        0.520885
MDMin:  210 11:28:18    -2397.200379        0.516116
MDMin:  211 11:28:20    -2397.200532        0.510316
MDMin:  212 11:28:22    -2397.200624        0.503459
MDMin:  213 11:28:23    -2397.200563        0.495567
MDMin:  214 11:28:24    -2397.200495        0.486731
MDMin:  215 11:28:26    -2397.200420        0.477075
MDMin:  216 11:28:28    -2397.200337        0.466748
MDMin:  217 11:28:30    -2397.200245        0.455901
MDMin:  218 11:28:32    -2397.200145        0.444670
MDMin:  219 11:28:34    -2397.200035        0.433176
MDMin:  220 11:28:36    -2397.199915        0.424147
MDMin:  221 11:28:38    -2397.199786        0.418895
MDMin:  222 11:28:39    -2397.199651        0.413735
MDMin:  223 11:28:40    -2397.199532        0.610162
MDMin:  224 11:28:41    -2397.199479        0.410442
MDMin:  225 11:28:43    -2397.199437        0.411177
MDMin:  226 11:28:45    -2397.199388        0.412006
MDMin:  227 11:28:47    -2397.199333        0.412942
MDMin:  228 11:28:48    -2397.199271        0.413991
MDMin:  229 11:28:49    -2397.199202        0.415167
MDMin:  230 11:28:51    -2397.199126        0.416492
MDMin:  231 11:28:52    -2397.199044        0.418001
MDMin:  232 11:28:54    -2397.198955        0.419748
MDMin:  233 11:28:55    -2397.198859        0.421805
MDMin:  234 11:28:57    -2397.198757        0.424271
MDMin:  235 11:28:58    -2397.198649        0.427265
MDMin:  236 11:29:00    -2397.198535        0.430930
MDMin:  237 11:29:02    -2397.198416        0.435407
MDMin:  238 11:29:04    -2397.198294        0.440765
MDMin:  239 11:29:06    -2397.198176        0.446616
MDMin:  240 11:29:07    -2397.198094        0.511917
MDMin:  241 11:29:09    -2397.198057        0.453043
MDMin:  242 11:29:10    -2397.198017        0.455347
MDMin:  243 11:29:12    -2397.197970        0.458054
MDMin:  244 11:29:13    -2397.197919        0.461164
MDMin:  245 11:29:15    -2397.197861        0.464652
MDMin:  246 11:29:17    -2397.197799        0.468459
MDMin:  247 11:29:19    -2397.197731        0.472462
MDMin:  248 11:29:20    -2397.197658        0.476458
MDMin:  249 11:29:22    -2397.197581        0.480126
MDMin:  250 11:29:24    -2397.197500        0.483007
MDMin:  251 11:29:26    -2397.197415        0.484500
MDMin:  252 11:29:28    -2397.197325        0.483972
MDMin:  253 11:29:29    -2397.197233        0.480906
MDMin:  254 11:29:31    -2397.197136        0.474918
MDMin:  255 11:29:32    -2397.197038        0.466099
MDMin:  256 11:29:34    -2397.196937        0.468509
MDMin:  257 11:29:35    -2397.196838        0.477835
MDMin:  258 11:29:36    -2397.196759        0.588862
MDMin:  259 11:29:38    -2397.196727        0.489096
MDMin:  260 11:29:40    -2397.196696        0.492262
MDMin:  261 11:29:42    -2397.196661        0.495910
MDMin:  262 11:29:44    -2397.196623        0.500012
MDMin:  263 11:29:46    -2397.196580        0.504481
MDMin:  264 11:29:48    -2397.196533        0.509161
MDMin:  265 11:29:49    -2397.196483        0.513802
MDMin:  266 11:29:51    -2397.196429        0.518036
MDMin:  267 11:29:53    -2397.196372        0.521373
MDMin:  268 11:29:55    -2397.196311        0.523242
MDMin:  269 11:29:56    -2397.196248        0.523056
MDMin:  270 11:29:58    -2397.196183        0.520339
MDMin:  271 11:29:59    -2397.196114        0.514862
MDMin:  272 11:30:01    -2397.196044        0.506754
MDMin:  273 11:30:02    -2397.195971        0.496518
MDMin:  274 11:30:05    -2397.195898        0.484994
MDMin:  275 11:30:06    -2397.195829        0.473730
MDMin:  276 11:30:07    -2397.195784        0.512505
MDMin:  277 11:30:08    -2397.195765        0.463209
MDMin:  278 11:30:09    -2397.195743        0.459593
MDMin:  279 11:30:11    -2397.195717        0.455523
MDMin:  280 11:30:12    -2397.195689        0.451043
MDMin:  281 11:30:13    -2397.195657        0.446200
MDMin:  282 11:30:15    -2397.195623        0.441047
MDMin:  283 11:30:16    -2397.195586        0.435640
MDMin:  284 11:30:17    -2397.195547        0.430041
MDMin:  285 11:30:19    -2397.195505        0.424321
MDMin:  286 11:30:20    -2397.195461        0.418561
MDMin:  287 11:30:22    -2397.195415        0.420373
MDMin:  288 11:30:23    -2397.195368        0.422701
MDMin:  289 11:30:25    -2397.195319        0.425516
MDMin:  290 11:30:27    -2397.195269        0.429028
MDMin:  291 11:30:29    -2397.195218        0.432547
MDMin:  292 11:30:31    -2397.195167        0.437212
MDMin:  293 11:30:33    -2397.195115        0.442809
MDMin:  294 11:30:35    -2397.195065        0.449361
MDMin:  295 11:30:37    -2397.195021        0.518330
MDMin:  296 11:30:39    -2397.194998        0.459686
MDMin:  297 11:30:41    -2397.194989        0.461206
MDMin:  298 11:30:42    -2397.194977        0.463199
MDMin:  299 11:30:44    -2397.194963        0.465542
MDMin:  300 11:30:46    -2397.194947        0.468222
MDMin:  301 11:30:48    -2397.194930        0.471204
MDMin:  302 11:30:50    -2397.194912        0.474418
MDMin:  303 11:30:52    -2397.194892        0.477742
MDMin:  304 11:30:53    -2397.194872        0.480985
MDMin:  305 11:30:54    -2397.194850        0.483864
MDMin:  306 11:30:56    -2397.194828        0.485997
MDMin:  307 11:30:57    -2397.194805        0.486922
MDMin:  308 11:30:59    -2397.194782        0.486570
MDMin:  309 11:31:01    -2397.194759        0.502411
MDMin:  310 11:31:03    -2397.194736        0.520008
MDMin:  311 11:31:04    -2397.194714        0.539335
MDMin:  312 11:31:06    -2397.194692        0.560293
MDMin:  313 11:31:08    -2397.194671        0.582704
MDMin:  314 11:31:09    -2397.194652        0.606324
MDMin:  315 11:31:11    -2397.194634        0.630890
MDMin:  316 11:31:13    -2397.194618        0.656164
MDMin:  317 11:31:15    -2397.194604        0.681671
MDMin:  318 11:31:16    -2397.194594        0.704289
MDMin:  319 11:31:18    -2397.194590        0.714243
MDMin:  320 11:31:20    -2397.194588        0.719727
MDMin:  321 11:31:22    -2397.194586        0.726601
MDMin:  322 11:31:24    -2397.194583        0.734758
MDMin:  323 11:31:26    -2397.194581        0.744289
MDMin:  324 11:31:27    -2397.194579        0.755287
MDMin:  325 11:31:29    -2397.194577        0.767832
MDMin:  326 11:31:30    -2397.194576        0.781951
MDMin:  327 11:31:32    -2397.194575        0.797551
MDMin:  328 11:31:34    -2397.194575        0.814318
MDMin:  329 11:31:35    -2397.194576        0.831595
MDMin:  330 11:31:36    -2397.194578        0.848303
MDMin:  331 11:31:38    -2397.194582        0.863085
MDMin:  332 11:31:39    -2397.194587        0.874627
MDMin:  333 11:31:40    -2397.194594        0.882131
MDMin:  334 11:31:41    -2397.194603        0.885608
MDMin:  335 11:31:43    -2397.194614        0.885760
MDMin:  336 11:31:44    -2397.194629        0.883745
MDMin:  337 11:31:46    -2397.194646        0.881070
MDMin:  338 11:31:48    -2397.194666        0.879703
MDMin:  339 11:31:50    -2397.194688        0.881572
MDMin:  340 11:31:52    -2397.194705        0.885100
MDMin:  341 11:31:53    -2397.194711        0.886850
MDMin:  342 11:31:55    -2397.194719        0.889684
MDMin:  343 11:31:56    -2397.194729        0.893663
MDMin:  344 11:31:58    -2397.194741        0.899024
MDMin:  345 11:32:00    -2397.194754        0.905958
MDMin:  346 11:32:02    -2397.194769        0.914599
MDMin:  347 11:32:04    -2397.194786        0.925001
MDMin:  348 11:32:06    -2397.194806        0.937128
MDMin:  349 11:32:08    -2397.194828        0.950878
MDMin:  350 11:32:09    -2397.194852        0.966122
MDMin:  351 11:32:11    -2397.194879        0.982770
MDMin:  352 11:32:13    -2397.194909        1.000843
MDMin:  353 11:32:15    -2397.194942        1.020539
MDMin:  354 11:32:17    -2397.194979        1.042271
MDMin:  355 11:32:19    -2397.195019        1.066735
MDMin:  356 11:32:20    -2397.195062        1.094915
MDMin:  357 11:32:22    -2397.195107        1.127620
MDMin:  358 11:32:23    -2397.195153        1.162941
MDMin:  359 11:32:25    -2397.195187        1.190153
MDMin:  360 11:32:27    -2397.195207        1.205420
MDMin:  361 11:32:29    -2397.195228        1.222019
MDMin:  362 11:32:31    -2397.195251        1.241143
MDMin:  363 11:32:33    -2397.195278        1.262480
MDMin:  364 11:32:34    -2397.195308        1.285325
MDMin:  365 11:32:35    -2397.195341        1.308635
MDMin:  366 11:32:37    -2397.195378        1.331098
MDMin:  367 11:32:38    -2397.195418        1.351300
MDMin:  368 11:32:40    -2397.195462        1.367999
MDMin:  369 11:32:42    -2397.195510        1.380465
MDMin:  370 11:32:44    -2397.195562        1.388833
MDMin:  371 11:32:46    -2397.195619        1.394385
MDMin:  372 11:32:48    -2397.195681        1.399686
MDMin:  373 11:32:49    -2397.195747        1.408436
MDMin:  374 11:32:51    -2397.195815        1.424237
MDMin:  375 11:32:52    -2397.195874        1.444192
MDMin:  376 11:32:53    -2397.195911        1.458899
MDMin:  377 11:32:54    -2397.195943        1.475510
MDMin:  378 11:32:55    -2397.195977        1.500640
MDMin:  379 11:32:57    -2397.196015        1.539321
MDMin:  380 11:32:59    -2397.196057        1.599127
MDMin:  381 11:33:00    -2397.196104        1.695799
MDMin:  382 11:33:01    -2397.196153        1.878911
MDMin:  383 11:33:03    -2397.196204        2.800689
MDMin:  384 11:33:04    -2397.196221        2.578056
MDMin:  385 11:33:06    -2397.196243        2.359039
MDMin:  386 11:33:08    -2397.196273        2.112949
MDMin:  387 11:33:09    -2397.196310        1.826396
MDMin:  388 11:33:11    -2397.196359        1.487874
MDMin:  389 11:33:12    -2397.196423        1.092206
MDMin:  390 11:33:14    -2397.196509        0.753145
MDMin:  391 11:33:15    -2397.196625        0.658794
MDMin:  392 11:33:16    -2397.196754        0.578228
MDMin:  393 11:33:18    -2397.196871        0.711063
MDMin:  394 11:33:20    -2397.196979        0.904008
MDMin:  395 11:33:21    -2397.197082        1.064996
MDMin:  396 11:33:23    -2397.197184        1.204425
MDMin:  397 11:33:24    -2397.197286        1.331072
MDMin:  398 11:33:25    -2397.197388        1.452419
MDMin:  399 11:33:26    -2397.197491        1.575137
MDMin:  400 11:33:28    -2397.197594        1.701502
MDMin:  401 11:33:30    -2397.197691        1.822960
MDMin:  402 11:33:32    -2397.197778        1.916781
MDMin:  403 11:33:33    -2397.197848        1.968101
MDMin:  404 11:33:35    -2397.197910        1.985531
MDMin:  405 11:33:36    -2397.197973        1.959254
MDMin:  406 11:33:38    -2397.198038        1.675833
MDMin:  407 11:33:39    -2397.198106        1.786961
MDMin:  408 11:33:41    -2397.198183        1.760693
MDMin:  409 11:33:43    -2397.198271        1.654593
MDMin:  410 11:33:45    -2397.198373        1.476820
MDMin:  411 11:33:47    -2397.198492        1.236917
MDMin:  412 11:33:48    -2397.198630        0.967641
MDMin:  413 11:33:50    -2397.198752        0.834260
MDMin:  414 11:33:52    -2397.198787        0.722809
MDMin:  415 11:33:54    -2397.198839        0.659334
MDMin:  416 11:33:55    -2397.198902        0.591571
MDMin:  417 11:33:56    -2397.198978        0.521190
MDMin:  418 11:33:58    -2397.199071        0.451283
MDMin:  419 11:34:00    -2397.199181        0.385114
MDMin:  420 11:34:02    -2397.199314        0.326082
MDMin:  421 11:34:03    -2397.199471        0.308171
MDMin:  422 11:34:05    -2397.199584        0.293345
MDMin:  423 11:34:06    -2397.199568        0.370312
MDMin:  424 11:34:08    -2397.199563        0.280651
MDMin:  425 11:34:10    -2397.199556        0.277259
MDMin:  426 11:34:12    -2397.199548        0.273404
MDMin:  427 11:34:14    -2397.199537        0.269051
MDMin:  428 11:34:16    -2397.199524        0.264150
MDMin:  429 11:34:18    -2397.199507        0.258622
MDMin:  430 11:34:20    -2397.199488        0.252363
MDMin:  431 11:34:22    -2397.199464        0.245245
MDMin:  432 11:34:23    -2397.199435        0.237129
MDMin:  433 11:34:25    -2397.199401        0.227882
MDMin:  434 11:34:26    -2397.199361        0.217392
MDMin:  435 11:34:27    -2397.199314        0.205607
MDMin:  436 11:34:28    -2397.199260        0.192612
MDMin:  437 11:34:29    -2397.199201        0.179090
MDMin:  438 11:34:31    -2397.199151        0.232429
MDMin:  439 11:34:32    -2397.199132        0.164617
MDMin:  440 11:34:34    -2397.199110        0.160296
MDMin:  441 11:34:36    -2397.199084        0.155331
MDMin:  442 11:34:38    -2397.199054        0.149737
