       Step     Time          Energy          fmax
MDMin:    0 10:09:20    -2397.199189        0.149741
MDMin:    1 10:09:22    -2397.199189        0.149730
MDMin:    2 10:09:24    -2397.199186        0.149698
MDMin:    3 10:09:26    -2397.199181        0.149645
MDMin:    4 10:09:28    -2397.199175        0.149569
MDMin:    5 10:09:30    -2397.199167        0.149471
MDMin:    6 10:09:32    -2397.199157        0.149350
MDMin:    7 10:09:34    -2397.199145        0.149205
MDMin:    8 10:09:36    -2397.199132        0.149035
MDMin:    9 10:09:38    -2397.199116        0.148839
MDMin:   10 10:09:40    -2397.199099        0.148615
MDMin:   11 10:09:42    -2397.199080        0.148362
MDMin:   12 10:09:44    -2397.199060        0.148078
MDMin:   13 10:09:46    -2397.199038        0.147762
MDMin:   14 10:09:47    -2397.199014        0.147412
MDMin:   15 10:09:49    -2397.198988        0.147026
MDMin:   16 10:09:50    -2397.198961        0.146602
MDMin:   17 10:09:52    -2397.198932        0.146137
MDMin:   18 10:09:54    -2397.198901        0.145629
MDMin:   19 10:09:55    -2397.198869        0.145077
MDMin:   20 10:09:56    -2397.198836        0.144477
MDMin:   21 10:09:58    -2397.198801        0.143827
MDMin:   22 10:10:00    -2397.198764        0.143126
MDMin:   23 10:10:02    -2397.198726        0.142371
MDMin:   24 10:10:04    -2397.198686        0.141559
MDMin:   25 10:10:06    -2397.198645        0.140689
MDMin:   26 10:10:08    -2397.198603        0.139757
MDMin:   27 10:10:10    -2397.198559        0.138764
MDMin:   28 10:10:12    -2397.198514        0.137705
MDMin:   29 10:10:14    -2397.198467        0.136581
MDMin:   30 10:10:16    -2397.198420        0.135389
MDMin:   31 10:10:18    -2397.198371        0.134128
MDMin:   32 10:10:19    -2397.198321        0.132798
MDMin:   33 10:10:21    -2397.198270        0.131398
MDMin:   34 10:10:23    -2397.198217        0.129927
MDMin:   35 10:10:25    -2397.198164        0.128386
MDMin:   36 10:10:27    -2397.198110        0.127790
MDMin:   37 10:10:28    -2397.198054        0.127493
MDMin:   38 10:10:30    -2397.197998        0.127129
MDMin:   39 10:10:31    -2397.197941        0.126692
MDMin:   40 10:10:33    -2397.197883        0.126176
MDMin:   41 10:10:35    -2397.197824        0.125577
MDMin:   42 10:10:37    -2397.197764        0.124888
MDMin:   43 10:10:38    -2397.197704        0.124104
MDMin:   44 10:10:39    -2397.197643        0.123221
MDMin:   45 10:10:40    -2397.197581        0.122234
MDMin:   46 10:10:42    -2397.197519        0.121138
MDMin:   47 10:10:43    -2397.197456        0.119932
MDMin:   48 10:10:44    -2397.197393        0.118611
MDMin:   49 10:10:45    -2397.197330        0.117174
MDMin:   50 10:10:47    -2397.197266        0.115619
MDMin:   51 10:10:48    -2397.197202        0.113947
MDMin:   52 10:10:49    -2397.197137        0.112156
MDMin:   53 10:10:50    -2397.197072        0.110248
MDMin:   54 10:10:52    -2397.197008        0.108226
MDMin:   55 10:10:54    -2397.196943        0.106092
MDMin:   56 10:10:56    -2397.196878        0.103850
MDMin:   57 10:10:58    -2397.196813        0.101507
MDMin:   58 10:11:00    -2397.196748        0.099067
MDMin:   59 10:11:02    -2397.196684        0.096538
MDMin:   60 10:11:04    -2397.196619        0.093928
MDMin:   61 10:11:06    -2397.196555        0.091245
MDMin:   62 10:11:08    -2397.196492        0.088498
MDMin:   63 10:11:10    -2397.196428        0.085698
MDMin:   64 10:11:12    -2397.196365        0.082856
MDMin:   65 10:11:14    -2397.196303        0.079983
MDMin:   66 10:11:16    -2397.196242        0.077091
MDMin:   67 10:11:18    -2397.196181        0.074191
MDMin:   68 10:11:20    -2397.196121        0.071294
MDMin:   69 10:11:22    -2397.196061        0.068410
MDMin:   70 10:11:24    -2397.196003        0.065548
MDMin:   71 10:11:26    -2397.195945        0.062718
MDMin:   72 10:11:28    -2397.195889        0.059926
MDMin:   73 10:11:30    -2397.195834        0.057181
MDMin:   74 10:11:31    -2397.195780        0.054489
MDMin:   75 10:11:34    -2397.195727        0.051854
MDMin:   76 10:11:36    -2397.195675        0.049281
       Step     Time          Energy          fmax
MDMin:    0 10:22:19    -2397.198868        0.146505
MDMin:    1 10:22:21    -2397.198867        0.146456
MDMin:    2 10:22:23    -2397.198865        0.146310
MDMin:    3 10:22:24    -2397.198861        0.146065
MDMin:    4 10:22:26    -2397.198855        0.145722
MDMin:    5 10:22:28    -2397.198847        0.145282
MDMin:    6 10:22:30    -2397.198838        0.144745
MDMin:    7 10:22:32    -2397.198827        0.144110
MDMin:    8 10:22:34    -2397.198815        0.143379
MDMin:    9 10:22:36    -2397.198800        0.142552
MDMin:   10 10:22:38    -2397.198785        0.141629
MDMin:   11 10:22:40    -2397.198767        0.140611
MDMin:   12 10:22:42    -2397.198748        0.139499
MDMin:   13 10:22:44    -2397.198728        0.138293
MDMin:   14 10:22:46    -2397.198705        0.136996
MDMin:   15 10:22:47    -2397.198682        0.135608
MDMin:   16 10:22:48    -2397.198656        0.134130
MDMin:   17 10:22:50    -2397.198630        0.132564
MDMin:   18 10:22:51    -2397.198602        0.130912
MDMin:   19 10:22:52    -2397.198572        0.129176
MDMin:   20 10:22:54    -2397.198541        0.127359
MDMin:   21 10:22:55    -2397.198508        0.126071
MDMin:   22 10:22:57    -2397.198474        0.126049
MDMin:   23 10:22:59    -2397.198439        0.125997
MDMin:   24 10:23:00    -2397.198403        0.125912
MDMin:   25 10:23:02    -2397.198365        0.125789
MDMin:   26 10:23:03    -2397.198326        0.125626
MDMin:   27 10:23:05    -2397.198286        0.125418
MDMin:   28 10:23:07    -2397.198244        0.125162
MDMin:   29 10:23:09    -2397.198202        0.124855
MDMin:   30 10:23:10    -2397.198158        0.124491
MDMin:   31 10:23:12    -2397.198113        0.124069
MDMin:   32 10:23:14    -2397.198067        0.123585
MDMin:   33 10:23:15    -2397.198020        0.123035
MDMin:   34 10:23:17    -2397.197972        0.122417
MDMin:   35 10:23:18    -2397.197923        0.121727
MDMin:   36 10:23:20    -2397.197874        0.120964
MDMin:   37 10:23:21    -2397.197823        0.120126
MDMin:   38 10:23:23    -2397.197771        0.119209
MDMin:   39 10:23:25    -2397.197719        0.118213
MDMin:   40 10:23:27    -2397.197666        0.117138
MDMin:   41 10:23:29    -2397.197612        0.115981
MDMin:   42 10:23:31    -2397.197558        0.114743
MDMin:   43 10:23:32    -2397.197503        0.113425
MDMin:   44 10:23:34    -2397.197447        0.112026
MDMin:   45 10:23:36    -2397.197391        0.110548
MDMin:   46 10:23:38    -2397.197334        0.108994
MDMin:   47 10:23:40    -2397.197277        0.107364
MDMin:   48 10:23:42    -2397.197219        0.105661
MDMin:   49 10:23:44    -2397.197161        0.103890
MDMin:   50 10:23:46    -2397.197103        0.102052
MDMin:   51 10:23:48    -2397.197044        0.100291
MDMin:   52 10:23:50    -2397.196986        0.099224
MDMin:   53 10:23:51    -2397.196926        0.098071
MDMin:   54 10:23:52    -2397.196867        0.096830
MDMin:   55 10:23:53    -2397.196808        0.095499
MDMin:   56 10:23:55    -2397.196749        0.094075
MDMin:   57 10:23:56    -2397.196689        0.092559
MDMin:   58 10:23:58    -2397.196630        0.090950
MDMin:   59 10:24:00    -2397.196571        0.089250
MDMin:   60 10:24:01    -2397.196512        0.087460
MDMin:   61 10:24:02    -2397.196453        0.085584
MDMin:   62 10:24:04    -2397.196395        0.083624
MDMin:   63 10:24:05    -2397.196337        0.081586
MDMin:   64 10:24:07    -2397.196279        0.079475
MDMin:   65 10:24:08    -2397.196222        0.077298
MDMin:   66 10:24:10    -2397.196165        0.075063
MDMin:   67 10:24:12    -2397.196109        0.072778
MDMin:   68 10:24:14    -2397.196054        0.070452
MDMin:   69 10:24:15    -2397.195999        0.068093
MDMin:   70 10:24:16    -2397.195945        0.065711
MDMin:   71 10:24:18    -2397.195892        0.063312
MDMin:   72 10:24:20    -2397.195840        0.060906
MDMin:   73 10:24:22    -2397.195788        0.058501
MDMin:   74 10:24:23    -2397.195738        0.056105
MDMin:   75 10:24:25    -2397.195689        0.053723
MDMin:   76 10:24:26    -2397.195641        0.051364
MDMin:   77 10:24:27    -2397.195594        0.049034
       Step     Time          Energy          fmax
MDMin:    0 11:34:38    -2397.199054        0.149737
MDMin:    1 11:34:40    -2397.199053        0.149687
MDMin:    2 11:34:42    -2397.199051        0.149539
MDMin:    3 11:34:44    -2397.199046        0.149292
MDMin:    4 11:34:46    -2397.199040        0.148946
MDMin:    5 11:34:48    -2397.199032        0.148501
MDMin:    6 11:34:49    -2397.199023        0.147958
MDMin:    7 11:34:50    -2397.199011        0.147317
MDMin:    8 11:34:52    -2397.198998        0.146578
MDMin:    9 11:34:54    -2397.198983        0.145741
MDMin:   10 11:34:55    -2397.198967        0.144808
MDMin:   11 11:34:56    -2397.198948        0.143778
MDMin:   12 11:34:57    -2397.198929        0.142653
MDMin:   13 11:34:59    -2397.198907        0.141433
MDMin:   14 11:35:00    -2397.198884        0.140120
MDMin:   15 11:35:02    -2397.198859        0.138715
MDMin:   16 11:35:04    -2397.198833        0.137218
MDMin:   17 11:35:06    -2397.198805        0.135632
MDMin:   18 11:35:08    -2397.198775        0.133958
MDMin:   19 11:35:11    -2397.198744        0.132198
MDMin:   20 11:35:13    -2397.198712        0.132121
MDMin:   21 11:35:15    -2397.198678        0.132037
MDMin:   22 11:35:16    -2397.198642        0.131925
MDMin:   23 11:35:18    -2397.198606        0.131781
MDMin:   24 11:35:19    -2397.198567        0.131601
MDMin:   25 11:35:21    -2397.198528        0.131382
MDMin:   26 11:35:22    -2397.198487        0.131121
MDMin:   27 11:35:23    -2397.198445        0.130813
MDMin:   28 11:35:25    -2397.198402        0.130455
MDMin:   29 11:35:26    -2397.198357        0.130044
MDMin:   30 11:35:27    -2397.198311        0.129576
MDMin:   31 11:35:28    -2397.198264        0.129047
MDMin:   32 11:35:30    -2397.198216        0.128454
MDMin:   33 11:35:32    -2397.198167        0.127795
MDMin:   34 11:35:34    -2397.198117        0.127065
MDMin:   35 11:35:36    -2397.198066        0.126263
MDMin:   36 11:35:37    -2397.198014        0.125385
MDMin:   37 11:35:39    -2397.197961        0.124431
MDMin:   38 11:35:41    -2397.197907        0.123397
MDMin:   39 11:35:42    -2397.197853        0.122283
MDMin:   40 11:35:44    -2397.197797        0.121087
MDMin:   41 11:35:46    -2397.197741        0.119809
MDMin:   42 11:35:48    -2397.197684        0.118449
MDMin:   43 11:35:50    -2397.197627        0.117007
MDMin:   44 11:35:52    -2397.197568        0.115483
MDMin:   45 11:35:54    -2397.197509        0.113881
MDMin:   46 11:35:56    -2397.197450        0.112200
MDMin:   47 11:35:58    -2397.197390        0.110444
MDMin:   48 11:36:00    -2397.197330        0.108615
MDMin:   49 11:36:02    -2397.197269        0.107039
MDMin:   50 11:36:03    -2397.197208        0.106100
MDMin:   51 11:36:04    -2397.197147        0.105069
MDMin:   52 11:36:06    -2397.197085        0.103945
MDMin:   53 11:36:08    -2397.197023        0.102723
MDMin:   54 11:36:09    -2397.196961        0.101402
MDMin:   55 11:36:10    -2397.196899        0.099978
MDMin:   56 11:36:12    -2397.196837        0.098452
MDMin:   57 11:36:14    -2397.196775        0.096822
MDMin:   58 11:36:15    -2397.196713        0.095089
MDMin:   59 11:36:17    -2397.196651        0.093256
MDMin:   60 11:36:19    -2397.196589        0.091324
MDMin:   61 11:36:21    -2397.196527        0.089296
MDMin:   62 11:36:23    -2397.196466        0.087179
MDMin:   63 11:36:25    -2397.196405        0.084977
MDMin:   64 11:36:27    -2397.196344        0.082696
MDMin:   65 11:36:28    -2397.196284        0.080344
MDMin:   66 11:36:30    -2397.196225        0.077930
MDMin:   67 11:36:31    -2397.196166        0.075463
MDMin:   68 11:36:33    -2397.196107        0.072955
MDMin:   69 11:36:34    -2397.196050        0.070414
MDMin:   70 11:36:36    -2397.195993        0.067850
MDMin:   71 11:36:37    -2397.195937        0.065274
MDMin:   72 11:36:39    -2397.195882        0.062694
MDMin:   73 11:36:40    -2397.195828        0.060120
MDMin:   74 11:36:41    -2397.195775        0.057560
MDMin:   75 11:36:43    -2397.195724        0.055021
MDMin:   76 11:36:44    -2397.195673        0.052512
MDMin:   77 11:36:46    -2397.195624        0.050039
MDMin:   78 11:36:48    -2397.195576        0.047606
