       Step     Time          Energy          fmax
MDMin:    0 11:36:26    -2397.709406        0.148993
MDMin:    1 11:36:28    -2397.709408        0.148985
MDMin:    2 11:36:30    -2397.709412        0.148960
MDMin:    3 11:36:32    -2397.709419        0.148919
MDMin:    4 11:36:34    -2397.709428        0.148862
MDMin:    5 11:36:36    -2397.709441        0.148787
MDMin:    6 11:36:37    -2397.709456        0.148696
MDMin:    7 11:36:38    -2397.709474        0.148588
MDMin:    8 11:36:40    -2397.709495        0.148463
MDMin:    9 11:36:41    -2397.709519        0.148319
MDMin:   10 11:36:42    -2397.709546        0.148158
MDMin:   11 11:36:43    -2397.709575        0.147978
MDMin:   12 11:36:45    -2397.709608        0.147779
MDMin:   13 11:36:46    -2397.709643        0.147560
MDMin:   14 11:36:48    -2397.709681        0.147321
MDMin:   15 11:36:50    -2397.709722        0.147062
MDMin:   16 11:36:52    -2397.709767        0.146781
MDMin:   17 11:36:54    -2397.709814        0.146479
MDMin:   18 11:36:55    -2397.709864        0.146154
MDMin:   19 11:36:57    -2397.709917        0.145806
MDMin:   20 11:36:59    -2397.709973        0.145435
MDMin:   21 11:37:01    -2397.710033        0.145040
MDMin:   22 11:37:03    -2397.710095        0.144620
MDMin:   23 11:37:05    -2397.710161        0.144175
MDMin:   24 11:37:07    -2397.710230        0.143704
MDMin:   25 11:37:09    -2397.710302        0.143208
MDMin:   26 11:37:11    -2397.710377        0.142685
MDMin:   27 11:37:12    -2397.710456        0.142136
MDMin:   28 11:37:14    -2397.710538        0.141560
MDMin:   29 11:37:15    -2397.710624        0.140958
MDMin:   30 11:37:16    -2397.710712        0.140329
MDMin:   31 11:37:18    -2397.710805        0.139673
MDMin:   32 11:37:19    -2397.710900        0.138991
MDMin:   33 11:37:21    -2397.711000        0.138283
MDMin:   34 11:37:22    -2397.711102        0.137549
MDMin:   35 11:37:23    -2397.711209        0.136790
MDMin:   36 11:37:25    -2397.711319        0.136007
MDMin:   37 11:37:26    -2397.711432        0.135200
MDMin:   38 11:37:28    -2397.711549        0.134371
MDMin:   39 11:37:30    -2397.711670        0.133520
MDMin:   40 11:37:31    -2397.711794        0.132649
MDMin:   41 11:37:32    -2397.711923        0.131759
MDMin:   42 11:37:33    -2397.712055        0.130851
MDMin:   43 11:37:34    -2397.712190        0.129927
MDMin:   44 11:37:36    -2397.712330        0.128989
MDMin:   45 11:37:37    -2397.712473        0.128037
MDMin:   46 11:37:38    -2397.712620        0.127074
MDMin:   47 11:37:40    -2397.712771        0.126103
MDMin:   48 11:37:41    -2397.712926        0.125123
MDMin:   49 11:37:42    -2397.713085        0.124139
MDMin:   50 11:37:43    -2397.713247        0.123150
MDMin:   51 11:37:44    -2397.713413        0.122159
MDMin:   52 11:37:46    -2397.713583        0.121168
MDMin:   53 11:37:47    -2397.713757        0.120178
MDMin:   54 11:37:48    -2397.713935        0.119190
MDMin:   55 11:37:50    -2397.714117        0.118207
MDMin:   56 11:37:52    -2397.714302        0.117230
MDMin:   57 11:37:54    -2397.714491        0.116259
MDMin:   58 11:37:56    -2397.714684        0.115296
MDMin:   59 11:37:58    -2397.714881        0.114342
MDMin:   60 11:38:00    -2397.715081        0.114517
MDMin:   61 11:38:02    -2397.715285        0.115651
MDMin:   62 11:38:04    -2397.715492        0.116853
MDMin:   63 11:38:05    -2397.715703        0.118127
MDMin:   64 11:38:07    -2397.715918        0.119474
MDMin:   65 11:38:08    -2397.716136        0.120898
MDMin:   66 11:38:10    -2397.716357        0.122402
MDMin:   67 11:38:12    -2397.716581        0.123988
MDMin:   68 11:38:14    -2397.716809        0.125658
MDMin:   69 11:38:16    -2397.717040        0.127415
MDMin:   70 11:38:18    -2397.717274        0.129261
MDMin:   71 11:38:20    -2397.717511        0.131197
MDMin:   72 11:38:22    -2397.717751        0.133226
MDMin:   73 11:38:24    -2397.717993        0.135346
MDMin:   74 11:38:25    -2397.718238        0.137560
MDMin:   75 11:38:27    -2397.718486        0.139866
MDMin:   76 11:38:29    -2397.718736        0.142264
MDMin:   77 11:38:31    -2397.718988        0.144750
MDMin:   78 11:38:33    -2397.719242        0.147321
MDMin:   79 11:38:35    -2397.719499        0.149973
MDMin:   80 11:38:37    -2397.719757        0.152699
MDMin:   81 11:38:39    -2397.720017        0.155492
MDMin:   82 11:38:41    -2397.720279        0.158341
MDMin:   83 11:38:43    -2397.720542        0.161235
MDMin:   84 11:38:45    -2397.720807        0.164160
MDMin:   85 11:38:47    -2397.721073        0.167100
MDMin:   86 11:38:49    -2397.721340        0.170038
MDMin:   87 11:38:51    -2397.721609        0.172955
MDMin:   88 11:38:53    -2397.721878        0.175828
MDMin:   89 11:38:55    -2397.722148        0.178636
MDMin:   90 11:38:57    -2397.722418        0.181356
MDMin:   91 11:38:58    -2397.722690        0.183964
MDMin:   92 11:39:00    -2397.722962        0.186437
MDMin:   93 11:39:02    -2397.723234        0.188755
MDMin:   94 11:39:03    -2397.723507        0.190896
MDMin:   95 11:39:04    -2397.723781        0.192844
MDMin:   96 11:39:06    -2397.724055        0.194583
MDMin:   97 11:39:08    -2397.724329        0.196103
MDMin:   98 11:39:10    -2397.724603        0.197396
MDMin:   99 11:39:11    -2397.724878        0.198456
MDMin:  100 11:39:12    -2397.725153        0.199281
MDMin:  101 11:39:14    -2397.725429        0.199874
MDMin:  102 11:39:17    -2397.725704        0.200235
MDMin:  103 11:39:19    -2397.725980        0.200369
MDMin:  104 11:39:22    -2397.726257        0.200282
MDMin:  105 11:39:24    -2397.726533        0.199976
MDMin:  106 11:39:26    -2397.726811        0.199454
MDMin:  107 11:39:28    -2397.727088        0.198719
MDMin:  108 11:39:29    -2397.727367        0.197770
MDMin:  109 11:39:30    -2397.727646        0.196604
MDMin:  110 11:39:32    -2397.727925        0.195216
MDMin:  111 11:39:33    -2397.728206        0.193601
MDMin:  112 11:39:34    -2397.728488        0.191751
MDMin:  113 11:39:35    -2397.728770        0.189658
MDMin:  114 11:39:36    -2397.729055        0.187316
MDMin:  115 11:39:38    -2397.729340        0.184712
MDMin:  116 11:39:40    -2397.729627        0.181839
MDMin:  117 11:39:41    -2397.729916        0.178687
MDMin:  118 11:39:42    -2397.730207        0.175250
MDMin:  119 11:39:44    -2397.730500        0.171528
MDMin:  120 11:39:46    -2397.730796        0.167519
MDMin:  121 11:39:48    -2397.731094        0.163229
MDMin:  122 11:39:50    -2397.731396        0.159299
MDMin:  123 11:39:52    -2397.731701        0.156633
MDMin:  124 11:39:54    -2397.732009        0.154054
MDMin:  125 11:39:56    -2397.732322        0.151487
MDMin:  126 11:39:58    -2397.732639        0.148828
MDMin:  127 11:40:00    -2397.732961        0.145959
MDMin:  128 11:40:02    -2397.733288        0.142768
MDMin:  129 11:40:04    -2397.733621        0.139167
MDMin:  130 11:40:06    -2397.733957        0.136737
MDMin:  131 11:40:08    -2397.734297        0.135215
MDMin:  132 11:40:10    -2397.734622        0.140309
MDMin:  133 11:40:12    -2397.734888        0.200207
MDMin:  134 11:40:14    -2397.735045        0.131351
MDMin:  135 11:40:16    -2397.735177        0.130604
MDMin:  136 11:40:18    -2397.735309        0.129855
MDMin:  137 11:40:20    -2397.735444        0.129088
MDMin:  138 11:40:21    -2397.735583        0.128307
MDMin:  139 11:40:23    -2397.735725        0.127514
MDMin:  140 11:40:25    -2397.735870        0.126709
MDMin:  141 11:40:27    -2397.736018        0.125896
MDMin:  142 11:40:29    -2397.736169        0.125077
MDMin:  143 11:40:31    -2397.736324        0.124255
MDMin:  144 11:40:33    -2397.736482        0.123433
MDMin:  145 11:40:35    -2397.736643        0.122613
MDMin:  146 11:40:37    -2397.736808        0.121799
MDMin:  147 11:40:39    -2397.736976        0.120994
MDMin:  148 11:40:41    -2397.737147        0.120202
MDMin:  149 11:40:43    -2397.737322        0.119426
MDMin:  150 11:40:45    -2397.737500        0.118669
MDMin:  151 11:40:47    -2397.737681        0.117935
MDMin:  152 11:40:49    -2397.737866        0.117228
MDMin:  153 11:40:50    -2397.738054        0.116552
MDMin:  154 11:40:52    -2397.738245        0.115936
MDMin:  155 11:40:54    -2397.738440        0.115995
MDMin:  156 11:40:56    -2397.738639        0.116043
MDMin:  157 11:40:58    -2397.738840        0.116081
MDMin:  158 11:40:59    -2397.739045        0.116108
MDMin:  159 11:41:00    -2397.739253        0.116122
MDMin:  160 11:41:02    -2397.739465        0.116728
MDMin:  161 11:41:04    -2397.739680        0.118492
MDMin:  162 11:41:05    -2397.739899        0.120309
MDMin:  163 11:41:06    -2397.740121        0.122179
MDMin:  164 11:41:08    -2397.740346        0.124107
MDMin:  165 11:41:10    -2397.740575        0.126091
MDMin:  166 11:41:12    -2397.740807        0.128133
MDMin:  167 11:41:14    -2397.741043        0.130233
MDMin:  168 11:41:16    -2397.741282        0.132389
MDMin:  169 11:41:17    -2397.741524        0.134603
MDMin:  170 11:41:19    -2397.741770        0.136871
MDMin:  171 11:41:20    -2397.742019        0.139194
MDMin:  172 11:41:22    -2397.742271        0.141568
MDMin:  173 11:41:24    -2397.742527        0.143991
MDMin:  174 11:41:26    -2397.742787        0.146459
MDMin:  175 11:41:27    -2397.743049        0.148967
MDMin:  176 11:41:29    -2397.743316        0.151509
MDMin:  177 11:41:30    -2397.743585        0.154079
MDMin:  178 11:41:31    -2397.743858        0.156667
MDMin:  179 11:41:32    -2397.744134        0.159264
MDMin:  180 11:41:34    -2397.744414        0.161858
MDMin:  181 11:41:36    -2397.744697        0.164436
MDMin:  182 11:41:38    -2397.744984        0.166982
MDMin:  183 11:41:40    -2397.745274        0.169480
MDMin:  184 11:41:41    -2397.745567        0.171913
MDMin:  185 11:41:43    -2397.745864        0.174259
MDMin:  186 11:41:44    -2397.746165        0.176499
MDMin:  187 11:41:46    -2397.746469        0.178608
MDMin:  188 11:41:47    -2397.746777        0.180569
MDMin:  189 11:41:48    -2397.747089        0.182354
MDMin:  190 11:41:49    -2397.747405        0.183948
MDMin:  191 11:41:51    -2397.747725        0.185320
MDMin:  192 11:41:52    -2397.748049        0.186466
MDMin:  193 11:41:53    -2397.748377        0.187346
MDMin:  194 11:41:54    -2397.748710        0.187982
MDMin:  195 11:41:55    -2397.749047        0.188306
MDMin:  196 11:41:57    -2397.749389        0.188398
MDMin:  197 11:41:59    -2397.749736        0.188116
MDMin:  198 11:42:01    -2397.750088        0.187679
MDMin:  199 11:42:03    -2397.750445        0.186744
MDMin:  200 11:42:05    -2397.750805        0.185878
MDMin:  201 11:42:07    -2397.751165        0.184230
MDMin:  202 11:42:09    -2397.751515        0.183239
MDMin:  203 11:42:11    -2397.751837        0.181020
MDMin:  204 11:42:13    -2397.752111        0.180323
MDMin:  205 11:42:15    -2397.752345        0.178491
MDMin:  206 11:42:17    -2397.752563        0.177583
MDMin:  207 11:42:19    -2397.752780        0.176158
MDMin:  208 11:42:20    -2397.753001        0.176059
MDMin:  209 11:42:22    -2397.753227        0.176721
MDMin:  210 11:42:23    -2397.753457        0.177317
MDMin:  211 11:42:25    -2397.753693        0.177844
MDMin:  212 11:42:27    -2397.753933        0.178296
MDMin:  213 11:42:28    -2397.754180        0.178669
MDMin:  214 11:42:30    -2397.754432        0.178958
MDMin:  215 11:42:32    -2397.754690        0.179158
MDMin:  216 11:42:34    -2397.754953        0.179263
MDMin:  217 11:42:36    -2397.755223        0.179270
MDMin:  218 11:42:38    -2397.755498        0.179175
MDMin:  219 11:42:39    -2397.755780        0.178972
MDMin:  220 11:42:40    -2397.756068        0.178657
MDMin:  221 11:42:42    -2397.756363        0.178226
MDMin:  222 11:42:43    -2397.756664        0.177674
MDMin:  223 11:42:45    -2397.756972        0.176999
MDMin:  224 11:42:46    -2397.757287        0.176196
MDMin:  225 11:42:47    -2397.757609        0.175260
MDMin:  226 11:42:49    -2397.757939        0.174189
MDMin:  227 11:42:50    -2397.758276        0.172980
MDMin:  228 11:42:52    -2397.758620        0.171627
MDMin:  229 11:42:54    -2397.758973        0.170129
MDMin:  230 11:42:56    -2397.759333        0.168483
MDMin:  231 11:42:58    -2397.759702        0.166685
MDMin:  232 11:43:00    -2397.760079        0.164733
MDMin:  233 11:43:01    -2397.760465        0.162626
MDMin:  234 11:43:02    -2397.760859        0.160363
MDMin:  235 11:43:04    -2397.761263        0.157943
MDMin:  236 11:43:05    -2397.761676        0.155362
MDMin:  237 11:43:06    -2397.762098        0.152617
MDMin:  238 11:43:08    -2397.762530        0.149705
MDMin:  239 11:43:10    -2397.762972        0.146620
MDMin:  240 11:43:12    -2397.763425        0.145766
MDMin:  241 11:43:13    -2397.763889        0.145321
MDMin:  242 11:43:15    -2397.764363        0.144119
MDMin:  243 11:43:17    -2397.764849        0.142129
MDMin:  244 11:43:19    -2397.765348        0.139341
MDMin:  245 11:43:20    -2397.765858        0.135769
MDMin:  246 11:43:22    -2397.766382        0.131458
MDMin:  247 11:43:23    -2397.766918        0.129707
MDMin:  248 11:43:25    -2397.767467        0.129473
MDMin:  249 11:43:26    -2397.768026        0.132080
MDMin:  250 11:43:27    -2397.768586        0.134787
MDMin:  251 11:43:29    -2397.769125        0.137483
MDMin:  252 11:43:31    -2397.769587        0.139874
MDMin:  253 11:43:33    -2397.769941        0.141758
MDMin:  254 11:43:35    -2397.770239        0.143381
MDMin:  255 11:43:36    -2397.770533        0.145011
MDMin:  256 11:43:37    -2397.770832        0.146704
MDMin:  257 11:43:39    -2397.771138        0.148475
MDMin:  258 11:43:40    -2397.771453        0.150328
MDMin:  259 11:43:42    -2397.771776        0.152267
MDMin:  260 11:43:43    -2397.772106        0.154296
MDMin:  261 11:43:44    -2397.772445        0.156417
MDMin:  262 11:43:46    -2397.772791        0.158635
MDMin:  263 11:43:48    -2397.773146        0.160952
MDMin:  264 11:43:49    -2397.773509        0.163373
MDMin:  265 11:43:51    -2397.773880        0.165900
MDMin:  266 11:43:52    -2397.774259        0.168535
MDMin:  267 11:43:54    -2397.774646        0.171283
MDMin:  268 11:43:55    -2397.775041        0.174144
MDMin:  269 11:43:57    -2397.775445        0.177122
MDMin:  270 11:43:59    -2397.775856        0.180216
MDMin:  271 11:44:01    -2397.776276        0.183429
MDMin:  272 11:44:03    -2397.776703        0.186759
MDMin:  273 11:44:05    -2397.777138        0.190208
MDMin:  274 11:44:06    -2397.777582        0.193772
MDMin:  275 11:44:07    -2397.778032        0.197450
MDMin:  276 11:44:09    -2397.778491        0.201238
MDMin:  277 11:44:10    -2397.778957        0.205131
MDMin:  278 11:44:12    -2397.779431        0.209123
MDMin:  279 11:44:13    -2397.779913        0.213207
MDMin:  280 11:44:15    -2397.780402        0.217372
MDMin:  281 11:44:16    -2397.780898        0.221609
MDMin:  282 11:44:18    -2397.781401        0.225903
MDMin:  283 11:44:19    -2397.781912        0.230242
MDMin:  284 11:44:20    -2397.782430        0.234607
MDMin:  285 11:44:21    -2397.782955        0.238980
MDMin:  286 11:44:22    -2397.783488        0.243337
MDMin:  287 11:44:24    -2397.784027        0.247657
MDMin:  288 11:44:25    -2397.784574        0.251914
MDMin:  289 11:44:27    -2397.785128        0.256082
MDMin:  290 11:44:28    -2397.785689        0.260135
MDMin:  291 11:44:30    -2397.786257        0.264045
MDMin:  292 11:44:32    -2397.786833        0.267785
MDMin:  293 11:44:34    -2397.787416        0.271330
MDMin:  294 11:44:36    -2397.788007        0.274652
MDMin:  295 11:44:37    -2397.788606        0.277731
MDMin:  296 11:44:39    -2397.789213        0.280543
MDMin:  297 11:44:41    -2397.789828        0.283072
MDMin:  298 11:44:43    -2397.790451        0.285303
MDMin:  299 11:44:45    -2397.791082        0.287224
MDMin:  300 11:44:46    -2397.791723        0.288834
MDMin:  301 11:44:47    -2397.792372        0.290133
MDMin:  302 11:44:48    -2397.793031        0.291121
MDMin:  303 11:44:50    -2397.793699        0.291806
MDMin:  304 11:44:51    -2397.794377        0.292198
MDMin:  305 11:44:53    -2397.795064        0.292312
MDMin:  306 11:44:54    -2397.795762        0.292165
MDMin:  307 11:44:57    -2397.796469        0.291779
MDMin:  308 11:44:58    -2397.797186        0.291181
MDMin:  309 11:45:00    -2397.797912        0.290399
MDMin:  310 11:45:01    -2397.798645        0.289463
MDMin:  311 11:45:03    -2397.799378        0.288413
MDMin:  312 11:45:05    -2397.800097        0.287300
MDMin:  313 11:45:07    -2397.800765        0.286209
MDMin:  314 11:45:08    -2397.801333        0.285244
MDMin:  315 11:45:09    -2397.801799        0.284429
MDMin:  316 11:45:11    -2397.802220        0.283676
MDMin:  317 11:45:12    -2397.802635        0.282920
MDMin:  318 11:45:13    -2397.803055        0.282136
MDMin:  319 11:45:15    -2397.803483        0.281317
MDMin:  320 11:45:17    -2397.803838        0.803374
MDMin:  321 11:45:19    -2397.803922        0.785892
MDMin:  322 11:45:21    -2397.804013        0.767332
MDMin:  323 11:45:23    -2397.804111        0.747776
MDMin:  324 11:45:24    -2397.804217        0.727323
MDMin:  325 11:45:26    -2397.804330        0.706082
MDMin:  326 11:45:28    -2397.804451        0.684172
MDMin:  327 11:45:29    -2397.804581        0.661712
MDMin:  328 11:45:31    -2397.804719        0.638825
MDMin:  329 11:45:32    -2397.804866        0.615629
MDMin:  330 11:45:34    -2397.805022        0.592244
MDMin:  331 11:45:36    -2397.805187        0.568784
MDMin:  332 11:45:38    -2397.805363        0.545365
MDMin:  333 11:45:40    -2397.805547        0.522097
MDMin:  334 11:45:42    -2397.805742        0.499090
MDMin:  335 11:45:44    -2397.805948        0.476446
MDMin:  336 11:45:46    -2397.806163        0.454265
MDMin:  337 11:45:48    -2397.806390        0.432640
MDMin:  338 11:45:50    -2397.806626        0.411653
MDMin:  339 11:45:51    -2397.806874        0.391379
MDMin:  340 11:45:53    -2397.807132        0.371880
MDMin:  341 11:45:55    -2397.807400        0.353206
MDMin:  342 11:45:57    -2397.807679        0.335396
MDMin:  343 11:45:59    -2397.807969        0.318476
MDMin:  344 11:46:00    -2397.808268        0.302462
MDMin:  345 11:46:02    -2397.808578        0.287356
MDMin:  346 11:46:04    -2397.808897        0.273149
MDMin:  347 11:46:06    -2397.809226        0.259826
MDMin:  348 11:46:08    -2397.809565        0.247363
MDMin:  349 11:46:10    -2397.809913        0.238695
MDMin:  350 11:46:12    -2397.810270        0.237491
MDMin:  351 11:46:14    -2397.810636        0.241941
MDMin:  352 11:46:16    -2397.811010        0.246273
MDMin:  353 11:46:18    -2397.811394        0.250442
MDMin:  354 11:46:19    -2397.811785        0.254404
MDMin:  355 11:46:22    -2397.812185        0.258115
MDMin:  356 11:46:24    -2397.812593        0.261533
MDMin:  357 11:46:26    -2397.813008        0.264622
MDMin:  358 11:46:28    -2397.813432        0.267348
MDMin:  359 11:46:30    -2397.813862        0.269685
MDMin:  360 11:46:32    -2397.814301        0.271612
MDMin:  361 11:46:34    -2397.814508        0.344055
MDMin:  362 11:46:36    -2397.814543        0.320840
MDMin:  363 11:46:38    -2397.814578        0.298332
MDMin:  364 11:46:40    -2397.814615        0.277126
MDMin:  365 11:46:41    -2397.814653        0.274537
MDMin:  366 11:46:43    -2397.814692        0.274593
MDMin:  367 11:46:45    -2397.814733        0.274506
MDMin:  368 11:46:47    -2397.814774        0.274265
MDMin:  369 11:46:49    -2397.814817        0.273864
MDMin:  370 11:46:52    -2397.814861        0.273300
MDMin:  371 11:46:54    -2397.814906        0.272569
MDMin:  372 11:46:56    -2397.814952        0.271674
MDMin:  373 11:46:58    -2397.814999        0.270617
MDMin:  374 11:47:00    -2397.815046        0.269403
MDMin:  375 11:47:03    -2397.815095        0.268040
MDMin:  376 11:47:05    -2397.815144        0.266538
MDMin:  377 11:47:07    -2397.815195        0.264907
MDMin:  378 11:47:09    -2397.815246        0.263161
MDMin:  379 11:47:11    -2397.815297        0.261314
MDMin:  380 11:47:13    -2397.815350        0.259380
MDMin:  381 11:47:15    -2397.815403        0.257376
MDMin:  382 11:47:17    -2397.815456        0.255321
MDMin:  383 11:47:19    -2397.815510        0.253231
MDMin:  384 11:47:21    -2397.815565        0.251125
MDMin:  385 11:47:24    -2397.815621        0.249022
MDMin:  386 11:47:26    -2397.815676        0.246941
MDMin:  387 11:47:28    -2397.815733        0.244902
MDMin:  388 11:47:30    -2397.815789        0.242924
MDMin:  389 11:47:32    -2397.815846        0.241027
MDMin:  390 11:47:34    -2397.815904        0.239229
MDMin:  391 11:47:36    -2397.815961        0.237547
MDMin:  392 11:47:39    -2397.816019        0.235996
MDMin:  393 11:47:41    -2397.816077        0.234591
MDMin:  394 11:47:43    -2397.816135        0.233345
MDMin:  395 11:47:45    -2397.816193        0.232268
MDMin:  396 11:47:48    -2397.816251        0.231369
MDMin:  397 11:47:50    -2397.816308        0.230652
MDMin:  398 11:47:52    -2397.816366        0.230120
MDMin:  399 11:47:54    -2397.816423        0.229771
MDMin:  400 11:47:56    -2397.816480        0.229599
MDMin:  401 11:47:58    -2397.816536        0.229595
MDMin:  402 11:48:00    -2397.816592        0.229744
MDMin:  403 11:48:02    -2397.816648        0.230029
MDMin:  404 11:48:04    -2397.816702        0.230427
MDMin:  405 11:48:06    -2397.816757        0.230912
MDMin:  406 11:48:08    -2397.816810        0.231454
MDMin:  407 11:48:10    -2397.816863        0.232019
MDMin:  408 11:48:12    -2397.816915        0.232574
MDMin:  409 11:48:13    -2397.816967        0.233079
MDMin:  410 11:48:15    -2397.817018        0.233497
MDMin:  411 11:48:16    -2397.817068        0.233788
MDMin:  412 11:48:17    -2397.817117        0.233912
MDMin:  413 11:48:18    -2397.817166        0.233831
MDMin:  414 11:48:19    -2397.817214        0.237279
MDMin:  415 11:48:21    -2397.817261        0.242702
MDMin:  416 11:48:22    -2397.817308        0.248019
MDMin:  417 11:48:23    -2397.817353        0.253123
MDMin:  418 11:48:25    -2397.817394        0.257761
MDMin:  419 11:48:26    -2397.817428        0.261462
MDMin:  420 11:48:28    -2397.817453        0.264073
MDMin:  421 11:48:30    -2397.817474        0.266226
MDMin:  422 11:48:31    -2397.817494        0.268304
MDMin:  423 11:48:33    -2397.817514        0.270380
MDMin:  424 11:48:35    -2397.817535        0.272460
MDMin:  425 11:48:36    -2397.817555        0.274541
MDMin:  426 11:48:38    -2397.817576        0.276621
MDMin:  427 11:48:39    -2397.817597        0.278692
MDMin:  428 11:48:40    -2397.817619        0.280750
MDMin:  429 11:48:41    -2397.817640        0.282784
MDMin:  430 11:48:43    -2397.817662        0.284786
MDMin:  431 11:48:44    -2397.817684        0.286741
MDMin:  432 11:48:45    -2397.817706        0.288635
MDMin:  433 11:48:47    -2397.817728        0.290446
MDMin:  434 11:48:48    -2397.817750        0.292152
MDMin:  435 11:48:49    -2397.817773        0.293722
MDMin:  436 11:48:50    -2397.817795        0.295122
MDMin:  437 11:48:52    -2397.817818        0.296311
MDMin:  438 11:48:54    -2397.817842        0.297243
MDMin:  439 11:48:56    -2397.817865        0.297864
MDMin:  440 11:48:58    -2397.817888        0.298116
MDMin:  441 11:49:00    -2397.817912        0.297934
MDMin:  442 11:49:02    -2397.817936        0.297252
MDMin:  443 11:49:05    -2397.817960        0.296002
MDMin:  444 11:49:07    -2397.817985        0.294117
MDMin:  445 11:49:09    -2397.818010        0.291538
MDMin:  446 11:49:11    -2397.818035        0.288210
MDMin:  447 11:49:13    -2397.818060        0.284093
MDMin:  448 11:49:15    -2397.818086        0.279163
MDMin:  449 11:49:17    -2397.818112        0.273413
MDMin:  450 11:49:19    -2397.818139        0.266857
MDMin:  451 11:49:21    -2397.818166        0.259528
MDMin:  452 11:49:23    -2397.818194        0.251481
MDMin:  453 11:49:25    -2397.818222        0.242790
MDMin:  454 11:49:27    -2397.818251        0.233543
MDMin:  455 11:49:29    -2397.818280        0.223842
MDMin:  456 11:49:31    -2397.818310        0.213794
MDMin:  457 11:49:33    -2397.818341        0.203514
MDMin:  458 11:49:35    -2397.818372        0.193114
MDMin:  459 11:49:37    -2397.818404        0.182704
MDMin:  460 11:49:39    -2397.818437        0.172387
MDMin:  461 11:49:40    -2397.818471        0.162265
MDMin:  462 11:49:42    -2397.818505        0.152453
MDMin:  463 11:49:44    -2397.818539        0.143252
MDMin:  464 11:49:46    -2397.818567        0.181453
MDMin:  465 11:49:47    -2397.818580        0.132841
MDMin:  466 11:49:49    -2397.818589        0.130638
MDMin:  467 11:49:51    -2397.818598        0.128414
MDMin:  468 11:49:53    -2397.818608        0.126172
MDMin:  469 11:49:55    -2397.818618        0.123915
MDMin:  470 11:49:56    -2397.818628        0.121648
MDMin:  471 11:49:58    -2397.818639        0.119373
MDMin:  472 11:50:00    -2397.818650        0.117093
MDMin:  473 11:50:02    -2397.818661        0.114812
MDMin:  474 11:50:04    -2397.818672        0.112534
MDMin:  475 11:50:06    -2397.818683        0.110261
MDMin:  476 11:50:08    -2397.818695        0.107997
MDMin:  477 11:50:10    -2397.818707        0.105745
MDMin:  478 11:50:12    -2397.818720        0.103508
MDMin:  479 11:50:14    -2397.818732        0.101288
MDMin:  480 11:50:15    -2397.818745        0.099089
MDMin:  481 11:50:17    -2397.818758        0.096914
MDMin:  482 11:50:18    -2397.818771        0.094764
MDMin:  483 11:50:20    -2397.818785        0.092643
MDMin:  484 11:50:21    -2397.818799        0.090552
MDMin:  485 11:50:22    -2397.818813        0.088493
MDMin:  486 11:50:24    -2397.818827        0.086470
MDMin:  487 11:50:25    -2397.818841        0.084482
MDMin:  488 11:50:27    -2397.818856        0.082533
MDMin:  489 11:50:28    -2397.818871        0.080624
MDMin:  490 11:50:30    -2397.818886        0.078755
MDMin:  491 11:50:32    -2397.818901        0.076928
MDMin:  492 11:50:34    -2397.818916        0.076109
MDMin:  493 11:50:36    -2397.818932        0.076310
MDMin:  494 11:50:37    -2397.818948        0.076515
MDMin:  495 11:50:39    -2397.818964        0.076726
MDMin:  496 11:50:41    -2397.818980        0.076942
MDMin:  497 11:50:43    -2397.818996        0.077164
MDMin:  498 11:50:45    -2397.819012        0.077391
MDMin:  499 11:50:48    -2397.819029        0.077623
MDMin:  500 11:50:50    -2397.819045        0.077860
MDMin:  501 11:50:52    -2397.819062        0.078103
MDMin:  502 11:50:54    -2397.819079        0.078351
MDMin:  503 11:50:56    -2397.819096        0.078605
MDMin:  504 11:50:57    -2397.819113        0.078863
MDMin:  505 11:50:59    -2397.819130        0.079128
MDMin:  506 11:51:01    -2397.819147        0.079397
MDMin:  507 11:51:03    -2397.819164        0.079672
MDMin:  508 11:51:05    -2397.819182        0.079951
MDMin:  509 11:51:07    -2397.819199        0.080236
MDMin:  510 11:51:09    -2397.819217        0.080526
MDMin:  511 11:51:11    -2397.819234        0.080820
MDMin:  512 11:51:13    -2397.819251        0.081119
MDMin:  513 11:51:15    -2397.819269        0.081423
MDMin:  514 11:51:17    -2397.819286        0.081730
MDMin:  515 11:51:19    -2397.819304        0.082042
MDMin:  516 11:51:21    -2397.819321        0.082357
MDMin:  517 11:51:23    -2397.819338        0.082675
MDMin:  518 11:51:25    -2397.819356        0.082995
MDMin:  519 11:51:27    -2397.819373        0.083318
MDMin:  520 11:51:29    -2397.819390        0.083643
MDMin:  521 11:51:31    -2397.819407        0.083969
MDMin:  522 11:51:33    -2397.819425        0.084296
MDMin:  523 11:51:34    -2397.819442        0.084622
MDMin:  524 11:51:35    -2397.819459        0.084948
MDMin:  525 11:51:36    -2397.819475        0.085272
MDMin:  526 11:51:38    -2397.819492        0.085594
MDMin:  527 11:51:40    -2397.819509        0.085912
MDMin:  528 11:51:41    -2397.819526        0.086226
MDMin:  529 11:51:42    -2397.819542        0.086534
MDMin:  530 11:51:44    -2397.819558        0.086836
MDMin:  531 11:51:45    -2397.819575        0.087129
MDMin:  532 11:51:47    -2397.819591        0.087414
MDMin:  533 11:51:49    -2397.819607        0.087689
MDMin:  534 11:51:51    -2397.819623        0.087952
MDMin:  535 11:51:53    -2397.819639        0.088203
MDMin:  536 11:51:55    -2397.819654        0.088441
MDMin:  537 11:51:56    -2397.819670        0.088907
MDMin:  538 11:51:58    -2397.819685        0.089362
MDMin:  539 11:52:00    -2397.819701        0.089807
MDMin:  540 11:52:02    -2397.819716        0.090217
MDMin:  541 11:52:03    -2397.819730        0.090610
MDMin:  542 11:52:05    -2397.819741        0.126018
MDMin:  543 11:52:07    -2397.819746        0.091006
MDMin:  544 11:52:09    -2397.819751        0.091112
MDMin:  545 11:52:11    -2397.819755        0.091219
MDMin:  546 11:52:13    -2397.819760        0.091325
MDMin:  547 11:52:15    -2397.819765        0.091430
MDMin:  548 11:52:16    -2397.819770        0.091534
MDMin:  549 11:52:19    -2397.819775        0.091637
MDMin:  550 11:52:21    -2397.819780        0.091739
MDMin:  551 11:52:22    -2397.819785        0.091838
MDMin:  552 11:52:23    -2397.819788        0.091936
MDMin:  553 11:52:25    -2397.819784        0.092028
MDMin:  554 11:52:27    -2397.819779        0.092117
MDMin:  555 11:52:29    -2397.819774        0.092204
MDMin:  556 11:52:30    -2397.819769        0.092287
MDMin:  557 11:52:32    -2397.819765        0.092366
MDMin:  558 11:52:34    -2397.819760        0.092441
MDMin:  559 11:52:36    -2397.819755        0.092511
MDMin:  560 11:52:38    -2397.819751        0.092576
MDMin:  561 11:52:40    -2397.819746        0.092636
MDMin:  562 11:52:42    -2397.819742        0.092689
MDMin:  563 11:52:44    -2397.819737        0.092736
MDMin:  564 11:52:47    -2397.819733        0.092776
MDMin:  565 11:52:49    -2397.819728        0.092808
MDMin:  566 11:52:51    -2397.819724        0.092832
MDMin:  567 11:52:52    -2397.819720        0.092848
MDMin:  568 11:52:53    -2397.819716        0.092854
MDMin:  569 11:52:55    -2397.819712        0.092851
MDMin:  570 11:52:56    -2397.819708        0.092837
MDMin:  571 11:52:58    -2397.819704        0.092812
MDMin:  572 11:53:00    -2397.819700        0.092776
MDMin:  573 11:53:01    -2397.819696        0.092728
MDMin:  574 11:53:02    -2397.819692        0.092667
MDMin:  575 11:53:04    -2397.819688        0.092592
MDMin:  576 11:53:06    -2397.819685        0.092504
MDMin:  577 11:53:07    -2397.819681        0.092402
MDMin:  578 11:53:09    -2397.819678        0.092284
MDMin:  579 11:53:10    -2397.819675        0.092151
MDMin:  580 11:53:11    -2397.819671        0.092001
MDMin:  581 11:53:12    -2397.819668        0.091835
MDMin:  582 11:53:14    -2397.819665        0.091651
MDMin:  583 11:53:16    -2397.819662        0.091449
MDMin:  584 11:53:17    -2397.819659        0.091229
MDMin:  585 11:53:19    -2397.819656        0.090990
MDMin:  586 11:53:21    -2397.819653        0.090731
MDMin:  587 11:53:23    -2397.819651        0.090452
MDMin:  588 11:53:25    -2397.819648        0.090153
MDMin:  589 11:53:27    -2397.819646        0.089833
MDMin:  590 11:53:29    -2397.819643        0.089491
MDMin:  591 11:53:31    -2397.819641        0.089128
MDMin:  592 11:53:33    -2397.819639        0.088743
MDMin:  593 11:53:34    -2397.819637        0.088336
MDMin:  594 11:53:36    -2397.819634        0.087906
MDMin:  595 11:53:38    -2397.819632        0.087453
MDMin:  596 11:53:40    -2397.819631        0.086978
MDMin:  597 11:53:41    -2397.819629        0.086480
MDMin:  598 11:53:42    -2397.819627        0.085959
MDMin:  599 11:53:44    -2397.819625        0.085415
MDMin:  600 11:53:46    -2397.819624        0.084849
MDMin:  601 11:53:48    -2397.819622        0.084264
MDMin:  602 11:53:49    -2397.819621        0.083659
MDMin:  603 11:53:51    -2397.819619        0.083035
MDMin:  604 11:53:52    -2397.819618        0.082392
MDMin:  605 11:53:54    -2397.819617        0.082158
MDMin:  606 11:53:55    -2397.819616        0.084397
MDMin:  607 11:53:57    -2397.819615        0.086686
MDMin:  608 11:53:58    -2397.819614        0.089016
MDMin:  609 11:53:59    -2397.819613        0.091375
MDMin:  610 11:54:01    -2397.819612        0.093751
MDMin:  611 11:54:03    -2397.819611        0.096128
MDMin:  612 11:54:05    -2397.819610        0.098489
MDMin:  613 11:54:07    -2397.819610        0.100814
MDMin:  614 11:54:09    -2397.819609        0.103082
MDMin:  615 11:54:11    -2397.819609        0.105268
MDMin:  616 11:54:13    -2397.819608        0.107347
MDMin:  617 11:54:15    -2397.819608        0.109292
MDMin:  618 11:54:16    -2397.819607        0.111073
MDMin:  619 11:54:18    -2397.819607        0.112662
MDMin:  620 11:54:20    -2397.819607        0.114028
MDMin:  621 11:54:22    -2397.819606        0.115143
MDMin:  622 11:54:24    -2397.819606        0.115979
MDMin:  623 11:54:26    -2397.819606        0.116509
MDMin:  624 11:54:28    -2397.819606        0.116711
MDMin:  625 11:54:30    -2397.819606        0.116565
MDMin:  626 11:54:33    -2397.819606        0.116056
MDMin:  627 11:54:34    -2397.819606        0.115174
MDMin:  628 11:54:36    -2397.819606        0.113915
MDMin:  629 11:54:38    -2397.819606        0.112285
MDMin:  630 11:54:40    -2397.819606        0.110293
MDMin:  631 11:54:42    -2397.819606        0.107987
MDMin:  632 11:54:44    -2397.819606        0.105456
MDMin:  633 11:54:46    -2397.819607        0.103077
MDMin:  634 11:54:48    -2397.819607        0.101319
MDMin:  635 11:54:49    -2397.819607        0.100034
MDMin:  636 11:54:51    -2397.819607        0.098745
MDMin:  637 11:54:53    -2397.819607        0.097416
MDMin:  638 11:54:55    -2397.819607        0.096039
MDMin:  639 11:54:57    -2397.819607        0.094617
MDMin:  640 11:54:59    -2397.819607        0.093151
MDMin:  641 11:55:01    -2397.819607        0.092842
MDMin:  642 11:55:03    -2397.819608        0.092820
MDMin:  643 11:55:06    -2397.819608        0.092711
MDMin:  644 11:55:08    -2397.819608        0.092511
MDMin:  645 11:55:09    -2397.819608        0.092213
MDMin:  646 11:55:10    -2397.819608        0.091812
MDMin:  647 11:55:11    -2397.819608        0.091303
MDMin:  648 11:55:13    -2397.819609        0.090680
MDMin:  649 11:55:14    -2397.819609        0.089940
MDMin:  650 11:55:16    -2397.819609        0.089076
MDMin:  651 11:55:17    -2397.819609        0.088086
MDMin:  652 11:55:18    -2397.819609        0.086966
MDMin:  653 11:55:20    -2397.819610        0.085711
MDMin:  654 11:55:22    -2397.819610        0.084321
MDMin:  655 11:55:24    -2397.819610        0.082793
MDMin:  656 11:55:26    -2397.819610        0.081128
MDMin:  657 11:55:27    -2397.819611        0.079325
MDMin:  658 11:55:29    -2397.819611        0.077387
MDMin:  659 11:55:31    -2397.819611        0.075316
MDMin:  660 11:55:33    -2397.819611        0.073116
MDMin:  661 11:55:35    -2397.819612        0.070794
MDMin:  662 11:55:37    -2397.819612        0.068447
MDMin:  663 11:55:39    -2397.819612        0.068374
MDMin:  664 11:55:41    -2397.819613        0.068308
MDMin:  665 11:55:43    -2397.819613        0.068248
MDMin:  666 11:55:45    -2397.819613        0.068195
MDMin:  667 11:55:47    -2397.819614        0.068150
MDMin:  668 11:55:49    -2397.819614        0.068113
MDMin:  669 11:55:51    -2397.819614        0.068085
MDMin:  670 11:55:53    -2397.819615        0.068067
MDMin:  671 11:55:55    -2397.819615        0.068059
MDMin:  672 11:55:57    -2397.819616        0.068062
MDMin:  673 11:55:59    -2397.819616        0.068077
MDMin:  674 11:56:01    -2397.819616        0.068104
MDMin:  675 11:56:03    -2397.819617        0.068145
MDMin:  676 11:56:04    -2397.819617        0.068200
MDMin:  677 11:56:06    -2397.819618        0.068270
MDMin:  678 11:56:07    -2397.819618        0.068355
MDMin:  679 11:56:08    -2397.819619        0.068456
MDMin:  680 11:56:10    -2397.819619        0.068574
MDMin:  681 11:56:12    -2397.819620        0.068709
MDMin:  682 11:56:13    -2397.819620        0.068861
MDMin:  683 11:56:14    -2397.819621        0.069030
MDMin:  684 11:56:16    -2397.819621        0.069218
MDMin:  685 11:56:18    -2397.819622        0.069423
MDMin:  686 11:56:19    -2397.819623        0.069646
MDMin:  687 11:56:20    -2397.819623        0.069885
MDMin:  688 11:56:21    -2397.819624        0.070138
MDMin:  689 11:56:23    -2397.819624        0.071494
MDMin:  690 11:56:25    -2397.819625        0.108844
MDMin:  691 11:56:27    -2397.819625        0.070686
MDMin:  692 11:56:29    -2397.819625        0.070780
MDMin:  693 11:56:31    -2397.819625        0.070876
MDMin:  694 11:56:33    -2397.819625        0.070976
MDMin:  695 11:56:34    -2397.819626        0.071080
MDMin:  696 11:56:36    -2397.819626        0.071187
MDMin:  697 11:56:38    -2397.819626        0.071298
MDMin:  698 11:56:39    -2397.819626        0.071413
MDMin:  699 11:56:41    -2397.819626        0.071531
MDMin:  700 11:56:43    -2397.819627        0.071653
MDMin:  701 11:56:45    -2397.819627        0.071778
MDMin:  702 11:56:47    -2397.819627        0.071907
MDMin:  703 11:56:48    -2397.819627        0.072039
MDMin:  704 11:56:50    -2397.819628        0.072174
MDMin:  705 11:56:51    -2397.819628        0.072313
MDMin:  706 11:56:53    -2397.819628        0.072454
MDMin:  707 11:56:55    -2397.819628        0.072598
MDMin:  708 11:56:56    -2397.819629        0.072744
MDMin:  709 11:56:58    -2397.819629        0.072893
MDMin:  710 11:57:00    -2397.819629        0.073043
MDMin:  711 11:57:01    -2397.819629        0.073195
MDMin:  712 11:57:02    -2397.819630        0.073349
MDMin:  713 11:57:04    -2397.819630        0.073503
MDMin:  714 11:57:05    -2397.819630        0.073658
MDMin:  715 11:57:07    -2397.819630        0.073814
MDMin:  716 11:57:08    -2397.819631        0.073969
MDMin:  717 11:57:10    -2397.819631        0.074123
MDMin:  718 11:57:12    -2397.819631        0.074275
MDMin:  719 11:57:14    -2397.819631        0.074426
MDMin:  720 11:57:16    -2397.819632        0.074574
MDMin:  721 11:57:18    -2397.819632        0.074718
MDMin:  722 11:57:20    -2397.819632        0.074859
MDMin:  723 11:57:22    -2397.819633        0.074994
MDMin:  724 11:57:24    -2397.819633        0.075124
MDMin:  725 11:57:26    -2397.819633        0.075247
MDMin:  726 11:57:27    -2397.819633        0.075363
MDMin:  727 11:57:29    -2397.819634        0.075689
MDMin:  728 11:57:31    -2397.819634        0.076063
MDMin:  729 11:57:33    -2397.819634        0.076443
MDMin:  730 11:57:35    -2397.819635        0.076828
MDMin:  731 11:57:36    -2397.819635        0.077218
MDMin:  732 11:57:38    -2397.819635        0.077612
MDMin:  733 11:57:40    -2397.819636        0.078011
MDMin:  734 11:57:42    -2397.819636        0.078413
MDMin:  735 11:57:44    -2397.819636        0.078818
MDMin:  736 11:57:45    -2397.819637        0.079225
MDMin:  737 11:57:47    -2397.819637        0.079635
MDMin:  738 11:57:49    -2397.819637        0.080046
MDMin:  739 11:57:51    -2397.819637        0.080457
MDMin:  740 11:57:53    -2397.819638        0.080869
MDMin:  741 11:57:55    -2397.819638        0.081281
MDMin:  742 11:57:57    -2397.819638        0.081691
MDMin:  743 11:57:59    -2397.819639        0.082099
MDMin:  744 11:58:01    -2397.819639        0.082505
MDMin:  745 11:58:03    -2397.819639        0.082907
MDMin:  746 11:58:06    -2397.819640        0.083304
MDMin:  747 11:58:08    -2397.819640        0.083696
MDMin:  748 11:58:10    -2397.819640        0.084082
MDMin:  749 11:58:12    -2397.819641        0.084461
MDMin:  750 11:58:13    -2397.819641        0.084832
MDMin:  751 11:58:15    -2397.819641        0.085195
MDMin:  752 11:58:17    -2397.819642        0.085547
MDMin:  753 11:58:19    -2397.819642        0.085889
MDMin:  754 11:58:22    -2397.819642        0.086219
MDMin:  755 11:58:24    -2397.819643        0.086536
MDMin:  756 11:58:26    -2397.819643        0.086840
MDMin:  757 11:58:28    -2397.819643        0.087130
MDMin:  758 11:58:30    -2397.819644        0.087405
MDMin:  759 11:58:32    -2397.819644        0.087664
MDMin:  760 11:58:34    -2397.819644        0.087906
MDMin:  761 11:58:36    -2397.819645        0.088130
MDMin:  762 11:58:39    -2397.819645        0.088337
MDMin:  763 11:58:41    -2397.819645        0.088526
MDMin:  764 11:58:44    -2397.819646        0.088695
MDMin:  765 11:58:46    -2397.819646        0.088845
MDMin:  766 11:58:48    -2397.819646        0.088975
MDMin:  767 11:58:50    -2397.819647        0.089085
MDMin:  768 11:58:53    -2397.819647        0.089175
MDMin:  769 11:58:55    -2397.819647        0.089242
MDMin:  770 11:58:57    -2397.819648        0.089293
MDMin:  771 11:58:59    -2397.819648        0.089316
MDMin:  772 11:59:01    -2397.819648        0.089330
MDMin:  773 11:59:03    -2397.819649        0.089303
MDMin:  774 11:59:05    -2397.819649        0.089292
MDMin:  775 11:59:07    -2397.819649        0.089195
MDMin:  776 11:59:09    -2397.819649        0.089198
MDMin:  777 11:59:11    -2397.819650        0.088964
MDMin:  778 11:59:13    -2397.819650        0.089116
MDMin:  779 11:59:15    -2397.819650        0.088505
MDMin:  780 11:59:18    -2397.819651        0.091996
MDMin:  781 11:59:19    -2397.819651        0.103030
MDMin:  782 11:59:21    -2397.819651        0.088658
MDMin:  783 11:59:22    -2397.819651        0.088360
MDMin:  784 11:59:24    -2397.819651        0.088311
MDMin:  785 11:59:26    -2397.819652        0.088229
MDMin:  786 11:59:27    -2397.819652        0.088147
MDMin:  787 11:59:29    -2397.819652        0.088063
MDMin:  788 11:59:30    -2397.819652        0.087975
MDMin:  789 11:59:32    -2397.819652        0.087885
MDMin:  790 11:59:34    -2397.819652        0.087792
MDMin:  791 11:59:36    -2397.819652        0.087695
MDMin:  792 11:59:38    -2397.819652        0.087596
MDMin:  793 11:59:40    -2397.819653        0.087494
MDMin:  794 11:59:42    -2397.819653        0.087388
MDMin:  795 11:59:44    -2397.819653        0.087280
MDMin:  796 11:59:46    -2397.819653        0.087169
MDMin:  797 11:59:48    -2397.819653        0.087054
MDMin:  798 11:59:50    -2397.819653        0.086937
MDMin:  799 11:59:52    -2397.819653        0.086817
MDMin:  800 11:59:54    -2397.819654        0.086694
MDMin:  801 11:59:55    -2397.819654        0.086568
MDMin:  802 11:59:57    -2397.819654        0.086439
MDMin:  803 11:59:59    -2397.819654        0.086308
MDMin:  804 12:00:01    -2397.819654        0.086174
MDMin:  805 12:00:03    -2397.819654        0.086038
MDMin:  806 12:00:04    -2397.819655        0.085899
MDMin:  807 12:00:05    -2397.819655        0.085759
MDMin:  808 12:00:07    -2397.819655        0.085616
MDMin:  809 12:00:09    -2397.819655        0.085471
MDMin:  810 12:00:11    -2397.819655        0.085324
MDMin:  811 12:00:12    -2397.819655        0.085176
MDMin:  812 12:00:13    -2397.819656        0.085111
MDMin:  813 12:00:15    -2397.819656        0.085153
MDMin:  814 12:00:17    -2397.819656        0.085193
MDMin:  815 12:00:18    -2397.819656        0.085231
MDMin:  816 12:00:20    -2397.819656        0.085266
MDMin:  817 12:00:22    -2397.819656        0.085299
MDMin:  818 12:00:24    -2397.819657        0.085330
MDMin:  819 12:00:26    -2397.819657        0.085358
MDMin:  820 12:00:28    -2397.819657        0.085384
MDMin:  821 12:00:30    -2397.819657        0.085408
MDMin:  822 12:00:32    -2397.819657        0.085429
MDMin:  823 12:00:33    -2397.819658        0.085447
MDMin:  824 12:00:35    -2397.819658        0.085463
MDMin:  825 12:00:37    -2397.819658        0.085477
MDMin:  826 12:00:39    -2397.819658        0.085488
MDMin:  827 12:00:40    -2397.819658        0.085497
MDMin:  828 12:00:42    -2397.819658        0.085503
MDMin:  829 12:00:43    -2397.819659        0.085507
MDMin:  830 12:00:45    -2397.819659        0.085508
MDMin:  831 12:00:47    -2397.819659        0.085507
MDMin:  832 12:00:49    -2397.819659        0.085504
MDMin:  833 12:00:51    -2397.819659        0.085498
MDMin:  834 12:00:54    -2397.819660        0.085490
MDMin:  835 12:00:56    -2397.819660        0.085479
MDMin:  836 12:00:58    -2397.819660        0.085466
MDMin:  837 12:01:00    -2397.819660        0.085450
MDMin:  838 12:01:02    -2397.819660        0.085432
MDMin:  839 12:01:03    -2397.819661        0.085411
MDMin:  840 12:01:05    -2397.819661        0.085388
MDMin:  841 12:01:06    -2397.819661        0.085362
MDMin:  842 12:01:08    -2397.819661        0.085333
MDMin:  843 12:01:10    -2397.819661        0.085302
MDMin:  844 12:01:12    -2397.819661        0.085267
MDMin:  845 12:01:14    -2397.819662        0.085231
MDMin:  846 12:01:15    -2397.819662        0.085189
MDMin:  847 12:01:17    -2397.819662        0.085150
MDMin:  848 12:01:18    -2397.819662        0.085094
MDMin:  849 12:01:20    -2397.819662        0.085063
MDMin:  850 12:01:21    -2397.819663        0.084973
MDMin:  851 12:01:22    -2397.819663        0.084988
MDMin:  852 12:01:24    -2397.819663        0.084784
MDMin:  853 12:01:26    -2397.819663        0.085026
MDMin:  854 12:01:28    -2397.819663        0.084379
MDMin:  855 12:01:30    -2397.819664        0.085756
MDMin:  856 12:01:32    -2397.819664        0.083697
MDMin:  857 12:01:34    -2397.819664        0.090993
MDMin:  858 12:01:36    -2397.819664        0.085361
MDMin:  859 12:01:38    -2397.819664        0.089008
MDMin:  860 12:01:40    -2397.819664        0.083790
MDMin:  861 12:01:42    -2397.819664        0.084506
MDMin:  862 12:01:44    -2397.819664        0.084218
MDMin:  863 12:01:46    -2397.819665        0.084240
MDMin:  864 12:01:48    -2397.819665        0.084169
MDMin:  865 12:01:50    -2397.819665        0.084127
MDMin:  866 12:01:52    -2397.819665        0.084072
MDMin:  867 12:01:54    -2397.819665        0.084020
MDMin:  868 12:01:56    -2397.819665        0.083963
MDMin:  869 12:01:58    -2397.819665        0.083906
MDMin:  870 12:02:00    -2397.819665        0.083846
MDMin:  871 12:02:01    -2397.819665        0.083784
MDMin:  872 12:02:03    -2397.819665        0.083719
MDMin:  873 12:02:05    -2397.819665        0.083653
MDMin:  874 12:02:07    -2397.819666        0.083584
MDMin:  875 12:02:09    -2397.819666        0.083512
MDMin:  876 12:02:11    -2397.819666        0.083438
MDMin:  877 12:02:13    -2397.819666        0.083361
MDMin:  878 12:02:15    -2397.819666        0.083281
MDMin:  879 12:02:17    -2397.819666        0.083198
MDMin:  880 12:02:19    -2397.819666        0.083112
MDMin:  881 12:02:20    -2397.819666        0.083022
MDMin:  882 12:02:22    -2397.819666        0.082930
MDMin:  883 12:02:24    -2397.819666        0.082834
MDMin:  884 12:02:25    -2397.819667        0.082734
MDMin:  885 12:02:26    -2397.819667        0.082631
MDMin:  886 12:02:28    -2397.819667        0.082523
MDMin:  887 12:02:30    -2397.819667        0.082412
MDMin:  888 12:02:32    -2397.819667        0.082297
MDMin:  889 12:02:33    -2397.819667        0.082177
MDMin:  890 12:02:35    -2397.819667        0.082053
MDMin:  891 12:02:37    -2397.819667        0.081924
MDMin:  892 12:02:39    -2397.819667        0.081790
MDMin:  893 12:02:40    -2397.819668        0.081651
MDMin:  894 12:02:42    -2397.819668        0.081508
MDMin:  895 12:02:44    -2397.819668        0.081359
MDMin:  896 12:02:46    -2397.819668        0.081205
MDMin:  897 12:02:47    -2397.819668        0.081045
MDMin:  898 12:02:48    -2397.819668        0.080880
MDMin:  899 12:02:49    -2397.819668        0.080708
MDMin:  900 12:02:51    -2397.819668        0.080531
MDMin:  901 12:02:53    -2397.819668        0.080349
MDMin:  902 12:02:54    -2397.819669        0.080159
MDMin:  903 12:02:56    -2397.819669        0.079964
MDMin:  904 12:02:57    -2397.819669        0.079763
MDMin:  905 12:02:59    -2397.819669        0.079555
MDMin:  906 12:03:01    -2397.819669        0.079340
MDMin:  907 12:03:03    -2397.819669        0.079119
MDMin:  908 12:03:04    -2397.819669        0.078891
MDMin:  909 12:03:05    -2397.819670        0.078657
MDMin:  910 12:03:08    -2397.819670        0.078416
MDMin:  911 12:03:10    -2397.819670        0.078169
MDMin:  912 12:03:12    -2397.819670        0.077914
MDMin:  913 12:03:14    -2397.819670        0.077653
MDMin:  914 12:03:16    -2397.819670        0.077386
MDMin:  915 12:03:18    -2397.819670        0.077135
MDMin:  916 12:03:20    -2397.819670        0.076984
MDMin:  917 12:03:22    -2397.819671        0.076833
MDMin:  918 12:03:24    -2397.819671        0.076671
MDMin:  919 12:03:25    -2397.819671        0.076518
MDMin:  920 12:03:27    -2397.819671        0.076339
MDMin:  921 12:03:29    -2397.819671        0.076196
MDMin:  922 12:03:30    -2397.819671        0.075977
MDMin:  923 12:03:32    -2397.819671        0.075894
MDMin:  924 12:03:34    -2397.819672        0.075548
MDMin:  925 12:03:36    -2397.819672        0.075719
MDMin:  926 12:03:38    -2397.819672        0.074920
MDMin:  927 12:03:40    -2397.819672        0.076259
MDMin:  928 12:03:42    -2397.819672        0.074620
MDMin:  929 12:03:44    -2397.819672        0.081783
MDMin:  930 12:03:46    -2397.819672        0.079470
MDMin:  931 12:03:48    -2397.819672        0.090602
MDMin:  932 12:03:49    -2397.819673        0.074912
MDMin:  933 12:03:51    -2397.819673        0.074917
MDMin:  934 12:03:52    -2397.819673        0.074086
MDMin:  935 12:03:54    -2397.819673        0.074176
MDMin:  936 12:03:55    -2397.819673        0.074046
MDMin:  937 12:03:56    -2397.819673        0.073985
MDMin:  938 12:03:58    -2397.819673        0.073905
MDMin:  939 12:04:01    -2397.819673        0.073836
MDMin:  940 12:04:03    -2397.819673        0.073766
MDMin:  941 12:04:05    -2397.819673        0.073701
MDMin:  942 12:04:07    -2397.819673        0.073637
MDMin:  943 12:04:09    -2397.819673        0.073577
MDMin:  944 12:04:11    -2397.819673        0.073520
MDMin:  945 12:04:13    -2397.819673        0.073466
MDMin:  946 12:04:15    -2397.819673        0.073415
MDMin:  947 12:04:17    -2397.819674        0.073369
MDMin:  948 12:04:19    -2397.819674        0.073327
MDMin:  949 12:04:21    -2397.819674        0.073290
MDMin:  950 12:04:23    -2397.819674        0.073258
MDMin:  951 12:04:25    -2397.819674        0.073232
MDMin:  952 12:04:27    -2397.819674        0.073212
MDMin:  953 12:04:28    -2397.819674        0.073198
MDMin:  954 12:04:31    -2397.819674        0.073191
MDMin:  955 12:04:33    -2397.819674        0.073192
MDMin:  956 12:04:35    -2397.819674        0.073202
MDMin:  957 12:04:37    -2397.819674        0.073220
MDMin:  958 12:04:39    -2397.819674        0.073247
MDMin:  959 12:04:41    -2397.819674        0.073284
MDMin:  960 12:04:43    -2397.819675        0.073332
MDMin:  961 12:04:45    -2397.819675        0.073391
MDMin:  962 12:04:47    -2397.819675        0.073461
MDMin:  963 12:04:49    -2397.819675        0.073545
MDMin:  964 12:04:51    -2397.819675        0.073641
MDMin:  965 12:04:52    -2397.819675        0.073751
MDMin:  966 12:04:54    -2397.819675        0.073876
MDMin:  967 12:04:56    -2397.819675        0.074016
MDMin:  968 12:04:58    -2397.819675        0.074171
MDMin:  969 12:05:00    -2397.819675        0.074344
MDMin:  970 12:05:02    -2397.819675        0.074534
MDMin:  971 12:05:04    -2397.819676        0.074742
MDMin:  972 12:05:06    -2397.819676        0.074969
MDMin:  973 12:05:08    -2397.819676        0.075216
MDMin:  974 12:05:10    -2397.819676        0.075483
MDMin:  975 12:05:12    -2397.819676        0.075770
MDMin:  976 12:05:14    -2397.819676        0.076079
MDMin:  977 12:05:16    -2397.819676        0.076409
MDMin:  978 12:05:19    -2397.819676        0.076763
MDMin:  979 12:05:21    -2397.819676        0.077139
MDMin:  980 12:05:23    -2397.819676        0.077538
MDMin:  981 12:05:25    -2397.819676        0.077961
MDMin:  982 12:05:27    -2397.819677        0.078408
MDMin:  983 12:05:29    -2397.819677        0.078879
MDMin:  984 12:05:31    -2397.819677        0.079374
MDMin:  985 12:05:33    -2397.819677        0.079892
MDMin:  986 12:05:34    -2397.819677        0.080434
MDMin:  987 12:05:35    -2397.819677        0.080999
MDMin:  988 12:05:37    -2397.819677        0.081587
MDMin:  989 12:05:39    -2397.819677        0.082195
MDMin:  990 12:05:40    -2397.819677        0.082827
MDMin:  991 12:05:41    -2397.819677        0.083476
MDMin:  992 12:05:42    -2397.819678        0.084149
MDMin:  993 12:05:44    -2397.819678        0.084831
MDMin:  994 12:05:45    -2397.819678        0.085541
MDMin:  995 12:05:47    -2397.819678        0.086245
MDMin:  996 12:05:49    -2397.819678        0.086993
MDMin:  997 12:05:51    -2397.819678        0.087701
MDMin:  998 12:05:52    -2397.819678        0.088496
MDMin:  999 12:05:54    -2397.819678        0.089165
MDMin:  1000 12:05:56    -2397.819678        0.090049
MDMin:  1001 12:05:59    -2397.819678        0.090584
MDMin:  1002 12:06:01    -2397.819679        0.091683
MDMin:  1003 12:06:02    -2397.819679        0.091845
MDMin:  1004 12:06:04    -2397.819679        0.093533
MDMin:  1005 12:06:06    -2397.819679        0.092713
MDMin:  1006 12:06:08    -2397.819679        0.096016
MDMin:  1007 12:06:10    -2397.819679        0.092887
MDMin:  1008 12:06:12    -2397.819679        0.099537
MDMin:  1009 12:06:14    -2397.819679        0.093110
MDMin:  1010 12:06:16    -2397.819679        0.099874
MDMin:  1011 12:06:17    -2397.819679        0.095051
MDMin:  1012 12:06:19    -2397.819679        0.098011
MDMin:  1013 12:06:21    -2397.819679        0.096710
MDMin:  1014 12:06:22    -2397.819679        0.097801
MDMin:  1015 12:06:24    -2397.819680        0.097576
MDMin:  1016 12:06:25    -2397.819680        0.098081
MDMin:  1017 12:06:27    -2397.819680        0.098136
MDMin:  1018 12:06:29    -2397.819680        0.098435
MDMin:  1019 12:06:31    -2397.819680        0.098551
MDMin:  1020 12:06:33    -2397.819680        0.098749
MDMin:  1021 12:06:34    -2397.819680        0.098854
MDMin:  1022 12:06:36    -2397.819680        0.098981
MDMin:  1023 12:06:38    -2397.819680        0.099047
MDMin:  1024 12:06:40    -2397.819680        0.099108
MDMin:  1025 12:06:42    -2397.819680        0.099120
MDMin:  1026 12:06:44    -2397.819680        0.099112
MDMin:  1027 12:06:46    -2397.819680        0.099059
MDMin:  1028 12:06:48    -2397.819680        0.098977
MDMin:  1029 12:06:50    -2397.819680        0.098850
MDMin:  1030 12:06:52    -2397.819680        0.098687
MDMin:  1031 12:06:54    -2397.819681        0.098476
MDMin:  1032 12:06:56    -2397.819681        0.098225
MDMin:  1033 12:06:58    -2397.819681        0.097924
MDMin:  1034 12:07:00    -2397.819681        0.097578
MDMin:  1035 12:07:02    -2397.819681        0.097179
MDMin:  1036 12:07:04    -2397.819681        0.096732
MDMin:  1037 12:07:06    -2397.819681        0.096228
MDMin:  1038 12:07:08    -2397.819681        0.095672
MDMin:  1039 12:07:10    -2397.819681        0.095057
MDMin:  1040 12:07:12    -2397.819681        0.094388
MDMin:  1041 12:07:14    -2397.819681        0.093655
MDMin:  1042 12:07:15    -2397.819681        0.092867
MDMin:  1043 12:07:17    -2397.819681        0.092013
MDMin:  1044 12:07:19    -2397.819681        0.091103
MDMin:  1045 12:07:21    -2397.819682        0.090122
MDMin:  1046 12:07:22    -2397.819682        0.089087
MDMin:  1047 12:07:24    -2397.819682        0.087976
MDMin:  1048 12:07:26    -2397.819682        0.086815
MDMin:  1049 12:07:28    -2397.819682        0.085570
MDMin:  1050 12:07:30    -2397.819682        0.084286
MDMin:  1051 12:07:32    -2397.819682        0.082902
MDMin:  1052 12:07:34    -2397.819682        0.081507
MDMin:  1053 12:07:36    -2397.819682        0.079971
MDMin:  1054 12:07:38    -2397.819682        0.078495
MDMin:  1055 12:07:40    -2397.819682        0.076766
MDMin:  1056 12:07:42    -2397.819682        0.075290
MDMin:  1057 12:07:44    -2397.819682        0.073232
MDMin:  1058 12:07:46    -2397.819683        0.072029
MDMin:  1059 12:07:48    -2397.819683        0.069159
MDMin:  1060 12:07:49    -2397.819683        0.069252
MDMin:  1061 12:07:51    -2397.819683        0.063784
MDMin:  1062 12:07:52    -2397.819683        0.069762
MDMin:  1063 12:07:54    -2397.819683        0.057918
MDMin:  1064 12:07:55    -2397.819683        0.086608
MDMin:  1065 12:07:57    -2397.819683        0.069446
MDMin:  1066 12:07:59    -2397.819683        0.067227
MDMin:  1067 12:08:01    -2397.819683        0.059340
MDMin:  1068 12:08:03    -2397.819683        0.059673
MDMin:  1069 12:08:05    -2397.819683        0.059151
MDMin:  1070 12:08:07    -2397.819683        0.058817
MDMin:  1071 12:08:09    -2397.819683        0.058423
MDMin:  1072 12:08:11    -2397.819684        0.058035
MDMin:  1073 12:08:13    -2397.819684        0.057634
MDMin:  1074 12:08:15    -2397.819684        0.057226
MDMin:  1075 12:08:17    -2397.819684        0.056809
MDMin:  1076 12:08:19    -2397.819684        0.056384
MDMin:  1077 12:08:21    -2397.819684        0.055950
MDMin:  1078 12:08:24    -2397.819684        0.055508
MDMin:  1079 12:08:26    -2397.819684        0.055058
MDMin:  1080 12:08:29    -2397.819684        0.054600
MDMin:  1081 12:08:31    -2397.819684        0.054134
MDMin:  1082 12:08:33    -2397.819684        0.053661
MDMin:  1083 12:08:35    -2397.819684        0.053180
MDMin:  1084 12:08:37    -2397.819684        0.052693
MDMin:  1085 12:08:39    -2397.819684        0.052199
MDMin:  1086 12:08:41    -2397.819684        0.051699
MDMin:  1087 12:08:43    -2397.819684        0.051192
MDMin:  1088 12:08:45    -2397.819684        0.050680
MDMin:  1089 12:08:47    -2397.819684        0.050162
MDMin:  1090 12:08:49    -2397.819684        0.049640
