       Step     Time          Energy          fmax
MDMin:    0 11:26:47    -2393.821187        6.180474
MDMin:    1 11:26:50    -2393.822835        6.348509
MDMin:    2 11:26:52    -2393.827601        6.736488
MDMin:    3 11:26:54    -2393.834942        6.782971
MDMin:    4 11:26:55    -2393.843629        5.436599
MDMin:    5 11:26:57    -2393.850395        3.484312
MDMin:    6 11:26:58    -2393.857295        4.260078
MDMin:    7 11:26:59    -2393.863281        4.011921
MDMin:    8 11:27:01    -2393.868548        2.111038
MDMin:    9 11:27:02    -2393.873561        1.755687
MDMin:   10 11:27:03    -2393.877979        1.426056
MDMin:   11 11:27:04    -2393.881839        1.461535
MDMin:   12 11:27:06    -2393.885108        1.501443
MDMin:   13 11:27:08    -2393.887705        2.056076
MDMin:   14 11:27:10    -2393.889118        1.682443
MDMin:   15 11:27:11    -2393.889807        1.157951
MDMin:   16 11:27:13    -2393.890696        1.134854
MDMin:   17 11:27:15    -2393.891747        1.080930
MDMin:   18 11:27:16    -2393.892972        0.998684
MDMin:   19 11:27:17    -2393.894389        0.903382
MDMin:   20 11:27:19    -2393.896010        0.833547
MDMin:   21 11:27:21    -2393.897848        0.827394
MDMin:   22 11:27:22    -2393.899914        0.826205
MDMin:   23 11:27:24    -2393.902231        0.829193
MDMin:   24 11:27:25    -2393.904832        0.834533
MDMin:   25 11:27:27    -2393.907773        0.839188
MDMin:   26 11:27:28    -2393.911088        0.837363
MDMin:   27 11:27:29    -2393.914756        0.827767
MDMin:   28 11:27:31    -2393.917984        1.250610
MDMin:   29 11:27:32    -2393.919472        0.807085
MDMin:   30 11:27:33    -2393.920865        0.803393
MDMin:   31 11:27:35    -2393.922537        0.800350
MDMin:   32 11:27:36    -2393.924511        0.798945
MDMin:   33 11:27:37    -2393.926824        0.800495
MDMin:   34 11:27:39    -2393.929520        0.806709
MDMin:   35 11:27:40    -2393.932651        0.819603
MDMin:   36 11:27:41    -2393.936276        0.841280
MDMin:   37 11:27:43    -2393.940464        0.873360
MDMin:   38 11:27:44    -2393.945287        0.915620
MDMin:   39 11:27:45    -2393.950828        0.963448
MDMin:   40 11:27:46    -2393.957182        1.005234
MDMin:   41 11:27:48    -2393.964463        1.024530
MDMin:   42 11:27:49    -2393.972819        1.009923
MDMin:   43 11:27:50    -2393.982437        1.002318
MDMin:   44 11:27:52    -2393.993557        1.017318
MDMin:   45 11:27:54    -2394.006528        1.079393
MDMin:   46 11:27:55    -2394.021835        1.104751
MDMin:   47 11:27:56    -2394.040055        1.077942
MDMin:   48 11:27:58    -2394.054847        0.990189
MDMin:   49 11:28:00    -2394.069272        1.201384
MDMin:   50 11:28:02    -2394.081383        1.590841
MDMin:   51 11:28:04    -2394.087134        0.775382
MDMin:   52 11:28:06    -2394.094421        0.789933
MDMin:   53 11:28:08    -2394.103193        0.807018
MDMin:   54 11:28:09    -2394.113656        0.827042
MDMin:   55 11:28:11    -2394.126033        0.850281
MDMin:   56 11:28:13    -2394.140569        0.876740
MDMin:   57 11:28:14    -2394.157543        0.905823
MDMin:   58 11:28:16    -2394.177283        0.980598
MDMin:   59 11:28:18    -2394.200198        1.062000
MDMin:   60 11:28:19    -2394.226836        1.130351
MDMin:   61 11:28:20    -2394.258035        1.188283
MDMin:   62 11:28:22    -2394.295198        1.249028
MDMin:   63 11:28:23    -2394.340736        1.258858
MDMin:   64 11:28:24    -2394.399032        1.308444
MDMin:   65 11:28:26    -2394.478444        1.356157
MDMin:   66 11:28:27    -2394.594842        1.715008
MDMin:   67 11:28:28    -2394.773398        2.163314
MDMin:   68 11:28:30    -2395.030641        2.407233
MDMin:   69 11:28:31    -2395.313028        2.065529
MDMin:   70 11:28:33    -2395.508604        1.424014
MDMin:   71 11:28:34    -2395.610781        0.939062
MDMin:   72 11:28:36    -2395.648812        1.108579
MDMin:   73 11:28:38    -2395.671512        1.849816
MDMin:   74 11:28:40    -2395.678246        0.758641
MDMin:   75 11:28:42    -2395.687189        0.762253
MDMin:   76 11:28:44    -2395.697192        0.764011
MDMin:   77 11:28:46    -2395.708305        0.762989
MDMin:   78 11:28:47    -2395.720534        0.758276
MDMin:   79 11:28:48    -2395.733898        0.749181
MDMin:   80 11:28:49    -2395.746649        0.735277
MDMin:   81 11:28:51    -2395.759336        0.716723
MDMin:   82 11:28:52    -2395.773089        0.694147
MDMin:   83 11:28:53    -2395.788006        0.667947
MDMin:   84 11:28:55    -2395.804187        0.639850
MDMin:   85 11:28:56    -2395.821726        0.630004
MDMin:   86 11:28:58    -2395.840674        0.635347
MDMin:   87 11:29:00    -2395.860709        0.750203
MDMin:   88 11:29:02    -2395.880127        0.753188
MDMin:   89 11:29:03    -2395.895568        1.231803
MDMin:   90 11:29:05    -2395.903482        0.633977
MDMin:   91 11:29:06    -2395.910407        0.631652
MDMin:   92 11:29:08    -2395.917800        0.727278
MDMin:   93 11:29:09    -2395.926781        0.623964
MDMin:   94 11:29:10    -2395.935291        0.710250
MDMin:   95 11:29:12    -2395.945598        0.686387
MDMin:   96 11:29:13    -2395.956739        0.600003
MDMin:   97 11:29:15    -2395.967131        0.670043
MDMin:   98 11:29:16    -2395.979269        0.643682
MDMin:   99 11:29:17    -2395.992266        0.618585
MDMin:  100 11:29:18    -2396.006054        0.594786
MDMin:  101 11:29:20    -2396.020571        0.572275
MDMin:  102 11:29:21    -2396.035771        0.551172
MDMin:  103 11:29:22    -2396.051633        0.531705
MDMin:  104 11:29:23    -2396.068172        0.514189
MDMin:  105 11:29:25    -2396.085448        0.499015
MDMin:  106 11:29:26    -2396.103565        0.488008
MDMin:  107 11:29:28    -2396.122615        0.477708
MDMin:  108 11:29:30    -2396.142121        0.680943
MDMin:  109 11:29:32    -2396.157945        1.478730
MDMin:  110 11:29:34    -2396.162636        0.503363
MDMin:  111 11:29:36    -2396.168320        0.510086
MDMin:  112 11:29:37    -2396.174977        0.517700
MDMin:  113 11:29:39    -2396.182645        0.525949
MDMin:  114 11:29:41    -2396.191370        0.534398
MDMin:  115 11:29:42    -2396.201207        0.542395
MDMin:  116 11:29:43    -2396.212219        0.549045
MDMin:  117 11:29:45    -2396.224476        0.553327
MDMin:  118 11:29:46    -2396.238048        0.564891
MDMin:  119 11:29:48    -2396.253000        0.577461
MDMin:  120 11:29:49    -2396.267666        0.756431
MDMin:  121 11:29:51    -2396.282321        0.723260
MDMin:  122 11:29:52    -2396.299232        0.707045
MDMin:  123 11:29:53    -2396.318673        0.708172
MDMin:  124 11:29:55    -2396.340995        0.726225
MDMin:  125 11:29:57    -2396.366618        0.760306
MDMin:  126 11:29:59    -2396.396025        0.808989
MDMin:  127 11:30:01    -2396.429700        0.869840
MDMin:  128 11:30:03    -2396.468013        0.938397
MDMin:  129 11:30:05    -2396.511118        1.007140
MDMin:  130 11:30:07    -2396.559091        1.068897
MDMin:  131 11:30:08    -2396.611756        1.112990
MDMin:  132 11:30:09    -2396.667979        1.132850
MDMin:  133 11:30:11    -2396.724454        1.136460
MDMin:  134 11:30:13    -2396.772612        1.406096
MDMin:  135 11:30:15    -2396.801454        1.155509
MDMin:  136 11:30:17    -2396.826106        1.177665
MDMin:  137 11:30:18    -2396.855143        1.212718
MDMin:  138 11:30:20    -2396.889666        1.254478
MDMin:  139 11:30:22    -2396.930614        1.300926
MDMin:  140 11:30:23    -2396.978929        1.348014
MDMin:  141 11:30:25    -2397.035324        1.390976
MDMin:  142 11:30:26    -2397.100108        1.427245
MDMin:  143 11:30:28    -2397.173253        1.456159
MDMin:  144 11:30:30    -2397.254294        1.468485
MDMin:  145 11:30:32    -2397.340921        1.434944
MDMin:  146 11:30:34    -2397.426820        1.318936
MDMin:  147 11:30:36    -2397.491700        1.117662
MDMin:  148 11:30:38    -2397.537953        0.875657
MDMin:  149 11:30:40    -2397.574916        0.659086
MDMin:  150 11:30:41    -2397.608315        0.987132
MDMin:  151 11:30:43    -2397.628156        1.810729
MDMin:  152 11:30:45    -2397.629042        1.612832
MDMin:  153 11:30:47    -2397.631107        1.187313
MDMin:  154 11:30:49    -2397.634630        0.626970
MDMin:  155 11:30:51    -2397.639896        0.470791
MDMin:  156 11:30:53    -2397.644685        0.496644
MDMin:  157 11:30:55    -2397.649183        0.477232
MDMin:  158 11:30:57    -2397.654154        0.455783
MDMin:  159 11:30:59    -2397.655365        0.577595
MDMin:  160 11:31:01    -2397.657577        0.563617
MDMin:  161 11:31:03    -2397.659980        0.572264
MDMin:  162 11:31:05    -2397.662605        0.568983
MDMin:  163 11:31:06    -2397.665436        0.546595
MDMin:  164 11:31:08    -2397.668455        0.505028
MDMin:  165 11:31:09    -2397.667797        0.456780
MDMin:  166 11:31:11    -2397.666891        0.420119
MDMin:  167 11:31:13    -2397.665929        0.390775
MDMin:  168 11:31:15    -2397.665090        0.392987
MDMin:  169 11:31:16    -2397.664325        0.399239
MDMin:  170 11:31:17    -2397.663523        0.670229
MDMin:  171 11:31:19    -2397.661638        0.411114
MDMin:  172 11:31:20    -2397.661181        0.415753
MDMin:  173 11:31:21    -2397.660615        0.420601
MDMin:  174 11:31:23    -2397.660123        0.425590
MDMin:  175 11:31:24    -2397.659676        0.430526
MDMin:  176 11:31:26    -2397.659298        0.435163
MDMin:  177 11:31:27    -2397.658977        0.439160
MDMin:  178 11:31:29    -2397.658731        0.442115
MDMin:  179 11:31:30    -2397.658565        0.638164
MDMin:  180 11:31:31    -2397.658480        0.444356
MDMin:  181 11:31:32    -2397.658420        0.444579
MDMin:  182 11:31:34    -2397.658362        0.444552
MDMin:  183 11:31:35    -2397.658307        0.444197
MDMin:  184 11:31:36    -2397.658255        0.443418
MDMin:  185 11:31:37    -2397.658209        0.442123
MDMin:  186 11:31:39    -2397.658170        0.440232
MDMin:  187 11:31:40    -2397.658139        0.437687
MDMin:  188 11:31:41    -2397.658116        0.434464
MDMin:  189 11:31:43    -2397.658101        0.430581
MDMin:  190 11:31:44    -2397.658093        0.426114
MDMin:  191 11:31:45    -2397.658091        0.421206
MDMin:  192 11:31:46    -2397.658095        0.416127
MDMin:  193 11:31:48    -2397.658100        0.553345
MDMin:  194 11:31:49    -2397.658107        0.545605
MDMin:  195 11:31:50    -2397.658110        0.406145
MDMin:  196 11:31:51    -2397.658114        0.404166
MDMin:  197 11:31:53    -2397.658118        0.402054
MDMin:  198 11:31:54    -2397.658123        0.399841
MDMin:  199 11:31:55    -2397.658129        0.397571
MDMin:  200 11:31:57    -2397.658136        0.395293
MDMin:  201 11:31:58    -2397.658110        0.817513
MDMin:  202 11:32:00    -2397.657803        0.391866
MDMin:  203 11:32:01    -2397.657708        0.390641
MDMin:  204 11:32:03    -2397.657592        0.389331
MDMin:  205 11:32:04    -2397.657477        0.387933
MDMin:  206 11:32:06    -2397.657366        0.386422
MDMin:  207 11:32:08    -2397.657261        0.384731
MDMin:  208 11:32:10    -2397.657165        0.382737
MDMin:  209 11:32:12    -2397.657079        0.380234
MDMin:  210 11:32:13    -2397.657005        0.379317
MDMin:  211 11:32:15    -2397.656944        0.384477
MDMin:  212 11:32:17    -2397.656899        0.389841
MDMin:  213 11:32:19    -2397.656870        0.395256
MDMin:  214 11:32:21    -2397.656860        0.403661
MDMin:  215 11:32:23    -2397.656871        0.412774
MDMin:  216 11:32:25    -2397.656906        0.419323
MDMin:  217 11:32:27    -2397.656967        0.421906
MDMin:  218 11:32:29    -2397.657057        0.419124
MDMin:  219 11:32:31    -2397.657176        0.419184
MDMin:  220 11:32:33    -2397.657300        0.744177
MDMin:  221 11:32:34    -2397.657353        0.420831
MDMin:  222 11:32:35    -2397.657405        0.421069
MDMin:  223 11:32:36    -2397.657467        0.421325
MDMin:  224 11:32:38    -2397.657540        0.421600
MDMin:  225 11:32:40    -2397.657626        0.421892
MDMin:  226 11:32:41    -2397.657726        0.422198
MDMin:  227 11:32:42    -2397.657841        0.422513
MDMin:  228 11:32:44    -2397.657974        0.422825
MDMin:  229 11:32:45    -2397.658125        0.423113
MDMin:  230 11:32:46    -2397.658298        0.423339
MDMin:  231 11:32:48    -2397.658493        0.423448
MDMin:  232 11:32:50    -2397.658713        0.423366
MDMin:  233 11:32:51    -2397.658960        0.423005
MDMin:  234 11:32:53    -2397.659234        0.422270
MDMin:  235 11:32:55    -2397.659534        0.421088
MDMin:  236 11:32:57    -2397.659837        0.433057
MDMin:  237 11:32:59    -2397.660053        0.530401
MDMin:  238 11:33:01    -2397.660161        0.417310
MDMin:  239 11:33:03    -2397.660282        0.416405
MDMin:  240 11:33:05    -2397.660422        0.415344
MDMin:  241 11:33:07    -2397.660583        0.414114
MDMin:  242 11:33:09    -2397.660765        0.412708
MDMin:  243 11:33:11    -2397.660971        0.411120
MDMin:  244 11:33:13    -2397.661201        0.409351
MDMin:  245 11:33:15    -2397.661457        0.407412
MDMin:  246 11:33:16    -2397.661742        0.405330
MDMin:  247 11:33:18    -2397.662057        0.403146
MDMin:  248 11:33:20    -2397.662406        0.400925
MDMin:  249 11:33:22    -2397.662789        0.398744
MDMin:  250 11:33:24    -2397.663211        0.396673
MDMin:  251 11:33:25    -2397.663674        0.394735
MDMin:  252 11:33:26    -2397.664177        0.392816
MDMin:  253 11:33:29    -2397.664694        0.390632
MDMin:  254 11:33:30    -2397.665068        0.505134
MDMin:  255 11:33:32    -2397.665193        0.387644
MDMin:  256 11:33:34    -2397.665360        0.386365
MDMin:  257 11:33:36    -2397.665554        0.384691
MDMin:  258 11:33:38    -2397.665776        0.382474
MDMin:  259 11:33:40    -2397.666028        0.379514
MDMin:  260 11:33:41    -2397.666311        0.375542
MDMin:  261 11:33:43    -2397.666626        0.370217
MDMin:  262 11:33:44    -2397.666976        0.363124
MDMin:  263 11:33:45    -2397.667361        0.353796
MDMin:  264 11:33:47    -2397.667784        0.341779
MDMin:  265 11:33:49    -2397.668247        0.326704
MDMin:  266 11:33:51    -2397.668752        0.308386
MDMin:  267 11:33:53    -2397.669302        0.286917
MDMin:  268 11:33:55    -2397.669898        0.262733
MDMin:  269 11:33:56    -2397.670542        0.252367
MDMin:  270 11:33:57    -2397.671221        0.256113
MDMin:  271 11:33:59    -2397.671842        0.455357
MDMin:  272 11:34:00    -2397.672145        0.275015
MDMin:  273 11:34:01    -2397.672338        0.254607
MDMin:  274 11:34:03    -2397.672565        0.253412
MDMin:  275 11:34:04    -2397.672827        0.251852
MDMin:  276 11:34:06    -2397.673124        0.249857
MDMin:  277 11:34:07    -2397.673458        0.247360
MDMin:  278 11:34:08    -2397.673829        0.244299
MDMin:  279 11:34:09    -2397.674238        0.240621
MDMin:  280 11:34:11    -2397.674686        0.236289
MDMin:  281 11:34:13    -2397.675173        0.231287
MDMin:  282 11:34:15    -2397.675701        0.225618
MDMin:  283 11:34:17    -2397.676269        0.221165
MDMin:  284 11:34:19    -2397.676878        0.223316
MDMin:  285 11:34:21    -2397.677527        0.233704
MDMin:  286 11:34:23    -2397.678216        0.245729
MDMin:  287 11:34:25    -2397.678944        0.259506
MDMin:  288 11:34:27    -2397.679708        0.275068
MDMin:  289 11:34:29    -2397.680506        0.292282
MDMin:  290 11:34:31    -2397.681332        0.310675
MDMin:  291 11:34:33    -2397.682152        0.328850
MDMin:  292 11:34:35    -2397.682803        0.531274
MDMin:  293 11:34:37    -2397.683047        0.347217
MDMin:  294 11:34:39    -2397.683297        0.351830
MDMin:  295 11:34:41    -2397.683583        0.356720
MDMin:  296 11:34:43    -2397.683905        0.361655
MDMin:  297 11:34:45    -2397.684261        0.366320
MDMin:  298 11:34:47    -2397.684652        0.374110
MDMin:  299 11:34:49    -2397.685077        0.387418
MDMin:  300 11:34:51    -2397.685536        0.401328
MDMin:  301 11:34:53    -2397.686027        0.415339
MDMin:  302 11:34:55    -2397.686552        0.428701
MDMin:  303 11:34:57    -2397.687110        0.440354
MDMin:  304 11:34:58    -2397.687702        0.448892
MDMin:  305 11:35:00    -2397.688329        0.452595
MDMin:  306 11:35:02    -2397.688993        0.449605
MDMin:  307 11:35:04    -2397.689699        0.438297
MDMin:  308 11:35:06    -2397.690447        0.417860
MDMin:  309 11:35:08    -2397.691236        0.389110
MDMin:  310 11:35:10    -2397.692008        0.405572
MDMin:  311 11:35:12    -2397.692457        0.470268
MDMin:  312 11:35:14    -2397.692579        0.333236
MDMin:  313 11:35:15    -2397.692757        0.326063
MDMin:  314 11:35:16    -2397.692972        0.317414
MDMin:  315 11:35:18    -2397.693222        0.307486
MDMin:  316 11:35:19    -2397.693507        0.296388
MDMin:  317 11:35:20    -2397.693827        0.284274
MDMin:  318 11:35:22    -2397.694181        0.271340
MDMin:  319 11:35:23    -2397.694571        0.257817
MDMin:  320 11:35:24    -2397.694996        0.243955
MDMin:  321 11:35:25    -2397.695455        0.230006
MDMin:  322 11:35:27    -2397.695947        0.216199
MDMin:  323 11:35:28    -2397.696473        0.210107
MDMin:  324 11:35:29    -2397.697031        0.214082
MDMin:  325 11:35:30    -2397.697621        0.217900
MDMin:  326 11:35:32    -2397.698242        0.221199
MDMin:  327 11:35:33    -2397.698892        0.223518
MDMin:  328 11:35:34    -2397.699572        0.224323
MDMin:  329 11:35:36    -2397.700277        0.223090
MDMin:  330 11:35:37    -2397.700987        0.234973
MDMin:  331 11:35:39    -2397.701532        0.462060
MDMin:  332 11:35:41    -2397.701665        0.213935
MDMin:  333 11:35:43    -2397.701853        0.212001
MDMin:  334 11:35:45    -2397.702069        0.209687
MDMin:  335 11:35:47    -2397.702312        0.206952
MDMin:  336 11:35:49    -2397.702583        0.203784
MDMin:  337 11:35:50    -2397.702882        0.200183
MDMin:  338 11:35:52    -2397.703208        0.196177
MDMin:  339 11:35:54    -2397.703562        0.191817
MDMin:  340 11:35:56    -2397.703943        0.187177
MDMin:  341 11:35:58    -2397.704351        0.182344
MDMin:  342 11:36:00    -2397.704786        0.177393
MDMin:  343 11:36:02    -2397.705246        0.172371
MDMin:  344 11:36:04    -2397.705733        0.167267
MDMin:  345 11:36:06    -2397.706244        0.163024
MDMin:  346 11:36:08    -2397.706774        0.161439
MDMin:  347 11:36:09    -2397.707286        0.238654
MDMin:  348 11:36:11    -2397.707627        0.295651
MDMin:  349 11:36:13    -2397.707757        0.157436
MDMin:  350 11:36:15    -2397.707920        0.156624
MDMin:  351 11:36:17    -2397.708108        0.155648
MDMin:  352 11:36:19    -2397.708319        0.154488
MDMin:  353 11:36:21    -2397.708555        0.153125
MDMin:  354 11:36:23    -2397.708815        0.151539
MDMin:  355 11:36:24    -2397.709099        0.150114
MDMin:  356 11:36:26    -2397.709406        0.148993
