       Step     Time          Energy          fmax
MDMin:    0 03:45:06    -2393.997403        8.598539
MDMin:    1 03:45:08    -2393.998313        8.740730
MDMin:    2 03:45:10    -2394.000960        8.785794
MDMin:    3 03:45:12    -2394.005104        7.655874
MDMin:    4 03:45:14    -2394.010513        7.655170
MDMin:    5 03:45:15    -2394.016918        6.756646
MDMin:    6 03:45:16    -2394.024394        4.456117
MDMin:    7 03:45:17    -2394.033110        5.196243
MDMin:    8 03:45:19    -2394.042343        3.282341
MDMin:    9 03:45:21    -2394.053911        1.857084
MDMin:   10 03:45:23    -2394.068933        2.246892
MDMin:   11 03:45:24    -2394.086446        2.104285
MDMin:   12 03:45:26    -2394.105514        1.737630
MDMin:   13 03:45:28    -2394.127864        1.925950
MDMin:   14 03:45:30    -2394.142074        2.074635
MDMin:   15 03:45:32    -2394.144830        1.479807
MDMin:   16 03:45:34    -2394.149311        0.996789
MDMin:   17 03:45:36    -2394.155784        0.986058
MDMin:   18 03:45:38    -2394.164153        0.967853
MDMin:   19 03:45:40    -2394.174654        0.941233
MDMin:   20 03:45:42    -2394.187723        0.906477
MDMin:   21 03:45:44    -2394.203919        0.865450
MDMin:   22 03:45:46    -2394.223935        0.821303
MDMin:   23 03:45:47    -2394.248600        0.850639
MDMin:   24 03:45:49    -2394.275303        1.083079
MDMin:   25 03:45:51    -2394.296536        1.217593
MDMin:   26 03:45:53    -2394.320757        1.351225
MDMin:   27 03:45:55    -2394.348396        1.441008
MDMin:   28 03:45:57    -2394.380536        1.443248
MDMin:   29 03:45:58    -2394.419430        1.403575
MDMin:   30 03:46:00    -2394.469315        1.263417
MDMin:   31 03:46:02    -2394.537190        1.183925
MDMin:   32 03:46:04    -2394.633066        1.322899
MDMin:   33 03:46:05    -2394.769176        1.543903
MDMin:   34 03:46:07    -2394.956225        1.775962
MDMin:   35 03:46:08    -2395.189497        1.914566
MDMin:   36 03:46:10    -2395.389209        1.852738
MDMin:   37 03:46:12    -2395.462005        1.596862
MDMin:   38 03:46:14    -2395.503646        1.198614
MDMin:   39 03:46:16    -2395.529424        0.876327
MDMin:   40 03:46:17    -2395.546935        0.670328
MDMin:   41 03:46:19    -2395.558134        0.599433
MDMin:   42 03:46:21    -2395.568585        0.564524
MDMin:   43 03:46:23    -2395.579179        0.533400
MDMin:   44 03:46:25    -2395.590014        0.505087
MDMin:   45 03:46:27    -2395.600967        0.479388
MDMin:   46 03:46:29    -2395.611739        0.456474
MDMin:   47 03:46:31    -2395.621601        0.514371
MDMin:   48 03:46:33    -2395.629617        0.532596
MDMin:   49 03:46:35    -2395.635783        0.412215
MDMin:   50 03:46:38    -2395.641454        0.402907
MDMin:   51 03:46:40    -2395.647327        0.393607
MDMin:   52 03:46:41    -2395.653591        0.384028
MDMin:   53 03:46:42    -2395.660249        0.374195
MDMin:   54 03:46:43    -2395.667272        0.364166
MDMin:   55 03:46:45    -2395.674581        0.354056
MDMin:   56 03:46:46    -2395.682061        0.344003
MDMin:   57 03:46:48    -2395.689440        0.339747
MDMin:   58 03:46:49    -2395.696179        0.430496
MDMin:   59 03:46:51    -2395.701415        0.423388
MDMin:   60 03:46:53    -2395.705284        0.314118
MDMin:   61 03:46:55    -2395.708891        0.309585
MDMin:   62 03:46:57    -2395.712693        0.309682
MDMin:   63 03:46:58    -2395.716755        0.309982
MDMin:   64 03:47:00    -2395.721076        0.310120
MDMin:   65 03:47:02    -2395.725623        0.310026
MDMin:   66 03:47:03    -2395.730359        0.309619
MDMin:   67 03:47:04    -2395.735226        0.308804
MDMin:   68 03:47:05    -2395.740135        0.307489
MDMin:   69 03:47:07    -2395.744869        0.305652
MDMin:   70 03:47:09    -2395.748962        0.375222
MDMin:   71 03:47:11    -2395.751842        0.326283
MDMin:   72 03:47:13    -2395.754038        0.300015
MDMin:   73 03:47:14    -2395.756241        0.298170
MDMin:   74 03:47:16    -2395.758612        0.295944
MDMin:   75 03:47:17    -2395.761159        0.293253
MDMin:   76 03:47:19    -2395.763872        0.290016
MDMin:   77 03:47:21    -2395.766733        0.286150
MDMin:   78 03:47:23    -2395.769724        0.281572
MDMin:   79 03:47:25    -2395.772816        0.276209
MDMin:   80 03:47:26    -2395.775975        0.270024
MDMin:   81 03:47:27    -2395.779111        0.263137
MDMin:   82 03:47:29    -2395.782001        0.315824
MDMin:   83 03:47:30    -2395.784167        0.362269
MDMin:   84 03:47:31    -2395.785589        0.246575
MDMin:   85 03:47:33    -2395.786929        0.242778
MDMin:   86 03:47:35    -2395.788382        0.238508
MDMin:   87 03:47:37    -2395.789963        0.233685
MDMin:   88 03:47:39    -2395.791670        0.229849
MDMin:   89 03:47:41    -2395.793497        0.230467
MDMin:   90 03:47:43    -2395.795435        0.232931
MDMin:   91 03:47:45    -2395.797474        0.237840
MDMin:   92 03:47:46    -2395.799606        0.242809
MDMin:   93 03:47:49    -2395.801810        0.247674
MDMin:   94 03:47:51    -2395.804044        0.252195
MDMin:   95 03:47:53    -2395.806160        0.302172
MDMin:   96 03:47:54    -2395.807795        0.326741
MDMin:   97 03:47:57    -2395.808803        0.259650
MDMin:   98 03:47:59    -2395.809747        0.260680
MDMin:   99 03:48:01    -2395.810782        0.261647
MDMin:  100 03:48:03    -2395.811923        0.262506
MDMin:  101 03:48:05    -2395.813171        0.263184
MDMin:  102 03:48:07    -2395.814524        0.263603
MDMin:  103 03:48:09    -2395.815979        0.263678
MDMin:  104 03:48:11    -2395.817533        0.263316
MDMin:  105 03:48:13    -2395.819185        0.262431
MDMin:  106 03:48:15    -2395.820929        0.260949
MDMin:  107 03:48:17    -2395.822754        0.258821
MDMin:  108 03:48:19    -2395.824614        0.256099
MDMin:  109 03:48:21    -2395.826344        0.287112
MDMin:  110 03:48:23    -2395.827579        0.287941
MDMin:  111 03:48:25    -2395.828373        0.249268
MDMin:  112 03:48:27    -2395.829189        0.247616
MDMin:  113 03:48:29    -2395.830100        0.245716
MDMin:  114 03:48:31    -2395.831114        0.243548
MDMin:  115 03:48:33    -2395.832233        0.241849
MDMin:  116 03:48:35    -2395.833456        0.241123
MDMin:  117 03:48:37    -2395.834785        0.240264
MDMin:  118 03:48:39    -2395.836221        0.239255
MDMin:  119 03:48:42    -2395.837766        0.238081
MDMin:  120 03:48:44    -2395.839419        0.236727
MDMin:  121 03:48:46    -2395.841179        0.235181
MDMin:  122 03:48:48    -2395.843030        0.233446
MDMin:  123 03:48:50    -2395.844899        0.231582
MDMin:  124 03:48:52    -2395.846523        0.344036
MDMin:  125 03:48:54    -2395.847552        0.228701
MDMin:  126 03:48:56    -2395.848365        0.227768
MDMin:  127 03:48:58    -2395.849256        0.226736
MDMin:  128 03:49:01    -2395.850259        0.225564
MDMin:  129 03:49:03    -2395.851378        0.224242
MDMin:  130 03:49:05    -2395.852618        0.222758
MDMin:  131 03:49:07    -2395.853981        0.221101
MDMin:  132 03:49:09    -2395.855472        0.219261
MDMin:  133 03:49:10    -2395.857095        0.217226
MDMin:  134 03:49:12    -2395.858855        0.219301
MDMin:  135 03:49:14    -2395.860757        0.227252
MDMin:  136 03:49:16    -2395.862806        0.236266
MDMin:  137 03:49:18    -2395.864996        0.246525
MDMin:  138 03:49:20    -2395.867283        0.258048
MDMin:  139 03:49:22    -2395.869493        0.312852
MDMin:  140 03:49:24    -2395.871234        0.342086
MDMin:  141 03:49:25    -2395.872462        0.287932
MDMin:  142 03:49:27    -2395.873666        0.295784
MDMin:  143 03:49:30    -2395.875009        0.304987
MDMin:  144 03:49:31    -2395.876518        0.315921
MDMin:  145 03:49:33    -2395.878205        0.328928
MDMin:  146 03:49:35    -2395.880082        0.344403
MDMin:  147 03:49:37    -2395.882162        0.362819
MDMin:  148 03:49:39    -2395.884458        0.384725
MDMin:  149 03:49:41    -2395.886987        0.410723
MDMin:  150 03:49:43    -2395.889767        0.441390
MDMin:  151 03:49:45    -2395.892820        0.477133
MDMin:  152 03:49:47    -2395.896172        0.517883
MDMin:  153 03:49:49    -2395.899849        0.562651
MDMin:  154 03:49:51    -2395.903881        0.608907
MDMin:  155 03:49:53    -2395.908297        0.652199
MDMin:  156 03:49:55    -2395.913112        0.686535
MDMin:  157 03:49:57    -2395.918325        0.706369
MDMin:  158 03:49:59    -2395.923909        0.750268
MDMin:  159 03:50:01    -2395.929860        0.803901
MDMin:  160 03:50:03    -2395.936259        0.850223
MDMin:  161 03:50:05    -2395.943330        0.885926
MDMin:  162 03:50:08    -2395.951395        0.906882
MDMin:  163 03:50:10    -2395.960865        0.908454
MDMin:  164 03:50:12    -2395.972238        0.887254
MDMin:  165 03:50:14    -2395.986164        0.928130
MDMin:  166 03:50:16    -2396.003520        1.011914
MDMin:  167 03:50:18    -2396.025525        1.081133
MDMin:  168 03:50:20    -2396.053834        1.122190
MDMin:  169 03:50:22    -2396.090453        1.106762
MDMin:  170 03:50:24    -2396.136831        1.099703
MDMin:  171 03:50:26    -2396.191120        1.106504
MDMin:  172 03:50:27    -2396.244029        1.024288
MDMin:  173 03:50:29    -2396.279386        0.968576
MDMin:  174 03:50:30    -2396.295770        0.848539
MDMin:  175 03:50:31    -2396.310602        0.779641
MDMin:  176 03:50:32    -2396.325151        0.703549
MDMin:  177 03:50:33    -2396.339056        0.623826
MDMin:  178 03:50:35    -2396.352009        0.545164
MDMin:  179 03:50:37    -2396.363849        0.471669
MDMin:  180 03:50:39    -2396.370027        0.579597
MDMin:  181 03:50:41    -2396.372635        0.504560
MDMin:  182 03:50:42    -2396.375055        0.441727
MDMin:  183 03:50:44    -2396.376984        0.571443
MDMin:  184 03:50:45    -2396.378003        0.376959
MDMin:  185 03:50:46    -2396.378736        0.362880
MDMin:  186 03:50:47    -2396.379522        0.348304
MDMin:  187 03:50:49    -2396.380382        0.332954
MDMin:  188 03:50:51    -2396.381309        0.317079
MDMin:  189 03:50:53    -2396.382297        0.300935
MDMin:  190 03:50:55    -2396.383339        0.285756
MDMin:  191 03:50:57    -2396.384427        0.282074
MDMin:  192 03:50:59    -2396.385555        0.277851
MDMin:  193 03:51:01    -2396.386716        0.273063
MDMin:  194 03:51:03    -2396.387891        0.267822
MDMin:  195 03:51:05    -2396.389002        0.359210
MDMin:  196 03:51:07    -2396.389769        0.481660
MDMin:  197 03:51:09    -2396.390078        0.256654
MDMin:  198 03:51:11    -2396.390435        0.254657
MDMin:  199 03:51:12    -2396.390842        0.252349
MDMin:  200 03:51:14    -2396.391297        0.249722
MDMin:  201 03:51:16    -2396.391798        0.246760
MDMin:  202 03:51:18    -2396.392345        0.243445
MDMin:  203 03:51:20    -2396.392934        0.239750
MDMin:  204 03:51:22    -2396.393564        0.235646
MDMin:  205 03:51:24    -2396.394234        0.231096
MDMin:  206 03:51:26    -2396.394942        0.226062
MDMin:  207 03:51:28    -2396.395684        0.220508
MDMin:  208 03:51:30    -2396.396460        0.214406
MDMin:  209 03:51:32    -2396.397267        0.207741
MDMin:  210 03:51:34    -2396.398103        0.200536
MDMin:  211 03:51:36    -2396.398963        0.192830
MDMin:  212 03:51:38    -2396.399837        0.202709
MDMin:  213 03:51:40    -2396.400643        0.368153
MDMin:  214 03:51:42    -2396.401045        0.377255
MDMin:  215 03:51:44    -2396.401168        0.200234
MDMin:  216 03:51:46    -2396.401340        0.170972
MDMin:  217 03:51:48    -2396.401548        0.169083
MDMin:  218 03:51:50    -2396.401788        0.166909
MDMin:  219 03:51:51    -2396.402061        0.164459
MDMin:  220 03:51:53    -2396.402364        0.161748
MDMin:  221 03:51:55    -2396.402697        0.158796
MDMin:  222 03:51:57    -2396.403059        0.155626
MDMin:  223 03:51:59    -2396.403448        0.152264
MDMin:  224 03:52:01    -2396.403864        0.148741
