       Step     Time          Energy          fmax
MDMin:    0 09:08:18    -2397.725950        0.146964
MDMin:    1 09:08:19    -2397.725949        0.146947
MDMin:    2 09:08:20    -2397.725947        0.146896
MDMin:    3 09:08:22    -2397.725942        0.146812
MDMin:    4 09:08:24    -2397.725936        0.146694
MDMin:    5 09:08:25    -2397.725927        0.146543
MDMin:    6 09:08:27    -2397.725918        0.146357
MDMin:    7 09:08:29    -2397.725906        0.146138
MDMin:    8 09:08:31    -2397.725893        0.145885
MDMin:    9 09:08:32    -2397.725878        0.145598
MDMin:   10 09:08:34    -2397.725861        0.145277
MDMin:   11 09:08:36    -2397.725843        0.144923
MDMin:   12 09:08:38    -2397.725824        0.144534
MDMin:   13 09:08:39    -2397.725803        0.144110
MDMin:   14 09:08:41    -2397.725781        0.143653
MDMin:   15 09:08:43    -2397.725758        0.143162
MDMin:   16 09:08:45    -2397.725734        0.142636
MDMin:   17 09:08:47    -2397.725709        0.142076
MDMin:   18 09:08:48    -2397.725683        0.141481
MDMin:   19 09:08:50    -2397.725656        0.140853
MDMin:   20 09:08:52    -2397.725628        0.140190
MDMin:   21 09:08:54    -2397.725601        0.139493
MDMin:   22 09:08:55    -2397.725572        0.138762
MDMin:   23 09:08:56    -2397.725544        0.137998
MDMin:   24 09:08:57    -2397.725515        0.137199
MDMin:   25 09:08:59    -2397.725487        0.136368
MDMin:   26 09:09:00    -2397.725458        0.135503
MDMin:   27 09:09:02    -2397.725430        0.134605
MDMin:   28 09:09:03    -2397.725403        0.133674
MDMin:   29 09:09:04    -2397.725376        0.132711
MDMin:   30 09:09:06    -2397.725350        0.131716
MDMin:   31 09:09:08    -2397.725325        0.130689
MDMin:   32 09:09:09    -2397.725301        0.129631
MDMin:   33 09:09:11    -2397.725278        0.128541
MDMin:   34 09:09:12    -2397.725257        0.127421
MDMin:   35 09:09:13    -2397.725237        0.126271
MDMin:   36 09:09:15    -2397.725219        0.125091
MDMin:   37 09:09:17    -2397.725203        0.123881
MDMin:   38 09:09:18    -2397.725188        0.122642
MDMin:   39 09:09:20    -2397.725176        0.121375
MDMin:   40 09:09:21    -2397.725167        0.120080
MDMin:   41 09:09:23    -2397.725160        0.118757
MDMin:   42 09:09:24    -2397.725155        0.117408
MDMin:   43 09:09:25    -2397.725153        0.116034
MDMin:   44 09:09:26    -2397.725154        0.114634
MDMin:   45 09:09:28    -2397.725158        0.113211
MDMin:   46 09:09:30    -2397.725166        0.111766
MDMin:   47 09:09:32    -2397.725176        0.110301
MDMin:   48 09:09:33    -2397.725190        0.108818
MDMin:   49 09:09:35    -2397.725208        0.107567
MDMin:   50 09:09:37    -2397.725229        0.107891
MDMin:   51 09:09:39    -2397.725254        0.108205
MDMin:   52 09:09:40    -2397.725283        0.108505
MDMin:   53 09:09:41    -2397.725315        0.108791
MDMin:   54 09:09:42    -2397.725352        0.109061
MDMin:   55 09:09:44    -2397.725393        0.109314
MDMin:   56 09:09:46    -2397.725438        0.109548
MDMin:   57 09:09:48    -2397.725487        0.109762
MDMin:   58 09:09:49    -2397.725541        0.109956
MDMin:   59 09:09:51    -2397.725599        0.110126
MDMin:   60 09:09:52    -2397.725661        0.110273
MDMin:   61 09:09:53    -2397.725728        0.110395
MDMin:   62 09:09:55    -2397.725799        0.114371
MDMin:   63 09:09:56    -2397.725874        0.118964
MDMin:   64 09:09:58    -2397.725954        0.123910
MDMin:   65 09:10:00    -2397.726038        0.129188
MDMin:   66 09:10:02    -2397.726126        0.134760
MDMin:   67 09:10:04    -2397.726218        0.140556
MDMin:   68 09:10:06    -2397.726314        0.146471
MDMin:   69 09:10:07    -2397.726414        0.152358
MDMin:   70 09:10:08    -2397.726518        0.158026
MDMin:   71 09:10:10    -2397.726626        0.163243
MDMin:   72 09:10:12    -2397.726737        0.167751
MDMin:   73 09:10:15    -2397.726852        0.171299
MDMin:   74 09:10:17    -2397.726971        0.173687
MDMin:   75 09:10:18    -2397.727094        0.174821
MDMin:   76 09:10:20    -2397.727222        0.174759
MDMin:   77 09:10:22    -2397.727354        0.173716
MDMin:   78 09:10:24    -2397.727491        0.172009
MDMin:   79 09:10:25    -2397.727634        0.169944
MDMin:   80 09:10:27    -2397.727782        0.167712
MDMin:   81 09:10:29    -2397.727936        0.165341
MDMin:   82 09:10:31    -2397.728095        0.162743
MDMin:   83 09:10:32    -2397.728261        0.159798
MDMin:   84 09:10:34    -2397.728433        0.156429
MDMin:   85 09:10:36    -2397.728611        0.152626
MDMin:   86 09:10:38    -2397.728795        0.148441
MDMin:   87 09:10:39    -2397.728986        0.143955
MDMin:   88 09:10:41    -2397.729183        0.139265
MDMin:   89 09:10:43    -2397.729387        0.134464
MDMin:   90 09:10:45    -2397.729598        0.129636
MDMin:   91 09:10:46    -2397.729815        0.124853
MDMin:   92 09:10:47    -2397.730039        0.120174
MDMin:   93 09:10:49    -2397.730269        0.115646
MDMin:   94 09:10:50    -2397.730507        0.111303
MDMin:   95 09:10:51    -2397.730751        0.107173
MDMin:   96 09:10:53    -2397.731002        0.105279
MDMin:   97 09:10:54    -2397.731259        0.104841
MDMin:   98 09:10:55    -2397.731524        0.104380
MDMin:   99 09:10:56    -2397.731795        0.103897
MDMin:  100 09:10:58    -2397.732074        0.103393
MDMin:  101 09:10:59    -2397.732359        0.102869
MDMin:  102 09:11:00    -2397.732652        0.102325
MDMin:  103 09:11:01    -2397.732951        0.101762
MDMin:  104 09:11:03    -2397.733258        0.101181
MDMin:  105 09:11:05    -2397.733571        0.100584
MDMin:  106 09:11:06    -2397.733892        0.099970
MDMin:  107 09:11:07    -2397.734220        0.099342
MDMin:  108 09:11:09    -2397.734555        0.098700
MDMin:  109 09:11:11    -2397.734898        0.098046
MDMin:  110 09:11:13    -2397.735248        0.098051
MDMin:  111 09:11:14    -2397.735605        0.098788
MDMin:  112 09:11:16    -2397.735970        0.099534
MDMin:  113 09:11:18    -2397.736342        0.100287
MDMin:  114 09:11:20    -2397.736721        0.101043
MDMin:  115 09:11:21    -2397.737108        0.101801
MDMin:  116 09:11:23    -2397.737502        0.102557
MDMin:  117 09:11:24    -2397.737904        0.103307
MDMin:  118 09:11:26    -2397.738312        0.104046
MDMin:  119 09:11:27    -2397.738723        0.104764
MDMin:  120 09:11:28    -2397.739121        0.105429
MDMin:  121 09:11:30    -2397.739458        0.133247
MDMin:  122 09:11:32    -2397.739679        0.106285
MDMin:  123 09:11:33    -2397.739853        0.106533
MDMin:  124 09:11:34    -2397.740026        0.106774
MDMin:  125 09:11:35    -2397.740202        0.107014
MDMin:  126 09:11:37    -2397.740383        0.107254
MDMin:  127 09:11:39    -2397.740568        0.107492
MDMin:  128 09:11:40    -2397.740757        0.107728
MDMin:  129 09:11:42    -2397.740950        0.107961
MDMin:  130 09:11:43    -2397.741148        0.108190
MDMin:  131 09:11:45    -2397.741350        0.108414
MDMin:  132 09:11:47    -2397.741557        0.108632
MDMin:  133 09:11:49    -2397.741768        0.108843
MDMin:  134 09:11:51    -2397.741983        0.109046
MDMin:  135 09:11:52    -2397.742203        0.109240
MDMin:  136 09:11:53    -2397.742428        0.109423
MDMin:  137 09:11:54    -2397.742657        0.109594
MDMin:  138 09:11:56    -2397.742891        0.109753
MDMin:  139 09:11:58    -2397.743129        0.109896
MDMin:  140 09:12:00    -2397.743372        0.110024
MDMin:  141 09:12:02    -2397.743620        0.110135
MDMin:  142 09:12:04    -2397.743873        0.110227
MDMin:  143 09:12:06    -2397.744131        0.110300
MDMin:  144 09:12:08    -2397.744393        0.110351
MDMin:  145 09:12:10    -2397.744661        0.110379
MDMin:  146 09:12:11    -2397.744933        0.110383
MDMin:  147 09:12:13    -2397.745211        0.110363
MDMin:  148 09:12:15    -2397.745494        0.110318
MDMin:  149 09:12:17    -2397.745782        0.110246
MDMin:  150 09:12:19    -2397.746075        0.110148
MDMin:  151 09:12:21    -2397.746373        0.110021
MDMin:  152 09:12:23    -2397.746677        0.109865
MDMin:  153 09:12:25    -2397.746986        0.109679
MDMin:  154 09:12:27    -2397.747300        0.109462
MDMin:  155 09:12:29    -2397.747620        0.109214
MDMin:  156 09:12:31    -2397.747946        0.108935
MDMin:  157 09:12:32    -2397.748277        0.108624
MDMin:  158 09:12:34    -2397.748613        0.108282
MDMin:  159 09:12:36    -2397.748956        0.107909
MDMin:  160 09:12:38    -2397.749304        0.107504
MDMin:  161 09:12:40    -2397.749658        0.107069
MDMin:  162 09:12:42    -2397.750018        0.106881
MDMin:  163 09:12:44    -2397.750383        0.107089
MDMin:  164 09:12:45    -2397.750755        0.107279
MDMin:  165 09:12:47    -2397.751133        0.107447
MDMin:  166 09:12:49    -2397.751516        0.107595
MDMin:  167 09:12:51    -2397.751906        0.107720
MDMin:  168 09:12:53    -2397.752303        0.107821
MDMin:  169 09:12:54    -2397.752705        0.107898
MDMin:  170 09:12:56    -2397.753114        0.107950
MDMin:  171 09:12:57    -2397.753529        0.107977
MDMin:  172 09:12:58    -2397.753951        0.107977
MDMin:  173 09:13:00    -2397.754379        0.107951
MDMin:  174 09:13:01    -2397.754814        0.107899
MDMin:  175 09:13:02    -2397.755255        0.107819
MDMin:  176 09:13:03    -2397.755703        0.107713
MDMin:  177 09:13:05    -2397.756158        0.107581
MDMin:  178 09:13:07    -2397.756620        0.107422
MDMin:  179 09:13:08    -2397.757089        0.107237
MDMin:  180 09:13:10    -2397.757564        0.107026
MDMin:  181 09:13:11    -2397.758046        0.106791
MDMin:  182 09:13:13    -2397.758535        0.106532
MDMin:  183 09:13:14    -2397.759032        0.106250
MDMin:  184 09:13:16    -2397.759534        0.105945
MDMin:  185 09:13:17    -2397.760043        0.105620
MDMin:  186 09:13:19    -2397.760557        0.105277
MDMin:  187 09:13:21    -2397.761067        0.104922
MDMin:  188 09:13:23    -2397.761552        0.104574
MDMin:  189 09:13:25    -2397.761955        0.121258
MDMin:  190 09:13:26    -2397.762239        0.104071
MDMin:  191 09:13:28    -2397.762477        0.103890
MDMin:  192 09:13:30    -2397.762714        0.103706
MDMin:  193 09:13:31    -2397.762954        0.103516
MDMin:  194 09:13:32    -2397.763200        0.103320
MDMin:  195 09:13:33    -2397.763450        0.103119
MDMin:  196 09:13:35    -2397.763706        0.102912
MDMin:  197 09:13:36    -2397.763968        0.102700
MDMin:  198 09:13:37    -2397.764234        0.102548
MDMin:  199 09:13:39    -2397.764506        0.103462
MDMin:  200 09:13:40    -2397.764783        0.104417
MDMin:  201 09:13:42    -2397.765065        0.105414
MDMin:  202 09:13:43    -2397.765352        0.106455
MDMin:  203 09:13:44    -2397.765645        0.107542
MDMin:  204 09:13:46    -2397.765942        0.108679
MDMin:  205 09:13:48    -2397.766245        0.109867
MDMin:  206 09:13:50    -2397.766554        0.111110
MDMin:  207 09:13:51    -2397.766867        0.112411
MDMin:  208 09:13:52    -2397.767186        0.113774
MDMin:  209 09:13:54    -2397.767509        0.115201
MDMin:  210 09:13:55    -2397.767838        0.116696
MDMin:  211 09:13:57    -2397.768172        0.118265
MDMin:  212 09:13:59    -2397.768511        0.119911
MDMin:  213 09:14:01    -2397.768855        0.121639
MDMin:  214 09:14:03    -2397.769204        0.123454
MDMin:  215 09:14:04    -2397.769558        0.125362
MDMin:  216 09:14:05    -2397.769916        0.127369
MDMin:  217 09:14:07    -2397.770280        0.129480
MDMin:  218 09:14:08    -2397.770648        0.131703
MDMin:  219 09:14:09    -2397.771020        0.134045
MDMin:  220 09:14:10    -2397.771398        0.136513
MDMin:  221 09:14:12    -2397.771779        0.139115
MDMin:  222 09:14:14    -2397.772165        0.141859
MDMin:  223 09:14:15    -2397.772555        0.144755
MDMin:  224 09:14:17    -2397.772949        0.147811
MDMin:  225 09:14:18    -2397.773347        0.151037
MDMin:  226 09:14:20    -2397.773749        0.154441
MDMin:  227 09:14:21    -2397.774154        0.158035
MDMin:  228 09:14:23    -2397.774563        0.161825
MDMin:  229 09:14:24    -2397.774975        0.165822
MDMin:  230 09:14:25    -2397.775389        0.170033
MDMin:  231 09:14:27    -2397.775807        0.174464
MDMin:  232 09:14:28    -2397.776227        0.179120
MDMin:  233 09:14:29    -2397.776650        0.184002
MDMin:  234 09:14:31    -2397.777074        0.189108
MDMin:  235 09:14:33    -2397.777500        0.194434
MDMin:  236 09:14:35    -2397.777928        0.199966
MDMin:  237 09:14:37    -2397.778357        0.205686
MDMin:  238 09:14:38    -2397.778787        0.211569
MDMin:  239 09:14:39    -2397.779218        0.217578
MDMin:  240 09:14:40    -2397.779650        0.223667
MDMin:  241 09:14:42    -2397.780082        0.229776
MDMin:  242 09:14:44    -2397.780515        0.235834
MDMin:  243 09:14:45    -2397.780948        0.241757
MDMin:  244 09:14:47    -2397.781381        0.247446
MDMin:  245 09:14:49    -2397.781814        0.252790
MDMin:  246 09:14:51    -2397.782248        0.257671
MDMin:  247 09:14:52    -2397.782683        0.261959
MDMin:  248 09:14:53    -2397.783118        0.265526
MDMin:  249 09:14:54    -2397.783555        0.268242
MDMin:  250 09:14:56    -2397.783993        0.269989
MDMin:  251 09:14:57    -2397.784433        0.270666
MDMin:  252 09:14:59    -2397.784876        0.270193
MDMin:  253 09:15:01    -2397.785323        0.268521
MDMin:  254 09:15:03    -2397.785773        0.265640
MDMin:  255 09:15:05    -2397.786228        0.261577
MDMin:  256 09:15:07    -2397.786687        0.256402
MDMin:  257 09:15:09    -2397.787152        0.250226
MDMin:  258 09:15:11    -2397.787623        0.243193
MDMin:  259 09:15:13    -2397.788099        0.235475
MDMin:  260 09:15:15    -2397.788582        0.227263
MDMin:  261 09:15:17    -2397.789071        0.218749
MDMin:  262 09:15:19    -2397.789565        0.210121
MDMin:  263 09:15:20    -2397.790065        0.201550
MDMin:  264 09:15:22    -2397.790570        0.193181
MDMin:  265 09:15:23    -2397.791080        0.185132
MDMin:  266 09:15:25    -2397.791593        0.177489
MDMin:  267 09:15:27    -2397.792110        0.170312
MDMin:  268 09:15:29    -2397.792628        0.163637
MDMin:  269 09:15:31    -2397.793146        0.157504
MDMin:  270 09:15:32    -2397.793653        0.152020
MDMin:  271 09:15:34    -2397.794109        0.151510
MDMin:  272 09:15:35    -2397.794425        0.151261
MDMin:  273 09:15:37    -2397.794620        0.143015
MDMin:  274 09:15:38    -2397.794804        0.142950
MDMin:  275 09:15:40    -2397.794991        0.143700
MDMin:  276 09:15:42    -2397.795181        0.144506
MDMin:  277 09:15:43    -2397.795375        0.145376
MDMin:  278 09:15:45    -2397.795572        0.146314
MDMin:  279 09:15:47    -2397.795773        0.147327
MDMin:  280 09:15:49    -2397.795976        0.148419
MDMin:  281 09:15:51    -2397.796183        0.149594
MDMin:  282 09:15:53    -2397.796392        0.150857
MDMin:  283 09:15:55    -2397.796605        0.152210
MDMin:  284 09:15:57    -2397.796820        0.153654
MDMin:  285 09:15:59    -2397.797038        0.155187
MDMin:  286 09:16:01    -2397.797259        0.156808
MDMin:  287 09:16:03    -2397.797482        0.158511
MDMin:  288 09:16:05    -2397.797707        0.160288
MDMin:  289 09:16:07    -2397.797935        0.162128
MDMin:  290 09:16:09    -2397.798165        0.164015
MDMin:  291 09:16:10    -2397.798397        0.165932
MDMin:  292 09:16:12    -2397.798632        0.167856
MDMin:  293 09:16:13    -2397.798868        0.169762
MDMin:  294 09:16:15    -2397.799107        0.171619
MDMin:  295 09:16:16    -2397.799348        0.173395
MDMin:  296 09:16:18    -2397.799590        0.175053
MDMin:  297 09:16:20    -2397.799835        0.176553
MDMin:  298 09:16:21    -2397.800082        0.177856
MDMin:  299 09:16:23    -2397.800331        0.178918
MDMin:  300 09:16:25    -2397.800582        0.179699
MDMin:  301 09:16:26    -2397.800835        0.180157
MDMin:  302 09:16:27    -2397.801091        0.180255
MDMin:  303 09:16:28    -2397.801350        0.179957
MDMin:  304 09:16:30    -2397.801611        0.179235
MDMin:  305 09:16:31    -2397.801875        0.178065
MDMin:  306 09:16:34    -2397.802143        0.176431
MDMin:  307 09:16:36    -2397.802413        0.174326
MDMin:  308 09:16:38    -2397.802688        0.171749
MDMin:  309 09:16:40    -2397.802966        0.168711
MDMin:  310 09:16:41    -2397.803249        0.165231
MDMin:  311 09:16:43    -2397.803536        0.161337
MDMin:  312 09:16:45    -2397.803827        0.157066
MDMin:  313 09:16:46    -2397.804124        0.152460
MDMin:  314 09:16:48    -2397.804427        0.147570
MDMin:  315 09:16:50    -2397.804734        0.142450
MDMin:  316 09:16:53    -2397.805048        0.137154
MDMin:  317 09:16:55    -2397.805368        0.131741
MDMin:  318 09:16:57    -2397.805695        0.126266
MDMin:  319 09:16:58    -2397.806028        0.120783
MDMin:  320 09:17:01    -2397.806369        0.115340
MDMin:  321 09:17:02    -2397.806717        0.109981
MDMin:  322 09:17:04    -2397.807072        0.104743
MDMin:  323 09:17:05    -2397.807435        0.101686
MDMin:  324 09:17:07    -2397.807806        0.100182
MDMin:  325 09:17:09    -2397.808185        0.098577
MDMin:  326 09:17:11    -2397.808573        0.097795
MDMin:  327 09:17:13    -2397.808969        0.097579
MDMin:  328 09:17:14    -2397.809374        0.097327
MDMin:  329 09:17:15    -2397.809789        0.097035
MDMin:  330 09:17:17    -2397.810212        0.096701
MDMin:  331 09:17:18    -2397.810645        0.096320
MDMin:  332 09:17:19    -2397.811088        0.095889
MDMin:  333 09:17:20    -2397.811540        0.095407
MDMin:  334 09:17:22    -2397.812002        0.094863
MDMin:  335 09:17:24    -2397.812474        0.094266
MDMin:  336 09:17:25    -2397.812956        0.093589
MDMin:  337 09:17:27    -2397.813447        0.093147
MDMin:  338 09:17:29    -2397.813948        0.093500
MDMin:  339 09:17:31    -2397.814456        0.093826
MDMin:  340 09:17:33    -2397.814958        0.096968
MDMin:  341 09:17:34    -2397.815397        0.131950
MDMin:  342 09:17:36    -2397.815627        0.219176
MDMin:  343 09:17:38    -2397.815701        0.210099
MDMin:  344 09:17:40    -2397.815781        0.200584
MDMin:  345 09:17:41    -2397.815865        0.190952
MDMin:  346 09:17:43    -2397.815953        0.181322
MDMin:  347 09:17:44    -2397.816045        0.171776
MDMin:  348 09:17:46    -2397.816141        0.162377
MDMin:  349 09:17:47    -2397.816242        0.153176
MDMin:  350 09:17:49    -2397.816346        0.144214
MDMin:  351 09:17:50    -2397.816454        0.135525
MDMin:  352 09:17:51    -2397.816567        0.127139
MDMin:  353 09:17:52    -2397.816683        0.119080
MDMin:  354 09:17:53    -2397.816784        0.151203
MDMin:  355 09:17:55    -2397.816798        0.145308
MDMin:  356 09:17:57    -2397.816812        0.139649
MDMin:  357 09:17:59    -2397.816827        0.134191
MDMin:  358 09:18:01    -2397.816842        0.128909
MDMin:  359 09:18:03    -2397.816857        0.123786
MDMin:  360 09:18:05    -2397.816873        0.118809
MDMin:  361 09:18:06    -2397.816890        0.113975
MDMin:  362 09:18:07    -2397.816907        0.109281
MDMin:  363 09:18:09    -2397.816924        0.104729
MDMin:  364 09:18:11    -2397.816943        0.100325
MDMin:  365 09:18:12    -2397.816961        0.096072
MDMin:  366 09:18:13    -2397.816981        0.091976
MDMin:  367 09:18:15    -2397.817001        0.088041
MDMin:  368 09:18:17    -2397.817021        0.085059
MDMin:  369 09:18:18    -2397.817042        0.084125
MDMin:  370 09:18:19    -2397.817063        0.083240
MDMin:  371 09:18:20    -2397.817085        0.082402
MDMin:  372 09:18:22    -2397.817107        0.082331
MDMin:  373 09:18:24    -2397.817129        0.082266
MDMin:  374 09:18:26    -2397.817152        0.082205
MDMin:  375 09:18:28    -2397.817175        0.082147
MDMin:  376 09:18:30    -2397.817199        0.082092
MDMin:  377 09:18:31    -2397.817222        0.082038
MDMin:  378 09:18:33    -2397.817246        0.081986
MDMin:  379 09:18:35    -2397.817271        0.082304
MDMin:  380 09:18:37    -2397.817295        0.083012
MDMin:  381 09:18:39    -2397.817320        0.083702
MDMin:  382 09:18:40    -2397.817345        0.084373
MDMin:  383 09:18:42    -2397.817371        0.085022
MDMin:  384 09:18:43    -2397.817396        0.085646
MDMin:  385 09:18:45    -2397.817422        0.086245
MDMin:  386 09:18:47    -2397.817448        0.086816
MDMin:  387 09:18:49    -2397.817473        0.087358
MDMin:  388 09:18:51    -2397.817500        0.087871
MDMin:  389 09:18:53    -2397.817526        0.088353
MDMin:  390 09:18:55    -2397.817552        0.088805
MDMin:  391 09:18:56    -2397.817578        0.089226
MDMin:  392 09:18:58    -2397.817605        0.089616
MDMin:  393 09:18:59    -2397.817632        0.089975
MDMin:  394 09:19:01    -2397.817658        0.090304
MDMin:  395 09:19:03    -2397.817685        0.090602
MDMin:  396 09:19:05    -2397.817712        0.090871
MDMin:  397 09:19:07    -2397.817738        0.091110
MDMin:  398 09:19:09    -2397.817765        0.091321
MDMin:  399 09:19:11    -2397.817792        0.091502
MDMin:  400 09:19:12    -2397.817819        0.091656
MDMin:  401 09:19:13    -2397.817846        0.091783
MDMin:  402 09:19:14    -2397.817873        0.091883
MDMin:  403 09:19:16    -2397.817900        0.091957
MDMin:  404 09:19:17    -2397.817926        0.092004
MDMin:  405 09:19:19    -2397.817953        0.092027
MDMin:  406 09:19:21    -2397.817980        0.092024
MDMin:  407 09:19:23    -2397.818007        0.091997
MDMin:  408 09:19:25    -2397.818034        0.091946
MDMin:  409 09:19:27    -2397.818060        0.091870
MDMin:  410 09:19:29    -2397.818087        0.091771
MDMin:  411 09:19:30    -2397.818113        0.091648
MDMin:  412 09:19:32    -2397.818140        0.091501
MDMin:  413 09:19:34    -2397.818166        0.091331
MDMin:  414 09:19:36    -2397.818193        0.091137
MDMin:  415 09:19:38    -2397.818219        0.090919
MDMin:  416 09:19:40    -2397.818245        0.090678
MDMin:  417 09:19:41    -2397.818271        0.090413
MDMin:  418 09:19:43    -2397.818297        0.090125
MDMin:  419 09:19:44    -2397.818323        0.089812
MDMin:  420 09:19:45    -2397.818349        0.089476
MDMin:  421 09:19:47    -2397.818374        0.089116
MDMin:  422 09:19:49    -2397.818400        0.088731
MDMin:  423 09:19:51    -2397.818425        0.088323
MDMin:  424 09:19:53    -2397.818450        0.088299
MDMin:  425 09:19:55    -2397.818475        0.088337
MDMin:  426 09:19:57    -2397.818500        0.088360
MDMin:  427 09:19:59    -2397.818525        0.088367
MDMin:  428 09:20:01    -2397.818550        0.088358
MDMin:  429 09:20:03    -2397.818574        0.088332
MDMin:  430 09:20:05    -2397.818598        0.088290
MDMin:  431 09:20:07    -2397.818622        0.088231
MDMin:  432 09:20:08    -2397.818646        0.088153
MDMin:  433 09:20:10    -2397.818670        0.088058
MDMin:  434 09:20:12    -2397.818693        0.087945
MDMin:  435 09:20:14    -2397.818716        0.087811
MDMin:  436 09:20:15    -2397.818739        0.087662
MDMin:  437 09:20:17    -2397.818762        0.087688
MDMin:  438 09:20:18    -2397.818782        0.113158
MDMin:  439 09:20:19    -2397.818795        0.106970
MDMin:  440 09:20:20    -2397.818801        0.088205
MDMin:  441 09:20:22    -2397.818808        0.088287
MDMin:  442 09:20:23    -2397.818814        0.088369
MDMin:  443 09:20:24    -2397.818821        0.088452
MDMin:  444 09:20:25    -2397.818828        0.088536
MDMin:  445 09:20:27    -2397.818835        0.088622
MDMin:  446 09:20:29    -2397.818842        0.088707
MDMin:  447 09:20:30    -2397.818849        0.088794
MDMin:  448 09:20:31    -2397.818857        0.088881
MDMin:  449 09:20:32    -2397.818864        0.088968
MDMin:  450 09:20:34    -2397.818872        0.089056
MDMin:  451 09:20:36    -2397.818880        0.089144
MDMin:  452 09:20:38    -2397.818887        0.089233
MDMin:  453 09:20:40    -2397.818895        0.089321
MDMin:  454 09:20:41    -2397.818903        0.089409
MDMin:  455 09:20:43    -2397.818911        0.089497
MDMin:  456 09:20:44    -2397.818919        0.089585
MDMin:  457 09:20:46    -2397.818928        0.089672
MDMin:  458 09:20:48    -2397.818936        0.089759
MDMin:  459 09:20:49    -2397.818945        0.089846
MDMin:  460 09:20:51    -2397.818953        0.089931
MDMin:  461 09:20:53    -2397.818962        0.090016
MDMin:  462 09:20:55    -2397.818970        0.090099
MDMin:  463 09:20:57    -2397.818979        0.090182
MDMin:  464 09:20:59    -2397.818988        0.090263
MDMin:  465 09:21:00    -2397.818997        0.090343
MDMin:  466 09:21:02    -2397.819006        0.090421
MDMin:  467 09:21:04    -2397.819015        0.090498
MDMin:  468 09:21:06    -2397.819024        0.090573
MDMin:  469 09:21:08    -2397.819033        0.090646
MDMin:  470 09:21:09    -2397.819042        0.090716
MDMin:  471 09:21:11    -2397.819051        0.090785
MDMin:  472 09:21:13    -2397.819060        0.090852
MDMin:  473 09:21:15    -2397.819069        0.090916
MDMin:  474 09:21:16    -2397.819079        0.090977
MDMin:  475 09:21:18    -2397.819088        0.091036
MDMin:  476 09:21:20    -2397.819097        0.091091
MDMin:  477 09:21:22    -2397.819107        0.091144
MDMin:  478 09:21:24    -2397.819116        0.091193
MDMin:  479 09:21:25    -2397.819125        0.091239
MDMin:  480 09:21:26    -2397.819135        0.091280
MDMin:  481 09:21:28    -2397.819144        0.091317
MDMin:  482 09:21:29    -2397.819153        0.091350
MDMin:  483 09:21:31    -2397.819163        0.091379
MDMin:  484 09:21:33    -2397.819172        0.091403
MDMin:  485 09:21:34    -2397.819182        0.091422
MDMin:  486 09:21:36    -2397.819191        0.091437
MDMin:  487 09:21:38    -2397.819200        0.091446
MDMin:  488 09:21:39    -2397.819210        0.091450
MDMin:  489 09:21:41    -2397.819219        0.091449
MDMin:  490 09:21:42    -2397.819228        0.091442
MDMin:  491 09:21:44    -2397.819237        0.091430
MDMin:  492 09:21:46    -2397.819247        0.091412
MDMin:  493 09:21:47    -2397.819256        0.091388
MDMin:  494 09:21:49    -2397.819265        0.091358
MDMin:  495 09:21:50    -2397.819274        0.091321
MDMin:  496 09:21:52    -2397.819283        0.091278
MDMin:  497 09:21:54    -2397.819292        0.091228
MDMin:  498 09:21:56    -2397.819301        0.091172
MDMin:  499 09:21:58    -2397.819310        0.091109
MDMin:  500 09:22:00    -2397.819319        0.091038
MDMin:  501 09:22:02    -2397.819328        0.090960
MDMin:  502 09:22:04    -2397.819337        0.090875
MDMin:  503 09:22:05    -2397.819345        0.090782
MDMin:  504 09:22:07    -2397.819354        0.090682
MDMin:  505 09:22:09    -2397.819363        0.090573
MDMin:  506 09:22:11    -2397.819371        0.090457
MDMin:  507 09:22:13    -2397.819380        0.090332
MDMin:  508 09:22:15    -2397.819388        0.090198
MDMin:  509 09:22:17    -2397.819396        0.090056
MDMin:  510 09:22:19    -2397.819404        0.089904
MDMin:  511 09:22:20    -2397.819413        0.089744
MDMin:  512 09:22:21    -2397.819421        0.089573
MDMin:  513 09:22:22    -2397.819429        0.089394
MDMin:  514 09:22:24    -2397.819436        0.089204
MDMin:  515 09:22:25    -2397.819444        0.089006
MDMin:  516 09:22:27    -2397.819452        0.088793
MDMin:  517 09:22:28    -2397.819459        0.088576
MDMin:  518 09:22:30    -2397.819467        0.088339
MDMin:  519 09:22:31    -2397.819474        0.088105
MDMin:  520 09:22:33    -2397.819482        0.087838
MDMin:  521 09:22:35    -2397.819489        0.087594
MDMin:  522 09:22:37    -2397.819496        0.087280
MDMin:  523 09:22:39    -2397.819503        0.087050
MDMin:  524 09:22:41    -2397.819510        0.087134
MDMin:  525 09:22:43    -2397.819517        0.087763
MDMin:  526 09:22:44    -2397.819523        0.087537
MDMin:  527 09:22:46    -2397.819530        0.089169
MDMin:  528 09:22:47    -2397.819536        0.087299
MDMin:  529 09:22:48    -2397.819541        0.122173
MDMin:  530 09:22:49    -2397.819545        0.089368
MDMin:  531 09:22:51    -2397.819547        0.089269
MDMin:  532 09:22:53    -2397.819549        0.089071
MDMin:  533 09:22:55    -2397.819551        0.089199
MDMin:  534 09:22:56    -2397.819554        0.089285
MDMin:  535 09:22:58    -2397.819556        0.089377
MDMin:  536 09:23:00    -2397.819558        0.089468
MDMin:  537 09:23:01    -2397.819561        0.089558
MDMin:  538 09:23:03    -2397.819563        0.089648
MDMin:  539 09:23:04    -2397.819565        0.089736
MDMin:  540 09:23:06    -2397.819568        0.089823
MDMin:  541 09:23:08    -2397.819570        0.089909
MDMin:  542 09:23:10    -2397.819573        0.089993
MDMin:  543 09:23:12    -2397.819575        0.090075
MDMin:  544 09:23:13    -2397.819578        0.090155
MDMin:  545 09:23:15    -2397.819580        0.090233
MDMin:  546 09:23:16    -2397.819583        0.090308
MDMin:  547 09:23:18    -2397.819585        0.090381
MDMin:  548 09:23:19    -2397.819588        0.090451
MDMin:  549 09:23:21    -2397.819590        0.090518
MDMin:  550 09:23:23    -2397.819593        0.090581
MDMin:  551 09:23:25    -2397.819595        0.090641
MDMin:  552 09:23:27    -2397.819598        0.090698
MDMin:  553 09:23:29    -2397.819600        0.090750
MDMin:  554 09:23:31    -2397.819603        0.090799
MDMin:  555 09:23:33    -2397.819606        0.090843
MDMin:  556 09:23:35    -2397.819608        0.090883
MDMin:  557 09:23:37    -2397.819611        0.090918
MDMin:  558 09:23:39    -2397.819613        0.090948
MDMin:  559 09:23:41    -2397.819616        0.090973
MDMin:  560 09:23:43    -2397.819619        0.090992
MDMin:  561 09:23:45    -2397.819621        0.091006
MDMin:  562 09:23:47    -2397.819624        0.091015
MDMin:  563 09:23:48    -2397.819626        0.091018
MDMin:  564 09:23:50    -2397.819629        0.091014
MDMin:  565 09:23:51    -2397.819631        0.091005
MDMin:  566 09:23:53    -2397.819634        0.090989
MDMin:  567 09:23:55    -2397.819637        0.090966
MDMin:  568 09:23:57    -2397.819639        0.090937
MDMin:  569 09:23:59    -2397.819642        0.090901
MDMin:  570 09:24:00    -2397.819644        0.090858
MDMin:  571 09:24:02    -2397.819647        0.090807
MDMin:  572 09:24:04    -2397.819649        0.090750
MDMin:  573 09:24:06    -2397.819651        0.090685
MDMin:  574 09:24:08    -2397.819654        0.090612
MDMin:  575 09:24:10    -2397.819656        0.090532
MDMin:  576 09:24:11    -2397.819659        0.090444
MDMin:  577 09:24:13    -2397.819661        0.090348
MDMin:  578 09:24:15    -2397.819663        0.090245
MDMin:  579 09:24:17    -2397.819666        0.090133
MDMin:  580 09:24:19    -2397.819668        0.090013
MDMin:  581 09:24:21    -2397.819670        0.089886
MDMin:  582 09:24:23    -2397.819672        0.089750
MDMin:  583 09:24:25    -2397.819675        0.089606
MDMin:  584 09:24:27    -2397.819677        0.089454
MDMin:  585 09:24:29    -2397.819679        0.089293
MDMin:  586 09:24:31    -2397.819681        0.089125
MDMin:  587 09:24:33    -2397.819683        0.088948
MDMin:  588 09:24:35    -2397.819685        0.088764
MDMin:  589 09:24:37    -2397.819687        0.088571
MDMin:  590 09:24:39    -2397.819689        0.088370
MDMin:  591 09:24:41    -2397.819691        0.088162
MDMin:  592 09:24:43    -2397.819693        0.087946
MDMin:  593 09:24:44    -2397.819695        0.087722
MDMin:  594 09:24:46    -2397.819697        0.087491
MDMin:  595 09:24:47    -2397.819699        0.087251
MDMin:  596 09:24:48    -2397.819700        0.087006
MDMin:  597 09:24:50    -2397.819702        0.086751
MDMin:  598 09:24:52    -2397.819704        0.086496
MDMin:  599 09:24:53    -2397.819705        0.086221
MDMin:  600 09:24:54    -2397.819707        0.085964
MDMin:  601 09:24:56    -2397.819709        0.085655
MDMin:  602 09:24:57    -2397.819710        0.085433
MDMin:  603 09:24:59    -2397.819712        0.085027
MDMin:  604 09:25:01    -2397.819713        0.101941
MDMin:  605 09:25:03    -2397.819714        0.119779
MDMin:  606 09:25:05    -2397.819714        0.084670
MDMin:  607 09:25:07    -2397.819715        0.084658
MDMin:  608 09:25:09    -2397.819715        0.084650
MDMin:  609 09:25:11    -2397.819716        0.084642
MDMin:  610 09:25:12    -2397.819716        0.084632
MDMin:  611 09:25:14    -2397.819717        0.084622
MDMin:  612 09:25:16    -2397.819717        0.084610
MDMin:  613 09:25:18    -2397.819718        0.084598
MDMin:  614 09:25:20    -2397.819718        0.084584
MDMin:  615 09:25:23    -2397.819719        0.084569
MDMin:  616 09:25:24    -2397.819719        0.084553
MDMin:  617 09:25:26    -2397.819720        0.084536
MDMin:  618 09:25:28    -2397.819720        0.084518
MDMin:  619 09:25:30    -2397.819721        0.084498
MDMin:  620 09:25:32    -2397.819721        0.084478
MDMin:  621 09:25:34    -2397.819722        0.084457
MDMin:  622 09:25:35    -2397.819722        0.084434
MDMin:  623 09:25:37    -2397.819723        0.084411
MDMin:  624 09:25:39    -2397.819723        0.084387
MDMin:  625 09:25:40    -2397.819724        0.084361
MDMin:  626 09:25:41    -2397.819724        0.084336
MDMin:  627 09:25:43    -2397.819725        0.084309
MDMin:  628 09:25:44    -2397.819725        0.084282
MDMin:  629 09:25:45    -2397.819726        0.084254
MDMin:  630 09:25:46    -2397.819726        0.084226
MDMin:  631 09:25:48    -2397.819726        0.084198
MDMin:  632 09:25:50    -2397.819727        0.084169
MDMin:  633 09:25:52    -2397.819727        0.084141
MDMin:  634 09:25:54    -2397.819728        0.084113
MDMin:  635 09:25:55    -2397.819728        0.084085
MDMin:  636 09:25:57    -2397.819728        0.084058
MDMin:  637 09:25:58    -2397.819729        0.084031
MDMin:  638 09:26:01    -2397.819729        0.084006
MDMin:  639 09:26:03    -2397.819729        0.083982
MDMin:  640 09:26:04    -2397.819730        0.083959
MDMin:  641 09:26:06    -2397.819730        0.083937
MDMin:  642 09:26:07    -2397.819730        0.083918
MDMin:  643 09:26:09    -2397.819731        0.083901
MDMin:  644 09:26:11    -2397.819731        0.083886
MDMin:  645 09:26:13    -2397.819731        0.083874
MDMin:  646 09:26:15    -2397.819731        0.083865
MDMin:  647 09:26:17    -2397.819732        0.083860
MDMin:  648 09:26:19    -2397.819732        0.083858
MDMin:  649 09:26:21    -2397.819732        0.083861
MDMin:  650 09:26:23    -2397.819732        0.083868
MDMin:  651 09:26:25    -2397.819732        0.083880
MDMin:  652 09:26:27    -2397.819732        0.083898
MDMin:  653 09:26:29    -2397.819732        0.083921
MDMin:  654 09:26:31    -2397.819732        0.083950
MDMin:  655 09:26:33    -2397.819733        0.083986
MDMin:  656 09:26:35    -2397.819733        0.084029
MDMin:  657 09:26:37    -2397.819733        0.084080
MDMin:  658 09:26:39    -2397.819733        0.084138
MDMin:  659 09:26:41    -2397.819733        0.084205
MDMin:  660 09:26:43    -2397.819733        0.084281
MDMin:  661 09:26:45    -2397.819733        0.084366
MDMin:  662 09:26:47    -2397.819732        0.084460
MDMin:  663 09:26:49    -2397.819732        0.084565
MDMin:  664 09:26:50    -2397.819732        0.084680
MDMin:  665 09:26:52    -2397.819732        0.084806
MDMin:  666 09:26:54    -2397.819732        0.084945
MDMin:  667 09:26:55    -2397.819732        0.085094
MDMin:  668 09:26:57    -2397.819732        0.085257
MDMin:  669 09:26:58    -2397.819731        0.085430
MDMin:  670 09:27:00    -2397.819731        0.085620
MDMin:  671 09:27:01    -2397.819731        0.085819
MDMin:  672 09:27:02    -2397.819731        0.086038
MDMin:  673 09:27:04    -2397.819730        0.086259
MDMin:  674 09:27:06    -2397.819730        0.086509
MDMin:  675 09:27:07    -2397.819730        0.086734
MDMin:  676 09:27:08    -2397.819729        0.106139
MDMin:  677 09:27:09    -2397.819729        0.087114
MDMin:  678 09:27:10    -2397.819729        0.087241
MDMin:  679 09:27:12    -2397.819729        0.087355
MDMin:  680 09:27:14    -2397.819729        0.087474
MDMin:  681 09:27:15    -2397.819728        0.087599
MDMin:  682 09:27:16    -2397.819728        0.087728
MDMin:  683 09:27:17    -2397.819728        0.087862
MDMin:  684 09:27:18    -2397.819728        0.088002
MDMin:  685 09:27:20    -2397.819728        0.088147
MDMin:  686 09:27:22    -2397.819727        0.088297
MDMin:  687 09:27:24    -2397.819727        0.088453
MDMin:  688 09:27:26    -2397.819727        0.088614
MDMin:  689 09:27:28    -2397.819727        0.088780
MDMin:  690 09:27:30    -2397.819727        0.088952
MDMin:  691 09:27:32    -2397.819726        0.089130
MDMin:  692 09:27:34    -2397.819726        0.089313
MDMin:  693 09:27:35    -2397.819726        0.089502
MDMin:  694 09:27:37    -2397.819726        0.089696
MDMin:  695 09:27:38    -2397.819725        0.089896
MDMin:  696 09:27:40    -2397.819725        0.090102
MDMin:  697 09:27:41    -2397.819725        0.090313
MDMin:  698 09:27:42    -2397.819725        0.090529
MDMin:  699 09:27:44    -2397.819724        0.090751
MDMin:  700 09:27:46    -2397.819724        0.090978
MDMin:  701 09:27:48    -2397.819724        0.091211
MDMin:  702 09:27:49    -2397.819723        0.091449
MDMin:  703 09:27:51    -2397.819723        0.091692
MDMin:  704 09:27:53    -2397.819723        0.091939
MDMin:  705 09:27:55    -2397.819722        0.092191
MDMin:  706 09:27:57    -2397.819722        0.092448
MDMin:  707 09:27:58    -2397.819722        0.092709
MDMin:  708 09:28:00    -2397.819721        0.092974
MDMin:  709 09:28:02    -2397.819721        0.093242
MDMin:  710 09:28:04    -2397.819721        0.093513
MDMin:  711 09:28:06    -2397.819720        0.093788
MDMin:  712 09:28:08    -2397.819720        0.094065
MDMin:  713 09:28:10    -2397.819720        0.094344
MDMin:  714 09:28:12    -2397.819719        0.094624
MDMin:  715 09:28:14    -2397.819719        0.094906
MDMin:  716 09:28:16    -2397.819718        0.095187
MDMin:  717 09:28:18    -2397.819718        0.095469
MDMin:  718 09:28:20    -2397.819718        0.095750
MDMin:  719 09:28:22    -2397.819717        0.096029
MDMin:  720 09:28:23    -2397.819717        0.096306
MDMin:  721 09:28:25    -2397.819716        0.096579
MDMin:  722 09:28:26    -2397.819716        0.096849
MDMin:  723 09:28:27    -2397.819715        0.097114
MDMin:  724 09:28:29    -2397.819715        0.097373
MDMin:  725 09:28:30    -2397.819714        0.097625
MDMin:  726 09:28:32    -2397.819714        0.097870
MDMin:  727 09:28:34    -2397.819714        0.098106
MDMin:  728 09:28:35    -2397.819713        0.098332
MDMin:  729 09:28:37    -2397.819713        0.098546
MDMin:  730 09:28:39    -2397.819712        0.098749
MDMin:  731 09:28:41    -2397.819712        0.098938
MDMin:  732 09:28:43    -2397.819711        0.099112
MDMin:  733 09:28:45    -2397.819711        0.099270
MDMin:  734 09:28:46    -2397.819710        0.099411
MDMin:  735 09:28:48    -2397.819710        0.099533
MDMin:  736 09:28:49    -2397.819709        0.099636
MDMin:  737 09:28:50    -2397.819709        0.099717
MDMin:  738 09:28:52    -2397.819708        0.099776
MDMin:  739 09:28:54    -2397.819708        0.099810
MDMin:  740 09:28:56    -2397.819707        0.099820
MDMin:  741 09:28:57    -2397.819707        0.099802
MDMin:  742 09:28:59    -2397.819706        0.099757
MDMin:  743 09:29:01    -2397.819706        0.099683
MDMin:  744 09:29:03    -2397.819705        0.099579
MDMin:  745 09:29:04    -2397.819705        0.099443
MDMin:  746 09:29:06    -2397.819704        0.099275
MDMin:  747 09:29:08    -2397.819704        0.099078
MDMin:  748 09:29:10    -2397.819703        0.098861
MDMin:  749 09:29:11    -2397.819703        0.106983
MDMin:  750 09:29:13    -2397.819702        0.098491
MDMin:  751 09:29:14    -2397.819702        0.098342
MDMin:  752 09:29:15    -2397.819702        0.098188
MDMin:  753 09:29:17    -2397.819702        0.098026
MDMin:  754 09:29:19    -2397.819701        0.097854
MDMin:  755 09:29:20    -2397.819701        0.097672
MDMin:  756 09:29:22    -2397.819701        0.097479
MDMin:  757 09:29:24    -2397.819701        0.097276
MDMin:  758 09:29:26    -2397.819701        0.097062
MDMin:  759 09:29:29    -2397.819700        0.096836
MDMin:  760 09:29:30    -2397.819700        0.096599
MDMin:  761 09:29:31    -2397.819700        0.096350
MDMin:  762 09:29:32    -2397.819699        0.096089
MDMin:  763 09:29:34    -2397.819699        0.095817
MDMin:  764 09:29:36    -2397.819699        0.095532
MDMin:  765 09:29:38    -2397.819699        0.095235
MDMin:  766 09:29:40    -2397.819698        0.094924
MDMin:  767 09:29:42    -2397.819698        0.094601
MDMin:  768 09:29:44    -2397.819698        0.094264
MDMin:  769 09:29:46    -2397.819697        0.093914
MDMin:  770 09:29:48    -2397.819697        0.093550
MDMin:  771 09:29:50    -2397.819697        0.093417
MDMin:  772 09:29:51    -2397.819697        0.093707
MDMin:  773 09:29:53    -2397.819696        0.093998
MDMin:  774 09:29:55    -2397.819696        0.094291
MDMin:  775 09:29:57    -2397.819696        0.094585
MDMin:  776 09:29:59    -2397.819695        0.094880
MDMin:  777 09:30:01    -2397.819695        0.095176
MDMin:  778 09:30:03    -2397.819695        0.095472
MDMin:  779 09:30:05    -2397.819694        0.095768
MDMin:  780 09:30:07    -2397.819694        0.096063
MDMin:  781 09:30:09    -2397.819694        0.096358
MDMin:  782 09:30:11    -2397.819693        0.096652
MDMin:  783 09:30:12    -2397.819693        0.096943
MDMin:  784 09:30:13    -2397.819693        0.097233
MDMin:  785 09:30:15    -2397.819693        0.097521
MDMin:  786 09:30:16    -2397.819692        0.097806
MDMin:  787 09:30:17    -2397.819692        0.098087
MDMin:  788 09:30:19    -2397.819692        0.098364
MDMin:  789 09:30:21    -2397.819691        0.098637
MDMin:  790 09:30:22    -2397.819691        0.098905
MDMin:  791 09:30:23    -2397.819691        0.099168
MDMin:  792 09:30:25    -2397.819690        0.099425
MDMin:  793 09:30:27    -2397.819690        0.099675
MDMin:  794 09:30:29    -2397.819690        0.099919
MDMin:  795 09:30:31    -2397.819689        0.100155
MDMin:  796 09:30:33    -2397.819689        0.100382
MDMin:  797 09:30:34    -2397.819689        0.100601
MDMin:  798 09:30:36    -2397.819688        0.100810
MDMin:  799 09:30:37    -2397.819688        0.101010
MDMin:  800 09:30:39    -2397.819688        0.101199
MDMin:  801 09:30:41    -2397.819687        0.101377
MDMin:  802 09:30:43    -2397.819687        0.101542
MDMin:  803 09:30:45    -2397.819687        0.101697
MDMin:  804 09:30:47    -2397.819686        0.101837
MDMin:  805 09:30:49    -2397.819686        0.101966
MDMin:  806 09:30:51    -2397.819686        0.102076
MDMin:  807 09:30:52    -2397.819685        0.102181
MDMin:  808 09:30:54    -2397.819685        0.102252
MDMin:  809 09:30:55    -2397.819685        0.102341
MDMin:  810 09:30:56    -2397.819685        0.113318
MDMin:  811 09:30:58    -2397.819684        0.102410
MDMin:  812 09:30:59    -2397.819684        0.102402
MDMin:  813 09:31:00    -2397.819684        0.102413
MDMin:  814 09:31:02    -2397.819684        0.102415
MDMin:  815 09:31:04    -2397.819684        0.102417
MDMin:  816 09:31:06    -2397.819684        0.102415
MDMin:  817 09:31:07    -2397.819684        0.102410
MDMin:  818 09:31:08    -2397.819684        0.102403
MDMin:  819 09:31:10    -2397.819683        0.102392
MDMin:  820 09:31:12    -2397.819683        0.102378
MDMin:  821 09:31:14    -2397.819683        0.102360
MDMin:  822 09:31:16    -2397.819683        0.102338
MDMin:  823 09:31:18    -2397.819683        0.102313
MDMin:  824 09:31:20    -2397.819683        0.102283
MDMin:  825 09:31:21    -2397.819683        0.102249
MDMin:  826 09:31:23    -2397.819682        0.102210
MDMin:  827 09:31:25    -2397.819682        0.102166
MDMin:  828 09:31:27    -2397.819682        0.102118
MDMin:  829 09:31:29    -2397.819682        0.102064
MDMin:  830 09:31:31    -2397.819682        0.102005
MDMin:  831 09:31:33    -2397.819682        0.101941
MDMin:  832 09:31:35    -2397.819682        0.101871
MDMin:  833 09:31:37    -2397.819681        0.101796
MDMin:  834 09:31:38    -2397.819681        0.101715
MDMin:  835 09:31:40    -2397.819681        0.101628
MDMin:  836 09:31:42    -2397.819681        0.101535
MDMin:  837 09:31:44    -2397.819681        0.101437
MDMin:  838 09:31:45    -2397.819681        0.101332
MDMin:  839 09:31:47    -2397.819681        0.101221
MDMin:  840 09:31:48    -2397.819681        0.101104
MDMin:  841 09:31:50    -2397.819680        0.100980
MDMin:  842 09:31:52    -2397.819680        0.100851
MDMin:  843 09:31:53    -2397.819680        0.100714
MDMin:  844 09:31:55    -2397.819680        0.100572
MDMin:  845 09:31:56    -2397.819680        0.100423
MDMin:  846 09:31:58    -2397.819680        0.100268
MDMin:  847 09:32:00    -2397.819680        0.100106
MDMin:  848 09:32:01    -2397.819679        0.099938
MDMin:  849 09:32:03    -2397.819679        0.099764
MDMin:  850 09:32:04    -2397.819679        0.099584
MDMin:  851 09:32:06    -2397.819679        0.099397
MDMin:  852 09:32:08    -2397.819679        0.099205
MDMin:  853 09:32:10    -2397.819679        0.099006
MDMin:  854 09:32:12    -2397.819679        0.098802
MDMin:  855 09:32:13    -2397.819679        0.098592
MDMin:  856 09:32:15    -2397.819678        0.098376
MDMin:  857 09:32:17    -2397.819678        0.098155
MDMin:  858 09:32:20    -2397.819678        0.097929
MDMin:  859 09:32:22    -2397.819678        0.097698
MDMin:  860 09:32:24    -2397.819678        0.097462
MDMin:  861 09:32:26    -2397.819678        0.097222
MDMin:  862 09:32:27    -2397.819678        0.096977
MDMin:  863 09:32:29    -2397.819678        0.096728
MDMin:  864 09:32:31    -2397.819678        0.096474
MDMin:  865 09:32:33    -2397.819677        0.096218
MDMin:  866 09:32:35    -2397.819677        0.095958
MDMin:  867 09:32:37    -2397.819677        0.095695
MDMin:  868 09:32:39    -2397.819677        0.095429
MDMin:  869 09:32:40    -2397.819677        0.095161
MDMin:  870 09:32:42    -2397.819677        0.094889
MDMin:  871 09:32:44    -2397.819677        0.094619
MDMin:  872 09:32:47    -2397.819677        0.094340
MDMin:  873 09:32:49    -2397.819677        0.094075
MDMin:  874 09:32:50    -2397.819677        0.093790
MDMin:  875 09:32:52    -2397.819677        0.093565
MDMin:  876 09:32:54    -2397.819677        0.104658
MDMin:  877 09:32:56    -2397.819676        0.094034
MDMin:  878 09:32:57    -2397.819676        0.094215
MDMin:  879 09:32:59    -2397.819676        0.094397
MDMin:  880 09:33:01    -2397.819676        0.094582
MDMin:  881 09:33:03    -2397.819676        0.094774
MDMin:  882 09:33:05    -2397.819676        0.094970
MDMin:  883 09:33:07    -2397.819676        0.095171
MDMin:  884 09:33:09    -2397.819676        0.095376
MDMin:  885 09:33:10    -2397.819676        0.095587
MDMin:  886 09:33:12    -2397.819676        0.095802
MDMin:  887 09:33:13    -2397.819676        0.096022
MDMin:  888 09:33:14    -2397.819676        0.096246
MDMin:  889 09:33:15    -2397.819676        0.096475
MDMin:  890 09:33:17    -2397.819676        0.096707
MDMin:  891 09:33:19    -2397.819676        0.096944
MDMin:  892 09:33:21    -2397.819676        0.097184
MDMin:  893 09:33:23    -2397.819676        0.097428
MDMin:  894 09:33:25    -2397.819676        0.097675
MDMin:  895 09:33:26    -2397.819676        0.097925
MDMin:  896 09:33:27    -2397.819676        0.098177
MDMin:  897 09:33:29    -2397.819676        0.098433
MDMin:  898 09:33:30    -2397.819676        0.098690
MDMin:  899 09:33:32    -2397.819676        0.098950
MDMin:  900 09:33:34    -2397.819676        0.099211
MDMin:  901 09:33:36    -2397.819676        0.099474
MDMin:  902 09:33:38    -2397.819676        0.099737
MDMin:  903 09:33:39    -2397.819676        0.100002
MDMin:  904 09:33:41    -2397.819676        0.100266
MDMin:  905 09:33:43    -2397.819676        0.100530
MDMin:  906 09:33:45    -2397.819676        0.100793
MDMin:  907 09:33:47    -2397.819676        0.101055
MDMin:  908 09:33:49    -2397.819676        0.101316
MDMin:  909 09:33:51    -2397.819676        0.101574
MDMin:  910 09:33:53    -2397.819676        0.101829
MDMin:  911 09:33:55    -2397.819676        0.102080
MDMin:  912 09:33:57    -2397.819676        0.102328
MDMin:  913 09:33:59    -2397.819676        0.102571
MDMin:  914 09:34:01    -2397.819676        0.102809
MDMin:  915 09:34:03    -2397.819676        0.103040
MDMin:  916 09:34:05    -2397.819676        0.103265
MDMin:  917 09:34:07    -2397.819676        0.103482
MDMin:  918 09:34:09    -2397.819676        0.103691
MDMin:  919 09:34:11    -2397.819676        0.103891
MDMin:  920 09:34:13    -2397.819676        0.104081
MDMin:  921 09:34:15    -2397.819676        0.104261
MDMin:  922 09:34:17    -2397.819676        0.104429
MDMin:  923 09:34:19    -2397.819676        0.104585
MDMin:  924 09:34:21    -2397.819676        0.104727
MDMin:  925 09:34:23    -2397.819676        0.104856
MDMin:  926 09:34:25    -2397.819676        0.104969
MDMin:  927 09:34:27    -2397.819676        0.105067
MDMin:  928 09:34:29    -2397.819676        0.105148
MDMin:  929 09:34:31    -2397.819676        0.105212
MDMin:  930 09:34:33    -2397.819676        0.105257
MDMin:  931 09:34:35    -2397.819676        0.105282
MDMin:  932 09:34:37    -2397.819676        0.105288
MDMin:  933 09:34:38    -2397.819676        0.105272
MDMin:  934 09:34:41    -2397.819676        0.105234
MDMin:  935 09:34:43    -2397.819676        0.105174
MDMin:  936 09:34:45    -2397.819676        0.105089
MDMin:  937 09:34:47    -2397.819676        0.104980
MDMin:  938 09:34:49    -2397.819676        0.104846
MDMin:  939 09:34:51    -2397.819676        0.104685
MDMin:  940 09:34:53    -2397.819676        0.104498
MDMin:  941 09:34:55    -2397.819676        0.104282
MDMin:  942 09:34:57    -2397.819676        0.104038
MDMin:  943 09:34:59    -2397.819676        0.103767
MDMin:  944 09:35:01    -2397.819676        0.103470
MDMin:  945 09:35:02    -2397.819676        0.103164
MDMin:  946 09:35:04    -2397.819676        0.102895
MDMin:  947 09:35:06    -2397.819676        0.102699
MDMin:  948 09:35:08    -2397.819676        0.102520
MDMin:  949 09:35:10    -2397.819676        0.102338
MDMin:  950 09:35:12    -2397.819676        0.102150
MDMin:  951 09:35:14    -2397.819676        0.101956
MDMin:  952 09:35:16    -2397.819676        0.101754
MDMin:  953 09:35:18    -2397.819676        0.101545
MDMin:  954 09:35:20    -2397.819676        0.101329
MDMin:  955 09:35:22    -2397.819677        0.101105
MDMin:  956 09:35:24    -2397.819677        0.100873
MDMin:  957 09:35:26    -2397.819677        0.100633
MDMin:  958 09:35:28    -2397.819677        0.100385
MDMin:  959 09:35:29    -2397.819677        0.100127
MDMin:  960 09:35:31    -2397.819677        0.099861
MDMin:  961 09:35:33    -2397.819677        0.099585
MDMin:  962 09:35:35    -2397.819677        0.099300
MDMin:  963 09:35:36    -2397.819677        0.099005
MDMin:  964 09:35:38    -2397.819677        0.098700
MDMin:  965 09:35:40    -2397.819677        0.098385
MDMin:  966 09:35:42    -2397.819677        0.098060
MDMin:  967 09:35:44    -2397.819677        0.097723
MDMin:  968 09:35:46    -2397.819677        0.097377
MDMin:  969 09:35:48    -2397.819677        0.097019
MDMin:  970 09:35:49    -2397.819677        0.096649
MDMin:  971 09:35:51    -2397.819677        0.096269
MDMin:  972 09:35:53    -2397.819677        0.095877
MDMin:  973 09:35:55    -2397.819677        0.095473
MDMin:  974 09:35:57    -2397.819677        0.095057
MDMin:  975 09:35:59    -2397.819677        0.094629
MDMin:  976 09:36:01    -2397.819677        0.094189
MDMin:  977 09:36:03    -2397.819677        0.093737
MDMin:  978 09:36:05    -2397.819677        0.093273
MDMin:  979 09:36:07    -2397.819677        0.092795
MDMin:  980 09:36:08    -2397.819677        0.092304
MDMin:  981 09:36:10    -2397.819677        0.091801
MDMin:  982 09:36:13    -2397.819677        0.091284
MDMin:  983 09:36:14    -2397.819678        0.090754
MDMin:  984 09:36:16    -2397.819678        0.090212
MDMin:  985 09:36:18    -2397.819678        0.089658
MDMin:  986 09:36:20    -2397.819678        0.089091
MDMin:  987 09:36:22    -2397.819678        0.088512
MDMin:  988 09:36:24    -2397.819678        0.087921
MDMin:  989 09:36:26    -2397.819678        0.087318
MDMin:  990 09:36:27    -2397.819678        0.086705
MDMin:  991 09:36:29    -2397.819678        0.086080
MDMin:  992 09:36:31    -2397.819678        0.085445
MDMin:  993 09:36:33    -2397.819678        0.084799
MDMin:  994 09:36:34    -2397.819678        0.084144
MDMin:  995 09:36:36    -2397.819678        0.083478
MDMin:  996 09:36:38    -2397.819678        0.082806
MDMin:  997 09:36:40    -2397.819678        0.082122
MDMin:  998 09:36:42    -2397.819678        0.081435
MDMin:  999 09:36:43    -2397.819678        0.080733
MDMin:  1000 09:36:45    -2397.819679        0.080038
MDMin:  1001 09:36:46    -2397.819679        0.079313
MDMin:  1002 09:36:47    -2397.819679        0.078623
MDMin:  1003 09:36:49    -2397.819679        0.078455
MDMin:  1004 09:36:51    -2397.819679        0.078317
MDMin:  1005 09:36:52    -2397.819679        0.078172
MDMin:  1006 09:36:53    -2397.819679        0.078066
MDMin:  1007 09:36:54    -2397.819679        0.077925
MDMin:  1008 09:36:55    -2397.819679        0.098725
MDMin:  1009 09:36:57    -2397.819679        0.077805
MDMin:  1010 09:36:58    -2397.819679        0.077768
MDMin:  1011 09:37:00    -2397.819679        0.077728
MDMin:  1012 09:37:02    -2397.819679        0.077689
MDMin:  1013 09:37:04    -2397.819679        0.077651
MDMin:  1014 09:37:06    -2397.819679        0.077616
MDMin:  1015 09:37:08    -2397.819679        0.077582
MDMin:  1016 09:37:10    -2397.819679        0.077550
MDMin:  1017 09:37:12    -2397.819679        0.077520
MDMin:  1018 09:37:14    -2397.819679        0.077493
MDMin:  1019 09:37:16    -2397.819680        0.077468
MDMin:  1020 09:37:18    -2397.819680        0.077447
MDMin:  1021 09:37:19    -2397.819680        0.077428
MDMin:  1022 09:37:21    -2397.819680        0.077412
MDMin:  1023 09:37:23    -2397.819680        0.077399
MDMin:  1024 09:37:25    -2397.819680        0.077390
MDMin:  1025 09:37:27    -2397.819680        0.077385
MDMin:  1026 09:37:29    -2397.819680        0.077384
MDMin:  1027 09:37:31    -2397.819680        0.077387
MDMin:  1028 09:37:33    -2397.819680        0.077395
MDMin:  1029 09:37:35    -2397.819680        0.077407
MDMin:  1030 09:37:37    -2397.819680        0.077424
MDMin:  1031 09:37:39    -2397.819680        0.077447
MDMin:  1032 09:37:41    -2397.819680        0.077475
MDMin:  1033 09:37:43    -2397.819680        0.077508
MDMin:  1034 09:37:45    -2397.819680        0.077548
MDMin:  1035 09:37:46    -2397.819680        0.077593
MDMin:  1036 09:37:49    -2397.819680        0.077646
MDMin:  1037 09:37:51    -2397.819680        0.077704
MDMin:  1038 09:37:52    -2397.819680        0.077770
MDMin:  1039 09:37:54    -2397.819680        0.077843
MDMin:  1040 09:37:56    -2397.819681        0.077924
MDMin:  1041 09:37:58    -2397.819681        0.078012
MDMin:  1042 09:38:00    -2397.819681        0.078108
MDMin:  1043 09:38:02    -2397.819681        0.078213
MDMin:  1044 09:38:04    -2397.819681        0.078325
MDMin:  1045 09:38:06    -2397.819681        0.078447
MDMin:  1046 09:38:08    -2397.819681        0.078577
MDMin:  1047 09:38:10    -2397.819681        0.078717
MDMin:  1048 09:38:12    -2397.819681        0.078866
MDMin:  1049 09:38:14    -2397.819681        0.079024
MDMin:  1050 09:38:17    -2397.819681        0.079192
MDMin:  1051 09:38:18    -2397.819681        0.079371
MDMin:  1052 09:38:20    -2397.819681        0.079559
MDMin:  1053 09:38:22    -2397.819681        0.079757
MDMin:  1054 09:38:24    -2397.819681        0.079966
MDMin:  1055 09:38:26    -2397.819681        0.080185
MDMin:  1056 09:38:28    -2397.819682        0.080415
MDMin:  1057 09:38:30    -2397.819682        0.080655
MDMin:  1058 09:38:32    -2397.819682        0.080906
MDMin:  1059 09:38:34    -2397.819682        0.081168
MDMin:  1060 09:38:36    -2397.819682        0.081441
MDMin:  1061 09:38:38    -2397.819682        0.081724
MDMin:  1062 09:38:40    -2397.819682        0.082018
MDMin:  1063 09:38:42    -2397.819682        0.082323
MDMin:  1064 09:38:44    -2397.819682        0.082638
MDMin:  1065 09:38:46    -2397.819682        0.082963
MDMin:  1066 09:38:48    -2397.819682        0.083299
MDMin:  1067 09:38:50    -2397.819682        0.083645
MDMin:  1068 09:38:52    -2397.819682        0.084000
MDMin:  1069 09:38:54    -2397.819682        0.084365
MDMin:  1070 09:38:56    -2397.819683        0.084739
MDMin:  1071 09:38:58    -2397.819683        0.085122
MDMin:  1072 09:39:00    -2397.819683        0.085512
MDMin:  1073 09:39:02    -2397.819683        0.085911
MDMin:  1074 09:39:04    -2397.819683        0.086317
MDMin:  1075 09:39:05    -2397.819683        0.086731
MDMin:  1076 09:39:06    -2397.819683        0.087149
MDMin:  1077 09:39:07    -2397.819683        0.087575
MDMin:  1078 09:39:08    -2397.819683        0.088002
MDMin:  1079 09:39:10    -2397.819683        0.088434
MDMin:  1080 09:39:11    -2397.819683        0.088851
MDMin:  1081 09:39:12    -2397.819683        0.089233
MDMin:  1082 09:39:13    -2397.819684        0.089493
MDMin:  1083 09:39:15    -2397.819684        0.089669
MDMin:  1084 09:39:17    -2397.819684        0.089830
MDMin:  1085 09:39:19    -2397.819684        0.089995
MDMin:  1086 09:39:21    -2397.819684        0.090164
MDMin:  1087 09:39:23    -2397.819684        0.090336
MDMin:  1088 09:39:24    -2397.819684        0.090512
MDMin:  1089 09:39:26    -2397.819684        0.090691
MDMin:  1090 09:39:28    -2397.819684        0.090874
MDMin:  1091 09:39:29    -2397.819684        0.091060
MDMin:  1092 09:39:30    -2397.819684        0.091248
MDMin:  1093 09:39:32    -2397.819684        0.091440
MDMin:  1094 09:39:34    -2397.819684        0.091635
MDMin:  1095 09:39:36    -2397.819684        0.091832
MDMin:  1096 09:39:38    -2397.819684        0.092032
MDMin:  1097 09:39:40    -2397.819684        0.092234
MDMin:  1098 09:39:42    -2397.819684        0.092438
MDMin:  1099 09:39:44    -2397.819684        0.092643
MDMin:  1100 09:39:46    -2397.819684        0.092851
MDMin:  1101 09:39:48    -2397.819684        0.093060
MDMin:  1102 09:39:50    -2397.819684        0.093270
MDMin:  1103 09:39:52    -2397.819684        0.093481
MDMin:  1104 09:39:54    -2397.819684        0.093693
MDMin:  1105 09:39:56    -2397.819684        0.093905
MDMin:  1106 09:39:58    -2397.819685        0.094118
MDMin:  1107 09:40:00    -2397.819685        0.094331
MDMin:  1108 09:40:02    -2397.819685        0.094543
MDMin:  1109 09:40:04    -2397.819685        0.094755
MDMin:  1110 09:40:06    -2397.819685        0.094967
MDMin:  1111 09:40:08    -2397.819685        0.095177
MDMin:  1112 09:40:09    -2397.819685        0.095385
MDMin:  1113 09:40:11    -2397.819685        0.095592
MDMin:  1114 09:40:12    -2397.819685        0.095797
MDMin:  1115 09:40:13    -2397.819685        0.096000
MDMin:  1116 09:40:15    -2397.819685        0.096200
MDMin:  1117 09:40:17    -2397.819685        0.096397
MDMin:  1118 09:40:19    -2397.819685        0.096591
MDMin:  1119 09:40:21    -2397.819685        0.096780
MDMin:  1120 09:40:23    -2397.819685        0.096966
MDMin:  1121 09:40:25    -2397.819685        0.097148
MDMin:  1122 09:40:27    -2397.819685        0.097324
MDMin:  1123 09:40:29    -2397.819685        0.097496
MDMin:  1124 09:40:30    -2397.819685        0.097662
MDMin:  1125 09:40:32    -2397.819686        0.097822
MDMin:  1126 09:40:34    -2397.819686        0.097975
MDMin:  1127 09:40:35    -2397.819686        0.098122
MDMin:  1128 09:40:37    -2397.819686        0.098262
MDMin:  1129 09:40:39    -2397.819686        0.098395
MDMin:  1130 09:40:41    -2397.819686        0.098520
MDMin:  1131 09:40:43    -2397.819686        0.098636
MDMin:  1132 09:40:45    -2397.819686        0.098744
MDMin:  1133 09:40:47    -2397.819686        0.098843
MDMin:  1134 09:40:49    -2397.819686        0.098932
MDMin:  1135 09:40:51    -2397.819686        0.099012
MDMin:  1136 09:40:53    -2397.819686        0.099081
MDMin:  1137 09:40:55    -2397.819686        0.099140
MDMin:  1138 09:40:57    -2397.819686        0.099188
MDMin:  1139 09:40:59    -2397.819686        0.099225
MDMin:  1140 09:41:00    -2397.819687        0.099250
MDMin:  1141 09:41:02    -2397.819687        0.099263
MDMin:  1142 09:41:03    -2397.819687        0.099264
MDMin:  1143 09:41:05    -2397.819687        0.099252
MDMin:  1144 09:41:06    -2397.819687        0.099227
MDMin:  1145 09:41:08    -2397.819687        0.099189
MDMin:  1146 09:41:10    -2397.819687        0.099138
MDMin:  1147 09:41:12    -2397.819687        0.099072
MDMin:  1148 09:41:13    -2397.819687        0.098992
MDMin:  1149 09:41:14    -2397.819687        0.098898
MDMin:  1150 09:41:16    -2397.819687        0.098788
MDMin:  1151 09:41:17    -2397.819687        0.098664
MDMin:  1152 09:41:19    -2397.819687        0.098525
MDMin:  1153 09:41:20    -2397.819688        0.098370
MDMin:  1154 09:41:22    -2397.819688        0.098199
MDMin:  1155 09:41:24    -2397.819688        0.098013
MDMin:  1156 09:41:26    -2397.819688        0.097811
MDMin:  1157 09:41:28    -2397.819688        0.097593
MDMin:  1158 09:41:29    -2397.819688        0.097361
MDMin:  1159 09:41:31    -2397.819688        0.097124
MDMin:  1160 09:41:33    -2397.819688        0.105308
MDMin:  1161 09:41:35    -2397.819688        0.096759
MDMin:  1162 09:41:37    -2397.819688        0.096629
MDMin:  1163 09:41:39    -2397.819688        0.096500
MDMin:  1164 09:41:40    -2397.819688        0.096367
MDMin:  1165 09:41:41    -2397.819688        0.096230
MDMin:  1166 09:41:42    -2397.819688        0.096090
MDMin:  1167 09:41:44    -2397.819688        0.095945
MDMin:  1168 09:41:46    -2397.819688        0.095797
MDMin:  1169 09:41:48    -2397.819688        0.095644
MDMin:  1170 09:41:49    -2397.819688        0.095487
MDMin:  1171 09:41:51    -2397.819688        0.095325
MDMin:  1172 09:41:53    -2397.819688        0.095158
MDMin:  1173 09:41:54    -2397.819689        0.094986
MDMin:  1174 09:41:56    -2397.819689        0.094808
MDMin:  1175 09:41:58    -2397.819689        0.094626
MDMin:  1176 09:42:00    -2397.819689        0.094438
MDMin:  1177 09:42:02    -2397.819689        0.094244
MDMin:  1178 09:42:04    -2397.819689        0.094044
MDMin:  1179 09:42:06    -2397.819689        0.093839
MDMin:  1180 09:42:08    -2397.819689        0.093627
MDMin:  1181 09:42:09    -2397.819689        0.093410
MDMin:  1182 09:42:11    -2397.819689        0.093187
MDMin:  1183 09:42:13    -2397.819689        0.092960
MDMin:  1184 09:42:15    -2397.819689        0.092728
MDMin:  1185 09:42:17    -2397.819689        0.092491
MDMin:  1186 09:42:19    -2397.819689        0.092249
MDMin:  1187 09:42:21    -2397.819689        0.092003
MDMin:  1188 09:42:23    -2397.819689        0.091751
MDMin:  1189 09:42:25    -2397.819689        0.091495
MDMin:  1190 09:42:26    -2397.819689        0.091235
MDMin:  1191 09:42:28    -2397.819689        0.090970
MDMin:  1192 09:42:29    -2397.819689        0.090700
MDMin:  1193 09:42:30    -2397.819689        0.090425
MDMin:  1194 09:42:32    -2397.819689        0.090146
MDMin:  1195 09:42:34    -2397.819690        0.089863
MDMin:  1196 09:42:36    -2397.819690        0.089575
MDMin:  1197 09:42:38    -2397.819690        0.089282
MDMin:  1198 09:42:40    -2397.819690        0.088985
MDMin:  1199 09:42:42    -2397.819690        0.088684
MDMin:  1200 09:42:44    -2397.819690        0.088378
MDMin:  1201 09:42:46    -2397.819690        0.088067
MDMin:  1202 09:42:48    -2397.819690        0.087751
MDMin:  1203 09:42:50    -2397.819690        0.087430
MDMin:  1204 09:42:52    -2397.819690        0.087105
MDMin:  1205 09:42:54    -2397.819690        0.086775
MDMin:  1206 09:42:56    -2397.819690        0.086441
MDMin:  1207 09:42:57    -2397.819690        0.086102
MDMin:  1208 09:42:58    -2397.819690        0.085760
MDMin:  1209 09:42:59    -2397.819690        0.085414
MDMin:  1210 09:43:00    -2397.819690        0.085065
MDMin:  1211 09:43:02    -2397.819690        0.084711
MDMin:  1212 09:43:04    -2397.819691        0.084356
MDMin:  1213 09:43:05    -2397.819691        0.083996
MDMin:  1214 09:43:07    -2397.819691        0.083636
MDMin:  1215 09:43:09    -2397.819691        0.083270
MDMin:  1216 09:43:11    -2397.819691        0.082907
MDMin:  1217 09:43:13    -2397.819691        0.082533
MDMin:  1218 09:43:15    -2397.819691        0.082172
MDMin:  1219 09:43:17    -2397.819691        0.081787
MDMin:  1220 09:43:19    -2397.819691        0.081438
MDMin:  1221 09:43:21    -2397.819691        0.081028
MDMin:  1222 09:43:23    -2397.819691        0.080716
MDMin:  1223 09:43:25    -2397.819691        0.080238
MDMin:  1224 09:43:27    -2397.819691        0.080048
MDMin:  1225 09:43:28    -2397.819691        0.079359
MDMin:  1226 09:43:29    -2397.819691        0.079561
MDMin:  1227 09:43:31    -2397.819692        0.078186
MDMin:  1228 09:43:33    -2397.819692        0.079766
MDMin:  1229 09:43:35    -2397.819692        0.076153
MDMin:  1230 09:43:37    -2397.819692        0.083003
MDMin:  1231 09:43:39    -2397.819692        0.073638
MDMin:  1232 09:43:41    -2397.819692        0.095601
MDMin:  1233 09:43:42    -2397.819692        0.073832
MDMin:  1234 09:43:44    -2397.819692        0.078217
MDMin:  1235 09:43:46    -2397.819692        0.076333
MDMin:  1236 09:43:48    -2397.819692        0.076516
MDMin:  1237 09:43:50    -2397.819692        0.076279
MDMin:  1238 09:43:51    -2397.819692        0.076144
MDMin:  1239 09:43:52    -2397.819692        0.075982
MDMin:  1240 09:43:53    -2397.819692        0.075827
MDMin:  1241 09:43:55    -2397.819692        0.075669
MDMin:  1242 09:43:56    -2397.819692        0.075511
MDMin:  1243 09:43:57    -2397.819692        0.075353
MDMin:  1244 09:43:59    -2397.819692        0.075195
MDMin:  1245 09:44:01    -2397.819692        0.075036
MDMin:  1246 09:44:02    -2397.819692        0.075000
MDMin:  1247 09:44:04    -2397.819692        0.075095
MDMin:  1248 09:44:06    -2397.819692        0.075192
MDMin:  1249 09:44:08    -2397.819692        0.075291
MDMin:  1250 09:44:10    -2397.819693        0.075390
MDMin:  1251 09:44:12    -2397.819693        0.075491
MDMin:  1252 09:44:14    -2397.819693        0.075593
MDMin:  1253 09:44:16    -2397.819693        0.075697
MDMin:  1254 09:44:18    -2397.819693        0.075801
MDMin:  1255 09:44:20    -2397.819693        0.075907
MDMin:  1256 09:44:22    -2397.819693        0.076015
MDMin:  1257 09:44:24    -2397.819693        0.076123
MDMin:  1258 09:44:26    -2397.819693        0.076233
MDMin:  1259 09:44:28    -2397.819693        0.076344
MDMin:  1260 09:44:30    -2397.819693        0.076455
MDMin:  1261 09:44:32    -2397.819693        0.076569
MDMin:  1262 09:44:34    -2397.819693        0.076683
MDMin:  1263 09:44:36    -2397.819693        0.076798
MDMin:  1264 09:44:38    -2397.819693        0.076915
MDMin:  1265 09:44:40    -2397.819693        0.077033
MDMin:  1266 09:44:41    -2397.819693        0.077151
MDMin:  1267 09:44:43    -2397.819693        0.077271
MDMin:  1268 09:44:45    -2397.819693        0.077392
MDMin:  1269 09:44:47    -2397.819693        0.077514
MDMin:  1270 09:44:49    -2397.819693        0.077637
MDMin:  1271 09:44:51    -2397.819693        0.077761
MDMin:  1272 09:44:53    -2397.819694        0.077887
MDMin:  1273 09:44:55    -2397.819694        0.078013
MDMin:  1274 09:44:57    -2397.819694        0.078140
MDMin:  1275 09:44:59    -2397.819694        0.078269
MDMin:  1276 09:45:01    -2397.819694        0.078398
MDMin:  1277 09:45:03    -2397.819694        0.078529
MDMin:  1278 09:45:05    -2397.819694        0.078660
MDMin:  1279 09:45:07    -2397.819694        0.078793
MDMin:  1280 09:45:09    -2397.819694        0.078926
MDMin:  1281 09:45:10    -2397.819694        0.079061
MDMin:  1282 09:45:12    -2397.819694        0.079196
MDMin:  1283 09:45:14    -2397.819694        0.079333
MDMin:  1284 09:45:16    -2397.819694        0.079470
MDMin:  1285 09:45:18    -2397.819694        0.079608
MDMin:  1286 09:45:20    -2397.819694        0.079746
MDMin:  1287 09:45:22    -2397.819694        0.079886
MDMin:  1288 09:45:23    -2397.819694        0.080026
MDMin:  1289 09:45:24    -2397.819694        0.080167
MDMin:  1290 09:45:25    -2397.819695        0.080307
MDMin:  1291 09:45:27    -2397.819695        0.080449
MDMin:  1292 09:45:28    -2397.819695        0.080589
MDMin:  1293 09:45:30    -2397.819695        0.080734
MDMin:  1294 09:45:31    -2397.819695        0.080870
MDMin:  1295 09:45:33    -2397.819695        0.081023
MDMin:  1296 09:45:34    -2397.819695        0.081144
MDMin:  1297 09:45:35    -2397.819695        0.081322
MDMin:  1298 09:45:37    -2397.819695        0.081393
MDMin:  1299 09:45:38    -2397.819695        0.081663
MDMin:  1300 09:45:39    -2397.819695        0.081561
MDMin:  1301 09:45:40    -2397.819695        0.082187
MDMin:  1302 09:45:42    -2397.819695        0.081478
MDMin:  1303 09:45:43    -2397.819695        0.083638
MDMin:  1304 09:45:45    -2397.819695        0.081240
MDMin:  1305 09:45:46    -2397.819695        0.090465
MDMin:  1306 09:45:48    -2397.819695        0.086002
MDMin:  1307 09:45:50    -2397.819696        0.096726
MDMin:  1308 09:45:52    -2397.819696        0.081652
MDMin:  1309 09:45:53    -2397.819696        0.084147
MDMin:  1310 09:45:55    -2397.819696        0.082300
MDMin:  1311 09:45:56    -2397.819696        0.082948
MDMin:  1312 09:45:57    -2397.819696        0.082731
MDMin:  1313 09:45:58    -2397.819696        0.082890
MDMin:  1314 09:45:59    -2397.819696        0.082886
MDMin:  1315 09:46:01    -2397.819696        0.082957
MDMin:  1316 09:46:03    -2397.819696        0.082991
MDMin:  1317 09:46:05    -2397.819696        0.083044
MDMin:  1318 09:46:07    -2397.819696        0.083086
MDMin:  1319 09:46:09    -2397.819696        0.083133
MDMin:  1320 09:46:11    -2397.819696        0.083176
MDMin:  1321 09:46:13    -2397.819696        0.083220
MDMin:  1322 09:46:14    -2397.819696        0.083262
MDMin:  1323 09:46:16    -2397.819696        0.083303
MDMin:  1324 09:46:18    -2397.819696        0.083342
MDMin:  1325 09:46:20    -2397.819696        0.083380
MDMin:  1326 09:46:22    -2397.819696        0.083417
MDMin:  1327 09:46:24    -2397.819696        0.083452
MDMin:  1328 09:46:26    -2397.819696        0.083484
MDMin:  1329 09:46:28    -2397.819696        0.083515
MDMin:  1330 09:46:30    -2397.819696        0.083543
MDMin:  1331 09:46:32    -2397.819696        0.083569
MDMin:  1332 09:46:33    -2397.819696        0.083592
MDMin:  1333 09:46:35    -2397.819696        0.083613
MDMin:  1334 09:46:37    -2397.819696        0.083630
MDMin:  1335 09:46:39    -2397.819696        0.083645
MDMin:  1336 09:46:40    -2397.819697        0.083656
MDMin:  1337 09:46:43    -2397.819697        0.083663
MDMin:  1338 09:46:44    -2397.819697        0.083667
MDMin:  1339 09:46:46    -2397.819697        0.083667
MDMin:  1340 09:46:48    -2397.819697        0.083662
MDMin:  1341 09:46:51    -2397.819697        0.083654
MDMin:  1342 09:46:53    -2397.819697        0.083641
MDMin:  1343 09:46:55    -2397.819697        0.083624
MDMin:  1344 09:46:56    -2397.819697        0.083601
MDMin:  1345 09:46:58    -2397.819697        0.083574
MDMin:  1346 09:47:00    -2397.819697        0.083541
MDMin:  1347 09:47:02    -2397.819697        0.083504
MDMin:  1348 09:47:04    -2397.819697        0.083460
MDMin:  1349 09:47:06    -2397.819697        0.083412
MDMin:  1350 09:47:08    -2397.819697        0.083477
MDMin:  1351 09:47:10    -2397.819697        0.083539
MDMin:  1352 09:47:12    -2397.819697        0.083593
MDMin:  1353 09:47:13    -2397.819697        0.083642
MDMin:  1354 09:47:14    -2397.819697        0.083683
MDMin:  1355 09:47:16    -2397.819697        0.083718
MDMin:  1356 09:47:17    -2397.819697        0.083747
MDMin:  1357 09:47:18    -2397.819698        0.083770
MDMin:  1358 09:47:19    -2397.819698        0.083786
MDMin:  1359 09:47:21    -2397.819698        0.083797
MDMin:  1360 09:47:23    -2397.819698        0.083802
MDMin:  1361 09:47:25    -2397.819698        0.083801
MDMin:  1362 09:47:27    -2397.819698        0.083796
MDMin:  1363 09:47:29    -2397.819698        0.083785
MDMin:  1364 09:47:31    -2397.819698        0.083769
MDMin:  1365 09:47:32    -2397.819698        0.083751
MDMin:  1366 09:47:34    -2397.819698        0.083724
MDMin:  1367 09:47:35    -2397.819698        0.088097
MDMin:  1368 09:47:37    -2397.819698        0.083657
MDMin:  1369 09:47:39    -2397.819698        0.107928
MDMin:  1370 09:47:40    -2397.819698        0.083575
MDMin:  1371 09:47:42    -2397.819698        0.089486
MDMin:  1372 09:47:44    -2397.819698        0.083538
MDMin:  1373 09:47:46    -2397.819698        0.083516
MDMin:  1374 09:47:48    -2397.819698        0.083489
MDMin:  1375 09:47:49    -2397.819698        0.083465
MDMin:  1376 09:47:51    -2397.819698        0.083439
MDMin:  1377 09:47:53    -2397.819698        0.083414
MDMin:  1378 09:47:55    -2397.819698        0.083389
MDMin:  1379 09:47:58    -2397.819698        0.083365
MDMin:  1380 09:48:00    -2397.819698        0.083340
MDMin:  1381 09:48:02    -2397.819698        0.083316
MDMin:  1382 09:48:04    -2397.819699        0.083291
MDMin:  1383 09:48:06    -2397.819699        0.083267
MDMin:  1384 09:48:07    -2397.819699        0.083243
MDMin:  1385 09:48:09    -2397.819699        0.083220
MDMin:  1386 09:48:11    -2397.819699        0.083196
MDMin:  1387 09:48:13    -2397.819699        0.083173
MDMin:  1388 09:48:15    -2397.819699        0.083150
MDMin:  1389 09:48:17    -2397.819699        0.083127
MDMin:  1390 09:48:19    -2397.819699        0.083105
MDMin:  1391 09:48:21    -2397.819699        0.083083
MDMin:  1392 09:48:23    -2397.819699        0.083062
MDMin:  1393 09:48:25    -2397.819699        0.083041
MDMin:  1394 09:48:27    -2397.819699        0.083021
MDMin:  1395 09:48:29    -2397.819699        0.083001
MDMin:  1396 09:48:31    -2397.819699        0.082982
MDMin:  1397 09:48:32    -2397.819699        0.082964
MDMin:  1398 09:48:34    -2397.819699        0.082947
MDMin:  1399 09:48:36    -2397.819699        0.082930
MDMin:  1400 09:48:38    -2397.819699        0.082914
MDMin:  1401 09:48:40    -2397.819699        0.082899
MDMin:  1402 09:48:42    -2397.819699        0.082885
MDMin:  1403 09:48:44    -2397.819699        0.082872
MDMin:  1404 09:48:46    -2397.819699        0.082860
MDMin:  1405 09:48:48    -2397.819699        0.082849
MDMin:  1406 09:48:49    -2397.819699        0.082839
MDMin:  1407 09:48:51    -2397.819699        0.082830
MDMin:  1408 09:48:54    -2397.819699        0.082823
MDMin:  1409 09:48:56    -2397.819699        0.082817
MDMin:  1410 09:48:58    -2397.819700        0.082811
MDMin:  1411 09:49:00    -2397.819700        0.082807
MDMin:  1412 09:49:01    -2397.819700        0.082805
MDMin:  1413 09:49:03    -2397.819700        0.082803
MDMin:  1414 09:49:05    -2397.819700        0.082803
MDMin:  1415 09:49:07    -2397.819700        0.082804
MDMin:  1416 09:49:08    -2397.819700        0.082805
MDMin:  1417 09:49:11    -2397.819700        0.082808
MDMin:  1418 09:49:12    -2397.819700        0.082813
MDMin:  1419 09:49:14    -2397.819700        0.082818
MDMin:  1420 09:49:16    -2397.819700        0.082824
MDMin:  1421 09:49:18    -2397.819700        0.082830
MDMin:  1422 09:49:20    -2397.819700        0.082838
MDMin:  1423 09:49:21    -2397.819700        0.082846
MDMin:  1424 09:49:23    -2397.819700        0.082855
MDMin:  1425 09:49:25    -2397.819700        0.082864
MDMin:  1426 09:49:27    -2397.819700        0.082873
MDMin:  1427 09:49:28    -2397.819700        0.082884
MDMin:  1428 09:49:29    -2397.819700        0.082892
MDMin:  1429 09:49:31    -2397.819700        0.082905
MDMin:  1430 09:49:33    -2397.819700        0.082910
MDMin:  1431 09:49:35    -2397.819701        0.082927
MDMin:  1432 09:49:36    -2397.819701        0.082920
MDMin:  1433 09:49:38    -2397.819701        0.082959
MDMin:  1434 09:49:39    -2397.819701        0.082903
MDMin:  1435 09:49:41    -2397.819701        0.095893
MDMin:  1436 09:49:42    -2397.819701        0.087499
MDMin:  1437 09:49:44    -2397.819701        0.091262
MDMin:  1438 09:49:46    -2397.819701        0.082895
MDMin:  1439 09:49:48    -2397.819701        0.082910
MDMin:  1440 09:49:49    -2397.819701        0.082893
MDMin:  1441 09:49:51    -2397.819701        0.082886
MDMin:  1442 09:49:52    -2397.819701        0.082876
MDMin:  1443 09:49:53    -2397.819701        0.082867
MDMin:  1444 09:49:55    -2397.819701        0.082859
MDMin:  1445 09:49:56    -2397.819701        0.082851
MDMin:  1446 09:49:58    -2397.819701        0.082842
MDMin:  1447 09:49:59    -2397.819701        0.082834
MDMin:  1448 09:50:01    -2397.819701        0.082826
MDMin:  1449 09:50:03    -2397.819701        0.082817
MDMin:  1450 09:50:05    -2397.819701        0.082809
MDMin:  1451 09:50:07    -2397.819701        0.082800
MDMin:  1452 09:50:09    -2397.819701        0.082790
MDMin:  1453 09:50:11    -2397.819701        0.082781
MDMin:  1454 09:50:13    -2397.819701        0.082770
MDMin:  1455 09:50:14    -2397.819701        0.082760
MDMin:  1456 09:50:16    -2397.819701        0.082748
MDMin:  1457 09:50:18    -2397.819701        0.082736
MDMin:  1458 09:50:20    -2397.819701        0.082723
MDMin:  1459 09:50:22    -2397.819701        0.082710
MDMin:  1460 09:50:24    -2397.819701        0.082695
MDMin:  1461 09:50:26    -2397.819701        0.082680
MDMin:  1462 09:50:28    -2397.819701        0.082663
MDMin:  1463 09:50:30    -2397.819702        0.082646
MDMin:  1464 09:50:32    -2397.819702        0.082627
MDMin:  1465 09:50:33    -2397.819702        0.082607
MDMin:  1466 09:50:34    -2397.819702        0.082586
MDMin:  1467 09:50:35    -2397.819702        0.082564
MDMin:  1468 09:50:37    -2397.819702        0.082540
MDMin:  1469 09:50:39    -2397.819702        0.082515
MDMin:  1470 09:50:41    -2397.819702        0.082489
MDMin:  1471 09:50:43    -2397.819702        0.082460
MDMin:  1472 09:50:45    -2397.819702        0.082431
MDMin:  1473 09:50:47    -2397.819702        0.082399
MDMin:  1474 09:50:49    -2397.819702        0.082367
MDMin:  1475 09:50:51    -2397.819702        0.082332
MDMin:  1476 09:50:53    -2397.819702        0.082296
MDMin:  1477 09:50:55    -2397.819702        0.082257
MDMin:  1478 09:50:57    -2397.819702        0.082217
MDMin:  1479 09:50:59    -2397.819702        0.082175
MDMin:  1480 09:51:01    -2397.819702        0.082132
MDMin:  1481 09:51:03    -2397.819702        0.082086
MDMin:  1482 09:51:05    -2397.819702        0.082038
MDMin:  1483 09:51:07    -2397.819702        0.081988
MDMin:  1484 09:51:09    -2397.819702        0.081936
MDMin:  1485 09:51:10    -2397.819702        0.081884
MDMin:  1486 09:51:12    -2397.819702        0.081831
MDMin:  1487 09:51:13    -2397.819702        0.081779
MDMin:  1488 09:51:14    -2397.819702        0.081728
MDMin:  1489 09:51:15    -2397.819702        0.081677
MDMin:  1490 09:51:17    -2397.819702        0.081628
MDMin:  1491 09:51:18    -2397.819703        0.081580
MDMin:  1492 09:51:19    -2397.819703        0.081532
MDMin:  1493 09:51:20    -2397.819703        0.081485
MDMin:  1494 09:51:22    -2397.819703        0.081438
MDMin:  1495 09:51:24    -2397.819703        0.081393
MDMin:  1496 09:51:26    -2397.819703        0.081348
MDMin:  1497 09:51:28    -2397.819703        0.081307
MDMin:  1498 09:51:29    -2397.819703        0.081264
MDMin:  1499 09:51:31    -2397.819703        0.081231
MDMin:  1500 09:51:33    -2397.819703        0.081187
MDMin:  1501 09:51:35    -2397.819703        0.081169
MDMin:  1502 09:51:37    -2397.819703        0.081113
MDMin:  1503 09:51:39    -2397.819703        0.081135
MDMin:  1504 09:51:41    -2397.819703        0.081023
MDMin:  1505 09:51:43    -2397.819703        0.081174
MDMin:  1506 09:51:45    -2397.819703        0.080842
MDMin:  1507 09:51:46    -2397.819703        0.081452
MDMin:  1508 09:51:47    -2397.819703        0.080337
MDMin:  1509 09:51:48    -2397.819703        0.092631
MDMin:  1510 09:51:50    -2397.819703        0.083596
MDMin:  1511 09:51:52    -2397.819703        0.081639
MDMin:  1512 09:51:54    -2397.819703        0.080784
MDMin:  1513 09:51:55    -2397.819703        0.081000
MDMin:  1514 09:51:56    -2397.819703        0.080918
MDMin:  1515 09:51:58    -2397.819703        0.080930
MDMin:  1516 09:52:00    -2397.819703        0.080916
MDMin:  1517 09:52:02    -2397.819704        0.080914
MDMin:  1518 09:52:03    -2397.819704        0.080911
MDMin:  1519 09:52:04    -2397.819704        0.080912
MDMin:  1520 09:52:05    -2397.819704        0.080916
MDMin:  1521 09:52:07    -2397.819704        0.080922
MDMin:  1522 09:52:09    -2397.819704        0.080932
MDMin:  1523 09:52:10    -2397.819704        0.080944
MDMin:  1524 09:52:11    -2397.819704        0.080959
MDMin:  1525 09:52:13    -2397.819704        0.080977
MDMin:  1526 09:52:14    -2397.819704        0.080999
MDMin:  1527 09:52:15    -2397.819704        0.081023
MDMin:  1528 09:52:17    -2397.819704        0.081051
MDMin:  1529 09:52:18    -2397.819704        0.081083
MDMin:  1530 09:52:20    -2397.819704        0.081118
MDMin:  1531 09:52:22    -2397.819704        0.081158
MDMin:  1532 09:52:24    -2397.819704        0.081201
MDMin:  1533 09:52:25    -2397.819704        0.081248
MDMin:  1534 09:52:26    -2397.819704        0.081300
MDMin:  1535 09:52:28    -2397.819704        0.081356
MDMin:  1536 09:52:30    -2397.819704        0.081418
MDMin:  1537 09:52:31    -2397.819704        0.081484
MDMin:  1538 09:52:32    -2397.819704        0.081555
MDMin:  1539 09:52:34    -2397.819704        0.081633
MDMin:  1540 09:52:35    -2397.819704        0.081715
MDMin:  1541 09:52:37    -2397.819704        0.081804
MDMin:  1542 09:52:38    -2397.819704        0.081900
MDMin:  1543 09:52:40    -2397.819704        0.082002
MDMin:  1544 09:52:41    -2397.819704        0.082111
MDMin:  1545 09:52:43    -2397.819704        0.082227
MDMin:  1546 09:52:44    -2397.819704        0.082350
MDMin:  1547 09:52:46    -2397.819704        0.082482
MDMin:  1548 09:52:48    -2397.819704        0.082622
MDMin:  1549 09:52:49    -2397.819704        0.082770
MDMin:  1550 09:52:51    -2397.819704        0.082928
MDMin:  1551 09:52:53    -2397.819704        0.083094
MDMin:  1552 09:52:55    -2397.819704        0.083271
MDMin:  1553 09:52:57    -2397.819705        0.083456
MDMin:  1554 09:52:58    -2397.819705        0.083652
MDMin:  1555 09:53:00    -2397.819705        0.083858
MDMin:  1556 09:53:02    -2397.819705        0.084075
MDMin:  1557 09:53:04    -2397.819705        0.084302
MDMin:  1558 09:53:06    -2397.819705        0.084544
MDMin:  1559 09:53:08    -2397.819705        0.084802
MDMin:  1560 09:53:10    -2397.819705        0.085077
MDMin:  1561 09:53:12    -2397.819705        0.085370
MDMin:  1562 09:53:14    -2397.819705        0.085683
MDMin:  1563 09:53:16    -2397.819705        0.086014
MDMin:  1564 09:53:18    -2397.819705        0.086366
MDMin:  1565 09:53:19    -2397.819705        0.086736
MDMin:  1566 09:53:21    -2397.819705        0.087130
MDMin:  1567 09:53:23    -2397.819705        0.087540
MDMin:  1568 09:53:25    -2397.819705        0.087977
MDMin:  1569 09:53:27    -2397.819705        0.088425
MDMin:  1570 09:53:29    -2397.819705        0.088910
MDMin:  1571 09:53:31    -2397.819705        0.089390
MDMin:  1572 09:53:33    -2397.819705        0.089931
MDMin:  1573 09:53:35    -2397.819705        0.090425
MDMin:  1574 09:53:37    -2397.819705        0.091045
MDMin:  1575 09:53:40    -2397.819705        0.091506
MDMin:  1576 09:53:41    -2397.819705        0.092279
MDMin:  1577 09:53:43    -2397.819705        0.092570
MDMin:  1578 09:53:46    -2397.819705        0.093724
MDMin:  1579 09:53:48    -2397.819705        0.093447
MDMin:  1580 09:53:50    -2397.819705        0.095709
MDMin:  1581 09:53:51    -2397.819706        0.093724
MDMin:  1582 09:53:52    -2397.819706        0.099532
MDMin:  1583 09:53:54    -2397.819706        0.093093
MDMin:  1584 09:53:56    -2397.819706        0.109522
MDMin:  1585 09:53:58    -2397.819706        0.094718
MDMin:  1586 09:53:59    -2397.819706        0.114029
MDMin:  1587 09:54:01    -2397.819706        0.094789
MDMin:  1588 09:54:03    -2397.819706        0.101560
MDMin:  1589 09:54:05    -2397.819706        0.097982
MDMin:  1590 09:54:07    -2397.819706        0.099770
MDMin:  1591 09:54:08    -2397.819706        0.099324
MDMin:  1592 09:54:10    -2397.819706        0.099938
MDMin:  1593 09:54:11    -2397.819706        0.100042
MDMin:  1594 09:54:12    -2397.819706        0.100398
MDMin:  1595 09:54:14    -2397.819706        0.100613
MDMin:  1596 09:54:15    -2397.819706        0.100894
MDMin:  1597 09:54:17    -2397.819706        0.101124
MDMin:  1598 09:54:19    -2397.819706        0.101368
MDMin:  1599 09:54:21    -2397.819706        0.101585
MDMin:  1600 09:54:23    -2397.819706        0.101798
MDMin:  1601 09:54:25    -2397.819706        0.101988
MDMin:  1602 09:54:27    -2397.819706        0.102165
MDMin:  1603 09:54:28    -2397.819706        0.102320
MDMin:  1604 09:54:30    -2397.819706        0.102455
MDMin:  1605 09:54:32    -2397.819706        0.102565
MDMin:  1606 09:54:33    -2397.819706        0.102651
MDMin:  1607 09:54:34    -2397.819706        0.102707
MDMin:  1608 09:54:36    -2397.819706        0.102731
MDMin:  1609 09:54:38    -2397.819706        0.102722
MDMin:  1610 09:54:40    -2397.819706        0.102678
MDMin:  1611 09:54:42    -2397.819706        0.102596
MDMin:  1612 09:54:43    -2397.819706        0.102474
MDMin:  1613 09:54:44    -2397.819706        0.102310
MDMin:  1614 09:54:46    -2397.819706        0.102103
MDMin:  1615 09:54:48    -2397.819706        0.101849
MDMin:  1616 09:54:49    -2397.819706        0.101547
MDMin:  1617 09:54:50    -2397.819706        0.101195
MDMin:  1618 09:54:51    -2397.819706        0.100791
MDMin:  1619 09:54:53    -2397.819706        0.100333
MDMin:  1620 09:54:55    -2397.819706        0.099819
MDMin:  1621 09:54:57    -2397.819706        0.099246
MDMin:  1622 09:54:59    -2397.819706        0.098616
MDMin:  1623 09:55:01    -2397.819707        0.097924
MDMin:  1624 09:55:03    -2397.819707        0.097170
MDMin:  1625 09:55:05    -2397.819707        0.096352
MDMin:  1626 09:55:07    -2397.819707        0.095471
MDMin:  1627 09:55:09    -2397.819707        0.094523
MDMin:  1628 09:55:11    -2397.819707        0.093511
MDMin:  1629 09:55:13    -2397.819707        0.092430
MDMin:  1630 09:55:15    -2397.819707        0.091285
MDMin:  1631 09:55:16    -2397.819707        0.090069
MDMin:  1632 09:55:18    -2397.819707        0.088792
MDMin:  1633 09:55:20    -2397.819707        0.087441
MDMin:  1634 09:55:22    -2397.819707        0.086038
MDMin:  1635 09:55:24    -2397.819707        0.084550
MDMin:  1636 09:55:26    -2397.819707        0.083032
MDMin:  1637 09:55:28    -2397.819707        0.081400
MDMin:  1638 09:55:30    -2397.819707        0.079797
MDMin:  1639 09:55:32    -2397.819707        0.077985
MDMin:  1640 09:55:34    -2397.819707        0.076392
MDMin:  1641 09:55:36    -2397.819707        0.074249
MDMin:  1642 09:55:37    -2397.819707        0.073007
MDMin:  1643 09:55:39    -2397.819707        0.069912
MDMin:  1644 09:55:40    -2397.819707        0.070542
MDMin:  1645 09:55:42    -2397.819707        0.064125
MDMin:  1646 09:55:43    -2397.819707        0.075196
MDMin:  1647 09:55:45    -2397.819707        0.071222
MDMin:  1648 09:55:47    -2397.819707        0.098312
MDMin:  1649 09:55:49    -2397.819707        0.061757
MDMin:  1650 09:55:51    -2397.819707        0.061305
MDMin:  1651 09:55:53    -2397.819707        0.061017
MDMin:  1652 09:55:55    -2397.819707        0.060692
MDMin:  1653 09:55:57    -2397.819707        0.060358
MDMin:  1654 09:55:59    -2397.819707        0.060011
MDMin:  1655 09:56:00    -2397.819707        0.059651
MDMin:  1656 09:56:02    -2397.819707        0.059279
MDMin:  1657 09:56:04    -2397.819707        0.058895
MDMin:  1658 09:56:06    -2397.819707        0.058497
MDMin:  1659 09:56:08    -2397.819707        0.058087
MDMin:  1660 09:56:10    -2397.819707        0.057664
MDMin:  1661 09:56:11    -2397.819708        0.057229
MDMin:  1662 09:56:13    -2397.819708        0.056781
MDMin:  1663 09:56:15    -2397.819708        0.056321
MDMin:  1664 09:56:16    -2397.819708        0.055849
MDMin:  1665 09:56:18    -2397.819708        0.055365
MDMin:  1666 09:56:20    -2397.819708        0.054869
MDMin:  1667 09:56:22    -2397.819708        0.054362
MDMin:  1668 09:56:23    -2397.819708        0.053843
MDMin:  1669 09:56:25    -2397.819708        0.053314
MDMin:  1670 09:56:27    -2397.819708        0.052774
MDMin:  1671 09:56:29    -2397.819708        0.052223
MDMin:  1672 09:56:31    -2397.819708        0.051663
MDMin:  1673 09:56:32    -2397.819708        0.051094
MDMin:  1674 09:56:33    -2397.819708        0.050517
MDMin:  1675 09:56:35    -2397.819708        0.049931
