       Step     Time          Energy          fmax
MDMin:    0 20:04:23    -2397.223759        0.127467
MDMin:    1 20:04:24    -2397.223759        0.127423
MDMin:    2 20:04:26    -2397.223759        0.127291
MDMin:    3 20:04:28    -2397.223759        0.127071
MDMin:    4 20:04:30    -2397.223758        0.126761
MDMin:    5 20:04:32    -2397.223758        0.126362
MDMin:    6 20:04:34    -2397.223757        0.125870
MDMin:    7 20:04:36    -2397.223756        0.125286
MDMin:    8 20:04:38    -2397.223755        0.124607
MDMin:    9 20:04:40    -2397.223754        0.123832
MDMin:   10 20:04:42    -2397.223752        0.122961
MDMin:   11 20:04:44    -2397.223750        0.121996
MDMin:   12 20:04:45    -2397.223749        0.120938
MDMin:   13 20:04:47    -2397.223747        0.119793
MDMin:   14 20:04:49    -2397.223744        0.118571
MDMin:   15 20:04:52    -2397.223742        0.117283
MDMin:   16 20:04:54    -2397.223740        0.115944
MDMin:   17 20:04:55    -2397.223737        0.114571
MDMin:   18 20:04:58    -2397.223734        0.113183
MDMin:   19 20:04:59    -2397.223732        0.111797
MDMin:   20 20:05:02    -2397.223729        0.110426
MDMin:   21 20:05:04    -2397.223726        0.109083
MDMin:   22 20:05:06    -2397.223723        0.107777
MDMin:   23 20:05:07    -2397.223720        0.106514
MDMin:   24 20:05:09    -2397.223717        0.117496
MDMin:   25 20:05:11    -2397.223715        0.131022
MDMin:   26 20:05:13    -2397.223712        0.144763
MDMin:   27 20:05:15    -2397.223709        0.158804
MDMin:   28 20:05:17    -2397.223706        0.173246
MDMin:   29 20:05:19    -2397.223703        0.188213
MDMin:   30 20:05:21    -2397.223700        0.203855
MDMin:   31 20:05:23    -2397.223697        0.220359
MDMin:   32 20:05:25    -2397.223694        0.237970
MDMin:   33 20:05:27    -2397.223692        0.257024
MDMin:   34 20:05:29    -2397.223689        0.278005
MDMin:   35 20:05:31    -2397.223686        0.301683
MDMin:   36 20:05:32    -2397.223683        0.329425
MDMin:   37 20:05:34    -2397.223680        0.364177
MDMin:   38 20:05:36    -2397.223678        0.415124
MDMin:   39 20:05:37    -2397.223675        0.589217
MDMin:   40 20:05:39    -2397.223673        0.599956
MDMin:   41 20:05:40    -2397.223671        0.600133
MDMin:   42 20:05:42    -2397.223669        0.596145
MDMin:   43 20:05:44    -2397.223667        0.589702
MDMin:   44 20:05:46    -2397.223665        0.581533
MDMin:   45 20:05:48    -2397.223662        0.572032
MDMin:   46 20:05:51    -2397.223659        0.561450
MDMin:   47 20:05:53    -2397.223656        0.549968
MDMin:   48 20:05:55    -2397.223653        0.537727
MDMin:   49 20:05:57    -2397.223650        0.524847
MDMin:   50 20:05:59    -2397.223647        0.511428
MDMin:   51 20:06:01    -2397.223643        0.497560
MDMin:   52 20:06:02    -2397.223640        0.483320
MDMin:   53 20:06:04    -2397.223636        0.468771
MDMin:   54 20:06:05    -2397.223632        0.453964
MDMin:   55 20:06:06    -2397.223628        0.438931
MDMin:   56 20:06:08    -2397.223623        0.423690
MDMin:   57 20:06:10    -2397.223619        0.408242
MDMin:   58 20:06:12    -2397.223614        0.392566
MDMin:   59 20:06:13    -2397.223609        0.376631
MDMin:   60 20:06:15    -2397.223604        0.360390
MDMin:   61 20:06:17    -2397.223598        0.343779
MDMin:   62 20:06:19    -2397.223592        0.326720
MDMin:   63 20:06:21    -2397.223587        0.309125
MDMin:   64 20:06:22    -2397.223580        0.290900
MDMin:   65 20:06:24    -2397.223574        0.271956
MDMin:   66 20:06:26    -2397.223567        0.252219
MDMin:   67 20:06:28    -2397.223560        0.231641
MDMin:   68 20:06:30    -2397.223553        0.210220
MDMin:   69 20:06:31    -2397.223545        0.188020
MDMin:   70 20:06:33    -2397.223537        0.165197
MDMin:   71 20:06:35    -2397.223528        0.142021
MDMin:   72 20:06:37    -2397.223519        0.118910
MDMin:   73 20:06:39    -2397.223509        0.100349
MDMin:   74 20:06:42    -2397.223499        0.096481
MDMin:   75 20:06:44    -2397.223488        0.092037
MDMin:   76 20:06:46    -2397.223476        0.087712
MDMin:   77 20:06:48    -2397.223465        0.083452
MDMin:   78 20:06:49    -2397.223452        0.078813
MDMin:   79 20:06:51    -2397.223440        0.076687
MDMin:   80 20:06:53    -2397.223427        0.074800
MDMin:   81 20:06:55    -2397.223414        0.072607
MDMin:   82 20:06:57    -2397.223401        0.070162
MDMin:   83 20:06:58    -2397.223388        0.067521
MDMin:   84 20:07:00    -2397.223375        0.064744
MDMin:   85 20:07:02    -2397.223362        0.061874
MDMin:   86 20:07:04    -2397.223348        0.058971
MDMin:   87 20:07:05    -2397.223335        0.056047
MDMin:   88 20:07:07    -2397.223321        0.053189
MDMin:   89 20:07:09    -2397.223307        0.050304
MDMin:   90 20:07:11    -2397.223293        0.053408
MDMin:   91 20:07:12    -2397.223283        0.227918
MDMin:   92 20:07:14    -2397.223283        0.224475
MDMin:   93 20:07:16    -2397.223283        0.214253
MDMin:   94 20:07:18    -2397.223283        0.197606
MDMin:   95 20:07:20    -2397.223283        0.175166
MDMin:   96 20:07:22    -2397.223283        0.147900
MDMin:   97 20:07:24    -2397.223282        0.117236
MDMin:   98 20:07:26    -2397.223282        0.085326
MDMin:   99 20:07:28    -2397.223281        0.055393
MDMin:  100 20:07:29    -2397.223280        0.046175
       Step     Time          Energy          fmax
MDMin:    0 22:37:55    -2397.223539        0.147538
MDMin:    1 22:37:56    -2397.223539        0.147441
MDMin:    2 22:37:58    -2397.223539        0.147150
MDMin:    3 22:38:00    -2397.223539        0.146667
MDMin:    4 22:38:02    -2397.223538        0.145995
MDMin:    5 22:38:04    -2397.223538        0.145135
MDMin:    6 22:38:06    -2397.223537        0.144095
MDMin:    7 22:38:07    -2397.223537        0.143347
MDMin:    8 22:38:08    -2397.223536        0.143129
MDMin:    9 22:38:10    -2397.223535        0.142868
MDMin:   10 22:38:11    -2397.223534        0.142560
MDMin:   11 22:38:13    -2397.223533        0.142202
MDMin:   12 22:38:15    -2397.223532        0.141787
MDMin:   13 22:38:16    -2397.223531        0.143438
MDMin:   14 22:38:18    -2397.223529        0.152064
MDMin:   15 22:38:20    -2397.223528        0.161030
MDMin:   16 22:38:21    -2397.223526        0.170275
MDMin:   17 22:38:23    -2397.223525        0.179744
MDMin:   18 22:38:25    -2397.223523        0.189382
MDMin:   19 22:38:27    -2397.223521        0.199142
MDMin:   20 22:38:28    -2397.223520        0.208981
MDMin:   21 22:38:29    -2397.223518        0.218863
MDMin:   22 22:38:31    -2397.223516        0.228760
MDMin:   23 22:38:33    -2397.223514        0.238651
MDMin:   24 22:38:34    -2397.223512        0.248525
MDMin:   25 22:38:36    -2397.223510        0.258379
MDMin:   26 22:38:38    -2397.223508        0.268218
MDMin:   27 22:38:40    -2397.223506        0.278060
MDMin:   28 22:38:41    -2397.223503        0.287930
MDMin:   29 22:38:42    -2397.223501        0.297869
MDMin:   30 22:38:44    -2397.223499        0.307932
MDMin:   31 22:38:46    -2397.223497        0.318192
MDMin:   32 22:38:48    -2397.223495        0.328751
MDMin:   33 22:38:49    -2397.223492        0.339750
MDMin:   34 22:38:50    -2397.223490        0.360776
MDMin:   35 22:38:52    -2397.223488        0.392926
MDMin:   36 22:38:54    -2397.223486        0.429637
MDMin:   37 22:38:56    -2397.223484        0.472279
MDMin:   38 22:38:57    -2397.223482        0.522995
MDMin:   39 22:39:00    -2397.223480        0.585579
MDMin:   40 22:39:01    -2397.223478        0.668219
MDMin:   41 22:39:03    -2397.223476        0.780171
MDMin:   42 22:39:05    -2397.223474        0.751829
MDMin:   43 22:39:06    -2397.223473        0.722583
MDMin:   44 22:39:07    -2397.223471        0.692686
MDMin:   45 22:39:09    -2397.223469        0.662019
MDMin:   46 22:39:11    -2397.223467        0.630551
MDMin:   47 22:39:13    -2397.223465        0.598294
MDMin:   48 22:39:15    -2397.223463        0.565259
MDMin:   49 22:39:17    -2397.223460        0.531438
MDMin:   50 22:39:19    -2397.223458        0.496787
MDMin:   51 22:39:21    -2397.223455        0.461224
MDMin:   52 22:39:23    -2397.223452        0.464202
MDMin:   53 22:39:25    -2397.223449        0.469917
MDMin:   54 22:39:27    -2397.223446        0.471022
MDMin:   55 22:39:28    -2397.223442        0.467100
MDMin:   56 22:39:30    -2397.223439        0.457731
MDMin:   57 22:39:32    -2397.223435        0.442488
MDMin:   58 22:39:34    -2397.223431        0.420924
MDMin:   59 22:39:36    -2397.223426        0.392586
MDMin:   60 22:39:39    -2397.223422        0.357077
MDMin:   61 22:39:41    -2397.223416        0.314266
MDMin:   62 22:39:43    -2397.223411        0.264878
MDMin:   63 22:39:45    -2397.223405        0.211772
MDMin:   64 22:39:46    -2397.223399        0.179033
MDMin:   65 22:39:48    -2397.223394        0.251782
MDMin:   66 22:39:49    -2397.223389        0.334945
MDMin:   67 22:39:52    -2397.223384        0.425960
MDMin:   68 22:39:54    -2397.223381        0.532443
MDMin:   69 22:39:56    -2397.223378        0.670990
MDMin:   70 22:39:58    -2397.223375        0.886260
MDMin:   71 22:39:59    -2397.223373        0.263669
MDMin:   72 22:40:01    -2397.223373        0.274919
MDMin:   73 22:40:02    -2397.223372        0.311223
MDMin:   74 22:40:04    -2397.223372        0.378183
MDMin:   75 22:40:06    -2397.223372        0.491289
MDMin:   76 22:40:07    -2397.223372        0.742962
MDMin:   77 22:40:09    -2397.223371        0.721771
MDMin:   78 22:40:11    -2397.223371        0.704800
MDMin:   79 22:40:13    -2397.223371        0.688290
MDMin:   80 22:40:15    -2397.223370        0.671347
MDMin:   81 22:40:16    -2397.223370        0.653610
MDMin:   82 22:40:18    -2397.223369        0.634894
MDMin:   83 22:40:19    -2397.223368        0.615093
MDMin:   84 22:40:21    -2397.223367        0.594146
MDMin:   85 22:40:22    -2397.223366        0.572021
MDMin:   86 22:40:24    -2397.223365        0.548707
MDMin:   87 22:40:26    -2397.223364        0.524209
MDMin:   88 22:40:27    -2397.223363        0.498543
MDMin:   89 22:40:29    -2397.223362        0.471733
MDMin:   90 22:40:31    -2397.223360        0.443801
MDMin:   91 22:40:32    -2397.223358        0.414768
MDMin:   92 22:40:34    -2397.223357        0.384643
MDMin:   93 22:40:36    -2397.223355        0.353416
MDMin:   94 22:40:38    -2397.223353        0.321056
MDMin:   95 22:40:40    -2397.223351        0.287506
MDMin:   96 22:40:42    -2397.223348        0.252677
MDMin:   97 22:40:44    -2397.223346        0.238042
MDMin:   98 22:40:47    -2397.223343        0.238077
MDMin:   99 22:40:49    -2397.223340        0.234544
MDMin:  100 22:40:50    -2397.223337        0.227164
MDMin:  101 22:40:52    -2397.223334        0.215766
MDMin:  102 22:40:54    -2397.223331        0.200393
MDMin:  103 22:40:56    -2397.223327        0.181505
MDMin:  104 22:40:58    -2397.223324        0.160275
MDMin:  105 22:41:00    -2397.223320        0.159551
MDMin:  106 22:41:02    -2397.223317        0.189669
MDMin:  107 22:41:04    -2397.223314        0.238333
MDMin:  108 22:41:06    -2397.223311        0.306758
MDMin:  109 22:41:08    -2397.223308        0.386523
MDMin:  110 22:41:10    -2397.223306        0.486064
MDMin:  111 22:41:12    -2397.223304        0.625436
MDMin:  112 22:41:13    -2397.223303        0.853098
MDMin:  113 22:41:15    -2397.223301        0.620523
MDMin:  114 22:41:16    -2397.223300        0.462960
MDMin:  115 22:41:18    -2397.223298        0.334704
MDMin:  116 22:41:20    -2397.223296        0.224406
MDMin:  117 22:41:22    -2397.223293        0.156783
MDMin:  118 22:41:24    -2397.223290        0.157009
MDMin:  119 22:41:26    -2397.223286        0.154476
MDMin:  120 22:41:28    -2397.223283        0.148464
MDMin:  121 22:41:30    -2397.223279        0.145477
MDMin:  122 22:41:31    -2397.223276        0.156307
MDMin:  123 22:41:33    -2397.223273        0.183786
MDMin:  124 22:41:35    -2397.223270        0.227275
MDMin:  125 22:41:36    -2397.223268        0.272336
MDMin:  126 22:41:38    -2397.223265        0.320925
MDMin:  127 22:41:40    -2397.223263        0.376775
MDMin:  128 22:41:42    -2397.223261        0.451616
MDMin:  129 22:41:43    -2397.223260        0.747440
MDMin:  130 22:41:45    -2397.223259        0.643392
MDMin:  131 22:41:47    -2397.223259        0.547529
MDMin:  132 22:41:49    -2397.223258        0.460402
MDMin:  133 22:41:51    -2397.223258        0.379597
MDMin:  134 22:41:53    -2397.223257        0.303743
MDMin:  135 22:41:54    -2397.223256        0.232213
MDMin:  136 22:41:56    -2397.223255        0.174451
MDMin:  137 22:41:57    -2397.223253        0.142031
MDMin:  138 22:41:59    -2397.223252        0.141222
MDMin:  139 22:42:01    -2397.223250        0.140154
MDMin:  140 22:42:04    -2397.223248        0.139028
MDMin:  141 22:42:05    -2397.223246        0.138020
MDMin:  142 22:42:07    -2397.223245        0.137209
MDMin:  143 22:42:09    -2397.223243        0.148737
MDMin:  144 22:42:11    -2397.223242        0.180924
MDMin:  145 22:42:13    -2397.223240        0.211692
MDMin:  146 22:42:15    -2397.223239        0.241632
MDMin:  147 22:42:18    -2397.223237        0.271374
MDMin:  148 22:42:20    -2397.223236        0.301670
MDMin:  149 22:42:22    -2397.223235        0.333657
MDMin:  150 22:42:24    -2397.223233        0.369720
MDMin:  151 22:42:26    -2397.223232        0.418672
MDMin:  152 22:42:28    -2397.223231        0.248164
MDMin:  153 22:42:30    -2397.223230        0.140804
MDMin:  154 22:42:32    -2397.223228        0.283139
MDMin:  155 22:42:34    -2397.223227        0.439625
MDMin:  156 22:42:35    -2397.223227        0.643493
MDMin:  157 22:42:37    -2397.223227        0.496716
MDMin:  158 22:42:39    -2397.223227        0.368459
MDMin:  159 22:42:41    -2397.223226        0.261731
MDMin:  160 22:42:42    -2397.223226        0.184474
MDMin:  161 22:42:43    -2397.223225        0.139744
MDMin:  162 22:42:46    -2397.223224        0.138978
MDMin:  163 22:42:47    -2397.223223        0.138203
MDMin:  164 22:42:49    -2397.223222        0.137572
MDMin:  165 22:42:51    -2397.223221        0.151267
MDMin:  166 22:42:53    -2397.223221        0.194259
MDMin:  167 22:42:54    -2397.223220        0.233326
MDMin:  168 22:42:56    -2397.223219        0.270007
MDMin:  169 22:42:57    -2397.223218        0.305924
MDMin:  170 22:42:59    -2397.223218        0.343805
MDMin:  171 22:43:00    -2397.223217        0.395312
MDMin:  172 22:43:02    -2397.223216        0.385061
MDMin:  173 22:43:03    -2397.223215        0.375278
MDMin:  174 22:43:04    -2397.223215        0.365281
MDMin:  175 22:43:06    -2397.223214        0.354961
MDMin:  176 22:43:08    -2397.223213        0.344341
MDMin:  177 22:43:10    -2397.223212        0.333500
MDMin:  178 22:43:12    -2397.223211        0.322536
MDMin:  179 22:43:14    -2397.223210        0.311554
MDMin:  180 22:43:15    -2397.223208        0.300655
MDMin:  181 22:43:17    -2397.223207        0.289931
MDMin:  182 22:43:18    -2397.223206        0.279465
MDMin:  183 22:43:20    -2397.223204        0.269331
MDMin:  184 22:43:21    -2397.223203        0.259598
MDMin:  185 22:43:23    -2397.223201        0.250330
MDMin:  186 22:43:25    -2397.223200        0.241591
MDMin:  187 22:43:27    -2397.223198        0.233443
MDMin:  188 22:43:28    -2397.223197        0.225950
MDMin:  189 22:43:31    -2397.223195        0.219173
MDMin:  190 22:43:33    -2397.223193        0.213169
MDMin:  191 22:43:35    -2397.223191        0.207990
MDMin:  192 22:43:36    -2397.223189        0.203672
MDMin:  193 22:43:37    -2397.223187        0.200237
MDMin:  194 22:43:39    -2397.223185        0.197685
MDMin:  195 22:43:40    -2397.223183        0.195988
MDMin:  196 22:43:41    -2397.223181        0.195088
MDMin:  197 22:43:43    -2397.223179        0.194894
MDMin:  198 22:43:44    -2397.223177        0.195280
MDMin:  199 22:43:46    -2397.223175        0.196091
MDMin:  200 22:43:47    -2397.223173        0.197147
MDMin:  201 22:43:48    -2397.223170        0.198253
MDMin:  202 22:43:49    -2397.223168        0.199214
MDMin:  203 22:43:51    -2397.223166        0.202200
MDMin:  204 22:43:52    -2397.223164        0.208442
MDMin:  205 22:43:54    -2397.223162        0.214168
MDMin:  206 22:43:55    -2397.223159        0.219186
MDMin:  207 22:43:56    -2397.223157        0.223330
MDMin:  208 22:43:58    -2397.223155        0.226461
MDMin:  209 22:43:59    -2397.223152        0.228475
MDMin:  210 22:44:01    -2397.223150        0.229312
MDMin:  211 22:44:03    -2397.223147        0.228951
MDMin:  212 22:44:05    -2397.223145        0.227412
MDMin:  213 22:44:06    -2397.223142        0.224754
MDMin:  214 22:44:08    -2397.223140        0.221068
MDMin:  215 22:44:10    -2397.223137        0.216474
MDMin:  216 22:44:12    -2397.223134        0.211116
MDMin:  217 22:44:14    -2397.223131        0.205153
MDMin:  218 22:44:17    -2397.223128        0.198757
MDMin:  219 22:44:19    -2397.223125        0.192099
MDMin:  220 22:44:20    -2397.223122        0.185348
MDMin:  221 22:44:22    -2397.223118        0.178662
MDMin:  222 22:44:24    -2397.223115        0.172181
MDMin:  223 22:44:26    -2397.223112        0.166021
MDMin:  224 22:44:27    -2397.223108        0.160274
MDMin:  225 22:44:29    -2397.223104        0.155001
MDMin:  226 22:44:30    -2397.223100        0.150235
MDMin:  227 22:44:31    -2397.223096        0.145982
MDMin:  228 22:44:32    -2397.223092        0.142224
MDMin:  229 22:44:33    -2397.223088        0.138921
MDMin:  230 22:44:35    -2397.223084        0.136020
MDMin:  231 22:44:38    -2397.223080        0.133455
MDMin:  232 22:44:40    -2397.223076        0.131152
MDMin:  233 22:44:42    -2397.223071        0.130118
MDMin:  234 22:44:44    -2397.223067        0.130362
MDMin:  235 22:44:46    -2397.223063        0.131043
MDMin:  236 22:44:48    -2397.223058        0.132141
MDMin:  237 22:44:50    -2397.223054        0.133622
MDMin:  238 22:44:52    -2397.223049        0.135449
MDMin:  239 22:44:54    -2397.223045        0.137581
MDMin:  240 22:44:56    -2397.223040        0.139974
MDMin:  241 22:44:58    -2397.223036        0.142586
MDMin:  242 22:45:00    -2397.223031        0.145375
MDMin:  243 22:45:02    -2397.223027        0.148303
MDMin:  244 22:45:04    -2397.223022        0.151333
MDMin:  245 22:45:06    -2397.223017        0.154419
MDMin:  246 22:45:08    -2397.223013        0.157307
MDMin:  247 22:45:10    -2397.223011        0.158657
MDMin:  248 22:45:12    -2397.223011        0.158952
MDMin:  249 22:45:14    -2397.223010        0.159307
MDMin:  250 22:45:16    -2397.223010        0.159701
MDMin:  251 22:45:18    -2397.223009        0.160122
MDMin:  252 22:45:21    -2397.223009        0.160565
MDMin:  253 22:45:22    -2397.223008        0.161031
MDMin:  254 22:45:24    -2397.223007        0.161520
MDMin:  255 22:45:26    -2397.223007        0.162030
MDMin:  256 22:45:29    -2397.223006        0.162563
MDMin:  257 22:45:31    -2397.223005        0.163118
MDMin:  258 22:45:33    -2397.223004        0.163696
MDMin:  259 22:45:35    -2397.223003        0.164297
MDMin:  260 22:45:36    -2397.223003        0.164921
MDMin:  261 22:45:38    -2397.223002        0.165568
MDMin:  262 22:45:39    -2397.223001        0.166240
MDMin:  263 22:45:41    -2397.223000        0.166935
MDMin:  264 22:45:43    -2397.222999        0.167657
MDMin:  265 22:45:45    -2397.222998        0.168404
MDMin:  266 22:45:47    -2397.222997        0.169178
MDMin:  267 22:45:48    -2397.222996        0.169979
MDMin:  268 22:45:49    -2397.222995        0.170810
MDMin:  269 22:45:51    -2397.222994        0.171672
MDMin:  270 22:45:53    -2397.222992        0.172566
MDMin:  271 22:45:54    -2397.222991        0.173494
MDMin:  272 22:45:55    -2397.222990        0.174458
MDMin:  273 22:45:57    -2397.222989        0.175462
MDMin:  274 22:45:59    -2397.222988        0.176508
MDMin:  275 22:46:00    -2397.222986        0.177599
MDMin:  276 22:46:02    -2397.222985        0.178739
MDMin:  277 22:46:04    -2397.222984        0.179932
MDMin:  278 22:46:06    -2397.222983        0.181183
MDMin:  279 22:46:08    -2397.222981        0.182497
MDMin:  280 22:46:10    -2397.222980        0.183880
MDMin:  281 22:46:12    -2397.222978        0.185338
MDMin:  282 22:46:14    -2397.222977        0.186878
MDMin:  283 22:46:16    -2397.222976        0.188507
MDMin:  284 22:46:18    -2397.222974        0.190234
MDMin:  285 22:46:21    -2397.222973        0.192066
MDMin:  286 22:46:23    -2397.222971        0.194012
MDMin:  287 22:46:25    -2397.222970        0.196081
MDMin:  288 22:46:27    -2397.222968        0.198281
MDMin:  289 22:46:29    -2397.222966        0.200621
MDMin:  290 22:46:30    -2397.222965        0.203108
MDMin:  291 22:46:32    -2397.222963        0.205748
MDMin:  292 22:46:34    -2397.222962        0.208547
MDMin:  293 22:46:36    -2397.222960        0.211506
MDMin:  294 22:46:38    -2397.222959        0.214624
MDMin:  295 22:46:40    -2397.222957        0.217899
MDMin:  296 22:46:42    -2397.222955        0.221321
MDMin:  297 22:46:44    -2397.222954        0.224877
MDMin:  298 22:46:46    -2397.222952        0.228549
MDMin:  299 22:46:48    -2397.222950        0.232314
MDMin:  300 22:46:50    -2397.222949        0.236141
MDMin:  301 22:46:52    -2397.222947        0.239996
MDMin:  302 22:46:55    -2397.222946        0.243839
MDMin:  303 22:46:56    -2397.222944        0.247628
MDMin:  304 22:46:58    -2397.222942        0.251316
MDMin:  305 22:47:00    -2397.222941        0.254855
MDMin:  306 22:47:02    -2397.222939        0.258199
MDMin:  307 22:47:04    -2397.222937        0.261303
MDMin:  308 22:47:07    -2397.222936        0.264126
MDMin:  309 22:47:09    -2397.222934        0.266632
MDMin:  310 22:47:11    -2397.222932        0.268790
MDMin:  311 22:47:13    -2397.222931        0.270580
MDMin:  312 22:47:15    -2397.222929        0.271986
MDMin:  313 22:47:17    -2397.222927        0.273001
MDMin:  314 22:47:19    -2397.222925        0.273628
MDMin:  315 22:47:21    -2397.222924        0.273875
MDMin:  316 22:47:24    -2397.222922        0.273758
MDMin:  317 22:47:26    -2397.222920        0.273298
MDMin:  318 22:47:28    -2397.222918        0.272519
MDMin:  319 22:47:30    -2397.222916        0.271452
MDMin:  320 22:47:32    -2397.222915        0.270126
MDMin:  321 22:47:34    -2397.222913        0.268574
MDMin:  322 22:47:36    -2397.222911        0.266827
MDMin:  323 22:47:39    -2397.222909        0.264918
MDMin:  324 22:47:41    -2397.222907        0.262874
MDMin:  325 22:47:42    -2397.222905        0.260725
MDMin:  326 22:47:44    -2397.222903        0.258493
MDMin:  327 22:47:46    -2397.222900        0.256200
MDMin:  328 22:47:48    -2397.222898        0.253863
MDMin:  329 22:47:50    -2397.222896        0.251491
MDMin:  330 22:47:51    -2397.222894        0.249098
MDMin:  331 22:47:53    -2397.222892        0.246692
MDMin:  332 22:47:54    -2397.222889        0.244279
MDMin:  333 22:47:56    -2397.222887        0.241863
MDMin:  334 22:47:58    -2397.222884        0.239444
MDMin:  335 22:48:00    -2397.222882        0.237020
MDMin:  336 22:48:02    -2397.222879        0.234589
MDMin:  337 22:48:03    -2397.222877        0.232144
MDMin:  338 22:48:05    -2397.222874        0.229677
MDMin:  339 22:48:07    -2397.222871        0.227174
MDMin:  340 22:48:09    -2397.222869        0.224622
MDMin:  341 22:48:10    -2397.222866        0.221997
MDMin:  342 22:48:12    -2397.222863        0.219272
MDMin:  343 22:48:14    -2397.222860        0.216411
MDMin:  344 22:48:16    -2397.222857        0.213367
MDMin:  345 22:48:18    -2397.222854        0.210083
MDMin:  346 22:48:20    -2397.222851        0.206489
MDMin:  347 22:48:22    -2397.222848        0.202504
MDMin:  348 22:48:24    -2397.222845        0.198031
MDMin:  349 22:48:25    -2397.222842        0.192965
MDMin:  350 22:48:27    -2397.222838        0.187190
MDMin:  351 22:48:29    -2397.222835        0.180587
MDMin:  352 22:48:31    -2397.222831        0.173065
MDMin:  353 22:48:33    -2397.222827        0.164954
MDMin:  354 22:48:34    -2397.222826        0.160401
MDMin:  355 22:48:36    -2397.222825        0.160343
MDMin:  356 22:48:38    -2397.222825        0.160226
MDMin:  357 22:48:40    -2397.222825        0.160050
MDMin:  358 22:48:41    -2397.222825        0.159806
MDMin:  359 22:48:43    -2397.222825        0.159490
MDMin:  360 22:48:45    -2397.222825        0.159092
MDMin:  361 22:48:48    -2397.222825        0.158608
MDMin:  362 22:48:49    -2397.222825        0.158037
MDMin:  363 22:48:51    -2397.222824        0.157384
MDMin:  364 22:48:53    -2397.222824        0.156656
MDMin:  365 22:48:54    -2397.222824        0.155857
MDMin:  366 22:48:56    -2397.222823        0.154991
MDMin:  367 22:48:58    -2397.222823        0.154056
MDMin:  368 22:49:00    -2397.222823        0.153053
MDMin:  369 22:49:02    -2397.222822        0.151980
MDMin:  370 22:49:04    -2397.222822        0.150836
MDMin:  371 22:49:06    -2397.222821        0.149618
MDMin:  372 22:49:08    -2397.222821        0.148326
MDMin:  373 22:49:10    -2397.222820        0.146957
MDMin:  374 22:49:12    -2397.222820        0.145509
MDMin:  375 22:49:14    -2397.222819        0.143981
MDMin:  376 22:49:16    -2397.222818        0.142371
MDMin:  377 22:49:18    -2397.222818        0.140676
MDMin:  378 22:49:20    -2397.222817        0.138895
MDMin:  379 22:49:21    -2397.222816        0.137026
MDMin:  380 22:49:23    -2397.222816        0.135067
MDMin:  381 22:49:25    -2397.222815        0.133016
MDMin:  382 22:49:28    -2397.222814        0.130871
MDMin:  383 22:49:30    -2397.222813        0.128631
MDMin:  384 22:49:32    -2397.222812        0.126294
MDMin:  385 22:49:34    -2397.222811        0.123859
MDMin:  386 22:49:35    -2397.222810        0.121324
MDMin:  387 22:49:37    -2397.222810        0.118689
MDMin:  388 22:49:39    -2397.222808        0.115953
MDMin:  389 22:49:41    -2397.222807        0.113115
MDMin:  390 22:49:43    -2397.222806        0.110176
MDMin:  391 22:49:45    -2397.222805        0.107135
MDMin:  392 22:49:47    -2397.222804        0.103995
MDMin:  393 22:49:49    -2397.222803        0.100755
MDMin:  394 22:49:51    -2397.222801        0.097418
MDMin:  395 22:49:53    -2397.222800        0.093987
MDMin:  396 22:49:54    -2397.222799        0.090465
MDMin:  397 22:49:56    -2397.222797        0.086857
MDMin:  398 22:49:58    -2397.222796        0.083168
MDMin:  399 22:49:59    -2397.222794        0.079404
MDMin:  400 22:50:01    -2397.222793        0.075573
MDMin:  401 22:50:02    -2397.222791        0.071685
MDMin:  402 22:50:03    -2397.222789        0.067751
MDMin:  403 22:50:05    -2397.222787        0.063784
MDMin:  404 22:50:06    -2397.222785        0.059799
MDMin:  405 22:50:08    -2397.222783        0.055812
MDMin:  406 22:50:10    -2397.222781        0.051844
MDMin:  407 22:50:12    -2397.222779        0.047917
       Step     Time          Energy          fmax
MDMin:    0 08:03:18    -2397.223738        0.139208
MDMin:    1 08:03:20    -2397.223738        0.139097
MDMin:    2 08:03:22    -2397.223738        0.138765
MDMin:    3 08:03:24    -2397.223738        0.138211
MDMin:    4 08:03:26    -2397.223737        0.137435
MDMin:    5 08:03:28    -2397.223737        0.136438
MDMin:    6 08:03:30    -2397.223736        0.135219
MDMin:    7 08:03:31    -2397.223735        0.133779
MDMin:    8 08:03:33    -2397.223734        0.132119
MDMin:    9 08:03:35    -2397.223732        0.130238
MDMin:   10 08:03:36    -2397.223731        0.128138
MDMin:   11 08:03:38    -2397.223730        0.125821
MDMin:   12 08:03:40    -2397.223728        0.123289
MDMin:   13 08:03:41    -2397.223726        0.120544
MDMin:   14 08:03:43    -2397.223724        0.117591
MDMin:   15 08:03:45    -2397.223722        0.114434
MDMin:   16 08:03:46    -2397.223720        0.111080
MDMin:   17 08:03:48    -2397.223717        0.107535
MDMin:   18 08:03:49    -2397.223715        0.103809
MDMin:   19 08:03:50    -2397.223712        0.099913
MDMin:   20 08:03:52    -2397.223709        0.095859
MDMin:   21 08:03:53    -2397.223706        0.091661
MDMin:   22 08:03:54    -2397.223703        0.087337
MDMin:   23 08:03:55    -2397.223699        0.082904
MDMin:   24 08:03:57    -2397.223696        0.078384
MDMin:   25 08:03:58    -2397.223692        0.078246
MDMin:   26 08:04:00    -2397.223688        0.078958
MDMin:   27 08:04:01    -2397.223684        0.079616
MDMin:   28 08:04:02    -2397.223680        0.080214
MDMin:   29 08:04:04    -2397.223676        0.080749
MDMin:   30 08:04:06    -2397.223671        0.081215
MDMin:   31 08:04:08    -2397.223667        0.081611
MDMin:   32 08:04:09    -2397.223662        0.081934
MDMin:   33 08:04:11    -2397.223657        0.082183
MDMin:   34 08:04:12    -2397.223652        0.082357
MDMin:   35 08:04:14    -2397.223647        0.082459
MDMin:   36 08:04:16    -2397.223642        0.082488
MDMin:   37 08:04:17    -2397.223637        0.082446
MDMin:   38 08:04:19    -2397.223631        0.082337
MDMin:   39 08:04:20    -2397.223626        0.082162
MDMin:   40 08:04:21    -2397.223620        0.081925
MDMin:   41 08:04:23    -2397.223614        0.081630
MDMin:   42 08:04:24    -2397.223609        0.081281
MDMin:   43 08:04:25    -2397.223603        0.080881
MDMin:   44 08:04:26    -2397.223597        0.080435
MDMin:   45 08:04:28    -2397.223591        0.079947
MDMin:   46 08:04:29    -2397.223584        0.079421
MDMin:   47 08:04:31    -2397.223578        0.078863
MDMin:   48 08:04:33    -2397.223572        0.078276
MDMin:   49 08:04:34    -2397.223566        0.077667
MDMin:   50 08:04:35    -2397.223559        0.077040
MDMin:   51 08:04:36    -2397.223553        0.076401
MDMin:   52 08:04:38    -2397.223546        0.075755
MDMin:   53 08:04:39    -2397.223540        0.075110
MDMin:   54 08:04:40    -2397.223533        0.074937
MDMin:   55 08:04:41    -2397.223527        0.076694
MDMin:   56 08:04:42    -2397.223520        0.078426
MDMin:   57 08:04:44    -2397.223514        0.080104
MDMin:   58 08:04:45    -2397.223507        0.081702
MDMin:   59 08:04:46    -2397.223501        0.083190
MDMin:   60 08:04:47    -2397.223494        0.084538
MDMin:   61 08:04:48    -2397.223487        0.085718
MDMin:   62 08:04:50    -2397.223481        0.086702
MDMin:   63 08:04:52    -2397.223474        0.087463
MDMin:   64 08:04:53    -2397.223468        0.087978
MDMin:   65 08:04:54    -2397.223461        0.088223
MDMin:   66 08:04:55    -2397.223454        0.088182
MDMin:   67 08:04:57    -2397.223448        0.087838
MDMin:   68 08:04:59    -2397.223441        0.087182
MDMin:   69 08:05:01    -2397.223435        0.086205
MDMin:   70 08:05:02    -2397.223428        0.084908
MDMin:   71 08:05:03    -2397.223422        0.083293
MDMin:   72 08:05:05    -2397.223415        0.081368
MDMin:   73 08:05:06    -2397.223408        0.079147
MDMin:   74 08:05:07    -2397.223402        0.076649
MDMin:   75 08:05:09    -2397.223395        0.073899
MDMin:   76 08:05:10    -2397.223388        0.070924
MDMin:   77 08:05:11    -2397.223381        0.067758
MDMin:   78 08:05:13    -2397.223375        0.064438
MDMin:   79 08:05:15    -2397.223368        0.061003
MDMin:   80 08:05:17    -2397.223361        0.058839
MDMin:   81 08:05:19    -2397.223354        0.058107
MDMin:   82 08:05:21    -2397.223347        0.057207
MDMin:   83 08:05:23    -2397.223339        0.056149
MDMin:   84 08:05:24    -2397.223332        0.054946
MDMin:   85 08:05:26    -2397.223325        0.053613
MDMin:   86 08:05:28    -2397.223318        0.052168
MDMin:   87 08:05:30    -2397.223310        0.050627
MDMin:   88 08:05:32    -2397.223303        0.049256
