       Step     Time          Energy          fmax
MDMin:    0 22:54:07    -2397.756365        0.147918
MDMin:    1 22:54:08    -2397.756359        0.147881
MDMin:    2 22:54:10    -2397.756342        0.147771
MDMin:    3 22:54:11    -2397.756313        0.147586
MDMin:    4 22:54:13    -2397.756273        0.147328
MDMin:    5 22:54:15    -2397.756222        0.146996
MDMin:    6 22:54:16    -2397.756160        0.146592
MDMin:    7 22:54:18    -2397.756086        0.146114
MDMin:    8 22:54:19    -2397.756001        0.145905
MDMin:    9 22:54:20    -2397.755906        0.145727
MDMin:   10 22:54:21    -2397.755800        0.145531
MDMin:   11 22:54:23    -2397.755683        0.145315
MDMin:   12 22:54:24    -2397.755556        0.145082
MDMin:   13 22:54:25    -2397.755419        0.144832
MDMin:   14 22:54:27    -2397.755272        0.144564
MDMin:   15 22:54:29    -2397.755116        0.144281
MDMin:   16 22:54:31    -2397.754951        0.143983
MDMin:   17 22:54:32    -2397.754777        0.143671
MDMin:   18 22:54:33    -2397.754594        0.143345
MDMin:   19 22:54:35    -2397.754404        0.143007
MDMin:   20 22:54:37    -2397.754206        0.142658
MDMin:   21 22:54:39    -2397.754001        0.142300
MDMin:   22 22:54:41    -2397.753789        0.141933
MDMin:   23 22:54:43    -2397.753571        0.141559
MDMin:   24 22:54:45    -2397.753348        0.141181
MDMin:   25 22:54:47    -2397.753120        0.140798
MDMin:   26 22:54:49    -2397.752887        0.140415
MDMin:   27 22:54:51    -2397.752651        0.140032
MDMin:   28 22:54:53    -2397.752411        0.139651
MDMin:   29 22:54:54    -2397.752170        0.139276
MDMin:   30 22:54:56    -2397.751926        0.138908
MDMin:   31 22:54:58    -2397.751681        0.138550
MDMin:   32 22:55:00    -2397.751436        0.138205
MDMin:   33 22:55:02    -2397.751191        0.137875
MDMin:   34 22:55:03    -2397.750946        0.137564
MDMin:   35 22:55:05    -2397.750703        0.137276
MDMin:   36 22:55:06    -2397.750463        0.137012
MDMin:   37 22:55:07    -2397.750225        0.136778
MDMin:   38 22:55:09    -2397.749990        0.136577
MDMin:   39 22:55:10    -2397.749760        0.136414
MDMin:   40 22:55:11    -2397.749534        0.136291
MDMin:   41 22:55:12    -2397.749313        0.136215
MDMin:   42 22:55:14    -2397.749098        0.136190
MDMin:   43 22:55:15    -2397.748888        0.136221
MDMin:   44 22:55:16    -2397.748686        0.136314
MDMin:   45 22:55:17    -2397.748491        0.136474
MDMin:   46 22:55:19    -2397.748303        0.136707
MDMin:   47 22:55:21    -2397.748123        0.137020
MDMin:   48 22:55:23    -2397.747951        0.137420
MDMin:   49 22:55:24    -2397.747787        0.137914
MDMin:   50 22:55:26    -2397.747631        0.138509
MDMin:   51 22:55:27    -2397.747485        0.139214
MDMin:   52 22:55:28    -2397.747347        0.140035
MDMin:   53 22:55:30    -2397.747217        0.140983
MDMin:   54 22:55:32    -2397.747097        0.142066
MDMin:   55 22:55:33    -2397.746985        0.143293
MDMin:   56 22:55:35    -2397.746882        0.144673
MDMin:   57 22:55:36    -2397.746787        0.146216
MDMin:   58 22:55:38    -2397.746701        0.147931
MDMin:   59 22:55:40    -2397.746622        0.149826
MDMin:   60 22:55:41    -2397.746551        0.151912
MDMin:   61 22:55:43    -2397.746488        0.154195
MDMin:   62 22:55:44    -2397.746431        0.156684
MDMin:   63 22:55:45    -2397.746382        0.159384
MDMin:   64 22:55:47    -2397.746338        0.162301
MDMin:   65 22:55:48    -2397.746301        0.165438
MDMin:   66 22:55:49    -2397.746269        0.168795
MDMin:   67 22:55:51    -2397.746242        0.172372
MDMin:   68 22:55:52    -2397.746220        0.176163
MDMin:   69 22:55:53    -2397.746202        0.180163
MDMin:   70 22:55:54    -2397.746189        0.184358
MDMin:   71 22:55:56    -2397.746178        0.188735
MDMin:   72 22:55:57    -2397.746171        0.193274
MDMin:   73 22:55:58    -2397.746167        0.197953
MDMin:   74 22:56:00    -2397.746166        0.202743
MDMin:   75 22:56:01    -2397.746167        0.207616
MDMin:   76 22:56:02    -2397.746169        0.212535
MDMin:   77 22:56:03    -2397.746174        0.217463
MDMin:   78 22:56:05    -2397.746180        0.222360
MDMin:   79 22:56:06    -2397.746187        0.227181
MDMin:   80 22:56:07    -2397.746196        0.231880
MDMin:   81 22:56:08    -2397.746206        0.236406
MDMin:   82 22:56:10    -2397.746216        0.240707
MDMin:   83 22:56:11    -2397.746227        0.244727
MDMin:   84 22:56:12    -2397.746239        0.248402
MDMin:   85 22:56:14    -2397.746252        0.251668
MDMin:   86 22:56:15    -2397.746265        0.254448
MDMin:   87 22:56:16    -2397.746278        0.256662
MDMin:   88 22:56:17    -2397.746292        0.258222
MDMin:   89 22:56:19    -2397.746306        0.259037
MDMin:   90 22:56:20    -2397.746320        0.259015
MDMin:   91 22:56:21    -2397.746334        0.258071
MDMin:   92 22:56:23    -2397.746349        0.256130
MDMin:   93 22:56:24    -2397.746364        0.253140
MDMin:   94 22:56:25    -2397.746379        0.249079
MDMin:   95 22:56:26    -2397.746394        0.243962
MDMin:   96 22:56:28    -2397.746409        0.237847
MDMin:   97 22:56:29    -2397.746424        0.230833
MDMin:   98 22:56:30    -2397.746440        0.223058
MDMin:   99 22:56:32    -2397.746455        0.214685
MDMin:  100 22:56:34    -2397.746471        0.205894
MDMin:  101 22:56:36    -2397.746486        0.196862
MDMin:  102 22:56:38    -2397.746502        0.187755
MDMin:  103 22:56:40    -2397.746518        0.178714
MDMin:  104 22:56:42    -2397.746533        0.169847
MDMin:  105 22:56:44    -2397.746549        0.161243
MDMin:  106 22:56:46    -2397.746565        0.152938
MDMin:  107 22:56:47    -2397.746581        0.145000
MDMin:  108 22:56:49    -2397.746597        0.137412
MDMin:  109 22:56:51    -2397.746612        0.167567
MDMin:  110 22:56:52    -2397.746624        0.213540
MDMin:  111 22:56:54    -2397.746630        0.134161
MDMin:  112 22:56:55    -2397.746635        0.123265
MDMin:  113 22:56:57    -2397.746639        0.122675
MDMin:  114 22:56:58    -2397.746644        0.122103
MDMin:  115 22:57:00    -2397.746650        0.121519
MDMin:  116 22:57:02    -2397.746655        0.120923
MDMin:  117 22:57:04    -2397.746660        0.120317
MDMin:  118 22:57:06    -2397.746665        0.119701
MDMin:  119 22:57:08    -2397.746671        0.119075
MDMin:  120 22:57:10    -2397.746676        0.118439
MDMin:  121 22:57:12    -2397.746682        0.117795
MDMin:  122 22:57:13    -2397.746688        0.117142
MDMin:  123 22:57:15    -2397.746694        0.116481
MDMin:  124 22:57:16    -2397.746700        0.115812
MDMin:  125 22:57:18    -2397.746706        0.115135
MDMin:  126 22:57:20    -2397.746712        0.114451
MDMin:  127 22:57:22    -2397.746718        0.113761
MDMin:  128 22:57:23    -2397.746724        0.113064
MDMin:  129 22:57:24    -2397.746731        0.112360
MDMin:  130 22:57:26    -2397.746737        0.111651
MDMin:  131 22:57:27    -2397.746744        0.110935
MDMin:  132 22:57:28    -2397.746750        0.110214
MDMin:  133 22:57:29    -2397.746757        0.109487
MDMin:  134 22:57:31    -2397.746764        0.108755
MDMin:  135 22:57:32    -2397.746771        0.108017
MDMin:  136 22:57:33    -2397.746778        0.107274
MDMin:  137 22:57:35    -2397.746785        0.106525
MDMin:  138 22:57:36    -2397.746792        0.105771
MDMin:  139 22:57:37    -2397.746799        0.105011
MDMin:  140 22:57:39    -2397.746806        0.104245
MDMin:  141 22:57:40    -2397.746813        0.103473
MDMin:  142 22:57:41    -2397.746820        0.102695
MDMin:  143 22:57:42    -2397.746827        0.101909
MDMin:  144 22:57:44    -2397.746835        0.101116
MDMin:  145 22:57:46    -2397.746842        0.100314
MDMin:  146 22:57:48    -2397.746849        0.099503
MDMin:  147 22:57:50    -2397.746857        0.098682
MDMin:  148 22:57:52    -2397.746864        0.097851
MDMin:  149 22:57:54    -2397.746872        0.097006
MDMin:  150 22:57:56    -2397.746879        0.096149
MDMin:  151 22:57:58    -2397.746887        0.095276
MDMin:  152 22:58:00    -2397.746894        0.094386
MDMin:  153 22:58:01    -2397.746902        0.093479
MDMin:  154 22:58:03    -2397.746909        0.092550
MDMin:  155 22:58:04    -2397.746917        0.091600
MDMin:  156 22:58:05    -2397.746925        0.090626
MDMin:  157 22:58:07    -2397.746932        0.089625
MDMin:  158 22:58:09    -2397.746940        0.088595
MDMin:  159 22:58:11    -2397.746947        0.087535
MDMin:  160 22:58:12    -2397.746955        0.086441
MDMin:  161 22:58:14    -2397.746963        0.085312
MDMin:  162 22:58:16    -2397.746970        0.084145
MDMin:  163 22:58:17    -2397.746978        0.082938
MDMin:  164 22:58:18    -2397.746985        0.081692
MDMin:  165 22:58:20    -2397.746993        0.080397
MDMin:  166 22:58:21    -2397.747000        0.079067
MDMin:  167 22:58:24    -2397.747008        0.077674
MDMin:  168 22:58:26    -2397.747015        0.076278
MDMin:  169 22:58:27    -2397.747023        0.088096
MDMin:  170 22:58:28    -2397.747028        0.138866
MDMin:  171 22:58:30    -2397.747031        0.076746
MDMin:  172 22:58:31    -2397.747033        0.074588
MDMin:  173 22:58:33    -2397.747035        0.074564
MDMin:  174 22:58:34    -2397.747037        0.074477
MDMin:  175 22:58:35    -2397.747039        0.074391
MDMin:  176 22:58:37    -2397.747041        0.074304
MDMin:  177 22:58:38    -2397.747043        0.074215
MDMin:  178 22:58:40    -2397.747045        0.074124
MDMin:  179 22:58:42    -2397.747048        0.074032
MDMin:  180 22:58:43    -2397.747050        0.073939
MDMin:  181 22:58:45    -2397.747052        0.073844
MDMin:  182 22:58:46    -2397.747055        0.073748
MDMin:  183 22:58:48    -2397.747057        0.073650
MDMin:  184 22:58:49    -2397.747059        0.073550
MDMin:  185 22:58:51    -2397.747062        0.073449
MDMin:  186 22:58:52    -2397.747064        0.073347
MDMin:  187 22:58:54    -2397.747067        0.073243
MDMin:  188 22:58:56    -2397.747070        0.073137
MDMin:  189 22:58:57    -2397.747072        0.073030
MDMin:  190 22:58:59    -2397.747075        0.072922
MDMin:  191 22:59:00    -2397.747078        0.072811
MDMin:  192 22:59:02    -2397.747080        0.072700
MDMin:  193 22:59:03    -2397.747083        0.072586
MDMin:  194 22:59:04    -2397.747086        0.072471
MDMin:  195 22:59:05    -2397.747089        0.072354
MDMin:  196 22:59:07    -2397.747092        0.072235
MDMin:  197 22:59:09    -2397.747095        0.072114
MDMin:  198 22:59:11    -2397.747097        0.071991
MDMin:  199 22:59:13    -2397.747100        0.071867
MDMin:  200 22:59:14    -2397.747103        0.071740
MDMin:  201 22:59:15    -2397.747106        0.071610
MDMin:  202 22:59:16    -2397.747109        0.071479
MDMin:  203 22:59:18    -2397.747112        0.071345
MDMin:  204 22:59:20    -2397.747115        0.071209
MDMin:  205 22:59:22    -2397.747118        0.071070
MDMin:  206 22:59:24    -2397.747122        0.070928
MDMin:  207 22:59:26    -2397.747125        0.070784
MDMin:  208 22:59:27    -2397.747128        0.070636
MDMin:  209 22:59:28    -2397.747131        0.070484
MDMin:  210 22:59:30    -2397.747134        0.070328
MDMin:  211 22:59:32    -2397.747137        0.070168
MDMin:  212 22:59:34    -2397.747140        0.070005
MDMin:  213 22:59:36    -2397.747144        0.069837
MDMin:  214 22:59:38    -2397.747147        0.069665
MDMin:  215 22:59:40    -2397.747150        0.069488
MDMin:  216 22:59:42    -2397.747153        0.069307
MDMin:  217 22:59:44    -2397.747157        0.069121
MDMin:  218 22:59:46    -2397.747160        0.068931
MDMin:  219 22:59:48    -2397.747163        0.068735
MDMin:  220 22:59:49    -2397.747166        0.068537
MDMin:  221 22:59:50    -2397.747170        0.068328
MDMin:  222 22:59:51    -2397.747173        0.068124
MDMin:  223 22:59:53    -2397.747176        0.067897
MDMin:  224 22:59:54    -2397.747180        0.067697
MDMin:  225 22:59:55    -2397.747183        0.067431
MDMin:  226 22:59:56    -2397.747186        0.067276
MDMin:  227 22:59:58    -2397.747189        0.066888
MDMin:  228 23:00:00    -2397.747193        0.066949
MDMin:  229 23:00:03    -2397.747196        0.066088
MDMin:  230 23:00:04    -2397.747199        0.067176
MDMin:  231 23:00:06    -2397.747203        0.064362
MDMin:  232 23:00:08    -2397.747206        0.071061
MDMin:  233 23:00:10    -2397.747209        0.063530
MDMin:  234 23:00:12    -2397.747212        0.095045
MDMin:  235 23:00:14    -2397.747213        0.066222
MDMin:  236 23:00:16    -2397.747215        0.067132
MDMin:  237 23:00:17    -2397.747216        0.064577
MDMin:  238 23:00:18    -2397.747217        0.064789
MDMin:  239 23:00:20    -2397.747218        0.064624
MDMin:  240 23:00:22    -2397.747219        0.064526
MDMin:  241 23:00:23    -2397.747220        0.064410
MDMin:  242 23:00:25    -2397.747221        0.064295
MDMin:  243 23:00:26    -2397.747223        0.064175
MDMin:  244 23:00:29    -2397.747224        0.064053
MDMin:  245 23:00:30    -2397.747225        0.063928
MDMin:  246 23:00:32    -2397.747226        0.063799
MDMin:  247 23:00:33    -2397.747228        0.063667
MDMin:  248 23:00:34    -2397.747229        0.063532
MDMin:  249 23:00:36    -2397.747230        0.063393
MDMin:  250 23:00:37    -2397.747232        0.063250
MDMin:  251 23:00:39    -2397.747233        0.063104
MDMin:  252 23:00:41    -2397.747235        0.062954
MDMin:  253 23:00:43    -2397.747236        0.062800
MDMin:  254 23:00:44    -2397.747237        0.062643
MDMin:  255 23:00:46    -2397.747239        0.062481
MDMin:  256 23:00:48    -2397.747240        0.062316
MDMin:  257 23:00:50    -2397.747242        0.062146
MDMin:  258 23:00:51    -2397.747243        0.061972
MDMin:  259 23:00:53    -2397.747245        0.061794
MDMin:  260 23:00:55    -2397.747246        0.061611
MDMin:  261 23:00:56    -2397.747248        0.061424
MDMin:  262 23:00:58    -2397.747249        0.061232
MDMin:  263 23:00:59    -2397.747251        0.061035
MDMin:  264 23:01:01    -2397.747252        0.060834
MDMin:  265 23:01:03    -2397.747254        0.060829
MDMin:  266 23:01:04    -2397.747256        0.060923
MDMin:  267 23:01:06    -2397.747257        0.061018
MDMin:  268 23:01:07    -2397.747259        0.061114
MDMin:  269 23:01:09    -2397.747260        0.061210
MDMin:  270 23:01:11    -2397.747262        0.061308
MDMin:  271 23:01:13    -2397.747264        0.061406
MDMin:  272 23:01:15    -2397.747265        0.061504
MDMin:  273 23:01:16    -2397.747267        0.061603
MDMin:  274 23:01:18    -2397.747269        0.061703
MDMin:  275 23:01:19    -2397.747270        0.061803
MDMin:  276 23:01:21    -2397.747272        0.061904
MDMin:  277 23:01:22    -2397.747274        0.062005
MDMin:  278 23:01:23    -2397.747275        0.062106
MDMin:  279 23:01:25    -2397.747277        0.062208
MDMin:  280 23:01:26    -2397.747279        0.062310
MDMin:  281 23:01:27    -2397.747280        0.062412
MDMin:  282 23:01:28    -2397.747282        0.062514
MDMin:  283 23:01:30    -2397.747284        0.062616
MDMin:  284 23:01:31    -2397.747286        0.062718
MDMin:  285 23:01:32    -2397.747287        0.062821
MDMin:  286 23:01:34    -2397.747289        0.062923
MDMin:  287 23:01:36    -2397.747291        0.063025
MDMin:  288 23:01:37    -2397.747292        0.063126
MDMin:  289 23:01:39    -2397.747294        0.063228
MDMin:  290 23:01:41    -2397.747296        0.063329
MDMin:  291 23:01:42    -2397.747298        0.063429
MDMin:  292 23:01:44    -2397.747299        0.063529
MDMin:  293 23:01:46    -2397.747301        0.063629
MDMin:  294 23:01:48    -2397.747303        0.063728
MDMin:  295 23:01:50    -2397.747305        0.063826
MDMin:  296 23:01:52    -2397.747306        0.063924
MDMin:  297 23:01:53    -2397.747308        0.064021
MDMin:  298 23:01:55    -2397.747310        0.064116
MDMin:  299 23:01:57    -2397.747312        0.064213
MDMin:  300 23:01:59    -2397.747313        0.064303
MDMin:  301 23:02:01    -2397.747315        0.064404
MDMin:  302 23:02:02    -2397.747317        0.064476
MDMin:  303 23:02:04    -2397.747318        0.064598
MDMin:  304 23:02:05    -2397.747320        0.078093
MDMin:  305 23:02:06    -2397.747320        0.064680
MDMin:  306 23:02:08    -2397.747321        0.064695
MDMin:  307 23:02:09    -2397.747321        0.064724
MDMin:  308 23:02:11    -2397.747322        0.064753
MDMin:  309 23:02:12    -2397.747323        0.064782
MDMin:  310 23:02:13    -2397.747323        0.064812
MDMin:  311 23:02:15    -2397.747324        0.064842
MDMin:  312 23:02:16    -2397.747324        0.064872
MDMin:  313 23:02:18    -2397.747325        0.064903
MDMin:  314 23:02:20    -2397.747326        0.064935
MDMin:  315 23:02:21    -2397.747326        0.064966
MDMin:  316 23:02:23    -2397.747327        0.064998
MDMin:  317 23:02:25    -2397.747328        0.065031
MDMin:  318 23:02:27    -2397.747328        0.065064
MDMin:  319 23:02:29    -2397.747329        0.065097
MDMin:  320 23:02:31    -2397.747330        0.065130
MDMin:  321 23:02:33    -2397.747331        0.065164
MDMin:  322 23:02:35    -2397.747331        0.065198
MDMin:  323 23:02:36    -2397.747332        0.065233
MDMin:  324 23:02:38    -2397.747333        0.065267
MDMin:  325 23:02:39    -2397.747333        0.065302
MDMin:  326 23:02:40    -2397.747334        0.065337
MDMin:  327 23:02:42    -2397.747335        0.065372
MDMin:  328 23:02:43    -2397.747336        0.065408
MDMin:  329 23:02:45    -2397.747337        0.065444
MDMin:  330 23:02:46    -2397.747337        0.065479
MDMin:  331 23:02:47    -2397.747338        0.065515
MDMin:  332 23:02:48    -2397.747339        0.065552
MDMin:  333 23:02:49    -2397.747340        0.065588
MDMin:  334 23:02:50    -2397.747341        0.065625
MDMin:  335 23:02:52    -2397.747341        0.065661
MDMin:  336 23:02:53    -2397.747342        0.065698
MDMin:  337 23:02:54    -2397.747343        0.065735
MDMin:  338 23:02:55    -2397.747344        0.065771
MDMin:  339 23:02:56    -2397.747345        0.065808
MDMin:  340 23:02:58    -2397.747346        0.065845
MDMin:  341 23:02:59    -2397.747347        0.065882
MDMin:  342 23:03:00    -2397.747347        0.065920
MDMin:  343 23:03:01    -2397.747348        0.065957
MDMin:  344 23:03:02    -2397.747349        0.065994
MDMin:  345 23:03:03    -2397.747350        0.066031
MDMin:  346 23:03:05    -2397.747351        0.066068
MDMin:  347 23:03:06    -2397.747352        0.066105
MDMin:  348 23:03:08    -2397.747353        0.066142
MDMin:  349 23:03:10    -2397.747354        0.066179
MDMin:  350 23:03:12    -2397.747355        0.066216
MDMin:  351 23:03:14    -2397.747356        0.066253
MDMin:  352 23:03:16    -2397.747357        0.066290
MDMin:  353 23:03:18    -2397.747357        0.066327
MDMin:  354 23:03:20    -2397.747358        0.066364
MDMin:  355 23:03:21    -2397.747359        0.066400
MDMin:  356 23:03:22    -2397.747360        0.066436
MDMin:  357 23:03:24    -2397.747361        0.066473
MDMin:  358 23:03:25    -2397.747362        0.066509
MDMin:  359 23:03:26    -2397.747363        0.066545
MDMin:  360 23:03:28    -2397.747364        0.066580
MDMin:  361 23:03:29    -2397.747365        0.066616
MDMin:  362 23:03:30    -2397.747366        0.066651
MDMin:  363 23:03:32    -2397.747367        0.066686
MDMin:  364 23:03:33    -2397.747368        0.066720
MDMin:  365 23:03:35    -2397.747369        0.066754
MDMin:  366 23:03:36    -2397.747370        0.066788
MDMin:  367 23:03:38    -2397.747371        0.066821
MDMin:  368 23:03:40    -2397.747372        0.066854
MDMin:  369 23:03:41    -2397.747373        0.066887
MDMin:  370 23:03:42    -2397.747373        0.066919
MDMin:  371 23:03:44    -2397.747374        0.066950
MDMin:  372 23:03:46    -2397.747375        0.066981
MDMin:  373 23:03:48    -2397.747376        0.067011
MDMin:  374 23:03:49    -2397.747377        0.067040
MDMin:  375 23:03:50    -2397.747378        0.067068
MDMin:  376 23:03:52    -2397.747379        0.067096
MDMin:  377 23:03:53    -2397.747380        0.067123
MDMin:  378 23:03:54    -2397.747381        0.067150
MDMin:  379 23:03:55    -2397.747382        0.067172
MDMin:  380 23:03:57    -2397.747383        0.067200
MDMin:  381 23:03:58    -2397.747384        0.067212
MDMin:  382 23:03:59    -2397.747385        0.069071
MDMin:  383 23:04:01    -2397.747385        0.067757
MDMin:  384 23:04:02    -2397.747386        0.067259
MDMin:  385 23:04:03    -2397.747386        0.067260
MDMin:  386 23:04:05    -2397.747386        0.067266
MDMin:  387 23:04:06    -2397.747387        0.067271
MDMin:  388 23:04:07    -2397.747387        0.067277
MDMin:  389 23:04:09    -2397.747387        0.067282
MDMin:  390 23:04:10    -2397.747388        0.067287
MDMin:  391 23:04:11    -2397.747388        0.067293
MDMin:  392 23:04:13    -2397.747388        0.067298
MDMin:  393 23:04:14    -2397.747389        0.067303
MDMin:  394 23:04:15    -2397.747389        0.067308
MDMin:  395 23:04:16    -2397.747389        0.067313
MDMin:  396 23:04:18    -2397.747390        0.067317
MDMin:  397 23:04:19    -2397.747390        0.067321
MDMin:  398 23:04:21    -2397.747391        0.067325
MDMin:  399 23:04:22    -2397.747391        0.067329
MDMin:  400 23:04:23    -2397.747391        0.067332
MDMin:  401 23:04:24    -2397.747392        0.067335
MDMin:  402 23:04:26    -2397.747392        0.067338
MDMin:  403 23:04:27    -2397.747393        0.067340
MDMin:  404 23:04:28    -2397.747393        0.067342
MDMin:  405 23:04:30    -2397.747394        0.067343
MDMin:  406 23:04:31    -2397.747394        0.067344
MDMin:  407 23:04:32    -2397.747394        0.067344
MDMin:  408 23:04:34    -2397.747395        0.067344
MDMin:  409 23:04:36    -2397.747395        0.067343
MDMin:  410 23:04:38    -2397.747396        0.067341
MDMin:  411 23:04:40    -2397.747396        0.067339
MDMin:  412 23:04:42    -2397.747397        0.067336
MDMin:  413 23:04:44    -2397.747397        0.067332
MDMin:  414 23:04:46    -2397.747398        0.067328
MDMin:  415 23:04:47    -2397.747398        0.067322
MDMin:  416 23:04:49    -2397.747399        0.067316
MDMin:  417 23:04:51    -2397.747399        0.067308
MDMin:  418 23:04:52    -2397.747399        0.067300
MDMin:  419 23:04:53    -2397.747400        0.067291
MDMin:  420 23:04:55    -2397.747400        0.067280
MDMin:  421 23:04:56    -2397.747401        0.067269
MDMin:  422 23:04:58    -2397.747401        0.067256
MDMin:  423 23:04:59    -2397.747402        0.067242
MDMin:  424 23:05:00    -2397.747402        0.067227
MDMin:  425 23:05:02    -2397.747403        0.067210
MDMin:  426 23:05:04    -2397.747403        0.067192
MDMin:  427 23:05:06    -2397.747404        0.067172
MDMin:  428 23:05:08    -2397.747404        0.067151
MDMin:  429 23:05:09    -2397.747405        0.067129
MDMin:  430 23:05:10    -2397.747405        0.067104
MDMin:  431 23:05:11    -2397.747406        0.067079
MDMin:  432 23:05:13    -2397.747406        0.067051
MDMin:  433 23:05:14    -2397.747407        0.067022
MDMin:  434 23:05:16    -2397.747408        0.066990
MDMin:  435 23:05:17    -2397.747408        0.066957
MDMin:  436 23:05:19    -2397.747409        0.066922
MDMin:  437 23:05:20    -2397.747409        0.066885
MDMin:  438 23:05:21    -2397.747410        0.066845
MDMin:  439 23:05:23    -2397.747410        0.066804
MDMin:  440 23:05:24    -2397.747411        0.066760
MDMin:  441 23:05:26    -2397.747411        0.066714
MDMin:  442 23:05:27    -2397.747412        0.066666
MDMin:  443 23:05:28    -2397.747412        0.066615
MDMin:  444 23:05:29    -2397.747413        0.066562
MDMin:  445 23:05:31    -2397.747413        0.066561
MDMin:  446 23:05:32    -2397.747414        0.066844
MDMin:  447 23:05:33    -2397.747414        0.067131
MDMin:  448 23:05:35    -2397.747415        0.067420
MDMin:  449 23:05:36    -2397.747415        0.067712
MDMin:  450 23:05:38    -2397.747416        0.068007
MDMin:  451 23:05:40    -2397.747416        0.068305
MDMin:  452 23:05:41    -2397.747417        0.068606
MDMin:  453 23:05:43    -2397.747418        0.068910
MDMin:  454 23:05:44    -2397.747418        0.069217
MDMin:  455 23:05:46    -2397.747419        0.069525
MDMin:  456 23:05:47    -2397.747419        0.069837
MDMin:  457 23:05:49    -2397.747420        0.070150
MDMin:  458 23:05:50    -2397.747420        0.070469
MDMin:  459 23:05:52    -2397.747421        0.070783
MDMin:  460 23:05:54    -2397.747421        0.071112
MDMin:  461 23:05:55    -2397.747422        0.071428
MDMin:  462 23:05:56    -2397.747422        0.071789
MDMin:  463 23:05:58    -2397.747423        0.072173
MDMin:  464 23:06:00    -2397.747423        0.072884
MDMin:  465 23:06:02    -2397.747424        0.074745
MDMin:  466 23:06:04    -2397.747424        0.080147
MDMin:  467 23:06:06    -2397.747425        0.087526
MDMin:  468 23:06:07    -2397.747425        0.077870
MDMin:  469 23:06:08    -2397.747425        0.073897
MDMin:  470 23:06:10    -2397.747425        0.073723
MDMin:  471 23:06:11    -2397.747426        0.073855
MDMin:  472 23:06:12    -2397.747426        0.073983
MDMin:  473 23:06:14    -2397.747426        0.074120
MDMin:  474 23:06:15    -2397.747426        0.074258
MDMin:  475 23:06:16    -2397.747426        0.074400
MDMin:  476 23:06:18    -2397.747427        0.074544
MDMin:  477 23:06:19    -2397.747427        0.074690
MDMin:  478 23:06:20    -2397.747427        0.074840
MDMin:  479 23:06:22    -2397.747427        0.074992
MDMin:  480 23:06:23    -2397.747428        0.075146
MDMin:  481 23:06:24    -2397.747428        0.075303
MDMin:  482 23:06:25    -2397.747428        0.075462
MDMin:  483 23:06:27    -2397.747428        0.075624
MDMin:  484 23:06:28    -2397.747429        0.075789
MDMin:  485 23:06:29    -2397.747429        0.075956
MDMin:  486 23:06:31    -2397.747429        0.076125
MDMin:  487 23:06:32    -2397.747429        0.076297
MDMin:  488 23:06:33    -2397.747430        0.076471
MDMin:  489 23:06:34    -2397.747430        0.076647
MDMin:  490 23:06:36    -2397.747430        0.076826
MDMin:  491 23:06:37    -2397.747430        0.077007
MDMin:  492 23:06:38    -2397.747431        0.077191
MDMin:  493 23:06:40    -2397.747431        0.077377
MDMin:  494 23:06:41    -2397.747431        0.077565
MDMin:  495 23:06:43    -2397.747431        0.077755
MDMin:  496 23:06:44    -2397.747432        0.077947
MDMin:  497 23:06:46    -2397.747432        0.078142
MDMin:  498 23:06:47    -2397.747432        0.078339
MDMin:  499 23:06:48    -2397.747433        0.078538
MDMin:  500 23:06:50    -2397.747433        0.078738
MDMin:  501 23:06:51    -2397.747433        0.078941
MDMin:  502 23:06:52    -2397.747433        0.079146
MDMin:  503 23:06:54    -2397.747434        0.079353
MDMin:  504 23:06:55    -2397.747434        0.079561
MDMin:  505 23:06:56    -2397.747434        0.079772
MDMin:  506 23:06:58    -2397.747435        0.079984
MDMin:  507 23:06:59    -2397.747435        0.080198
MDMin:  508 23:07:01    -2397.747435        0.080414
MDMin:  509 23:07:02    -2397.747436        0.080631
MDMin:  510 23:07:04    -2397.747436        0.080851
MDMin:  511 23:07:06    -2397.747436        0.081071
MDMin:  512 23:07:07    -2397.747437        0.081293
MDMin:  513 23:07:08    -2397.747437        0.081517
MDMin:  514 23:07:09    -2397.747437        0.081742
MDMin:  515 23:07:11    -2397.747437        0.081969
MDMin:  516 23:07:12    -2397.747438        0.082197
MDMin:  517 23:07:14    -2397.747438        0.082426
MDMin:  518 23:07:15    -2397.747438        0.082657
MDMin:  519 23:07:16    -2397.747439        0.082888
MDMin:  520 23:07:18    -2397.747439        0.083121
MDMin:  521 23:07:19    -2397.747439        0.083355
MDMin:  522 23:07:20    -2397.747440        0.083590
MDMin:  523 23:07:21    -2397.747440        0.083826
MDMin:  524 23:07:23    -2397.747440        0.084063
MDMin:  525 23:07:25    -2397.747441        0.084300
MDMin:  526 23:07:27    -2397.747441        0.084539
MDMin:  527 23:07:28    -2397.747441        0.084778
MDMin:  528 23:07:30    -2397.747442        0.085020
MDMin:  529 23:07:31    -2397.747442        0.085259
MDMin:  530 23:07:33    -2397.747442        0.085505
MDMin:  531 23:07:35    -2397.747443        0.085743
MDMin:  532 23:07:37    -2397.747443        0.085997
MDMin:  533 23:07:39    -2397.747443        0.086224
MDMin:  534 23:07:41    -2397.747444        0.086503
MDMin:  535 23:07:44    -2397.747444        0.086689
MDMin:  536 23:07:46    -2397.747444        0.087053
MDMin:  537 23:07:47    -2397.747445        0.087093
MDMin:  538 23:07:49    -2397.747445        0.087788
MDMin:  539 23:07:51    -2397.747445        0.087344
MDMin:  540 23:07:52    -2397.747446        0.089555
MDMin:  541 23:07:53    -2397.747446        0.088246
MDMin:  542 23:07:55    -2397.747446        0.097596
MDMin:  543 23:07:57    -2397.747446        0.094389
MDMin:  544 23:07:59    -2397.747447        0.096191
MDMin:  545 23:08:00    -2397.747447        0.088367
MDMin:  546 23:08:02    -2397.747447        0.089466
MDMin:  547 23:08:03    -2397.747447        0.088991
MDMin:  548 23:08:05    -2397.747447        0.089289
MDMin:  549 23:08:06    -2397.747447        0.089328
MDMin:  550 23:08:07    -2397.747448        0.089477
MDMin:  551 23:08:08    -2397.747448        0.089582
MDMin:  552 23:08:10    -2397.747448        0.089711
MDMin:  553 23:08:11    -2397.747448        0.089831
MDMin:  554 23:08:14    -2397.747448        0.089958
MDMin:  555 23:08:15    -2397.747448        0.090084
MDMin:  556 23:08:16    -2397.747449        0.090214
MDMin:  557 23:08:18    -2397.747449        0.090345
MDMin:  558 23:08:20    -2397.747449        0.090478
MDMin:  559 23:08:21    -2397.747449        0.090613
MDMin:  560 23:08:22    -2397.747449        0.090750
MDMin:  561 23:08:23    -2397.747449        0.090889
MDMin:  562 23:08:25    -2397.747450        0.091029
MDMin:  563 23:08:26    -2397.747450        0.091171
MDMin:  564 23:08:27    -2397.747450        0.091315
MDMin:  565 23:08:29    -2397.747450        0.091460
MDMin:  566 23:08:30    -2397.747450        0.091607
MDMin:  567 23:08:31    -2397.747451        0.091756
MDMin:  568 23:08:32    -2397.747451        0.091906
MDMin:  569 23:08:34    -2397.747451        0.092058
MDMin:  570 23:08:35    -2397.747451        0.092211
MDMin:  571 23:08:36    -2397.747451        0.092366
MDMin:  572 23:08:38    -2397.747452        0.092523
MDMin:  573 23:08:39    -2397.747452        0.092682
MDMin:  574 23:08:41    -2397.747452        0.092844
MDMin:  575 23:08:42    -2397.747452        0.093009
MDMin:  576 23:08:44    -2397.747452        0.093176
MDMin:  577 23:08:45    -2397.747453        0.093345
MDMin:  578 23:08:46    -2397.747453        0.093518
MDMin:  579 23:08:48    -2397.747453        0.093692
MDMin:  580 23:08:49    -2397.747453        0.093870
MDMin:  581 23:08:51    -2397.747453        0.094050
MDMin:  582 23:08:52    -2397.747454        0.094233
MDMin:  583 23:08:53    -2397.747454        0.094418
MDMin:  584 23:08:55    -2397.747454        0.094607
MDMin:  585 23:08:56    -2397.747454        0.094798
MDMin:  586 23:08:58    -2397.747454        0.094992
MDMin:  587 23:09:00    -2397.747455        0.095189
MDMin:  588 23:09:01    -2397.747455        0.095389
MDMin:  589 23:09:03    -2397.747455        0.095591
MDMin:  590 23:09:04    -2397.747455        0.095798
MDMin:  591 23:09:05    -2397.747456        0.096005
MDMin:  592 23:09:06    -2397.747456        0.096220
MDMin:  593 23:09:07    -2397.747456        0.096430
MDMin:  594 23:09:09    -2397.747456        0.096656
MDMin:  595 23:09:10    -2397.747457        0.096865
MDMin:  596 23:09:11    -2397.747457        0.097109
MDMin:  597 23:09:13    -2397.747457        0.097303
MDMin:  598 23:09:14    -2397.747457        0.097591
MDMin:  599 23:09:15    -2397.747457        0.097728
MDMin:  600 23:09:16    -2397.747458        0.098135
MDMin:  601 23:09:18    -2397.747458        0.098083
MDMin:  602 23:09:20    -2397.747458        0.098874
MDMin:  603 23:09:22    -2397.747458        0.098208
MDMin:  604 23:09:24    -2397.747459        0.100408
MDMin:  605 23:09:25    -2397.747459        0.098011
MDMin:  606 23:09:27    -2397.747459        0.106110
MDMin:  607 23:09:28    -2397.747459        0.101254
MDMin:  608 23:09:29    -2397.747459        0.117938
MDMin:  609 23:09:31    -2397.747460        0.099763
MDMin:  610 23:09:32    -2397.747460        0.102676
MDMin:  611 23:09:34    -2397.747460        0.099731
MDMin:  612 23:09:35    -2397.747460        0.100692
MDMin:  613 23:09:37    -2397.747460        0.100453
MDMin:  614 23:09:38    -2397.747460        0.100719
MDMin:  615 23:09:40    -2397.747460        0.100781
MDMin:  616 23:09:42    -2397.747460        0.100939
MDMin:  617 23:09:44    -2397.747461        0.101055
MDMin:  618 23:09:45    -2397.747461        0.101194
MDMin:  619 23:09:47    -2397.747461        0.101322
MDMin:  620 23:09:48    -2397.747461        0.101457
MDMin:  621 23:09:49    -2397.747461        0.101589
MDMin:  622 23:09:51    -2397.747461        0.101723
MDMin:  623 23:09:52    -2397.747461        0.101856
MDMin:  624 23:09:54    -2397.747461        0.101989
MDMin:  625 23:09:56    -2397.747462        0.102122
MDMin:  626 23:09:58    -2397.747462        0.102254
MDMin:  627 23:10:00    -2397.747462        0.102384
MDMin:  628 23:10:01    -2397.747462        0.102514
MDMin:  629 23:10:02    -2397.747462        0.102641
MDMin:  630 23:10:03    -2397.747462        0.102768
MDMin:  631 23:10:05    -2397.747462        0.102891
MDMin:  632 23:10:06    -2397.747463        0.103012
MDMin:  633 23:10:08    -2397.747463        0.103130
MDMin:  634 23:10:09    -2397.747463        0.103245
MDMin:  635 23:10:11    -2397.747463        0.103356
MDMin:  636 23:10:13    -2397.747463        0.103463
MDMin:  637 23:10:15    -2397.747463        0.103565
MDMin:  638 23:10:16    -2397.747463        0.103662
MDMin:  639 23:10:17    -2397.747464        0.103753
MDMin:  640 23:10:19    -2397.747464        0.103838
MDMin:  641 23:10:21    -2397.747464        0.103916
MDMin:  642 23:10:23    -2397.747464        0.103988
MDMin:  643 23:10:25    -2397.747464        0.104051
MDMin:  644 23:10:27    -2397.747464        0.104106
MDMin:  645 23:10:29    -2397.747465        0.104151
MDMin:  646 23:10:30    -2397.747465        0.104188
MDMin:  647 23:10:31    -2397.747465        0.104212
MDMin:  648 23:10:33    -2397.747465        0.104228
MDMin:  649 23:10:34    -2397.747465        0.104227
MDMin:  650 23:10:35    -2397.747465        0.104221
MDMin:  651 23:10:36    -2397.747466        0.104191
MDMin:  652 23:10:37    -2397.747466        0.104162
MDMin:  653 23:10:39    -2397.747466        0.104095
MDMin:  654 23:10:40    -2397.747466        0.104048
MDMin:  655 23:10:41    -2397.747466        0.103925
MDMin:  656 23:10:42    -2397.747467        0.103885
MDMin:  657 23:10:44    -2397.747467        0.103654
MDMin:  658 23:10:45    -2397.747467        0.103708
MDMin:  659 23:10:46    -2397.747467        0.103200
MDMin:  660 23:10:47    -2397.747467        0.103673
MDMin:  661 23:10:49    -2397.747467        0.102309
MDMin:  662 23:10:50    -2397.747468        0.104537
MDMin:  663 23:10:51    -2397.747468        0.100478
MDMin:  664 23:10:53    -2397.747468        0.110681
MDMin:  665 23:10:54    -2397.747468        0.101460
MDMin:  666 23:10:55    -2397.747468        0.123428
MDMin:  667 23:10:56    -2397.747468        0.098995
MDMin:  668 23:10:58    -2397.747469        0.103457
MDMin:  669 23:10:59    -2397.747469        0.100833
MDMin:  670 23:11:01    -2397.747469        0.101350
MDMin:  671 23:11:02    -2397.747469        0.100937
MDMin:  672 23:11:03    -2397.747469        0.100849
MDMin:  673 23:11:04    -2397.747469        0.100627
MDMin:  674 23:11:06    -2397.747469        0.100448
MDMin:  675 23:11:07    -2397.747469        0.100237
MDMin:  676 23:11:09    -2397.747469        0.100028
MDMin:  677 23:11:11    -2397.747469        0.099804
MDMin:  678 23:11:12    -2397.747469        0.099574
MDMin:  679 23:11:14    -2397.747470        0.099331
MDMin:  680 23:11:15    -2397.747470        0.099079
MDMin:  681 23:11:17    -2397.747470        0.098816
MDMin:  682 23:11:19    -2397.747470        0.098542
MDMin:  683 23:11:21    -2397.747470        0.098257
MDMin:  684 23:11:22    -2397.747470        0.097960
MDMin:  685 23:11:23    -2397.747470        0.097652
MDMin:  686 23:11:25    -2397.747470        0.097332
MDMin:  687 23:11:26    -2397.747470        0.096999
MDMin:  688 23:11:27    -2397.747470        0.096654
MDMin:  689 23:11:28    -2397.747471        0.096296
MDMin:  690 23:11:30    -2397.747471        0.095925
MDMin:  691 23:11:31    -2397.747471        0.095541
MDMin:  692 23:11:32    -2397.747471        0.095143
MDMin:  693 23:11:34    -2397.747471        0.094732
MDMin:  694 23:11:36    -2397.747471        0.094307
MDMin:  695 23:11:38    -2397.747471        0.093869
MDMin:  696 23:11:40    -2397.747471        0.093416
MDMin:  697 23:11:42    -2397.747472        0.092949
MDMin:  698 23:11:44    -2397.747472        0.092469
MDMin:  699 23:11:46    -2397.747472        0.091973
MDMin:  700 23:11:48    -2397.747472        0.091464
MDMin:  701 23:11:50    -2397.747472        0.090940
MDMin:  702 23:11:52    -2397.747472        0.090403
MDMin:  703 23:11:54    -2397.747472        0.089850
MDMin:  704 23:11:56    -2397.747473        0.089286
MDMin:  705 23:11:58    -2397.747473        0.088703
MDMin:  706 23:12:00    -2397.747473        0.088113
MDMin:  707 23:12:02    -2397.747473        0.087498
MDMin:  708 23:12:04    -2397.747473        0.086890
MDMin:  709 23:12:06    -2397.747473        0.086231
MDMin:  710 23:12:08    -2397.747473        0.085627
MDMin:  711 23:12:10    -2397.747474        0.084883
MDMin:  712 23:12:11    -2397.747474        0.084372
MDMin:  713 23:12:12    -2397.747474        0.083369
MDMin:  714 23:12:13    -2397.747474        0.083326
MDMin:  715 23:12:15    -2397.747474        0.081305
MDMin:  716 23:12:16    -2397.747474        0.083602
MDMin:  717 23:12:18    -2397.747475        0.077418
MDMin:  718 23:12:20    -2397.747475        0.092773
MDMin:  719 23:12:22    -2397.747475        0.079579
MDMin:  720 23:12:24    -2397.747475        0.098431
MDMin:  721 23:12:25    -2397.747475        0.076864
MDMin:  722 23:12:27    -2397.747475        0.078789
MDMin:  723 23:12:29    -2397.747475        0.078128
MDMin:  724 23:12:31    -2397.747475        0.077925
MDMin:  725 23:12:33    -2397.747475        0.077624
MDMin:  726 23:12:34    -2397.747475        0.077338
MDMin:  727 23:12:36    -2397.747475        0.077039
MDMin:  728 23:12:38    -2397.747475        0.076736
MDMin:  729 23:12:40    -2397.747476        0.076426
MDMin:  730 23:12:42    -2397.747476        0.076109
MDMin:  731 23:12:44    -2397.747476        0.075786
MDMin:  732 23:12:45    -2397.747476        0.075456
MDMin:  733 23:12:47    -2397.747476        0.075120
MDMin:  734 23:12:50    -2397.747476        0.074778
MDMin:  735 23:12:51    -2397.747476        0.074429
MDMin:  736 23:12:52    -2397.747476        0.074075
MDMin:  737 23:12:53    -2397.747476        0.073714
MDMin:  738 23:12:55    -2397.747476        0.073347
MDMin:  739 23:12:57    -2397.747476        0.072974
MDMin:  740 23:12:58    -2397.747476        0.072595
MDMin:  741 23:12:59    -2397.747476        0.072210
MDMin:  742 23:13:01    -2397.747477        0.071819
MDMin:  743 23:13:03    -2397.747477        0.071423
MDMin:  744 23:13:04    -2397.747477        0.071021
MDMin:  745 23:13:05    -2397.747477        0.070614
MDMin:  746 23:13:06    -2397.747477        0.070201
MDMin:  747 23:13:08    -2397.747477        0.069783
MDMin:  748 23:13:09    -2397.747477        0.069360
MDMin:  749 23:13:11    -2397.747477        0.068932
MDMin:  750 23:13:12    -2397.747477        0.068499
MDMin:  751 23:13:13    -2397.747477        0.068062
MDMin:  752 23:13:15    -2397.747478        0.067619
MDMin:  753 23:13:16    -2397.747478        0.067173
MDMin:  754 23:13:18    -2397.747478        0.066722
MDMin:  755 23:13:19    -2397.747478        0.066266
MDMin:  756 23:13:21    -2397.747478        0.065807
MDMin:  757 23:13:23    -2397.747478        0.065344
MDMin:  758 23:13:25    -2397.747478        0.064877
MDMin:  759 23:13:26    -2397.747478        0.064406
MDMin:  760 23:13:28    -2397.747478        0.063933
MDMin:  761 23:13:29    -2397.747479        0.063455
MDMin:  762 23:13:31    -2397.747479        0.062975
MDMin:  763 23:13:33    -2397.747479        0.062492
MDMin:  764 23:13:34    -2397.747479        0.062007
MDMin:  765 23:13:36    -2397.747479        0.061519
MDMin:  766 23:13:37    -2397.747479        0.061030
MDMin:  767 23:13:39    -2397.747479        0.060537
MDMin:  768 23:13:41    -2397.747479        0.060046
MDMin:  769 23:13:42    -2397.747480        0.059548
MDMin:  770 23:13:44    -2397.747480        0.059060
MDMin:  771 23:13:46    -2397.747480        0.058546
MDMin:  772 23:13:47    -2397.747480        0.058086
MDMin:  773 23:13:49    -2397.747480        0.057506
MDMin:  774 23:13:50    -2397.747480        0.057192
MDMin:  775 23:13:51    -2397.747480        0.056274
MDMin:  776 23:13:52    -2397.747481        0.056780
MDMin:  777 23:13:54    -2397.747481        0.053984
MDMin:  778 23:13:55    -2397.747481        0.059717
MDMin:  779 23:13:57    -2397.747481        0.053882
MDMin:  780 23:13:59    -2397.747481        0.082332
MDMin:  781 23:14:01    -2397.747481        0.057574
MDMin:  782 23:14:03    -2397.747481        0.054511
MDMin:  783 23:14:05    -2397.747481        0.053651
MDMin:  784 23:14:06    -2397.747481        0.053553
MDMin:  785 23:14:08    -2397.747481        0.053400
MDMin:  786 23:14:10    -2397.747481        0.053250
MDMin:  787 23:14:12    -2397.747481        0.053096
MDMin:  788 23:14:14    -2397.747481        0.052939
MDMin:  789 23:14:16    -2397.747482        0.052780
MDMin:  790 23:14:18    -2397.747482        0.052618
MDMin:  791 23:14:20    -2397.747482        0.052454
MDMin:  792 23:14:21    -2397.747482        0.052288
MDMin:  793 23:14:23    -2397.747482        0.052119
MDMin:  794 23:14:25    -2397.747482        0.051948
MDMin:  795 23:14:27    -2397.747482        0.051775
MDMin:  796 23:14:29    -2397.747482        0.051600
MDMin:  797 23:14:31    -2397.747482        0.051423
MDMin:  798 23:14:33    -2397.747482        0.051245
MDMin:  799 23:14:35    -2397.747482        0.051064
MDMin:  800 23:14:37    -2397.747482        0.050882
MDMin:  801 23:14:39    -2397.747482        0.050698
MDMin:  802 23:14:41    -2397.747482        0.050513
MDMin:  803 23:14:43    -2397.747482        0.050326
MDMin:  804 23:14:45    -2397.747482        0.050138
MDMin:  805 23:14:47    -2397.747482        0.049949
