       Step     Time          Energy          fmax
MDMin:    0 22:34:14    -2394.226938        7.215574
MDMin:    1 22:34:17    -2394.231968        7.119299
MDMin:    2 22:34:19    -2394.246656        6.560474
MDMin:    3 22:34:21    -2394.269955        6.767247
MDMin:    4 22:34:23    -2394.300559        6.485651
MDMin:    5 22:34:25    -2394.337697        4.839453
MDMin:    6 22:34:26    -2394.381026        5.794466
MDMin:    7 22:34:28    -2394.426189        3.932617
MDMin:    8 22:34:30    -2394.477066        2.738928
MDMin:    9 22:34:32    -2394.532019        3.377206
MDMin:   10 22:34:34    -2394.587096        2.702802
MDMin:   11 22:34:36    -2394.646877        1.622711
MDMin:   12 22:34:38    -2394.719286        1.407081
MDMin:   13 22:34:40    -2394.806389        1.382177
MDMin:   14 22:34:42    -2394.908338        1.603993
MDMin:   15 22:34:44    -2395.001817        3.038685
MDMin:   16 22:34:46    -2395.032018        1.353795
MDMin:   17 22:34:48    -2395.071691        1.387007
MDMin:   18 22:34:50    -2395.120767        1.414606
MDMin:   19 22:34:52    -2395.179273        1.422232
MDMin:   20 22:34:54    -2395.245143        1.482140
MDMin:   21 22:34:55    -2395.307984        1.543886
MDMin:   22 22:34:57    -2395.331027        1.556359
MDMin:   23 22:34:58    -2395.349521        1.491287
MDMin:   24 22:34:59    -2395.365192        1.362998
MDMin:   25 22:35:00    -2395.379300        1.261116
MDMin:   26 22:35:01    -2395.392540        1.237242
MDMin:   27 22:35:03    -2395.405279        1.140977
MDMin:   28 22:35:04    -2395.417701        1.048780
MDMin:   29 22:35:06    -2395.429796        1.045980
MDMin:   30 22:35:07    -2395.441510        1.008182
MDMin:   31 22:35:08    -2395.452979        0.951039
MDMin:   32 22:35:09    -2395.464504        0.912917
MDMin:   33 22:35:11    -2395.476362        0.929975
MDMin:   34 22:35:13    -2395.488372        0.862262
MDMin:   35 22:35:15    -2395.496054        1.584840
MDMin:   36 22:35:17    -2395.496224        1.433810
MDMin:   37 22:35:19    -2395.496744        1.042536
MDMin:   38 22:35:20    -2395.497705        0.784327
MDMin:   39 22:35:22    -2395.499237        0.772664
MDMin:   40 22:35:24    -2395.501280        0.757022
MDMin:   41 22:35:26    -2395.503700        0.738600
MDMin:   42 22:35:28    -2395.506484        0.717725
MDMin:   43 22:35:30    -2395.509641        0.694636
MDMin:   44 22:35:32    -2395.513181        0.669620
MDMin:   45 22:35:34    -2395.517118        0.642979
MDMin:   46 22:35:36    -2395.521468        0.615012
MDMin:   47 22:35:38    -2395.526253        0.585992
MDMin:   48 22:35:40    -2395.531498        0.556187
MDMin:   49 22:35:42    -2395.537240        0.525886
MDMin:   50 22:35:44    -2395.543523        0.495445
MDMin:   51 22:35:46    -2395.548574        0.465322
MDMin:   52 22:35:48    -2395.554214        0.437128
MDMin:   53 22:35:50    -2395.560134        0.410032
MDMin:   54 22:35:52    -2395.566427        0.383194
MDMin:   55 22:35:54    -2395.573219        0.356814
MDMin:   56 22:35:56    -2395.580671        0.331909
MDMin:   57 22:35:58    -2395.588967        0.323266
MDMin:   58 22:36:00    -2395.598153        0.409394
MDMin:   59 22:36:02    -2395.606683        0.714378
MDMin:   60 22:36:04    -2395.610646        0.394452
MDMin:   61 22:36:06    -2395.614265        0.406784
MDMin:   62 22:36:07    -2395.618529        0.421298
MDMin:   63 22:36:09    -2395.623565        0.438330
MDMin:   64 22:36:10    -2395.629495        0.458121
MDMin:   65 22:36:12    -2395.636475        0.480886
MDMin:   66 22:36:14    -2395.644703        0.506969
MDMin:   67 22:36:16    -2395.654436        0.536703
MDMin:   68 22:36:17    -2395.666008        0.569975
MDMin:   69 22:36:19    -2395.679860        0.606752
MDMin:   70 22:36:21    -2395.696578        0.646015
MDMin:   71 22:36:22    -2395.716941        0.696621
MDMin:   72 22:36:24    -2395.742008        0.751373
MDMin:   73 22:36:26    -2395.773227        0.808595
MDMin:   74 22:36:28    -2395.812571        0.869606
MDMin:   75 22:36:29    -2395.862600        0.929674
MDMin:   76 22:36:31    -2395.925918        0.974503
MDMin:   77 22:36:33    -2395.998797        1.017700
MDMin:   78 22:36:35    -2396.041543        0.931353
MDMin:   79 22:36:36    -2396.105496        1.120027
MDMin:   80 22:36:38    -2396.161049        1.037907
MDMin:   81 22:36:40    -2396.241125        1.211120
MDMin:   82 22:36:42    -2396.300183        1.100555
MDMin:   83 22:36:44    -2396.382730        1.186610
MDMin:   84 22:36:46    -2396.434788        1.019065
MDMin:   85 22:36:48    -2396.501806        0.978061
MDMin:   86 22:36:50    -2396.541191        0.816292
MDMin:   87 22:36:52    -2396.577448        0.729157
MDMin:   88 22:36:54    -2396.603758        0.729597
MDMin:   89 22:36:55    -2396.626083        0.726968
MDMin:   90 22:36:57    -2396.646430        0.717591
MDMin:   91 22:36:58    -2396.665654        0.701829
MDMin:   92 22:37:00    -2396.683951        0.676878
MDMin:   93 22:37:02    -2396.701136        0.642110
MDMin:   94 22:37:04    -2396.716894        0.597165
MDMin:   95 22:37:06    -2396.731094        0.600355
MDMin:   96 22:37:08    -2396.744072        0.638518
MDMin:   97 22:37:10    -2396.756442        0.683593
MDMin:   98 22:37:12    -2396.768768        0.731994
MDMin:   99 22:37:14    -2396.781315        0.782734
MDMin:  100 22:37:16    -2396.794130        0.826281
MDMin:  101 22:37:18    -2396.807066        0.857101
MDMin:  102 22:37:20    -2396.819926        0.866013
MDMin:  103 22:37:22    -2396.832660        0.859003
MDMin:  104 22:37:24    -2396.845483        0.836179
MDMin:  105 22:37:26    -2396.858754        0.800242
MDMin:  106 22:37:28    -2396.872700        0.693216
MDMin:  107 22:37:30    -2396.886644        1.012607
MDMin:  108 22:37:32    -2396.896615        0.901645
MDMin:  109 22:37:33    -2396.903933        0.720149
MDMin:  110 22:37:35    -2396.912391        0.708154
MDMin:  111 22:37:37    -2396.922885        1.576138
MDMin:  112 22:37:39    -2396.931585        0.764861
MDMin:  113 22:37:41    -2396.940874        0.785714
MDMin:  114 22:37:43    -2396.953368        1.297343
MDMin:  115 22:37:45    -2396.966264        1.045745
MDMin:  116 22:37:47    -2396.979251        0.881576
MDMin:  117 22:37:49    -2396.993035        0.911409
MDMin:  118 22:37:50    -2397.010600        1.257168
MDMin:  119 22:37:52    -2397.029509        1.276813
MDMin:  120 22:37:53    -2397.048912        0.995351
MDMin:  121 22:37:54    -2397.068560        1.106935
MDMin:  122 22:37:55    -2397.090746        1.390352
MDMin:  123 22:37:57    -2397.114901        1.312610
MDMin:  124 22:37:58    -2397.141628        0.992439
MDMin:  125 22:38:00    -2397.167167        1.447513
MDMin:  126 22:38:02    -2397.186515        1.045496
MDMin:  127 22:38:03    -2397.205605        0.932679
MDMin:  128 22:38:05    -2397.212589        1.187425
MDMin:  129 22:38:07    -2397.225454        1.021978
MDMin:  130 22:38:09    -2397.235783        1.084946
MDMin:  131 22:38:11    -2397.246702        1.075888
MDMin:  132 22:38:13    -2397.254388        0.650651
MDMin:  133 22:38:15    -2397.260956        1.013247
MDMin:  134 22:38:16    -2397.268989        1.129146
MDMin:  135 22:38:18    -2397.275553        0.993968
MDMin:  136 22:38:19    -2397.278878        0.792987
MDMin:  137 22:38:21    -2397.288112        0.937166
MDMin:  138 22:38:22    -2397.293477        0.903731
MDMin:  139 22:38:24    -2397.301888        0.812333
MDMin:  140 22:38:25    -2397.310850        0.790136
MDMin:  141 22:38:27    -2397.322423        0.816604
MDMin:  142 22:38:29    -2397.336072        0.837703
MDMin:  143 22:38:31    -2397.351942        0.855581
MDMin:  144 22:38:32    -2397.369541        0.865466
MDMin:  145 22:38:34    -2397.388282        0.866081
MDMin:  146 22:38:35    -2397.406945        0.865190
MDMin:  147 22:38:37    -2397.426820        0.869236
MDMin:  148 22:38:38    -2397.446803        0.851254
MDMin:  149 22:38:40    -2397.460993        0.815984
MDMin:  150 22:38:42    -2397.476635        0.771259
MDMin:  151 22:38:44    -2397.491276        0.670300
MDMin:  152 22:38:46    -2397.503702        0.662031
MDMin:  153 22:38:47    -2397.512620        0.645526
MDMin:  154 22:38:49    -2397.522775        0.638496
MDMin:  155 22:38:50    -2397.529557        0.635323
MDMin:  156 22:38:51    -2397.535986        0.623460
MDMin:  157 22:38:53    -2397.542440        0.601133
MDMin:  158 22:38:54    -2397.548985        0.568934
MDMin:  159 22:38:56    -2397.555486        0.528804
MDMin:  160 22:38:57    -2397.558977        1.132726
MDMin:  161 22:38:59    -2397.559646        1.102066
MDMin:  162 22:39:00    -2397.560657        1.061105
MDMin:  163 22:39:01    -2397.557487        1.054896
MDMin:  164 22:39:02    -2397.545156        0.991513
MDMin:  165 22:39:04    -2397.531483        0.926399
MDMin:  166 22:39:05    -2397.516685        0.861378
MDMin:  167 22:39:06    -2397.501667        0.800602
MDMin:  168 22:39:07    -2397.487489        0.747604
MDMin:  169 22:39:08    -2397.474828        0.703538
MDMin:  170 22:39:10    -2397.463635        0.666737
MDMin:  171 22:39:11    -2397.454633        0.638012
MDMin:  172 22:39:12    -2397.448423        0.617185
MDMin:  173 22:39:13    -2397.445364        0.602862
MDMin:  174 22:39:15    -2397.445781        0.593270
MDMin:  175 22:39:17    -2397.449889        0.586656
MDMin:  176 22:39:19    -2397.457508        0.580928
MDMin:  177 22:39:20    -2397.467918        0.574048
MDMin:  178 22:39:21    -2397.479731        0.564742
MDMin:  179 22:39:23    -2397.491185        0.553360
MDMin:  180 22:39:24    -2397.501381        0.540973
MDMin:  181 22:39:26    -2397.510787        0.527509
MDMin:  182 22:39:27    -2397.519985        0.512356
MDMin:  183 22:39:28    -2397.529201        0.495138
MDMin:  184 22:39:29    -2397.538420        0.475822
MDMin:  185 22:39:30    -2397.543578        0.413564
MDMin:  186 22:39:31    -2397.545187        0.387251
MDMin:  187 22:39:33    -2397.548231        0.368465
MDMin:  188 22:39:34    -2397.552406        0.353403
MDMin:  189 22:39:35    -2397.557322        0.340833
MDMin:  190 22:39:36    -2397.562512        0.330089
MDMin:  191 22:39:38    -2397.567454        0.321115
MDMin:  192 22:39:39    -2397.571805        0.313685
MDMin:  193 22:39:40    -2397.575674        0.307264
MDMin:  194 22:39:41    -2397.579339        0.301216
MDMin:  195 22:39:43    -2397.582963        0.295186
MDMin:  196 22:39:44    -2397.586551        0.289112
MDMin:  197 22:39:45    -2397.590042        0.283049
MDMin:  198 22:39:46    -2397.593296        0.277230
MDMin:  199 22:39:48    -2397.596213        0.271844
MDMin:  200 22:39:49    -2397.598794        0.266944
MDMin:  201 22:39:51    -2397.601192        0.262265
MDMin:  202 22:39:53    -2397.603539        0.257568
MDMin:  203 22:39:55    -2397.605916        0.252683
MDMin:  204 22:39:57    -2397.608339        0.247568
MDMin:  205 22:39:59    -2397.610810        0.243486
MDMin:  206 22:40:01    -2397.613299        0.245117
MDMin:  207 22:40:03    -2397.615775        0.246847
MDMin:  208 22:40:05    -2397.618167        0.248608
MDMin:  209 22:40:07    -2397.620397        0.250311
MDMin:  210 22:40:09    -2397.622375        0.251850
MDMin:  211 22:40:11    -2397.624115        0.253204
MDMin:  212 22:40:13    -2397.625708        0.254424
MDMin:  213 22:40:15    -2397.627265        0.255577
MDMin:  214 22:40:16    -2397.628833        0.256680
MDMin:  215 22:40:17    -2397.630436        0.257721
MDMin:  216 22:40:19    -2397.632070        0.258660
MDMin:  217 22:40:21    -2397.633730        0.259445
MDMin:  218 22:40:23    -2397.635390        0.260011
MDMin:  219 22:40:25    -2397.637023        0.260298
MDMin:  220 22:40:27    -2397.638568        0.260265
MDMin:  221 22:40:28    -2397.639974        0.259926
MDMin:  222 22:40:30    -2397.641204        0.259347
MDMin:  223 22:40:31    -2397.642317        0.258570
MDMin:  224 22:40:33    -2397.643383        0.257584
MDMin:  225 22:40:34    -2397.644458        0.256336
MDMin:  226 22:40:36    -2397.645560        0.254780
MDMin:  227 22:40:37    -2397.646697        0.252861
MDMin:  228 22:40:38    -2397.647864        0.250548
MDMin:  229 22:40:40    -2397.649053        0.247813
MDMin:  230 22:40:41    -2397.650242        0.244686
MDMin:  231 22:40:43    -2397.651404        0.241241
MDMin:  232 22:40:45    -2397.652485        0.237687
MDMin:  233 22:40:46    -2397.653454        0.236088
MDMin:  234 22:40:48    -2397.654314        0.237563
MDMin:  235 22:40:49    -2397.655130        0.238884
MDMin:  236 22:40:51    -2397.655946        0.240116
MDMin:  237 22:40:52    -2397.656790        0.241283
MDMin:  238 22:40:54    -2397.657668        0.242359
MDMin:  239 22:40:56    -2397.658584        0.243306
MDMin:  240 22:40:59    -2397.659530        0.244066
MDMin:  241 22:41:01    -2397.660497        0.244585
MDMin:  242 22:41:02    -2397.661462        0.244810
MDMin:  243 22:41:04    -2397.662392        0.244723
MDMin:  244 22:41:06    -2397.663241        0.244361
MDMin:  245 22:41:08    -2397.664000        0.243795
MDMin:  246 22:41:10    -2397.664702        0.243059
MDMin:  247 22:41:12    -2397.665399        0.242129
MDMin:  248 22:41:14    -2397.666118        0.240965
MDMin:  249 22:41:16    -2397.666873        0.239517
MDMin:  250 22:41:18    -2397.667666        0.237750
MDMin:  251 22:41:20    -2397.668498        0.235629
MDMin:  252 22:41:22    -2397.669360        0.233147
MDMin:  253 22:41:24    -2397.670240        0.231310
MDMin:  254 22:41:26    -2397.671110        0.231968
MDMin:  255 22:41:28    -2397.671934        0.245505
MDMin:  256 22:41:30    -2397.672678        0.232852
MDMin:  257 22:41:31    -2397.673355        0.233087
MDMin:  258 22:41:33    -2397.674010        0.233218
MDMin:  259 22:41:35    -2397.674681        0.233253
MDMin:  260 22:41:37    -2397.675386        0.233180
MDMin:  261 22:41:39    -2397.676133        0.232995
MDMin:  262 22:41:40    -2397.676922        0.232674
MDMin:  263 22:41:42    -2397.677751        0.232192
MDMin:  264 22:41:44    -2397.678609        0.231528
MDMin:  265 22:41:46    -2397.679479        0.230678
MDMin:  266 22:41:48    -2397.680323        0.229679
MDMin:  267 22:41:50    -2397.681103        0.246766
MDMin:  268 22:41:51    -2397.681805        0.227501
MDMin:  269 22:41:52    -2397.682468        0.226362
MDMin:  270 22:41:54    -2397.683135        0.225124
MDMin:  271 22:41:56    -2397.683834        0.223737
MDMin:  272 22:41:57    -2397.684576        0.222173
MDMin:  273 22:41:58    -2397.685366        0.220410
MDMin:  274 22:42:00    -2397.686202        0.218441
MDMin:  275 22:42:01    -2397.687078        0.216269
MDMin:  276 22:42:03    -2397.687977        0.213931
MDMin:  277 22:42:04    -2397.688869        0.227396
MDMin:  278 22:42:06    -2397.689708        0.222146
MDMin:  279 22:42:07    -2397.690465        0.228043
MDMin:  280 22:42:09    -2397.691162        0.204784
MDMin:  281 22:42:11    -2397.691851        0.202654
MDMin:  282 22:42:13    -2397.692569        0.200397
MDMin:  283 22:42:15    -2397.693331        0.197956
MDMin:  284 22:42:16    -2397.694146        0.198300
MDMin:  285 22:42:17    -2397.695013        0.198796
MDMin:  286 22:42:18    -2397.695927        0.199325
MDMin:  287 22:42:19    -2397.696876        0.199875
MDMin:  288 22:42:21    -2397.697830        0.200423
MDMin:  289 22:42:22    -2397.698743        0.230266
MDMin:  290 22:42:23    -2397.699571        0.210429
MDMin:  291 22:42:24    -2397.700319        0.201782
MDMin:  292 22:42:25    -2397.701045        0.202143
MDMin:  293 22:42:27    -2397.701794        0.202499
MDMin:  294 22:42:28    -2397.702590        0.202857
MDMin:  295 22:42:30    -2397.703440        0.203221
MDMin:  296 22:42:31    -2397.704348        0.203586
MDMin:  297 22:42:33    -2397.705309        0.203945
MDMin:  298 22:42:34    -2397.706313        0.204287
MDMin:  299 22:42:36    -2397.707335        0.204601
MDMin:  300 22:42:38    -2397.708329        0.204869
MDMin:  301 22:42:40    -2397.709242        0.218662
MDMin:  302 22:42:42    -2397.710059        0.205229
MDMin:  303 22:42:44    -2397.710829        0.205345
MDMin:  304 22:42:46    -2397.711609        0.205437
MDMin:  305 22:42:47    -2397.712432        0.205510
MDMin:  306 22:42:49    -2397.713310        0.205564
MDMin:  307 22:42:51    -2397.714246        0.205627
MDMin:  308 22:42:53    -2397.715239        0.207339
MDMin:  309 22:42:54    -2397.716281        0.208684
MDMin:  310 22:42:56    -2397.717353        0.209440
MDMin:  311 22:42:57    -2397.718419        0.209462
MDMin:  312 22:42:58    -2397.719424        0.208804
MDMin:  313 22:43:00    -2397.720325        0.207712
MDMin:  314 22:43:01    -2397.721143        0.206374
MDMin:  315 22:43:03    -2397.721944        0.204811
MDMin:  316 22:43:04    -2397.722773        0.204231
MDMin:  317 22:43:06    -2397.723652        0.203815
MDMin:  318 22:43:07    -2397.724587        0.203299
MDMin:  319 22:43:08    -2397.725581        0.202664
MDMin:  320 22:43:09    -2397.726626        0.201897
MDMin:  321 22:43:10    -2397.727710        0.200993
MDMin:  322 22:43:12    -2397.728805        0.199971
MDMin:  323 22:43:13    -2397.729862        0.198882
MDMin:  324 22:43:14    -2397.730823        0.199096
MDMin:  325 22:43:15    -2397.731444        0.196780
MDMin:  326 22:43:17    -2397.731951        0.195768
MDMin:  327 22:43:18    -2397.732460        0.194666
MDMin:  328 22:43:19    -2397.732989        0.193449
MDMin:  329 22:43:20    -2397.733547        0.192100
MDMin:  330 22:43:22    -2397.734134        0.190620
MDMin:  331 22:43:23    -2397.734750        0.194137
MDMin:  332 22:43:24    -2397.735386        0.197675
MDMin:  333 22:43:25    -2397.736032        0.200948
MDMin:  334 22:43:27    -2397.736663        0.203821
MDMin:  335 22:43:28    -2397.737247        0.206181
MDMin:  336 22:43:29    -2397.737763        0.208025
MDMin:  337 22:43:31    -2397.738231        0.209506
MDMin:  338 22:43:32    -2397.738690        0.210796
MDMin:  339 22:43:34    -2397.739164        0.211969
MDMin:  340 22:43:35    -2397.739664        0.213039
MDMin:  341 22:43:36    -2397.740193        0.213998
MDMin:  342 22:43:38    -2397.740749        0.214832
MDMin:  343 22:43:40    -2397.741331        0.215539
MDMin:  344 22:43:41    -2397.741927        0.216129
MDMin:  345 22:43:43    -2397.742522        0.216618
MDMin:  346 22:43:44    -2397.743086        0.217032
MDMin:  347 22:43:45    -2397.743592        0.217397
MDMin:  348 22:43:47    -2397.744042        0.217748
MDMin:  349 22:43:48    -2397.744471        0.218129
MDMin:  350 22:43:50    -2397.744908        0.218592
MDMin:  351 22:43:52    -2397.745367        0.219187
MDMin:  352 22:43:53    -2397.745854        0.219975
MDMin:  353 22:43:55    -2397.746370        0.221025
MDMin:  354 22:43:56    -2397.746158        0.438212
MDMin:  355 22:43:58    -2397.746956        0.425006
MDMin:  356 22:43:59    -2397.747248        0.236999
MDMin:  357 22:44:00    -2397.747331        0.236529
MDMin:  358 22:44:01    -2397.747190        0.412142
MDMin:  359 22:44:03    -2397.747526        0.238625
MDMin:  360 22:44:05    -2397.747329        0.407424
MDMin:  361 22:44:06    -2397.747620        0.402906
MDMin:  362 22:44:08    -2397.747746        0.244370
MDMin:  363 22:44:09    -2397.747810        0.243783
MDMin:  364 22:44:11    -2397.747457        0.397964
MDMin:  365 22:44:13    -2397.747782        0.392928
MDMin:  366 22:44:14    -2397.748097        0.249261
MDMin:  367 22:44:16    -2397.748057        0.385855
MDMin:  368 22:44:18    -2397.748221        0.250499
MDMin:  369 22:44:20    -2397.748106        0.382745
MDMin:  370 22:44:22    -2397.748333        0.251735
MDMin:  371 22:44:23    -2397.748144        0.379817
MDMin:  372 22:44:24    -2397.748407        0.375861
MDMin:  373 22:44:26    -2397.748550        0.256251
MDMin:  374 22:44:27    -2397.748609        0.370163
MDMin:  375 22:44:28    -2397.748672        0.257115
MDMin:  376 22:44:30    -2397.748635        0.367468
MDMin:  377 22:44:31    -2397.748783        0.258020
MDMin:  378 22:44:33    -2397.748652        0.364896
MDMin:  379 22:44:35    -2397.748894        0.258884
MDMin:  380 22:44:36    -2397.748666        0.362358
MDMin:  381 22:44:38    -2397.748915        0.358686
MDMin:  382 22:44:40    -2397.749111        0.262752
MDMin:  383 22:44:42    -2397.749085        0.353569
MDMin:  384 22:44:44    -2397.749233        0.263266
MDMin:  385 22:44:45    -2397.749091        0.351219
MDMin:  386 22:44:46    -2397.749331        0.347739
MDMin:  387 22:44:48    -2397.749451        0.266739
MDMin:  388 22:44:49    -2397.749482        0.343020
MDMin:  389 22:44:51    -2397.749572        0.267039
MDMin:  390 22:44:52    -2397.749476        0.340903
MDMin:  391 22:44:54    -2397.749684        0.267451
MDMin:  392 22:44:56    -2397.749463        0.338868
MDMin:  393 22:44:57    -2397.749694        0.335573
MDMin:  394 22:44:58    -2397.749901        0.270546
MDMin:  395 22:45:00    -2397.749827        0.331221
MDMin:  396 22:45:01    -2397.750022        0.270641
MDMin:  397 22:45:03    -2397.749808        0.329321
MDMin:  398 22:45:04    -2397.750034        0.326178
MDMin:  399 22:45:06    -2397.750240        0.273444
MDMin:  400 22:45:07    -2397.750152        0.322133
MDMin:  401 22:45:09    -2397.750361        0.273384
MDMin:  402 22:45:11    -2397.750125        0.320415
MDMin:  403 22:45:12    -2397.750344        0.317409
MDMin:  404 22:45:14    -2397.750579        0.275938
MDMin:  405 22:45:16    -2397.750451        0.313633
MDMin:  406 22:45:18    -2397.750670        0.310682
MDMin:  407 22:45:19    -2397.750808        0.278144
MDMin:  408 22:45:21    -2397.750771        0.307097
MDMin:  409 22:45:22    -2397.750929        0.277831
MDMin:  410 22:45:23    -2397.750730        0.305680
MDMin:  411 22:45:24    -2397.750939        0.302903
MDMin:  412 22:45:26    -2397.751147        0.279986
MDMin:  413 22:45:27    -2397.751027        0.299574
MDMin:  414 22:45:29    -2397.751237        0.296843
MDMin:  415 22:45:30    -2397.751376        0.281815
MDMin:  416 22:45:32    -2397.751319        0.293673
MDMin:  417 22:45:33    -2397.751496        0.281309
MDMin:  418 22:45:34    -2397.751267        0.292496
MDMin:  419 22:45:36    -2397.751468        0.289912
MDMin:  420 22:45:38    -2397.751715        0.283149
MDMin:  421 22:45:39    -2397.751541        0.286947
MDMin:  422 22:45:41    -2397.751742        0.284407
MDMin:  423 22:45:43    -2397.751943        0.284679
MDMin:  424 22:45:45    -2397.751811        0.281580
MDMin:  425 22:45:47    -2397.752009        0.279128
MDMin:  426 22:45:49    -2397.752171        0.286070
MDMin:  427 22:45:50    -2397.752072        0.276466
MDMin:  428 22:45:52    -2397.752266        0.274096
MDMin:  429 22:45:53    -2397.752400        0.287337
MDMin:  430 22:45:55    -2397.752323        0.271580
MDMin:  431 22:45:56    -2397.752515        0.269286
MDMin:  432 22:45:57    -2397.752628        0.288494
MDMin:  433 22:45:59    -2397.752566        0.266904
MDMin:  434 22:46:01    -2397.752747        0.287648
MDMin:  435 22:46:02    -2397.752493        0.266180
MDMin:  436 22:46:04    -2397.752678        0.263980
MDMin:  437 22:46:05    -2397.752966        0.288922
MDMin:  438 22:46:06    -2397.752724        0.261704
MDMin:  439 22:46:08    -2397.752909        0.259540
MDMin:  440 22:46:09    -2397.753193        0.289923
MDMin:  441 22:46:10    -2397.752953        0.260238
MDMin:  442 22:46:12    -2397.753135        0.261486
MDMin:  443 22:46:13    -2397.753420        0.290832
MDMin:  444 22:46:14    -2397.753175        0.262670
MDMin:  445 22:46:16    -2397.753354        0.263877
MDMin:  446 22:46:17    -2397.753648        0.291661
MDMin:  447 22:46:19    -2397.753391        0.265012
MDMin:  448 22:46:21    -2397.753567        0.266182
MDMin:  449 22:46:23    -2397.753875        0.292418
MDMin:  450 22:46:25    -2397.753600        0.267274
MDMin:  451 22:46:27    -2397.753774        0.268410
MDMin:  452 22:46:29    -2397.754095        0.270442
MDMin:  453 22:46:31    -2397.754262        0.295569
MDMin:  454 22:46:32    -2397.754235        0.272083
MDMin:  455 22:46:34    -2397.754386        0.294204
MDMin:  456 22:46:35    -2397.754144        0.272286
MDMin:  457 22:46:37    -2397.754310        0.273335
MDMin:  458 22:46:39    -2397.754605        0.294920
MDMin:  459 22:46:41    -2397.754330        0.274313
MDMin:  460 22:46:43    -2397.754496        0.275346
MDMin:  461 22:46:45    -2397.754804        0.277201
MDMin:  462 22:46:47    -2397.754993        0.297748
MDMin:  463 22:46:49    -2397.754931        0.278691
MDMin:  464 22:46:51    -2397.755094        0.279632
MDMin:  465 22:46:53    -2397.755226        0.297874
MDMin:  466 22:46:55    -2397.755106        0.280423
MDMin:  467 22:46:56    -2397.755265        0.281340
MDMin:  468 22:46:58    -2397.755453        0.298151
MDMin:  469 22:47:00    -2397.755274        0.282138
MDMin:  470 22:47:01    -2397.755431        0.283037
MDMin:  471 22:47:03    -2397.755678        0.298407
MDMin:  472 22:47:04    -2397.755439        0.283834
MDMin:  473 22:47:05    -2397.755594        0.284711
MDMin:  474 22:47:06    -2397.755884        0.286297
MDMin:  475 22:47:08    -2397.756067        0.300820
MDMin:  476 22:47:09    -2397.755996        0.287541
MDMin:  477 22:47:11    -2397.756148        0.288336
MDMin:  478 22:47:12    -2397.756299        0.300742
MDMin:  479 22:47:13    -2397.756148        0.288980
MDMin:  480 22:47:14    -2397.756297        0.289758
MDMin:  481 22:47:15    -2397.756525        0.300821
MDMin:  482 22:47:17    -2397.756296        0.290417
MDMin:  483 22:47:18    -2397.756444        0.291180
MDMin:  484 22:47:19    -2397.756721        0.292564
MDMin:  485 22:47:21    -2397.756915        0.302972
MDMin:  486 22:47:23    -2397.756822        0.293624
MDMin:  487 22:47:24    -2397.756967        0.294310
MDMin:  488 22:47:26    -2397.757146        0.302770
MDMin:  489 22:47:28    -2397.756960        0.294844
MDMin:  490 22:47:30    -2397.757102        0.295517
MDMin:  491 22:47:31    -2397.757370        0.296743
MDMin:  492 22:47:33    -2397.757538        0.304727
MDMin:  493 22:47:35    -2397.757464        0.297648
MDMin:  494 22:47:37    -2397.757603        0.298252
MDMin:  495 22:47:39    -2397.757768        0.304436
MDMin:  496 22:47:41    -2397.757590        0.298699
MDMin:  497 22:47:43    -2397.757727        0.299295
MDMin:  498 22:47:45    -2397.757987        0.300380
MDMin:  499 22:47:47    -2397.758161        0.306239
MDMin:  500 22:47:48    -2397.758074        0.301156
MDMin:  501 22:47:49    -2397.758208        0.301685
MDMin:  502 22:47:50    -2397.758392        0.305878
MDMin:  503 22:47:51    -2397.758191        0.302057
MDMin:  504 22:47:52    -2397.758323        0.302578
MDMin:  505 22:47:54    -2397.758575        0.303528
MDMin:  506 22:47:56    -2397.758787        0.307556
MDMin:  507 22:47:58    -2397.758658        0.304182
MDMin:  508 22:48:00    -2397.758787        0.304637
MDMin:  509 22:48:02    -2397.759017        0.307142
MDMin:  510 22:48:04    -2397.758766        0.304939
MDMin:  511 22:48:06    -2397.758894        0.305388
MDMin:  512 22:48:08    -2397.759139        0.306205
MDMin:  513 22:48:10    -2397.759414        0.308716
MDMin:  514 22:48:12    -2397.759217        0.306738
MDMin:  515 22:48:14    -2397.759343        0.307122
MDMin:  516 22:48:15    -2397.759583        0.307818
MDMin:  517 22:48:18    -2397.759817        0.310067
MDMin:  518 22:48:19    -2397.759656        0.308220
MDMin:  519 22:48:20    -2397.759778        0.308548
MDMin:  520 22:48:21    -2397.760013        0.309141
MDMin:  521 22:48:23    -2397.760222        0.311321
MDMin:  522 22:48:25    -2397.760082        0.309440
MDMin:  523 22:48:26    -2397.760202        0.309718
MDMin:  524 22:48:27    -2397.760432        0.310216
MDMin:  525 22:48:29    -2397.760629        0.315604
MDMin:  526 22:48:30    -2397.760496        0.310427
MDMin:  527 22:48:31    -2397.760613        0.310657
MDMin:  528 22:48:33    -2397.760839        0.311063
MDMin:  529 22:48:34    -2397.761038        0.323264
MDMin:  530 22:48:36    -2397.760899        0.311192
MDMin:  531 22:48:37    -2397.761014        0.311374
MDMin:  532 22:48:39    -2397.761235        0.311691
MDMin:  533 22:48:40    -2397.761450        0.330748
MDMin:  534 22:48:42    -2397.761292        0.311741
MDMin:  535 22:48:44    -2397.761404        0.311878
MDMin:  536 22:48:45    -2397.761621        0.312106
MDMin:  537 22:48:46    -2397.761865        0.338048
MDMin:  538 22:48:48    -2397.761675        0.312079
MDMin:  539 22:48:50    -2397.761784        0.312169
MDMin:  540 22:48:51    -2397.761998        0.312309
MDMin:  541 22:48:53    -2397.762282        0.345158
MDMin:  542 22:48:54    -2397.762048        0.312208
MDMin:  543 22:48:56    -2397.762156        0.312253
MDMin:  544 22:48:57    -2397.762366        0.312305
MDMin:  545 22:48:59    -2397.762675        0.312277
MDMin:  546 22:49:00    -2397.762792        0.319443
MDMin:  547 22:49:02    -2397.762232        0.311667
MDMin:  548 22:49:04    -2397.762559        0.312059
MDMin:  549 22:49:06    -2397.761844        0.310521
MDMin:  550 22:49:08    -2397.762227        0.309775
MDMin:  551 22:49:10    -2397.762103        0.308683
MDMin:  552 22:49:12    -2397.761828        0.307636
MDMin:  553 22:49:14    -2397.761884        0.306451
MDMin:  554 22:49:16    -2397.761489        0.305315
MDMin:  555 22:49:18    -2397.761694        0.304035
MDMin:  556 22:49:20    -2397.761187        0.302799
MDMin:  557 22:49:21    -2397.761522        0.301412
MDMin:  558 22:49:23    -2397.760912        0.300065
MDMin:  559 22:49:24    -2397.761319        0.298564
MDMin:  560 22:49:26    -2397.761151        0.296519
MDMin:  561 22:49:28    -2397.761035        0.294674
MDMin:  562 22:49:30    -2397.760973        0.292730
MDMin:  563 22:49:31    -2397.760787        0.290920
MDMin:  564 22:49:33    -2397.760816        0.288985
MDMin:  565 22:49:35    -2397.760564        0.287148
MDMin:  566 22:49:37    -2397.760672        0.285177
MDMin:  567 22:49:39    -2397.760360        0.283286
MDMin:  568 22:49:41    -2397.760535        0.281258
MDMin:  569 22:49:43    -2397.760172        0.279304
MDMin:  570 22:49:45    -2397.760405        0.277215
MDMin:  571 22:49:47    -2397.760000        0.275197
MDMin:  572 22:49:49    -2397.760280        0.273050
MDMin:  573 22:49:50    -2397.759842        0.270973
MDMin:  574 22:49:52    -2397.760159        0.268775
MDMin:  575 22:49:54    -2397.759697        0.266646
MDMin:  576 22:49:55    -2397.760042        0.264405
MDMin:  577 22:49:56    -2397.759563        0.262233
MDMin:  578 22:49:59    -2397.759928        0.259958
MDMin:  579 22:50:01    -2397.759442        0.257753
MDMin:  580 22:50:02    -2397.759817        0.255453
MDMin:  581 22:50:03    -2397.759331        0.253222
MDMin:  582 22:50:05    -2397.759709        0.250905
MDMin:  583 22:50:06    -2397.759229        0.248657
MDMin:  584 22:50:08    -2397.759604        0.246331
MDMin:  585 22:50:09    -2397.759137        0.244074
MDMin:  586 22:50:11    -2397.759501        0.241747
MDMin:  587 22:50:13    -2397.759053        0.239487
MDMin:  588 22:50:15    -2397.759399        0.237165
MDMin:  589 22:50:16    -2397.758978        0.234909
MDMin:  590 22:50:17    -2397.759300        0.232598
MDMin:  591 22:50:18    -2397.758910        0.230352
MDMin:  592 22:50:20    -2397.759202        0.229837
MDMin:  593 22:50:22    -2397.758849        0.225827
MDMin:  594 22:50:23    -2397.759106        0.227435
MDMin:  595 22:50:25    -2397.758794        0.221343
MDMin:  596 22:50:27    -2397.759011        0.225116
MDMin:  597 22:50:28    -2397.758746        0.216909
MDMin:  598 22:50:30    -2397.758918        0.222877
MDMin:  599 22:50:31    -2397.758703        0.212531
MDMin:  600 22:50:33    -2397.758825        0.220712
MDMin:  601 22:50:34    -2397.758665        0.208215
MDMin:  602 22:50:35    -2397.758734        0.218618
MDMin:  603 22:50:37    -2397.758633        0.203968
MDMin:  604 22:50:38    -2397.758644        0.216591
MDMin:  605 22:50:39    -2397.758605        0.199791
MDMin:  606 22:50:41    -2397.758555        0.214628
MDMin:  607 22:50:43    -2397.758565        0.208985
MDMin:  608 22:50:44    -2397.757997        0.193057
MDMin:  609 22:50:46    -2397.758471        0.206644
MDMin:  610 22:50:47    -2397.758037        0.188360
MDMin:  611 22:50:48    -2397.758384        0.204776
MDMin:  612 22:50:49    -2397.758064        0.184124
MDMin:  613 22:50:51    -2397.758301        0.203140
MDMin:  614 22:50:52    -2397.758084        0.180148
MDMin:  615 22:50:53    -2397.758220        0.201626
MDMin:  616 22:50:55    -2397.758102        0.176339
MDMin:  617 22:50:57    -2397.758139        0.200184
MDMin:  618 22:50:58    -2397.758120        0.174923
MDMin:  619 22:50:59    -2397.758058        0.198787
MDMin:  620 22:51:01    -2397.758069        0.193393
MDMin:  621 22:51:02    -2397.757603        0.179489
MDMin:  622 22:51:04    -2397.757985        0.191776
MDMin:  623 22:51:06    -2397.757683        0.178169
MDMin:  624 22:51:07    -2397.757907        0.190485
MDMin:  625 22:51:09    -2397.757745        0.177117
MDMin:  626 22:51:11    -2397.757830        0.189350
MDMin:  627 22:51:12    -2397.757798        0.178559
MDMin:  628 22:51:13    -2397.757755        0.188291
MDMin:  629 22:51:15    -2397.757766        0.182969
MDMin:  630 22:51:17    -2397.757335        0.181931
MDMin:  631 22:51:18    -2397.757689        0.183210
MDMin:  632 22:51:20    -2397.757443        0.184469
MDMin:  633 22:51:21    -2397.757616        0.185697
MDMin:  634 22:51:23    -2397.757528        0.186932
MDMin:  635 22:51:25    -2397.757544        0.188158
MDMin:  636 22:51:26    -2397.757556        0.189407
MDMin:  637 22:51:28    -2397.757107        0.191044
MDMin:  638 22:51:29    -2397.757485        0.192581
MDMin:  639 22:51:31    -2397.757237        0.194100
MDMin:  640 22:51:32    -2397.757416        0.195571
MDMin:  641 22:51:34    -2397.757341        0.197055
MDMin:  642 22:51:35    -2397.757349        0.198519
MDMin:  643 22:51:36    -2397.757361        0.200011
MDMin:  644 22:51:37    -2397.756953        0.201945
MDMin:  645 22:51:39    -2397.757295        0.203757
MDMin:  646 22:51:41    -2397.757098        0.205554
MDMin:  647 22:51:42    -2397.757230        0.207287
MDMin:  648 22:51:43    -2397.757216        0.209037
MDMin:  649 22:51:45    -2397.757166        0.210754
MDMin:  650 22:51:46    -2397.757179        0.212505
MDMin:  651 22:51:48    -2397.756852        0.214746
MDMin:  652 22:51:49    -2397.757118        0.216843
MDMin:  653 22:51:50    -2397.757009        0.218924
MDMin:  654 22:51:52    -2397.757056        0.220923
MDMin:  655 22:51:53    -2397.757072        0.222941
MDMin:  656 22:51:55    -2397.756669        0.225480
MDMin:  657 22:51:56    -2397.757016        0.227835
MDMin:  658 22:51:58    -2397.756846        0.230163
MDMin:  659 22:51:59    -2397.756960        0.232382
MDMin:  660 22:52:00    -2397.756977        0.234613
MDMin:  661 22:52:01    -2397.756528        0.237383
MDMin:  662 22:52:03    -2397.756927        0.239938
MDMin:  663 22:52:04    -2397.756719        0.242460
MDMin:  664 22:52:05    -2397.756875        0.244849
MDMin:  665 22:52:07    -2397.756876        0.247242
MDMin:  666 22:52:09    -2397.756821        0.249545
MDMin:  667 22:52:11    -2397.756838        0.251868
MDMin:  668 22:52:13    -2397.756558        0.254720
MDMin:  669 22:52:15    -2397.756792        0.257356
MDMin:  670 22:52:17    -2397.756744        0.259950
MDMin:  671 22:52:19    -2397.756743        0.262401
MDMin:  672 22:52:20    -2397.756762        0.264838
MDMin:  673 22:52:22    -2397.756439        0.267767
MDMin:  674 22:52:24    -2397.756723        0.270439
MDMin:  675 22:52:26    -2397.756640        0.273036
MDMin:  676 22:52:28    -2397.756679        0.275453
MDMin:  677 22:52:29    -2397.756701        0.277825
MDMin:  678 22:52:31    -2397.756345        0.280612
MDMin:  679 22:52:32    -2397.756669        0.283109
MDMin:  680 22:52:34    -2397.756555        0.285493
MDMin:  681 22:52:36    -2397.756630        0.287665
MDMin:  682 22:52:38    -2397.756655        0.289746
MDMin:  683 22:52:40    -2397.756265        0.292112
MDMin:  684 22:52:42    -2397.756629        0.294161
MDMin:  685 22:52:43    -2397.756481        0.296042
MDMin:  686 22:52:44    -2397.756597        0.297678
MDMin:  687 22:52:45    -2397.756624        0.299163
MDMin:  688 22:52:47    -2397.756193        0.300739
MDMin:  689 22:52:49    -2397.756605        0.301975
MDMin:  690 22:52:50    -2397.756413        0.302977
MDMin:  691 22:52:52    -2397.756578        0.303706
MDMin:  692 22:52:53    -2397.756593        0.304219
MDMin:  693 22:52:54    -2397.756546        0.304492
MDMin:  694 22:52:56    -2397.756572        0.304551
MDMin:  695 22:52:58    -2397.756282        0.304370
MDMin:  696 22:52:59    -2397.756555        0.303888
MDMin:  697 22:53:00    -2397.756481        0.303124
MDMin:  698 22:53:01    -2397.756531        0.302121
MDMin:  699 22:53:02    -2397.756560        0.300862
MDMin:  700 22:53:04    -2397.756177        0.299103
MDMin:  701 22:53:05    -2397.756552        0.297120
MDMin:  702 22:53:06    -2397.756383        0.294870
MDMin:  703 22:53:08    -2397.756535        0.292467
MDMin:  704 22:53:09    -2397.756550        0.289844
MDMin:  705 22:53:10    -2397.756512        0.287112
MDMin:  706 22:53:11    -2397.756539        0.284199
MDMin:  707 22:53:13    -2397.756232        0.280584
MDMin:  708 22:53:14    -2397.756532        0.276974
MDMin:  709 22:53:15    -2397.756415        0.273244
MDMin:  710 22:53:17    -2397.756516        0.269553
MDMin:  711 22:53:18    -2397.756545        0.265782
MDMin:  712 22:53:19    -2397.756111        0.261262
MDMin:  713 22:53:20    -2397.756544        0.256939
MDMin:  714 22:53:21    -2397.756298        0.252622
MDMin:  715 22:53:23    -2397.756532        0.248491
MDMin:  716 22:53:24    -2397.756446        0.244381
MDMin:  717 22:53:25    -2397.756513        0.240437
MDMin:  718 22:53:27    -2397.756537        0.236520
MDMin:  719 22:53:28    -2397.756144        0.231903
MDMin:  720 22:53:30    -2397.756532        0.227611
MDMin:  721 22:53:32    -2397.756304        0.223428
MDMin:  722 22:53:33    -2397.756517        0.219505
MDMin:  723 22:53:35    -2397.756431        0.215669
MDMin:  724 22:53:36    -2397.756497        0.212043
MDMin:  725 22:53:37    -2397.756517        0.208486
MDMin:  726 22:53:38    -2397.756141        0.204301
MDMin:  727 22:53:39    -2397.756508        0.200469
MDMin:  728 22:53:41    -2397.756281        0.196777
MDMin:  729 22:53:42    -2397.756491        0.193349
MDMin:  730 22:53:43    -2397.756393        0.190020
MDMin:  731 22:53:44    -2397.756469        0.186894
MDMin:  732 22:53:46    -2397.756484        0.183842
MDMin:  733 22:53:47    -2397.756444        0.180951
MDMin:  734 22:53:48    -2397.756458        0.178115
MDMin:  735 22:53:50    -2397.756207        0.174737
MDMin:  736 22:53:51    -2397.756441        0.171658
MDMin:  737 22:53:52    -2397.756319        0.168703
MDMin:  738 22:53:53    -2397.756419        0.165961
MDMin:  739 22:53:55    -2397.756409        0.163301
MDMin:  740 22:53:57    -2397.756394        0.160801
MDMin:  741 22:53:59    -2397.756406        0.158358
MDMin:  742 22:54:01    -2397.756150        0.155434
MDMin:  743 22:54:03    -2397.756388        0.152789
MDMin:  744 22:54:05    -2397.756256        0.150257
MDMin:  745 22:54:07    -2397.756365        0.147918
