       Step     Time          Energy          fmax
MDMin:    0 09:08:06    -2397.725896        0.148596
MDMin:    1 09:08:08    -2397.725895        0.148580
MDMin:    2 09:08:10    -2397.725893        0.148530
MDMin:    3 09:08:12    -2397.725888        0.148447
MDMin:    4 09:08:13    -2397.725881        0.148331
MDMin:    5 09:08:15    -2397.725873        0.148182
MDMin:    6 09:08:16    -2397.725863        0.147999
MDMin:    7 09:08:17    -2397.725851        0.147783
MDMin:    8 09:08:19    -2397.725837        0.147534
MDMin:    9 09:08:20    -2397.725822        0.147251
MDMin:   10 09:08:21    -2397.725805        0.146935
MDMin:   11 09:08:22    -2397.725786        0.146584
MDMin:   12 09:08:24    -2397.725766        0.146200
MDMin:   13 09:08:26    -2397.725745        0.145781
MDMin:   14 09:08:28    -2397.725722        0.145329
MDMin:   15 09:08:29    -2397.725698        0.144842
MDMin:   16 09:08:31    -2397.725673        0.144320
MDMin:   17 09:08:32    -2397.725647        0.143764
MDMin:   18 09:08:34    -2397.725620        0.143174
MDMin:   19 09:08:35    -2397.725593        0.142549
MDMin:   20 09:08:37    -2397.725564        0.141889
MDMin:   21 09:08:38    -2397.725535        0.141195
MDMin:   22 09:08:39    -2397.725506        0.140467
MDMin:   23 09:08:41    -2397.725477        0.139704
MDMin:   24 09:08:42    -2397.725447        0.138906
MDMin:   25 09:08:43    -2397.725417        0.138075
MDMin:   26 09:08:44    -2397.725388        0.137210
MDMin:   27 09:08:46    -2397.725359        0.136311
MDMin:   28 09:08:47    -2397.725330        0.135378
MDMin:   29 09:08:49    -2397.725302        0.134413
MDMin:   30 09:08:50    -2397.725275        0.133414
MDMin:   31 09:08:51    -2397.725248        0.132384
MDMin:   32 09:08:52    -2397.725223        0.131321
MDMin:   33 09:08:54    -2397.725199        0.130226
MDMin:   34 09:08:55    -2397.725176        0.129100
MDMin:   35 09:08:56    -2397.725155        0.127943
MDMin:   36 09:08:58    -2397.725136        0.126755
MDMin:   37 09:08:59    -2397.725118        0.125537
MDMin:   38 09:09:00    -2397.725103        0.124290
MDMin:   39 09:09:02    -2397.725090        0.123013
MDMin:   40 09:09:03    -2397.725079        0.121708
MDMin:   41 09:09:04    -2397.725070        0.120375
MDMin:   42 09:09:06    -2397.725065        0.119014
MDMin:   43 09:09:08    -2397.725062        0.117627
MDMin:   44 09:09:10    -2397.725061        0.116214
MDMin:   45 09:09:11    -2397.725064        0.114777
MDMin:   46 09:09:12    -2397.725071        0.113316
MDMin:   47 09:09:14    -2397.725080        0.111833
MDMin:   48 09:09:15    -2397.725093        0.110331
MDMin:   49 09:09:17    -2397.725109        0.108810
MDMin:   50 09:09:19    -2397.725130        0.107890
MDMin:   51 09:09:21    -2397.725154        0.108211
MDMin:   52 09:09:23    -2397.725181        0.108519
MDMin:   53 09:09:24    -2397.725213        0.108813
MDMin:   54 09:09:26    -2397.725249        0.109092
MDMin:   55 09:09:28    -2397.725289        0.109354
MDMin:   56 09:09:30    -2397.725333        0.109597
MDMin:   57 09:09:32    -2397.725382        0.109821
MDMin:   58 09:09:33    -2397.725435        0.110023
MDMin:   59 09:09:35    -2397.725492        0.110203
MDMin:   60 09:09:36    -2397.725554        0.110360
MDMin:   61 09:09:38    -2397.725620        0.110492
MDMin:   62 09:09:40    -2397.725691        0.111244
MDMin:   63 09:09:42    -2397.725766        0.115649
MDMin:   64 09:09:43    -2397.725845        0.120418
MDMin:   65 09:09:45    -2397.725929        0.125544
MDMin:   66 09:09:47    -2397.726017        0.131000
MDMin:   67 09:09:48    -2397.726110        0.136736
MDMin:   68 09:09:50    -2397.726206        0.142666
MDMin:   69 09:09:51    -2397.726307        0.148668
MDMin:   70 09:09:53    -2397.726411        0.154572
MDMin:   71 09:09:54    -2397.726519        0.160161
MDMin:   72 09:09:55    -2397.726631        0.165184
MDMin:   73 09:09:57    -2397.726746        0.169372
MDMin:   74 09:09:58    -2397.726865        0.172480
MDMin:   75 09:10:00    -2397.726989        0.174344
MDMin:   76 09:10:02    -2397.727116        0.174933
MDMin:   77 09:10:04    -2397.727248        0.174383
MDMin:   78 09:10:06    -2397.727385        0.172976
MDMin:   79 09:10:07    -2397.727527        0.171049
MDMin:   80 09:10:09    -2397.727675        0.168873
MDMin:   81 09:10:11    -2397.727828        0.166560
MDMin:   82 09:10:13    -2397.727987        0.164070
MDMin:   83 09:10:14    -2397.728152        0.161283
MDMin:   84 09:10:16    -2397.728324        0.158092
MDMin:   85 09:10:17    -2397.728501        0.154455
MDMin:   86 09:10:19    -2397.728685        0.150400
MDMin:   87 09:10:20    -2397.728875        0.145998
MDMin:   88 09:10:21    -2397.729072        0.141346
MDMin:   89 09:10:22    -2397.729275        0.136543
MDMin:   90 09:10:24    -2397.729485        0.131679
MDMin:   91 09:10:26    -2397.729702        0.126832
MDMin:   92 09:10:28    -2397.729925        0.122068
MDMin:   93 09:10:29    -2397.730156        0.117441
MDMin:   94 09:10:31    -2397.730392        0.112990
MDMin:   95 09:10:33    -2397.730636        0.108746
MDMin:   96 09:10:35    -2397.730887        0.105330
MDMin:   97 09:10:37    -2397.731144        0.104899
MDMin:   98 09:10:38    -2397.731408        0.104446
MDMin:   99 09:10:40    -2397.731679        0.103970
MDMin:  100 09:10:42    -2397.731957        0.103473
MDMin:  101 09:10:43    -2397.732242        0.102956
MDMin:  102 09:10:44    -2397.732535        0.102418
MDMin:  103 09:10:46    -2397.732834        0.101861
MDMin:  104 09:10:48    -2397.733140        0.101286
MDMin:  105 09:10:50    -2397.733453        0.100694
MDMin:  106 09:10:51    -2397.733774        0.100086
MDMin:  107 09:10:53    -2397.734102        0.099463
MDMin:  108 09:10:54    -2397.734437        0.098825
MDMin:  109 09:10:56    -2397.734779        0.098175
MDMin:  110 09:10:57    -2397.735129        0.097807
MDMin:  111 09:10:58    -2397.735486        0.098543
MDMin:  112 09:11:00    -2397.735850        0.099289
MDMin:  113 09:11:02    -2397.736222        0.100043
MDMin:  114 09:11:04    -2397.736601        0.100801
MDMin:  115 09:11:06    -2397.736988        0.101561
MDMin:  116 09:11:08    -2397.737382        0.102319
MDMin:  117 09:11:10    -2397.737781        0.103070
MDMin:  118 09:11:12    -2397.738181        0.103799
MDMin:  119 09:11:14    -2397.738559        0.112726
MDMin:  120 09:11:15    -2397.738851        0.130811
MDMin:  121 09:11:17    -2397.739036        0.105235
MDMin:  122 09:11:18    -2397.739200        0.105489
MDMin:  123 09:11:20    -2397.739367        0.105743
MDMin:  124 09:11:21    -2397.739538        0.105998
MDMin:  125 09:11:22    -2397.739712        0.106255
MDMin:  126 09:11:24    -2397.739891        0.106512
MDMin:  127 09:11:25    -2397.740075        0.106768
MDMin:  128 09:11:26    -2397.740262        0.107024
MDMin:  129 09:11:27    -2397.740454        0.107278
MDMin:  130 09:11:28    -2397.740649        0.107529
MDMin:  131 09:11:30    -2397.740850        0.107777
MDMin:  132 09:11:31    -2397.741054        0.108021
MDMin:  133 09:11:33    -2397.741263        0.108259
MDMin:  134 09:11:34    -2397.741477        0.108490
MDMin:  135 09:11:35    -2397.741695        0.108715
MDMin:  136 09:11:37    -2397.741917        0.108930
MDMin:  137 09:11:38    -2397.742144        0.109135
MDMin:  138 09:11:40    -2397.742376        0.109329
MDMin:  139 09:11:41    -2397.742612        0.109511
MDMin:  140 09:11:43    -2397.742853        0.109678
MDMin:  141 09:11:44    -2397.743099        0.109830
MDMin:  142 09:11:46    -2397.743350        0.109965
MDMin:  143 09:11:47    -2397.743605        0.110081
MDMin:  144 09:11:49    -2397.743866        0.110178
MDMin:  145 09:11:50    -2397.744131        0.110254
MDMin:  146 09:11:52    -2397.744401        0.110306
MDMin:  147 09:11:53    -2397.744677        0.110335
MDMin:  148 09:11:54    -2397.744957        0.110338
MDMin:  149 09:11:55    -2397.745242        0.110316
MDMin:  150 09:11:57    -2397.745533        0.110267
MDMin:  151 09:11:58    -2397.745829        0.110190
MDMin:  152 09:12:00    -2397.746130        0.110084
MDMin:  153 09:12:01    -2397.746437        0.109949
MDMin:  154 09:12:02    -2397.746749        0.109783
MDMin:  155 09:12:04    -2397.747066        0.109586
MDMin:  156 09:12:05    -2397.747389        0.109357
MDMin:  157 09:12:07    -2397.747717        0.109095
MDMin:  158 09:12:09    -2397.748051        0.108800
MDMin:  159 09:12:11    -2397.748391        0.108473
MDMin:  160 09:12:13    -2397.748737        0.108113
MDMin:  161 09:12:14    -2397.749088        0.107721
MDMin:  162 09:12:16    -2397.749445        0.107297
MDMin:  163 09:12:18    -2397.749808        0.106842
MDMin:  164 09:12:20    -2397.750176        0.106972
MDMin:  165 09:12:22    -2397.750551        0.107176
MDMin:  166 09:12:24    -2397.750932        0.107360
MDMin:  167 09:12:25    -2397.751319        0.107522
MDMin:  168 09:12:27    -2397.751713        0.107661
MDMin:  169 09:12:29    -2397.752112        0.107777
MDMin:  170 09:12:31    -2397.752518        0.107867
MDMin:  171 09:12:33    -2397.752930        0.107933
MDMin:  172 09:12:35    -2397.753349        0.107972
MDMin:  173 09:12:37    -2397.753774        0.107984
MDMin:  174 09:12:39    -2397.754206        0.107970
MDMin:  175 09:12:41    -2397.754644        0.107928
MDMin:  176 09:12:42    -2397.755089        0.107858
MDMin:  177 09:12:43    -2397.755541        0.107761
MDMin:  178 09:12:45    -2397.755999        0.107637
MDMin:  179 09:12:46    -2397.756465        0.107486
MDMin:  180 09:12:47    -2397.756937        0.107308
MDMin:  181 09:12:49    -2397.757417        0.107104
MDMin:  182 09:12:50    -2397.757903        0.106874
MDMin:  183 09:12:52    -2397.758396        0.106619
MDMin:  184 09:12:54    -2397.758896        0.106341
MDMin:  185 09:12:56    -2397.759403        0.106039
MDMin:  186 09:12:57    -2397.759917        0.105716
MDMin:  187 09:12:58    -2397.760438        0.105371
MDMin:  188 09:12:59    -2397.760965        0.105008
MDMin:  189 09:13:00    -2397.761497        0.104627
MDMin:  190 09:13:02    -2397.762029        0.104236
MDMin:  191 09:13:03    -2397.762538        0.103853
MDMin:  192 09:13:04    -2397.762964        0.116912
MDMin:  193 09:13:05    -2397.763254        0.103307
MDMin:  194 09:13:07    -2397.763488        0.103124
MDMin:  195 09:13:08    -2397.763719        0.102939
MDMin:  196 09:13:09    -2397.763954        0.102748
MDMin:  197 09:13:11    -2397.764195        0.102551
MDMin:  198 09:13:12    -2397.764441        0.103291
MDMin:  199 09:13:13    -2397.764692        0.104150
MDMin:  200 09:13:14    -2397.764948        0.105046
MDMin:  201 09:13:16    -2397.765209        0.105982
MDMin:  202 09:13:17    -2397.765476        0.106958
MDMin:  203 09:13:18    -2397.765747        0.107978
MDMin:  204 09:13:19    -2397.766024        0.109044
MDMin:  205 09:13:21    -2397.766306        0.110157
MDMin:  206 09:13:23    -2397.766594        0.111321
MDMin:  207 09:13:25    -2397.766886        0.112539
MDMin:  208 09:13:26    -2397.767184        0.113812
MDMin:  209 09:13:28    -2397.767486        0.115145
MDMin:  210 09:13:30    -2397.767794        0.116541
MDMin:  211 09:13:31    -2397.768107        0.118004
MDMin:  212 09:13:33    -2397.768425        0.119537
MDMin:  213 09:13:34    -2397.768748        0.121144
MDMin:  214 09:13:36    -2397.769076        0.122831
MDMin:  215 09:13:37    -2397.769409        0.124601
MDMin:  216 09:13:39    -2397.769746        0.126461
MDMin:  217 09:13:40    -2397.770089        0.128415
MDMin:  218 09:13:43    -2397.770436        0.130470
MDMin:  219 09:13:44    -2397.770788        0.132632
MDMin:  220 09:13:46    -2397.771145        0.134906
MDMin:  221 09:13:47    -2397.771506        0.137301
MDMin:  222 09:13:48    -2397.771872        0.139824
MDMin:  223 09:13:50    -2397.772242        0.142482
MDMin:  224 09:13:52    -2397.772616        0.145284
MDMin:  225 09:13:54    -2397.772994        0.148237
MDMin:  226 09:13:56    -2397.773377        0.151352
MDMin:  227 09:13:58    -2397.773763        0.154636
MDMin:  228 09:14:00    -2397.774153        0.158097
MDMin:  229 09:14:02    -2397.774546        0.161746
MDMin:  230 09:14:04    -2397.774943        0.165589
MDMin:  231 09:14:06    -2397.775343        0.169634
MDMin:  232 09:14:08    -2397.775745        0.173888
MDMin:  233 09:14:10    -2397.776151        0.178354
MDMin:  234 09:14:11    -2397.776559        0.183036
MDMin:  235 09:14:12    -2397.776969        0.187933
MDMin:  236 09:14:14    -2397.777382        0.193040
MDMin:  237 09:14:15    -2397.777796        0.198349
MDMin:  238 09:14:16    -2397.778212        0.203845
MDMin:  239 09:14:18    -2397.778629        0.209506
MDMin:  240 09:14:20    -2397.779048        0.215304
MDMin:  241 09:14:22    -2397.779467        0.221198
MDMin:  242 09:14:23    -2397.779887        0.227139
MDMin:  243 09:14:25    -2397.780308        0.233066
MDMin:  244 09:14:26    -2397.780730        0.238907
MDMin:  245 09:14:27    -2397.781152        0.244575
MDMin:  246 09:14:29    -2397.781575        0.249974
MDMin:  247 09:14:31    -2397.781998        0.254996
MDMin:  248 09:14:33    -2397.782422        0.259525
MDMin:  249 09:14:35    -2397.782847        0.263439
MDMin:  250 09:14:36    -2397.783273        0.266616
MDMin:  251 09:14:39    -2397.783701        0.268938
MDMin:  252 09:14:40    -2397.784131        0.270298
MDMin:  253 09:14:42    -2397.784563        0.270604
MDMin:  254 09:14:44    -2397.784998        0.269791
MDMin:  255 09:14:46    -2397.785437        0.267821
MDMin:  256 09:14:47    -2397.785879        0.264691
MDMin:  257 09:14:49    -2397.786327        0.260439
MDMin:  258 09:14:51    -2397.786779        0.255136
MDMin:  259 09:14:53    -2397.787237        0.248895
MDMin:  260 09:14:54    -2397.787700        0.241856
MDMin:  261 09:14:56    -2397.788170        0.234187
MDMin:  262 09:14:57    -2397.788646        0.226067
MDMin:  263 09:14:58    -2397.789127        0.217679
MDMin:  264 09:15:01    -2397.789615        0.209199
MDMin:  265 09:15:03    -2397.790107        0.200786
MDMin:  266 09:15:04    -2397.790605        0.192577
MDMin:  267 09:15:05    -2397.791108        0.184682
MDMin:  268 09:15:07    -2397.791614        0.177181
MDMin:  269 09:15:09    -2397.792124        0.170128
MDMin:  270 09:15:10    -2397.792636        0.163552
MDMin:  271 09:15:12    -2397.793150        0.157470
MDMin:  272 09:15:14    -2397.793665        0.151896
MDMin:  273 09:15:15    -2397.794182        0.146829
MDMin:  274 09:15:17    -2397.794698        0.142364
MDMin:  275 09:15:19    -2397.795213        0.144313
MDMin:  276 09:15:21    -2397.795723        0.146617
MDMin:  277 09:15:23    -2397.796217        0.149253
MDMin:  278 09:15:25    -2397.796640        0.164786
MDMin:  279 09:15:27    -2397.796891        0.153642
MDMin:  280 09:15:28    -2397.797053        0.154859
MDMin:  281 09:15:30    -2397.797216        0.156107
MDMin:  282 09:15:31    -2397.797382        0.157409
MDMin:  283 09:15:33    -2397.797550        0.158765
MDMin:  284 09:15:34    -2397.797722        0.160171
MDMin:  285 09:15:36    -2397.797897        0.161624
MDMin:  286 09:15:37    -2397.798075        0.163117
MDMin:  287 09:15:39    -2397.798255        0.164644
MDMin:  288 09:15:40    -2397.798439        0.166194
MDMin:  289 09:15:42    -2397.798625        0.167757
MDMin:  290 09:15:43    -2397.798813        0.169320
MDMin:  291 09:15:44    -2397.799005        0.170867
MDMin:  292 09:15:46    -2397.799199        0.172380
MDMin:  293 09:15:47    -2397.799396        0.173841
MDMin:  294 09:15:48    -2397.799595        0.175226
MDMin:  295 09:15:50    -2397.799797        0.176514
MDMin:  296 09:15:51    -2397.800001        0.177677
MDMin:  297 09:15:53    -2397.800208        0.178691
MDMin:  298 09:15:55    -2397.800418        0.179528
MDMin:  299 09:15:57    -2397.800630        0.180160
MDMin:  300 09:15:58    -2397.800845        0.180560
MDMin:  301 09:16:00    -2397.801063        0.180701
MDMin:  302 09:16:02    -2397.801283        0.180557
MDMin:  303 09:16:04    -2397.801506        0.180106
MDMin:  304 09:16:06    -2397.801733        0.179326
MDMin:  305 09:16:07    -2397.801962        0.178203
MDMin:  306 09:16:09    -2397.802195        0.176721
MDMin:  307 09:16:11    -2397.802432        0.174875
MDMin:  308 09:16:13    -2397.802672        0.172661
MDMin:  309 09:16:15    -2397.802915        0.170081
MDMin:  310 09:16:16    -2397.803163        0.167145
MDMin:  311 09:16:17    -2397.803415        0.163867
MDMin:  312 09:16:19    -2397.803671        0.160267
MDMin:  313 09:16:21    -2397.803932        0.156370
MDMin:  314 09:16:23    -2397.804198        0.152206
MDMin:  315 09:16:25    -2397.804468        0.147809
MDMin:  316 09:16:27    -2397.804744        0.143218
MDMin:  317 09:16:29    -2397.805026        0.138471
MDMin:  318 09:16:31    -2397.805313        0.133609
MDMin:  319 09:16:33    -2397.805605        0.128673
MDMin:  320 09:16:35    -2397.805904        0.123703
MDMin:  321 09:16:36    -2397.806210        0.118737
MDMin:  322 09:16:38    -2397.806521        0.113810
MDMin:  323 09:16:39    -2397.806840        0.108953
MDMin:  324 09:16:41    -2397.807165        0.104193
MDMin:  325 09:16:42    -2397.807498        0.101569
MDMin:  326 09:16:44    -2397.807837        0.100181
MDMin:  327 09:16:46    -2397.808184        0.098707
MDMin:  328 09:16:47    -2397.808539        0.097804
MDMin:  329 09:16:49    -2397.808902        0.097613
MDMin:  330 09:16:50    -2397.809273        0.097392
MDMin:  331 09:16:52    -2397.809651        0.097138
MDMin:  332 09:16:54    -2397.810039        0.096849
MDMin:  333 09:16:56    -2397.810434        0.096521
MDMin:  334 09:16:57    -2397.810839        0.096153
MDMin:  335 09:16:59    -2397.811252        0.095740
MDMin:  336 09:17:01    -2397.811673        0.095281
MDMin:  337 09:17:03    -2397.812104        0.094771
MDMin:  338 09:17:04    -2397.812544        0.094208
MDMin:  339 09:17:06    -2397.812993        0.093588
MDMin:  340 09:17:08    -2397.813451        0.093149
MDMin:  341 09:17:10    -2397.813917        0.093480
MDMin:  342 09:17:11    -2397.814393        0.093788
MDMin:  343 09:17:12    -2397.814877        0.094071
MDMin:  344 09:17:13    -2397.815371        0.094328
MDMin:  345 09:17:15    -2397.815774        0.217500
MDMin:  346 09:17:16    -2397.815998        0.190029
MDMin:  347 09:17:18    -2397.816235        0.163374
MDMin:  348 09:17:20    -2397.816484        0.140602
MDMin:  349 09:17:21    -2397.816743        0.120188
MDMin:  350 09:17:23    -2397.816789        0.150472
MDMin:  351 09:17:25    -2397.816820        0.137406
MDMin:  352 09:17:27    -2397.816850        0.126395
MDMin:  353 09:17:29    -2397.816880        0.116610
MDMin:  354 09:17:31    -2397.816912        0.107735
MDMin:  355 09:17:33    -2397.816944        0.099651
MDMin:  356 09:17:35    -2397.816977        0.092301
MDMin:  357 09:17:37    -2397.817010        0.085640
MDMin:  358 09:17:39    -2397.817045        0.083523
MDMin:  359 09:17:41    -2397.817079        0.082245
MDMin:  360 09:17:43    -2397.817114        0.082138
MDMin:  361 09:17:45    -2397.817149        0.082050
MDMin:  362 09:17:47    -2397.817185        0.081967
MDMin:  363 09:17:49    -2397.817221        0.081894
MDMin:  364 09:17:51    -2397.817257        0.082364
MDMin:  365 09:17:52    -2397.817293        0.083407
MDMin:  366 09:17:54    -2397.817329        0.084400
MDMin:  367 09:17:55    -2397.817365        0.085336
MDMin:  368 09:17:57    -2397.817401        0.086212
MDMin:  369 09:17:58    -2397.817437        0.087024
MDMin:  370 09:18:00    -2397.817473        0.087774
MDMin:  371 09:18:01    -2397.817509        0.088457
MDMin:  372 09:18:02    -2397.817545        0.089079
MDMin:  373 09:18:03    -2397.817580        0.089632
MDMin:  374 09:18:05    -2397.817616        0.090126
MDMin:  375 09:18:06    -2397.817649        0.090541
MDMin:  376 09:18:08    -2397.817680        0.090881
MDMin:  377 09:18:10    -2397.817705        0.091112
MDMin:  378 09:18:11    -2397.817723        0.091275
MDMin:  379 09:18:13    -2397.817740        0.091404
MDMin:  380 09:18:14    -2397.817756        0.091523
MDMin:  381 09:18:15    -2397.817773        0.091632
MDMin:  382 09:18:17    -2397.817790        0.091731
MDMin:  383 09:18:18    -2397.817807        0.091822
MDMin:  384 09:18:19    -2397.817824        0.091902
MDMin:  385 09:18:21    -2397.817841        0.091972
MDMin:  386 09:18:23    -2397.817859        0.092032
MDMin:  387 09:18:24    -2397.817877        0.092082
MDMin:  388 09:18:26    -2397.817895        0.092121
MDMin:  389 09:18:27    -2397.817913        0.092149
MDMin:  390 09:18:28    -2397.817931        0.092166
MDMin:  391 09:18:30    -2397.817949        0.092171
MDMin:  392 09:18:32    -2397.817968        0.092165
MDMin:  393 09:18:33    -2397.817986        0.092148
MDMin:  394 09:18:35    -2397.818005        0.092118
MDMin:  395 09:18:37    -2397.818024        0.092077
MDMin:  396 09:18:39    -2397.818043        0.092023
MDMin:  397 09:18:41    -2397.818062        0.091957
MDMin:  398 09:18:43    -2397.818082        0.091878
MDMin:  399 09:18:44    -2397.818101        0.091786
MDMin:  400 09:18:46    -2397.818120        0.091682
MDMin:  401 09:18:48    -2397.818140        0.091564
MDMin:  402 09:18:49    -2397.818159        0.091433
MDMin:  403 09:18:51    -2397.818179        0.091288
MDMin:  404 09:18:52    -2397.818199        0.091129
MDMin:  405 09:18:54    -2397.818219        0.090956
MDMin:  406 09:18:56    -2397.818239        0.090768
MDMin:  407 09:18:58    -2397.818259        0.090566
MDMin:  408 09:18:59    -2397.818279        0.090349
MDMin:  409 09:19:00    -2397.818299        0.090117
MDMin:  410 09:19:01    -2397.818319        0.089870
MDMin:  411 09:19:03    -2397.818339        0.089607
MDMin:  412 09:19:04    -2397.818359        0.089329
MDMin:  413 09:19:05    -2397.818379        0.089035
MDMin:  414 09:19:06    -2397.818399        0.088725
MDMin:  415 09:19:08    -2397.818419        0.088398
MDMin:  416 09:19:09    -2397.818439        0.088415
MDMin:  417 09:19:10    -2397.818459        0.088451
MDMin:  418 09:19:12    -2397.818479        0.088477
MDMin:  419 09:19:14    -2397.818499        0.088494
MDMin:  420 09:19:16    -2397.818520        0.088500
MDMin:  421 09:19:18    -2397.818540        0.088496
MDMin:  422 09:19:20    -2397.818559        0.088481
MDMin:  423 09:19:22    -2397.818579        0.088454
MDMin:  424 09:19:24    -2397.818599        0.088416
MDMin:  425 09:19:26    -2397.818619        0.088366
MDMin:  426 09:19:28    -2397.818639        0.088304
MDMin:  427 09:19:30    -2397.818659        0.088230
MDMin:  428 09:19:32    -2397.818678        0.088143
MDMin:  429 09:19:34    -2397.818697        0.088043
MDMin:  430 09:19:36    -2397.818716        0.087931
MDMin:  431 09:19:37    -2397.818734        0.087814
MDMin:  432 09:19:39    -2397.818749        0.087704
MDMin:  433 09:19:41    -2397.818760        0.087649
MDMin:  434 09:19:43    -2397.818769        0.087768
MDMin:  435 09:19:45    -2397.818778        0.087881
MDMin:  436 09:19:46    -2397.818787        0.087994
MDMin:  437 09:19:48    -2397.818796        0.088107
MDMin:  438 09:19:49    -2397.818805        0.088220
MDMin:  439 09:19:51    -2397.818814        0.088334
MDMin:  440 09:19:52    -2397.818824        0.088448
MDMin:  441 09:19:54    -2397.818833        0.088561
MDMin:  442 09:19:56    -2397.818842        0.088675
MDMin:  443 09:19:58    -2397.818852        0.088788
MDMin:  444 09:20:00    -2397.818862        0.088901
MDMin:  445 09:20:01    -2397.818871        0.089013
MDMin:  446 09:20:03    -2397.818881        0.089125
MDMin:  447 09:20:04    -2397.818891        0.089236
MDMin:  448 09:20:06    -2397.818901        0.089345
MDMin:  449 09:20:08    -2397.818911        0.089454
MDMin:  450 09:20:10    -2397.818921        0.089562
MDMin:  451 09:20:12    -2397.818931        0.089668
MDMin:  452 09:20:14    -2397.818941        0.089772
MDMin:  453 09:20:15    -2397.818952        0.089875
MDMin:  454 09:20:16    -2397.818962        0.089976
MDMin:  455 09:20:18    -2397.818972        0.090075
MDMin:  456 09:20:19    -2397.818983        0.090172
MDMin:  457 09:20:22    -2397.818993        0.090267
MDMin:  458 09:20:23    -2397.819004        0.090359
MDMin:  459 09:20:25    -2397.819014        0.090448
MDMin:  460 09:20:27    -2397.819025        0.090535
MDMin:  461 09:20:29    -2397.819035        0.090619
MDMin:  462 09:20:31    -2397.819046        0.090700
MDMin:  463 09:20:33    -2397.819056        0.090778
MDMin:  464 09:20:35    -2397.819067        0.090852
MDMin:  465 09:20:37    -2397.819077        0.090923
MDMin:  466 09:20:39    -2397.819088        0.090991
MDMin:  467 09:20:41    -2397.819099        0.091054
MDMin:  468 09:20:43    -2397.819109        0.091114
MDMin:  469 09:20:44    -2397.819120        0.091169
MDMin:  470 09:20:45    -2397.819130        0.091219
MDMin:  471 09:20:47    -2397.819141        0.091264
MDMin:  472 09:20:49    -2397.819151        0.091304
MDMin:  473 09:20:50    -2397.819162        0.091339
MDMin:  474 09:20:51    -2397.819172        0.091368
MDMin:  475 09:20:53    -2397.819183        0.091391
MDMin:  476 09:20:55    -2397.819193        0.091408
MDMin:  477 09:20:56    -2397.819203        0.091420
MDMin:  478 09:20:58    -2397.819214        0.091425
MDMin:  479 09:21:00    -2397.819224        0.091424
MDMin:  480 09:21:02    -2397.819234        0.091416
MDMin:  481 09:21:05    -2397.819244        0.091402
MDMin:  482 09:21:06    -2397.819255        0.091381
MDMin:  483 09:21:08    -2397.819265        0.091353
MDMin:  484 09:21:10    -2397.819275        0.091317
MDMin:  485 09:21:12    -2397.819285        0.091275
MDMin:  486 09:21:14    -2397.819294        0.091225
MDMin:  487 09:21:16    -2397.819304        0.091167
MDMin:  488 09:21:18    -2397.819314        0.091102
MDMin:  489 09:21:20    -2397.819323        0.091030
MDMin:  490 09:21:22    -2397.819332        0.090953
MDMin:  491 09:21:24    -2397.819341        0.090876
MDMin:  492 09:21:26    -2397.819347        0.090811
MDMin:  493 09:21:28    -2397.819352        0.090757
MDMin:  494 09:21:30    -2397.819356        0.090706
MDMin:  495 09:21:31    -2397.819361        0.090652
MDMin:  496 09:21:33    -2397.819365        0.090596
MDMin:  497 09:21:35    -2397.819370        0.090538
MDMin:  498 09:21:36    -2397.819374        0.090476
MDMin:  499 09:21:38    -2397.819379        0.090411
MDMin:  500 09:21:40    -2397.819383        0.090343
MDMin:  501 09:21:42    -2397.819388        0.090271
MDMin:  502 09:21:44    -2397.819393        0.090196
MDMin:  503 09:21:45    -2397.819398        0.090118
MDMin:  504 09:21:46    -2397.819402        0.090036
MDMin:  505 09:21:49    -2397.819407        0.089950
MDMin:  506 09:21:51    -2397.819412        0.089860
MDMin:  507 09:21:53    -2397.819417        0.089766
MDMin:  508 09:21:55    -2397.819422        0.089668
MDMin:  509 09:21:56    -2397.819426        0.089565
MDMin:  510 09:21:59    -2397.819431        0.089458
MDMin:  511 09:22:00    -2397.819436        0.089347
MDMin:  512 09:22:02    -2397.819441        0.089231
MDMin:  513 09:22:04    -2397.819446        0.089110
MDMin:  514 09:22:06    -2397.819451        0.088984
MDMin:  515 09:22:08    -2397.819456        0.088853
MDMin:  516 09:22:10    -2397.819461        0.088716
MDMin:  517 09:22:12    -2397.819466        0.088574
MDMin:  518 09:22:13    -2397.819471        0.088427
MDMin:  519 09:22:15    -2397.819476        0.088274
MDMin:  520 09:22:17    -2397.819481        0.088114
MDMin:  521 09:22:19    -2397.819485        0.087949
MDMin:  522 09:22:21    -2397.819490        0.087777
MDMin:  523 09:22:23    -2397.819495        0.087599
MDMin:  524 09:22:25    -2397.819500        0.087414
MDMin:  525 09:22:27    -2397.819505        0.087222
MDMin:  526 09:22:29    -2397.819510        0.087023
MDMin:  527 09:22:30    -2397.819515        0.087011
MDMin:  528 09:22:32    -2397.819520        0.087258
MDMin:  529 09:22:34    -2397.819524        0.087500
MDMin:  530 09:22:36    -2397.819529        0.087737
MDMin:  531 09:22:38    -2397.819534        0.087969
MDMin:  532 09:22:40    -2397.819539        0.088195
MDMin:  533 09:22:42    -2397.819543        0.088414
MDMin:  534 09:22:44    -2397.819548        0.088628
MDMin:  535 09:22:45    -2397.819553        0.088834
MDMin:  536 09:22:47    -2397.819557        0.089033
MDMin:  537 09:22:49    -2397.819562        0.089225
MDMin:  538 09:22:50    -2397.819566        0.089409
MDMin:  539 09:22:52    -2397.819571        0.089584
MDMin:  540 09:22:54    -2397.819575        0.089751
MDMin:  541 09:22:56    -2397.819580        0.089909
MDMin:  542 09:22:58    -2397.819584        0.090057
MDMin:  543 09:23:00    -2397.819589        0.090196
MDMin:  544 09:23:02    -2397.819593        0.090325
MDMin:  545 09:23:04    -2397.819597        0.090444
MDMin:  546 09:23:06    -2397.819601        0.090551
MDMin:  547 09:23:08    -2397.819606        0.090649
MDMin:  548 09:23:10    -2397.819610        0.090735
MDMin:  549 09:23:12    -2397.819614        0.090810
MDMin:  550 09:23:14    -2397.819618        0.090872
MDMin:  551 09:23:16    -2397.819622        0.090924
MDMin:  552 09:23:18    -2397.819625        0.090960
MDMin:  553 09:23:20    -2397.819629        0.092022
MDMin:  554 09:23:22    -2397.819632        0.091001
MDMin:  555 09:23:24    -2397.819634        0.091009
MDMin:  556 09:23:25    -2397.819636        0.091008
MDMin:  557 09:23:28    -2397.819637        0.091004
MDMin:  558 09:23:30    -2397.819639        0.090997
MDMin:  559 09:23:32    -2397.819641        0.090987
MDMin:  560 09:23:34    -2397.819643        0.090974
MDMin:  561 09:23:35    -2397.819645        0.090957
MDMin:  562 09:23:37    -2397.819647        0.090937
MDMin:  563 09:23:38    -2397.819648        0.090913
MDMin:  564 09:23:40    -2397.819650        0.090885
MDMin:  565 09:23:42    -2397.819652        0.090853
MDMin:  566 09:23:44    -2397.819654        0.090817
MDMin:  567 09:23:45    -2397.819656        0.090776
MDMin:  568 09:23:47    -2397.819658        0.090731
MDMin:  569 09:23:48    -2397.819660        0.090682
MDMin:  570 09:23:50    -2397.819662        0.090627
MDMin:  571 09:23:52    -2397.819664        0.090568
MDMin:  572 09:23:53    -2397.819665        0.090504
MDMin:  573 09:23:55    -2397.819667        0.090435
MDMin:  574 09:23:57    -2397.819669        0.090361
MDMin:  575 09:23:59    -2397.819671        0.090281
MDMin:  576 09:24:01    -2397.819673        0.090196
MDMin:  577 09:24:03    -2397.819675        0.090105
MDMin:  578 09:24:05    -2397.819677        0.090009
MDMin:  579 09:24:07    -2397.819679        0.089907
MDMin:  580 09:24:09    -2397.819680        0.089799
MDMin:  581 09:24:10    -2397.819682        0.089686
MDMin:  582 09:24:13    -2397.819684        0.089566
MDMin:  583 09:24:15    -2397.819686        0.089440
MDMin:  584 09:24:16    -2397.819688        0.089309
MDMin:  585 09:24:18    -2397.819689        0.089171
MDMin:  586 09:24:20    -2397.819691        0.089027
MDMin:  587 09:24:22    -2397.819693        0.088877
MDMin:  588 09:24:24    -2397.819695        0.088721
MDMin:  589 09:24:26    -2397.819696        0.088558
MDMin:  590 09:24:28    -2397.819698        0.088389
MDMin:  591 09:24:29    -2397.819700        0.088214
MDMin:  592 09:24:31    -2397.819701        0.088033
MDMin:  593 09:24:33    -2397.819703        0.087846
MDMin:  594 09:24:35    -2397.819705        0.087653
MDMin:  595 09:24:36    -2397.819706        0.087453
MDMin:  596 09:24:38    -2397.819708        0.087248
MDMin:  597 09:24:40    -2397.819709        0.087036
MDMin:  598 09:24:41    -2397.819711        0.086819
MDMin:  599 09:24:43    -2397.819712        0.086596
MDMin:  600 09:24:44    -2397.819714        0.086367
MDMin:  601 09:24:46    -2397.819715        0.086133
MDMin:  602 09:24:47    -2397.819716        0.085894
MDMin:  603 09:24:49    -2397.819718        0.085649
MDMin:  604 09:24:51    -2397.819719        0.085399
MDMin:  605 09:24:53    -2397.819720        0.085145
MDMin:  606 09:24:54    -2397.819722        0.084887
MDMin:  607 09:24:55    -2397.819723        0.084638
MDMin:  608 09:24:57    -2397.819724        0.084635
MDMin:  609 09:24:59    -2397.819725        0.098474
MDMin:  610 09:25:01    -2397.819726        0.088787
MDMin:  611 09:25:03    -2397.819726        0.084603
MDMin:  612 09:25:05    -2397.819727        0.084591
MDMin:  613 09:25:07    -2397.819727        0.084578
MDMin:  614 09:25:09    -2397.819728        0.084564
MDMin:  615 09:25:11    -2397.819728        0.084549
MDMin:  616 09:25:13    -2397.819729        0.084532
MDMin:  617 09:25:15    -2397.819729        0.084515
MDMin:  618 09:25:17    -2397.819730        0.084496
MDMin:  619 09:25:19    -2397.819730        0.084477
MDMin:  620 09:25:21    -2397.819731        0.084456
MDMin:  621 09:25:23    -2397.819731        0.084435
MDMin:  622 09:25:25    -2397.819732        0.084412
MDMin:  623 09:25:27    -2397.819732        0.084388
MDMin:  624 09:25:29    -2397.819733        0.084364
MDMin:  625 09:25:31    -2397.819733        0.084338
MDMin:  626 09:25:33    -2397.819733        0.084312
MDMin:  627 09:25:35    -2397.819734        0.084285
MDMin:  628 09:25:37    -2397.819734        0.084258
MDMin:  629 09:25:39    -2397.819735        0.084230
MDMin:  630 09:25:40    -2397.819735        0.084202
MDMin:  631 09:25:42    -2397.819736        0.084173
MDMin:  632 09:25:43    -2397.819736        0.084144
MDMin:  633 09:25:45    -2397.819736        0.084116
MDMin:  634 09:25:47    -2397.819737        0.084087
MDMin:  635 09:25:48    -2397.819737        0.084059
MDMin:  636 09:25:49    -2397.819737        0.084032
MDMin:  637 09:25:50    -2397.819738        0.084005
MDMin:  638 09:25:52    -2397.819738        0.083979
MDMin:  639 09:25:53    -2397.819738        0.083954
MDMin:  640 09:25:55    -2397.819739        0.083931
MDMin:  641 09:25:57    -2397.819739        0.083910
MDMin:  642 09:25:59    -2397.819739        0.083890
MDMin:  643 09:26:01    -2397.819739        0.083873
MDMin:  644 09:26:03    -2397.819740        0.083858
MDMin:  645 09:26:05    -2397.819740        0.083845
MDMin:  646 09:26:07    -2397.819740        0.083836
MDMin:  647 09:26:09    -2397.819740        0.083831
MDMin:  648 09:26:11    -2397.819740        0.083829
MDMin:  649 09:26:13    -2397.819740        0.083832
MDMin:  650 09:26:15    -2397.819741        0.083839
MDMin:  651 09:26:17    -2397.819741        0.083851
MDMin:  652 09:26:19    -2397.819741        0.083868
MDMin:  653 09:26:21    -2397.819741        0.083892
MDMin:  654 09:26:23    -2397.819741        0.083921
MDMin:  655 09:26:25    -2397.819741        0.083957
MDMin:  656 09:26:27    -2397.819741        0.084001
MDMin:  657 09:26:28    -2397.819741        0.084052
MDMin:  658 09:26:30    -2397.819741        0.084110
MDMin:  659 09:26:32    -2397.819741        0.084178
MDMin:  660 09:26:35    -2397.819741        0.084254
MDMin:  661 09:26:37    -2397.819740        0.084339
MDMin:  662 09:26:39    -2397.819740        0.084434
MDMin:  663 09:26:41    -2397.819740        0.084539
MDMin:  664 09:26:43    -2397.819740        0.084653
MDMin:  665 09:26:45    -2397.819740        0.084770
MDMin:  666 09:26:47    -2397.819740        0.092089
MDMin:  667 09:26:49    -2397.819739        0.084966
MDMin:  668 09:26:51    -2397.819739        0.085036
MDMin:  669 09:26:52    -2397.819739        0.085104
MDMin:  670 09:26:54    -2397.819739        0.085176
MDMin:  671 09:26:56    -2397.819739        0.085252
MDMin:  672 09:26:58    -2397.819739        0.085332
MDMin:  673 09:26:59    -2397.819739        0.085417
MDMin:  674 09:27:01    -2397.819739        0.085506
MDMin:  675 09:27:03    -2397.819738        0.085600
MDMin:  676 09:27:04    -2397.819738        0.085698
MDMin:  677 09:27:05    -2397.819738        0.085802
MDMin:  678 09:27:07    -2397.819738        0.085911
MDMin:  679 09:27:09    -2397.819738        0.086025
MDMin:  680 09:27:11    -2397.819737        0.086145
MDMin:  681 09:27:13    -2397.819737        0.086270
MDMin:  682 09:27:15    -2397.819737        0.086401
MDMin:  683 09:27:17    -2397.819737        0.086537
MDMin:  684 09:27:19    -2397.819737        0.086680
MDMin:  685 09:27:21    -2397.819736        0.086828
MDMin:  686 09:27:23    -2397.819736        0.086983
MDMin:  687 09:27:25    -2397.819736        0.087144
MDMin:  688 09:27:27    -2397.819736        0.087312
MDMin:  689 09:27:28    -2397.819735        0.087486
MDMin:  690 09:27:29    -2397.819735        0.087666
MDMin:  691 09:27:31    -2397.819735        0.087854
MDMin:  692 09:27:34    -2397.819735        0.088048
MDMin:  693 09:27:35    -2397.819734        0.088249
MDMin:  694 09:27:37    -2397.819734        0.088457
MDMin:  695 09:27:39    -2397.819734        0.088672
MDMin:  696 09:27:41    -2397.819733        0.088894
MDMin:  697 09:27:43    -2397.819733        0.089123
MDMin:  698 09:27:45    -2397.819733        0.089359
MDMin:  699 09:27:47    -2397.819732        0.089602
MDMin:  700 09:27:49    -2397.819732        0.089852
MDMin:  701 09:27:51    -2397.819731        0.090108
MDMin:  702 09:27:53    -2397.819731        0.090372
MDMin:  703 09:27:54    -2397.819731        0.090641
MDMin:  704 09:27:56    -2397.819730        0.090918
MDMin:  705 09:27:57    -2397.819730        0.091200
MDMin:  706 09:27:58    -2397.819729        0.091488
MDMin:  707 09:28:00    -2397.819729        0.091782
MDMin:  708 09:28:01    -2397.819729        0.092082
MDMin:  709 09:28:03    -2397.819728        0.092386
MDMin:  710 09:28:05    -2397.819728        0.092695
MDMin:  711 09:28:07    -2397.819727        0.093008
MDMin:  712 09:28:09    -2397.819727        0.093324
MDMin:  713 09:28:11    -2397.819726        0.093644
MDMin:  714 09:28:13    -2397.819726        0.093966
MDMin:  715 09:28:14    -2397.819725        0.094290
MDMin:  716 09:28:16    -2397.819725        0.094615
MDMin:  717 09:28:17    -2397.819724        0.094940
MDMin:  718 09:28:19    -2397.819724        0.095265
MDMin:  719 09:28:21    -2397.819723        0.095588
MDMin:  720 09:28:23    -2397.819723        0.095909
MDMin:  721 09:28:25    -2397.819722        0.096226
MDMin:  722 09:28:27    -2397.819722        0.096539
MDMin:  723 09:28:29    -2397.819721        0.096847
MDMin:  724 09:28:31    -2397.819720        0.097147
MDMin:  725 09:28:33    -2397.819720        0.097440
MDMin:  726 09:28:35    -2397.819719        0.097723
MDMin:  727 09:28:37    -2397.819719        0.097996
MDMin:  728 09:28:38    -2397.819718        0.098255
MDMin:  729 09:28:40    -2397.819718        0.098499
MDMin:  730 09:28:42    -2397.819717        0.098722
MDMin:  731 09:28:44    -2397.819717        0.098913
MDMin:  732 09:28:46    -2397.819716        0.099057
MDMin:  733 09:28:47    -2397.819716        0.099158
MDMin:  734 09:28:49    -2397.819715        0.099238
MDMin:  735 09:28:51    -2397.819715        0.099312
MDMin:  736 09:28:53    -2397.819715        0.099381
MDMin:  737 09:28:55    -2397.819715        0.099446
MDMin:  738 09:28:57    -2397.819714        0.099507
MDMin:  739 09:28:59    -2397.819714        0.099563
MDMin:  740 09:29:00    -2397.819714        0.099613
MDMin:  741 09:29:02    -2397.819713        0.099657
MDMin:  742 09:29:04    -2397.819713        0.099695
MDMin:  743 09:29:05    -2397.819713        0.099726
MDMin:  744 09:29:07    -2397.819712        0.099749
MDMin:  745 09:29:09    -2397.819712        0.099763
MDMin:  746 09:29:11    -2397.819712        0.099769
MDMin:  747 09:29:13    -2397.819711        0.099765
MDMin:  748 09:29:15    -2397.819711        0.099751
MDMin:  749 09:29:16    -2397.819711        0.099726
MDMin:  750 09:29:18    -2397.819710        0.099690
MDMin:  751 09:29:19    -2397.819710        0.099642
MDMin:  752 09:29:21    -2397.819709        0.099581
MDMin:  753 09:29:22    -2397.819709        0.099507
MDMin:  754 09:29:23    -2397.819709        0.099418
MDMin:  755 09:29:24    -2397.819708        0.099315
MDMin:  756 09:29:26    -2397.819708        0.099197
MDMin:  757 09:29:28    -2397.819708        0.099063
MDMin:  758 09:29:29    -2397.819707        0.098912
MDMin:  759 09:29:31    -2397.819707        0.098743
MDMin:  760 09:29:32    -2397.819706        0.098557
MDMin:  761 09:29:34    -2397.819706        0.098353
MDMin:  762 09:29:35    -2397.819706        0.098129
MDMin:  763 09:29:37    -2397.819705        0.097885
MDMin:  764 09:29:39    -2397.819705        0.097621
MDMin:  765 09:29:40    -2397.819704        0.097336
MDMin:  766 09:29:41    -2397.819704        0.097030
MDMin:  767 09:29:43    -2397.819703        0.096702
MDMin:  768 09:29:44    -2397.819703        0.096354
MDMin:  769 09:29:46    -2397.819703        0.095985
MDMin:  770 09:29:48    -2397.819702        0.095595
MDMin:  771 09:29:50    -2397.819702        0.095185
MDMin:  772 09:29:52    -2397.819701        0.094753
MDMin:  773 09:29:54    -2397.819701        0.094301
MDMin:  774 09:29:56    -2397.819700        0.093827
MDMin:  775 09:29:57    -2397.819700        0.093491
MDMin:  776 09:29:59    -2397.819700        0.093879
MDMin:  777 09:30:00    -2397.819699        0.094266
MDMin:  778 09:30:02    -2397.819699        0.094652
MDMin:  779 09:30:04    -2397.819698        0.095037
MDMin:  780 09:30:05    -2397.819698        0.095421
MDMin:  781 09:30:07    -2397.819697        0.095801
MDMin:  782 09:30:09    -2397.819697        0.096179
MDMin:  783 09:30:11    -2397.819696        0.096552
MDMin:  784 09:30:13    -2397.819696        0.096923
MDMin:  785 09:30:15    -2397.819696        0.097283
MDMin:  786 09:30:17    -2397.819695        0.097647
MDMin:  787 09:30:18    -2397.819695        0.097980
MDMin:  788 09:30:20    -2397.819694        0.098326
MDMin:  789 09:30:21    -2397.819694        0.102282
MDMin:  790 09:30:22    -2397.819694        0.098818
MDMin:  791 09:30:23    -2397.819693        0.098951
MDMin:  792 09:30:25    -2397.819693        0.099106
MDMin:  793 09:30:27    -2397.819693        0.099244
MDMin:  794 09:30:29    -2397.819693        0.099387
MDMin:  795 09:30:31    -2397.819693        0.099529
MDMin:  796 09:30:33    -2397.819692        0.099671
MDMin:  797 09:30:35    -2397.819692        0.099812
MDMin:  798 09:30:36    -2397.819692        0.099953
MDMin:  799 09:30:38    -2397.819692        0.100093
MDMin:  800 09:30:40    -2397.819691        0.100232
MDMin:  801 09:30:42    -2397.819691        0.100369
MDMin:  802 09:30:44    -2397.819691        0.100504
MDMin:  803 09:30:46    -2397.819691        0.100638
MDMin:  804 09:30:48    -2397.819691        0.100769
MDMin:  805 09:30:49    -2397.819690        0.100897
MDMin:  806 09:30:50    -2397.819690        0.101022
MDMin:  807 09:30:52    -2397.819690        0.101144
MDMin:  808 09:30:53    -2397.819690        0.101263
MDMin:  809 09:30:55    -2397.819689        0.101377
MDMin:  810 09:30:56    -2397.819689        0.101487
MDMin:  811 09:30:58    -2397.819689        0.101593
MDMin:  812 09:31:00    -2397.819689        0.101693
MDMin:  813 09:31:02    -2397.819688        0.101789
MDMin:  814 09:31:04    -2397.819688        0.101879
MDMin:  815 09:31:05    -2397.819688        0.101963
MDMin:  816 09:31:06    -2397.819688        0.102040
MDMin:  817 09:31:08    -2397.819687        0.102112
MDMin:  818 09:31:10    -2397.819687        0.102176
MDMin:  819 09:31:12    -2397.819687        0.102233
MDMin:  820 09:31:14    -2397.819687        0.102283
MDMin:  821 09:31:15    -2397.819686        0.102324
MDMin:  822 09:31:16    -2397.819686        0.102358
MDMin:  823 09:31:18    -2397.819686        0.102383
MDMin:  824 09:31:19    -2397.819686        0.102400
MDMin:  825 09:31:21    -2397.819685        0.102407
MDMin:  826 09:31:22    -2397.819685        0.102405
MDMin:  827 09:31:24    -2397.819685        0.102394
MDMin:  828 09:31:25    -2397.819685        0.102373
MDMin:  829 09:31:26    -2397.819684        0.102342
MDMin:  830 09:31:28    -2397.819684        0.102300
MDMin:  831 09:31:29    -2397.819684        0.102249
MDMin:  832 09:31:31    -2397.819684        0.102186
MDMin:  833 09:31:32    -2397.819684        0.102113
MDMin:  834 09:31:34    -2397.819683        0.102029
MDMin:  835 09:31:35    -2397.819683        0.101934
MDMin:  836 09:31:37    -2397.819683        0.101829
MDMin:  837 09:31:39    -2397.819683        0.101712
MDMin:  838 09:31:40    -2397.819682        0.101585
MDMin:  839 09:31:41    -2397.819682        0.101446
MDMin:  840 09:31:43    -2397.819682        0.101299
MDMin:  841 09:31:45    -2397.819682        0.101135
MDMin:  842 09:31:47    -2397.819681        0.100973
MDMin:  843 09:31:49    -2397.819681        0.100784
MDMin:  844 09:31:50    -2397.819681        0.100630
MDMin:  845 09:31:51    -2397.819681        0.101501
MDMin:  846 09:31:53    -2397.819681        0.100353
MDMin:  847 09:31:54    -2397.819681        0.100232
MDMin:  848 09:31:56    -2397.819681        0.100136
MDMin:  849 09:31:57    -2397.819681        0.100028
MDMin:  850 09:31:59    -2397.819680        0.099921
MDMin:  851 09:32:00    -2397.819680        0.099808
MDMin:  852 09:32:01    -2397.819680        0.099693
MDMin:  853 09:32:02    -2397.819680        0.099574
MDMin:  854 09:32:03    -2397.819680        0.099452
MDMin:  855 09:32:05    -2397.819680        0.099326
MDMin:  856 09:32:06    -2397.819680        0.099196
MDMin:  857 09:32:07    -2397.819680        0.099063
MDMin:  858 09:32:09    -2397.819680        0.098926
MDMin:  859 09:32:10    -2397.819680        0.098786
MDMin:  860 09:32:12    -2397.819679        0.098641
MDMin:  861 09:32:13    -2397.819679        0.098493
MDMin:  862 09:32:14    -2397.819679        0.098341
MDMin:  863 09:32:16    -2397.819679        0.098186
MDMin:  864 09:32:18    -2397.819679        0.098026
MDMin:  865 09:32:20    -2397.819679        0.097864
MDMin:  866 09:32:21    -2397.819679        0.097697
MDMin:  867 09:32:23    -2397.819679        0.097527
MDMin:  868 09:32:25    -2397.819679        0.097353
MDMin:  869 09:32:26    -2397.819679        0.097176
MDMin:  870 09:32:28    -2397.819679        0.096995
MDMin:  871 09:32:30    -2397.819678        0.096811
MDMin:  872 09:32:31    -2397.819678        0.096624
MDMin:  873 09:32:33    -2397.819678        0.096434
MDMin:  874 09:32:34    -2397.819678        0.096240
MDMin:  875 09:32:35    -2397.819678        0.096043
MDMin:  876 09:32:37    -2397.819678        0.095844
MDMin:  877 09:32:39    -2397.819678        0.095642
MDMin:  878 09:32:40    -2397.819678        0.095437
MDMin:  879 09:32:41    -2397.819678        0.095230
MDMin:  880 09:32:43    -2397.819678        0.095020
MDMin:  881 09:32:45    -2397.819678        0.094808
MDMin:  882 09:32:47    -2397.819678        0.094593
MDMin:  883 09:32:49    -2397.819677        0.094377
MDMin:  884 09:32:50    -2397.819677        0.094159
MDMin:  885 09:32:51    -2397.819677        0.093939
MDMin:  886 09:32:53    -2397.819677        0.093718
MDMin:  887 09:32:54    -2397.819677        0.093495
MDMin:  888 09:32:55    -2397.819677        0.093671
MDMin:  889 09:32:57    -2397.819677        0.094023
MDMin:  890 09:32:59    -2397.819677        0.094382
MDMin:  891 09:33:01    -2397.819677        0.094747
MDMin:  892 09:33:03    -2397.819677        0.095119
MDMin:  893 09:33:05    -2397.819677        0.095496
MDMin:  894 09:33:07    -2397.819677        0.095878
MDMin:  895 09:33:08    -2397.819677        0.096264
MDMin:  896 09:33:10    -2397.819677        0.096655
MDMin:  897 09:33:11    -2397.819677        0.097048
MDMin:  898 09:33:13    -2397.819676        0.097445
MDMin:  899 09:33:14    -2397.819676        0.097843
MDMin:  900 09:33:15    -2397.819676        0.098242
MDMin:  901 09:33:17    -2397.819676        0.098641
MDMin:  902 09:33:19    -2397.819676        0.099039
MDMin:  903 09:33:21    -2397.819676        0.099436
MDMin:  904 09:33:23    -2397.819676        0.099828
MDMin:  905 09:33:25    -2397.819676        0.100212
MDMin:  906 09:33:26    -2397.819676        0.100574
MDMin:  907 09:33:28    -2397.819676        0.100888
MDMin:  908 09:33:30    -2397.819676        0.101122
MDMin:  909 09:33:32    -2397.819676        0.101300
MDMin:  910 09:33:33    -2397.819676        0.101463
MDMin:  911 09:33:35    -2397.819676        0.101625
MDMin:  912 09:33:37    -2397.819676        0.101787
MDMin:  913 09:33:39    -2397.819676        0.101951
MDMin:  914 09:33:40    -2397.819676        0.102115
MDMin:  915 09:33:42    -2397.819676        0.102279
MDMin:  916 09:33:44    -2397.819676        0.102444
MDMin:  917 09:33:45    -2397.819676        0.102607
MDMin:  918 09:33:47    -2397.819676        0.102770
MDMin:  919 09:33:48    -2397.819676        0.102932
MDMin:  920 09:33:50    -2397.819676        0.103091
MDMin:  921 09:33:52    -2397.819676        0.103249
MDMin:  922 09:33:54    -2397.819676        0.103404
MDMin:  923 09:33:56    -2397.819676        0.103556
MDMin:  924 09:33:57    -2397.819676        0.103705
MDMin:  925 09:33:59    -2397.819676        0.103850
MDMin:  926 09:34:01    -2397.819676        0.103990
MDMin:  927 09:34:03    -2397.819676        0.104125
MDMin:  928 09:34:05    -2397.819676        0.104255
MDMin:  929 09:34:06    -2397.819676        0.104379
MDMin:  930 09:34:07    -2397.819676        0.104497
MDMin:  931 09:34:09    -2397.819676        0.104607
MDMin:  932 09:34:11    -2397.819676        0.104709
MDMin:  933 09:34:12    -2397.819676        0.104804
MDMin:  934 09:34:13    -2397.819676        0.104889
MDMin:  935 09:34:14    -2397.819676        0.104965
MDMin:  936 09:34:16    -2397.819676        0.105031
MDMin:  937 09:34:18    -2397.819676        0.105086
MDMin:  938 09:34:20    -2397.819676        0.105130
MDMin:  939 09:34:21    -2397.819676        0.105162
MDMin:  940 09:34:23    -2397.819676        0.105182
MDMin:  941 09:34:24    -2397.819676        0.105188
MDMin:  942 09:34:26    -2397.819676        0.105180
MDMin:  943 09:34:27    -2397.819676        0.105158
MDMin:  944 09:34:28    -2397.819676        0.105121
MDMin:  945 09:34:30    -2397.819676        0.105067
MDMin:  946 09:34:31    -2397.819676        0.104998
MDMin:  947 09:34:33    -2397.819676        0.104910
MDMin:  948 09:34:34    -2397.819676        0.104806
MDMin:  949 09:34:35    -2397.819676        0.104682
MDMin:  950 09:34:37    -2397.819676        0.104539
MDMin:  951 09:34:39    -2397.819676        0.104377
MDMin:  952 09:34:41    -2397.819676        0.104194
MDMin:  953 09:34:44    -2397.819676        0.103990
MDMin:  954 09:34:46    -2397.819676        0.103764
MDMin:  955 09:34:47    -2397.819676        0.103516
MDMin:  956 09:34:50    -2397.819676        0.103245
MDMin:  957 09:34:52    -2397.819676        0.102950
MDMin:  958 09:34:54    -2397.819676        0.102631
MDMin:  959 09:34:55    -2397.819677        0.102288
MDMin:  960 09:34:57    -2397.819677        0.101923
MDMin:  961 09:34:59    -2397.819677        0.101537
MDMin:  962 09:35:00    -2397.819677        0.101130
MDMin:  963 09:35:02    -2397.819677        0.100701
MDMin:  964 09:35:04    -2397.819677        0.100252
MDMin:  965 09:35:06    -2397.819677        0.099786
MDMin:  966 09:35:07    -2397.819677        0.099318
MDMin:  967 09:35:09    -2397.819677        0.098884
MDMin:  968 09:35:11    -2397.819677        0.098547
MDMin:  969 09:35:13    -2397.819677        0.098279
MDMin:  970 09:35:14    -2397.819677        0.098023
MDMin:  971 09:35:17    -2397.819677        0.097761
MDMin:  972 09:35:18    -2397.819677        0.097493
MDMin:  973 09:35:20    -2397.819677        0.097216
MDMin:  974 09:35:22    -2397.819677        0.096932
MDMin:  975 09:35:24    -2397.819677        0.096640
MDMin:  976 09:35:25    -2397.819677        0.096339
MDMin:  977 09:35:27    -2397.819677        0.096030
MDMin:  978 09:35:29    -2397.819677        0.095713
MDMin:  979 09:35:30    -2397.819677        0.095386
MDMin:  980 09:35:32    -2397.819677        0.095051
MDMin:  981 09:35:34    -2397.819677        0.094706
MDMin:  982 09:35:36    -2397.819677        0.094352
MDMin:  983 09:35:37    -2397.819677        0.093988
MDMin:  984 09:35:38    -2397.819677        0.093615
MDMin:  985 09:35:40    -2397.819677        0.093232
MDMin:  986 09:35:41    -2397.819677        0.092839
MDMin:  987 09:35:42    -2397.819677        0.092435
MDMin:  988 09:35:44    -2397.819677        0.092021
MDMin:  989 09:35:45    -2397.819678        0.091596
MDMin:  990 09:35:46    -2397.819678        0.091160
MDMin:  991 09:35:47    -2397.819678        0.090714
MDMin:  992 09:35:49    -2397.819678        0.090258
MDMin:  993 09:35:51    -2397.819678        0.089791
MDMin:  994 09:35:53    -2397.819678        0.089314
MDMin:  995 09:35:55    -2397.819678        0.088826
MDMin:  996 09:35:57    -2397.819678        0.088328
MDMin:  997 09:35:58    -2397.819678        0.087820
MDMin:  998 09:36:00    -2397.819678        0.087301
MDMin:  999 09:36:02    -2397.819678        0.086773
MDMin:  1000 09:36:03    -2397.819678        0.086235
MDMin:  1001 09:36:04    -2397.819678        0.085688
MDMin:  1002 09:36:06    -2397.819678        0.085131
MDMin:  1003 09:36:07    -2397.819678        0.084565
MDMin:  1004 09:36:08    -2397.819678        0.083991
MDMin:  1005 09:36:09    -2397.819678        0.083408
MDMin:  1006 09:36:10    -2397.819678        0.082817
MDMin:  1007 09:36:12    -2397.819678        0.082217
MDMin:  1008 09:36:14    -2397.819678        0.081611
MDMin:  1009 09:36:16    -2397.819679        0.080997
MDMin:  1010 09:36:18    -2397.819679        0.080376
MDMin:  1011 09:36:20    -2397.819679        0.079750
MDMin:  1012 09:36:21    -2397.819679        0.079117
MDMin:  1013 09:36:22    -2397.819679        0.078525
MDMin:  1014 09:36:23    -2397.819679        0.078390
MDMin:  1015 09:36:25    -2397.819679        0.078261
MDMin:  1016 09:36:26    -2397.819679        0.078139
MDMin:  1017 09:36:28    -2397.819679        0.078024
MDMin:  1018 09:36:30    -2397.819679        0.077917
MDMin:  1019 09:36:31    -2397.819679        0.077819
MDMin:  1020 09:36:33    -2397.819679        0.077730
MDMin:  1021 09:36:35    -2397.819679        0.077651
MDMin:  1022 09:36:37    -2397.819679        0.077584
MDMin:  1023 09:36:39    -2397.819679        0.077530
MDMin:  1024 09:36:41    -2397.819680        0.078703
MDMin:  1025 09:36:42    -2397.819680        0.077463
MDMin:  1026 09:36:43    -2397.819680        0.077442
MDMin:  1027 09:36:45    -2397.819680        0.077424
MDMin:  1028 09:36:47    -2397.819680        0.077409
MDMin:  1029 09:36:48    -2397.819680        0.077396
MDMin:  1030 09:36:50    -2397.819680        0.077386
MDMin:  1031 09:36:51    -2397.819680        0.077378
MDMin:  1032 09:36:53    -2397.819680        0.077374
MDMin:  1033 09:36:55    -2397.819680        0.077373
MDMin:  1034 09:36:57    -2397.819680        0.077375
MDMin:  1035 09:36:59    -2397.819680        0.077381
MDMin:  1036 09:37:01    -2397.819680        0.077391
MDMin:  1037 09:37:03    -2397.819680        0.077405
MDMin:  1038 09:37:05    -2397.819680        0.077423
MDMin:  1039 09:37:07    -2397.819680        0.077445
MDMin:  1040 09:37:08    -2397.819680        0.077472
MDMin:  1041 09:37:10    -2397.819680        0.077504
MDMin:  1042 09:37:12    -2397.819680        0.077540
MDMin:  1043 09:37:14    -2397.819680        0.077582
MDMin:  1044 09:37:16    -2397.819680        0.077630
MDMin:  1045 09:37:17    -2397.819680        0.077683
MDMin:  1046 09:37:19    -2397.819680        0.077743
MDMin:  1047 09:37:21    -2397.819680        0.077808
MDMin:  1048 09:37:22    -2397.819681        0.077880
MDMin:  1049 09:37:24    -2397.819681        0.077958
MDMin:  1050 09:37:26    -2397.819681        0.078043
MDMin:  1051 09:37:27    -2397.819681        0.078136
MDMin:  1052 09:37:29    -2397.819681        0.078235
MDMin:  1053 09:37:31    -2397.819681        0.078342
MDMin:  1054 09:37:33    -2397.819681        0.078457
MDMin:  1055 09:37:35    -2397.819681        0.078580
MDMin:  1056 09:37:37    -2397.819681        0.078711
MDMin:  1057 09:37:38    -2397.819681        0.078850
MDMin:  1058 09:37:40    -2397.819681        0.078998
MDMin:  1059 09:37:42    -2397.819681        0.079155
MDMin:  1060 09:37:44    -2397.819681        0.079320
MDMin:  1061 09:37:46    -2397.819681        0.079495
MDMin:  1062 09:37:47    -2397.819681        0.079678
MDMin:  1063 09:37:48    -2397.819681        0.079871
MDMin:  1064 09:37:50    -2397.819681        0.080074
MDMin:  1065 09:37:51    -2397.819682        0.080286
MDMin:  1066 09:37:52    -2397.819682        0.080508
MDMin:  1067 09:37:53    -2397.819682        0.080740
MDMin:  1068 09:37:55    -2397.819682        0.080981
MDMin:  1069 09:37:56    -2397.819682        0.081232
MDMin:  1070 09:37:58    -2397.819682        0.081493
MDMin:  1071 09:38:00    -2397.819682        0.081764
MDMin:  1072 09:38:02    -2397.819682        0.082045
MDMin:  1073 09:38:03    -2397.819682        0.082336
MDMin:  1074 09:38:04    -2397.819682        0.082637
MDMin:  1075 09:38:06    -2397.819682        0.082947
MDMin:  1076 09:38:08    -2397.819682        0.083267
MDMin:  1077 09:38:10    -2397.819682        0.083596
MDMin:  1078 09:38:12    -2397.819682        0.083935
MDMin:  1079 09:38:14    -2397.819682        0.084282
MDMin:  1080 09:38:16    -2397.819683        0.084638
MDMin:  1081 09:38:18    -2397.819683        0.085002
MDMin:  1082 09:38:19    -2397.819683        0.085374
MDMin:  1083 09:38:21    -2397.819683        0.085754
MDMin:  1084 09:38:23    -2397.819683        0.086141
MDMin:  1085 09:38:25    -2397.819683        0.086535
MDMin:  1086 09:38:27    -2397.819683        0.086934
MDMin:  1087 09:38:29    -2397.819683        0.087340
MDMin:  1088 09:38:31    -2397.819683        0.087749
MDMin:  1089 09:38:32    -2397.819683        0.088161
MDMin:  1090 09:38:33    -2397.819683        0.088564
MDMin:  1091 09:38:34    -2397.819683        0.088935
MDMin:  1092 09:38:36    -2397.819683        0.089217
MDMin:  1093 09:38:37    -2397.819684        0.089414
MDMin:  1094 09:38:38    -2397.819684        0.089587
MDMin:  1095 09:38:40    -2397.819684        0.089761
MDMin:  1096 09:38:42    -2397.819684        0.089939
MDMin:  1097 09:38:44    -2397.819684        0.090120
MDMin:  1098 09:38:46    -2397.819684        0.090305
MDMin:  1099 09:38:47    -2397.819684        0.090494
MDMin:  1100 09:38:48    -2397.819684        0.090685
MDMin:  1101 09:38:50    -2397.819684        0.090880
MDMin:  1102 09:38:51    -2397.819684        0.091078
MDMin:  1103 09:38:53    -2397.819684        0.091279
MDMin:  1104 09:38:55    -2397.819684        0.091483
MDMin:  1105 09:38:57    -2397.819684        0.091689
MDMin:  1106 09:38:59    -2397.819684        0.091898
MDMin:  1107 09:39:01    -2397.819684        0.092109
MDMin:  1108 09:39:03    -2397.819684        0.092322
MDMin:  1109 09:39:05    -2397.819684        0.092536
MDMin:  1110 09:39:06    -2397.819684        0.092752
MDMin:  1111 09:39:08    -2397.819684        0.092970
MDMin:  1112 09:39:10    -2397.819684        0.093188
MDMin:  1113 09:39:11    -2397.819684        0.093408
MDMin:  1114 09:39:13    -2397.819684        0.093628
MDMin:  1115 09:39:14    -2397.819684        0.093848
MDMin:  1116 09:39:16    -2397.819685        0.094069
MDMin:  1117 09:39:17    -2397.819685        0.094290
MDMin:  1118 09:39:19    -2397.819685        0.094510
MDMin:  1119 09:39:20    -2397.819685        0.094729
MDMin:  1120 09:39:22    -2397.819685        0.094947
MDMin:  1121 09:39:23    -2397.819685        0.095164
MDMin:  1122 09:39:26    -2397.819685        0.095379
MDMin:  1123 09:39:28    -2397.819685        0.095593
MDMin:  1124 09:39:30    -2397.819685        0.095803
MDMin:  1125 09:39:32    -2397.819685        0.096012
MDMin:  1126 09:39:34    -2397.819685        0.096217
MDMin:  1127 09:39:36    -2397.819685        0.096419
MDMin:  1128 09:39:38    -2397.819685        0.096617
MDMin:  1129 09:39:40    -2397.819685        0.096812
MDMin:  1130 09:39:41    -2397.819685        0.097001
MDMin:  1131 09:39:43    -2397.819685        0.097186
MDMin:  1132 09:39:45    -2397.819685        0.097366
MDMin:  1133 09:39:46    -2397.819685        0.097540
MDMin:  1134 09:39:47    -2397.819686        0.097709
MDMin:  1135 09:39:48    -2397.819686        0.097870
MDMin:  1136 09:39:50    -2397.819686        0.098025
MDMin:  1137 09:39:52    -2397.819686        0.098173
MDMin:  1138 09:39:54    -2397.819686        0.098314
MDMin:  1139 09:39:56    -2397.819686        0.098446
MDMin:  1140 09:39:57    -2397.819686        0.098570
MDMin:  1141 09:39:59    -2397.819686        0.098686
MDMin:  1142 09:40:01    -2397.819686        0.098792
MDMin:  1143 09:40:03    -2397.819686        0.098888
MDMin:  1144 09:40:05    -2397.819686        0.098975
MDMin:  1145 09:40:06    -2397.819686        0.099052
MDMin:  1146 09:40:08    -2397.819686        0.099117
MDMin:  1147 09:40:10    -2397.819686        0.099172
MDMin:  1148 09:40:12    -2397.819686        0.099215
MDMin:  1149 09:40:14    -2397.819687        0.099246
MDMin:  1150 09:40:16    -2397.819687        0.099265
MDMin:  1151 09:40:17    -2397.819687        0.099272
MDMin:  1152 09:40:19    -2397.819687        0.099265
MDMin:  1153 09:40:21    -2397.819687        0.099246
MDMin:  1154 09:40:23    -2397.819687        0.099213
MDMin:  1155 09:40:25    -2397.819687        0.099166
MDMin:  1156 09:40:27    -2397.819687        0.099104
MDMin:  1157 09:40:29    -2397.819687        0.099029
MDMin:  1158 09:40:31    -2397.819687        0.098938
MDMin:  1159 09:40:33    -2397.819687        0.098833
MDMin:  1160 09:40:35    -2397.819687        0.098712
MDMin:  1161 09:40:36    -2397.819687        0.098578
MDMin:  1162 09:40:37    -2397.819687        0.098435
MDMin:  1163 09:40:39    -2397.819688        0.098298
MDMin:  1164 09:40:40    -2397.819688        0.098190
MDMin:  1165 09:40:42    -2397.819688        0.098093
MDMin:  1166 09:40:44    -2397.819688        0.097997
MDMin:  1167 09:40:46    -2397.819688        0.097897
MDMin:  1168 09:40:48    -2397.819688        0.097794
MDMin:  1169 09:40:50    -2397.819688        0.097687
MDMin:  1170 09:40:52    -2397.819688        0.097576
MDMin:  1171 09:40:54    -2397.819688        0.097462
MDMin:  1172 09:40:55    -2397.819688        0.097343
MDMin:  1173 09:40:57    -2397.819688        0.097219
MDMin:  1174 09:40:59    -2397.819688        0.097091
MDMin:  1175 09:41:01    -2397.819688        0.096958
MDMin:  1176 09:41:02    -2397.819688        0.096819
MDMin:  1177 09:41:04    -2397.819688        0.096676
MDMin:  1178 09:41:06    -2397.819688        0.096527
MDMin:  1179 09:41:08    -2397.819688        0.096372
MDMin:  1180 09:41:10    -2397.819688        0.096211
MDMin:  1181 09:41:12    -2397.819688        0.096045
MDMin:  1182 09:41:14    -2397.819688        0.095872
MDMin:  1183 09:41:16    -2397.819688        0.095693
MDMin:  1184 09:41:18    -2397.819688        0.095507
MDMin:  1185 09:41:20    -2397.819688        0.095314
MDMin:  1186 09:41:22    -2397.819688        0.095115
MDMin:  1187 09:41:24    -2397.819689        0.094909
MDMin:  1188 09:41:26    -2397.819689        0.094695
MDMin:  1189 09:41:28    -2397.819689        0.094474
MDMin:  1190 09:41:29    -2397.819689        0.094246
MDMin:  1191 09:41:31    -2397.819689        0.094010
MDMin:  1192 09:41:32    -2397.819689        0.093767
MDMin:  1193 09:41:33    -2397.819689        0.093516
MDMin:  1194 09:41:34    -2397.819689        0.093259
MDMin:  1195 09:41:36    -2397.819689        0.092995
MDMin:  1196 09:41:38    -2397.819689        0.092726
MDMin:  1197 09:41:39    -2397.819689        0.092452
MDMin:  1198 09:41:41    -2397.819689        0.092172
MDMin:  1199 09:41:42    -2397.819689        0.091886
MDMin:  1200 09:41:43    -2397.819689        0.091595
MDMin:  1201 09:41:45    -2397.819689        0.091299
MDMin:  1202 09:41:47    -2397.819689        0.090998
MDMin:  1203 09:41:49    -2397.819689        0.090692
MDMin:  1204 09:41:51    -2397.819689        0.090380
MDMin:  1205 09:41:52    -2397.819689        0.090064
MDMin:  1206 09:41:53    -2397.819690        0.089742
MDMin:  1207 09:41:54    -2397.819690        0.089416
MDMin:  1208 09:41:56    -2397.819690        0.089085
MDMin:  1209 09:41:58    -2397.819690        0.088749
MDMin:  1210 09:42:00    -2397.819690        0.088409
MDMin:  1211 09:42:02    -2397.819690        0.088063
MDMin:  1212 09:42:05    -2397.819690        0.087711
MDMin:  1213 09:42:07    -2397.819690        0.087354
MDMin:  1214 09:42:09    -2397.819690        0.086993
MDMin:  1215 09:42:11    -2397.819690        0.086627
MDMin:  1216 09:42:13    -2397.819690        0.086257
MDMin:  1217 09:42:14    -2397.819690        0.085881
MDMin:  1218 09:42:16    -2397.819690        0.085504
MDMin:  1219 09:42:18    -2397.819690        0.085119
MDMin:  1220 09:42:20    -2397.819690        0.084738
MDMin:  1221 09:42:22    -2397.819691        0.084342
MDMin:  1222 09:42:24    -2397.819691        0.083962
MDMin:  1223 09:42:25    -2397.819691        0.083549
MDMin:  1224 09:42:27    -2397.819691        0.083186
MDMin:  1225 09:42:28    -2397.819691        0.082732
MDMin:  1226 09:42:30    -2397.819691        0.082434
MDMin:  1227 09:42:31    -2397.819691        0.081877
MDMin:  1228 09:42:33    -2397.819691        0.081780
MDMin:  1229 09:42:35    -2397.819691        0.097694
MDMin:  1230 09:42:37    -2397.819691        0.081186
MDMin:  1231 09:42:39    -2397.819691        0.080957
MDMin:  1232 09:42:41    -2397.819691        0.080785
MDMin:  1233 09:42:43    -2397.819691        0.080600
MDMin:  1234 09:42:44    -2397.819691        0.080416
MDMin:  1235 09:42:46    -2397.819691        0.080229
MDMin:  1236 09:42:48    -2397.819691        0.080041
MDMin:  1237 09:42:50    -2397.819691        0.079851
MDMin:  1238 09:42:51    -2397.819691        0.079659
MDMin:  1239 09:42:54    -2397.819691        0.079466
MDMin:  1240 09:42:55    -2397.819691        0.079272
MDMin:  1241 09:42:57    -2397.819691        0.079075
MDMin:  1242 09:42:59    -2397.819692        0.078878
MDMin:  1243 09:43:01    -2397.819692        0.078679
MDMin:  1244 09:43:03    -2397.819692        0.078479
MDMin:  1245 09:43:04    -2397.819692        0.078277
MDMin:  1246 09:43:05    -2397.819692        0.078075
MDMin:  1247 09:43:07    -2397.819692        0.077871
MDMin:  1248 09:43:08    -2397.819692        0.077667
MDMin:  1249 09:43:10    -2397.819692        0.077462
MDMin:  1250 09:43:13    -2397.819692        0.077256
MDMin:  1251 09:43:14    -2397.819692        0.077050
MDMin:  1252 09:43:15    -2397.819692        0.076843
MDMin:  1253 09:43:16    -2397.819692        0.076636
MDMin:  1254 09:43:17    -2397.819692        0.076429
MDMin:  1255 09:43:20    -2397.819692        0.076222
MDMin:  1256 09:43:21    -2397.819692        0.076015
MDMin:  1257 09:43:23    -2397.819692        0.075808
MDMin:  1258 09:43:25    -2397.819692        0.075602
MDMin:  1259 09:43:27    -2397.819692        0.075396
MDMin:  1260 09:43:29    -2397.819692        0.075191
MDMin:  1261 09:43:31    -2397.819692        0.074986
MDMin:  1262 09:43:33    -2397.819692        0.075100
MDMin:  1263 09:43:35    -2397.819692        0.075228
MDMin:  1264 09:43:37    -2397.819692        0.075357
MDMin:  1265 09:43:38    -2397.819693        0.075487
MDMin:  1266 09:43:39    -2397.819693        0.075618
MDMin:  1267 09:43:41    -2397.819693        0.075751
MDMin:  1268 09:43:43    -2397.819693        0.075884
MDMin:  1269 09:43:45    -2397.819693        0.076018
MDMin:  1270 09:43:46    -2397.819693        0.076153
MDMin:  1271 09:43:48    -2397.819693        0.076288
MDMin:  1272 09:43:50    -2397.819693        0.076425
MDMin:  1273 09:43:52    -2397.819693        0.076563
MDMin:  1274 09:43:54    -2397.819693        0.076701
MDMin:  1275 09:43:56    -2397.819693        0.076840
MDMin:  1276 09:43:58    -2397.819693        0.076980
MDMin:  1277 09:44:00    -2397.819693        0.077121
MDMin:  1278 09:44:02    -2397.819693        0.077263
MDMin:  1279 09:44:04    -2397.819693        0.077405
MDMin:  1280 09:44:06    -2397.819693        0.077549
MDMin:  1281 09:44:08    -2397.819693        0.077693
MDMin:  1282 09:44:10    -2397.819693        0.077838
MDMin:  1283 09:44:12    -2397.819694        0.077983
MDMin:  1284 09:44:14    -2397.819694        0.078130
MDMin:  1285 09:44:16    -2397.819694        0.078277
MDMin:  1286 09:44:18    -2397.819694        0.078425
MDMin:  1287 09:44:20    -2397.819694        0.078573
MDMin:  1288 09:44:22    -2397.819694        0.078724
MDMin:  1289 09:44:24    -2397.819694        0.078873
MDMin:  1290 09:44:26    -2397.819694        0.079027
MDMin:  1291 09:44:28    -2397.819694        0.079172
MDMin:  1292 09:44:30    -2397.819694        0.079337
MDMin:  1293 09:44:32    -2397.819694        0.079467
MDMin:  1294 09:44:33    -2397.819694        0.079667
MDMin:  1295 09:44:35    -2397.819694        0.079732
MDMin:  1296 09:44:37    -2397.819694        0.080071
MDMin:  1297 09:44:39    -2397.819694        0.079891
MDMin:  1298 09:44:41    -2397.819694        0.080821
MDMin:  1299 09:44:43    -2397.819695        0.079868
MDMin:  1300 09:44:45    -2397.819695        0.082924
MDMin:  1301 09:44:47    -2397.819695        0.094001
MDMin:  1302 09:44:49    -2397.819695        0.081994
MDMin:  1303 09:44:51    -2397.819695        0.080443
MDMin:  1304 09:44:52    -2397.819695        0.081028
MDMin:  1305 09:44:54    -2397.819695        0.080853
MDMin:  1306 09:44:55    -2397.819695        0.081024
MDMin:  1307 09:44:57    -2397.819695        0.081046
MDMin:  1308 09:44:58    -2397.819695        0.081140
MDMin:  1309 09:45:00    -2397.819695        0.081199
MDMin:  1310 09:45:02    -2397.819695        0.081278
MDMin:  1311 09:45:03    -2397.819695        0.081347
MDMin:  1312 09:45:05    -2397.819695        0.081423
MDMin:  1313 09:45:06    -2397.819695        0.081496
MDMin:  1314 09:45:08    -2397.819695        0.081572
MDMin:  1315 09:45:10    -2397.819695        0.081647
MDMin:  1316 09:45:12    -2397.819695        0.081723
MDMin:  1317 09:45:14    -2397.819695        0.081799
MDMin:  1318 09:45:16    -2397.819695        0.081876
MDMin:  1319 09:45:18    -2397.819695        0.081953
MDMin:  1320 09:45:19    -2397.819695        0.082030
MDMin:  1321 09:45:21    -2397.819695        0.082106
MDMin:  1322 09:45:23    -2397.819695        0.082183
MDMin:  1323 09:45:25    -2397.819695        0.082260
MDMin:  1324 09:45:27    -2397.819695        0.082336
MDMin:  1325 09:45:29    -2397.819695        0.082412
MDMin:  1326 09:45:31    -2397.819696        0.082487
MDMin:  1327 09:45:33    -2397.819696        0.082561
MDMin:  1328 09:45:35    -2397.819696        0.082635
MDMin:  1329 09:45:37    -2397.819696        0.082708
MDMin:  1330 09:45:38    -2397.819696        0.082779
MDMin:  1331 09:45:40    -2397.819696        0.082849
MDMin:  1332 09:45:41    -2397.819696        0.082917
MDMin:  1333 09:45:43    -2397.819696        0.082984
MDMin:  1334 09:45:44    -2397.819696        0.083049
MDMin:  1335 09:45:46    -2397.819696        0.083112
MDMin:  1336 09:45:48    -2397.819696        0.083172
MDMin:  1337 09:45:50    -2397.819696        0.083230
MDMin:  1338 09:45:52    -2397.819696        0.083285
MDMin:  1339 09:45:54    -2397.819696        0.083337
MDMin:  1340 09:45:56    -2397.819696        0.083387
MDMin:  1341 09:45:58    -2397.819696        0.083432
MDMin:  1342 09:46:00    -2397.819696        0.083474
MDMin:  1343 09:46:02    -2397.819696        0.083512
MDMin:  1344 09:46:04    -2397.819696        0.083546
MDMin:  1345 09:46:06    -2397.819696        0.083574
MDMin:  1346 09:46:08    -2397.819696        0.083600
MDMin:  1347 09:46:10    -2397.819696        0.083618
MDMin:  1348 09:46:12    -2397.819697        0.083636
MDMin:  1349 09:46:14    -2397.819697        0.083641
MDMin:  1350 09:46:16    -2397.819697        0.083651
MDMin:  1351 09:46:17    -2397.819697        0.083638
MDMin:  1352 09:46:19    -2397.819697        0.083645
MDMin:  1353 09:46:20    -2397.819697        0.083604
MDMin:  1354 09:46:21    -2397.819697        0.083626
MDMin:  1355 09:46:23    -2397.819697        0.083524
MDMin:  1356 09:46:25    -2397.819697        0.083615
MDMin:  1357 09:46:27    -2397.819697        0.083355
MDMin:  1358 09:46:29    -2397.819697        0.083695
MDMin:  1359 09:46:30    -2397.819697        0.083464
MDMin:  1360 09:46:32    -2397.819697        0.084203
MDMin:  1361 09:46:34    -2397.819697        0.083615
MDMin:  1362 09:46:36    -2397.819697        0.086739
MDMin:  1363 09:46:37    -2397.819697        0.083730
MDMin:  1364 09:46:39    -2397.819697        0.099281
MDMin:  1365 09:46:41    -2397.819697        0.084865
MDMin:  1366 09:46:43    -2397.819697        0.103796
MDMin:  1367 09:46:45    -2397.819698        0.083782
MDMin:  1368 09:46:47    -2397.819698        0.084449
MDMin:  1369 09:46:48    -2397.819698        0.083774
MDMin:  1370 09:46:50    -2397.819698        0.083770
MDMin:  1371 09:46:52    -2397.819698        0.083765
MDMin:  1372 09:46:54    -2397.819698        0.083760
MDMin:  1373 09:46:55    -2397.819698        0.083754
MDMin:  1374 09:46:57    -2397.819698        0.083747
MDMin:  1375 09:46:59    -2397.819698        0.083740
MDMin:  1376 09:47:00    -2397.819698        0.083731
MDMin:  1377 09:47:02    -2397.819698        0.083721
MDMin:  1378 09:47:04    -2397.819698        0.083710
MDMin:  1379 09:47:05    -2397.819698        0.083698
MDMin:  1380 09:47:07    -2397.819698        0.083684
MDMin:  1381 09:47:09    -2397.819698        0.083670
MDMin:  1382 09:47:11    -2397.819698        0.083654
MDMin:  1383 09:47:12    -2397.819698        0.083638
MDMin:  1384 09:47:14    -2397.819698        0.083620
MDMin:  1385 09:47:16    -2397.819698        0.083601
MDMin:  1386 09:47:17    -2397.819698        0.083581
MDMin:  1387 09:47:19    -2397.819698        0.083561
MDMin:  1388 09:47:21    -2397.819698        0.083539
MDMin:  1389 09:47:22    -2397.819698        0.083516
MDMin:  1390 09:47:23    -2397.819698        0.083492
MDMin:  1391 09:47:25    -2397.819698        0.083468
MDMin:  1392 09:47:27    -2397.819698        0.083443
MDMin:  1393 09:47:29    -2397.819698        0.083417
MDMin:  1394 09:47:31    -2397.819698        0.083391
MDMin:  1395 09:47:33    -2397.819698        0.083364
MDMin:  1396 09:47:35    -2397.819698        0.083337
MDMin:  1397 09:47:37    -2397.819699        0.083310
MDMin:  1398 09:47:38    -2397.819699        0.083282
MDMin:  1399 09:47:39    -2397.819699        0.083254
MDMin:  1400 09:47:41    -2397.819699        0.083227
MDMin:  1401 09:47:43    -2397.819699        0.083199
MDMin:  1402 09:47:44    -2397.819699        0.083172
MDMin:  1403 09:47:45    -2397.819699        0.083145
MDMin:  1404 09:47:46    -2397.819699        0.083119
MDMin:  1405 09:47:48    -2397.819699        0.083093
MDMin:  1406 09:47:49    -2397.819699        0.083068
MDMin:  1407 09:47:51    -2397.819699        0.083044
MDMin:  1408 09:47:53    -2397.819699        0.083021
MDMin:  1409 09:47:54    -2397.819699        0.082999
MDMin:  1410 09:47:55    -2397.819699        0.082978
MDMin:  1411 09:47:56    -2397.819699        0.082958
MDMin:  1412 09:47:58    -2397.819699        0.082940
MDMin:  1413 09:48:00    -2397.819699        0.082923
MDMin:  1414 09:48:02    -2397.819699        0.082907
MDMin:  1415 09:48:04    -2397.819699        0.082893
MDMin:  1416 09:48:06    -2397.819699        0.082881
MDMin:  1417 09:48:08    -2397.819699        0.082870
MDMin:  1418 09:48:10    -2397.819699        0.082861
MDMin:  1419 09:48:12    -2397.819700        0.082853
MDMin:  1420 09:48:13    -2397.819700        0.082849
MDMin:  1421 09:48:15    -2397.819700        0.082842
MDMin:  1422 09:48:17    -2397.819700        0.082844
MDMin:  1423 09:48:18    -2397.819700        0.082835
MDMin:  1424 09:48:20    -2397.819700        0.082853
MDMin:  1425 09:48:22    -2397.819700        0.082822
MDMin:  1426 09:48:24    -2397.819700        0.089171
MDMin:  1427 09:48:26    -2397.819700        0.082774
MDMin:  1428 09:48:28    -2397.819700        0.104708
MDMin:  1429 09:48:29    -2397.819700        0.082790
MDMin:  1430 09:48:31    -2397.819700        0.082834
MDMin:  1431 09:48:32    -2397.819700        0.082812
MDMin:  1432 09:48:33    -2397.819700        0.082811
MDMin:  1433 09:48:35    -2397.819700        0.082805
MDMin:  1434 09:48:37    -2397.819700        0.082802
MDMin:  1435 09:48:39    -2397.819700        0.082799
MDMin:  1436 09:48:41    -2397.819700        0.082797
MDMin:  1437 09:48:42    -2397.819700        0.082795
MDMin:  1438 09:48:44    -2397.819700        0.082795
MDMin:  1439 09:48:46    -2397.819700        0.082795
MDMin:  1440 09:48:48    -2397.819700        0.082795
MDMin:  1441 09:48:50    -2397.819700        0.082796
MDMin:  1442 09:48:51    -2397.819700        0.082797
MDMin:  1443 09:48:53    -2397.819700        0.082799
MDMin:  1444 09:48:55    -2397.819700        0.082801
MDMin:  1445 09:48:57    -2397.819700        0.082803
MDMin:  1446 09:48:59    -2397.819700        0.082806
MDMin:  1447 09:49:01    -2397.819700        0.082808
MDMin:  1448 09:49:02    -2397.819700        0.082811
MDMin:  1449 09:49:04    -2397.819701        0.082814
MDMin:  1450 09:49:06    -2397.819701        0.082817
MDMin:  1451 09:49:08    -2397.819701        0.082820
MDMin:  1452 09:49:10    -2397.819701        0.082823
MDMin:  1453 09:49:12    -2397.819701        0.082826
MDMin:  1454 09:49:14    -2397.819701        0.082828
MDMin:  1455 09:49:16    -2397.819701        0.082830
MDMin:  1456 09:49:18    -2397.819701        0.082832
MDMin:  1457 09:49:20    -2397.819701        0.082834
MDMin:  1458 09:49:22    -2397.819701        0.082835
MDMin:  1459 09:49:24    -2397.819701        0.082835
MDMin:  1460 09:49:26    -2397.819701        0.082835
MDMin:  1461 09:49:28    -2397.819701        0.082834
MDMin:  1462 09:49:30    -2397.819701        0.082832
MDMin:  1463 09:49:32    -2397.819701        0.082830
MDMin:  1464 09:49:34    -2397.819701        0.082826
MDMin:  1465 09:49:36    -2397.819701        0.082822
MDMin:  1466 09:49:38    -2397.819701        0.082816
MDMin:  1467 09:49:40    -2397.819701        0.082810
MDMin:  1468 09:49:42    -2397.819701        0.082802
MDMin:  1469 09:49:44    -2397.819701        0.082793
MDMin:  1470 09:49:45    -2397.819701        0.082783
MDMin:  1471 09:49:47    -2397.819701        0.082771
MDMin:  1472 09:49:48    -2397.819701        0.082757
MDMin:  1473 09:49:49    -2397.819701        0.082742
MDMin:  1474 09:49:51    -2397.819701        0.082726
MDMin:  1475 09:49:53    -2397.819701        0.082707
MDMin:  1476 09:49:54    -2397.819702        0.082687
MDMin:  1477 09:49:56    -2397.819702        0.082665
MDMin:  1478 09:49:58    -2397.819702        0.082641
MDMin:  1479 09:50:00    -2397.819702        0.082614
MDMin:  1480 09:50:02    -2397.819702        0.082586
MDMin:  1481 09:50:04    -2397.819702        0.082556
MDMin:  1482 09:50:05    -2397.819702        0.082523
MDMin:  1483 09:50:07    -2397.819702        0.082488
MDMin:  1484 09:50:09    -2397.819702        0.082450
MDMin:  1485 09:50:11    -2397.819702        0.082411
MDMin:  1486 09:50:13    -2397.819702        0.082368
MDMin:  1487 09:50:14    -2397.819702        0.082324
MDMin:  1488 09:50:15    -2397.819702        0.082276
MDMin:  1489 09:50:17    -2397.819702        0.082227
MDMin:  1490 09:50:18    -2397.819702        0.082174
MDMin:  1491 09:50:19    -2397.819702        0.082119
MDMin:  1492 09:50:21    -2397.819702        0.082061
MDMin:  1493 09:50:22    -2397.819702        0.082000
MDMin:  1494 09:50:23    -2397.819702        0.081940
MDMin:  1495 09:50:24    -2397.819702        0.081877
MDMin:  1496 09:50:26    -2397.819702        0.081821
MDMin:  1497 09:50:27    -2397.819702        0.081754
MDMin:  1498 09:50:28    -2397.819702        0.088644
MDMin:  1499 09:50:30    -2397.819703        0.085728
MDMin:  1500 09:50:31    -2397.819703        0.093236
MDMin:  1501 09:50:32    -2397.819703        0.081530
MDMin:  1502 09:50:34    -2397.819703        0.081502
MDMin:  1503 09:50:36    -2397.819703        0.081455
MDMin:  1504 09:50:38    -2397.819703        0.081417
MDMin:  1505 09:50:39    -2397.819703        0.081377
MDMin:  1506 09:50:41    -2397.819703        0.081339
MDMin:  1507 09:50:43    -2397.819703        0.081302
MDMin:  1508 09:50:44    -2397.819703        0.081266
MDMin:  1509 09:50:45    -2397.819703        0.081231
MDMin:  1510 09:50:47    -2397.819703        0.081197
MDMin:  1511 09:50:49    -2397.819703        0.081165
MDMin:  1512 09:50:51    -2397.819703        0.081133
MDMin:  1513 09:50:52    -2397.819703        0.081102
MDMin:  1514 09:50:53    -2397.819703        0.081073
MDMin:  1515 09:50:55    -2397.819703        0.081045
MDMin:  1516 09:50:57    -2397.819703        0.081017
MDMin:  1517 09:50:59    -2397.819703        0.080992
MDMin:  1518 09:51:01    -2397.819703        0.080967
MDMin:  1519 09:51:03    -2397.819703        0.080944
MDMin:  1520 09:51:05    -2397.819703        0.080922
MDMin:  1521 09:51:07    -2397.819703        0.080902
MDMin:  1522 09:51:09    -2397.819703        0.080884
MDMin:  1523 09:51:11    -2397.819703        0.080867
MDMin:  1524 09:51:13    -2397.819703        0.080852
MDMin:  1525 09:51:15    -2397.819703        0.080839
MDMin:  1526 09:51:17    -2397.819703        0.080827
MDMin:  1527 09:51:19    -2397.819703        0.080818
MDMin:  1528 09:51:20    -2397.819703        0.080811
MDMin:  1529 09:51:22    -2397.819703        0.080807
MDMin:  1530 09:51:24    -2397.819703        0.080804
MDMin:  1531 09:51:26    -2397.819703        0.080805
MDMin:  1532 09:51:28    -2397.819703        0.080808
MDMin:  1533 09:51:30    -2397.819703        0.080814
MDMin:  1534 09:51:32    -2397.819703        0.080823
MDMin:  1535 09:51:34    -2397.819703        0.080835
MDMin:  1536 09:51:36    -2397.819704        0.080851
MDMin:  1537 09:51:38    -2397.819704        0.080870
MDMin:  1538 09:51:40    -2397.819704        0.080893
MDMin:  1539 09:51:42    -2397.819704        0.080920
MDMin:  1540 09:51:44    -2397.819704        0.080952
MDMin:  1541 09:51:46    -2397.819704        0.080988
MDMin:  1542 09:51:47    -2397.819704        0.081028
MDMin:  1543 09:51:49    -2397.819704        0.081074
MDMin:  1544 09:51:51    -2397.819704        0.081125
MDMin:  1545 09:51:53    -2397.819704        0.081182
MDMin:  1546 09:51:55    -2397.819704        0.081245
MDMin:  1547 09:51:57    -2397.819704        0.081314
MDMin:  1548 09:51:59    -2397.819704        0.081390
MDMin:  1549 09:52:01    -2397.819704        0.081473
MDMin:  1550 09:52:03    -2397.819704        0.081563
MDMin:  1551 09:52:05    -2397.819704        0.081661
MDMin:  1552 09:52:07    -2397.819704        0.081768
MDMin:  1553 09:52:09    -2397.819704        0.081884
MDMin:  1554 09:52:11    -2397.819704        0.082009
MDMin:  1555 09:52:12    -2397.819704        0.082143
MDMin:  1556 09:52:14    -2397.819704        0.082288
MDMin:  1557 09:52:16    -2397.819704        0.082444
MDMin:  1558 09:52:18    -2397.819704        0.082611
MDMin:  1559 09:52:20    -2397.819704        0.082789
MDMin:  1560 09:52:22    -2397.819704        0.082982
MDMin:  1561 09:52:23    -2397.819704        0.083182
MDMin:  1562 09:52:24    -2397.819704        0.083405
MDMin:  1563 09:52:26    -2397.819705        0.083624
MDMin:  1564 09:52:28    -2397.819705        0.083889
MDMin:  1565 09:52:29    -2397.819705        0.084108
MDMin:  1566 09:52:32    -2397.819705        0.084454
MDMin:  1567 09:52:34    -2397.819705        0.084606
MDMin:  1568 09:52:36    -2397.819705        0.085189
MDMin:  1569 09:52:37    -2397.819705        0.085011
MDMin:  1570 09:52:39    -2397.819705        0.086395
MDMin:  1571 09:52:40    -2397.819705        0.084898
MDMin:  1572 09:52:42    -2397.819705        0.089008
MDMin:  1573 09:52:43    -2397.819705        0.084169
MDMin:  1574 09:52:44    -2397.819705        0.090054
MDMin:  1575 09:52:46    -2397.819705        0.086118
MDMin:  1576 09:52:48    -2397.819705        0.087961
MDMin:  1577 09:52:50    -2397.819705        0.087474
MDMin:  1578 09:52:52    -2397.819705        0.087982
MDMin:  1579 09:52:54    -2397.819705        0.088090
MDMin:  1580 09:52:56    -2397.819705        0.088391
MDMin:  1581 09:52:58    -2397.819705        0.088618
MDMin:  1582 09:52:59    -2397.819705        0.088896
MDMin:  1583 09:53:00    -2397.819705        0.089165
MDMin:  1584 09:53:02    -2397.819705        0.089455
MDMin:  1585 09:53:03    -2397.819705        0.089749
MDMin:  1586 09:53:05    -2397.819705        0.090057
MDMin:  1587 09:53:06    -2397.819705        0.090374
MDMin:  1588 09:53:07    -2397.819705        0.090703
MDMin:  1589 09:53:09    -2397.819705        0.091041
MDMin:  1590 09:53:10    -2397.819705        0.091390
MDMin:  1591 09:53:11    -2397.819705        0.091749
MDMin:  1592 09:53:12    -2397.819705        0.092117
MDMin:  1593 09:53:13    -2397.819705        0.092495
MDMin:  1594 09:53:14    -2397.819705        0.092882
MDMin:  1595 09:53:16    -2397.819705        0.093277
MDMin:  1596 09:53:18    -2397.819705        0.093681
MDMin:  1597 09:53:19    -2397.819705        0.094091
MDMin:  1598 09:53:21    -2397.819705        0.094509
MDMin:  1599 09:53:23    -2397.819705        0.094932
MDMin:  1600 09:53:25    -2397.819706        0.095361
MDMin:  1601 09:53:27    -2397.819706        0.095793
MDMin:  1602 09:53:29    -2397.819706        0.096229
MDMin:  1603 09:53:30    -2397.819706        0.096666
MDMin:  1604 09:53:32    -2397.819706        0.097103
MDMin:  1605 09:53:33    -2397.819706        0.097540
MDMin:  1606 09:53:35    -2397.819706        0.097974
MDMin:  1607 09:53:37    -2397.819706        0.098403
MDMin:  1608 09:53:39    -2397.819706        0.098827
MDMin:  1609 09:53:41    -2397.819706        0.099242
MDMin:  1610 09:53:43    -2397.819706        0.099647
MDMin:  1611 09:53:45    -2397.819706        0.100039
MDMin:  1612 09:53:47    -2397.819706        0.100417
MDMin:  1613 09:53:48    -2397.819706        0.100778
MDMin:  1614 09:53:50    -2397.819706        0.101118
MDMin:  1615 09:53:52    -2397.819706        0.101436
MDMin:  1616 09:53:53    -2397.819706        0.101729
MDMin:  1617 09:53:54    -2397.819706        0.101993
MDMin:  1618 09:53:55    -2397.819706        0.102225
MDMin:  1619 09:53:57    -2397.819706        0.102423
MDMin:  1620 09:53:59    -2397.819706        0.102583
MDMin:  1621 09:54:01    -2397.819706        0.102701
MDMin:  1622 09:54:03    -2397.819706        0.102774
MDMin:  1623 09:54:05    -2397.819706        0.102796
MDMin:  1624 09:54:07    -2397.819706        0.102765
MDMin:  1625 09:54:09    -2397.819706        0.102678
MDMin:  1626 09:54:10    -2397.819706        0.102532
MDMin:  1627 09:54:13    -2397.819706        0.102324
MDMin:  1628 09:54:14    -2397.819706        0.102051
MDMin:  1629 09:54:17    -2397.819706        0.101710
MDMin:  1630 09:54:19    -2397.819706        0.101300
MDMin:  1631 09:54:21    -2397.819706        0.100817
MDMin:  1632 09:54:23    -2397.819706        0.100258
MDMin:  1633 09:54:24    -2397.819706        0.099623
MDMin:  1634 09:54:26    -2397.819706        0.098908
MDMin:  1635 09:54:28    -2397.819707        0.098113
MDMin:  1636 09:54:30    -2397.819707        0.097234
MDMin:  1637 09:54:32    -2397.819707        0.096274
MDMin:  1638 09:54:34    -2397.819707        0.095225
MDMin:  1639 09:54:36    -2397.819707        0.094099
MDMin:  1640 09:54:37    -2397.819707        0.092874
MDMin:  1641 09:54:39    -2397.819707        0.091588
MDMin:  1642 09:54:41    -2397.819707        0.090175
MDMin:  1643 09:54:42    -2397.819707        0.088755
MDMin:  1644 09:54:43    -2397.819707        0.087108
MDMin:  1645 09:54:45    -2397.819707        0.085658
MDMin:  1646 09:54:47    -2397.819707        0.083591
MDMin:  1647 09:54:49    -2397.819707        0.082535
MDMin:  1648 09:54:51    -2397.819707        0.079231
MDMin:  1649 09:54:53    -2397.819707        0.080639
MDMin:  1650 09:54:55    -2397.819707        0.072928
MDMin:  1651 09:54:56    -2397.819707        0.089021
MDMin:  1652 09:54:57    -2397.819707        0.084591
MDMin:  1653 09:54:59    -2397.819707        0.097981
MDMin:  1654 09:55:01    -2397.819707        0.068394
MDMin:  1655 09:55:03    -2397.819707        0.070303
MDMin:  1656 09:55:05    -2397.819707        0.069049
MDMin:  1657 09:55:07    -2397.819707        0.068352
MDMin:  1658 09:55:09    -2397.819707        0.067533
MDMin:  1659 09:55:11    -2397.819707        0.066719
MDMin:  1660 09:55:14    -2397.819707        0.065882
MDMin:  1661 09:55:16    -2397.819707        0.065029
MDMin:  1662 09:55:17    -2397.819707        0.064160
MDMin:  1663 09:55:19    -2397.819707        0.063274
MDMin:  1664 09:55:21    -2397.819707        0.062371
MDMin:  1665 09:55:23    -2397.819707        0.061975
MDMin:  1666 09:55:25    -2397.819707        0.061596
MDMin:  1667 09:55:27    -2397.819707        0.061201
MDMin:  1668 09:55:29    -2397.819707        0.060791
MDMin:  1669 09:55:31    -2397.819707        0.060365
MDMin:  1670 09:55:33    -2397.819707        0.059923
MDMin:  1671 09:55:35    -2397.819707        0.059466
MDMin:  1672 09:55:36    -2397.819707        0.058994
MDMin:  1673 09:55:38    -2397.819707        0.058506
MDMin:  1674 09:55:40    -2397.819707        0.058003
MDMin:  1675 09:55:42    -2397.819708        0.057484
MDMin:  1676 09:55:44    -2397.819708        0.056951
MDMin:  1677 09:55:46    -2397.819708        0.056403
MDMin:  1678 09:55:47    -2397.819708        0.055840
MDMin:  1679 09:55:49    -2397.819708        0.055264
MDMin:  1680 09:55:51    -2397.819708        0.054674
MDMin:  1681 09:55:53    -2397.819708        0.054071
MDMin:  1682 09:55:55    -2397.819708        0.053455
MDMin:  1683 09:55:57    -2397.819708        0.052827
MDMin:  1684 09:55:58    -2397.819708        0.052188
MDMin:  1685 09:56:00    -2397.819708        0.051538
MDMin:  1686 09:56:02    -2397.819708        0.050879
MDMin:  1687 09:56:03    -2397.819708        0.050210
MDMin:  1688 09:56:05    -2397.819708        0.049534
