       Step     Time          Energy          fmax
MDMin:    0 08:55:57    -2394.060064        8.018848
MDMin:    1 08:56:00    -2394.061187        8.025103
MDMin:    2 08:56:01    -2394.064522        7.674761
MDMin:    3 08:56:02    -2394.069996        7.623272
MDMin:    4 08:56:04    -2394.077633        6.619794
MDMin:    5 08:56:06    -2394.087712        6.705639
MDMin:    6 08:56:07    -2394.100558        4.533370
MDMin:    7 08:56:08    -2394.117420        5.273261
MDMin:    8 08:56:10    -2394.138302        3.342891
MDMin:    9 08:56:12    -2394.169045        3.026674
MDMin:   10 08:56:13    -2394.214401        3.514951
MDMin:   11 08:56:14    -2394.276788        2.668162
MDMin:   12 08:56:15    -2394.373362        1.248935
MDMin:   13 08:56:17    -2394.545073        1.598203
MDMin:   14 08:56:18    -2394.688625        2.496122
MDMin:   15 08:56:19    -2394.786695        2.808424
MDMin:   16 08:56:20    -2394.889573        2.640420
MDMin:   17 08:56:21    -2395.032286        2.327468
MDMin:   18 08:56:23    -2395.247296        2.446276
MDMin:   19 08:56:24    -2395.560344        2.737807
MDMin:   20 08:56:25    -2395.874745        2.767323
MDMin:   21 08:56:26    -2396.028813        2.097003
MDMin:   22 08:56:28    -2396.187473        1.560127
MDMin:   23 08:56:29    -2396.357827        1.682950
MDMin:   24 08:56:30    -2396.551727        1.857810
MDMin:   25 08:56:32    -2396.781808        1.962580
MDMin:   26 08:56:34    -2397.010254        1.814501
MDMin:   27 08:56:36    -2397.110199        1.530841
MDMin:   28 08:56:37    -2397.144572        1.416049
MDMin:   29 08:56:39    -2397.175596        1.308971
MDMin:   30 08:56:41    -2397.207981        1.196462
MDMin:   31 08:56:42    -2397.241362        1.082958
MDMin:   32 08:56:44    -2397.275571        0.972478
MDMin:   33 08:56:45    -2397.310756        0.868178
MDMin:   34 08:56:47    -2397.347186        0.772883
MDMin:   35 08:56:49    -2397.384980        0.689174
MDMin:   36 08:56:51    -2397.423984        0.643762
MDMin:   37 08:56:53    -2397.463770        0.642189
MDMin:   38 08:56:55    -2397.503309        0.646983
MDMin:   39 08:56:57    -2397.539014        0.776218
MDMin:   40 08:56:58    -2397.560105        0.784156
MDMin:   41 08:56:59    -2397.569669        0.657593
MDMin:   42 08:57:00    -2397.581104        0.659537
MDMin:   43 08:57:01    -2397.593905        0.661589
MDMin:   44 08:57:03    -2397.607947        0.663587
MDMin:   45 08:57:04    -2397.623075        0.665285
MDMin:   46 08:57:05    -2397.639110        0.666314
MDMin:   47 08:57:07    -2397.649451        0.666655
MDMin:   48 08:57:08    -2397.650239        0.666421
MDMin:   49 08:57:10    -2397.651196        0.664999
MDMin:   50 08:57:11    -2397.652318        0.660672
MDMin:   51 08:57:12    -2397.653596        0.651790
MDMin:   52 08:57:14    -2397.655011        0.636343
MDMin:   53 08:57:15    -2397.656551        0.650305
MDMin:   54 08:57:16    -2397.657916        0.692838
MDMin:   55 08:57:18    -2397.658635        0.734366
MDMin:   56 08:57:20    -2397.659060        0.767207
MDMin:   57 08:57:22    -2397.659214        0.786604
MDMin:   58 08:57:24    -2397.659125        0.821555
MDMin:   59 08:57:26    -2397.658830        0.830408
MDMin:   60 08:57:28    -2397.658397        0.807967
MDMin:   61 08:57:30    -2397.658060        0.798787
MDMin:   62 08:57:32    -2397.657931        0.769716
MDMin:   63 08:57:34    -2397.657755        0.753609
MDMin:   64 08:57:36    -2397.657545        0.733423
MDMin:   65 08:57:37    -2397.657300        0.708856
MDMin:   66 08:57:39    -2397.657019        0.679861
MDMin:   67 08:57:41    -2397.656700        0.646667
MDMin:   68 08:57:42    -2397.656342        0.621973
MDMin:   69 08:57:44    -2397.655946        0.610115
MDMin:   70 08:57:45    -2397.655512        0.595340
MDMin:   71 08:57:47    -2397.655044        0.576980
MDMin:   72 08:57:48    -2397.654546        0.554062
MDMin:   73 08:57:49    -2397.654025        0.525419
MDMin:   74 08:57:50    -2397.653486        0.490294
MDMin:   75 08:57:52    -2397.652931        0.449575
MDMin:   76 08:57:54    -2397.652376        0.408807
MDMin:   77 08:57:56    -2397.651925        0.693814
MDMin:   78 08:57:58    -2397.651841        0.376995
MDMin:   79 08:58:00    -2397.651719        0.371628
MDMin:   80 08:58:02    -2397.651582        0.366295
MDMin:   81 08:58:03    -2397.651430        0.361237
MDMin:   82 08:58:04    -2397.651265        0.356773
MDMin:   83 08:58:05    -2397.651086        0.353205
MDMin:   84 08:58:07    -2397.650897        0.350775
MDMin:   85 08:58:09    -2397.650698        0.349628
MDMin:   86 08:58:11    -2397.650492        0.349777
MDMin:   87 08:58:12    -2397.650280        0.351081
MDMin:   88 08:58:14    -2397.650065        0.353226
MDMin:   89 08:58:16    -2397.649850        0.355714
MDMin:   90 08:58:18    -2397.649640        0.357855
MDMin:   91 08:58:20    -2397.649444        0.358826
MDMin:   92 08:58:21    -2397.649295        0.358299
MDMin:   93 08:58:23    -2397.649227        0.357550
MDMin:   94 08:58:26    -2397.649168        0.356538
MDMin:   95 08:58:28    -2397.649103        0.354971
MDMin:   96 08:58:29    -2397.649034        0.352631
MDMin:   97 08:58:31    -2397.648961        0.349269
MDMin:   98 08:58:32    -2397.648885        0.344592
MDMin:   99 08:58:33    -2397.648808        0.338270
MDMin:  100 08:58:35    -2397.648732        0.329949
MDMin:  101 08:58:37    -2397.648659        0.319271
MDMin:  102 08:58:38    -2397.648590        0.310193
MDMin:  103 08:58:39    -2397.648528        0.310904
MDMin:  104 08:58:41    -2397.648476        0.312641
MDMin:  105 08:58:42    -2397.648436        0.313529
MDMin:  106 08:58:43    -2397.648411        0.313193
MDMin:  107 08:58:44    -2397.648403        0.407708
MDMin:  108 08:58:46    -2397.648405        0.330463
MDMin:  109 08:58:48    -2397.648408        0.308798
MDMin:  110 08:58:50    -2397.648414        0.307299
MDMin:  111 08:58:51    -2397.648423        0.305380
MDMin:  112 08:58:53    -2397.648437        0.302965
MDMin:  113 08:58:54    -2397.648457        0.299977
MDMin:  114 08:58:55    -2397.648485        0.296348
MDMin:  115 08:58:57    -2397.648521        0.292025
MDMin:  116 08:58:59    -2397.648570        0.286986
MDMin:  117 08:59:01    -2397.648631        0.281245
MDMin:  118 08:59:02    -2397.648707        0.274873
MDMin:  119 08:59:04    -2397.648802        0.267999
MDMin:  120 08:59:06    -2397.648917        0.260813
MDMin:  121 08:59:08    -2397.649055        0.253567
MDMin:  122 08:59:10    -2397.649219        0.246559
MDMin:  123 08:59:12    -2397.649412        0.243177
MDMin:  124 08:59:14    -2397.649635        0.241208
MDMin:  125 08:59:15    -2397.649890        0.238906
MDMin:  126 08:59:17    -2397.650161        0.392448
MDMin:  127 08:59:19    -2397.650341        0.541505
MDMin:  128 08:59:21    -2397.650384        0.279202
MDMin:  129 08:59:23    -2397.650451        0.247391
MDMin:  130 08:59:24    -2397.650533        0.247359
MDMin:  131 08:59:26    -2397.650632        0.246504
MDMin:  132 08:59:28    -2397.650746        0.244549
MDMin:  133 08:59:30    -2397.650879        0.241358
MDMin:  134 08:59:31    -2397.651030        0.237060
MDMin:  135 08:59:33    -2397.651202        0.232079
MDMin:  136 08:59:34    -2397.651396        0.232754
MDMin:  137 08:59:36    -2397.651614        0.235851
MDMin:  138 08:59:37    -2397.651857        0.239907
MDMin:  139 08:59:39    -2397.652127        0.245073
MDMin:  140 08:59:41    -2397.652426        0.251495
MDMin:  141 08:59:43    -2397.652755        0.259287
MDMin:  142 08:59:45    -2397.653116        0.268511
MDMin:  143 08:59:47    -2397.653510        0.279133
MDMin:  144 08:59:48    -2397.653939        0.290971
MDMin:  145 08:59:49    -2397.654399        0.303591
MDMin:  146 08:59:51    -2397.654871        0.315889
MDMin:  147 08:59:53    -2397.655230        0.492873
MDMin:  148 08:59:54    -2397.655352        0.327173
MDMin:  149 08:59:56    -2397.655507        0.330477
MDMin:  150 08:59:57    -2397.655687        0.334038
MDMin:  151 08:59:59    -2397.655893        0.337728
MDMin:  152 09:00:01    -2397.656123        0.341380
MDMin:  153 09:00:02    -2397.656381        0.344779
MDMin:  154 09:00:03    -2397.656665        0.347668
MDMin:  155 09:00:05    -2397.656977        0.349742
MDMin:  156 09:00:07    -2397.657318        0.350661
MDMin:  157 09:00:08    -2397.657688        0.350055
MDMin:  158 09:00:09    -2397.658088        0.347545
MDMin:  159 09:00:11    -2397.658520        0.342761
MDMin:  160 09:00:13    -2397.658985        0.335364
MDMin:  161 09:00:15    -2397.659482        0.325247
MDMin:  162 09:00:16    -2397.660013        0.330941
MDMin:  163 09:00:17    -2397.660570        0.335808
MDMin:  164 09:00:19    -2397.661112        0.352237
MDMin:  165 09:00:21    -2397.661490        0.408318
MDMin:  166 09:00:23    -2397.661673        0.341451
MDMin:  167 09:00:25    -2397.661879        0.341862
MDMin:  168 09:00:27    -2397.662117        0.342148
MDMin:  169 09:00:29    -2397.662387        0.342224
MDMin:  170 09:00:30    -2397.662691        0.341992
MDMin:  171 09:00:31    -2397.663029        0.341332
MDMin:  172 09:00:33    -2397.663402        0.340104
MDMin:  173 09:00:34    -2397.663812        0.338152
MDMin:  174 09:00:36    -2397.664260        0.335305
MDMin:  175 09:00:37    -2397.664748        0.331389
MDMin:  176 09:00:38    -2397.665277        0.326240
MDMin:  177 09:00:39    -2397.665850        0.319730
MDMin:  178 09:00:41    -2397.666470        0.311792
MDMin:  179 09:00:43    -2397.667137        0.302463
MDMin:  180 09:00:44    -2397.667852        0.291961
MDMin:  181 09:00:46    -2397.668582        0.299941
MDMin:  182 09:00:48    -2397.669135        0.465064
MDMin:  183 09:00:50    -2397.669325        0.270080
MDMin:  184 09:00:51    -2397.669568        0.266585
MDMin:  185 09:00:52    -2397.669849        0.262655
MDMin:  186 09:00:54    -2397.670169        0.258330
MDMin:  187 09:00:56    -2397.670529        0.253667
MDMin:  188 09:00:57    -2397.670931        0.248742
MDMin:  189 09:00:58    -2397.671376        0.243648
MDMin:  190 09:01:00    -2397.671865        0.238493
MDMin:  191 09:01:01    -2397.672399        0.233406
MDMin:  192 09:01:02    -2397.672981        0.229554
MDMin:  193 09:01:04    -2397.673611        0.227146
MDMin:  194 09:01:06    -2397.674291        0.224558
MDMin:  195 09:01:07    -2397.675021        0.221837
MDMin:  196 09:01:08    -2397.675796        0.219063
MDMin:  197 09:01:10    -2397.676583        0.247919
MDMin:  198 09:01:12    -2397.677201        0.381618
MDMin:  199 09:01:13    -2397.677443        0.213804
MDMin:  200 09:01:14    -2397.677707        0.213491
MDMin:  201 09:01:15    -2397.678010        0.213900
MDMin:  202 09:01:17    -2397.678355        0.214563
MDMin:  203 09:01:18    -2397.678740        0.215551
MDMin:  204 09:01:19    -2397.679165        0.216942
MDMin:  205 09:01:20    -2397.679632        0.218822
MDMin:  206 09:01:22    -2397.680140        0.221276
MDMin:  207 09:01:23    -2397.680688        0.224394
MDMin:  208 09:01:24    -2397.681276        0.228261
MDMin:  209 09:01:26    -2397.681903        0.232953
MDMin:  210 09:01:28    -2397.682568        0.238531
MDMin:  211 09:01:29    -2397.683269        0.245031
MDMin:  212 09:01:30    -2397.684004        0.252455
MDMin:  213 09:01:32    -2397.683750        0.260750
MDMin:  214 09:01:33    -2397.684508        0.269480
MDMin:  215 09:01:35    -2397.685156        0.278501
MDMin:  216 09:01:36    -2397.685501        0.325728
MDMin:  217 09:01:38    -2397.685252        0.290504
MDMin:  218 09:01:40    -2397.685435        0.293636
MDMin:  219 09:01:41    -2397.685632        0.297107
MDMin:  220 09:01:42    -2397.685843        0.300922
MDMin:  221 09:01:44    -2397.686063        0.305010
MDMin:  222 09:01:46    -2397.686289        0.309276
MDMin:  223 09:01:47    -2397.686519        0.313590
MDMin:  224 09:01:48    -2397.686749        0.317794
MDMin:  225 09:01:50    -2397.686976        0.321693
MDMin:  226 09:01:51    -2397.687199        0.325064
MDMin:  227 09:01:53    -2397.687415        0.327657
MDMin:  228 09:01:54    -2397.687624        0.329201
MDMin:  229 09:01:55    -2397.687824        0.329417
MDMin:  230 09:01:56    -2397.688013        0.328027
MDMin:  231 09:01:58    -2397.688192        0.324773
MDMin:  232 09:01:59    -2397.688357        0.319487
MDMin:  233 09:02:01    -2397.688502        0.312488
MDMin:  234 09:02:03    -2397.688604        0.341039
MDMin:  235 09:02:05    -2397.688654        0.314249
MDMin:  236 09:02:07    -2397.688700        0.316437
MDMin:  237 09:02:09    -2397.688749        0.318791
MDMin:  238 09:02:11    -2397.688801        0.321294
MDMin:  239 09:02:12    -2397.688855        0.323896
MDMin:  240 09:02:13    -2397.688911        0.326534
MDMin:  241 09:02:15    -2397.688968        0.329139
MDMin:  242 09:02:16    -2397.689024        0.331630
MDMin:  243 09:02:18    -2397.689080        0.333921
MDMin:  244 09:02:20    -2397.689133        0.335913
MDMin:  245 09:02:21    -2397.689183        0.337499
MDMin:  246 09:02:23    -2397.689230        0.338562
MDMin:  247 09:02:24    -2397.689271        0.338968
MDMin:  248 09:02:25    -2397.689307        0.338581
MDMin:  249 09:02:27    -2397.689335        0.337311
MDMin:  250 09:02:29    -2397.689352        0.347845
MDMin:  251 09:02:30    -2397.689359        0.333966
MDMin:  252 09:02:32    -2397.689363        0.332622
MDMin:  253 09:02:33    -2397.689366        0.330995
MDMin:  254 09:02:35    -2397.689368        0.329007
MDMin:  255 09:02:37    -2397.689369        0.326589
MDMin:  256 09:02:39    -2397.689368        0.323664
MDMin:  257 09:02:40    -2397.689364        0.320144
MDMin:  258 09:02:41    -2397.689357        0.315932
MDMin:  259 09:02:43    -2397.689346        0.310925
MDMin:  260 09:02:44    -2397.689331        0.305025
MDMin:  261 09:02:45    -2397.689309        0.298149
MDMin:  262 09:02:47    -2397.689282        0.290258
MDMin:  263 09:02:48    -2397.689247        0.281399
MDMin:  264 09:02:49    -2397.689206        0.271893
MDMin:  265 09:02:50    -2397.689164        0.315572
MDMin:  266 09:02:52    -2397.689138        0.258271
MDMin:  267 09:02:54    -2397.689120        0.255116
MDMin:  268 09:02:56    -2397.689099        0.251573
MDMin:  269 09:02:57    -2397.689074        0.247603
MDMin:  270 09:02:58    -2397.689046        0.243237
MDMin:  271 09:03:00    -2397.689013        0.238523
MDMin:  272 09:03:02    -2397.688975        0.233522
MDMin:  273 09:03:03    -2397.688933        0.228311
MDMin:  274 09:03:05    -2397.688885        0.222982
MDMin:  275 09:03:06    -2397.688832        0.217647
MDMin:  276 09:03:08    -2397.688773        0.212432
MDMin:  277 09:03:09    -2397.688709        0.207477
MDMin:  278 09:03:10    -2397.688638        0.202938
MDMin:  279 09:03:12    -2397.688563        0.198983
MDMin:  280 09:03:13    -2397.688482        0.195798
MDMin:  281 09:03:14    -2397.688402        0.197290
MDMin:  282 09:03:16    -2397.688339        0.318454
MDMin:  283 09:03:17    -2397.688315        0.192302
MDMin:  284 09:03:19    -2397.688289        0.192124
MDMin:  285 09:03:21    -2397.688259        0.192060
MDMin:  286 09:03:22    -2397.688226        0.192166
MDMin:  287 09:03:24    -2397.688190        0.192507
MDMin:  288 09:03:26    -2397.688151        0.193152
MDMin:  289 09:03:28    -2397.688110        0.194181
MDMin:  290 09:03:30    -2397.688068        0.195678
MDMin:  291 09:03:31    -2397.688024        0.197736
MDMin:  292 09:03:33    -2397.687980        0.200450
MDMin:  293 09:03:35    -2397.687937        0.203922
MDMin:  294 09:03:37    -2397.687895        0.208252
MDMin:  295 09:03:38    -2397.687856        0.213534
MDMin:  296 09:03:39    -2397.687822        0.219848
MDMin:  297 09:03:40    -2397.687793        0.227248
MDMin:  298 09:03:41    -2397.687771        0.235733
MDMin:  299 09:03:43    -2397.687759        0.245162
MDMin:  300 09:03:44    -2397.687756        0.254842
MDMin:  301 09:03:45    -2397.687760        0.281677
MDMin:  302 09:03:46    -2397.687764        0.266206
MDMin:  303 09:03:48    -2397.687769        0.270184
MDMin:  304 09:03:49    -2397.687777        0.274667
MDMin:  305 09:03:51    -2397.687788        0.279654
MDMin:  306 09:03:53    -2397.687803        0.285108
MDMin:  307 09:03:55    -2397.687823        0.290971
MDMin:  308 09:03:56    -2397.687848        0.297156
MDMin:  309 09:03:58    -2397.687880        0.303542
MDMin:  310 09:04:00    -2397.687919        0.309972
MDMin:  311 09:04:01    -2397.687967        0.316244
MDMin:  312 09:04:03    -2397.688025        0.322114
MDMin:  313 09:04:05    -2397.688094        0.327304
MDMin:  314 09:04:07    -2397.688174        0.331504
MDMin:  315 09:04:08    -2397.688268        0.334391
MDMin:  316 09:04:10    -2397.688375        0.335638
MDMin:  317 09:04:11    -2397.688496        0.334965
MDMin:  318 09:04:13    -2397.688624        0.332910
MDMin:  319 09:04:14    -2397.688735        0.340144
MDMin:  320 09:04:16    -2397.688806        0.344204
MDMin:  321 09:04:18    -2397.688871        0.347653
MDMin:  322 09:04:19    -2397.688944        0.351250
MDMin:  323 09:04:21    -2397.689028        0.355012
MDMin:  324 09:04:22    -2397.689123        0.358860
MDMin:  325 09:04:23    -2397.689230        0.362691
MDMin:  326 09:04:24    -2397.689351        0.366384
MDMin:  327 09:04:26    -2397.689485        0.369797
MDMin:  328 09:04:28    -2397.689635        0.372774
MDMin:  329 09:04:29    -2397.689800        0.375140
MDMin:  330 09:04:31    -2397.689982        0.376708
MDMin:  331 09:04:32    -2397.690182        0.377277
MDMin:  332 09:04:33    -2397.690399        0.376654
MDMin:  333 09:04:35    -2397.690629        0.374707
MDMin:  334 09:04:37    -2397.690848        0.371652
MDMin:  335 09:04:39    -2397.691007        0.368627
MDMin:  336 09:04:40    -2397.691116        0.366224
MDMin:  337 09:04:41    -2397.691230        0.363530
MDMin:  338 09:04:42    -2397.691360        0.360327
MDMin:  339 09:04:43    -2397.691507        0.356533
MDMin:  340 09:04:45    -2397.691672        0.352084
MDMin:  341 09:04:46    -2397.691856        0.346922
MDMin:  342 09:04:48    -2397.692059        0.341003
MDMin:  343 09:04:49    -2397.692285        0.334304
MDMin:  344 09:04:51    -2397.692533        0.326833
MDMin:  345 09:04:53    -2397.692805        0.318642
MDMin:  346 09:04:54    -2397.693101        0.309861
MDMin:  347 09:04:55    -2397.693416        0.300800
MDMin:  348 09:04:57    -2397.693719        0.292416
MDMin:  349 09:04:58    -2397.693925        0.286887
MDMin:  350 09:05:00    -2397.694045        0.283747
MDMin:  351 09:05:01    -2397.694178        0.280368
MDMin:  352 09:05:02    -2397.694331        0.276660
MDMin:  353 09:05:04    -2397.694505        0.272663
MDMin:  354 09:05:05    -2397.694699        0.268431
MDMin:  355 09:05:07    -2397.694916        0.264026
MDMin:  356 09:05:08    -2397.695156        0.259517
MDMin:  357 09:05:10    -2397.695421        0.254974
MDMin:  358 09:05:11    -2397.695710        0.250473
MDMin:  359 09:05:13    -2397.696026        0.246091
MDMin:  360 09:05:14    -2397.696369        0.241901
MDMin:  361 09:05:15    -2397.696740        0.237967
MDMin:  362 09:05:17    -2397.697136        0.234353
MDMin:  363 09:05:19    -2397.697535        0.231205
MDMin:  364 09:05:21    -2397.697833        0.276090
MDMin:  365 09:05:23    -2397.697954        0.228215
MDMin:  366 09:05:25    -2397.698094        0.227272
MDMin:  367 09:05:27    -2397.698256        0.226235
MDMin:  368 09:05:28    -2397.698440        0.225113
MDMin:  369 09:05:30    -2397.698646        0.223907
MDMin:  370 09:05:32    -2397.698875        0.222615
MDMin:  371 09:05:34    -2397.699128        0.221226
MDMin:  372 09:05:36    -2397.699405        0.219718
MDMin:  373 09:05:37    -2397.699708        0.218060
MDMin:  374 09:05:39    -2397.700036        0.216210
MDMin:  375 09:05:41    -2397.700391        0.214116
MDMin:  376 09:05:43    -2397.700775        0.211722
MDMin:  377 09:05:45    -2397.701187        0.208973
MDMin:  378 09:05:47    -2397.701630        0.205824
MDMin:  379 09:05:48    -2397.702104        0.202247
MDMin:  380 09:05:50    -2397.702608        0.198263
MDMin:  381 09:05:52    -2397.703125        0.194053
MDMin:  382 09:05:53    -2397.703533        0.313712
MDMin:  383 09:05:55    -2397.703663        0.189478
MDMin:  384 09:05:56    -2397.703824        0.188094
MDMin:  385 09:05:58    -2397.704010        0.186528
MDMin:  386 09:05:59    -2397.704221        0.184793
MDMin:  387 09:06:01    -2397.704457        0.182904
MDMin:  388 09:06:02    -2397.704720        0.180883
MDMin:  389 09:06:04    -2397.705010        0.178758
MDMin:  390 09:06:06    -2397.705328        0.176564
MDMin:  391 09:06:08    -2397.705673        0.174345
MDMin:  392 09:06:09    -2397.706047        0.172156
MDMin:  393 09:06:10    -2397.706449        0.170060
MDMin:  394 09:06:12    -2397.706881        0.168131
MDMin:  395 09:06:14    -2397.707342        0.166457
MDMin:  396 09:06:15    -2397.707832        0.168202
MDMin:  397 09:06:16    -2397.708353        0.174118
MDMin:  398 09:06:18    -2397.708905        0.177548
MDMin:  399 09:06:19    -2397.709485        0.178371
MDMin:  400 09:06:21    -2397.710065        0.182925
MDMin:  401 09:06:22    -2397.710494        0.271153
MDMin:  402 09:06:24    -2397.710665        0.175943
MDMin:  403 09:06:25    -2397.710865        0.175275
MDMin:  404 09:06:27    -2397.711096        0.174476
MDMin:  405 09:06:29    -2397.711358        0.173527
MDMin:  406 09:06:30    -2397.711651        0.173168
MDMin:  407 09:06:32    -2397.711977        0.175554
MDMin:  408 09:06:33    -2397.712337        0.178512
MDMin:  409 09:06:35    -2397.712730        0.182139
MDMin:  410 09:06:36    -2397.713157        0.186542
MDMin:  411 09:06:38    -2397.713620        0.191835
MDMin:  412 09:06:39    -2397.714118        0.198138
MDMin:  413 09:06:41    -2397.714652        0.205574
MDMin:  414 09:06:42    -2397.715221        0.214260
MDMin:  415 09:06:44    -2397.715826        0.224302
MDMin:  416 09:06:45    -2397.716466        0.235780
MDMin:  417 09:06:47    -2397.717140        0.248721
MDMin:  418 09:06:48    -2397.717846        0.263070
MDMin:  419 09:06:50    -2397.718582        0.278640
MDMin:  420 09:06:51    -2397.719342        0.294981
MDMin:  421 09:06:53    -2397.720088        0.310836
MDMin:  422 09:06:54    -2397.720282        0.322237
MDMin:  423 09:06:55    -2397.720435        0.326518
MDMin:  424 09:06:57    -2397.720603        0.331324
MDMin:  425 09:06:58    -2397.720783        0.336569
MDMin:  426 09:06:59    -2397.720972        0.342112
MDMin:  427 09:07:01    -2397.721166        0.347769
MDMin:  428 09:07:03    -2397.721362        0.353308
MDMin:  429 09:07:05    -2397.721558        0.358439
MDMin:  430 09:07:07    -2397.721752        0.362817
MDMin:  431 09:07:08    -2397.721943        0.366041
MDMin:  432 09:07:10    -2397.722129        0.367660
MDMin:  433 09:07:12    -2397.722309        0.367183
MDMin:  434 09:07:13    -2397.722484        0.364088
MDMin:  435 09:07:15    -2397.722654        0.357840
MDMin:  436 09:07:16    -2397.722819        0.347907
MDMin:  437 09:07:17    -2397.722980        0.333776
MDMin:  438 09:07:19    -2397.723137        0.323761
MDMin:  439 09:07:20    -2397.723291        0.350982
MDMin:  440 09:07:22    -2397.723444        0.376360
MDMin:  441 09:07:23    -2397.723596        0.398415
MDMin:  442 09:07:25    -2397.723748        0.415291
MDMin:  443 09:07:27    -2397.723897        0.424697
MDMin:  444 09:07:28    -2397.724016        0.424858
MDMin:  445 09:07:30    -2397.724059        0.422441
MDMin:  446 09:07:31    -2397.724105        0.419314
MDMin:  447 09:07:32    -2397.724156        0.415050
MDMin:  448 09:07:34    -2397.724215        0.409325
MDMin:  449 09:07:35    -2397.724281        0.401779
MDMin:  450 09:07:37    -2397.724354        0.392035
MDMin:  451 09:07:38    -2397.724435        0.379730
MDMin:  452 09:07:40    -2397.724523        0.364551
MDMin:  453 09:07:42    -2397.724621        0.346288
MDMin:  454 09:07:44    -2397.724727        0.324886
MDMin:  455 09:07:45    -2397.724845        0.300498
MDMin:  456 09:07:47    -2397.724973        0.273544
MDMin:  457 09:07:49    -2397.725114        0.244777
MDMin:  458 09:07:51    -2397.725265        0.215641
MDMin:  459 09:07:53    -2397.725409        0.272969
MDMin:  460 09:07:55    -2397.725475        0.180050
MDMin:  461 09:07:56    -2397.725510        0.174810
MDMin:  462 09:07:58    -2397.725555        0.168479
MDMin:  463 09:07:59    -2397.725606        0.161375
MDMin:  464 09:08:00    -2397.725666        0.154679
MDMin:  465 09:08:02    -2397.725734        0.152917
MDMin:  466 09:08:04    -2397.725811        0.150892
MDMin:  467 09:08:06    -2397.725896        0.148596
