       Step     Time          Energy          fmax
MDMin:    0 04:31:33    -2393.457367        6.968966
MDMin:    1 04:31:35    -2393.459669        7.198305
MDMin:    2 04:31:37    -2393.466289        7.747579
MDMin:    3 04:31:39    -2393.476344        7.890383
MDMin:    4 04:31:40    -2393.488658        6.224986
MDMin:    5 04:31:42    -2393.502415        4.879209
MDMin:    6 04:31:44    -2393.515857        5.959832
MDMin:    7 04:31:46    -2393.527299        4.394262
MDMin:    8 04:31:47    -2393.538171        2.060268
MDMin:    9 04:31:49    -2393.548379        1.877523
MDMin:   10 04:31:51    -2393.556602        2.420620
MDMin:   11 04:31:53    -2393.561014        2.446101
MDMin:   12 04:31:55    -2393.564755        1.778062
MDMin:   13 04:31:56    -2393.568576        1.617012
MDMin:   14 04:31:58    -2393.571412        3.200558
MDMin:   15 04:32:00    -2393.571764        1.614870
MDMin:   16 04:32:01    -2393.572387        1.143140
MDMin:   17 04:32:02    -2393.573217        1.122024
MDMin:   18 04:32:03    -2393.574216        1.086102
MDMin:   19 04:32:05    -2393.575390        1.034757
MDMin:   20 04:32:06    -2393.576753        1.009789
MDMin:   21 04:32:07    -2393.578318        0.994561
MDMin:   22 04:32:08    -2393.580102        0.980332
MDMin:   23 04:32:09    -2393.582119        0.971074
MDMin:   24 04:32:11    -2393.584384        0.968568
MDMin:   25 04:32:12    -2393.586912        0.970456
MDMin:   26 04:32:13    -2393.589724        0.968707
MDMin:   27 04:32:14    -2393.592854        0.950916
MDMin:   28 04:32:16    -2393.596356        0.908916
MDMin:   29 04:32:18    -2393.600309        0.850442
MDMin:   30 04:32:20    -2393.604808        0.796079
MDMin:   31 04:32:21    -2393.609956        0.761388
MDMin:   32 04:32:23    -2393.615861        0.764422
MDMin:   33 04:32:25    -2393.618595        0.785015
MDMin:   34 04:32:26    -2393.621113        0.816975
MDMin:   35 04:32:28    -2393.623431        1.644134
MDMin:   36 04:32:30    -2393.624369        0.885062
MDMin:   37 04:32:32    -2393.624961        0.900995
MDMin:   38 04:32:33    -2393.625693        0.921004
MDMin:   39 04:32:34    -2393.626553        0.944419
MDMin:   40 04:32:36    -2393.627546        0.970379
MDMin:   41 04:32:38    -2393.628679        0.996863
MDMin:   42 04:32:39    -2393.629960        1.020041
MDMin:   43 04:32:41    -2393.631398        1.033836
MDMin:   44 04:32:42    -2393.633006        1.030547
MDMin:   45 04:32:44    -2393.634801        1.003380
MDMin:   46 04:32:46    -2393.636806        0.950073
MDMin:   47 04:32:48    -2393.639050        0.877156
MDMin:   48 04:32:50    -2393.641562        0.944949
MDMin:   49 04:32:52    -2393.644368        1.016834
MDMin:   50 04:32:54    -2393.647487        1.078057
MDMin:   51 04:32:56    -2393.650943        1.106198
MDMin:   52 04:32:57    -2393.654783        1.084149
MDMin:   53 04:32:59    -2393.659089        1.009874
MDMin:   54 04:33:01    -2393.663980        0.893162
MDMin:   55 04:33:02    -2393.669605        0.936080
MDMin:   56 04:33:03    -2393.676167        0.949916
MDMin:   57 04:33:05    -2393.683950        0.879417
MDMin:   58 04:33:06    -2393.693303        0.811445
MDMin:   59 04:33:07    -2393.703780        1.341020
MDMin:   60 04:33:09    -2393.710089        1.511863
MDMin:   61 04:33:11    -2393.711691        0.916518
MDMin:   62 04:33:12    -2393.714156        0.934314
MDMin:   63 04:33:14    -2393.717343        0.956891
MDMin:   64 04:33:15    -2393.721265        0.983518
MDMin:   65 04:33:16    -2393.726021        1.013257
MDMin:   66 04:33:17    -2393.731737        1.044153
MDMin:   67 04:33:19    -2393.738582        1.072941
MDMin:   68 04:33:20    -2393.746777        1.095113
MDMin:   69 04:33:21    -2393.756618        1.105352
MDMin:   70 04:33:22    -2393.768514        1.097898
MDMin:   71 04:33:23    -2393.783029        1.066940
MDMin:   72 04:33:25    -2393.800955        1.008962
MDMin:   73 04:33:26    -2393.823396        0.927810
MDMin:   74 04:33:27    -2393.851870        0.837016
MDMin:   75 04:33:28    -2393.888408        0.753665
MDMin:   76 04:33:29    -2393.935656        0.841034
MDMin:   77 04:33:31    -2393.996903        0.965787
MDMin:   78 04:33:32    -2394.075898        1.107018
MDMin:   79 04:33:33    -2394.176400        1.258422
MDMin:   80 04:33:34    -2394.301587        1.412630
MDMin:   81 04:33:36    -2394.448632        1.657166
MDMin:   82 04:33:37    -2394.591728        1.938508
MDMin:   83 04:33:38    -2394.769112        2.721538
MDMin:   84 04:33:39    -2394.960288        1.932450
MDMin:   85 04:33:40    -2395.198967        2.084555
MDMin:   86 04:33:42    -2395.427714        2.149698
MDMin:   87 04:33:43    -2395.636357        1.913442
MDMin:   88 04:33:44    -2395.852789        1.657329
MDMin:   89 04:33:45    -2396.061095        1.403839
MDMin:   90 04:33:46    -2396.262756        1.461333
MDMin:   91 04:33:48    -2396.460905        1.451597
MDMin:   92 04:33:49    -2396.633178        1.584369
MDMin:   93 04:33:50    -2396.706390        1.306897
MDMin:   94 04:33:51    -2396.728622        1.264404
MDMin:   95 04:33:52    -2396.757780        1.214558
MDMin:   96 04:33:54    -2396.790163        1.148140
MDMin:   97 04:33:55    -2396.823860        1.065177
MDMin:   98 04:33:56    -2396.857259        0.967270
MDMin:   99 04:33:57    -2396.889015        0.866567
MDMin:  100 04:33:59    -2396.918402        0.771919
MDMin:  101 04:34:00    -2396.945554        0.670021
MDMin:  102 04:34:02    -2396.971317        0.593897
MDMin:  103 04:34:03    -2396.996644        0.544704
MDMin:  104 04:34:04    -2397.022094        0.518492
MDMin:  105 04:34:05    -2397.047829        0.498966
MDMin:  106 04:34:06    -2397.073783        0.483671
MDMin:  107 04:34:08    -2397.099556        0.490921
MDMin:  108 04:34:09    -2397.122777        0.842361
MDMin:  109 04:34:11    -2397.133153        0.691677
MDMin:  110 04:34:12    -2397.136659        0.562486
MDMin:  111 04:34:13    -2397.141480        0.573710
MDMin:  112 04:34:14    -2397.147255        0.587466
MDMin:  113 04:34:16    -2397.153893        0.603559
MDMin:  114 04:34:17    -2397.161362        0.621742
MDMin:  115 04:34:18    -2397.169624        0.641456
MDMin:  116 04:34:20    -2397.178638        0.661664
MDMin:  117 04:34:21    -2397.188364        0.680680
MDMin:  118 04:34:22    -2397.198762        0.696038
MDMin:  119 04:34:23    -2397.209796        0.704532
MDMin:  120 04:34:25    -2397.221438        0.702567
MDMin:  121 04:34:26    -2397.233668        0.687037
MDMin:  122 04:34:27    -2397.246468        0.656599
MDMin:  123 04:34:29    -2397.259824        0.612719
MDMin:  124 04:34:30    -2397.273711        0.559649
MDMin:  125 04:34:31    -2397.288100        0.517221
MDMin:  126 04:34:33    -2397.302958        0.524718
MDMin:  127 04:34:34    -2397.318249        0.531342
MDMin:  128 04:34:35    -2397.333944        0.545423
MDMin:  129 04:34:36    -2397.350003        0.563299
MDMin:  130 04:34:37    -2397.366324        0.580621
MDMin:  131 04:34:39    -2397.379333        0.791852
MDMin:  132 04:34:40    -2397.379925        0.733193
MDMin:  133 04:34:41    -2397.380778        0.683737
MDMin:  134 04:34:43    -2397.381865        0.637922
MDMin:  135 04:34:44    -2397.383235        0.603948
MDMin:  136 04:34:45    -2397.384910        0.602771
MDMin:  137 04:34:46    -2397.381692        0.599507
MDMin:  138 04:34:48    -2397.379785        0.593696
MDMin:  139 04:34:50    -2397.377897        0.585117
MDMin:  140 04:34:51    -2397.376049        0.573890
MDMin:  141 04:34:53    -2397.374292        0.566839
MDMin:  142 04:34:54    -2397.372724        0.571036
MDMin:  143 04:34:56    -2397.371501        0.573188
MDMin:  144 04:34:58    -2397.370563        0.574083
MDMin:  145 04:35:00    -2397.369660        0.574310
MDMin:  146 04:35:02    -2397.368703        0.573872
MDMin:  147 04:35:04    -2397.367673        0.572633
MDMin:  148 04:35:06    -2397.366566        0.579247
MDMin:  149 04:35:08    -2397.365386        0.586687
MDMin:  150 04:35:10    -2397.364141        0.593989
MDMin:  151 04:35:12    -2397.362842        0.601226
MDMin:  152 04:35:13    -2397.361513        0.608629
MDMin:  153 04:35:14    -2397.360209        0.616728
MDMin:  154 04:35:15    -2397.359037        0.625737
MDMin:  155 04:35:17    -2397.358143        0.634321
MDMin:  156 04:35:18    -2397.357468        0.642216
MDMin:  157 04:35:19    -2397.356820        0.651271
MDMin:  158 04:35:21    -2397.356144        0.662631
MDMin:  159 04:35:23    -2397.355436        0.677079
MDMin:  160 04:35:25    -2397.354703        0.695369
MDMin:  161 04:35:27    -2397.353959        0.718175
MDMin:  162 04:35:29    -2397.353218        0.745863
MDMin:  163 04:35:31    -2397.352495        0.778025
MDMin:  164 04:35:33    -2397.351808        0.812754
MDMin:  165 04:35:35    -2397.351172        0.845742
MDMin:  166 04:35:37    -2397.350606        0.869951
MDMin:  167 04:35:39    -2397.350126        0.877349
MDMin:  168 04:35:41    -2397.349750        0.864117
MDMin:  169 04:35:42    -2397.349488        0.849359
MDMin:  170 04:35:43    -2397.349319        0.824467
MDMin:  171 04:35:44    -2397.349205        0.792901
MDMin:  172 04:35:46    -2397.349127        0.762490
MDMin:  173 04:35:47    -2397.349089        0.740789
MDMin:  174 04:35:48    -2397.349099        0.707184
MDMin:  175 04:35:49    -2397.349174        0.661313
MDMin:  176 04:35:51    -2397.349327        0.604903
MDMin:  177 04:35:53    -2397.349569        0.542506
MDMin:  178 04:35:55    -2397.349888        0.499667
MDMin:  179 04:35:57    -2397.350225        0.492639
MDMin:  180 04:35:59    -2397.350521        0.485943
MDMin:  181 04:36:01    -2397.350819        0.478978
MDMin:  182 04:36:03    -2397.351162        0.470816
MDMin:  183 04:36:04    -2397.351569        0.461037
MDMin:  184 04:36:06    -2397.352052        0.449429
MDMin:  185 04:36:08    -2397.352622        0.435897
MDMin:  186 04:36:10    -2397.353285        0.420460
MDMin:  187 04:36:12    -2397.354042        0.413244
MDMin:  188 04:36:13    -2397.354884        0.415484
MDMin:  189 04:36:15    -2397.355756        0.416410
MDMin:  190 04:36:17    -2397.356535        0.416252
MDMin:  191 04:36:19    -2397.357130        0.415616
MDMin:  192 04:36:21    -2397.357665        0.414802
MDMin:  193 04:36:23    -2397.358244        0.413764
MDMin:  194 04:36:25    -2397.358896        0.412455
MDMin:  195 04:36:27    -2397.359627        0.410848
MDMin:  196 04:36:29    -2397.360445        0.408931
MDMin:  197 04:36:31    -2397.361352        0.406709
MDMin:  198 04:36:33    -2397.362350        0.404202
MDMin:  199 04:36:34    -2397.363440        0.401451
MDMin:  200 04:36:36    -2397.364609        0.398526
MDMin:  201 04:36:38    -2397.365815        0.395567
MDMin:  202 04:36:40    -2397.366942        0.392857
MDMin:  203 04:36:42    -2397.367813        0.390781
MDMin:  204 04:36:44    -2397.368496        0.389170
MDMin:  205 04:36:46    -2397.369195        0.387557
MDMin:  206 04:36:48    -2397.369966        0.385828
MDMin:  207 04:36:50    -2397.370823        0.383966
MDMin:  208 04:36:51    -2397.371769        0.381970
MDMin:  209 04:36:53    -2397.372807        0.379836
MDMin:  210 04:36:55    -2397.373938        0.377558
MDMin:  211 04:36:57    -2397.375162        0.386854
MDMin:  212 04:36:59    -2397.376475        0.404301
MDMin:  213 04:37:01    -2397.377863        0.423892
MDMin:  214 04:37:02    -2397.379290        0.444940
MDMin:  215 04:37:04    -2397.380655        0.465443
MDMin:  216 04:37:05    -2397.381790        0.482262
MDMin:  217 04:37:06    -2397.382660        0.494661
MDMin:  218 04:37:07    -2397.383468        0.505465
MDMin:  219 04:37:09    -2397.384327        0.515933
MDMin:  220 04:37:11    -2397.385266        0.525769
MDMin:  221 04:37:12    -2397.386291        0.534119
MDMin:  222 04:37:14    -2397.387405        0.539803
MDMin:  223 04:37:15    -2397.388610        0.541412
MDMin:  224 04:37:17    -2397.388204        0.537499
MDMin:  225 04:37:19    -2397.388968        0.526894
MDMin:  226 04:37:21    -2397.389613        0.508908
MDMin:  227 04:37:23    -2397.390129        0.484192
MDMin:  228 04:37:25    -2397.390502        0.455954
MDMin:  229 04:37:27    -2397.390722        0.431174
MDMin:  230 04:37:29    -2397.390834        0.413637
MDMin:  231 04:37:31    -2397.390912        0.397419
MDMin:  232 04:37:33    -2397.390973        0.379980
MDMin:  233 04:37:35    -2397.391016        0.374609
MDMin:  234 04:37:37    -2397.391033        0.376217
MDMin:  235 04:37:39    -2397.391021        0.376863
MDMin:  236 04:37:40    -2397.390971        0.376491
MDMin:  237 04:37:42    -2397.390881        0.375113
MDMin:  238 04:37:44    -2397.390746        0.372837
MDMin:  239 04:37:46    -2397.390565        0.369897
MDMin:  240 04:37:48    -2397.390350        0.366695
MDMin:  241 04:37:49    -2397.390139        0.364129
MDMin:  242 04:37:51    -2397.389982        0.361985
MDMin:  243 04:37:54    -2397.389840        0.360419
MDMin:  244 04:37:56    -2397.389683        0.358852
MDMin:  245 04:37:58    -2397.389503        0.357896
MDMin:  246 04:38:00    -2397.389298        0.362018
MDMin:  247 04:38:01    -2397.389067        0.367538
MDMin:  248 04:38:02    -2397.388808        0.374793
MDMin:  249 04:38:03    -2397.388523        0.384146
MDMin:  250 04:38:05    -2397.388213        0.395946
MDMin:  251 04:38:06    -2397.387880        0.410447
MDMin:  252 04:38:07    -2397.387531        0.427600
MDMin:  253 04:38:08    -2397.387179        0.446566
MDMin:  254 04:38:10    -2397.386859        0.464888
MDMin:  255 04:38:12    -2397.386616        0.478958
MDMin:  256 04:38:13    -2397.386434        0.489430
MDMin:  257 04:38:15    -2397.386254        0.499508
MDMin:  258 04:38:16    -2397.386061        0.509738
MDMin:  259 04:38:18    -2397.385854        0.519694
MDMin:  260 04:38:20    -2397.385635        0.528593
MDMin:  261 04:38:21    -2397.385405        0.535384
MDMin:  262 04:38:23    -2397.385166        0.538811
MDMin:  263 04:38:25    -2397.384921        0.537521
MDMin:  264 04:38:26    -2397.384674        0.530261
MDMin:  265 04:38:28    -2397.384427        0.516241
MDMin:  266 04:38:29    -2397.384186        0.495450
MDMin:  267 04:38:31    -2397.383962        0.469438
MDMin:  268 04:38:32    -2397.383774        0.442657
MDMin:  269 04:38:33    -2397.383644        0.421864
MDMin:  270 04:38:35    -2397.383553        0.406175
MDMin:  271 04:38:36    -2397.383466        0.390089
MDMin:  272 04:38:37    -2397.383377        0.372424
MDMin:  273 04:38:38    -2397.383287        0.358375
MDMin:  274 04:38:40    -2397.383199        0.359182
MDMin:  275 04:38:42    -2397.383114        0.358488
MDMin:  276 04:38:43    -2397.383037        0.359453
MDMin:  277 04:38:45    -2397.382972        0.360121
MDMin:  278 04:38:46    -2397.382921        0.358946
MDMin:  279 04:38:48    -2397.382889        0.355305
MDMin:  280 04:38:50    -2397.382880        0.348811
MDMin:  281 04:38:52    -2397.382892        0.340325
MDMin:  282 04:38:53    -2397.382912        0.332740
MDMin:  283 04:38:55    -2397.382933        0.326514
MDMin:  284 04:38:56    -2397.382960        0.319576
MDMin:  285 04:38:58    -2397.382997        0.311271
MDMin:  286 04:39:00    -2397.383046        0.308363
MDMin:  287 04:39:01    -2397.383109        0.308324
MDMin:  288 04:39:03    -2397.383190        0.308547
MDMin:  289 04:39:05    -2397.383291        0.309116
MDMin:  290 04:39:06    -2397.383416        0.310133
MDMin:  291 04:39:08    -2397.383568        0.311728
MDMin:  292 04:39:10    -2397.383749        0.314057
MDMin:  293 04:39:11    -2397.383958        0.317265
MDMin:  294 04:39:12    -2397.384185        0.321289
MDMin:  295 04:39:14    -2397.384385        0.329642
MDMin:  296 04:39:15    -2397.384524        0.328287
MDMin:  297 04:39:17    -2397.384654        0.331313
MDMin:  298 04:39:18    -2397.384801        0.334982
MDMin:  299 04:39:19    -2397.384968        0.339532
MDMin:  300 04:39:20    -2397.385160        0.345165
MDMin:  301 04:39:22    -2397.385377        0.352098
MDMin:  302 04:39:23    -2397.385622        0.360580
MDMin:  303 04:39:24    -2397.385896        0.370869
MDMin:  304 04:39:26    -2397.386202        0.383216
MDMin:  305 04:39:28    -2397.386540        0.397791
MDMin:  306 04:39:30    -2397.386911        0.414580
MDMin:  307 04:39:32    -2397.387311        0.433148
MDMin:  308 04:39:34    -2397.387727        0.452280
MDMin:  309 04:39:35    -2397.388117        0.469361
MDMin:  310 04:39:36    -2397.388424        0.481688
MDMin:  311 04:39:38    -2397.388667        0.490473
MDMin:  312 04:39:39    -2397.388911        0.498305
MDMin:  313 04:39:41    -2397.389179        0.505578
MDMin:  314 04:39:43    -2397.389478        0.511821
MDMin:  315 04:39:45    -2397.389808        0.516276
MDMin:  316 04:39:47    -2397.390172        0.518040
MDMin:  317 04:39:48    -2397.390572        0.516144
MDMin:  318 04:39:50    -2397.391008        0.509675
MDMin:  319 04:39:51    -2397.391484        0.497994
MDMin:  320 04:39:53    -2397.391999        0.480835
MDMin:  321 04:39:54    -2397.392550        0.458598
MDMin:  322 04:39:55    -2397.393123        0.432813
MDMin:  323 04:39:57    -2397.393665        0.407287
MDMin:  324 04:39:59    -2397.394092        0.387209
MDMin:  325 04:40:00    -2397.394419        0.372095
MDMin:  326 04:40:02    -2397.394746        0.364060
MDMin:  327 04:40:04    -2397.395107        0.364197
MDMin:  328 04:40:06    -2397.395510        0.363828
MDMin:  329 04:40:08    -2397.395959        0.362795
MDMin:  330 04:40:09    -2397.396457        0.360928
MDMin:  331 04:40:11    -2397.397007        0.358062
MDMin:  332 04:40:13    -2397.397609        0.354051
MDMin:  333 04:40:15    -2397.398265        0.348782
MDMin:  334 04:40:17    -2397.398971        0.342232
MDMin:  335 04:40:19    -2397.399706        0.334633
MDMin:  336 04:40:21    -2397.400406        0.355436
MDMin:  337 04:40:22    -2397.400949        0.340216
MDMin:  338 04:40:24    -2397.401356        0.347966
MDMin:  339 04:40:26    -2397.401765        0.355585
MDMin:  340 04:40:28    -2397.402219        0.363818
MDMin:  341 04:40:30    -2397.402724        0.372730
MDMin:  342 04:40:32    -2397.403283        0.382289
MDMin:  343 04:40:34    -2397.403899        0.392422
MDMin:  344 04:40:36    -2397.404572        0.403045
MDMin:  345 04:40:38    -2397.405304        0.414051
MDMin:  346 04:40:40    -2397.406094        0.425322
MDMin:  347 04:40:42    -2397.406939        0.436692
MDMin:  348 04:40:44    -2397.406785        0.447923
MDMin:  349 04:40:46    -2397.407290        0.458443
MDMin:  350 04:40:48    -2397.407681        0.467417
MDMin:  351 04:40:50    -2397.407942        0.473834
MDMin:  352 04:40:51    -2397.408127        0.478578
MDMin:  353 04:40:53    -2397.408297        0.483084
MDMin:  354 04:40:54    -2397.408468        0.487708
MDMin:  355 04:40:56    -2397.408639        0.492428
MDMin:  356 04:40:58    -2397.408810        0.497142
MDMin:  357 04:40:59    -2397.408978        0.501707
MDMin:  358 04:41:01    -2397.409142        0.505953
MDMin:  359 04:41:02    -2397.409302        0.509687
MDMin:  360 04:41:04    -2397.409456        0.512710
MDMin:  361 04:41:06    -2397.409605        0.514822
MDMin:  362 04:41:08    -2397.409747        0.515869
MDMin:  363 04:41:09    -2397.409876        0.515804
MDMin:  364 04:41:11    -2397.409982        0.514883
MDMin:  365 04:41:13    -2397.410059        0.513668
MDMin:  366 04:41:15    -2397.410123        0.512333
MDMin:  367 04:41:17    -2397.410190        0.510748
MDMin:  368 04:41:19    -2397.410262        0.508844
MDMin:  369 04:41:20    -2397.410340        0.506600
MDMin:  370 04:41:22    -2397.410425        0.504014
MDMin:  371 04:41:24    -2397.410518        0.501105
MDMin:  372 04:41:26    -2397.410618        0.497905
MDMin:  373 04:41:28    -2397.410727        0.494479
MDMin:  374 04:41:30    -2397.410845        0.490912
MDMin:  375 04:41:32    -2397.410970        0.487331
MDMin:  376 04:41:34    -2397.411101        0.483902
MDMin:  377 04:41:35    -2397.411223        0.480909
MDMin:  378 04:41:38    -2397.411323        0.478588
MDMin:  379 04:41:39    -2397.411406        0.476744
MDMin:  380 04:41:41    -2397.411491        0.474971
MDMin:  381 04:41:43    -2397.411583        0.473132
MDMin:  382 04:41:45    -2397.411687        0.473167
MDMin:  383 04:41:47    -2397.411802        0.488058
MDMin:  384 04:41:49    -2397.411931        0.502760
MDMin:  385 04:41:51    -2397.412073        0.516261
MDMin:  386 04:41:53    -2397.412230        0.527231
MDMin:  387 04:41:55    -2397.412403        0.534058
MDMin:  388 04:41:56    -2397.412590        0.535124
MDMin:  389 04:41:57    -2397.412786        0.529407
MDMin:  390 04:41:59    -2397.412978        0.517833
MDMin:  391 04:42:00    -2397.413138        0.504587
MDMin:  392 04:42:01    -2397.413264        0.492331
MDMin:  393 04:42:03    -2397.413388        0.479100
MDMin:  394 04:42:05    -2397.413524        0.463517
MDMin:  395 04:42:07    -2397.413677        0.445216
MDMin:  396 04:42:09    -2397.413847        0.424118
MDMin:  397 04:42:10    -2397.414038        0.412939
MDMin:  398 04:42:12    -2397.414250        0.405462
MDMin:  399 04:42:13    -2397.414483        0.397081
MDMin:  400 04:42:15    -2397.414738        0.387885
MDMin:  401 04:42:16    -2397.415006        0.378272
MDMin:  402 04:42:17    -2397.415261        0.375734
MDMin:  403 04:42:18    -2397.415455        0.362476
MDMin:  404 04:42:20    -2397.415600        0.357522
MDMin:  405 04:42:21    -2397.415749        0.352550
MDMin:  406 04:42:22    -2397.415916        0.347152
MDMin:  407 04:42:23    -2397.416105        0.341326
MDMin:  408 04:42:24    -2397.416315        0.335115
MDMin:  409 04:42:26    -2397.416549        0.328602
MDMin:  410 04:42:27    -2397.416808        0.321885
MDMin:  411 04:42:29    -2397.417092        0.315102
MDMin:  412 04:42:31    -2397.417401        0.308423
MDMin:  413 04:42:33    -2397.417730        0.302124
MDMin:  414 04:42:35    -2397.418061        0.299194
MDMin:  415 04:42:37    -2397.418331        0.301898
MDMin:  416 04:42:38    -2397.418502        0.296829
MDMin:  417 04:42:40    -2397.418660        0.296127
MDMin:  418 04:42:41    -2397.418835        0.295468
MDMin:  419 04:42:43    -2397.419030        0.294884
MDMin:  420 04:42:44    -2397.419247        0.294424
MDMin:  421 04:42:45    -2397.419486        0.294152
MDMin:  422 04:42:46    -2397.419747        0.294136
MDMin:  423 04:42:48    -2397.420031        0.294454
MDMin:  424 04:42:49    -2397.420338        0.295189
MDMin:  425 04:42:50    -2397.420666        0.296425
MDMin:  426 04:42:51    -2397.421014        0.298239
MDMin:  427 04:42:53    -2397.421375        0.300648
MDMin:  428 04:42:55    -2397.421729        0.303504
MDMin:  429 04:42:56    -2397.422015        0.306139
MDMin:  430 04:42:58    -2397.422203        0.308019
MDMin:  431 04:42:59    -2397.422372        0.309810
MDMin:  432 04:43:00    -2397.422555        0.311872
MDMin:  433 04:43:02    -2397.422758        0.314267
MDMin:  434 04:43:05    -2397.422980        0.317029
MDMin:  435 04:43:07    -2397.423221        0.320173
MDMin:  436 04:43:09    -2397.423481        0.323706
MDMin:  437 04:43:11    -2397.423760        0.327622
MDMin:  438 04:43:13    -2397.424057        0.331904
MDMin:  439 04:43:14    -2397.424372        0.336515
MDMin:  440 04:43:16    -2397.424702        0.341400
MDMin:  441 04:43:18    -2397.425047        0.346451
MDMin:  442 04:43:20    -2397.425401        0.351504
MDMin:  443 04:43:21    -2397.425749        0.356190
MDMin:  444 04:43:22    -2397.426055        0.359963
MDMin:  445 04:43:24    -2397.426279        0.362413
MDMin:  446 04:43:26    -2397.426462        0.364167
MDMin:  447 04:43:28    -2397.426649        0.365677
MDMin:  448 04:43:30    -2397.426854        0.366927
MDMin:  449 04:43:31    -2397.427077        0.367729
MDMin:  450 04:43:34    -2397.427318        0.367819
MDMin:  451 04:43:36    -2397.427579        0.366854
MDMin:  452 04:43:38    -2397.427857        0.364416
MDMin:  453 04:43:40    -2397.428155        0.360042
MDMin:  454 04:43:42    -2397.428470        0.353252
MDMin:  455 04:43:43    -2397.428802        0.364104
MDMin:  456 04:43:45    -2397.429150        0.385609
MDMin:  457 04:43:46    -2397.429507        0.408235
MDMin:  458 04:43:47    -2397.429858        0.430470
MDMin:  459 04:43:49    -2397.430162        0.449154
MDMin:  460 04:43:51    -2397.430396        0.462745
MDMin:  461 04:43:53    -2397.430599        0.473730
MDMin:  462 04:43:55    -2397.430812        0.484185
MDMin:  463 04:43:57    -2397.431043        0.494122
MDMin:  464 04:43:59    -2397.431296        0.502966
MDMin:  465 04:44:01    -2397.431573        0.509788
MDMin:  466 04:44:02    -2397.431876        0.513480
MDMin:  467 04:44:04    -2397.432204        0.512810
MDMin:  468 04:44:06    -2397.432560        0.506595
MDMin:  469 04:44:08    -2397.432944        0.494021
MDMin:  470 04:44:10    -2397.433352        0.475078
MDMin:  471 04:44:12    -2397.433762        0.451737
MDMin:  472 04:44:14    -2397.434121        0.429102
MDMin:  473 04:44:15    -2397.434375        0.412512
MDMin:  474 04:44:17    -2397.434598        0.397754
MDMin:  475 04:44:19    -2397.434840        0.381753
MDMin:  476 04:44:21    -2397.435112        0.363867
MDMin:  477 04:44:23    -2397.435418        0.344179
MDMin:  478 04:44:25    -2397.435762        0.322862
MDMin:  479 04:44:26    -2397.436145        0.300263
MDMin:  480 04:44:28    -2397.436571        0.295923
MDMin:  481 04:44:30    -2397.437043        0.292203
MDMin:  482 04:44:32    -2397.437558        0.286788
MDMin:  483 04:44:33    -2397.438096        0.280065
MDMin:  484 04:44:35    -2397.438581        0.273312
MDMin:  485 04:44:37    -2397.438889        0.268720
MDMin:  486 04:44:39    -2397.439139        0.264964
MDMin:  487 04:44:40    -2397.439414        0.260894
MDMin:  488 04:44:42    -2397.439727        0.256365
MDMin:  489 04:44:43    -2397.440080        0.251400
MDMin:  490 04:44:44    -2397.440476        0.246036
MDMin:  491 04:44:46    -2397.440918        0.240340
MDMin:  492 04:44:47    -2397.441407        0.234393
MDMin:  493 04:44:48    -2397.441946        0.228309
MDMin:  494 04:44:50    -2397.442538        0.222218
MDMin:  495 04:44:52    -2397.443182        0.216289
MDMin:  496 04:44:54    -2397.443875        0.210715
MDMin:  497 04:44:56    -2397.444584        0.205846
MDMin:  498 04:44:58    -2397.445201        0.217236
MDMin:  499 04:45:00    -2397.445562        0.200380
MDMin:  500 04:45:02    -2397.445861        0.198989
MDMin:  501 04:45:04    -2397.446191        0.197619
MDMin:  502 04:45:06    -2397.446563        0.196276
MDMin:  503 04:45:08    -2397.446978        0.195018
MDMin:  504 04:45:10    -2397.447438        0.193907
MDMin:  505 04:45:12    -2397.447943        0.193007
MDMin:  506 04:45:13    -2397.448494        0.192382
MDMin:  507 04:45:15    -2397.449091        0.192089
MDMin:  508 04:45:16    -2397.449734        0.192179
MDMin:  509 04:45:17    -2397.450424        0.192684
MDMin:  510 04:45:19    -2397.451161        0.193610
MDMin:  511 04:45:21    -2397.451278        0.282402
MDMin:  512 04:45:23    -2397.451407        0.242766
MDMin:  513 04:45:25    -2397.451551        0.220000
MDMin:  514 04:45:27    -2397.451712        0.204816
MDMin:  515 04:45:28    -2397.451886        0.198928
MDMin:  516 04:45:30    -2397.452068        0.200046
MDMin:  517 04:45:31    -2397.452253        0.200937
MDMin:  518 04:45:33    -2397.452435        0.201343
MDMin:  519 04:45:34    -2397.452605        0.200984
MDMin:  520 04:45:36    -2397.452748        0.199800
MDMin:  521 04:45:37    -2397.452847        0.198313
MDMin:  522 04:45:39    -2397.452922        0.196725
MDMin:  523 04:45:41    -2397.452994        0.194699
MDMin:  524 04:45:42    -2397.453070        0.191964
MDMin:  525 04:45:44    -2397.453149        0.189687
MDMin:  526 04:45:45    -2397.453231        0.198837
MDMin:  527 04:45:46    -2397.453315        0.208674
MDMin:  528 04:45:48    -2397.453401        0.219021
MDMin:  529 04:45:49    -2397.453487        0.229595
MDMin:  530 04:45:50    -2397.453573        0.240063
MDMin:  531 04:45:52    -2397.453658        0.249988
MDMin:  532 04:45:54    -2397.453742        0.258918
MDMin:  533 04:45:55    -2397.453824        0.266288
MDMin:  534 04:45:56    -2397.453899        0.271585
MDMin:  535 04:45:58    -2397.453961        0.274435
MDMin:  536 04:45:59    -2397.454005        0.275502
MDMin:  537 04:46:00    -2397.454040        0.275849
MDMin:  538 04:46:02    -2397.454076        0.275802
MDMin:  539 04:46:04    -2397.454114        0.275324
MDMin:  540 04:46:06    -2397.454154        0.274341
MDMin:  541 04:46:08    -2397.454196        0.272794
MDMin:  542 04:46:09    -2397.454240        0.270655
MDMin:  543 04:46:11    -2397.454286        0.267946
MDMin:  544 04:46:12    -2397.454332        0.264730
MDMin:  545 04:46:14    -2397.454380        0.261140
MDMin:  546 04:46:16    -2397.454428        0.257366
MDMin:  547 04:46:17    -2397.454472        0.253758
MDMin:  548 04:46:19    -2397.454510        0.250820
MDMin:  549 04:46:20    -2397.454535        0.248911
MDMin:  550 04:46:21    -2397.454556        0.247391
MDMin:  551 04:46:23    -2397.454578        0.245870
MDMin:  552 04:46:24    -2397.454601        0.244291
MDMin:  553 04:46:26    -2397.454626        0.242679
MDMin:  554 04:46:27    -2397.454653        0.241058
MDMin:  555 04:46:29    -2397.454681        0.239460
MDMin:  556 04:46:31    -2397.454711        0.237899
MDMin:  557 04:46:33    -2397.454743        0.236382
MDMin:  558 04:46:35    -2397.454776        0.234889
MDMin:  559 04:46:38    -2397.454809        0.233379
MDMin:  560 04:46:39    -2397.454843        0.231794
MDMin:  561 04:46:40    -2397.454873        0.230167
MDMin:  562 04:46:42    -2397.454896        0.228733
MDMin:  563 04:46:44    -2397.454912        0.227594
MDMin:  564 04:46:46    -2397.454928        0.226359
MDMin:  565 04:46:48    -2397.454945        0.224886
MDMin:  566 04:46:50    -2397.454964        0.223096
MDMin:  567 04:46:52    -2397.454984        0.220912
MDMin:  568 04:46:54    -2397.455006        0.218236
MDMin:  569 04:46:55    -2397.455030        0.214958
MDMin:  570 04:46:57    -2397.455055        0.210946
MDMin:  571 04:46:59    -2397.455083        0.206064
MDMin:  572 04:47:01    -2397.455111        0.200172
MDMin:  573 04:47:02    -2397.455142        0.193540
MDMin:  574 04:47:03    -2397.455173        0.190516
MDMin:  575 04:47:05    -2397.455201        0.187174
MDMin:  576 04:47:06    -2397.455221        0.184505
MDMin:  577 04:47:07    -2397.455235        0.182511
MDMin:  578 04:47:09    -2397.455250        0.180311
MDMin:  579 04:47:11    -2397.455266        0.177747
MDMin:  580 04:47:13    -2397.455285        0.174772
MDMin:  581 04:47:15    -2397.455305        0.171369
MDMin:  582 04:47:17    -2397.455327        0.167530
MDMin:  583 04:47:19    -2397.455352        0.163274
MDMin:  584 04:47:20    -2397.455379        0.158642
MDMin:  585 04:47:21    -2397.455408        0.153718
MDMin:  586 04:47:23    -2397.455439        0.148627
