       Step     Time          Energy          fmax
MDMin:    0 23:18:30    -2394.045421        7.946639
MDMin:    1 23:18:33    -2394.047268        8.077157
MDMin:    2 23:18:35    -2394.052612        8.049165
MDMin:    3 23:18:37    -2394.060899        6.727205
MDMin:    4 23:18:39    -2394.071547        7.241543
MDMin:    5 23:18:42    -2394.083569        6.452056
MDMin:    6 23:18:44    -2394.096925        4.040143
MDMin:    7 23:18:46    -2394.111282        5.241313
MDMin:    8 23:18:48    -2394.124925        3.605838
MDMin:    9 23:18:50    -2394.135282        1.793133
MDMin:   10 23:18:52    -2394.143174        2.462676
MDMin:   11 23:18:55    -2394.151131        2.979347
MDMin:   12 23:18:57    -2394.158900        2.583513
MDMin:   13 23:18:59    -2394.167537        1.432938
MDMin:   14 23:19:00    -2394.178175        1.306051
MDMin:   15 23:19:02    -2394.189237        2.097578
MDMin:   16 23:19:04    -2394.196390        2.119702
MDMin:   17 23:19:07    -2394.199846        1.374293
MDMin:   18 23:19:09    -2394.204230        1.363136
MDMin:   19 23:19:11    -2394.209379        1.337399
MDMin:   20 23:19:13    -2394.215466        1.295240
MDMin:   21 23:19:15    -2394.222759        1.237484
MDMin:   22 23:19:17    -2394.231707        1.164771
MDMin:   23 23:19:19    -2394.242997        1.074152
MDMin:   24 23:19:21    -2394.257659        0.961643
MDMin:   25 23:19:23    -2394.277338        0.868723
MDMin:   26 23:19:25    -2394.304864        0.795325
MDMin:   27 23:19:27    -2394.345087        0.716809
MDMin:   28 23:19:29    -2394.405420        0.875060
MDMin:   29 23:19:31    -2394.483507        1.534299
MDMin:   30 23:19:32    -2394.542931        1.178042
MDMin:   31 23:19:33    -2394.601647        1.339866
MDMin:   32 23:19:35    -2394.678860        1.543740
MDMin:   33 23:19:36    -2394.741522        2.087147
MDMin:   34 23:19:38    -2394.819679        2.454581
MDMin:   35 23:19:40    -2394.922875        2.773510
MDMin:   36 23:19:42    -2395.049423        2.889803
MDMin:   37 23:19:45    -2395.215529        2.312152
MDMin:   38 23:19:47    -2395.401045        2.452033
MDMin:   39 23:19:49    -2395.515329        2.315526
MDMin:   40 23:19:51    -2395.682490        2.362970
MDMin:   41 23:19:53    -2395.914088        2.109990
MDMin:   42 23:19:55    -2396.210809        2.066041
MDMin:   43 23:19:57    -2396.495786        1.741956
MDMin:   44 23:19:59    -2396.692712        1.382522
MDMin:   45 23:20:02    -2396.789264        1.102201
MDMin:   46 23:20:04    -2396.843547        3.455030
MDMin:   47 23:20:06    -2396.845748        2.440160
MDMin:   48 23:20:08    -2396.850467        1.102127
MDMin:   49 23:20:09    -2396.858616        0.729389
MDMin:   50 23:20:11    -2396.869042        0.712807
MDMin:   51 23:20:12    -2396.881128        0.696379
MDMin:   52 23:20:13    -2396.894791        0.677515
MDMin:   53 23:20:15    -2396.909971        0.656842
MDMin:   54 23:20:16    -2396.926610        0.635249
MDMin:   55 23:20:17    -2396.944653        0.625393
MDMin:   56 23:20:19    -2396.964042        0.617143
MDMin:   57 23:20:21    -2396.984711        0.609566
MDMin:   58 23:20:23    -2397.006578        0.609336
MDMin:   59 23:20:25    -2397.029539        0.598218
MDMin:   60 23:20:26    -2397.053452        0.579704
MDMin:   61 23:20:28    -2397.078106        0.561875
MDMin:   62 23:20:30    -2397.103193        0.563858
MDMin:   63 23:20:31    -2397.128283        0.585626
MDMin:   64 23:20:33    -2397.152850        0.612278
MDMin:   65 23:20:35    -2397.176367        0.644556
MDMin:   66 23:20:37    -2397.198327        0.681846
MDMin:   67 23:20:39    -2397.216665        1.153828
MDMin:   68 23:20:41    -2397.222832        0.740315
MDMin:   69 23:20:43    -2397.224758        0.732087
MDMin:   70 23:20:44    -2397.227447        0.736743
MDMin:   71 23:20:45    -2397.230711        0.741992
MDMin:   72 23:20:47    -2397.234491        0.747356
MDMin:   73 23:20:49    -2397.238753        0.752218
MDMin:   74 23:20:52    -2397.243461        0.755719
MDMin:   75 23:20:54    -2397.248581        0.756734
MDMin:   76 23:20:56    -2397.254077        0.753898
MDMin:   77 23:20:58    -2397.259918        0.745727
MDMin:   78 23:21:00    -2397.266075        0.730857
MDMin:   79 23:21:02    -2397.272523        0.708376
MDMin:   80 23:21:04    -2397.279242        0.678135
MDMin:   81 23:21:05    -2397.286214        0.640937
MDMin:   82 23:21:06    -2397.293422        0.598300
MDMin:   83 23:21:07    -2397.300848        0.552179
MDMin:   84 23:21:09    -2397.308476        0.504756
MDMin:   85 23:21:11    -2397.316286        0.481048
MDMin:   86 23:21:12    -2397.324261        0.480829
MDMin:   87 23:21:13    -2397.332374        0.481393
MDMin:   88 23:21:15    -2397.340580        0.483887
MDMin:   89 23:21:17    -2397.348583        0.581225
MDMin:   90 23:21:19    -2397.353721        1.084758
MDMin:   91 23:21:20    -2397.354278        0.788934
MDMin:   92 23:21:22    -2397.355225        0.496011
MDMin:   93 23:21:23    -2397.356171        0.497763
MDMin:   94 23:21:24    -2397.357310        0.500120
MDMin:   95 23:21:25    -2397.358614        0.503172
MDMin:   96 23:21:27    -2397.360074        0.507054
MDMin:   97 23:21:28    -2397.361682        0.511911
MDMin:   98 23:21:29    -2397.363428        0.517893
MDMin:   99 23:21:31    -2397.365302        0.525140
MDMin:  100 23:21:33    -2397.367292        0.533761
MDMin:  101 23:21:34    -2397.369388        0.543792
MDMin:  102 23:21:36    -2397.371578        0.555146
MDMin:  103 23:21:38    -2397.373851        0.567536
MDMin:  104 23:21:40    -2397.376197        0.580389
MDMin:  105 23:21:42    -2397.378609        0.592773
MDMin:  106 23:21:43    -2397.381080        0.603381
MDMin:  107 23:21:44    -2397.383608        0.610657
MDMin:  108 23:21:46    -2397.386193        0.613076
MDMin:  109 23:21:48    -2397.388837        0.609519
MDMin:  110 23:21:50    -2397.391535        0.599563
MDMin:  111 23:21:52    -2397.394236        0.583767
MDMin:  112 23:21:54    -2397.396525        0.765362
MDMin:  113 23:21:56    -2397.397371        0.558932
MDMin:  114 23:21:57    -2397.398077        0.552475
MDMin:  115 23:21:59    -2397.398898        0.544609
MDMin:  116 23:22:01    -2397.399835        0.535166
MDMin:  117 23:22:03    -2397.400886        0.523968
MDMin:  118 23:22:04    -2397.402051        0.510815
MDMin:  119 23:22:05    -2397.403328        0.495497
MDMin:  120 23:22:07    -2397.404717        0.477814
MDMin:  121 23:22:09    -2397.406216        0.474424
MDMin:  122 23:22:11    -2397.407824        0.481610
MDMin:  123 23:22:13    -2397.409541        0.489976
MDMin:  124 23:22:15    -2397.411364        0.499826
MDMin:  125 23:22:17    -2397.413293        0.511551
MDMin:  126 23:22:18    -2397.415326        0.525632
MDMin:  127 23:22:19    -2397.417460        0.542628
MDMin:  128 23:22:20    -2397.419692        0.563118
MDMin:  129 23:22:22    -2397.422012        0.587526
MDMin:  130 23:22:24    -2397.424376        0.615463
MDMin:  131 23:22:26    -2397.426508        0.642641
MDMin:  132 23:22:28    -2397.427605        0.656880
MDMin:  133 23:22:30    -2397.428226        0.664917
MDMin:  134 23:22:31    -2397.428972        0.674529
MDMin:  135 23:22:33    -2397.429834        0.685437
MDMin:  136 23:22:36    -2397.430811        0.697383
MDMin:  137 23:22:37    -2397.431904        0.709934
MDMin:  138 23:22:40    -2397.433116        0.722436
MDMin:  139 23:22:42    -2397.434447        0.733986
MDMin:  140 23:22:44    -2397.435903        0.743448
MDMin:  141 23:22:46    -2397.437487        0.749549
MDMin:  142 23:22:48    -2397.439207        0.751048
MDMin:  143 23:22:50    -2397.441071        0.746936
MDMin:  144 23:22:52    -2397.443089        0.736548
MDMin:  145 23:22:55    -2397.445275        0.719472
MDMin:  146 23:22:57    -2397.447644        0.695161
MDMin:  147 23:22:59    -2397.450213        0.662690
MDMin:  148 23:23:01    -2397.453004        0.621070
MDMin:  149 23:23:03    -2397.456036        0.569736
MDMin:  150 23:23:05    -2397.459286        0.510339
MDMin:  151 23:23:07    -2397.462323        0.813869
MDMin:  152 23:23:09    -2397.463744        0.493230
MDMin:  153 23:23:11    -2397.464642        0.489473
MDMin:  154 23:23:13    -2397.465717        0.484873
MDMin:  155 23:23:15    -2397.466977        0.479364
MDMin:  156 23:23:17    -2397.468432        0.472891
MDMin:  157 23:23:19    -2397.470092        0.465413
MDMin:  158 23:23:21    -2397.471970        0.456913
MDMin:  159 23:23:22    -2397.474082        0.447411
MDMin:  160 23:23:24    -2397.476445        0.436967
MDMin:  161 23:23:26    -2397.479082        0.425693
MDMin:  162 23:23:28    -2397.482016        0.413751
MDMin:  163 23:23:30    -2397.485275        0.401348
MDMin:  164 23:23:32    -2397.488893        0.388740
MDMin:  165 23:23:34    -2397.492905        0.376219
MDMin:  166 23:23:36    -2397.497354        0.387058
MDMin:  167 23:23:37    -2397.502286        0.407209
MDMin:  168 23:23:39    -2397.507747        0.431820
MDMin:  169 23:23:41    -2397.513787        0.461039
MDMin:  170 23:23:43    -2397.520429        0.494146
MDMin:  171 23:23:45    -2397.527546        0.528585
MDMin:  172 23:23:47    -2397.534106        0.847915
MDMin:  173 23:23:49    -2397.537393        0.570812
MDMin:  174 23:23:50    -2397.539693        0.579376
MDMin:  175 23:23:52    -2397.542428        0.588612
MDMin:  176 23:23:53    -2397.545608        0.597947
MDMin:  177 23:23:55    -2397.549254        0.606658
MDMin:  178 23:23:57    -2397.553393        0.613770
MDMin:  179 23:23:58    -2397.558052        0.621974
MDMin:  180 23:24:00    -2397.563263        0.630331
MDMin:  181 23:24:02    -2397.569065        0.632339
MDMin:  182 23:24:04    -2397.575498        0.626118
MDMin:  183 23:24:05    -2397.582605        0.610357
MDMin:  184 23:24:07    -2397.590421        0.584863
MDMin:  185 23:24:08    -2397.598961        0.550797
MDMin:  186 23:24:09    -2397.602138        0.926205
MDMin:  187 23:24:10    -2397.602529        0.823283
MDMin:  188 23:24:12    -2397.603186        0.722765
MDMin:  189 23:24:14    -2397.604146        0.632570
MDMin:  190 23:24:16    -2397.605437        0.553313
MDMin:  191 23:24:18    -2397.607067        0.485838
MDMin:  192 23:24:20    -2397.609022        0.429827
MDMin:  193 23:24:22    -2397.611234        0.428250
MDMin:  194 23:24:23    -2397.613343        0.776793
MDMin:  195 23:24:25    -2397.614372        0.487053
MDMin:  196 23:24:27    -2397.614997        0.442054
MDMin:  197 23:24:29    -2397.615739        0.446113
MDMin:  198 23:24:31    -2397.616602        0.450623
MDMin:  199 23:24:32    -2397.617585        0.455470
MDMin:  200 23:24:34    -2397.618688        0.460506
MDMin:  201 23:24:36    -2397.619909        0.465553
MDMin:  202 23:24:39    -2397.621246        0.470403
MDMin:  203 23:24:41    -2397.622694        0.474833
MDMin:  204 23:24:43    -2397.624247        0.478608
MDMin:  205 23:24:44    -2397.625899        0.481488
MDMin:  206 23:24:46    -2397.627639        0.483202
MDMin:  207 23:24:48    -2397.628505        0.483403
MDMin:  208 23:24:50    -2397.629660        0.481645
MDMin:  209 23:24:51    -2397.628225        0.477854
MDMin:  210 23:24:53    -2397.630063        0.471690
MDMin:  211 23:24:54    -2397.631613        0.462387
MDMin:  212 23:24:56    -2397.628774        0.450852
MDMin:  213 23:24:59    -2397.630209        0.436474
MDMin:  214 23:25:01    -2397.631460        0.419432
MDMin:  215 23:25:02    -2397.632389        0.543695
MDMin:  216 23:25:04    -2397.632858        0.394203
MDMin:  217 23:25:06    -2397.633238        0.386072
MDMin:  218 23:25:08    -2397.633652        0.376606
MDMin:  219 23:25:09    -2397.633780        0.365579
MDMin:  220 23:25:10    -2397.632305        0.354562
MDMin:  221 23:25:12    -2397.632820        0.342429
MDMin:  222 23:25:13    -2397.633340        0.328789
MDMin:  223 23:25:15    -2397.633877        0.313725
MDMin:  224 23:25:17    -2397.634427        0.297385
MDMin:  225 23:25:19    -2397.634970        0.333525
MDMin:  226 23:25:21    -2397.632194        0.293406
MDMin:  227 23:25:23    -2397.632839        0.296354
MDMin:  228 23:25:25    -2397.633424        0.300139
MDMin:  229 23:25:27    -2397.633997        0.304943
MDMin:  230 23:25:29    -2397.634553        0.310967
MDMin:  231 23:25:31    -2397.635088        0.318411
MDMin:  232 23:25:33    -2397.635593        0.327364
MDMin:  233 23:25:35    -2397.636036        0.420159
MDMin:  234 23:25:37    -2397.636323        0.504206
MDMin:  235 23:25:39    -2397.636456        0.348626
MDMin:  236 23:25:41    -2397.636600        0.353094
MDMin:  237 23:25:44    -2397.636759        0.358344
MDMin:  238 23:25:46    -2397.636931        0.364379
MDMin:  239 23:25:48    -2397.637114        0.371140
MDMin:  240 23:25:51    -2397.637240        0.378486
MDMin:  241 23:25:53    -2397.634946        0.384833
MDMin:  242 23:25:55    -2397.635246        0.391090
MDMin:  243 23:25:57    -2397.635501        0.397087
MDMin:  244 23:25:58    -2397.635754        0.402195
MDMin:  245 23:26:00    -2397.636001        0.405555
MDMin:  246 23:26:02    -2397.636240        0.406088
MDMin:  247 23:26:04    -2397.636470        0.402593
MDMin:  248 23:26:05    -2397.636689        0.393957
MDMin:  249 23:26:07    -2397.636896        0.379455
MDMin:  250 23:26:09    -2397.637088        0.363350
MDMin:  251 23:26:10    -2397.637262        0.366033
MDMin:  252 23:26:12    -2397.637399        0.521507
MDMin:  253 23:26:13    -2397.637461        0.366954
MDMin:  254 23:26:15    -2397.637496        0.366743
MDMin:  255 23:26:17    -2397.637536        0.366440
MDMin:  256 23:26:19    -2397.637581        0.366029
MDMin:  257 23:26:20    -2397.637628        0.365496
MDMin:  258 23:26:22    -2397.637679        0.364841
MDMin:  259 23:26:23    -2397.637731        0.364081
MDMin:  260 23:26:25    -2397.637784        0.363252
MDMin:  261 23:26:26    -2397.637837        0.362420
MDMin:  262 23:26:27    -2397.637889        0.361676
MDMin:  263 23:26:28    -2397.637939        0.361147
MDMin:  264 23:26:30    -2397.637987        0.360990
MDMin:  265 23:26:31    -2397.638031        0.361394
MDMin:  266 23:26:33    -2397.638070        0.362580
MDMin:  267 23:26:34    -2397.638104        0.364794
MDMin:  268 23:26:36    -2397.638130        0.368303
MDMin:  269 23:26:37    -2397.638148        0.373323
MDMin:  270 23:26:39    -2397.638155        0.457942
MDMin:  271 23:26:41    -2397.638153        0.483483
MDMin:  272 23:26:43    -2397.638151        0.384665
MDMin:  273 23:26:44    -2397.638148        0.386741
MDMin:  274 23:26:46    -2397.638143        0.389368
MDMin:  275 23:26:48    -2397.638137        0.392626
MDMin:  276 23:26:51    -2397.638127        0.396602
MDMin:  277 23:26:53    -2397.638114        0.401386
MDMin:  278 23:26:55    -2397.638096        0.407063
MDMin:  279 23:26:57    -2397.638073        0.413695
MDMin:  280 23:26:59    -2397.638044        0.421296
MDMin:  281 23:27:01    -2397.638007        0.429792
MDMin:  282 23:27:03    -2397.637961        0.438971
MDMin:  283 23:27:05    -2397.637906        0.448337
MDMin:  284 23:27:07    -2397.637839        0.456991
MDMin:  285 23:27:09    -2397.637759        0.463507
MDMin:  286 23:27:10    -2397.637666        0.465877
MDMin:  287 23:27:12    -2397.637557        0.461677
MDMin:  288 23:27:14    -2397.637430        0.448559
MDMin:  289 23:27:16    -2397.637285        0.425067
MDMin:  290 23:27:18    -2397.637118        0.421218
MDMin:  291 23:27:20    -2397.636927        0.424826
MDMin:  292 23:27:22    -2397.636717        0.418830
MDMin:  293 23:27:24    -2397.636535        0.688351
MDMin:  294 23:27:25    -2397.636486        0.403182
MDMin:  295 23:27:27    -2397.636415        0.397218
MDMin:  296 23:27:29    -2397.636334        0.389618
MDMin:  297 23:27:31    -2397.636239        0.380089
MDMin:  298 23:27:32    -2397.636131        0.368431
MDMin:  299 23:27:34    -2397.636008        0.354533
MDMin:  300 23:27:36    -2397.635870        0.338399
MDMin:  301 23:27:38    -2397.635717        0.337421
MDMin:  302 23:27:40    -2397.635547        0.336592
MDMin:  303 23:27:41    -2397.635361        0.335496
MDMin:  304 23:27:43    -2397.635159        0.334301
MDMin:  305 23:27:45    -2397.634944        0.333237
MDMin:  306 23:27:47    -2397.634726        0.332548
MDMin:  307 23:27:49    -2397.634548        0.430533
MDMin:  308 23:27:51    -2397.634461        0.332348
MDMin:  309 23:27:53    -2397.634381        0.332452
MDMin:  310 23:27:55    -2397.634291        0.332689
MDMin:  311 23:27:57    -2397.634188        0.333114
MDMin:  312 23:27:58    -2397.634075        0.333786
MDMin:  313 23:28:00    -2397.633951        0.334772
MDMin:  314 23:28:01    -2397.633816        0.336148
MDMin:  315 23:28:03    -2397.633671        0.337999
MDMin:  316 23:28:05    -2397.633516        0.340429
MDMin:  317 23:28:08    -2397.633351        0.343560
MDMin:  318 23:28:10    -2397.633176        0.347516
MDMin:  319 23:28:12    -2397.632995        0.352415
MDMin:  320 23:28:13    -2397.632810        0.358360
MDMin:  321 23:28:15    -2397.632625        0.365343
MDMin:  322 23:28:17    -2397.632462        0.372546
MDMin:  323 23:28:19    -2397.632366        0.377230
MDMin:  324 23:28:21    -2397.632314        0.379900
MDMin:  325 23:28:23    -2397.632256        0.383081
MDMin:  326 23:28:25    -2397.632191        0.386878
MDMin:  327 23:28:27    -2397.632119        0.391333
MDMin:  328 23:28:30    -2397.632042        0.396474
MDMin:  329 23:28:31    -2397.631960        0.402305
MDMin:  330 23:28:32    -2397.631875        0.408780
MDMin:  331 23:28:34    -2397.631788        0.415768
MDMin:  332 23:28:36    -2397.631700        0.423010
MDMin:  333 23:28:37    -2397.631614        0.430051
MDMin:  334 23:28:40    -2397.631530        0.436110
MDMin:  335 23:28:41    -2397.631452        0.440025
MDMin:  336 23:28:42    -2397.631380        0.440240
MDMin:  337 23:28:44    -2397.631316        0.434952
MDMin:  338 23:28:46    -2397.631264        0.422532
MDMin:  339 23:28:48    -2397.631226        0.402688
MDMin:  340 23:28:50    -2397.631206        0.430897
MDMin:  341 23:28:52    -2397.631200        0.369659
MDMin:  342 23:28:54    -2397.631198        0.360173
MDMin:  343 23:28:55    -2397.631197        0.348972
MDMin:  344 23:28:56    -2397.631198        0.335840
MDMin:  345 23:28:57    -2397.631204        0.320786
MDMin:  346 23:28:58    -2397.631213        0.303918
MDMin:  347 23:28:59    -2397.631229        0.285446
MDMin:  348 23:29:01    -2397.631253        0.265683
MDMin:  349 23:29:02    -2397.631286        0.245019
MDMin:  350 23:29:03    -2397.631330        0.230967
MDMin:  351 23:29:05    -2397.631387        0.232170
MDMin:  352 23:29:07    -2397.631459        0.232508
MDMin:  353 23:29:09    -2397.631548        0.232042
MDMin:  354 23:29:11    -2397.631651        0.230931
MDMin:  355 23:29:13    -2397.631744        0.391706
MDMin:  356 23:29:15    -2397.631789        0.228910
MDMin:  357 23:29:17    -2397.631832        0.228220
MDMin:  358 23:29:19    -2397.631885        0.227431
MDMin:  359 23:29:21    -2397.631947        0.226544
MDMin:  360 23:29:23    -2397.632019        0.225569
MDMin:  361 23:29:25    -2397.632103        0.224521
MDMin:  362 23:29:27    -2397.632199        0.223419
MDMin:  363 23:29:29    -2397.632310        0.222286
MDMin:  364 23:29:31    -2397.632435        0.221147
MDMin:  365 23:29:32    -2397.632576        0.220026
MDMin:  366 23:29:34    -2397.632734        0.218945
MDMin:  367 23:29:36    -2397.632911        0.217919
MDMin:  368 23:29:38    -2397.633106        0.216948
MDMin:  369 23:29:39    -2397.633317        0.216022
MDMin:  370 23:29:41    -2397.633520        0.291058
MDMin:  371 23:29:42    -2397.633650        0.281974
MDMin:  372 23:29:43    -2397.633721        0.214291
MDMin:  373 23:29:45    -2397.633803        0.213914
MDMin:  374 23:29:47    -2397.633900        0.213461
MDMin:  375 23:29:49    -2397.634010        0.212918
MDMin:  376 23:29:51    -2397.634134        0.212261
MDMin:  377 23:29:53    -2397.634274        0.211460
MDMin:  378 23:29:55    -2397.634429        0.210470
MDMin:  379 23:29:57    -2397.634601        0.209233
MDMin:  380 23:29:59    -2397.634788        0.207676
MDMin:  381 23:30:01    -2397.634991        0.205708
MDMin:  382 23:30:03    -2397.635212        0.203222
MDMin:  383 23:30:05    -2397.635449        0.200097
MDMin:  384 23:30:07    -2397.635703        0.196204
MDMin:  385 23:30:09    -2397.635972        0.198720
MDMin:  386 23:30:11    -2397.636254        0.207950
MDMin:  387 23:30:13    -2397.636538        0.224891
MDMin:  388 23:30:15    -2397.636766        0.366143
MDMin:  389 23:30:17    -2397.636873        0.236329
MDMin:  390 23:30:19    -2397.636975        0.241699
MDMin:  391 23:30:21    -2397.637091        0.247549
MDMin:  392 23:30:23    -2397.637220        0.253364
MDMin:  393 23:30:24    -2397.637365        0.258052
MDMin:  394 23:30:26    -2397.637523        0.259850
MDMin:  395 23:30:28    -2397.637696        0.256672
MDMin:  396 23:30:30    -2397.637884        0.247787
MDMin:  397 23:30:32    -2397.638089        0.237127
MDMin:  398 23:30:34    -2397.638311        0.233091
MDMin:  399 23:30:36    -2397.638551        0.237454
MDMin:  400 23:30:38    -2397.638806        0.241448
MDMin:  401 23:30:40    -2397.639074        0.239993
MDMin:  402 23:30:42    -2397.639342        0.235109
MDMin:  403 23:30:43    -2397.639552        0.366193
MDMin:  404 23:30:45    -2397.639645        0.228584
MDMin:  405 23:30:47    -2397.639739        0.226595
MDMin:  406 23:30:49    -2397.639847        0.224349
MDMin:  407 23:30:50    -2397.639970        0.221860
MDMin:  408 23:30:52    -2397.640107        0.219156
MDMin:  409 23:30:54    -2397.640258        0.216266
MDMin:  410 23:30:56    -2397.640423        0.213217
MDMin:  411 23:30:57    -2397.640602        0.210033
MDMin:  412 23:30:59    -2397.640794        0.206730
MDMin:  413 23:31:01    -2397.640998        0.203316
MDMin:  414 23:31:03    -2397.641215        0.199792
MDMin:  415 23:31:05    -2397.641444        0.196154
MDMin:  416 23:31:06    -2397.641681        0.192409
MDMin:  417 23:31:07    -2397.641919        0.188668
MDMin:  418 23:31:08    -2397.642118        0.316092
MDMin:  419 23:31:10    -2397.642213        0.184108
MDMin:  420 23:31:11    -2397.642292        0.184933
MDMin:  421 23:31:13    -2397.642382        0.185965
MDMin:  422 23:31:14    -2397.642483        0.187175
MDMin:  423 23:31:16    -2397.642596        0.188576
MDMin:  424 23:31:18    -2397.642719        0.190186
MDMin:  425 23:31:19    -2397.642854        0.192023
MDMin:  426 23:31:21    -2397.642999        0.194107
MDMin:  427 23:31:23    -2397.643154        0.196462
MDMin:  428 23:31:25    -2397.643318        0.199112
MDMin:  429 23:31:27    -2397.643490        0.202085
MDMin:  430 23:31:29    -2397.643671        0.205405
MDMin:  431 23:31:31    -2397.643857        0.209073
MDMin:  432 23:31:33    -2397.644041        0.212954
MDMin:  433 23:31:35    -2397.644192        0.295801
MDMin:  434 23:31:37    -2397.644270        0.218147
MDMin:  435 23:31:39    -2397.644335        0.219688
MDMin:  436 23:31:41    -2397.644407        0.221479
MDMin:  437 23:31:43    -2397.644489        0.223564
MDMin:  438 23:31:45    -2397.644581        0.225963
MDMin:  439 23:31:47    -2397.644680        0.228698
MDMin:  440 23:31:49    -2397.644789        0.231795
MDMin:  441 23:31:51    -2397.644905        0.235280
MDMin:  442 23:31:53    -2397.645029        0.239185
MDMin:  443 23:31:55    -2397.645160        0.243544
MDMin:  444 23:31:56    -2397.645298        0.248393
MDMin:  445 23:31:57    -2397.645443        0.253773
MDMin:  446 23:31:59    -2397.645592        0.259702
MDMin:  447 23:32:01    -2397.645742        0.266088
MDMin:  448 23:32:03    -2397.645878        0.272249
MDMin:  449 23:32:05    -2397.645965        0.276388
MDMin:  450 23:32:06    -2397.646016        0.278942
MDMin:  451 23:32:08    -2397.646073        0.281806
MDMin:  452 23:32:10    -2397.646137        0.285154
MDMin:  453 23:32:12    -2397.646208        0.289027
MDMin:  454 23:32:14    -2397.646287        0.293463
MDMin:  455 23:32:16    -2397.646372        0.298511
MDMin:  456 23:32:17    -2397.646464        0.304221
MDMin:  457 23:32:18    -2397.646562        0.310655
MDMin:  458 23:32:19    -2397.646667        0.317882
MDMin:  459 23:32:21    -2397.646776        0.325972
MDMin:  460 23:32:23    -2397.646891        0.334996
MDMin:  461 23:32:25    -2397.647010        0.345004
MDMin:  462 23:32:27    -2397.647133        0.355965
MDMin:  463 23:32:29    -2397.647256        0.367595
MDMin:  464 23:32:31    -2397.647370        0.378724
MDMin:  465 23:32:33    -2397.647452        0.386727
MDMin:  466 23:32:35    -2397.647501        0.391504
MDMin:  467 23:32:37    -2397.647550        0.396258
MDMin:  468 23:32:38    -2397.647605        0.401429
MDMin:  469 23:32:40    -2397.647667        0.406889
MDMin:  470 23:32:41    -2397.647734        0.412381
MDMin:  471 23:32:43    -2397.647807        0.417520
MDMin:  472 23:32:45    -2397.647886        0.421772
MDMin:  473 23:32:46    -2397.647970        0.424435
MDMin:  474 23:32:47    -2397.648059        0.424652
MDMin:  475 23:32:49    -2397.648153        0.421473
MDMin:  476 23:32:50    -2397.648252        0.413989
MDMin:  477 23:32:52    -2397.648355        0.401551
MDMin:  478 23:32:54    -2397.648461        0.384131
MDMin:  479 23:32:56    -2397.648567        0.363105
MDMin:  480 23:32:58    -2397.648656        0.343140
MDMin:  481 23:33:00    -2397.648713        0.329925
MDMin:  482 23:33:02    -2397.648759        0.319160
MDMin:  483 23:33:04    -2397.648809        0.307425
MDMin:  484 23:33:06    -2397.648864        0.294283
MDMin:  485 23:33:07    -2397.648925        0.279795
MDMin:  486 23:33:08    -2397.648992        0.264130
MDMin:  487 23:33:10    -2397.649064        0.256702
MDMin:  488 23:33:13    -2397.649143        0.250678
MDMin:  489 23:33:15    -2397.649229        0.251663
MDMin:  490 23:33:17    -2397.649321        0.251902
MDMin:  491 23:33:19    -2397.649419        0.251361
MDMin:  492 23:33:21    -2397.649521        0.250081
MDMin:  493 23:33:22    -2397.649617        0.303343
MDMin:  494 23:33:23    -2397.649682        0.280050
MDMin:  495 23:33:25    -2397.649723        0.245728
MDMin:  496 23:33:27    -2397.649767        0.244561
MDMin:  497 23:33:29    -2397.649817        0.243211
MDMin:  498 23:33:31    -2397.649874        0.241673
MDMin:  499 23:33:33    -2397.649937        0.239947
MDMin:  500 23:33:35    -2397.650007        0.238039
MDMin:  501 23:33:37    -2397.650083        0.235956
MDMin:  502 23:33:39    -2397.650166        0.233713
MDMin:  503 23:33:41    -2397.650256        0.231884
MDMin:  504 23:33:43    -2397.650353        0.233864
MDMin:  505 23:33:45    -2397.650456        0.236307
MDMin:  506 23:33:47    -2397.650563        0.239242
MDMin:  507 23:33:48    -2397.650664        0.289496
MDMin:  508 23:33:50    -2397.650730        0.270463
MDMin:  509 23:33:51    -2397.650767        0.245941
MDMin:  510 23:33:53    -2397.650809        0.247516
MDMin:  511 23:33:55    -2397.650857        0.249421
MDMin:  512 23:33:56    -2397.650912        0.251704
MDMin:  513 23:33:57    -2397.650973        0.254415
MDMin:  514 23:33:58    -2397.651041        0.257612
MDMin:  515 23:34:00    -2397.651115        0.261360
MDMin:  516 23:34:02    -2397.651196        0.265730
MDMin:  517 23:34:03    -2397.651283        0.270798
MDMin:  518 23:34:05    -2397.651377        0.276639
MDMin:  519 23:34:07    -2397.651477        0.283329
MDMin:  520 23:34:08    -2397.651584        0.290930
MDMin:  521 23:34:09    -2397.651697        0.299473
MDMin:  522 23:34:11    -2397.651815        0.308858
MDMin:  523 23:34:13    -2397.651930        0.318389
MDMin:  524 23:34:15    -2397.652012        0.325588
MDMin:  525 23:34:16    -2397.652050        0.328628
MDMin:  526 23:34:18    -2397.652094        0.332362
MDMin:  527 23:34:20    -2397.652144        0.336659
MDMin:  528 23:34:22    -2397.652200        0.341508
MDMin:  529 23:34:24    -2397.652263        0.346882
MDMin:  530 23:34:26    -2397.652333        0.352734
MDMin:  531 23:34:27    -2397.652409        0.358987
MDMin:  532 23:34:29    -2397.652492        0.365525
MDMin:  533 23:34:30    -2397.652581        0.372190
MDMin:  534 23:34:31    -2397.652677        0.378772
MDMin:  535 23:34:32    -2397.652779        0.385006
MDMin:  536 23:34:34    -2397.652889        0.390588
MDMin:  537 23:34:36    -2397.653005        0.395184
MDMin:  538 23:34:38    -2397.653127        0.398471
MDMin:  539 23:34:40    -2397.653256        0.400176
MDMin:  540 23:34:41    -2397.653383        0.400200
MDMin:  541 23:34:43    -2397.653481        0.399154
MDMin:  542 23:34:45    -2397.653523        0.398424
MDMin:  543 23:34:47    -2397.653568        0.397490
MDMin:  544 23:34:49    -2397.653620        0.396240
MDMin:  545 23:34:50    -2397.653680        0.394617
MDMin:  546 23:34:52    -2397.653746        0.392567
MDMin:  547 23:34:54    -2397.653820        0.390044
MDMin:  548 23:34:56    -2397.653902        0.387008
MDMin:  549 23:34:58    -2397.653990        0.383424
MDMin:  550 23:34:59    -2397.654087        0.379248
MDMin:  551 23:35:00    -2397.654191        0.374430
MDMin:  552 23:35:02    -2397.654302        0.368866
MDMin:  553 23:35:04    -2397.654422        0.362445
MDMin:  554 23:35:05    -2397.654549        0.355039
MDMin:  555 23:35:06    -2397.654468        0.346529
MDMin:  556 23:35:08    -2397.654547        0.337116
MDMin:  557 23:35:09    -2397.654594        0.381313
MDMin:  558 23:35:11    -2397.654610        0.324513
MDMin:  559 23:35:12    -2397.654620        0.320850
MDMin:  560 23:35:13    -2397.654630        0.316525
MDMin:  561 23:35:14    -2397.654639        0.311459
MDMin:  562 23:35:15    -2397.654646        0.311115
MDMin:  563 23:35:17    -2397.654650        0.314690
MDMin:  564 23:35:18    -2397.654651        0.318712
MDMin:  565 23:35:20    -2397.654648        0.323211
MDMin:  566 23:35:22    -2397.654640        0.328223
MDMin:  567 23:35:23    -2397.654627        0.333783
MDMin:  568 23:35:25    -2397.654609        0.339929
MDMin:  569 23:35:27    -2397.654585        0.346690
MDMin:  570 23:35:30    -2397.654556        0.354075
MDMin:  571 23:35:32    -2397.654520        0.362021
MDMin:  572 23:35:34    -2397.654479        0.370151
MDMin:  573 23:35:36    -2397.654443        0.376889
MDMin:  574 23:35:37    -2397.654424        0.380037
MDMin:  575 23:35:39    -2397.654408        0.382725
MDMin:  576 23:35:41    -2397.654389        0.385773
MDMin:  577 23:35:42    -2397.654367        0.389178
MDMin:  578 23:35:44    -2397.654341        0.392887
MDMin:  579 23:35:45    -2397.654312        0.396818
MDMin:  580 23:35:46    -2397.654280        0.400849
MDMin:  581 23:35:47    -2397.654244        0.404806
MDMin:  582 23:35:49    -2397.654204        0.408452
MDMin:  583 23:35:50    -2397.654160        0.411472
MDMin:  584 23:35:51    -2397.654112        0.413461
MDMin:  585 23:35:52    -2397.654060        0.413928
MDMin:  586 23:35:54    -2397.654003        0.412306
MDMin:  587 23:35:56    -2397.653943        0.408033
MDMin:  588 23:35:58    -2397.653881        0.400918
MDMin:  589 23:36:00    -2397.653829        0.392845
MDMin:  590 23:36:02    -2397.653803        0.388310
MDMin:  591 23:36:03    -2397.653781        0.384039
MDMin:  592 23:36:04    -2397.653755        0.378799
MDMin:  593 23:36:05    -2397.653726        0.372412
MDMin:  594 23:36:06    -2397.653693        0.364747
MDMin:  595 23:36:08    -2397.653656        0.355693
MDMin:  596 23:36:10    -2397.653615        0.345167
MDMin:  597 23:36:11    -2397.653570        0.333134
MDMin:  598 23:36:13    -2397.653520        0.319619
MDMin:  599 23:36:16    -2397.653467        0.304718
MDMin:  600 23:36:17    -2397.653409        0.292603
MDMin:  601 23:36:18    -2397.653347        0.289869
MDMin:  602 23:36:20    -2397.653281        0.286616
MDMin:  603 23:36:22    -2397.653213        0.282981
MDMin:  604 23:36:24    -2397.653154        0.314758
MDMin:  605 23:36:26    -2397.653126        0.277977
MDMin:  606 23:36:28    -2397.653103        0.276574
MDMin:  607 23:36:30    -2397.653076        0.274975
MDMin:  608 23:36:32    -2397.653045        0.273162
MDMin:  609 23:36:33    -2397.653011        0.271144
MDMin:  610 23:36:35    -2397.652973        0.268939
MDMin:  611 23:36:36    -2397.652931        0.266571
MDMin:  612 23:36:38    -2397.652885        0.264074
MDMin:  613 23:36:39    -2397.652835        0.261488
MDMin:  614 23:36:40    -2397.652781        0.258865
MDMin:  615 23:36:42    -2397.652722        0.256266
MDMin:  616 23:36:44    -2397.652660        0.253765
MDMin:  617 23:36:45    -2397.652595        0.251454
MDMin:  618 23:36:47    -2397.652529        0.249485
MDMin:  619 23:36:49    -2397.652479        0.282305
MDMin:  620 23:36:51    -2397.652457        0.247637
MDMin:  621 23:36:53    -2397.652433        0.247112
MDMin:  622 23:36:54    -2397.652406        0.246569
MDMin:  623 23:36:55    -2397.652375        0.246031
MDMin:  624 23:36:57    -2397.652341        0.245532
MDMin:  625 23:36:59    -2397.652303        0.245105
MDMin:  626 23:37:01    -2397.652261        0.244795
MDMin:  627 23:37:03    -2397.652216        0.244651
MDMin:  628 23:37:05    -2397.652167        0.244730
MDMin:  629 23:37:07    -2397.652115        0.245091
MDMin:  630 23:37:09    -2397.652059        0.245804
MDMin:  631 23:37:11    -2397.652000        0.246944
MDMin:  632 23:37:13    -2397.651938        0.248586
MDMin:  633 23:37:14    -2397.651875        0.250763
MDMin:  634 23:37:15    -2397.651817        0.253201
MDMin:  635 23:37:17    -2397.651782        0.254836
MDMin:  636 23:37:18    -2397.651763        0.255807
MDMin:  637 23:37:20    -2397.651741        0.256997
MDMin:  638 23:37:22    -2397.651715        0.258460
MDMin:  639 23:37:24    -2397.651687        0.260234
MDMin:  640 23:37:26    -2397.651655        0.262361
MDMin:  641 23:37:28    -2397.651620        0.264889
MDMin:  642 23:37:29    -2397.651582        0.267869
MDMin:  643 23:37:31    -2397.651542        0.271355
MDMin:  644 23:37:33    -2397.651498        0.275403
MDMin:  645 23:37:35    -2397.651452        0.280067
MDMin:  646 23:37:37    -2397.651404        0.285397
MDMin:  647 23:37:38    -2397.651353        0.291434
MDMin:  648 23:37:40    -2397.651300        0.298201
MDMin:  649 23:37:42    -2397.651246        0.305690
MDMin:  650 23:37:44    -2397.651190        0.313832
MDMin:  651 23:37:46    -2397.651134        0.322387
MDMin:  652 23:37:48    -2397.651082        0.330412
MDMin:  653 23:37:50    -2397.651049        0.335488
MDMin:  654 23:37:51    -2397.651033        0.338012
MDMin:  655 23:37:53    -2397.651014        0.340865
MDMin:  656 23:37:55    -2397.650993        0.344079
MDMin:  657 23:37:57    -2397.650969        0.347599
MDMin:  658 23:37:58    -2397.650942        0.351344
MDMin:  659 23:38:00    -2397.650913        0.355203
MDMin:  660 23:38:02    -2397.650882        0.359024
MDMin:  661 23:38:03    -2397.650849        0.362613
MDMin:  662 23:38:05    -2397.650814        0.365722
MDMin:  663 23:38:07    -2397.650776        0.368048
MDMin:  664 23:38:08    -2397.650737        0.369238
MDMin:  665 23:38:10    -2397.650697        0.368897
MDMin:  666 23:38:11    -2397.650654        0.366607
MDMin:  667 23:38:12    -2397.650610        0.361972
MDMin:  668 23:38:14    -2397.650565        0.354659
MDMin:  669 23:38:16    -2397.650519        0.344546
MDMin:  670 23:38:18    -2397.650475        0.332469
MDMin:  671 23:38:19    -2397.650444        0.355764
MDMin:  672 23:38:21    -2397.650433        0.319117
MDMin:  673 23:38:22    -2397.650418        0.314307
MDMin:  674 23:38:23    -2397.650402        0.308568
MDMin:  675 23:38:25    -2397.650384        0.301858
MDMin:  676 23:38:26    -2397.650363        0.294151
MDMin:  677 23:38:27    -2397.650341        0.285441
MDMin:  678 23:38:29    -2397.650317        0.275737
MDMin:  679 23:38:30    -2397.650290        0.265076
MDMin:  680 23:38:32    -2397.650262        0.258727
MDMin:  681 23:38:34    -2397.650233        0.252467
MDMin:  682 23:38:36    -2397.650201        0.245502
MDMin:  683 23:38:38    -2397.650169        0.237847
MDMin:  684 23:38:39    -2397.650134        0.229539
MDMin:  685 23:38:41    -2397.650099        0.220644
MDMin:  686 23:38:43    -2397.650063        0.211278
MDMin:  687 23:38:45    -2397.650027        0.205088
MDMin:  688 23:38:47    -2397.649999        0.381186
MDMin:  689 23:38:49    -2397.649990        0.202079
MDMin:  690 23:38:51    -2397.649980        0.201063
MDMin:  691 23:38:53    -2397.649969        0.199827
MDMin:  692 23:38:54    -2397.649956        0.198351
MDMin:  693 23:38:56    -2397.649941        0.196618
MDMin:  694 23:38:58    -2397.649926        0.196008
MDMin:  695 23:39:00    -2397.649909        0.196092
MDMin:  696 23:39:02    -2397.649891        0.196116
MDMin:  697 23:39:04    -2397.649873        0.196060
MDMin:  698 23:39:06    -2397.649853        0.195903
MDMin:  699 23:39:07    -2397.649833        0.195626
MDMin:  700 23:39:08    -2397.649812        0.195214
MDMin:  701 23:39:10    -2397.649792        0.194650
MDMin:  702 23:39:12    -2397.649771        0.193928
MDMin:  703 23:39:14    -2397.649751        0.193044
MDMin:  704 23:39:15    -2397.649731        0.192001
MDMin:  705 23:39:17    -2397.649713        0.190814
MDMin:  706 23:39:18    -2397.649698        0.263544
MDMin:  707 23:39:19    -2397.649691        0.272877
MDMin:  708 23:39:21    -2397.649690        0.188545
MDMin:  709 23:39:23    -2397.649687        0.188219
MDMin:  710 23:39:25    -2397.649684        0.187816
MDMin:  711 23:39:27    -2397.649681        0.187352
MDMin:  712 23:39:29    -2397.649678        0.188194
MDMin:  713 23:39:31    -2397.649674        0.189636
MDMin:  714 23:39:32    -2397.649671        0.191349
MDMin:  715 23:39:34    -2397.649667        0.193351
MDMin:  716 23:39:36    -2397.649664        0.195639
MDMin:  717 23:39:38    -2397.649661        0.198171
MDMin:  718 23:39:39    -2397.649660        0.200830
MDMin:  719 23:39:41    -2397.649659        0.203366
MDMin:  720 23:39:42    -2397.649659        0.205324
MDMin:  721 23:39:44    -2397.649661        0.205960
MDMin:  722 23:39:46    -2397.649665        0.204219
MDMin:  723 23:39:48    -2397.649671        0.198910
MDMin:  724 23:39:50    -2397.649679        0.189271
MDMin:  725 23:39:52    -2397.649691        0.177790
MDMin:  726 23:39:54    -2397.649706        0.177126
MDMin:  727 23:39:55    -2397.649725        0.176475
MDMin:  728 23:39:57    -2397.649747        0.217174
MDMin:  729 23:39:59    -2397.649760        0.262317
MDMin:  730 23:40:01    -2397.649763        0.175242
MDMin:  731 23:40:03    -2397.649767        0.175076
MDMin:  732 23:40:05    -2397.649773        0.174865
MDMin:  733 23:40:07    -2397.649780        0.174625
MDMin:  734 23:40:08    -2397.649788        0.174357
MDMin:  735 23:40:10    -2397.649798        0.174064
MDMin:  736 23:40:11    -2397.649810        0.173748
MDMin:  737 23:40:13    -2397.649824        0.173408
MDMin:  738 23:40:15    -2397.649839        0.173045
MDMin:  739 23:40:17    -2397.649857        0.172657
MDMin:  740 23:40:18    -2397.649877        0.172239
MDMin:  741 23:40:20    -2397.649900        0.171787
MDMin:  742 23:40:22    -2397.649925        0.171295
MDMin:  743 23:40:24    -2397.649954        0.170754
MDMin:  744 23:40:25    -2397.649986        0.170152
MDMin:  745 23:40:27    -2397.650021        0.169479
MDMin:  746 23:40:28    -2397.650060        0.168716
MDMin:  747 23:40:30    -2397.650103        0.167846
MDMin:  748 23:40:32    -2397.650149        0.166843
MDMin:  749 23:40:34    -2397.650200        0.165681
MDMin:  750 23:40:36    -2397.650252        0.166891
MDMin:  751 23:40:37    -2397.650294        0.208257
MDMin:  752 23:40:39    -2397.650307        0.169867
MDMin:  753 23:40:41    -2397.650323        0.170676
MDMin:  754 23:40:42    -2397.650342        0.171585
MDMin:  755 23:40:44    -2397.650364        0.172572
MDMin:  756 23:40:46    -2397.650389        0.173614
MDMin:  757 23:40:47    -2397.650416        0.174677
MDMin:  758 23:40:49    -2397.650447        0.175728
MDMin:  759 23:40:51    -2397.650481        0.176725
MDMin:  760 23:40:53    -2397.650518        0.177623
MDMin:  761 23:40:55    -2397.650559        0.178370
MDMin:  762 23:40:56    -2397.650603        0.178912
MDMin:  763 23:40:58    -2397.650651        0.179193
MDMin:  764 23:40:59    -2397.650703        0.179156
MDMin:  765 23:41:01    -2397.650758        0.182609
MDMin:  766 23:41:03    -2397.650817        0.186236
MDMin:  767 23:41:05    -2397.650878        0.189669
MDMin:  768 23:41:07    -2397.650930        0.223080
MDMin:  769 23:41:09    -2397.650954        0.193264
MDMin:  770 23:41:11    -2397.650975        0.194085
MDMin:  771 23:41:12    -2397.650999        0.195001
MDMin:  772 23:41:14    -2397.651027        0.196003
MDMin:  773 23:41:15    -2397.651058        0.197070
MDMin:  774 23:41:17    -2397.651093        0.198176
MDMin:  775 23:41:18    -2397.651133        0.199287
MDMin:  776 23:41:20    -2397.651176        0.200367
MDMin:  777 23:41:22    -2397.651223        0.201372
MDMin:  778 23:41:24    -2397.651275        0.202254
MDMin:  779 23:41:26    -2397.651332        0.202960
MDMin:  780 23:41:28    -2397.651393        0.203433
MDMin:  781 23:41:30    -2397.651459        0.203614
MDMin:  782 23:41:32    -2397.651530        0.203447
MDMin:  783 23:41:34    -2397.651601        0.202899
MDMin:  784 23:41:35    -2397.651655        0.225183
MDMin:  785 23:41:36    -2397.651678        0.201721
MDMin:  786 23:41:38    -2397.651704        0.201201
MDMin:  787 23:41:39    -2397.651735        0.200572
MDMin:  788 23:41:41    -2397.651770        0.199822
MDMin:  789 23:41:43    -2397.651810        0.198939
MDMin:  790 23:41:44    -2397.651855        0.197907
MDMin:  791 23:41:46    -2397.651905        0.196713
MDMin:  792 23:41:48    -2397.651961        0.195348
MDMin:  793 23:41:50    -2397.652022        0.193803
MDMin:  794 23:41:52    -2397.652089        0.192076
MDMin:  795 23:41:54    -2397.652162        0.190171
MDMin:  796 23:41:56    -2397.652242        0.188098
MDMin:  797 23:41:58    -2397.652329        0.185878
MDMin:  798 23:41:59    -2397.652424        0.183551
MDMin:  799 23:42:00    -2397.652521        0.181235
MDMin:  800 23:42:01    -2397.652596        0.238346
MDMin:  801 23:42:03    -2397.652622        0.178819
MDMin:  802 23:42:05    -2397.652654        0.178054
MDMin:  803 23:42:07    -2397.652692        0.177192
MDMin:  804 23:42:09    -2397.652735        0.176244
MDMin:  805 23:42:11    -2397.652785        0.175224
MDMin:  806 23:42:13    -2397.652840        0.174147
MDMin:  807 23:42:14    -2397.652902        0.173028
MDMin:  808 23:42:16    -2397.652970        0.171884
MDMin:  809 23:42:17    -2397.653046        0.170735
MDMin:  810 23:42:18    -2397.653128        0.169601
MDMin:  811 23:42:20    -2397.653054        0.168502
MDMin:  812 23:42:22    -2397.652968        0.167456
MDMin:  813 23:42:24    -2397.652877        0.166491
MDMin:  814 23:42:25    -2397.652780        0.165626
MDMin:  815 23:42:27    -2397.652678        0.164883
MDMin:  816 23:42:29    -2397.652582        0.166048
MDMin:  817 23:42:30    -2397.652527        0.177197
MDMin:  818 23:42:31    -2397.652504        0.163768
MDMin:  819 23:42:33    -2397.652474        0.163586
MDMin:  820 23:42:35    -2397.652438        0.163397
MDMin:  821 23:42:37    -2397.652398        0.163210
MDMin:  822 23:42:39    -2397.652353        0.163033
MDMin:  823 23:42:41    -2397.652303        0.162874
MDMin:  824 23:42:43    -2397.652249        0.162742
MDMin:  825 23:42:44    -2397.652190        0.162643
MDMin:  826 23:42:45    -2397.652127        0.162583
MDMin:  827 23:42:47    -2397.652060        0.162567
MDMin:  828 23:42:49    -2397.651989        0.162598
MDMin:  829 23:42:51    -2397.651915        0.162676
MDMin:  830 23:42:52    -2397.651838        0.162800
MDMin:  831 23:42:54    -2397.651759        0.166522
MDMin:  832 23:42:56    -2397.651678        0.171184
MDMin:  833 23:42:57    -2397.651596        0.176218
MDMin:  834 23:42:59    -2397.651515        0.181480
MDMin:  835 23:43:01    -2397.651448        0.208677
MDMin:  836 23:43:03    -2397.651414        0.188538
MDMin:  837 23:43:05    -2397.651390        0.190322
MDMin:  838 23:43:07    -2397.651363        0.192374
MDMin:  839 23:43:10    -2397.651332        0.194735
MDMin:  840 23:43:11    -2397.651298        0.197410
MDMin:  841 23:43:13    -2397.651260        0.200397
MDMin:  842 23:43:15    -2397.651220        0.203693
MDMin:  843 23:43:17    -2397.651177        0.207290
MDMin:  844 23:43:19    -2397.651132        0.211171
MDMin:  845 23:43:20    -2397.651085        0.215313
MDMin:  846 23:43:22    -2397.651036        0.219680
MDMin:  847 23:43:23    -2397.650986        0.224222
MDMin:  848 23:43:24    -2397.650934        0.228871
MDMin:  849 23:43:26    -2397.650882        0.233536
MDMin:  850 23:43:28    -2397.650829        0.238090
MDMin:  851 23:43:29    -2397.650777        0.242328
MDMin:  852 23:43:31    -2397.650730        0.245824
MDMin:  853 23:43:33    -2397.650699        0.247897
MDMin:  854 23:43:35    -2397.650681        0.248954
MDMin:  855 23:43:37    -2397.650662        0.250010
MDMin:  856 23:43:39    -2397.650641        0.251076
MDMin:  857 23:43:41    -2397.650618        0.252091
MDMin:  858 23:43:42    -2397.650592        0.252980
MDMin:  859 23:43:44    -2397.650565        0.253652
MDMin:  860 23:43:46    -2397.650536        0.254005
MDMin:  861 23:43:47    -2397.650505        0.253925
MDMin:  862 23:43:49    -2397.650473        0.253287
MDMin:  863 23:43:51    -2397.650440        0.251961
MDMin:  864 23:43:53    -2397.650405        0.249819
MDMin:  865 23:43:54    -2397.650370        0.246737
MDMin:  866 23:43:56    -2397.650334        0.242642
MDMin:  867 23:43:58    -2397.650300        0.237670
MDMin:  868 23:44:01    -2397.650271        0.239694
MDMin:  869 23:44:03    -2397.650257        0.235494
MDMin:  870 23:44:04    -2397.650245        0.235046
MDMin:  871 23:44:06    -2397.650232        0.234479
MDMin:  872 23:44:08    -2397.650217        0.233766
MDMin:  873 23:44:09    -2397.650201        0.232883
MDMin:  874 23:44:11    -2397.650184        0.231811
MDMin:  875 23:44:13    -2397.650165        0.230528
MDMin:  876 23:44:15    -2397.650145        0.229016
MDMin:  877 23:44:17    -2397.650124        0.227263
MDMin:  878 23:44:19    -2397.650102        0.225255
MDMin:  879 23:44:21    -2397.650080        0.222989
MDMin:  880 23:44:23    -2397.650056        0.220467
MDMin:  881 23:44:24    -2397.650033        0.217714
MDMin:  882 23:44:25    -2397.650010        0.214850
MDMin:  883 23:44:27    -2397.649992        0.241213
MDMin:  884 23:44:29    -2397.649983        0.211089
MDMin:  885 23:44:30    -2397.649975        0.209970
MDMin:  886 23:44:31    -2397.649966        0.208703
MDMin:  887 23:44:32    -2397.649957        0.207267
MDMin:  888 23:44:34    -2397.649946        0.205661
MDMin:  889 23:44:36    -2397.649935        0.203888
MDMin:  890 23:44:38    -2397.649923        0.201954
MDMin:  891 23:44:40    -2397.649910        0.199868
MDMin:  892 23:44:41    -2397.649896        0.197640
MDMin:  893 23:44:43    -2397.649883        0.195284
MDMin:  894 23:44:45    -2397.649869        0.192817
MDMin:  895 23:44:47    -2397.649855        0.190268
MDMin:  896 23:44:48    -2397.649841        0.187720
MDMin:  897 23:44:50    -2397.649829        0.204226
MDMin:  898 23:44:52    -2397.649822        0.184138
MDMin:  899 23:44:54    -2397.649818        0.183285
MDMin:  900 23:44:56    -2397.649814        0.182342
MDMin:  901 23:44:58    -2397.649809        0.181279
MDMin:  902 23:45:00    -2397.649803        0.180100
MDMin:  903 23:45:03    -2397.649797        0.178810
MDMin:  904 23:45:04    -2397.649791        0.177415
MDMin:  905 23:45:06    -2397.649785        0.175918
MDMin:  906 23:45:08    -2397.649779        0.174321
MDMin:  907 23:45:10    -2397.649772        0.172622
MDMin:  908 23:45:12    -2397.649767        0.170815
MDMin:  909 23:45:14    -2397.649762        0.168887
MDMin:  910 23:45:15    -2397.649757        0.166828
MDMin:  911 23:45:17    -2397.649754        0.164669
MDMin:  912 23:45:19    -2397.649752        0.205141
MDMin:  913 23:45:21    -2397.649752        0.161704
MDMin:  914 23:45:23    -2397.649752        0.160924
MDMin:  915 23:45:25    -2397.649752        0.160007
MDMin:  916 23:45:27    -2397.649752        0.158934
MDMin:  917 23:45:29    -2397.649752        0.157692
MDMin:  918 23:45:30    -2397.649754        0.156265
MDMin:  919 23:45:32    -2397.649755        0.154634
MDMin:  920 23:45:34    -2397.649758        0.152776
MDMin:  921 23:45:35    -2397.649761        0.150666
MDMin:  922 23:45:37    -2397.649766        0.148275
