       Step     Time          Energy          fmax
MDMin:    0 23:45:37    -2397.649766        0.148275
MDMin:    1 23:45:38    -2397.649766        0.148261
MDMin:    2 23:45:40    -2397.649766        0.148220
MDMin:    3 23:45:42    -2397.649766        0.148151
MDMin:    4 23:45:43    -2397.649766        0.148054
MDMin:    5 23:45:45    -2397.649766        0.147930
MDMin:    6 23:45:46    -2397.649766        0.147778
MDMin:    7 23:45:48    -2397.649766        0.147693
MDMin:    8 23:45:50    -2397.649766        0.147635
MDMin:    9 23:45:52    -2397.649766        0.147570
MDMin:   10 23:45:54    -2397.649766        0.147498
MDMin:   11 23:45:56    -2397.649766        0.147419
MDMin:   12 23:45:57    -2397.649766        0.147334
MDMin:   13 23:45:59    -2397.649766        0.147243
MDMin:   14 23:46:01    -2397.649766        0.147146
MDMin:   15 23:46:03    -2397.649766        0.147044
MDMin:   16 23:46:05    -2397.649766        0.146936
MDMin:   17 23:46:06    -2397.649766        0.146824
MDMin:   18 23:46:08    -2397.649766        0.146707
MDMin:   19 23:46:09    -2397.649766        0.146587
MDMin:   20 23:46:10    -2397.649766        0.146463
MDMin:   21 23:46:11    -2397.649766        0.146337
MDMin:   22 23:46:13    -2397.649766        0.146208
MDMin:   23 23:46:14    -2397.649766        0.146078
MDMin:   24 23:46:15    -2397.649766        0.145946
MDMin:   25 23:46:16    -2397.649766        0.145814
MDMin:   26 23:46:18    -2397.649766        0.145682
MDMin:   27 23:46:20    -2397.649766        0.145551
MDMin:   28 23:46:22    -2397.649766        0.145421
MDMin:   29 23:46:24    -2397.649766        0.145294
MDMin:   30 23:46:26    -2397.649766        0.145169
MDMin:   31 23:46:28    -2397.649766        0.145048
MDMin:   32 23:46:30    -2397.649766        0.144932
MDMin:   33 23:46:32    -2397.649765        0.144820
MDMin:   34 23:46:33    -2397.649765        0.144715
MDMin:   35 23:46:34    -2397.649765        0.144617
MDMin:   36 23:46:36    -2397.649765        0.144527
MDMin:   37 23:46:37    -2397.649765        0.144446
MDMin:   38 23:46:39    -2397.649765        0.144375
MDMin:   39 23:46:41    -2397.649765        0.144314
MDMin:   40 23:46:43    -2397.649765        0.144265
MDMin:   41 23:46:45    -2397.649765        0.144230
MDMin:   42 23:46:47    -2397.649765        0.144208
MDMin:   43 23:46:49    -2397.649765        0.144200
MDMin:   44 23:46:51    -2397.649765        0.144209
MDMin:   45 23:46:52    -2397.649765        0.144235
MDMin:   46 23:46:54    -2397.649765        0.144279
MDMin:   47 23:46:56    -2397.649765        0.144342
MDMin:   48 23:46:57    -2397.649766        0.144426
MDMin:   49 23:46:58    -2397.649766        0.144530
MDMin:   50 23:47:00    -2397.649766        0.144657
MDMin:   51 23:47:01    -2397.649766        0.144807
MDMin:   52 23:47:03    -2397.649766        0.144981
MDMin:   53 23:47:04    -2397.649766        0.145180
MDMin:   54 23:47:06    -2397.649766        0.145405
MDMin:   55 23:47:08    -2397.649766        0.145656
MDMin:   56 23:47:10    -2397.649766        0.145934
MDMin:   57 23:47:12    -2397.649766        0.146240
MDMin:   58 23:47:13    -2397.649766        0.146573
MDMin:   59 23:47:14    -2397.649766        0.146935
MDMin:   60 23:47:16    -2397.649766        0.147325
MDMin:   61 23:47:18    -2397.649766        0.147744
MDMin:   62 23:47:19    -2397.649766        0.148191
MDMin:   63 23:47:21    -2397.649766        0.148665
MDMin:   64 23:47:23    -2397.649766        0.149167
MDMin:   65 23:47:25    -2397.649767        0.149695
MDMin:   66 23:47:27    -2397.649767        0.150249
MDMin:   67 23:47:29    -2397.649767        0.150827
MDMin:   68 23:47:30    -2397.649767        0.151429
MDMin:   69 23:47:32    -2397.649767        0.152053
MDMin:   70 23:47:34    -2397.649767        0.152697
MDMin:   71 23:47:36    -2397.649767        0.153360
MDMin:   72 23:47:38    -2397.649767        0.154039
MDMin:   73 23:47:39    -2397.649768        0.154733
MDMin:   74 23:47:41    -2397.649768        0.155439
MDMin:   75 23:47:43    -2397.649768        0.156155
MDMin:   76 23:47:44    -2397.649768        0.156878
MDMin:   77 23:47:46    -2397.649768        0.157607
MDMin:   78 23:47:48    -2397.649768        0.158339
MDMin:   79 23:47:50    -2397.649768        0.159070
MDMin:   80 23:47:51    -2397.649769        0.159799
MDMin:   81 23:47:53    -2397.649769        0.160523
MDMin:   82 23:47:55    -2397.649769        0.161238
MDMin:   83 23:47:57    -2397.649769        0.161941
MDMin:   84 23:47:59    -2397.649769        0.162630
MDMin:   85 23:48:01    -2397.649770        0.163301
MDMin:   86 23:48:03    -2397.649770        0.163950
MDMin:   87 23:48:04    -2397.649770        0.164571
MDMin:   88 23:48:06    -2397.649770        0.165161
MDMin:   89 23:48:08    -2397.649770        0.165713
MDMin:   90 23:48:09    -2397.649771        0.166221
MDMin:   91 23:48:11    -2397.649771        0.166675
MDMin:   92 23:48:13    -2397.649771        0.167066
MDMin:   93 23:48:15    -2397.649771        0.167384
MDMin:   94 23:48:17    -2397.649771        0.167615
MDMin:   95 23:48:19    -2397.649772        0.167744
MDMin:   96 23:48:20    -2397.649772        0.167756
MDMin:   97 23:48:22    -2397.649772        0.167632
MDMin:   98 23:48:24    -2397.649772        0.167353
MDMin:   99 23:48:26    -2397.649772        0.166898
MDMin:  100 23:48:27    -2397.649773        0.166247
MDMin:  101 23:48:29    -2397.649773        0.165382
MDMin:  102 23:48:30    -2397.649773        0.164287
MDMin:  103 23:48:32    -2397.649773        0.162948
MDMin:  104 23:48:33    -2397.649773        0.161364
MDMin:  105 23:48:35    -2397.649774        0.159537
MDMin:  106 23:48:37    -2397.649774        0.157488
MDMin:  107 23:48:39    -2397.649774        0.155248
MDMin:  108 23:48:41    -2397.649774        0.152869
MDMin:  109 23:48:43    -2397.649775        0.150419
MDMin:  110 23:48:45    -2397.649775        0.147985
MDMin:  111 23:48:47    -2397.649775        0.148724
MDMin:  112 23:48:48    -2397.649775        0.150485
MDMin:  113 23:48:50    -2397.649775        0.151224
MDMin:  114 23:48:51    -2397.649776        0.150961
MDMin:  115 23:48:53    -2397.649776        0.150160
MDMin:  116 23:48:55    -2397.649776        0.149238
MDMin:  117 23:48:57    -2397.649776        0.148131
MDMin:  118 23:48:59    -2397.649776        0.146798
MDMin:  119 23:49:00    -2397.649776        0.145223
MDMin:  120 23:49:01    -2397.649776        0.143389
MDMin:  121 23:49:03    -2397.649776        0.141285
MDMin:  122 23:49:05    -2397.649776        0.138897
MDMin:  123 23:49:06    -2397.649777        0.136218
MDMin:  124 23:49:08    -2397.649777        0.134578
MDMin:  125 23:49:10    -2397.649777        0.134058
MDMin:  126 23:49:11    -2397.649777        0.133452
MDMin:  127 23:49:12    -2397.649777        0.132723
MDMin:  128 23:49:14    -2397.649777        0.131835
MDMin:  129 23:49:15    -2397.649777        0.130750
MDMin:  130 23:49:17    -2397.649777        0.129431
MDMin:  131 23:49:19    -2397.649777        0.127841
MDMin:  132 23:49:21    -2397.649778        0.125947
MDMin:  133 23:49:23    -2397.649778        0.123724
MDMin:  134 23:49:25    -2397.649778        0.124478
MDMin:  135 23:49:27    -2397.649778        0.125468
MDMin:  136 23:49:29    -2397.649778        0.126487
MDMin:  137 23:49:30    -2397.649778        0.127537
MDMin:  138 23:49:31    -2397.649778        0.128617
MDMin:  139 23:49:33    -2397.649779        0.129730
MDMin:  140 23:49:35    -2397.649779        0.130878
MDMin:  141 23:49:37    -2397.649779        0.132063
MDMin:  142 23:49:38    -2397.649779        0.133286
MDMin:  143 23:49:40    -2397.649779        0.134551
MDMin:  144 23:49:42    -2397.649779        0.135861
MDMin:  145 23:49:44    -2397.649780        0.137217
MDMin:  146 23:49:46    -2397.649780        0.138624
MDMin:  147 23:49:48    -2397.649780        0.140086
MDMin:  148 23:49:49    -2397.649780        0.141607
MDMin:  149 23:49:51    -2397.649780        0.143190
MDMin:  150 23:49:53    -2397.649780        0.144841
MDMin:  151 23:49:55    -2397.649781        0.146564
MDMin:  152 23:49:57    -2397.649781        0.148363
MDMin:  153 23:49:59    -2397.649781        0.150244
MDMin:  154 23:50:01    -2397.649781        0.152210
MDMin:  155 23:50:03    -2397.649781        0.154265
MDMin:  156 23:50:05    -2397.649781        0.156411
MDMin:  157 23:50:07    -2397.649782        0.158650
MDMin:  158 23:50:09    -2397.649782        0.160983
MDMin:  159 23:50:10    -2397.649782        0.163409
MDMin:  160 23:50:11    -2397.649782        0.165925
MDMin:  161 23:50:12    -2397.649782        0.168526
MDMin:  162 23:50:14    -2397.649783        0.171207
MDMin:  163 23:50:15    -2397.649783        0.173958
MDMin:  164 23:50:16    -2397.649783        0.176765
MDMin:  165 23:50:17    -2397.649783        0.179610
MDMin:  166 23:50:19    -2397.649783        0.182455
MDMin:  167 23:50:20    -2397.649784        0.185220
MDMin:  168 23:50:21    -2397.649784        0.187742
MDMin:  169 23:50:23    -2397.649784        0.189829
MDMin:  170 23:50:25    -2397.649784        0.191518
MDMin:  171 23:50:27    -2397.649784        0.193058
MDMin:  172 23:50:29    -2397.649784        0.194574
MDMin:  173 23:50:31    -2397.649784        0.196097
MDMin:  174 23:50:33    -2397.649784        0.197633
MDMin:  175 23:50:35    -2397.649784        0.199182
MDMin:  176 23:50:38    -2397.649784        0.200744
MDMin:  177 23:50:40    -2397.649785        0.202318
MDMin:  178 23:50:43    -2397.649785        0.203906
MDMin:  179 23:50:45    -2397.649785        0.205509
MDMin:  180 23:50:47    -2397.649785        0.207129
MDMin:  181 23:50:49    -2397.649785        0.208770
MDMin:  182 23:50:51    -2397.649785        0.210436
MDMin:  183 23:50:53    -2397.649785        0.212135
MDMin:  184 23:50:55    -2397.649785        0.213874
MDMin:  185 23:50:57    -2397.649785        0.215662
MDMin:  186 23:50:59    -2397.649786        0.217510
MDMin:  187 23:51:01    -2397.649786        0.219431
MDMin:  188 23:51:03    -2397.649786        0.221440
MDMin:  189 23:51:05    -2397.649786        0.223555
MDMin:  190 23:51:06    -2397.649786        0.225794
MDMin:  191 23:51:08    -2397.649786        0.228180
MDMin:  192 23:51:09    -2397.649786        0.230737
MDMin:  193 23:51:10    -2397.649786        0.233491
MDMin:  194 23:51:12    -2397.649786        0.236472
MDMin:  195 23:51:14    -2397.649787        0.239712
MDMin:  196 23:51:15    -2397.649787        0.243246
MDMin:  197 23:51:16    -2397.649787        0.247111
MDMin:  198 23:51:18    -2397.649787        0.251344
MDMin:  199 23:51:20    -2397.649787        0.255987
MDMin:  200 23:51:22    -2397.649787        0.261076
MDMin:  201 23:51:23    -2397.649787        0.266648
MDMin:  202 23:51:24    -2397.649787        0.272727
MDMin:  203 23:51:25    -2397.649787        0.279326
MDMin:  204 23:51:27    -2397.649788        0.286433
MDMin:  205 23:51:29    -2397.649788        0.293996
MDMin:  206 23:51:31    -2397.649788        0.301911
MDMin:  207 23:51:32    -2397.649788        0.309996
MDMin:  208 23:51:33    -2397.649788        0.317962
MDMin:  209 23:51:35    -2397.649788        0.325399
MDMin:  210 23:51:38    -2397.649788        0.331750
MDMin:  211 23:51:40    -2397.649788        0.336334
MDMin:  212 23:51:41    -2397.649789        0.338394
MDMin:  213 23:51:43    -2397.649789        0.337227
MDMin:  214 23:51:45    -2397.649789        0.332357
MDMin:  215 23:51:47    -2397.649789        0.323793
MDMin:  216 23:51:48    -2397.649789        0.312154
MDMin:  217 23:51:50    -2397.649789        0.298594
MDMin:  218 23:51:52    -2397.649789        0.284483
MDMin:  219 23:51:54    -2397.649789        0.270990
MDMin:  220 23:51:56    -2397.649790        0.258824
MDMin:  221 23:51:58    -2397.649790        0.248222
MDMin:  222 23:52:00    -2397.649790        0.239083
MDMin:  223 23:52:02    -2397.649790        0.231157
MDMin:  224 23:52:04    -2397.649790        0.233815
MDMin:  225 23:52:06    -2397.649790        0.239071
MDMin:  226 23:52:08    -2397.649790        0.244451
MDMin:  227 23:52:09    -2397.649790        0.250008
MDMin:  228 23:52:11    -2397.649791        0.255789
MDMin:  229 23:52:13    -2397.649791        0.261836
MDMin:  230 23:52:15    -2397.649791        0.268184
MDMin:  231 23:52:16    -2397.649791        0.274862
MDMin:  232 23:52:17    -2397.649791        0.281890
MDMin:  233 23:52:18    -2397.649791        0.289285
MDMin:  234 23:52:20    -2397.649791        0.297051
MDMin:  235 23:52:21    -2397.649792        0.305188
MDMin:  236 23:52:22    -2397.649792        0.313687
MDMin:  237 23:52:24    -2397.649792        0.322531
MDMin:  238 23:52:26    -2397.649792        0.331698
MDMin:  239 23:52:27    -2397.649792        0.341157
MDMin:  240 23:52:29    -2397.649792        0.350874
MDMin:  241 23:52:30    -2397.649793        0.360816
MDMin:  242 23:52:31    -2397.649793        0.370950
MDMin:  243 23:52:33    -2397.649793        0.381244
MDMin:  244 23:52:35    -2397.649793        0.391673
MDMin:  245 23:52:37    -2397.649793        0.402216
MDMin:  246 23:52:38    -2397.649793        0.412858
MDMin:  247 23:52:40    -2397.649793        0.423590
MDMin:  248 23:52:41    -2397.649794        0.434408
MDMin:  249 23:52:44    -2397.649794        0.445311
MDMin:  250 23:52:46    -2397.649794        0.456297
MDMin:  251 23:52:48    -2397.649794        0.467364
MDMin:  252 23:52:50    -2397.649794        0.478501
MDMin:  253 23:52:51    -2397.649794        0.489682
MDMin:  254 23:52:53    -2397.649794        0.500850
MDMin:  255 23:52:55    -2397.649795        0.511892
MDMin:  256 23:52:57    -2397.649795        0.522609
MDMin:  257 23:52:58    -2397.649795        0.532736
MDMin:  258 23:52:59    -2397.649795        0.542086
MDMin:  259 23:53:01    -2397.649795        0.550750
MDMin:  260 23:53:03    -2397.649795        0.559032
MDMin:  261 23:53:05    -2397.649795        0.567220
MDMin:  262 23:53:07    -2397.649795        0.575484
MDMin:  263 23:53:09    -2397.649795        0.583912
MDMin:  264 23:53:11    -2397.649795        0.592553
MDMin:  265 23:53:13    -2397.649796        0.601446
MDMin:  266 23:53:15    -2397.649796        0.610624
MDMin:  267 23:53:17    -2397.649796        0.620123
MDMin:  268 23:53:19    -2397.649796        0.629977
MDMin:  269 23:53:21    -2397.649796        0.640224
MDMin:  270 23:53:23    -2397.649796        0.650896
MDMin:  271 23:53:25    -2397.649796        0.662024
MDMin:  272 23:53:27    -2397.649796        0.673631
MDMin:  273 23:53:29    -2397.649796        0.685723
MDMin:  274 23:53:31    -2397.649796        0.698282
MDMin:  275 23:53:33    -2397.649796        0.711254
MDMin:  276 23:53:34    -2397.649797        0.724531
MDMin:  277 23:53:36    -2397.649797        0.737979
MDMin:  278 23:53:38    -2397.649797        0.751356
MDMin:  279 23:53:40    -2397.649797        0.764303
MDMin:  280 23:53:42    -2397.649797        0.776357
MDMin:  281 23:53:44    -2397.649797        0.786964
MDMin:  282 23:53:45    -2397.649797        0.795509
MDMin:  283 23:53:46    -2397.649797        0.801377
MDMin:  284 23:53:48    -2397.649797        0.804013
MDMin:  285 23:53:49    -2397.649797        0.803005
MDMin:  286 23:53:50    -2397.649797        0.798147
MDMin:  287 23:53:51    -2397.649798        0.789471
MDMin:  288 23:53:52    -2397.649798        0.777250
MDMin:  289 23:53:54    -2397.649798        0.761955
MDMin:  290 23:53:55    -2397.649798        0.744187
MDMin:  291 23:53:56    -2397.649798        0.724605
MDMin:  292 23:53:58    -2397.649798        0.703941
MDMin:  293 23:54:00    -2397.649798        0.682781
MDMin:  294 23:54:02    -2397.649798        0.661601
MDMin:  295 23:54:03    -2397.649798        0.640783
MDMin:  296 23:54:05    -2397.649798        0.620635
MDMin:  297 23:54:07    -2397.649799        0.601433
MDMin:  298 23:54:09    -2397.649799        0.583428
MDMin:  299 23:54:11    -2397.649799        0.566869
MDMin:  300 23:54:12    -2397.649799        0.552003
MDMin:  301 23:54:14    -2397.649799        0.539082
MDMin:  302 23:54:16    -2397.649799        0.528368
MDMin:  303 23:54:17    -2397.649799        0.520136
MDMin:  304 23:54:19    -2397.649800        0.514657
MDMin:  305 23:54:21    -2397.649800        0.512194
MDMin:  306 23:54:23    -2397.649800        0.513011
MDMin:  307 23:54:24    -2397.649800        0.517406
MDMin:  308 23:54:26    -2397.649800        0.525644
MDMin:  309 23:54:28    -2397.649800        0.537957
MDMin:  310 23:54:30    -2397.649800        0.554567
MDMin:  311 23:54:31    -2397.649801        0.575671
MDMin:  312 23:54:33    -2397.649801        0.601430
MDMin:  313 23:54:35    -2397.649801        0.631956
MDMin:  314 23:54:37    -2397.649801        0.667282
MDMin:  315 23:54:39    -2397.649801        0.707333
MDMin:  316 23:54:41    -2397.649801        0.751924
MDMin:  317 23:54:43    -2397.649801        0.800761
MDMin:  318 23:54:45    -2397.649801        0.853469
MDMin:  319 23:54:47    -2397.649802        0.909702
MDMin:  320 23:54:48    -2397.649802        0.969309
MDMin:  321 23:54:49    -2397.649802        1.032561
MDMin:  322 23:54:51    -2397.649802        1.100273
MDMin:  323 23:54:53    -2397.649802        1.173652
MDMin:  324 23:54:56    -2397.649802        1.253694
MDMin:  325 23:54:57    -2397.649802        1.340247
MDMin:  326 23:54:59    -2397.649802        1.431074
MDMin:  327 23:55:01    -2397.649802        1.520651
MDMin:  328 23:55:03    -2397.649802        1.599713
MDMin:  329 23:55:05    -2397.649802        1.657381
MDMin:  330 23:55:07    -2397.649802        1.687338
MDMin:  331 23:55:08    -2397.649803        1.693632
MDMin:  332 23:55:10    -2397.649803        1.687949
MDMin:  333 23:55:11    -2397.649803        1.680651
MDMin:  334 23:55:13    -2397.649803        1.676425
MDMin:  335 23:55:14    -2397.649803        1.676159
MDMin:  336 23:55:15    -2397.649803        1.679666
MDMin:  337 23:55:16    -2397.649803        1.686951
MDMin:  338 23:55:18    -2397.649803        1.698500
MDMin:  339 23:55:19    -2397.649803        1.715363
MDMin:  340 23:55:21    -2397.649803        1.739262
MDMin:  341 23:55:22    -2397.649803        1.772776
MDMin:  342 23:55:24    -2397.649803        1.819706
MDMin:  343 23:55:26    -2397.649803        1.886383
MDMin:  344 23:55:28    -2397.649803        1.989600
MDMin:  345 23:55:31    -2397.649804        2.373033
MDMin:  346 23:55:33    -2397.649804        2.414662
MDMin:  347 23:55:34    -2397.649804        2.482544
MDMin:  348 23:55:35    -2397.649804        2.540959
MDMin:  349 23:55:37    -2397.649804        2.561998
MDMin:  350 23:55:38    -2397.649804        2.543527
MDMin:  351 23:55:39    -2397.649804        2.493647
MDMin:  352 23:55:40    -2397.649804        2.422005
MDMin:  353 23:55:42    -2397.649804        2.336582
MDMin:  354 23:55:43    -2397.649804        2.243121
MDMin:  355 23:55:45    -2397.649804        2.145697
MDMin:  356 23:55:47    -2397.649804        2.127364
MDMin:  357 23:55:49    -2397.649804        2.113871
MDMin:  358 23:55:51    -2397.649804        2.092898
MDMin:  359 23:55:53    -2397.649804        2.064628
MDMin:  360 23:55:54    -2397.649804        2.029145
MDMin:  361 23:55:56    -2397.649804        1.986428
MDMin:  362 23:55:58    -2397.649805        1.936091
MDMin:  363 23:56:00    -2397.649805        1.877610
MDMin:  364 23:56:02    -2397.649805        1.810409
MDMin:  365 23:56:04    -2397.649805        1.733961
MDMin:  366 23:56:05    -2397.649805        1.647602
MDMin:  367 23:56:07    -2397.649805        1.550671
MDMin:  368 23:56:09    -2397.649805        1.442554
MDMin:  369 23:56:11    -2397.649805        1.322869
MDMin:  370 23:56:13    -2397.649805        1.191817
MDMin:  371 23:56:15    -2397.649806        1.050637
MDMin:  372 23:56:17    -2397.649806        0.902244
MDMin:  373 23:56:19    -2397.649806        0.751851
MDMin:  374 23:56:20    -2397.649806        0.607687
MDMin:  375 23:56:22    -2397.646623        2.140125
MDMin:  376 23:56:24    -2397.647527        2.090862
MDMin:  377 23:56:26    -2397.648523        2.039729
MDMin:  378 23:56:27    -2397.649609        1.987451
MDMin:  379 23:56:29    -2397.649811        0.572901
MDMin:  380 23:56:30    -2397.649811        0.560300
MDMin:  381 23:56:31    -2397.649811        0.547039
MDMin:  382 23:56:33    -2397.649812        0.533270
MDMin:  383 23:56:35    -2397.649812        0.519144
MDMin:  384 23:56:36    -2397.649812        0.504804
MDMin:  385 23:56:38    -2397.649812        0.490380
MDMin:  386 23:56:40    -2397.649812        0.475991
MDMin:  387 23:56:42    -2397.649812        0.461742
MDMin:  388 23:56:44    -2397.649812        0.447727
MDMin:  389 23:56:45    -2397.649812        0.434027
MDMin:  390 23:56:47    -2397.649811        0.420714
MDMin:  391 23:56:49    -2397.649811        0.407855
MDMin:  392 23:56:51    -2397.649811        0.395512
MDMin:  393 23:56:53    -2397.649811        0.383742
MDMin:  394 23:56:54    -2397.649811        0.372601
MDMin:  395 23:56:56    -2397.649811        0.362138
MDMin:  396 23:56:58    -2397.649811        0.352400
MDMin:  397 23:57:00    -2397.649811        0.343424
MDMin:  398 23:57:02    -2397.649811        0.335240
MDMin:  399 23:57:04    -2397.649811        0.327866
MDMin:  400 23:57:06    -2397.649811        0.321309
MDMin:  401 23:57:08    -2397.649811        0.315564
MDMin:  402 23:57:10    -2397.649811        0.310614
MDMin:  403 23:57:12    -2397.649811        0.306431
MDMin:  404 23:57:14    -2397.649811        0.302978
MDMin:  405 23:57:16    -2397.649811        0.300208
MDMin:  406 23:57:17    -2397.649811        0.298068
MDMin:  407 23:57:19    -2397.649811        0.296498
MDMin:  408 23:57:21    -2397.649811        0.295435
MDMin:  409 23:57:23    -2397.649811        0.294809
MDMin:  410 23:57:25    -2397.649811        0.294546
MDMin:  411 23:57:27    -2397.649811        0.294566
MDMin:  412 23:57:29    -2397.649811        0.294785
MDMin:  413 23:57:30    -2397.649811        0.295113
MDMin:  414 23:57:32    -2397.649811        0.295453
MDMin:  415 23:57:33    -2397.649811        0.295705
MDMin:  416 23:57:35    -2397.649811        0.295762
MDMin:  417 23:57:37    -2397.649811        0.295514
MDMin:  418 23:57:38    -2397.649811        0.294852
MDMin:  419 23:57:41    -2397.649811        0.293668
MDMin:  420 23:57:42    -2397.649811        0.291858
MDMin:  421 23:57:44    -2397.649811        0.289332
MDMin:  422 23:57:46    -2397.649811        0.286014
MDMin:  423 23:57:48    -2397.649811        0.281850
MDMin:  424 23:57:50    -2397.649811        0.276810
MDMin:  425 23:57:52    -2397.649811        0.270897
MDMin:  426 23:57:53    -2397.649811        0.264146
MDMin:  427 23:57:54    -2397.649811        0.256628
MDMin:  428 23:57:56    -2397.649811        0.248445
MDMin:  429 23:57:57    -2397.649811        0.239731
MDMin:  430 23:57:58    -2397.649811        0.230643
MDMin:  431 23:58:00    -2397.649811        0.221354
MDMin:  432 23:58:02    -2397.649811        0.212045
MDMin:  433 23:58:03    -2397.649811        0.202895
MDMin:  434 23:58:05    -2397.649812        0.194077
MDMin:  435 23:58:06    -2397.649812        0.185753
MDMin:  436 23:58:07    -2397.649812        0.178071
MDMin:  437 23:58:08    -2397.649812        0.171173
MDMin:  438 23:58:09    -2397.649812        0.165194
MDMin:  439 23:58:11    -2397.649812        0.160281
MDMin:  440 23:58:12    -2397.649812        0.156600
MDMin:  441 23:58:14    -2397.649812        0.154357
MDMin:  442 23:58:16    -2397.649812        0.153808
MDMin:  443 23:58:18    -2397.649813        0.155280
MDMin:  444 23:58:19    -2397.649813        0.159182
MDMin:  445 23:58:21    -2397.649813        0.165998
MDMin:  446 23:58:22    -2397.649813        0.176180
MDMin:  447 23:58:24    -2397.649813        0.190025
MDMin:  448 23:58:26    -2397.649813        0.207381
MDMin:  449 23:58:28    -2397.649814        0.225953
MDMin:  450 23:58:30    -2397.649814        0.236125
MDMin:  451 23:58:32    -2397.649814        0.240185
MDMin:  452 23:58:34    -2397.649814        0.244797
MDMin:  453 23:58:36    -2397.649814        0.249673
MDMin:  454 23:58:38    -2397.649814        0.254785
MDMin:  455 23:58:40    -2397.649814        0.260134
MDMin:  456 23:58:42    -2397.649814        0.265717
MDMin:  457 23:58:44    -2397.649814        0.271535
MDMin:  458 23:58:45    -2397.649814        0.277583
MDMin:  459 23:58:47    -2397.649814        0.283862
MDMin:  460 23:58:49    -2397.649814        0.290368
MDMin:  461 23:58:51    -2397.649814        0.297101
MDMin:  462 23:58:53    -2397.649814        0.304062
MDMin:  463 23:58:55    -2397.649814        0.311251
MDMin:  464 23:58:57    -2397.649814        0.318673
MDMin:  465 23:58:58    -2397.649814        0.326336
MDMin:  466 23:59:00    -2397.649814        0.334249
MDMin:  467 23:59:02    -2397.649814        0.342427
MDMin:  468 23:59:04    -2397.649814        0.350888
MDMin:  469 23:59:06    -2397.649814        0.359657
MDMin:  470 23:59:08    -2397.649814        0.368760
MDMin:  471 23:59:10    -2397.649814        0.378233
MDMin:  472 23:59:11    -2397.649814        0.388114
MDMin:  473 23:59:12    -2397.649814        0.398445
MDMin:  474 23:59:14    -2397.649814        0.409276
MDMin:  475 23:59:16    -2397.649814        0.420660
MDMin:  476 23:59:17    -2397.649814        0.432651
MDMin:  477 23:59:19    -2397.649814        0.445309
MDMin:  478 23:59:21    -2397.649815        0.458694
MDMin:  479 23:59:23    -2397.649815        0.472865
MDMin:  480 23:59:25    -2397.649815        0.487882
MDMin:  481 23:59:27    -2397.649815        0.503799
MDMin:  482 23:59:29    -2397.649815        0.520665
MDMin:  483 23:59:31    -2397.649815        0.538523
MDMin:  484 23:59:33    -2397.649815        0.557402
MDMin:  485 23:59:34    -2397.649815        0.577318
MDMin:  486 23:59:36    -2397.649815        0.598268
MDMin:  487 23:59:38    -2397.649815        0.620227
MDMin:  488 23:59:40    -2397.649815        0.643143
MDMin:  489 23:59:41    -2397.649815        0.666933
MDMin:  490 23:59:43    -2397.649815        0.691479
MDMin:  491 23:59:45    -2397.649815        0.716618
MDMin:  492 23:59:46    -2397.649815        0.742148
MDMin:  493 23:59:48    -2397.649815        0.767814
MDMin:  494 23:59:50    -2397.649815        0.793310
MDMin:  495 23:59:52    -2397.649815        0.818280
MDMin:  496 23:59:53    -2397.649815        0.842312
MDMin:  497 23:59:54    -2397.649815        0.864945
MDMin:  498 23:59:55    -2397.649815        0.885670
MDMin:  499 23:59:57    -2397.649815        0.903940
MDMin:  500 23:59:58    -2397.649815        0.919182
MDMin:  501 23:59:59    -2397.649815        0.930804
MDMin:  502 00:00:01    -2397.649815        0.938221
MDMin:  503 00:00:03    -2397.649815        0.940875
MDMin:  504 00:00:05    -2397.649815        0.938263
MDMin:  505 00:00:07    -2397.649816        0.929970
MDMin:  506 00:00:09    -2397.649816        0.915705
MDMin:  507 00:00:11    -2397.649816        0.895336
MDMin:  508 00:00:13    -2397.649816        0.868927
MDMin:  509 00:00:14    -2397.649816        0.836770
MDMin:  510 00:00:15    -2397.649816        0.799455
MDMin:  511 00:00:17    -2397.649816        0.757873
MDMin:  512 00:00:19    -2397.649816        0.713014
MDMin:  513 00:00:21    -2397.649816        0.666038
MDMin:  514 00:00:23    -2397.649816        0.618219
MDMin:  515 00:00:25    -2397.649816        0.570895
MDMin:  516 00:00:27    -2397.649816        0.525337
MDMin:  517 00:00:29    -2397.649816        0.482667
MDMin:  518 00:00:31    -2397.649816        0.443816
MDMin:  519 00:00:33    -2397.649816        0.409490
MDMin:  520 00:00:35    -2397.649816        0.380164
MDMin:  521 00:00:37    -2397.649817        0.356088
MDMin:  522 00:00:39    -2397.649817        0.337298
MDMin:  523 00:00:41    -2397.649817        0.323626
MDMin:  524 00:00:42    -2397.649817        0.314705
MDMin:  525 00:00:44    -2397.649817        0.309989
MDMin:  526 00:00:46    -2397.649817        0.308780
MDMin:  527 00:00:47    -2397.649817        0.310274
MDMin:  528 00:00:49    -2397.649817        0.313619
MDMin:  529 00:00:50    -2397.649818        0.317970
MDMin:  530 00:00:52    -2397.649818        0.322542
MDMin:  531 00:00:53    -2397.649818        0.326654
MDMin:  532 00:00:55    -2397.649818        0.329762
MDMin:  533 00:00:56    -2397.649818        0.331478
MDMin:  534 00:00:57    -2397.649818        0.331571
MDMin:  535 00:00:59    -2397.649818        0.329950
MDMin:  536 00:01:01    -2397.649818        0.326620
MDMin:  537 00:01:03    -2397.649819        0.321682
MDMin:  538 00:01:05    -2397.649819        0.315302
MDMin:  539 00:01:07    -2397.649819        0.307655
MDMin:  540 00:01:10    -2397.649819        0.298892
MDMin:  541 00:01:12    -2397.649819        0.289112
MDMin:  542 00:01:14    -2397.649819        0.278343
MDMin:  543 00:01:15    -2397.649819        0.266518
MDMin:  544 00:01:17    -2397.649820        0.253474
MDMin:  545 00:01:19    -2397.649820        0.238960
MDMin:  546 00:01:21    -2397.649820        0.222988
MDMin:  547 00:01:23    -2397.649820        0.292123
MDMin:  548 00:01:25    -2397.649820        0.288035
MDMin:  549 00:01:26    -2397.649820        0.275885
MDMin:  550 00:01:28    -2397.649820        0.256071
MDMin:  551 00:01:30    -2397.649820        0.229324
MDMin:  552 00:01:32    -2397.649820        0.210541
MDMin:  553 00:01:33    -2397.649820        0.209917
MDMin:  554 00:01:34    -2397.649820        0.209122
MDMin:  555 00:01:36    -2397.649820        0.208133
MDMin:  556 00:01:37    -2397.649820        0.206949
MDMin:  557 00:01:38    -2397.649820        0.205591
MDMin:  558 00:01:39    -2397.649820        0.204093
MDMin:  559 00:01:41    -2397.649820        0.202475
MDMin:  560 00:01:43    -2397.649820        0.200747
MDMin:  561 00:01:45    -2397.649820        0.198911
MDMin:  562 00:01:47    -2397.649820        0.196965
MDMin:  563 00:01:49    -2397.649820        0.194907
MDMin:  564 00:01:52    -2397.649820        0.192737
MDMin:  565 00:01:53    -2397.649820        0.190451
MDMin:  566 00:01:55    -2397.649820        0.188046
MDMin:  567 00:01:57    -2397.649820        0.185521
MDMin:  568 00:01:59    -2397.649820        0.182873
MDMin:  569 00:02:01    -2397.649820        0.180097
MDMin:  570 00:02:03    -2397.649820        0.177192
MDMin:  571 00:02:04    -2397.649820        0.174154
MDMin:  572 00:02:06    -2397.649820        0.170980
MDMin:  573 00:02:08    -2397.649821        0.167666
MDMin:  574 00:02:09    -2397.649821        0.164209
MDMin:  575 00:02:11    -2397.649821        0.160605
MDMin:  576 00:02:12    -2397.649821        0.156851
MDMin:  577 00:02:14    -2397.649821        0.152943
MDMin:  578 00:02:16    -2397.649821        0.148877
MDMin:  579 00:02:18    -2397.649821        0.144652
MDMin:  580 00:02:19    -2397.649821        0.140264
MDMin:  581 00:02:21    -2397.649821        0.135710
MDMin:  582 00:02:23    -2397.649821        0.130989
MDMin:  583 00:02:25    -2397.649821        0.126101
MDMin:  584 00:02:27    -2397.649821        0.121045
MDMin:  585 00:02:28    -2397.649821        0.115823
MDMin:  586 00:02:29    -2397.649821        0.110438
MDMin:  587 00:02:30    -2397.649821        0.104898
MDMin:  588 00:02:32    -2397.649821        0.099211
MDMin:  589 00:02:34    -2397.649821        0.093392
MDMin:  590 00:02:36    -2397.649821        0.087460
MDMin:  591 00:02:38    -2397.649822        0.081443
MDMin:  592 00:02:39    -2397.649822        0.075380
MDMin:  593 00:02:41    -2397.649822        0.069321
MDMin:  594 00:02:43    -2397.649822        0.063335
MDMin:  595 00:02:45    -2397.649822        0.057513
MDMin:  596 00:02:47    -2397.649822        0.051967
MDMin:  597 00:02:48    -2397.649822        0.048077
