       Step     Time          Energy          fmax
MDMin:    0 03:36:30    -2397.719171        0.142659
MDMin:    1 03:36:32    -2397.719170        0.142639
MDMin:    2 03:36:34    -2397.719165        0.142579
MDMin:    3 03:36:36    -2397.719156        0.142478
MDMin:    4 03:36:38    -2397.719144        0.142339
MDMin:    5 03:36:40    -2397.719129        0.142160
MDMin:    6 03:36:42    -2397.719111        0.141942
MDMin:    7 03:36:43    -2397.719089        0.141686
MDMin:    8 03:36:44    -2397.719064        0.141393
MDMin:    9 03:36:45    -2397.719036        0.141063
MDMin:   10 03:36:47    -2397.719005        0.140696
MDMin:   11 03:36:49    -2397.718971        0.140295
MDMin:   12 03:36:51    -2397.718933        0.139858
MDMin:   13 03:36:52    -2397.718893        0.139388
MDMin:   14 03:36:54    -2397.718850        0.138884
MDMin:   15 03:36:55    -2397.718804        0.138347
MDMin:   16 03:36:57    -2397.718756        0.137779
MDMin:   17 03:36:58    -2397.718705        0.137180
MDMin:   18 03:37:00    -2397.718651        0.136551
MDMin:   19 03:37:02    -2397.718596        0.135893
MDMin:   20 03:37:04    -2397.718537        0.135208
MDMin:   21 03:37:06    -2397.718477        0.134497
MDMin:   22 03:37:08    -2397.718415        0.133761
MDMin:   23 03:37:09    -2397.718351        0.133001
MDMin:   24 03:37:12    -2397.718285        0.132220
MDMin:   25 03:37:14    -2397.718218        0.131419
MDMin:   26 03:37:16    -2397.718149        0.130600
MDMin:   27 03:37:17    -2397.718079        0.129764
MDMin:   28 03:37:19    -2397.718007        0.128915
MDMin:   29 03:37:21    -2397.717935        0.128054
MDMin:   30 03:37:23    -2397.717861        0.127184
MDMin:   31 03:37:25    -2397.717787        0.126306
MDMin:   32 03:37:27    -2397.717711        0.125425
MDMin:   33 03:37:29    -2397.717635        0.124543
MDMin:   34 03:37:31    -2397.717559        0.123663
MDMin:   35 03:37:33    -2397.717482        0.122788
MDMin:   36 03:37:36    -2397.717405        0.121922
MDMin:   37 03:37:38    -2397.717328        0.121069
MDMin:   38 03:37:41    -2397.717251        0.120232
MDMin:   39 03:37:43    -2397.717173        0.119417
MDMin:   40 03:37:45    -2397.717096        0.118628
MDMin:   41 03:37:48    -2397.717019        0.117868
MDMin:   42 03:37:50    -2397.716942        0.117145
MDMin:   43 03:37:52    -2397.716866        0.116463
MDMin:   44 03:37:54    -2397.716790        0.115828
MDMin:   45 03:37:56    -2397.716715        0.115246
MDMin:   46 03:37:58    -2397.716640        0.114725
MDMin:   47 03:38:00    -2397.716566        0.114269
MDMin:   48 03:38:03    -2397.716492        0.113888
MDMin:   49 03:38:05    -2397.716420        0.113588
MDMin:   50 03:38:07    -2397.716348        0.113377
MDMin:   51 03:38:09    -2397.716277        0.113264
MDMin:   52 03:38:11    -2397.716207        0.113256
MDMin:   53 03:38:14    -2397.716138        0.113363
MDMin:   54 03:38:16    -2397.716070        0.113593
MDMin:   55 03:38:18    -2397.716003        0.113954
MDMin:   56 03:38:20    -2397.715938        0.114454
MDMin:   57 03:38:23    -2397.715874        0.115101
MDMin:   58 03:38:25    -2397.715810        0.115904
MDMin:   59 03:38:27    -2397.715749        0.116869
MDMin:   60 03:38:29    -2397.715688        0.118004
MDMin:   61 03:38:31    -2397.715629        0.119312
MDMin:   62 03:38:33    -2397.715572        0.120799
MDMin:   63 03:38:36    -2397.715516        0.122468
MDMin:   64 03:38:38    -2397.715462        0.124318
MDMin:   65 03:38:40    -2397.715409        0.126350
MDMin:   66 03:38:42    -2397.715357        0.128558
MDMin:   67 03:38:44    -2397.715308        0.130938
MDMin:   68 03:38:46    -2397.715260        0.133480
MDMin:   69 03:38:48    -2397.715213        0.136172
MDMin:   70 03:38:50    -2397.715169        0.138999
MDMin:   71 03:38:52    -2397.715126        0.141942
MDMin:   72 03:38:54    -2397.715084        0.144979
MDMin:   73 03:38:56    -2397.715044        0.148087
MDMin:   74 03:38:58    -2397.715006        0.151235
MDMin:   75 03:39:00    -2397.714969        0.154393
MDMin:   76 03:39:01    -2397.714934        0.157526
MDMin:   77 03:39:03    -2397.714900        0.160598
MDMin:   78 03:39:04    -2397.714867        0.163569
MDMin:   79 03:39:06    -2397.714836        0.166398
MDMin:   80 03:39:07    -2397.714806        0.169041
MDMin:   81 03:39:08    -2397.714778        0.171455
MDMin:   82 03:39:09    -2397.714750        0.173594
MDMin:   83 03:39:11    -2397.714724        0.175414
MDMin:   84 03:39:13    -2397.714698        0.176870
MDMin:   85 03:39:15    -2397.714674        0.177919
MDMin:   86 03:39:17    -2397.714650        0.178521
MDMin:   87 03:39:19    -2397.714628        0.178649
MDMin:   88 03:39:20    -2397.714606        0.178280
MDMin:   89 03:39:23    -2397.714585        0.177387
MDMin:   90 03:39:25    -2397.714565        0.175950
MDMin:   91 03:39:27    -2397.714545        0.173957
MDMin:   92 03:39:29    -2397.714526        0.171402
MDMin:   93 03:39:31    -2397.714508        0.168288
MDMin:   94 03:39:34    -2397.714491        0.164627
MDMin:   95 03:39:36    -2397.714474        0.160443
MDMin:   96 03:39:38    -2397.714457        0.155770
MDMin:   97 03:39:40    -2397.714442        0.150651
MDMin:   98 03:39:41    -2397.714427        0.145142
MDMin:   99 03:39:43    -2397.714412        0.139302
MDMin:  100 03:39:44    -2397.714398        0.133208
MDMin:  101 03:39:46    -2397.714385        0.126932
MDMin:  102 03:39:47    -2397.714373        0.120608
MDMin:  103 03:39:48    -2397.714361        0.114560
MDMin:  104 03:39:50    -2397.714354        0.110353
MDMin:  105 03:39:52    -2397.714351        0.108974
MDMin:  106 03:39:54    -2397.714349        0.107457
MDMin:  107 03:39:55    -2397.714346        0.105909
MDMin:  108 03:39:57    -2397.714343        0.104333
MDMin:  109 03:39:58    -2397.714340        0.102731
MDMin:  110 03:40:00    -2397.714338        0.101104
MDMin:  111 03:40:02    -2397.714335        0.099455
MDMin:  112 03:40:05    -2397.714332        0.097786
MDMin:  113 03:40:07    -2397.714329        0.096100
MDMin:  114 03:40:10    -2397.714326        0.094399
MDMin:  115 03:40:12    -2397.714324        0.092686
MDMin:  116 03:40:14    -2397.714321        0.090964
MDMin:  117 03:40:16    -2397.714318        0.089235
MDMin:  118 03:40:18    -2397.714315        0.087501
MDMin:  119 03:40:20    -2397.714313        0.085767
MDMin:  120 03:40:23    -2397.714310        0.084034
MDMin:  121 03:40:24    -2397.714307        0.082306
MDMin:  122 03:40:25    -2397.714305        0.080584
MDMin:  123 03:40:27    -2397.714302        0.078872
MDMin:  124 03:40:29    -2397.714299        0.077173
MDMin:  125 03:40:31    -2397.714297        0.075489
MDMin:  126 03:40:32    -2397.714020        0.802550
MDMin:  127 03:40:34    -2397.714011        0.802008
MDMin:  128 03:40:36    -2397.713986        0.800381
MDMin:  129 03:40:37    -2397.713945        0.797668
MDMin:  130 03:40:38    -2397.713887        0.793864
MDMin:  131 03:40:39    -2397.713812        0.788965
MDMin:  132 03:40:41    -2397.713720        0.782966
MDMin:  133 03:40:43    -2397.713612        0.775862
MDMin:  134 03:40:45    -2397.713487        0.767649
MDMin:  135 03:40:47    -2397.713346        0.758326
MDMin:  136 03:40:49    -2397.713188        0.747894
MDMin:  137 03:40:51    -2397.713013        0.736359
MDMin:  138 03:40:53    -2397.712822        0.723734
MDMin:  139 03:40:55    -2397.712615        0.710035
MDMin:  140 03:40:57    -2397.712391        0.695289
MDMin:  141 03:40:58    -2397.712152        0.679529
MDMin:  142 03:41:00    -2397.711897        0.662796
MDMin:  143 03:41:02    -2397.711628        0.645142
MDMin:  144 03:41:04    -2397.711344        0.626627
MDMin:  145 03:41:06    -2397.711047        0.607321
MDMin:  146 03:41:08    -2397.710737        0.587305
MDMin:  147 03:41:10    -2397.710417        0.566668
MDMin:  148 03:41:12    -2397.710087        0.545508
MDMin:  149 03:41:14    -2397.709750        0.523932
MDMin:  150 03:41:16    -2397.709408        0.502054
MDMin:  151 03:41:18    -2397.709064        0.479996
MDMin:  152 03:41:21    -2397.708722        0.457882
MDMin:  153 03:41:22    -2397.708385        0.435843
MDMin:  154 03:41:25    -2397.708059        0.414006
MDMin:  155 03:41:28    -2397.707748        0.392501
MDMin:  156 03:41:30    -2397.707458        0.371451
MDMin:  157 03:41:32    -2397.707195        0.350971
MDMin:  158 03:41:35    -2397.706968        0.331170
MDMin:  159 03:41:37    -2397.706783        0.312139
MDMin:  160 03:41:39    -2397.706647        0.293959
MDMin:  161 03:41:41    -2397.706568        0.276692
MDMin:  162 03:41:43    -2397.706554        0.260386
MDMin:  163 03:41:45    -2397.706611        0.245077
MDMin:  164 03:41:47    -2397.706746        0.230779
MDMin:  165 03:41:50    -2397.706964        0.217491
MDMin:  166 03:41:52    -2397.707269        0.205204
MDMin:  167 03:41:54    -2397.707664        0.193889
MDMin:  168 03:41:56    -2397.708149        0.183511
MDMin:  169 03:41:58    -2397.708725        0.174026
MDMin:  170 03:42:01    -2397.709388        0.165386
MDMin:  171 03:42:03    -2397.710136        0.157542
MDMin:  172 03:42:05    -2397.710962        0.150443
MDMin:  173 03:42:06    -2397.711861        0.144606
MDMin:  174 03:42:07    -2397.712823        0.144624
MDMin:  175 03:42:09    -2397.713841        0.144558
MDMin:  176 03:42:11    -2397.714250        0.477177
MDMin:  177 03:42:13    -2397.714250        0.476662
MDMin:  178 03:42:15    -2397.714250        0.475119
MDMin:  179 03:42:17    -2397.714250        0.472555
MDMin:  180 03:42:19    -2397.714250        0.468982
MDMin:  181 03:42:21    -2397.714250        0.464415
MDMin:  182 03:42:23    -2397.714250        0.458875
MDMin:  183 03:42:25    -2397.714250        0.452383
MDMin:  184 03:42:27    -2397.714250        0.444963
MDMin:  185 03:42:29    -2397.714250        0.436640
MDMin:  186 03:42:32    -2397.714251        0.427439
MDMin:  187 03:42:34    -2397.714251        0.417386
MDMin:  188 03:42:36    -2397.714251        0.406507
MDMin:  189 03:42:38    -2397.714251        0.394830
MDMin:  190 03:42:39    -2397.714252        0.382383
MDMin:  191 03:42:42    -2397.714252        0.369197
MDMin:  192 03:42:44    -2397.714252        0.355306
MDMin:  193 03:42:46    -2397.714252        0.340747
MDMin:  194 03:42:48    -2397.714253        0.325560
MDMin:  195 03:42:50    -2397.714253        0.309793
MDMin:  196 03:42:53    -2397.714254        0.293496
MDMin:  197 03:42:55    -2397.714254        0.276726
MDMin:  198 03:42:57    -2397.714254        0.259551
MDMin:  199 03:42:59    -2397.714255        0.242041
MDMin:  200 03:43:01    -2397.714255        0.224282
MDMin:  201 03:43:03    -2397.714256        0.206365
MDMin:  202 03:43:05    -2397.714256        0.192659
MDMin:  203 03:43:07    -2397.714257        0.191548
MDMin:  204 03:43:09    -2397.714257        0.190647
MDMin:  205 03:43:10    -2397.714258        0.189950
MDMin:  206 03:43:12    -2397.714258        0.189443
MDMin:  207 03:43:14    -2397.714259        0.189105
MDMin:  208 03:43:16    -2397.714259        0.188906
MDMin:  209 03:43:18    -2397.714260        0.188813
MDMin:  210 03:43:20    -2397.714260        0.188786
MDMin:  211 03:43:22    -2397.714261        0.188789
MDMin:  212 03:43:24    -2397.714262        0.188786
MDMin:  213 03:43:26    -2397.714262        0.188740
MDMin:  214 03:43:28    -2397.714263        0.188621
MDMin:  215 03:43:30    -2397.714263        0.188400
MDMin:  216 03:43:32    -2397.714264        0.188052
MDMin:  217 03:43:34    -2397.714264        0.187560
MDMin:  218 03:43:36    -2397.714264        0.186907
MDMin:  219 03:43:38    -2397.714265        0.186084
MDMin:  220 03:43:40    -2397.714265        0.185086
MDMin:  221 03:43:42    -2397.714266        0.183907
MDMin:  222 03:43:44    -2397.714266        0.182546
MDMin:  223 03:43:46    -2397.714267        0.181000
MDMin:  224 03:43:48    -2397.714267        0.179272
MDMin:  225 03:43:50    -2397.714267        0.177364
MDMin:  226 03:43:52    -2397.714268        0.175280
MDMin:  227 03:43:54    -2397.714268        0.173027
MDMin:  228 03:43:57    -2397.714269        0.170610
MDMin:  229 03:43:59    -2397.714269        0.168039
MDMin:  230 03:44:00    -2397.714269        0.165321
MDMin:  231 03:44:02    -2397.714270        0.162466
MDMin:  232 03:44:04    -2397.714270        0.159484
MDMin:  233 03:44:06    -2397.714270        0.156387
MDMin:  234 03:44:08    -2397.714271        0.153185
MDMin:  235 03:44:10    -2397.714271        0.149890
MDMin:  236 03:44:12    -2397.714271        0.146515
MDMin:  237 03:44:13    -2397.714272        0.143072
MDMin:  238 03:44:14    -2397.714272        0.139572
MDMin:  239 03:44:15    -2397.714272        0.136027
MDMin:  240 03:44:17    -2397.714273        0.132448
MDMin:  241 03:44:18    -2397.714273        0.128848
MDMin:  242 03:44:20    -2397.714273        0.125236
MDMin:  243 03:44:21    -2397.714274        0.121623
MDMin:  244 03:44:24    -2397.714274        0.118017
MDMin:  245 03:44:26    -2397.714274        0.114485
MDMin:  246 03:44:28    -2397.714275        0.112447
MDMin:  247 03:44:30    -2397.714275        0.110239
MDMin:  248 03:44:32    -2397.714275        0.107886
MDMin:  249 03:44:35    -2397.714276        0.105410
MDMin:  250 03:44:38    -2397.714276        0.102836
MDMin:  251 03:44:40    -2397.714276        0.100185
MDMin:  252 03:44:42    -2397.714276        0.097478
MDMin:  253 03:44:44    -2397.714277        0.094735
MDMin:  254 03:44:46    -2397.714277        0.091975
MDMin:  255 03:44:47    -2397.714277        0.089216
MDMin:  256 03:44:49    -2397.714277        0.086473
MDMin:  257 03:44:51    -2397.714278        0.083761
MDMin:  258 03:44:53    -2397.714278        0.081093
MDMin:  259 03:44:55    -2397.714278        0.078486
MDMin:  260 03:44:56    -2397.714279        0.075937
MDMin:  261 03:44:58    -2397.714279        0.073509
MDMin:  262 03:45:00    -2397.714279        0.073827
MDMin:  263 03:45:02    -2397.714279        0.133368
MDMin:  264 03:45:05    -2397.714279        0.068500
MDMin:  265 03:45:07    -2397.714279        0.068076
MDMin:  266 03:45:09    -2397.714279        0.067598
MDMin:  267 03:45:10    -2397.714279        0.067109
MDMin:  268 03:45:11    -2397.714280        0.066616
MDMin:  269 03:45:13    -2397.714280        0.066117
MDMin:  270 03:45:15    -2397.714280        0.065615
MDMin:  271 03:45:17    -2397.714280        0.065110
MDMin:  272 03:45:19    -2397.714280        0.064603
MDMin:  273 03:45:21    -2397.714280        0.064094
MDMin:  274 03:45:23    -2397.714280        0.063584
MDMin:  275 03:45:25    -2397.714280        0.063075
MDMin:  276 03:45:27    -2397.714280        0.062567
MDMin:  277 03:45:29    -2397.714280        0.062061
MDMin:  278 03:45:31    -2397.714280        0.061558
MDMin:  279 03:45:33    -2397.714280        0.061059
MDMin:  280 03:45:35    -2397.714280        0.060565
MDMin:  281 03:45:37    -2397.714280        0.060078
MDMin:  282 03:45:39    -2397.714280        0.059598
MDMin:  283 03:45:41    -2397.714280        0.059127
MDMin:  284 03:45:43    -2397.714280        0.058666
MDMin:  285 03:45:44    -2397.714281        0.058216
MDMin:  286 03:45:45    -2397.714281        0.057779
MDMin:  287 03:45:46    -2397.714281        0.057357
MDMin:  288 03:45:48    -2397.714281        0.056950
MDMin:  289 03:45:49    -2397.714281        0.056561
MDMin:  290 03:45:51    -2397.714281        0.056192
MDMin:  291 03:45:53    -2397.714281        0.055844
MDMin:  292 03:45:55    -2397.714281        0.055519
MDMin:  293 03:45:57    -2397.714281        0.055220
MDMin:  294 03:45:59    -2397.714281        0.054949
MDMin:  295 03:46:01    -2397.714281        0.054708
MDMin:  296 03:46:03    -2397.714281        0.054499
MDMin:  297 03:46:05    -2397.714281        0.054326
MDMin:  298 03:46:07    -2397.714281        0.054190
MDMin:  299 03:46:10    -2397.714281        0.054096
MDMin:  300 03:46:12    -2397.714282        0.054045
MDMin:  301 03:46:14    -2397.714282        0.054041
MDMin:  302 03:46:16    -2397.714282        0.054088
MDMin:  303 03:46:18    -2397.714282        0.054187
MDMin:  304 03:46:20    -2397.714282        0.054344
MDMin:  305 03:46:21    -2397.714282        0.054562
MDMin:  306 03:46:23    -2397.714282        0.054844
MDMin:  307 03:46:25    -2397.714282        0.055194
MDMin:  308 03:46:27    -2397.714282        0.055616
MDMin:  309 03:46:29    -2397.714282        0.056113
MDMin:  310 03:46:32    -2397.714282        0.056691
MDMin:  311 03:46:33    -2397.714282        0.057353
MDMin:  312 03:46:35    -2397.714282        0.058102
MDMin:  313 03:46:37    -2397.714282        0.058942
MDMin:  314 03:46:40    -2397.714282        0.059878
MDMin:  315 03:46:42    -2397.714283        0.060912
MDMin:  316 03:46:44    -2397.714283        0.062047
MDMin:  317 03:46:46    -2397.714283        0.063287
MDMin:  318 03:46:48    -2397.714283        0.064634
MDMin:  319 03:46:49    -2397.714283        0.066090
MDMin:  320 03:46:51    -2397.714283        0.067657
MDMin:  321 03:46:53    -2397.714283        0.069335
MDMin:  322 03:46:55    -2397.714283        0.071124
MDMin:  323 03:46:57    -2397.714283        0.073028
MDMin:  324 03:46:59    -2397.714283        0.075034
MDMin:  325 03:47:01    -2397.714283        0.077166
MDMin:  326 03:47:03    -2397.714283        0.079362
MDMin:  327 03:47:05    -2397.714283        0.081728
MDMin:  328 03:47:08    -2397.714283        0.083971
MDMin:  329 03:47:10    -2397.714283        0.086420
MDMin:  330 03:47:12    -2397.714283        0.087904
MDMin:  331 03:47:14    -2397.714283        0.089335
MDMin:  332 03:47:15    -2397.714283        0.090348
MDMin:  333 03:47:16    -2397.714283        0.091488
MDMin:  334 03:47:17    -2397.714283        0.092631
MDMin:  335 03:47:19    -2397.714283        0.093816
MDMin:  336 03:47:21    -2397.714283        0.095031
MDMin:  337 03:47:23    -2397.714283        0.096278
MDMin:  338 03:47:25    -2397.714283        0.097556
MDMin:  339 03:47:27    -2397.714284        0.098865
MDMin:  340 03:47:28    -2397.714284        0.100204
MDMin:  341 03:47:29    -2397.714284        0.101571
MDMin:  342 03:47:30    -2397.714284        0.102965
MDMin:  343 03:47:32    -2397.714284        0.104385
MDMin:  344 03:47:35    -2397.714284        0.105830
MDMin:  345 03:47:37    -2397.714284        0.107297
MDMin:  346 03:47:39    -2397.714284        0.108785
MDMin:  347 03:47:42    -2397.714284        0.110290
MDMin:  348 03:47:44    -2397.714284        0.111812
MDMin:  349 03:47:46    -2397.714284        0.113347
MDMin:  350 03:47:48    -2397.714284        0.114891
MDMin:  351 03:47:50    -2397.714284        0.116443
MDMin:  352 03:47:52    -2397.714284        0.117997
MDMin:  353 03:47:54    -2397.714284        0.119551
MDMin:  354 03:47:56    -2397.714284        0.121101
MDMin:  355 03:47:58    -2397.714284        0.122641
MDMin:  356 03:48:00    -2397.714284        0.124167
MDMin:  357 03:48:02    -2397.714284        0.125674
MDMin:  358 03:48:05    -2397.714284        0.127157
MDMin:  359 03:48:07    -2397.714284        0.128610
MDMin:  360 03:48:09    -2397.714284        0.130027
MDMin:  361 03:48:11    -2397.714284        0.131401
MDMin:  362 03:48:13    -2397.714284        0.132726
MDMin:  363 03:48:15    -2397.714284        0.133994
MDMin:  364 03:48:17    -2397.714284        0.135199
MDMin:  365 03:48:19    -2397.714284        0.136333
MDMin:  366 03:48:21    -2397.714284        0.137389
MDMin:  367 03:48:22    -2397.714284        0.138357
MDMin:  368 03:48:24    -2397.714284        0.139230
MDMin:  369 03:48:26    -2397.714284        0.139999
MDMin:  370 03:48:28    -2397.714284        0.140656
MDMin:  371 03:48:30    -2397.714284        0.141191
MDMin:  372 03:48:32    -2397.714284        0.141597
MDMin:  373 03:48:34    -2397.714284        0.141864
MDMin:  374 03:48:36    -2397.714284        0.141984
MDMin:  375 03:48:39    -2397.714284        0.141948
MDMin:  376 03:48:41    -2397.714284        0.141749
MDMin:  377 03:48:44    -2397.714284        0.141377
MDMin:  378 03:48:46    -2397.714284        0.140827
MDMin:  379 03:48:48    -2397.714284        0.140091
MDMin:  380 03:48:50    -2397.714284        0.139162
MDMin:  381 03:48:52    -2397.714284        0.138037
MDMin:  382 03:48:55    -2397.714284        0.136710
MDMin:  383 03:48:57    -2397.714285        0.135180
MDMin:  384 03:48:59    -2397.714285        0.133443
MDMin:  385 03:49:00    -2397.714285        0.131501
MDMin:  386 03:49:02    -2397.714285        0.129354
MDMin:  387 03:49:03    -2397.714285        0.127010
MDMin:  388 03:49:05    -2397.714285        0.124482
MDMin:  389 03:49:06    -2397.714285        0.121775
MDMin:  390 03:49:08    -2397.714285        0.118900
MDMin:  391 03:49:09    -2397.714285        0.115869
MDMin:  392 03:49:10    -2397.714285        0.112693
MDMin:  393 03:49:11    -2397.714285        0.109389
MDMin:  394 03:49:13    -2397.714285        0.105972
MDMin:  395 03:49:14    -2397.714285        0.102460
MDMin:  396 03:49:15    -2397.714285        0.098872
MDMin:  397 03:49:16    -2397.714285        0.095228
MDMin:  398 03:49:18    -2397.714285        0.091546
MDMin:  399 03:49:19    -2397.714285        0.087849
MDMin:  400 03:49:21    -2397.714285        0.084157
MDMin:  401 03:49:23    -2397.714285        0.080494
MDMin:  402 03:49:26    -2397.714285        0.076878
MDMin:  403 03:49:28    -2397.714285        0.073327
MDMin:  404 03:49:30    -2397.714285        0.069855
MDMin:  405 03:49:32    -2397.714285        0.066480
MDMin:  406 03:49:34    -2397.714285        0.063218
MDMin:  407 03:49:36    -2397.714285        0.060146
MDMin:  408 03:49:38    -2397.714285        0.096625
MDMin:  409 03:49:40    -2397.714285        0.056751
MDMin:  410 03:49:42    -2397.714285        0.056076
MDMin:  411 03:49:44    -2397.714285        0.055391
MDMin:  412 03:49:45    -2397.714285        0.054696
MDMin:  413 03:49:46    -2397.714285        0.053992
MDMin:  414 03:49:48    -2397.714285        0.053280
MDMin:  415 03:49:49    -2397.714285        0.052562
MDMin:  416 03:49:50    -2397.714285        0.051837
MDMin:  417 03:49:51    -2397.714285        0.051107
MDMin:  418 03:49:53    -2397.714285        0.050373
MDMin:  419 03:49:54    -2397.714285        0.049635
       Step     Time          Energy          fmax
MDMin:    0 06:35:09    -2397.719134        0.149112
MDMin:    1 06:35:11    -2397.719132        0.149091
MDMin:    2 06:35:12    -2397.719127        0.149029
MDMin:    3 06:35:13    -2397.719119        0.148926
MDMin:    4 06:35:15    -2397.719107        0.148781
MDMin:    5 06:35:16    -2397.719092        0.148596
MDMin:    6 06:35:17    -2397.719074        0.148370
MDMin:    7 06:35:19    -2397.719052        0.148104
MDMin:    8 06:35:21    -2397.719028        0.147797
MDMin:    9 06:35:23    -2397.719000        0.147451
MDMin:   10 06:35:25    -2397.718969        0.147066
MDMin:   11 06:35:27    -2397.718934        0.146642
MDMin:   12 06:35:29    -2397.718897        0.146179
MDMin:   13 06:35:30    -2397.718857        0.145679
MDMin:   14 06:35:31    -2397.718815        0.145142
MDMin:   15 06:35:32    -2397.718769        0.144569
MDMin:   16 06:35:34    -2397.718721        0.143960
MDMin:   17 06:35:36    -2397.718670        0.143316
MDMin:   18 06:35:37    -2397.718617        0.142638
MDMin:   19 06:35:39    -2397.718561        0.141927
MDMin:   20 06:35:41    -2397.718504        0.141184
MDMin:   21 06:35:42    -2397.718444        0.140411
MDMin:   22 06:35:43    -2397.718382        0.139607
MDMin:   23 06:35:45    -2397.718318        0.138775
MDMin:   24 06:35:46    -2397.718253        0.137916
MDMin:   25 06:35:48    -2397.718186        0.137031
MDMin:   26 06:35:50    -2397.718118        0.136122
MDMin:   27 06:35:52    -2397.718048        0.135191
MDMin:   28 06:35:54    -2397.717977        0.134239
MDMin:   29 06:35:56    -2397.717905        0.133269
MDMin:   30 06:35:58    -2397.717832        0.132283
MDMin:   31 06:36:00    -2397.717758        0.131283
MDMin:   32 06:36:01    -2397.717683        0.130271
MDMin:   33 06:36:03    -2397.717607        0.129251
MDMin:   34 06:36:05    -2397.717532        0.128225
MDMin:   35 06:36:06    -2397.717455        0.127196
MDMin:   36 06:36:07    -2397.717379        0.126167
MDMin:   37 06:36:08    -2397.717302        0.125143
MDMin:   38 06:36:10    -2397.717225        0.124127
MDMin:   39 06:36:11    -2397.717148        0.123123
MDMin:   40 06:36:13    -2397.717072        0.122136
MDMin:   41 06:36:15    -2397.716995        0.121170
MDMin:   42 06:36:17    -2397.716919        0.120230
MDMin:   43 06:36:19    -2397.716843        0.119322
MDMin:   44 06:36:20    -2397.716768        0.118452
MDMin:   45 06:36:22    -2397.716693        0.117625
MDMin:   46 06:36:23    -2397.716618        0.116849
MDMin:   47 06:36:25    -2397.716544        0.116129
MDMin:   48 06:36:27    -2397.716471        0.115475
MDMin:   49 06:36:29    -2397.716399        0.114892
MDMin:   50 06:36:31    -2397.716327        0.114390
MDMin:   51 06:36:32    -2397.716257        0.113977
MDMin:   52 06:36:33    -2397.716187        0.113663
MDMin:   53 06:36:35    -2397.716118        0.113455
MDMin:   54 06:36:36    -2397.716050        0.113365
MDMin:   55 06:36:38    -2397.715984        0.113401
MDMin:   56 06:36:40    -2397.715918        0.113575
MDMin:   57 06:36:42    -2397.715854        0.113895
MDMin:   58 06:36:44    -2397.715791        0.114371
MDMin:   59 06:36:46    -2397.715729        0.115012
MDMin:   60 06:36:47    -2397.715668        0.115827
MDMin:   61 06:36:49    -2397.715609        0.116825
MDMin:   62 06:36:51    -2397.715551        0.118012
MDMin:   63 06:36:52    -2397.715495        0.119393
MDMin:   64 06:36:54    -2397.715440        0.120975
MDMin:   65 06:36:55    -2397.715387        0.122757
MDMin:   66 06:36:56    -2397.715335        0.124742
MDMin:   67 06:36:58    -2397.715285        0.126926
MDMin:   68 06:37:00    -2397.715237        0.129303
MDMin:   69 06:37:02    -2397.715190        0.131864
MDMin:   70 06:37:05    -2397.715145        0.134598
MDMin:   71 06:37:07    -2397.715101        0.137489
MDMin:   72 06:37:09    -2397.715060        0.140516
MDMin:   73 06:37:11    -2397.715020        0.143655
MDMin:   74 06:37:13    -2397.714981        0.146880
MDMin:   75 06:37:15    -2397.714944        0.150160
MDMin:   76 06:37:16    -2397.714909        0.153458
MDMin:   77 06:37:18    -2397.714875        0.156738
MDMin:   78 06:37:19    -2397.714843        0.159958
MDMin:   79 06:37:21    -2397.714812        0.163075
MDMin:   80 06:37:22    -2397.714782        0.166043
MDMin:   81 06:37:23    -2397.714754        0.168814
MDMin:   82 06:37:24    -2397.714727        0.171338
MDMin:   83 06:37:26    -2397.714701        0.173568
MDMin:   84 06:37:28    -2397.714676        0.175452
MDMin:   85 06:37:30    -2397.714652        0.176943
MDMin:   86 06:37:32    -2397.714629        0.177993
MDMin:   87 06:37:34    -2397.714607        0.178561
MDMin:   88 06:37:36    -2397.714586        0.178619
MDMin:   89 06:37:39    -2397.714566        0.178141
MDMin:   90 06:37:41    -2397.714546        0.177100
MDMin:   91 06:37:42    -2397.714528        0.175478
MDMin:   92 06:37:44    -2397.714510        0.173261
MDMin:   93 06:37:46    -2397.714492        0.170449
MDMin:   94 06:37:48    -2397.714475        0.167047
MDMin:   95 06:37:49    -2397.714459        0.163079
MDMin:   96 06:37:51    -2397.714444        0.158569
MDMin:   97 06:37:53    -2397.714429        0.153585
MDMin:   98 06:37:55    -2397.714415        0.148226
MDMin:   99 06:37:57    -2397.714403        0.142955
MDMin:  100 06:37:58    -2397.714394        0.139008
MDMin:  101 06:37:59    -2397.714390        0.137019
MDMin:  102 06:38:01    -2397.714386        0.135093
MDMin:  103 06:38:03    -2397.714382        0.133110
MDMin:  104 06:38:05    -2397.714378        0.131069
MDMin:  105 06:38:07    -2397.714374        0.128973
MDMin:  106 06:38:09    -2397.714370        0.126824
MDMin:  107 06:38:11    -2397.714366        0.124625
MDMin:  108 06:38:12    -2397.714362        0.122379
MDMin:  109 06:38:13    -2397.714358        0.120088
MDMin:  110 06:38:15    -2397.714354        0.117757
MDMin:  111 06:38:17    -2397.714350        0.115390
MDMin:  112 06:38:18    -2397.714346        0.112992
MDMin:  113 06:38:19    -2397.714342        0.110565
MDMin:  114 06:38:21    -2397.714339        0.108117
MDMin:  115 06:38:23    -2397.714335        0.105651
MDMin:  116 06:38:25    -2397.714331        0.103173
MDMin:  117 06:38:27    -2397.714327        0.100688
MDMin:  118 06:38:29    -2397.714323        0.098202
MDMin:  119 06:38:31    -2397.714320        0.095721
MDMin:  120 06:38:32    -2397.714316        0.093249
MDMin:  121 06:38:34    -2397.714313        0.090793
MDMin:  122 06:38:36    -2397.714309        0.088357
MDMin:  123 06:38:37    -2397.714306        0.085948
MDMin:  124 06:38:38    -2397.714302        0.083569
MDMin:  125 06:38:40    -2397.714299        0.081226
MDMin:  126 06:38:42    -2397.714296        0.078923
MDMin:  127 06:38:44    -2397.714293        0.076665
MDMin:  128 06:38:46    -2397.714087        0.801436
MDMin:  129 06:38:48    -2397.714078        0.800895
MDMin:  130 06:38:50    -2397.714053        0.799274
MDMin:  131 06:38:51    -2397.714012        0.796568
MDMin:  132 06:38:52    -2397.713953        0.792776
MDMin:  133 06:38:54    -2397.713878        0.787891
MDMin:  134 06:38:56    -2397.713787        0.781910
MDMin:  135 06:38:58    -2397.713678        0.774826
MDMin:  136 06:39:00    -2397.713553        0.766636
MDMin:  137 06:39:01    -2397.713411        0.757338
MDMin:  138 06:39:03    -2397.713253        0.746934
MDMin:  139 06:39:04    -2397.713078        0.735430
MDMin:  140 06:39:06    -2397.712887        0.722837
MDMin:  141 06:39:08    -2397.712679        0.709173
MDMin:  142 06:39:10    -2397.712455        0.694463
MDMin:  143 06:39:11    -2397.712215        0.678740
MDMin:  144 06:39:13    -2397.711960        0.662046
MDMin:  145 06:39:15    -2397.711689        0.644432
MDMin:  146 06:39:17    -2397.711405        0.625958
MDMin:  147 06:39:18    -2397.711107        0.606693
MDMin:  148 06:39:20    -2397.710796        0.586718
MDMin:  149 06:39:21    -2397.710475        0.566122
MDMin:  150 06:39:22    -2397.710144        0.545003
MDMin:  151 06:39:24    -2397.709806        0.523468
MDMin:  152 06:39:26    -2397.709463        0.501629
MDMin:  153 06:39:28    -2397.709118        0.479609
MDMin:  154 06:39:30    -2397.708774        0.457533
MDMin:  155 06:39:31    -2397.708436        0.435528
MDMin:  156 06:39:33    -2397.708108        0.413724
MDMin:  157 06:39:36    -2397.707794        0.392249
MDMin:  158 06:39:37    -2397.707503        0.371226
MDMin:  159 06:39:39    -2397.707238        0.350772
MDMin:  160 06:39:40    -2397.707009        0.330991
MDMin:  161 06:39:41    -2397.706821        0.311979
MDMin:  162 06:39:43    -2397.706682        0.293814
MDMin:  163 06:39:44    -2397.706601        0.276559
MDMin:  164 06:39:45    -2397.706584        0.260262
MDMin:  165 06:39:47    -2397.706638        0.244960
MDMin:  166 06:39:48    -2397.706770        0.230666
MDMin:  167 06:39:50    -2397.706985        0.217380
MDMin:  168 06:39:51    -2397.707287        0.205093
MDMin:  169 06:39:52    -2397.707678        0.193777
MDMin:  170 06:39:54    -2397.708161        0.183395
MDMin:  171 06:39:55    -2397.708733        0.173906
MDMin:  172 06:39:56    -2397.709394        0.165262
MDMin:  173 06:39:57    -2397.710139        0.157412
MDMin:  174 06:39:58    -2397.710963        0.150307
MDMin:  175 06:39:59    -2397.711860        0.144306
MDMin:  176 06:40:01    -2397.712820        0.144321
MDMin:  177 06:40:02    -2397.713836        0.144253
MDMin:  178 06:40:03    -2397.714251        0.477198
MDMin:  179 06:40:04    -2397.714251        0.476683
MDMin:  180 06:40:05    -2397.714251        0.475141
MDMin:  181 06:40:07    -2397.714251        0.472578
MDMin:  182 06:40:08    -2397.714251        0.469006
MDMin:  183 06:40:10    -2397.714251        0.464441
MDMin:  184 06:40:12    -2397.714251        0.458903
MDMin:  185 06:40:14    -2397.714251        0.452414
MDMin:  186 06:40:16    -2397.714251        0.444998
MDMin:  187 06:40:18    -2397.714252        0.436678
MDMin:  188 06:40:20    -2397.714252        0.427482
MDMin:  189 06:40:21    -2397.714252        0.417433
MDMin:  190 06:40:23    -2397.714252        0.406559
MDMin:  191 06:40:24    -2397.714252        0.394887
MDMin:  192 06:40:26    -2397.714253        0.382446
MDMin:  193 06:40:28    -2397.714253        0.369266
MDMin:  194 06:40:29    -2397.714253        0.355382
MDMin:  195 06:40:30    -2397.714254        0.340830
MDMin:  196 06:40:32    -2397.714254        0.325651
MDMin:  197 06:40:34    -2397.714254        0.309891
MDMin:  198 06:40:36    -2397.714255        0.293601
MDMin:  199 06:40:38    -2397.714255        0.276840
MDMin:  200 06:40:40    -2397.714256        0.259672
MDMin:  201 06:40:42    -2397.714256        0.242171
MDMin:  202 06:40:44    -2397.714256        0.224419
MDMin:  203 06:40:46    -2397.714257        0.206510
MDMin:  204 06:40:47    -2397.714257        0.192283
MDMin:  205 06:40:49    -2397.714258        0.191191
MDMin:  206 06:40:51    -2397.714258        0.190312
MDMin:  207 06:40:53    -2397.714259        0.189638
MDMin:  208 06:40:55    -2397.714259        0.189155
MDMin:  209 06:40:57    -2397.714260        0.188841
MDMin:  210 06:40:59    -2397.714261        0.188669
MDMin:  211 06:41:01    -2397.714261        0.188604
MDMin:  212 06:41:02    -2397.714262        0.188606
MDMin:  213 06:41:04    -2397.714262        0.188638
MDMin:  214 06:41:05    -2397.714263        0.188664
MDMin:  215 06:41:06    -2397.714263        0.188648
MDMin:  216 06:41:07    -2397.714264        0.188559
MDMin:  217 06:41:09    -2397.714264        0.188367
MDMin:  218 06:41:10    -2397.714265        0.188049
MDMin:  219 06:41:11    -2397.714265        0.187586
MDMin:  220 06:41:12    -2397.714266        0.186962
MDMin:  221 06:41:14    -2397.714266        0.186167
MDMin:  222 06:41:15    -2397.714267        0.185195
MDMin:  223 06:41:16    -2397.714267        0.184043
MDMin:  224 06:41:17    -2397.714267        0.182705
MDMin:  225 06:41:18    -2397.714268        0.181183
MDMin:  226 06:41:20    -2397.714268        0.179477
MDMin:  227 06:41:21    -2397.714269        0.177590
MDMin:  228 06:41:22    -2397.714269        0.175526
MDMin:  229 06:41:23    -2397.714269        0.173291
MDMin:  230 06:41:24    -2397.714270        0.170891
MDMin:  231 06:41:26    -2397.714270        0.168335
MDMin:  232 06:41:27    -2397.714270        0.165630
MDMin:  233 06:41:28    -2397.714271        0.162787
MDMin:  234 06:41:29    -2397.714271        0.159815
MDMin:  235 06:41:31    -2397.714271        0.156726
MDMin:  236 06:41:32    -2397.714272        0.153531
MDMin:  237 06:41:33    -2397.714272        0.150242
MDMin:  238 06:41:34    -2397.714272        0.146871
MDMin:  239 06:41:36    -2397.714273        0.143430
MDMin:  240 06:41:38    -2397.714273        0.139931
MDMin:  241 06:41:40    -2397.714273        0.136385
MDMin:  242 06:41:42    -2397.714274        0.132806
MDMin:  243 06:41:43    -2397.714274        0.129203
MDMin:  244 06:41:45    -2397.714274        0.125587
MDMin:  245 06:41:46    -2397.714275        0.121969
MDMin:  246 06:41:47    -2397.714275        0.118358
MDMin:  247 06:41:48    -2397.714275        0.114763
MDMin:  248 06:41:50    -2397.714275        0.112648
MDMin:  249 06:41:51    -2397.714276        0.110446
MDMin:  250 06:41:53    -2397.714276        0.108097
MDMin:  251 06:41:55    -2397.714276        0.105624
MDMin:  252 06:41:57    -2397.714277        0.103051
MDMin:  253 06:41:59    -2397.714277        0.100400
MDMin:  254 06:42:01    -2397.714277        0.097691
MDMin:  255 06:42:03    -2397.714277        0.094946
MDMin:  256 06:42:04    -2397.714278        0.092183
MDMin:  257 06:42:06    -2397.714278        0.089419
MDMin:  258 06:42:07    -2397.714278        0.086670
MDMin:  259 06:42:08    -2397.714278        0.083952
MDMin:  260 06:42:09    -2397.714279        0.081277
MDMin:  261 06:42:11    -2397.714279        0.078662
MDMin:  262 06:42:12    -2397.714279        0.076105
MDMin:  263 06:42:13    -2397.714279        0.073665
MDMin:  264 06:42:15    -2397.714279        0.071288
MDMin:  265 06:42:17    -2397.714280        0.128229
MDMin:  266 06:42:19    -2397.714280        0.076647
MDMin:  267 06:42:21    -2397.714280        0.068109
MDMin:  268 06:42:22    -2397.714280        0.067688
MDMin:  269 06:42:23    -2397.714280        0.067248
MDMin:  270 06:42:25    -2397.714280        0.066798
MDMin:  271 06:42:27    -2397.714280        0.066343
MDMin:  272 06:42:28    -2397.714280        0.065882
MDMin:  273 06:42:30    -2397.714280        0.065416
MDMin:  274 06:42:31    -2397.714280        0.064947
MDMin:  275 06:42:32    -2397.714280        0.064473
MDMin:  276 06:42:33    -2397.714280        0.063998
MDMin:  277 06:42:35    -2397.714280        0.063520
MDMin:  278 06:42:36    -2397.714280        0.063041
MDMin:  279 06:42:38    -2397.714280        0.062563
MDMin:  280 06:42:40    -2397.714280        0.062085
MDMin:  281 06:42:42    -2397.714280        0.061608
MDMin:  282 06:42:44    -2397.714280        0.061134
MDMin:  283 06:42:46    -2397.714281        0.060664
MDMin:  284 06:42:48    -2397.714281        0.060198
MDMin:  285 06:42:50    -2397.714281        0.059737
MDMin:  286 06:42:52    -2397.714281        0.059284
MDMin:  287 06:42:54    -2397.714281        0.058838
MDMin:  288 06:42:55    -2397.714281        0.058402
MDMin:  289 06:42:57    -2397.714281        0.057976
MDMin:  290 06:42:59    -2397.714281        0.057563
MDMin:  291 06:43:01    -2397.714281        0.057162
MDMin:  292 06:43:03    -2397.714281        0.056777
MDMin:  293 06:43:05    -2397.714281        0.056408
MDMin:  294 06:43:07    -2397.714281        0.056057
MDMin:  295 06:43:09    -2397.714281        0.055727
MDMin:  296 06:43:11    -2397.714281        0.055418
MDMin:  297 06:43:13    -2397.714281        0.055134
MDMin:  298 06:43:15    -2397.714281        0.054875
MDMin:  299 06:43:17    -2397.714281        0.054645
MDMin:  300 06:43:19    -2397.714282        0.054446
MDMin:  301 06:43:21    -2397.714282        0.054280
MDMin:  302 06:43:23    -2397.714282        0.054149
MDMin:  303 06:43:25    -2397.714282        0.054058
MDMin:  304 06:43:27    -2397.714282        0.054007
MDMin:  305 06:43:29    -2397.714282        0.054001
MDMin:  306 06:43:31    -2397.714282        0.054042
MDMin:  307 06:43:32    -2397.714282        0.054134
MDMin:  308 06:43:35    -2397.714282        0.054280
MDMin:  309 06:43:36    -2397.714282        0.054482
MDMin:  310 06:43:38    -2397.714282        0.054746
MDMin:  311 06:43:40    -2397.714282        0.055074
MDMin:  312 06:43:42    -2397.714282        0.055469
MDMin:  313 06:43:43    -2397.714282        0.055937
MDMin:  314 06:43:44    -2397.714282        0.056480
MDMin:  315 06:43:46    -2397.714282        0.057103
MDMin:  316 06:43:48    -2397.714282        0.057808
MDMin:  317 06:43:49    -2397.714282        0.058600
MDMin:  318 06:43:50    -2397.714283        0.059483
MDMin:  319 06:43:52    -2397.714283        0.060459
MDMin:  320 06:43:53    -2397.714283        0.061531
MDMin:  321 06:43:55    -2397.714283        0.062704
MDMin:  322 06:43:57    -2397.714283        0.063978
MDMin:  323 06:43:59    -2397.714283        0.065358
MDMin:  324 06:44:01    -2397.714283        0.066843
MDMin:  325 06:44:02    -2397.714283        0.068437
MDMin:  326 06:44:03    -2397.714283        0.070138
MDMin:  327 06:44:05    -2397.714283        0.071948
MDMin:  328 06:44:07    -2397.714283        0.073864
MDMin:  329 06:44:09    -2397.714283        0.075892
MDMin:  330 06:44:11    -2397.714283        0.078011
MDMin:  331 06:44:13    -2397.714283        0.080258
MDMin:  332 06:44:15    -2397.714283        0.082538
MDMin:  333 06:44:17    -2397.714283        0.085002
MDMin:  334 06:44:18    -2397.714283        0.087216
MDMin:  335 06:44:20    -2397.714283        0.089575
MDMin:  336 06:44:22    -2397.714283        0.090859
MDMin:  337 06:44:24    -2397.714283        0.092216
MDMin:  338 06:44:26    -2397.714283        0.093323
MDMin:  339 06:44:28    -2397.714283        0.094528
MDMin:  340 06:44:30    -2397.714283        0.095743
MDMin:  341 06:44:32    -2397.714283        0.096997
MDMin:  342 06:44:34    -2397.714284        0.098279
MDMin:  343 06:44:36    -2397.714284        0.099593
MDMin:  344 06:44:38    -2397.714284        0.100935
MDMin:  345 06:44:40    -2397.714284        0.102305
MDMin:  346 06:44:42    -2397.714284        0.103702
MDMin:  347 06:44:44    -2397.714284        0.105125
MDMin:  348 06:44:46    -2397.714284        0.106571
MDMin:  349 06:44:48    -2397.714284        0.108038
MDMin:  350 06:44:50    -2397.714284        0.109525
MDMin:  351 06:44:52    -2397.714284        0.111030
MDMin:  352 06:44:53    -2397.714284        0.112549
MDMin:  353 06:44:54    -2397.714284        0.114079
MDMin:  354 06:44:55    -2397.714284        0.115619
MDMin:  355 06:44:57    -2397.714284        0.117164
MDMin:  356 06:44:59    -2397.714284        0.118711
MDMin:  357 06:45:01    -2397.714284        0.120255
MDMin:  358 06:45:03    -2397.714284        0.121794
MDMin:  359 06:45:05    -2397.714284        0.123321
MDMin:  360 06:45:07    -2397.714284        0.124833
MDMin:  361 06:45:09    -2397.714284        0.126323
MDMin:  362 06:45:11    -2397.714284        0.127787
MDMin:  363 06:45:13    -2397.714284        0.129219
MDMin:  364 06:45:15    -2397.714284        0.130613
MDMin:  365 06:45:17    -2397.714284        0.131961
MDMin:  366 06:45:19    -2397.714284        0.133258
MDMin:  367 06:45:21    -2397.714284        0.134497
MDMin:  368 06:45:23    -2397.714284        0.135669
MDMin:  369 06:45:25    -2397.714284        0.136767
MDMin:  370 06:45:26    -2397.714284        0.137784
MDMin:  371 06:45:28    -2397.714284        0.138711
MDMin:  372 06:45:30    -2397.714284        0.139541
MDMin:  373 06:45:32    -2397.714284        0.140263
MDMin:  374 06:45:34    -2397.714284        0.140871
MDMin:  375 06:45:35    -2397.714284        0.141354
MDMin:  376 06:45:37    -2397.714284        0.141705
MDMin:  377 06:45:38    -2397.714284        0.141915
MDMin:  378 06:45:40    -2397.714284        0.141975
MDMin:  379 06:45:41    -2397.714284        0.141876
MDMin:  380 06:45:42    -2397.714284        0.141612
MDMin:  381 06:45:43    -2397.714284        0.141174
MDMin:  382 06:45:45    -2397.714284        0.140554
MDMin:  383 06:45:46    -2397.714284        0.139748
MDMin:  384 06:45:47    -2397.714284        0.138748
MDMin:  385 06:45:48    -2397.714284        0.137550
MDMin:  386 06:45:50    -2397.714284        0.136150
MDMin:  387 06:45:51    -2397.714284        0.134547
MDMin:  388 06:45:52    -2397.714285        0.132738
MDMin:  389 06:45:53    -2397.714285        0.130724
MDMin:  390 06:45:54    -2397.714285        0.128508
MDMin:  391 06:45:55    -2397.714285        0.126100
MDMin:  392 06:45:57    -2397.714285        0.123511
MDMin:  393 06:45:59    -2397.714285        0.120748
MDMin:  394 06:46:01    -2397.714285        0.117821
MDMin:  395 06:46:03    -2397.714285        0.114742
MDMin:  396 06:46:05    -2397.714285        0.111524
MDMin:  397 06:46:07    -2397.714285        0.108184
MDMin:  398 06:46:08    -2397.714285        0.104738
MDMin:  399 06:46:09    -2397.714285        0.101203
MDMin:  400 06:46:11    -2397.714285        0.097598
MDMin:  401 06:46:13    -2397.714285        0.093945
MDMin:  402 06:46:15    -2397.714285        0.090261
MDMin:  403 06:46:17    -2397.714285        0.086569
MDMin:  404 06:46:19    -2397.714285        0.082891
MDMin:  405 06:46:20    -2397.714285        0.079248
MDMin:  406 06:46:21    -2397.714285        0.075658
MDMin:  407 06:46:22    -2397.714285        0.072137
MDMin:  408 06:46:24    -2397.714285        0.068701
MDMin:  409 06:46:25    -2397.714285        0.065363
MDMin:  410 06:46:27    -2397.714285        0.062142
MDMin:  411 06:46:29    -2397.714285        0.059051
MDMin:  412 06:46:31    -2397.714285        0.072250
MDMin:  413 06:46:33    -2397.714285        0.096343
MDMin:  414 06:46:34    -2397.714285        0.055877
MDMin:  415 06:46:36    -2397.714285        0.053716
MDMin:  416 06:46:38    -2397.714285        0.053218
MDMin:  417 06:46:39    -2397.714285        0.052704
MDMin:  418 06:46:40    -2397.714285        0.052179
MDMin:  419 06:46:41    -2397.714285        0.051642
MDMin:  420 06:46:42    -2397.714285        0.051095
MDMin:  421 06:46:43    -2397.714285        0.050539
MDMin:  422 06:46:45    -2397.714285        0.049973
