       Step     Time          Energy          fmax
MDMin:    0 10:49:01    -2393.682404        7.290830
MDMin:    1 10:49:04    -2393.684955        7.051395
MDMin:    2 10:49:05    -2393.692266        7.516203
MDMin:    3 10:49:07    -2393.703295        7.617885
MDMin:    4 10:49:08    -2393.716793        6.784212
MDMin:    5 10:49:10    -2393.731820        7.800983
MDMin:    6 10:49:12    -2393.746943        4.665407
MDMin:    7 10:49:14    -2393.763375        3.215321
MDMin:    8 10:49:16    -2393.778658        4.575324
MDMin:    9 10:49:17    -2393.786037        4.607328
MDMin:   10 10:49:18    -2393.792272        1.791056
MDMin:   11 10:49:20    -2393.799329        1.678863
MDMin:   12 10:49:22    -2393.806716        1.536363
MDMin:   13 10:49:24    -2393.814525        1.609916
MDMin:   14 10:49:25    -2393.822224        1.713587
MDMin:   15 10:49:27    -2393.828265        1.784084
MDMin:   16 10:49:28    -2393.831876        1.356318
MDMin:   17 10:49:30    -2393.835413        1.208319
MDMin:   18 10:49:32    -2393.839621        1.207801
MDMin:   19 10:49:33    -2393.844713        1.214082
MDMin:   20 10:49:35    -2393.850864        1.253106
MDMin:   21 10:49:37    -2393.858289        1.349323
MDMin:   22 10:49:39    -2393.867232        1.467293
MDMin:   23 10:49:40    -2393.877998        1.548023
MDMin:   24 10:49:42    -2393.891115        1.507176
MDMin:   25 10:49:44    -2393.907772        1.450931
MDMin:   26 10:49:45    -2393.930400        1.281114
MDMin:   27 10:49:47    -2393.963553        1.073136
MDMin:   28 10:49:49    -2394.014333        0.993911
MDMin:   29 10:49:51    -2394.086707        1.714610
MDMin:   30 10:49:53    -2394.150938        1.406991
MDMin:   31 10:49:55    -2394.205405        1.405907
MDMin:   32 10:49:57    -2394.280717        1.630239
MDMin:   33 10:49:58    -2394.386146        1.929438
MDMin:   34 10:50:00    -2394.535505        2.326999
MDMin:   35 10:50:02    -2394.707319        3.133968
MDMin:   36 10:50:04    -2394.927524        3.952804
MDMin:   37 10:50:05    -2395.108808        4.356960
MDMin:   38 10:50:07    -2395.178663        5.008322
MDMin:   39 10:50:09    -2395.274890        3.605471
MDMin:   40 10:50:11    -2395.428631        2.450591
MDMin:   41 10:50:13    -2395.670095        2.432117
MDMin:   42 10:50:15    -2395.982713        2.470145
MDMin:   43 10:50:16    -2396.324917        2.169831
MDMin:   44 10:50:18    -2396.535080        1.517617
MDMin:   45 10:50:19    -2396.651820        1.009883
MDMin:   46 10:50:21    -2396.729537        1.377864
MDMin:   47 10:50:23    -2396.758830        1.941228
MDMin:   48 10:50:24    -2396.760069        1.682359
MDMin:   49 10:50:26    -2396.763289        1.142360
MDMin:   50 10:50:27    -2396.768906        0.717898
MDMin:   51 10:50:28    -2396.776938        0.701681
MDMin:   52 10:50:30    -2396.786753        0.682558
MDMin:   53 10:50:31    -2396.798097        0.661549
MDMin:   54 10:50:33    -2396.810881        0.639447
MDMin:   55 10:50:34    -2396.825037        0.617111
MDMin:   56 10:50:36    -2396.840522        0.612278
MDMin:   57 10:50:38    -2396.857320        0.610450
MDMin:   58 10:50:39    -2396.875447        0.611144
MDMin:   59 10:50:41    -2396.894950        0.614096
MDMin:   60 10:50:43    -2396.915898        0.618494
MDMin:   61 10:50:45    -2396.938355        0.622756
MDMin:   62 10:50:47    -2396.962328        0.624302
MDMin:   63 10:50:49    -2396.987687        0.619468
MDMin:   64 10:50:51    -2397.014053        0.603959
MDMin:   65 10:50:53    -2397.040749        0.574293
MDMin:   66 10:50:54    -2397.066868        0.529086
MDMin:   67 10:50:55    -2397.091449        0.471260
MDMin:   68 10:50:57    -2397.113134        0.721567
MDMin:   69 10:50:58    -2397.124130        1.281987
MDMin:   70 10:50:59    -2397.124445        1.186133
MDMin:   71 10:51:01    -2397.125401        0.909851
MDMin:   72 10:51:03    -2397.127123        0.513848
MDMin:   73 10:51:05    -2397.129773        0.363091
MDMin:   74 10:51:07    -2397.133123        0.353757
MDMin:   75 10:51:09    -2397.136975        0.343030
MDMin:   76 10:51:10    -2397.141285        0.335378
MDMin:   77 10:51:12    -2397.146009        0.327570
MDMin:   78 10:51:14    -2397.151099        0.318820
MDMin:   79 10:51:16    -2397.156507        0.313791
MDMin:   80 10:51:17    -2397.162189        0.316263
MDMin:   81 10:51:18    -2397.168102        0.318045
MDMin:   82 10:51:19    -2397.174206        0.318728
MDMin:   83 10:51:21    -2397.180466        0.317838
MDMin:   84 10:51:23    -2397.186849        0.314866
MDMin:   85 10:51:24    -2397.193328        0.309349
MDMin:   86 10:51:26    -2397.199878        0.300963
MDMin:   87 10:51:27    -2397.206478        0.289630
MDMin:   88 10:51:29    -2397.213101        0.275610
MDMin:   89 10:51:31    -2397.219641        0.283684
MDMin:   90 10:51:32    -2397.225084        0.821592
MDMin:   91 10:51:34    -2397.226341        0.242121
MDMin:   92 10:51:36    -2397.227847        0.240494
MDMin:   93 10:51:38    -2397.229589        0.240946
MDMin:   94 10:51:39    -2397.231559        0.241560
MDMin:   95 10:51:41    -2397.233752        0.242384
MDMin:   96 10:51:44    -2397.236159        0.243476
MDMin:   97 10:51:45    -2397.238776        0.244913
MDMin:   98 10:51:47    -2397.241597        0.246790
MDMin:   99 10:51:48    -2397.244617        0.249227
MDMin:  100 10:51:50    -2397.247835        0.252374
MDMin:  101 10:51:51    -2397.251250        0.256422
MDMin:  102 10:51:53    -2397.254867        0.261607
MDMin:  103 10:51:55    -2397.258694        0.271448
MDMin:  104 10:51:57    -2397.262747        0.283789
MDMin:  105 10:51:58    -2397.267045        0.298562
MDMin:  106 10:51:59    -2397.271615        0.316289
MDMin:  107 10:52:01    -2397.276464        0.337411
MDMin:  108 10:52:02    -2397.281338        0.402630
MDMin:  109 10:52:03    -2397.284732        0.608676
MDMin:  110 10:52:05    -2397.285840        0.384761
MDMin:  111 10:52:06    -2397.287359        0.393175
MDMin:  112 10:52:08    -2397.289174        0.403393
MDMin:  113 10:52:09    -2397.291301        0.415568
MDMin:  114 10:52:10    -2397.293759        0.429839
MDMin:  115 10:52:12    -2397.296573        0.446321
MDMin:  116 10:52:13    -2397.299769        0.465071
MDMin:  117 10:52:14    -2397.303381        0.486040
MDMin:  118 10:52:15    -2397.307447        0.509007
MDMin:  119 10:52:16    -2397.312012        0.533485
MDMin:  120 10:52:18    -2397.317124        0.558609
MDMin:  121 10:52:20    -2397.322834        0.582984
MDMin:  122 10:52:21    -2397.329196        0.604517
MDMin:  123 10:52:23    -2397.336259        0.620276
MDMin:  124 10:52:25    -2397.344064        0.626508
MDMin:  125 10:52:27    -2397.352636        0.623121
MDMin:  126 10:52:28    -2397.359304        0.611946
MDMin:  127 10:52:29    -2397.359717        0.584752
MDMin:  128 10:52:31    -2397.360138        0.544232
MDMin:  129 10:52:32    -2397.360562        0.491855
MDMin:  130 10:52:33    -2397.360977        0.433803
MDMin:  131 10:52:35    -2397.361288        0.810992
MDMin:  132 10:52:37    -2397.361354        0.381807
MDMin:  133 10:52:38    -2397.361453        0.368982
MDMin:  134 10:52:39    -2397.361566        0.354788
MDMin:  135 10:52:41    -2397.361694        0.339281
MDMin:  136 10:52:43    -2397.361836        0.322845
MDMin:  137 10:52:44    -2397.361993        0.305920
MDMin:  138 10:52:46    -2397.362164        0.288964
MDMin:  139 10:52:47    -2397.362349        0.272409
MDMin:  140 10:52:49    -2397.362550        0.256612
MDMin:  141 10:52:50    -2397.362765        0.241821
MDMin:  142 10:52:52    -2397.362996        0.228208
MDMin:  143 10:52:54    -2397.363237        0.232308
MDMin:  144 10:52:56    -2397.363439        0.421659
MDMin:  145 10:52:58    -2397.363521        0.204188
MDMin:  146 10:52:59    -2397.363602        0.201216
MDMin:  147 10:53:01    -2397.363697        0.200408
MDMin:  148 10:53:03    -2397.363807        0.200104
MDMin:  149 10:53:04    -2397.363931        0.199925
MDMin:  150 10:53:06    -2397.364071        0.199936
MDMin:  151 10:53:07    -2397.364227        0.200213
MDMin:  152 10:53:08    -2397.364401        0.200848
MDMin:  153 10:53:10    -2397.364594        0.201943
MDMin:  154 10:53:11    -2397.364806        0.203617
MDMin:  155 10:53:13    -2397.365039        0.205998
MDMin:  156 10:53:15    -2397.365293        0.209675
MDMin:  157 10:53:16    -2397.365562        0.217338
MDMin:  158 10:53:18    -2397.365806        0.299198
MDMin:  159 10:53:19    -2397.365949        0.228437
MDMin:  160 10:53:21    -2397.366052        0.231376
MDMin:  161 10:53:23    -2397.366169        0.234724
MDMin:  162 10:53:24    -2397.366305        0.238597
MDMin:  163 10:53:26    -2397.366461        0.243012
MDMin:  164 10:53:28    -2397.366637        0.247966
MDMin:  165 10:53:29    -2397.366834        0.253444
MDMin:  166 10:53:30    -2397.367054        0.259408
MDMin:  167 10:53:32    -2397.367298        0.265793
MDMin:  168 10:53:33    -2397.367567        0.272494
MDMin:  169 10:53:35    -2397.367862        0.279355
MDMin:  170 10:53:36    -2397.368184        0.286157
MDMin:  171 10:53:37    -2397.368533        0.292596
MDMin:  172 10:53:39    -2397.368906        0.298247
MDMin:  173 10:53:40    -2397.369283        0.302505
MDMin:  174 10:53:42    -2397.369585        0.317023
MDMin:  175 10:53:43    -2397.369760        0.309361
MDMin:  176 10:53:45    -2397.369932        0.311683
MDMin:  177 10:53:47    -2397.370128        0.313946
MDMin:  178 10:53:49    -2397.370352        0.316017
MDMin:  179 10:53:50    -2397.370605        0.317695
MDMin:  180 10:53:52    -2397.370889        0.318751
MDMin:  181 10:53:54    -2397.371205        0.318937
MDMin:  182 10:53:55    -2397.371555        0.318010
MDMin:  183 10:53:57    -2397.371941        0.315755
MDMin:  184 10:53:59    -2397.372364        0.312022
MDMin:  185 10:54:01    -2397.372823        0.306777
MDMin:  186 10:54:03    -2397.373308        0.300244
MDMin:  187 10:54:04    -2397.373771        0.293386
MDMin:  188 10:54:06    -2397.374092        0.288447
MDMin:  189 10:54:08    -2397.374294        0.285284
MDMin:  190 10:54:10    -2397.374518        0.281768
MDMin:  191 10:54:12    -2397.374776        0.277705
MDMin:  192 10:54:14    -2397.375070        0.273090
MDMin:  193 10:54:15    -2397.375402        0.267940
MDMin:  194 10:54:17    -2397.375773        0.262288
MDMin:  195 10:54:19    -2397.376185        0.256183
MDMin:  196 10:54:21    -2397.376506        0.249688
MDMin:  197 10:54:23    -2397.376860        0.243100
MDMin:  198 10:54:24    -2397.376566        0.236748
MDMin:  199 10:54:26    -2397.376992        0.230435
MDMin:  200 10:54:27    -2397.377360        0.224060
MDMin:  201 10:54:28    -2397.377657        0.218015
MDMin:  202 10:54:30    -2397.377851        0.271367
MDMin:  203 10:54:31    -2397.377947        0.210693
MDMin:  204 10:54:32    -2397.378028        0.208274
MDMin:  205 10:54:34    -2397.378110        0.205624
MDMin:  206 10:54:36    -2397.378192        0.202715
MDMin:  207 10:54:38    -2397.378272        0.199564
MDMin:  208 10:54:40    -2397.378348        0.196193
MDMin:  209 10:54:42    -2397.378415        0.192625
MDMin:  210 10:54:44    -2397.378474        0.188887
MDMin:  211 10:54:46    -2397.378520        0.185007
MDMin:  212 10:54:48    -2397.378552        0.181122
MDMin:  213 10:54:50    -2397.378570        0.177232
MDMin:  214 10:54:51    -2397.378572        0.235759
MDMin:  215 10:54:53    -2397.378568        0.171823
MDMin:  216 10:54:54    -2397.378562        0.170348
MDMin:  217 10:54:56    -2397.378554        0.168745
MDMin:  218 10:54:58    -2397.378542        0.166957
MDMin:  219 10:54:59    -2397.378526        0.164994
MDMin:  220 10:55:01    -2397.378504        0.162873
MDMin:  221 10:55:03    -2397.378476        0.160616
MDMin:  222 10:55:05    -2397.378442        0.158250
MDMin:  223 10:55:07    -2397.378399        0.155805
MDMin:  224 10:55:09    -2397.378348        0.153322
MDMin:  225 10:55:11    -2397.378287        0.150853
MDMin:  226 10:55:13    -2397.378218        0.148500
       Step     Time          Energy          fmax
MDMin:    0 14:08:35    -2393.682404        7.290830
MDMin:    1 14:08:38    -2393.684955        7.051395
MDMin:    2 14:08:40    -2393.692266        7.516203
MDMin:    3 14:08:42    -2393.703295        7.617885
MDMin:    4 14:08:44    -2393.716793        6.784212
MDMin:    5 14:08:45    -2393.731820        7.800983
MDMin:    6 14:08:47    -2393.746943        4.665407
MDMin:    7 14:08:49    -2393.763375        3.215321
MDMin:    8 14:08:51    -2393.778658        4.575324
MDMin:    9 14:08:53    -2393.786037        4.607328
MDMin:   10 14:08:55    -2393.792272        1.791056
MDMin:   11 14:08:57    -2393.799329        1.678863
MDMin:   12 14:08:59    -2393.806716        1.536363
MDMin:   13 14:09:01    -2393.814525        1.609916
MDMin:   14 14:09:03    -2393.822224        1.713587
MDMin:   15 14:09:05    -2393.828265        1.784084
MDMin:   16 14:09:07    -2393.831876        1.356318
MDMin:   17 14:09:09    -2393.835413        1.208319
MDMin:   18 14:09:11    -2393.839621        1.207801
MDMin:   19 14:09:13    -2393.844713        1.214082
MDMin:   20 14:09:15    -2393.850864        1.253106
MDMin:   21 14:09:17    -2393.858289        1.349323
MDMin:   22 14:09:19    -2393.867232        1.467293
MDMin:   23 14:09:21    -2393.877998        1.548023
MDMin:   24 14:09:22    -2393.891115        1.507176
MDMin:   25 14:09:25    -2393.907772        1.450931
MDMin:   26 14:09:27    -2393.930400        1.281114
MDMin:   27 14:09:29    -2393.963553        1.073136
MDMin:   28 14:09:31    -2394.014333        0.993911
MDMin:   29 14:09:33    -2394.086707        1.714610
MDMin:   30 14:09:35    -2394.150938        1.406991
MDMin:   31 14:09:37    -2394.205405        1.405907
MDMin:   32 14:09:39    -2394.280717        1.630239
MDMin:   33 14:09:42    -2394.386146        1.929438
MDMin:   34 14:09:43    -2394.535505        2.326999
MDMin:   35 14:09:45    -2394.707319        3.133968
MDMin:   36 14:09:47    -2394.927524        3.952804
MDMin:   37 14:09:50    -2395.108808        4.356960
MDMin:   38 14:09:52    -2395.178663        5.008322
MDMin:   39 14:09:54    -2395.274890        3.605471
MDMin:   40 14:09:56    -2395.428631        2.450591
MDMin:   41 14:09:58    -2395.670095        2.432117
MDMin:   42 14:10:00    -2395.982713        2.470145
MDMin:   43 14:10:02    -2396.324917        2.169831
MDMin:   44 14:10:04    -2396.535080        1.517617
MDMin:   45 14:10:05    -2396.651820        1.009883
MDMin:   46 14:10:07    -2396.729537        1.377864
MDMin:   47 14:10:10    -2396.758830        1.941228
MDMin:   48 14:10:12    -2396.760069        1.682359
MDMin:   49 14:10:14    -2396.763289        1.142360
MDMin:   50 14:10:16    -2396.768906        0.717898
MDMin:   51 14:10:18    -2396.776938        0.701681
MDMin:   52 14:10:20    -2396.786753        0.682558
MDMin:   53 14:10:22    -2396.798097        0.661549
MDMin:   54 14:10:24    -2396.810881        0.639447
MDMin:   55 14:10:25    -2396.825037        0.617111
MDMin:   56 14:10:27    -2396.840522        0.612278
MDMin:   57 14:10:29    -2396.857320        0.610450
MDMin:   58 14:10:30    -2396.875447        0.611144
MDMin:   59 14:10:32    -2396.894950        0.614096
MDMin:   60 14:10:34    -2396.915898        0.618494
MDMin:   61 14:10:35    -2396.938355        0.622756
MDMin:   62 14:10:37    -2396.962328        0.624302
MDMin:   63 14:10:39    -2396.987687        0.619468
MDMin:   64 14:10:41    -2397.014053        0.603959
MDMin:   65 14:10:43    -2397.040749        0.574293
MDMin:   66 14:10:45    -2397.066868        0.529086
MDMin:   67 14:10:47    -2397.091449        0.471260
MDMin:   68 14:10:48    -2397.113134        0.721567
MDMin:   69 14:10:49    -2397.124130        1.281987
MDMin:   70 14:10:50    -2397.124445        1.186133
MDMin:   71 14:10:52    -2397.125401        0.909851
MDMin:   72 14:10:53    -2397.127123        0.513848
MDMin:   73 14:10:54    -2397.129773        0.363091
MDMin:   74 14:10:55    -2397.133123        0.353757
MDMin:   75 14:10:56    -2397.136975        0.343030
MDMin:   76 14:10:58    -2397.141285        0.335378
MDMin:   77 14:10:59    -2397.146009        0.327570
MDMin:   78 14:11:01    -2397.151099        0.318820
MDMin:   79 14:11:03    -2397.156507        0.313791
MDMin:   80 14:11:04    -2397.162189        0.316263
MDMin:   81 14:11:05    -2397.168102        0.318045
MDMin:   82 14:11:07    -2397.174206        0.318728
MDMin:   83 14:11:08    -2397.180466        0.317838
MDMin:   84 14:11:09    -2397.186849        0.314866
MDMin:   85 14:11:11    -2397.193328        0.309349
MDMin:   86 14:11:13    -2397.199878        0.300963
MDMin:   87 14:11:15    -2397.206478        0.289630
MDMin:   88 14:11:17    -2397.213101        0.275610
MDMin:   89 14:11:18    -2397.219641        0.283684
MDMin:   90 14:11:20    -2397.225084        0.821592
MDMin:   91 14:11:22    -2397.226341        0.242121
MDMin:   92 14:11:24    -2397.227847        0.240494
MDMin:   93 14:11:26    -2397.229589        0.240946
MDMin:   94 14:11:28    -2397.231559        0.241560
MDMin:   95 14:11:29    -2397.233752        0.242384
MDMin:   96 14:11:31    -2397.236159        0.243476
MDMin:   97 14:11:33    -2397.238776        0.244913
MDMin:   98 14:11:36    -2397.241597        0.246790
MDMin:   99 14:11:38    -2397.244617        0.249227
MDMin:  100 14:11:40    -2397.247835        0.252374
MDMin:  101 14:11:42    -2397.251250        0.256422
MDMin:  102 14:11:44    -2397.254867        0.261607
MDMin:  103 14:11:45    -2397.258694        0.271448
MDMin:  104 14:11:47    -2397.262747        0.283789
MDMin:  105 14:11:49    -2397.267045        0.298562
MDMin:  106 14:11:51    -2397.271615        0.316289
MDMin:  107 14:11:53    -2397.276464        0.337411
MDMin:  108 14:11:55    -2397.281338        0.402630
MDMin:  109 14:11:57    -2397.284732        0.608676
MDMin:  110 14:11:59    -2397.285840        0.384761
MDMin:  111 14:12:01    -2397.287359        0.393175
MDMin:  112 14:12:02    -2397.289174        0.403393
MDMin:  113 14:12:04    -2397.291301        0.415568
MDMin:  114 14:12:06    -2397.293759        0.429839
MDMin:  115 14:12:08    -2397.296573        0.446322
MDMin:  116 14:12:10    -2397.299769        0.465071
MDMin:  117 14:12:12    -2397.303381        0.486040
MDMin:  118 14:12:14    -2397.307447        0.509007
MDMin:  119 14:12:16    -2397.312012        0.533485
MDMin:  120 14:12:18    -2397.317124        0.558609
MDMin:  121 14:12:20    -2397.322834        0.582984
MDMin:  122 14:12:22    -2397.329196        0.604517
MDMin:  123 14:12:24    -2397.336259        0.620276
MDMin:  124 14:12:26    -2397.344065        0.626508
MDMin:  125 14:12:28    -2397.352636        0.623121
MDMin:  126 14:12:30    -2397.359304        0.611946
MDMin:  127 14:12:32    -2397.359717        0.584752
MDMin:  128 14:12:34    -2397.360138        0.544232
MDMin:  129 14:12:36    -2397.360562        0.491855
MDMin:  130 14:12:38    -2397.360977        0.433803
MDMin:  131 14:12:39    -2397.361288        0.810993
MDMin:  132 14:12:41    -2397.361354        0.381807
MDMin:  133 14:12:43    -2397.361453        0.368983
MDMin:  134 14:12:45    -2397.361566        0.354788
MDMin:  135 14:12:47    -2397.361694        0.339282
MDMin:  136 14:12:49    -2397.361836        0.322846
MDMin:  137 14:12:51    -2397.361993        0.305921
MDMin:  138 14:12:53    -2397.362164        0.288965
MDMin:  139 14:12:55    -2397.362349        0.272410
MDMin:  140 14:12:57    -2397.362550        0.256613
MDMin:  141 14:12:59    -2397.362765        0.241822
MDMin:  142 14:13:01    -2397.362996        0.228209
MDMin:  143 14:13:03    -2397.363237        0.232249
MDMin:  144 14:13:05    -2397.363439        0.421637
MDMin:  145 14:13:07    -2397.363521        0.204186
MDMin:  146 14:13:09    -2397.363603        0.201215
MDMin:  147 14:13:11    -2397.363697        0.200407
MDMin:  148 14:13:13    -2397.363807        0.200104
MDMin:  149 14:13:14    -2397.363931        0.199925
MDMin:  150 14:13:16    -2397.364071        0.199936
MDMin:  151 14:13:18    -2397.364227        0.200213
MDMin:  152 14:13:20    -2397.364401        0.200848
MDMin:  153 14:13:22    -2397.364593        0.201943
MDMin:  154 14:13:24    -2397.364806        0.203617
MDMin:  155 14:13:26    -2397.365039        0.205997
MDMin:  156 14:13:28    -2397.365293        0.209671
MDMin:  157 14:13:30    -2397.365562        0.217334
MDMin:  158 14:13:31    -2397.365806        0.299124
MDMin:  159 14:13:33    -2397.365949        0.228436
MDMin:  160 14:13:35    -2397.366052        0.231375
MDMin:  161 14:13:37    -2397.366169        0.234721
MDMin:  162 14:13:39    -2397.366305        0.238594
MDMin:  163 14:13:41    -2397.366460        0.243009
MDMin:  164 14:13:43    -2397.366637        0.247962
MDMin:  165 14:13:45    -2397.366834        0.253439
MDMin:  166 14:13:47    -2397.367054        0.259403
MDMin:  167 14:13:49    -2397.367298        0.265788
MDMin:  168 14:13:51    -2397.367567        0.272488
MDMin:  169 14:13:54    -2397.367861        0.279349
MDMin:  170 14:13:56    -2397.368183        0.286151
MDMin:  171 14:13:58    -2397.368533        0.292591
MDMin:  172 14:14:00    -2397.368906        0.298243
MDMin:  173 14:14:02    -2397.369282        0.302504
MDMin:  174 14:14:04    -2397.369585        0.317183
MDMin:  175 14:14:06    -2397.369761        0.309367
MDMin:  176 14:14:08    -2397.369933        0.311688
MDMin:  177 14:14:10    -2397.370129        0.313950
MDMin:  178 14:14:12    -2397.370353        0.316019
MDMin:  179 14:14:14    -2397.370606        0.317696
MDMin:  180 14:14:16    -2397.370889        0.318752
MDMin:  181 14:14:18    -2397.371205        0.318937
MDMin:  182 14:14:20    -2397.371555        0.318010
MDMin:  183 14:14:22    -2397.371941        0.315756
MDMin:  184 14:14:24    -2397.372364        0.312024
MDMin:  185 14:14:26    -2397.372823        0.306780
MDMin:  186 14:14:28    -2397.373308        0.300250
MDMin:  187 14:14:30    -2397.373771        0.293393
MDMin:  188 14:14:32    -2397.374091        0.288454
MDMin:  189 14:14:34    -2397.374293        0.285291
MDMin:  190 14:14:36    -2397.374517        0.281774
MDMin:  191 14:14:38    -2397.374775        0.277711
MDMin:  192 14:14:40    -2397.375070        0.273095
MDMin:  193 14:14:42    -2397.375402        0.267944
MDMin:  194 14:14:44    -2397.375773        0.262292
MDMin:  195 14:14:46    -2397.376185        0.256186
MDMin:  196 14:14:48    -2397.376506        0.249691
MDMin:  197 14:14:50    -2397.376859        0.243102
MDMin:  198 14:14:52    -2397.376567        0.236750
MDMin:  199 14:14:54    -2397.376992        0.230437
MDMin:  200 14:14:56    -2397.377360        0.224063
MDMin:  201 14:14:58    -2397.377657        0.218023
MDMin:  202 14:15:00    -2397.377850        0.271048
MDMin:  203 14:15:02    -2397.377946        0.210716
MDMin:  204 14:15:04    -2397.378027        0.208295
MDMin:  205 14:15:06    -2397.378109        0.205642
MDMin:  206 14:15:07    -2397.378192        0.202730
MDMin:  207 14:15:09    -2397.378272        0.199576
MDMin:  208 14:15:11    -2397.378347        0.196202
MDMin:  209 14:15:13    -2397.378415        0.192632
MDMin:  210 14:15:15    -2397.378474        0.188891
MDMin:  211 14:15:17    -2397.378520        0.185009
MDMin:  212 14:15:19    -2397.378553        0.181122
MDMin:  213 14:15:21    -2397.378570        0.177233
MDMin:  214 14:15:23    -2397.378572        0.236228
MDMin:  215 14:15:25    -2397.378568        0.171841
MDMin:  216 14:15:27    -2397.378562        0.170363
MDMin:  217 14:15:29    -2397.378554        0.168757
MDMin:  218 14:15:31    -2397.378542        0.166966
MDMin:  219 14:15:33    -2397.378526        0.165000
MDMin:  220 14:15:34    -2397.378504        0.162875
MDMin:  221 14:15:35    -2397.378477        0.160615
MDMin:  222 14:15:37    -2397.378442        0.158246
MDMin:  223 14:15:38    -2397.378399        0.155799
MDMin:  224 14:15:39    -2397.378347        0.153314
MDMin:  225 14:15:40    -2397.378287        0.150845
MDMin:  226 14:15:42    -2397.378218        0.148495
