       Step     Time          Energy          fmax
MDMin:    0 10:55:13    -2397.378218        0.148500
MDMin:    1 10:55:14    -2397.378217        0.148489
MDMin:    2 10:55:16    -2397.378215        0.148455
MDMin:    3 10:55:18    -2397.378211        0.148399
MDMin:    4 10:55:20    -2397.378205        0.148320
MDMin:    5 10:55:22    -2397.378198        0.148219
MDMin:    6 10:55:24    -2397.378189        0.148095
MDMin:    7 10:55:26    -2397.378178        0.147949
MDMin:    8 10:55:28    -2397.378165        0.147781
MDMin:    9 10:55:30    -2397.378151        0.147593
MDMin:   10 10:55:32    -2397.378135        0.147384
MDMin:   11 10:55:33    -2397.378117        0.147155
MDMin:   12 10:55:35    -2397.378098        0.146908
MDMin:   13 10:55:37    -2397.378076        0.146643
MDMin:   14 10:55:39    -2397.378054        0.146361
MDMin:   15 10:55:41    -2397.378029        0.146064
MDMin:   16 10:55:43    -2397.378003        0.145751
MDMin:   17 10:55:45    -2397.377975        0.145424
MDMin:   18 10:55:47    -2397.377945        0.145085
MDMin:   19 10:55:49    -2397.377913        0.144733
MDMin:   20 10:55:51    -2397.377880        0.144372
MDMin:   21 10:55:52    -2397.377845        0.144001
MDMin:   22 10:55:54    -2397.377808        0.143623
MDMin:   23 10:55:56    -2397.377769        0.143238
MDMin:   24 10:55:58    -2397.377728        0.142849
MDMin:   25 10:56:00    -2397.377686        0.142457
MDMin:   26 10:56:02    -2397.377641        0.142064
MDMin:   27 10:56:04    -2397.377595        0.141672
MDMin:   28 10:56:06    -2397.377547        0.141282
MDMin:   29 10:56:07    -2397.377496        0.140897
MDMin:   30 10:56:09    -2397.377444        0.140519
MDMin:   31 10:56:11    -2397.377390        0.140150
MDMin:   32 10:56:12    -2397.377334        0.139793
MDMin:   33 10:56:14    -2397.377276        0.139450
MDMin:   34 10:56:16    -2397.377216        0.139123
MDMin:   35 10:56:17    -2397.377154        0.138816
MDMin:   36 10:56:19    -2397.377091        0.138530
MDMin:   37 10:56:21    -2397.377025        0.138270
MDMin:   38 10:56:23    -2397.376957        0.138039
MDMin:   39 10:56:25    -2397.376887        0.137838
MDMin:   40 10:56:27    -2397.376815        0.137673
MDMin:   41 10:56:29    -2397.376741        0.137547
MDMin:   42 10:56:31    -2397.376665        0.137463
MDMin:   43 10:56:33    -2397.376587        0.137425
MDMin:   44 10:56:34    -2397.376507        0.137439
MDMin:   45 10:56:36    -2397.376426        0.137507
MDMin:   46 10:56:38    -2397.376342        0.137635
MDMin:   47 10:56:40    -2397.376256        0.137827
MDMin:   48 10:56:42    -2397.376169        0.138089
MDMin:   49 10:56:43    -2397.376080        0.138426
MDMin:   50 10:56:45    -2397.375989        0.138844
MDMin:   51 10:56:47    -2397.375896        0.139348
MDMin:   52 10:56:48    -2397.375802        0.139946
MDMin:   53 10:56:49    -2397.375706        0.140643
MDMin:   54 10:56:50    -2397.375608        0.141448
MDMin:   55 10:56:51    -2397.375509        0.142366
MDMin:   56 10:56:53    -2397.375409        0.143408
MDMin:   57 10:56:54    -2397.375307        0.144580
MDMin:   58 10:56:56    -2397.375204        0.145892
MDMin:   59 10:56:58    -2397.375101        0.147354
MDMin:   60 10:56:59    -2397.374996        0.148974
MDMin:   61 10:57:01    -2397.374890        0.150764
MDMin:   62 10:57:02    -2397.374783        0.152735
MDMin:   63 10:57:04    -2397.374676        0.154898
MDMin:   64 10:57:05    -2397.374568        0.157264
MDMin:   65 10:57:07    -2397.374460        0.159847
MDMin:   66 10:57:08    -2397.374351        0.162659
MDMin:   67 10:57:10    -2397.374242        0.165713
MDMin:   68 10:57:11    -2397.374134        0.169022
MDMin:   69 10:57:13    -2397.374025        0.172599
MDMin:   70 10:57:14    -2397.373917        0.176456
MDMin:   71 10:57:16    -2397.373808        0.180607
MDMin:   72 10:57:17    -2397.373701        0.185065
MDMin:   73 10:57:18    -2397.373594        0.189841
MDMin:   74 10:57:19    -2397.373487        0.194940
MDMin:   75 10:57:21    -2397.373382        0.200366
MDMin:   76 10:57:23    -2397.373277        0.206118
MDMin:   77 10:57:25    -2397.373174        0.212188
MDMin:   78 10:57:27    -2397.373071        0.218561
MDMin:   79 10:57:29    -2397.372970        0.225213
MDMin:   80 10:57:30    -2397.372870        0.232110
MDMin:   81 10:57:32    -2397.372772        0.239204
MDMin:   82 10:57:33    -2397.372675        0.246435
MDMin:   83 10:57:34    -2397.372579        0.253726
MDMin:   84 10:57:35    -2397.372485        0.260989
MDMin:   85 10:57:37    -2397.372393        0.268119
MDMin:   86 10:57:39    -2397.372302        0.274998
MDMin:   87 10:57:41    -2397.372212        0.281501
MDMin:   88 10:57:43    -2397.372125        0.287497
MDMin:   89 10:57:45    -2397.372039        0.292853
MDMin:   90 10:57:47    -2397.371954        0.297444
MDMin:   91 10:57:49    -2397.371871        0.301158
MDMin:   92 10:57:51    -2397.371790        0.303902
MDMin:   93 10:57:53    -2397.371710        0.305608
MDMin:   94 10:57:55    -2397.371632        0.306236
MDMin:   95 10:57:57    -2397.371554        0.305780
MDMin:   96 10:57:59    -2397.371479        0.304263
MDMin:   97 10:58:00    -2397.371405        0.301736
MDMin:   98 10:58:02    -2397.371332        0.298278
MDMin:   99 10:58:04    -2397.371260        0.293985
MDMin:  100 10:58:05    -2397.371190        0.288965
MDMin:  101 10:58:07    -2397.371122        0.283333
MDMin:  102 10:58:09    -2397.371055        0.277204
MDMin:  103 10:58:10    -2397.370989        0.270689
MDMin:  104 10:58:12    -2397.370925        0.263889
MDMin:  105 10:58:14    -2397.370862        0.256896
MDMin:  106 10:58:16    -2397.370801        0.249791
MDMin:  107 10:58:17    -2397.370741        0.242641
MDMin:  108 10:58:18    -2397.370683        0.235503
MDMin:  109 10:58:20    -2397.370627        0.228423
MDMin:  110 10:58:22    -2397.370573        0.221440
MDMin:  111 10:58:23    -2397.370520        0.214581
MDMin:  112 10:58:24    -2397.370469        0.207868
MDMin:  113 10:58:26    -2397.370420        0.201315
MDMin:  114 10:58:27    -2397.370373        0.194934
MDMin:  115 10:58:28    -2397.370328        0.188739
MDMin:  116 10:58:30    -2397.370286        0.182797
MDMin:  117 10:58:32    -2397.370250        0.191220
MDMin:  118 10:58:34    -2397.370228        0.209103
MDMin:  119 10:58:36    -2397.370220        0.173028
MDMin:  120 10:58:37    -2397.370211        0.171653
MDMin:  121 10:58:39    -2397.370202        0.170246
MDMin:  122 10:58:41    -2397.370193        0.168813
MDMin:  123 10:58:42    -2397.370184        0.167353
MDMin:  124 10:58:43    -2397.370174        0.165868
MDMin:  125 10:58:44    -2397.370165        0.164360
MDMin:  126 10:58:46    -2397.370156        0.162830
MDMin:  127 10:58:48    -2397.370146        0.161279
MDMin:  128 10:58:49    -2397.370137        0.159708
MDMin:  129 10:58:51    -2397.370127        0.158119
MDMin:  130 10:58:52    -2397.370118        0.156514
MDMin:  131 10:58:54    -2397.370109        0.154892
MDMin:  132 10:58:56    -2397.370099        0.153257
MDMin:  133 10:58:57    -2397.370090        0.151608
MDMin:  134 10:58:59    -2397.370081        0.149948
MDMin:  135 10:59:00    -2397.370072        0.148277
MDMin:  136 10:59:02    -2397.370064        0.146596
MDMin:  137 10:59:03    -2397.370055        0.144907
MDMin:  138 10:59:05    -2397.370047        0.143212
MDMin:  139 10:59:06    -2397.370039        0.141510
MDMin:  140 10:59:07    -2397.370031        0.139804
MDMin:  141 10:59:08    -2397.370023        0.138094
MDMin:  142 10:59:09    -2397.370016        0.136382
MDMin:  143 10:59:11    -2397.370008        0.134668
MDMin:  144 10:59:13    -2397.370002        0.132955
MDMin:  145 10:59:15    -2397.369995        0.131243
MDMin:  146 10:59:17    -2397.369989        0.129534
MDMin:  147 10:59:19    -2397.369983        0.127829
MDMin:  148 10:59:21    -2397.369978        0.126129
MDMin:  149 10:59:22    -2397.369973        0.124436
MDMin:  150 10:59:24    -2397.369968        0.122752
MDMin:  151 10:59:27    -2397.369964        0.121076
MDMin:  152 10:59:29    -2397.369960        0.119412
MDMin:  153 10:59:30    -2397.369956        0.117759
MDMin:  154 10:59:32    -2397.369953        0.116121
MDMin:  155 10:59:34    -2397.369950        0.114498
MDMin:  156 10:59:36    -2397.369948        0.112893
MDMin:  157 10:59:38    -2397.369946        0.111307
MDMin:  158 10:59:40    -2397.369944        0.109741
MDMin:  159 10:59:42    -2397.369943        0.108199
MDMin:  160 10:59:44    -2397.369942        0.106682
MDMin:  161 10:59:46    -2397.369941        0.105193
MDMin:  162 10:59:48    -2397.369941        0.105432
MDMin:  163 10:59:50    -2397.369941        0.106356
MDMin:  164 10:59:52    -2397.369942        0.107352
MDMin:  165 10:59:53    -2397.369943        0.108420
MDMin:  166 10:59:55    -2397.369944        0.109557
MDMin:  167 10:59:57    -2397.369945        0.110756
MDMin:  168 10:59:59    -2397.369947        0.112007
MDMin:  169 11:00:00    -2397.369949        0.113298
MDMin:  170 11:00:02    -2397.369951        0.114611
MDMin:  171 11:00:04    -2397.369954        0.115924
MDMin:  172 11:00:06    -2397.369956        0.117208
MDMin:  173 11:00:08    -2397.369959        0.118433
MDMin:  174 11:00:09    -2397.369962        0.119561
MDMin:  175 11:00:11    -2397.369965        0.120554
MDMin:  176 11:00:12    -2397.369968        0.121372
MDMin:  177 11:00:14    -2397.369971        0.121976
MDMin:  178 11:00:16    -2397.369974        0.122332
MDMin:  179 11:00:18    -2397.369978        0.122413
MDMin:  180 11:00:20    -2397.369981        0.122201
MDMin:  181 11:00:21    -2397.369985        0.121692
MDMin:  182 11:00:23    -2397.369988        0.122522
MDMin:  183 11:00:25    -2397.369992        0.123781
MDMin:  184 11:00:27    -2397.369995        0.124892
MDMin:  185 11:00:29    -2397.369999        0.125871
MDMin:  186 11:00:31    -2397.370003        0.126736
MDMin:  187 11:00:33    -2397.370006        0.127504
MDMin:  188 11:00:35    -2397.370010        0.128189
MDMin:  189 11:00:37    -2397.370013        0.128795
MDMin:  190 11:00:38    -2397.370017        0.129293
MDMin:  191 11:00:40    -2397.370019        0.143043
MDMin:  192 11:00:42    -2397.370020        0.129730
MDMin:  193 11:00:44    -2397.370021        0.129856
MDMin:  194 11:00:46    -2397.370022        0.129978
MDMin:  195 11:00:48    -2397.370023        0.130093
MDMin:  196 11:00:49    -2397.370024        0.130200
MDMin:  197 11:00:51    -2397.370026        0.130300
MDMin:  198 11:00:53    -2397.370027        0.130388
MDMin:  199 11:00:55    -2397.370028        0.130464
MDMin:  200 11:00:56    -2397.370029        0.130523
MDMin:  201 11:00:57    -2397.370031        0.130562
MDMin:  202 11:00:58    -2397.370032        0.130576
MDMin:  203 11:00:59    -2397.370033        0.130560
MDMin:  204 11:01:01    -2397.370035        0.130508
MDMin:  205 11:01:02    -2397.370036        0.130412
MDMin:  206 11:01:04    -2397.370037        0.130266
MDMin:  207 11:01:06    -2397.370039        0.130058
MDMin:  208 11:01:07    -2397.370040        0.129781
MDMin:  209 11:01:09    -2397.370042        0.129423
MDMin:  210 11:01:10    -2397.370043        0.128974
MDMin:  211 11:01:11    -2397.370045        0.128421
MDMin:  212 11:01:13    -2397.370046        0.127754
MDMin:  213 11:01:14    -2397.370048        0.126962
MDMin:  214 11:01:15    -2397.370049        0.126036
MDMin:  215 11:01:17    -2397.370051        0.124970
MDMin:  216 11:01:19    -2397.370052        0.123759
MDMin:  217 11:01:21    -2397.370054        0.122402
MDMin:  218 11:01:22    -2397.370055        0.120903
MDMin:  219 11:01:23    -2397.370057        0.119268
MDMin:  220 11:01:25    -2397.370058        0.117507
MDMin:  221 11:01:26    -2397.370060        0.117049
MDMin:  222 11:01:27    -2397.370062        0.116942
MDMin:  223 11:01:28    -2397.370063        0.116754
MDMin:  224 11:01:30    -2397.370065        0.117216
MDMin:  225 11:01:32    -2397.370067        0.119451
MDMin:  226 11:01:34    -2397.370068        0.121818
MDMin:  227 11:01:35    -2397.370070        0.124327
MDMin:  228 11:01:37    -2397.370072        0.126987
MDMin:  229 11:01:38    -2397.370073        0.129810
MDMin:  230 11:01:41    -2397.370075        0.132808
MDMin:  231 11:01:43    -2397.370077        0.135992
MDMin:  232 11:01:45    -2397.370079        0.139378
MDMin:  233 11:01:47    -2397.370080        0.142978
MDMin:  234 11:01:48    -2397.370082        0.146808
MDMin:  235 11:01:50    -2397.370084        0.150882
MDMin:  236 11:01:52    -2397.370085        0.155218
MDMin:  237 11:01:54    -2397.370087        0.159830
MDMin:  238 11:01:56    -2397.370089        0.164733
MDMin:  239 11:01:58    -2397.370091        0.169943
MDMin:  240 11:02:00    -2397.370092        0.175470
MDMin:  241 11:02:01    -2397.370094        0.181327
MDMin:  242 11:02:03    -2397.370095        0.187524
MDMin:  243 11:02:04    -2397.370097        0.194066
MDMin:  244 11:02:05    -2397.370099        0.200949
MDMin:  245 11:02:07    -2397.370100        0.208162
MDMin:  246 11:02:09    -2397.370102        0.215685
MDMin:  247 11:02:11    -2397.370103        0.223487
MDMin:  248 11:02:13    -2397.370105        0.231524
MDMin:  249 11:02:15    -2397.370106        0.239738
MDMin:  250 11:02:17    -2397.370108        0.248058
MDMin:  251 11:02:19    -2397.370109        0.256396
MDMin:  252 11:02:21    -2397.370110        0.264648
MDMin:  253 11:02:22    -2397.370112        0.272699
MDMin:  254 11:02:24    -2397.370113        0.280419
MDMin:  255 11:02:26    -2397.370114        0.287671
MDMin:  256 11:02:27    -2397.370116        0.294314
MDMin:  257 11:02:29    -2397.370117        0.300207
MDMin:  258 11:02:31    -2397.370118        0.305219
MDMin:  259 11:02:33    -2397.370120        0.309228
MDMin:  260 11:02:35    -2397.370121        0.312137
MDMin:  261 11:02:37    -2397.370122        0.313872
MDMin:  262 11:02:38    -2397.370123        0.314389
MDMin:  263 11:02:40    -2397.370124        0.313677
MDMin:  264 11:02:41    -2397.370126        0.311759
MDMin:  265 11:02:43    -2397.370127        0.308689
MDMin:  266 11:02:44    -2397.370128        0.304547
MDMin:  267 11:02:46    -2397.370129        0.299437
MDMin:  268 11:02:48    -2397.370131        0.293481
MDMin:  269 11:02:50    -2397.370132        0.286806
MDMin:  270 11:02:52    -2397.370133        0.279546
MDMin:  271 11:02:53    -2397.370134        0.271828
MDMin:  272 11:02:55    -2397.370135        0.263777
MDMin:  273 11:02:56    -2397.370137        0.255502
MDMin:  274 11:02:58    -2397.370138        0.247105
MDMin:  275 11:02:59    -2397.370139        0.238672
MDMin:  276 11:03:01    -2397.370140        0.230280
MDMin:  277 11:03:02    -2397.370142        0.221994
MDMin:  278 11:03:04    -2397.370143        0.213872
MDMin:  279 11:03:06    -2397.370144        0.205984
MDMin:  280 11:03:07    -2397.370146        0.198466
MDMin:  281 11:03:09    -2397.370147        0.195081
MDMin:  282 11:03:11    -2397.370148        0.197692
MDMin:  283 11:03:12    -2397.370148        0.199194
MDMin:  284 11:03:14    -2397.370148        0.200623
MDMin:  285 11:03:16    -2397.370149        0.202117
MDMin:  286 11:03:18    -2397.370149        0.203683
MDMin:  287 11:03:20    -2397.370150        0.205325
MDMin:  288 11:03:22    -2397.370150        0.207044
MDMin:  289 11:03:24    -2397.370151        0.208844
MDMin:  290 11:03:25    -2397.370151        0.210727
MDMin:  291 11:03:26    -2397.370152        0.212693
MDMin:  292 11:03:27    -2397.370152        0.214746
MDMin:  293 11:03:29    -2397.370153        0.216885
MDMin:  294 11:03:31    -2397.370153        0.219111
MDMin:  295 11:03:32    -2397.370154        0.221424
MDMin:  296 11:03:33    -2397.370154        0.223820
MDMin:  297 11:03:35    -2397.370155        0.226299
MDMin:  298 11:03:36    -2397.370155        0.228855
MDMin:  299 11:03:38    -2397.370156        0.231484
MDMin:  300 11:03:40    -2397.370157        0.234177
MDMin:  301 11:03:41    -2397.370157        0.236927
MDMin:  302 11:03:43    -2397.370158        0.239721
MDMin:  303 11:03:44    -2397.370158        0.242548
MDMin:  304 11:03:45    -2397.370159        0.245389
MDMin:  305 11:03:47    -2397.370159        0.248228
MDMin:  306 11:03:48    -2397.370160        0.251043
MDMin:  307 11:03:50    -2397.370161        0.253810
MDMin:  308 11:03:52    -2397.370161        0.256500
MDMin:  309 11:03:53    -2397.370162        0.259082
MDMin:  310 11:03:55    -2397.370162        0.261522
MDMin:  311 11:03:57    -2397.370163        0.263783
MDMin:  312 11:03:58    -2397.370164        0.265821
MDMin:  313 11:04:00    -2397.370164        0.267592
MDMin:  314 11:04:02    -2397.370165        0.269049
MDMin:  315 11:04:04    -2397.370165        0.270140
MDMin:  316 11:04:06    -2397.370166        0.270813
MDMin:  317 11:04:07    -2397.370167        0.271015
MDMin:  318 11:04:09    -2397.370167        0.270694
MDMin:  319 11:04:11    -2397.370168        0.269798
MDMin:  320 11:04:12    -2397.370169        0.268280
MDMin:  321 11:04:13    -2397.370169        0.266098
MDMin:  322 11:04:14    -2397.370170        0.263218
MDMin:  323 11:04:16    -2397.370170        0.259617
MDMin:  324 11:04:17    -2397.370171        0.255283
MDMin:  325 11:04:19    -2397.370172        0.250215
MDMin:  326 11:04:21    -2397.370172        0.244431
MDMin:  327 11:04:23    -2397.370173        0.237961
MDMin:  328 11:04:24    -2397.370174        0.230850
MDMin:  329 11:04:26    -2397.370175        0.223158
MDMin:  330 11:04:27    -2397.370175        0.214956
MDMin:  331 11:04:28    -2397.370176        0.206324
MDMin:  332 11:04:30    -2397.370177        0.197348
MDMin:  333 11:04:31    -2397.370177        0.188119
MDMin:  334 11:04:32    -2397.370178        0.178725
MDMin:  335 11:04:34    -2397.370179        0.169255
MDMin:  336 11:04:36    -2397.370180        0.159791
MDMin:  337 11:04:38    -2397.370180        0.150409
MDMin:  338 11:04:39    -2397.370181        0.141180
MDMin:  339 11:04:41    -2397.370182        0.132163
MDMin:  340 11:04:43    -2397.370183        0.123412
MDMin:  341 11:04:45    -2397.370183        0.118123
MDMin:  342 11:04:47    -2397.370184        0.118845
MDMin:  343 11:04:49    -2397.370185        0.119503
MDMin:  344 11:04:50    -2397.370186        0.120102
MDMin:  345 11:04:53    -2397.370186        0.120643
MDMin:  346 11:04:55    -2397.370187        0.121119
MDMin:  347 11:04:57    -2397.370188        0.121520
MDMin:  348 11:04:58    -2397.370189        0.121813
MDMin:  349 11:04:59    -2397.370190        0.121947
MDMin:  350 11:05:01    -2397.370190        0.121855
MDMin:  351 11:05:02    -2397.370191        0.176074
MDMin:  352 11:05:03    -2397.370191        0.121338
MDMin:  353 11:05:05    -2397.370191        0.121152
MDMin:  354 11:05:07    -2397.370192        0.120930
MDMin:  355 11:05:09    -2397.370192        0.120666
MDMin:  356 11:05:11    -2397.370192        0.120358
MDMin:  357 11:05:13    -2397.370192        0.119999
MDMin:  358 11:05:14    -2397.370192        0.119584
MDMin:  359 11:05:17    -2397.370193        0.119107
MDMin:  360 11:05:19    -2397.370193        0.118564
MDMin:  361 11:05:21    -2397.370193        0.117948
MDMin:  362 11:05:23    -2397.370193        0.117253
MDMin:  363 11:05:25    -2397.370194        0.116475
MDMin:  364 11:05:26    -2397.370194        0.115609
MDMin:  365 11:05:28    -2397.370194        0.114651
MDMin:  366 11:05:30    -2397.370194        0.113598
MDMin:  367 11:05:31    -2397.370195        0.112449
MDMin:  368 11:05:32    -2397.370195        0.111202
MDMin:  369 11:05:34    -2397.370195        0.109861
MDMin:  370 11:05:36    -2397.370196        0.108426
MDMin:  371 11:05:38    -2397.370196        0.106903
MDMin:  372 11:05:40    -2397.370196        0.105297
MDMin:  373 11:05:42    -2397.370196        0.103616
MDMin:  374 11:05:44    -2397.370197        0.102568
MDMin:  375 11:05:46    -2397.370197        0.101638
MDMin:  376 11:05:48    -2397.370197        0.100621
MDMin:  377 11:05:49    -2397.370198        0.100011
MDMin:  378 11:05:51    -2397.370198        0.099547
MDMin:  379 11:05:53    -2397.370198        0.099041
MDMin:  380 11:05:55    -2397.370199        0.098489
MDMin:  381 11:05:57    -2397.370199        0.097889
MDMin:  382 11:05:59    -2397.370199        0.097238
MDMin:  383 11:06:01    -2397.370200        0.096533
MDMin:  384 11:06:02    -2397.370200        0.095773
MDMin:  385 11:06:04    -2397.370201        0.094955
MDMin:  386 11:06:06    -2397.370201        0.094079
MDMin:  387 11:06:07    -2397.370201        0.093144
MDMin:  388 11:06:09    -2397.370202        0.092150
MDMin:  389 11:06:11    -2397.370202        0.091096
MDMin:  390 11:06:13    -2397.370202        0.089985
MDMin:  391 11:06:15    -2397.370203        0.088817
MDMin:  392 11:06:17    -2397.370203        0.087594
MDMin:  393 11:06:19    -2397.370204        0.086319
MDMin:  394 11:06:21    -2397.370204        0.084995
MDMin:  395 11:06:22    -2397.370205        0.083625
MDMin:  396 11:06:24    -2397.370205        0.082213
MDMin:  397 11:06:26    -2397.370206        0.080763
MDMin:  398 11:06:28    -2397.370206        0.079280
MDMin:  399 11:06:30    -2397.370206        0.077768
MDMin:  400 11:06:31    -2397.370207        0.076481
MDMin:  401 11:06:33    -2397.370207        0.075341
MDMin:  402 11:06:34    -2397.370208        0.074198
MDMin:  403 11:06:36    -2397.370208        0.073052
MDMin:  404 11:06:38    -2397.370209        0.071900
MDMin:  405 11:06:40    -2397.370209        0.070741
MDMin:  406 11:06:41    -2397.370210        0.069575
MDMin:  407 11:06:43    -2397.370210        0.068400
MDMin:  408 11:06:44    -2397.370211        0.067214
MDMin:  409 11:06:45    -2397.370211        0.066013
MDMin:  410 11:06:47    -2397.370212        0.064796
MDMin:  411 11:06:49    -2397.370212        0.063559
MDMin:  412 11:06:51    -2397.370213        0.062300
MDMin:  413 11:06:53    -2397.370213        0.061034
MDMin:  414 11:06:55    -2397.370214        0.125585
MDMin:  415 11:06:56    -2397.370214        0.059727
MDMin:  416 11:06:58    -2397.370214        0.059448
MDMin:  417 11:07:00    -2397.370214        0.059157
MDMin:  418 11:07:02    -2397.370214        0.058857
MDMin:  419 11:07:04    -2397.370214        0.058547
MDMin:  420 11:07:05    -2397.370215        0.058227
MDMin:  421 11:07:06    -2397.370215        0.057898
MDMin:  422 11:07:08    -2397.370215        0.057560
MDMin:  423 11:07:09    -2397.370215        0.057211
MDMin:  424 11:07:11    -2397.370215        0.056854
MDMin:  425 11:07:13    -2397.370215        0.056486
MDMin:  426 11:07:15    -2397.370215        0.056109
MDMin:  427 11:07:17    -2397.370215        0.055721
MDMin:  428 11:07:18    -2397.370216        0.055324
MDMin:  429 11:07:19    -2397.370216        0.054916
MDMin:  430 11:07:21    -2397.370216        0.054497
MDMin:  431 11:07:22    -2397.370216        0.054068
MDMin:  432 11:07:23    -2397.370216        0.053629
MDMin:  433 11:07:25    -2397.370216        0.053178
MDMin:  434 11:07:26    -2397.370217        0.052716
MDMin:  435 11:07:27    -2397.370217        0.052243
MDMin:  436 11:07:29    -2397.370217        0.051759
MDMin:  437 11:07:30    -2397.370217        0.051263
MDMin:  438 11:07:32    -2397.370217        0.050756
MDMin:  439 11:07:33    -2397.370217        0.050237
MDMin:  440 11:07:34    -2397.370218        0.049706
       Step     Time          Energy          fmax
MDMin:    0 14:15:43    -2397.378218        0.148495
MDMin:    1 14:15:44    -2397.378217        0.148484
MDMin:    2 14:15:46    -2397.378215        0.148450
MDMin:    3 14:15:48    -2397.378211        0.148394
MDMin:    4 14:15:50    -2397.378205        0.148315
MDMin:    5 14:15:52    -2397.378198        0.148214
MDMin:    6 14:15:53    -2397.378188        0.148090
MDMin:    7 14:15:55    -2397.378178        0.147944
MDMin:    8 14:15:56    -2397.378165        0.147776
MDMin:    9 14:15:58    -2397.378151        0.147587
MDMin:   10 14:16:00    -2397.378135        0.147378
MDMin:   11 14:16:02    -2397.378117        0.147150
MDMin:   12 14:16:04    -2397.378097        0.146902
MDMin:   13 14:16:06    -2397.378076        0.146637
MDMin:   14 14:16:08    -2397.378053        0.146355
MDMin:   15 14:16:09    -2397.378029        0.146058
MDMin:   16 14:16:11    -2397.378002        0.145745
MDMin:   17 14:16:13    -2397.377974        0.145418
MDMin:   18 14:16:15    -2397.377945        0.145078
MDMin:   19 14:16:17    -2397.377913        0.144727
MDMin:   20 14:16:19    -2397.377880        0.144365
MDMin:   21 14:16:21    -2397.377844        0.143994
MDMin:   22 14:16:23    -2397.377807        0.143616
MDMin:   23 14:16:25    -2397.377768        0.143231
MDMin:   24 14:16:27    -2397.377728        0.142842
MDMin:   25 14:16:28    -2397.377685        0.142451
MDMin:   26 14:16:30    -2397.377641        0.142058
MDMin:   27 14:16:32    -2397.377594        0.141665
MDMin:   28 14:16:34    -2397.377546        0.141276
MDMin:   29 14:16:36    -2397.377496        0.140891
MDMin:   30 14:16:38    -2397.377444        0.140513
MDMin:   31 14:16:40    -2397.377390        0.140145
MDMin:   32 14:16:42    -2397.377334        0.139788
MDMin:   33 14:16:44    -2397.377276        0.139445
MDMin:   34 14:16:46    -2397.377216        0.139118
MDMin:   35 14:16:48    -2397.377154        0.138811
MDMin:   36 14:16:50    -2397.377090        0.138526
MDMin:   37 14:16:52    -2397.377024        0.138267
MDMin:   38 14:16:54    -2397.376956        0.138035
MDMin:   39 14:16:56    -2397.376886        0.137836
MDMin:   40 14:16:58    -2397.376814        0.137671
MDMin:   41 14:17:00    -2397.376740        0.137545
MDMin:   42 14:17:01    -2397.376664        0.137462
MDMin:   43 14:17:03    -2397.376586        0.137425
MDMin:   44 14:17:04    -2397.376506        0.137439
MDMin:   45 14:17:05    -2397.376425        0.137508
MDMin:   46 14:17:06    -2397.376341        0.137637
MDMin:   47 14:17:07    -2397.376255        0.137830
MDMin:   48 14:17:08    -2397.376168        0.138093
MDMin:   49 14:17:10    -2397.376079        0.138432
MDMin:   50 14:17:11    -2397.375988        0.138850
MDMin:   51 14:17:12    -2397.375895        0.139356
MDMin:   52 14:17:14    -2397.375801        0.139955
MDMin:   53 14:17:15    -2397.375705        0.140653
MDMin:   54 14:17:17    -2397.375607        0.141459
MDMin:   55 14:17:19    -2397.375508        0.142379
MDMin:   56 14:17:21    -2397.375408        0.143422
MDMin:   57 14:17:23    -2397.375306        0.144596
MDMin:   58 14:17:25    -2397.375203        0.145910
MDMin:   59 14:17:26    -2397.375099        0.147374
MDMin:   60 14:17:28    -2397.374994        0.148996
MDMin:   61 14:17:30    -2397.374889        0.150789
MDMin:   62 14:17:33    -2397.374782        0.152762
MDMin:   63 14:17:34    -2397.374675        0.154927
MDMin:   64 14:17:36    -2397.374567        0.157296
MDMin:   65 14:17:38    -2397.374459        0.159882
MDMin:   66 14:17:40    -2397.374350        0.162697
MDMin:   67 14:17:42    -2397.374241        0.165754
MDMin:   68 14:17:44    -2397.374133        0.169066
MDMin:   69 14:17:46    -2397.374024        0.172646
MDMin:   70 14:17:48    -2397.373915        0.176507
MDMin:   71 14:17:50    -2397.373807        0.180661
MDMin:   72 14:17:52    -2397.373700        0.185123
MDMin:   73 14:17:54    -2397.373593        0.189903
MDMin:   74 14:17:56    -2397.373486        0.195006
MDMin:   75 14:17:58    -2397.373381        0.200436
MDMin:   76 14:18:00    -2397.373276        0.206192
MDMin:   77 14:18:02    -2397.373173        0.212265
MDMin:   78 14:18:04    -2397.373070        0.218642
MDMin:   79 14:18:06    -2397.372969        0.225297
MDMin:   80 14:18:08    -2397.372869        0.232196
MDMin:   81 14:18:09    -2397.372771        0.239292
MDMin:   82 14:18:11    -2397.372674        0.246524
MDMin:   83 14:18:13    -2397.372578        0.253815
MDMin:   84 14:18:15    -2397.372484        0.261077
MDMin:   85 14:18:17    -2397.372392        0.268204
MDMin:   86 14:18:19    -2397.372301        0.275079
MDMin:   87 14:18:21    -2397.372212        0.281577
MDMin:   88 14:18:23    -2397.372124        0.287565
MDMin:   89 14:18:25    -2397.372038        0.292913
MDMin:   90 14:18:26    -2397.371953        0.297494
MDMin:   91 14:18:28    -2397.371871        0.301197
MDMin:   92 14:18:30    -2397.371789        0.303928
MDMin:   93 14:18:31    -2397.371709        0.305621
MDMin:   94 14:18:33    -2397.371631        0.306237
MDMin:   95 14:18:35    -2397.371554        0.305768
MDMin:   96 14:18:37    -2397.371478        0.304238
MDMin:   97 14:18:39    -2397.371404        0.301700
MDMin:   98 14:18:41    -2397.371331        0.298232
MDMin:   99 14:18:42    -2397.371260        0.293929
MDMin:  100 14:18:43    -2397.371190        0.288901
MDMin:  101 14:18:44    -2397.371121        0.283263
MDMin:  102 14:18:46    -2397.371054        0.277129
MDMin:  103 14:18:48    -2397.370988        0.270610
MDMin:  104 14:18:50    -2397.370924        0.263807
MDMin:  105 14:18:52    -2397.370861        0.256813
MDMin:  106 14:18:54    -2397.370800        0.249706
MDMin:  107 14:18:56    -2397.370741        0.242556
MDMin:  108 14:18:58    -2397.370683        0.235419
MDMin:  109 14:18:59    -2397.370627        0.228341
MDMin:  110 14:19:01    -2397.370572        0.221359
MDMin:  111 14:19:03    -2397.370519        0.214501
MDMin:  112 14:19:04    -2397.370468        0.207790
MDMin:  113 14:19:05    -2397.370419        0.201239
MDMin:  114 14:19:07    -2397.370373        0.194860
MDMin:  115 14:19:09    -2397.370328        0.188669
MDMin:  116 14:19:11    -2397.370286        0.182732
MDMin:  117 14:19:13    -2397.370250        0.193808
MDMin:  118 14:19:15    -2397.370229        0.205189
MDMin:  119 14:19:16    -2397.370220        0.173046
MDMin:  120 14:19:17    -2397.370212        0.171674
MDMin:  121 14:19:19    -2397.370202        0.170273
MDMin:  122 14:19:21    -2397.370193        0.168843
MDMin:  123 14:19:23    -2397.370184        0.167388
MDMin:  124 14:19:25    -2397.370175        0.165907
MDMin:  125 14:19:27    -2397.370165        0.164403
MDMin:  126 14:19:29    -2397.370156        0.162876
MDMin:  127 14:19:31    -2397.370147        0.161329
MDMin:  128 14:19:33    -2397.370137        0.159762
MDMin:  129 14:19:35    -2397.370128        0.158177
MDMin:  130 14:19:36    -2397.370118        0.156574
MDMin:  131 14:19:38    -2397.370109        0.154957
MDMin:  132 14:19:40    -2397.370100        0.153324
MDMin:  133 14:19:42    -2397.370091        0.151679
MDMin:  134 14:19:44    -2397.370082        0.150021
MDMin:  135 14:19:46    -2397.370073        0.148353
MDMin:  136 14:19:48    -2397.370064        0.146675
MDMin:  137 14:19:50    -2397.370055        0.144989
MDMin:  138 14:19:52    -2397.370047        0.143295
MDMin:  139 14:19:55    -2397.370039        0.141596
MDMin:  140 14:19:57    -2397.370031        0.139892
MDMin:  141 14:19:59    -2397.370023        0.138184
MDMin:  142 14:20:01    -2397.370016        0.136473
MDMin:  143 14:20:03    -2397.370009        0.134762
MDMin:  144 14:20:05    -2397.370002        0.133050
MDMin:  145 14:20:07    -2397.369996        0.131340
MDMin:  146 14:20:09    -2397.369989        0.129632
MDMin:  147 14:20:11    -2397.369984        0.127928
MDMin:  148 14:20:13    -2397.369978        0.126230
MDMin:  149 14:20:14    -2397.369973        0.124538
MDMin:  150 14:20:16    -2397.369968        0.122854
MDMin:  151 14:20:18    -2397.369964        0.121179
MDMin:  152 14:20:20    -2397.369960        0.119515
MDMin:  153 14:20:22    -2397.369956        0.117864
MDMin:  154 14:20:24    -2397.369953        0.116226
MDMin:  155 14:20:26    -2397.369950        0.114603
MDMin:  156 14:20:28    -2397.369948        0.112998
MDMin:  157 14:20:29    -2397.369946        0.111411
MDMin:  158 14:20:31    -2397.369944        0.109846
MDMin:  159 14:20:33    -2397.369943        0.108303
MDMin:  160 14:20:35    -2397.369942        0.106785
MDMin:  161 14:20:37    -2397.369941        0.105295
MDMin:  162 14:20:39    -2397.369941        0.105370
MDMin:  163 14:20:41    -2397.369941        0.106288
MDMin:  164 14:20:43    -2397.369942        0.107279
MDMin:  165 14:20:45    -2397.369943        0.108342
MDMin:  166 14:20:47    -2397.369944        0.109473
MDMin:  167 14:20:49    -2397.369945        0.110667
MDMin:  168 14:20:51    -2397.369947        0.111914
MDMin:  169 14:20:53    -2397.369949        0.113202
MDMin:  170 14:20:55    -2397.369951        0.114514
MDMin:  171 14:20:57    -2397.369953        0.115826
MDMin:  172 14:20:58    -2397.369956        0.117113
MDMin:  173 14:21:00    -2397.369959        0.118343
MDMin:  174 14:21:02    -2397.369961        0.119479
MDMin:  175 14:21:04    -2397.369964        0.120483
MDMin:  176 14:21:06    -2397.369968        0.121316
MDMin:  177 14:21:08    -2397.369971        0.121937
MDMin:  178 14:21:10    -2397.369974        0.122313
MDMin:  179 14:21:12    -2397.369977        0.122416
MDMin:  180 14:21:14    -2397.369981        0.122228
MDMin:  181 14:21:16    -2397.369984        0.121742
MDMin:  182 14:21:18    -2397.369988        0.122415
MDMin:  183 14:21:20    -2397.369991        0.123686
MDMin:  184 14:21:21    -2397.369995        0.124808
MDMin:  185 14:21:23    -2397.369999        0.125796
MDMin:  186 14:21:25    -2397.370002        0.126669
MDMin:  187 14:21:26    -2397.370006        0.127444
MDMin:  188 14:21:28    -2397.370010        0.128132
MDMin:  189 14:21:30    -2397.370013        0.128730
MDMin:  190 14:21:32    -2397.370016        0.148864
MDMin:  191 14:21:34    -2397.370017        0.129403
MDMin:  192 14:21:36    -2397.370019        0.129549
MDMin:  193 14:21:38    -2397.370020        0.129688
MDMin:  194 14:21:39    -2397.370021        0.129822
MDMin:  195 14:21:41    -2397.370022        0.129951
MDMin:  196 14:21:43    -2397.370023        0.130072
MDMin:  197 14:21:45    -2397.370025        0.130186
MDMin:  198 14:21:48    -2397.370026        0.130290
MDMin:  199 14:21:50    -2397.370027        0.130382
MDMin:  200 14:21:52    -2397.370028        0.130459
MDMin:  201 14:21:54    -2397.370030        0.130517
MDMin:  202 14:21:56    -2397.370031        0.130552
MDMin:  203 14:21:58    -2397.370032        0.130559
MDMin:  204 14:22:00    -2397.370034        0.130532
MDMin:  205 14:22:02    -2397.370035        0.130463
MDMin:  206 14:22:03    -2397.370037        0.130345
MDMin:  207 14:22:04    -2397.370038        0.130168
MDMin:  208 14:22:06    -2397.370039        0.129923
MDMin:  209 14:22:07    -2397.370041        0.129599
MDMin:  210 14:22:08    -2397.370042        0.129183
MDMin:  211 14:22:10    -2397.370044        0.128664
MDMin:  212 14:22:11    -2397.370045        0.128030
MDMin:  213 14:22:12    -2397.370047        0.127270
MDMin:  214 14:22:14    -2397.370049        0.126374
MDMin:  215 14:22:15    -2397.370050        0.125333
MDMin:  216 14:22:16    -2397.370052        0.124142
MDMin:  217 14:22:17    -2397.370053        0.122799
MDMin:  218 14:22:19    -2397.370055        0.121308
MDMin:  219 14:22:21    -2397.370056        0.119673
MDMin:  220 14:22:23    -2397.370058        0.117907
MDMin:  221 14:22:25    -2397.370060        0.117062
MDMin:  222 14:22:27    -2397.370061        0.116970
MDMin:  223 14:22:29    -2397.370063        0.116794
MDMin:  224 14:22:31    -2397.370065        0.116894
MDMin:  225 14:22:33    -2397.370066        0.119149
MDMin:  226 14:22:35    -2397.370068        0.121537
MDMin:  227 14:22:37    -2397.370070        0.124070
MDMin:  228 14:22:39    -2397.370072        0.126757
MDMin:  229 14:22:40    -2397.370073        0.129610
MDMin:  230 14:22:42    -2397.370075        0.132640
MDMin:  231 14:22:44    -2397.370077        0.135861
MDMin:  232 14:22:46    -2397.370079        0.139286
MDMin:  233 14:22:48    -2397.370080        0.142930
MDMin:  234 14:22:50    -2397.370082        0.146808
MDMin:  235 14:22:52    -2397.370084        0.150937
MDMin:  236 14:22:54    -2397.370086        0.155331
MDMin:  237 14:22:56    -2397.370087        0.160008
MDMin:  238 14:22:58    -2397.370089        0.164983
MDMin:  239 14:23:00    -2397.370091        0.170270
MDMin:  240 14:23:02    -2397.370092        0.175881
MDMin:  241 14:23:04    -2397.370094        0.181828
MDMin:  242 14:23:06    -2397.370096        0.188123
MDMin:  243 14:23:08    -2397.370097        0.194767
MDMin:  244 14:23:10    -2397.370099        0.201757
MDMin:  245 14:23:11    -2397.370100        0.209081
MDMin:  246 14:23:14    -2397.370102        0.216715
MDMin:  247 14:23:16    -2397.370104        0.224627
MDMin:  248 14:23:18    -2397.370105        0.232768
MDMin:  249 14:23:20    -2397.370106        0.241079
MDMin:  250 14:23:22    -2397.370108        0.249482
MDMin:  251 14:23:24    -2397.370109        0.257884
MDMin:  252 14:23:26    -2397.370111        0.266178
MDMin:  253 14:23:28    -2397.370112        0.274242
MDMin:  254 14:23:29    -2397.370113        0.281941
MDMin:  255 14:23:30    -2397.370115        0.289135
MDMin:  256 14:23:32    -2397.370116        0.295679
MDMin:  257 14:23:33    -2397.370117        0.301431
MDMin:  258 14:23:35    -2397.370119        0.306257
MDMin:  259 14:23:37    -2397.370120        0.310042
MDMin:  260 14:23:39    -2397.370121        0.312690
MDMin:  261 14:23:40    -2397.370122        0.314133
MDMin:  262 14:23:41    -2397.370124        0.314337
MDMin:  263 14:23:42    -2397.370125        0.313298
MDMin:  264 14:23:44    -2397.370126        0.311050
MDMin:  265 14:23:45    -2397.370127        0.307656
MDMin:  266 14:23:47    -2397.370128        0.303205
MDMin:  267 14:23:50    -2397.370130        0.297809
MDMin:  268 14:23:51    -2397.370131        0.291594
MDMin:  269 14:23:53    -2397.370132        0.284693
MDMin:  270 14:23:55    -2397.370133        0.277241
MDMin:  271 14:23:57    -2397.370135        0.269368
MDMin:  272 14:23:59    -2397.370136        0.261198
MDMin:  273 14:24:01    -2397.370137        0.252848
MDMin:  274 14:24:03    -2397.370138        0.244447
MDMin:  275 14:24:05    -2397.370140        0.236193
MDMin:  276 14:24:06    -2397.370141        0.228553
MDMin:  277 14:24:07    -2397.370142        0.222543
MDMin:  278 14:24:08    -2397.370142        0.218643
MDMin:  279 14:24:09    -2397.370143        0.215391
MDMin:  280 14:24:11    -2397.370143        0.212173
MDMin:  281 14:24:13    -2397.370144        0.208934
MDMin:  282 14:24:14    -2397.370144        0.205675
MDMin:  283 14:24:16    -2397.370145        0.202401
MDMin:  284 14:24:18    -2397.370145        0.199117
MDMin:  285 14:24:20    -2397.370146        0.195829
MDMin:  286 14:24:22    -2397.370147        0.194535
MDMin:  287 14:24:24    -2397.370147        0.196361
MDMin:  288 14:24:26    -2397.370148        0.198274
MDMin:  289 14:24:28    -2397.370148        0.200278
MDMin:  290 14:24:30    -2397.370149        0.202378
MDMin:  291 14:24:32    -2397.370150        0.204577
MDMin:  292 14:24:34    -2397.370150        0.206881
MDMin:  293 14:24:36    -2397.370151        0.209291
MDMin:  294 14:24:38    -2397.370152        0.211810
MDMin:  295 14:24:40    -2397.370152        0.214439
MDMin:  296 14:24:42    -2397.370153        0.217179
MDMin:  297 14:24:43    -2397.370153        0.220028
MDMin:  298 14:24:45    -2397.370154        0.222982
MDMin:  299 14:24:48    -2397.370155        0.226036
MDMin:  300 14:24:50    -2397.370155        0.229181
MDMin:  301 14:24:52    -2397.370156        0.232407
MDMin:  302 14:24:54    -2397.370157        0.235699
MDMin:  303 14:24:56    -2397.370157        0.239040
MDMin:  304 14:24:58    -2397.370158        0.242409
MDMin:  305 14:24:59    -2397.370159        0.245780
MDMin:  306 14:25:01    -2397.370160        0.249124
MDMin:  307 14:25:03    -2397.370160        0.252407
MDMin:  308 14:25:05    -2397.370161        0.255589
MDMin:  309 14:25:06    -2397.370162        0.258628
MDMin:  310 14:25:08    -2397.370162        0.261473
MDMin:  311 14:25:10    -2397.370163        0.264071
MDMin:  312 14:25:12    -2397.370164        0.266363
MDMin:  313 14:25:13    -2397.370164        0.268286
MDMin:  314 14:25:14    -2397.370165        0.269773
MDMin:  315 14:25:16    -2397.370166        0.270756
MDMin:  316 14:25:18    -2397.370166        0.271163
MDMin:  317 14:25:20    -2397.370167        0.270926
MDMin:  318 14:25:21    -2397.370168        0.269979
MDMin:  319 14:25:23    -2397.370169        0.268262
MDMin:  320 14:25:25    -2397.370169        0.265724
MDMin:  321 14:25:27    -2397.370170        0.262328
MDMin:  322 14:25:29    -2397.370171        0.258052
MDMin:  323 14:25:30    -2397.370171        0.252892
MDMin:  324 14:25:32    -2397.370172        0.246864
MDMin:  325 14:25:34    -2397.370173        0.240006
MDMin:  326 14:25:36    -2397.370174        0.232376
MDMin:  327 14:25:38    -2397.370174        0.224053
MDMin:  328 14:25:41    -2397.370175        0.215129
MDMin:  329 14:25:42    -2397.370176        0.205712
MDMin:  330 14:25:44    -2397.370177        0.195913
MDMin:  331 14:25:45    -2397.370178        0.185851
MDMin:  332 14:25:46    -2397.370178        0.175642
MDMin:  333 14:25:48    -2397.370179        0.165409
MDMin:  334 14:25:49    -2397.370180        0.155315
MDMin:  335 14:25:51    -2397.370181        0.145766
MDMin:  336 14:25:52    -2397.370181        0.150627
MDMin:  337 14:25:54    -2397.370182        0.134059
MDMin:  338 14:25:56    -2397.370182        0.131035
MDMin:  339 14:25:59    -2397.370182        0.128015
MDMin:  340 14:26:01    -2397.370182        0.124960
MDMin:  341 14:26:03    -2397.370183        0.121876
MDMin:  342 14:26:05    -2397.370183        0.118768
MDMin:  343 14:26:07    -2397.370183        0.118043
MDMin:  344 14:26:08    -2397.370184        0.118320
MDMin:  345 14:26:10    -2397.370184        0.118592
MDMin:  346 14:26:11    -2397.370184        0.118858
MDMin:  347 14:26:13    -2397.370185        0.119119
MDMin:  348 14:26:14    -2397.370185        0.119374
MDMin:  349 14:26:16    -2397.370185        0.119624
MDMin:  350 14:26:17    -2397.370186        0.119868
MDMin:  351 14:26:18    -2397.370186        0.120106
MDMin:  352 14:26:19    -2397.370186        0.120336
MDMin:  353 14:26:20    -2397.370187        0.120558
MDMin:  354 14:26:22    -2397.370187        0.120771
MDMin:  355 14:26:24    -2397.370187        0.120973
MDMin:  356 14:26:25    -2397.370188        0.121163
MDMin:  357 14:26:27    -2397.370188        0.121335
MDMin:  358 14:26:29    -2397.370188        0.121486
MDMin:  359 14:26:31    -2397.370189        0.121608
MDMin:  360 14:26:33    -2397.370189        0.121694
MDMin:  361 14:26:35    -2397.370190        0.121734
MDMin:  362 14:26:36    -2397.370190        0.121716
MDMin:  363 14:26:38    -2397.370190        0.121625
MDMin:  364 14:26:40    -2397.370191        0.121445
MDMin:  365 14:26:42    -2397.370191        0.121157
MDMin:  366 14:26:43    -2397.370192        0.120739
MDMin:  367 14:26:44    -2397.370192        0.120170
MDMin:  368 14:26:46    -2397.370192        0.119426
MDMin:  369 14:26:47    -2397.370193        0.118485
MDMin:  370 14:26:48    -2397.370193        0.117328
MDMin:  371 14:26:50    -2397.370194        0.115940
MDMin:  372 14:26:52    -2397.370194        0.114313
MDMin:  373 14:26:54    -2397.370195        0.112449
MDMin:  374 14:26:56    -2397.370195        0.110356
MDMin:  375 14:26:58    -2397.370196        0.108054
MDMin:  376 14:27:00    -2397.370196        0.105570
MDMin:  377 14:27:01    -2397.370197        0.103255
MDMin:  378 14:27:03    -2397.370197        0.101887
MDMin:  379 14:27:05    -2397.370197        0.100372
MDMin:  380 14:27:07    -2397.370198        0.099721
MDMin:  381 14:27:09    -2397.370198        0.098984
MDMin:  382 14:27:11    -2397.370199        0.098155
MDMin:  383 14:27:13    -2397.370199        0.097227
MDMin:  384 14:27:15    -2397.370200        0.096196
MDMin:  385 14:27:17    -2397.370201        0.095058
MDMin:  386 14:27:19    -2397.370201        0.093811
MDMin:  387 14:27:21    -2397.370202        0.092457
MDMin:  388 14:27:23    -2397.370202        0.090998
MDMin:  389 14:27:25    -2397.370203        0.089438
MDMin:  390 14:27:27    -2397.370203        0.087783
MDMin:  391 14:27:29    -2397.370204        0.086041
MDMin:  392 14:27:30    -2397.370204        0.084225
MDMin:  393 14:27:32    -2397.370205        0.082383
MDMin:  394 14:27:33    -2397.370206        0.141814
MDMin:  395 14:27:35    -2397.370206        0.080461
MDMin:  396 14:27:36    -2397.370206        0.080001
MDMin:  397 14:27:38    -2397.370206        0.079525
MDMin:  398 14:27:41    -2397.370206        0.079035
MDMin:  399 14:27:43    -2397.370206        0.078529
MDMin:  400 14:27:44    -2397.370206        0.078009
MDMin:  401 14:27:47    -2397.370207        0.077475
MDMin:  402 14:27:49    -2397.370207        0.076926
MDMin:  403 14:27:50    -2397.370207        0.076479
MDMin:  404 14:27:52    -2397.370207        0.076055
MDMin:  405 14:27:53    -2397.370207        0.075622
MDMin:  406 14:27:55    -2397.370207        0.075182
MDMin:  407 14:27:57    -2397.370208        0.074733
MDMin:  408 14:27:59    -2397.370208        0.074277
MDMin:  409 14:28:00    -2397.370208        0.073813
MDMin:  410 14:28:01    -2397.370208        0.073341
MDMin:  411 14:28:03    -2397.370208        0.072861
MDMin:  412 14:28:04    -2397.370209        0.072373
MDMin:  413 14:28:05    -2397.370209        0.071877
MDMin:  414 14:28:06    -2397.370209        0.071373
MDMin:  415 14:28:07    -2397.370209        0.070860
MDMin:  416 14:28:08    -2397.370210        0.070340
MDMin:  417 14:28:10    -2397.370210        0.069811
MDMin:  418 14:28:11    -2397.370210        0.069274
MDMin:  419 14:28:13    -2397.370210        0.068728
MDMin:  420 14:28:15    -2397.370210        0.068174
MDMin:  421 14:28:16    -2397.370211        0.067610
MDMin:  422 14:28:18    -2397.370211        0.067038
MDMin:  423 14:28:19    -2397.370211        0.066455
MDMin:  424 14:28:20    -2397.370211        0.065863
MDMin:  425 14:28:21    -2397.370212        0.065260
MDMin:  426 14:28:23    -2397.370212        0.064647
MDMin:  427 14:28:24    -2397.370212        0.064022
MDMin:  428 14:28:25    -2397.370212        0.063386
MDMin:  429 14:28:26    -2397.370213        0.062738
MDMin:  430 14:28:28    -2397.370213        0.062078
MDMin:  431 14:28:29    -2397.370213        0.061404
MDMin:  432 14:28:32    -2397.370214        0.060717
MDMin:  433 14:28:34    -2397.370214        0.060016
MDMin:  434 14:28:36    -2397.370214        0.059301
MDMin:  435 14:28:38    -2397.370214        0.058570
MDMin:  436 14:28:40    -2397.370215        0.057823
MDMin:  437 14:28:41    -2397.370215        0.057061
MDMin:  438 14:28:44    -2397.370215        0.056282
MDMin:  439 14:28:46    -2397.370216        0.055486
MDMin:  440 14:28:48    -2397.370216        0.054672
MDMin:  441 14:28:50    -2397.370216        0.053841
MDMin:  442 14:28:51    -2397.370216        0.052991
MDMin:  443 14:28:53    -2397.370217        0.052123
MDMin:  444 14:28:55    -2397.370217        0.051236
MDMin:  445 14:28:57    -2397.370217        0.050330
MDMin:  446 14:28:59    -2397.370218        0.049405
