       Step     Time          Energy          fmax
MDMin:    0 21:25:36    -2393.864583        7.824362
MDMin:    1 21:25:39    -2393.865420        7.543835
MDMin:    2 21:25:41    -2393.867905        6.502973
MDMin:    3 21:25:43    -2393.872024        6.009452
MDMin:    4 21:25:45    -2393.877685        7.149426
MDMin:    5 21:25:46    -2393.884591        6.252885
MDMin:    6 21:25:48    -2393.893373        3.061760
MDMin:    7 21:25:50    -2393.904967        2.265623
MDMin:    8 21:25:52    -2393.918688        3.007148
MDMin:    9 21:25:54    -2393.933815        3.560664
MDMin:   10 21:25:56    -2393.943439        2.321135
MDMin:   11 21:25:58    -2393.953998        1.333064
MDMin:   12 21:26:00    -2393.966625        1.138451
MDMin:   13 21:26:02    -2393.980716        1.201822
MDMin:   14 21:26:04    -2393.993857        2.225340
MDMin:   15 21:26:06    -2393.999040        1.102512
MDMin:   16 21:26:08    -2394.002868        1.108274
MDMin:   17 21:26:10    -2394.007230        1.087203
MDMin:   18 21:26:12    -2394.012171        1.031681
MDMin:   19 21:26:14    -2394.016594        0.947218
MDMin:   20 21:26:16    -2394.020446        0.923646
MDMin:   21 21:26:18    -2394.024958        0.872029
MDMin:   22 21:26:20    -2394.030260        0.815741
MDMin:   23 21:26:22    -2394.036530        0.745117
MDMin:   24 21:26:24    -2394.044002        0.774613
MDMin:   25 21:26:26    -2394.052955        0.849882
MDMin:   26 21:26:28    -2394.063678        0.931622
MDMin:   27 21:26:30    -2394.076491        0.999620
MDMin:   28 21:26:32    -2394.091625        1.031662
MDMin:   29 21:26:34    -2394.108381        1.256321
MDMin:   30 21:26:36    -2394.120923        1.250932
MDMin:   31 21:26:38    -2394.127473        1.023424
MDMin:   32 21:26:40    -2394.135639        1.022744
MDMin:   33 21:26:42    -2394.144790        1.023871
MDMin:   34 21:26:44    -2394.152516        1.028266
MDMin:   35 21:26:46    -2394.161447        1.037871
MDMin:   36 21:26:48    -2394.171719        1.056118
MDMin:   37 21:26:50    -2394.183470        1.086387
MDMin:   38 21:26:52    -2394.196830        1.132114
MDMin:   39 21:26:54    -2394.211904        1.196775
MDMin:   40 21:26:56    -2394.228744        1.282324
MDMin:   41 21:26:58    -2394.247336        1.439369
MDMin:   42 21:27:00    -2394.267653        1.595996
MDMin:   43 21:27:03    -2394.289845        1.679255
MDMin:   44 21:27:05    -2394.314515        1.622133
MDMin:   45 21:27:07    -2394.342814        1.492516
MDMin:   46 21:27:09    -2394.376166        1.692068
MDMin:   47 21:27:11    -2394.416028        1.852695
MDMin:   48 21:27:13    -2394.464656        1.786279
MDMin:   49 21:27:15    -2394.528452        1.503523
MDMin:   50 21:27:17    -2394.621746        1.361317
MDMin:   51 21:27:19    -2394.768541        1.644676
MDMin:   52 21:27:21    -2394.988308        1.919672
MDMin:   53 21:27:23    -2395.249720        1.917949
MDMin:   54 21:27:25    -2395.445200        1.678989
MDMin:   55 21:27:27    -2395.483394        1.765365
MDMin:   56 21:27:29    -2395.493936        0.912997
MDMin:   57 21:27:31    -2395.505138        0.779261
MDMin:   58 21:27:33    -2395.516112        0.664982
MDMin:   59 21:27:35    -2395.526888        0.629943
MDMin:   60 21:27:37    -2395.537594        0.664341
MDMin:   61 21:27:39    -2395.548352        0.710088
MDMin:   62 21:27:41    -2395.559183        0.767412
MDMin:   63 21:27:43    -2395.570042        0.832778
MDMin:   64 21:27:45    -2395.580807        0.896143
MDMin:   65 21:27:47    -2395.591283        0.941585
MDMin:   66 21:27:49    -2395.600811        0.954790
MDMin:   67 21:27:51    -2395.607847        1.063269
MDMin:   68 21:27:53    -2395.611688        0.926524
MDMin:   69 21:27:55    -2395.615196        0.908005
MDMin:   70 21:27:58    -2395.619028        0.883273
MDMin:   71 21:28:00    -2395.623195        0.851634
MDMin:   72 21:28:01    -2395.627658        0.813197
MDMin:   73 21:28:04    -2395.632367        0.768688
MDMin:   74 21:28:06    -2395.637269        0.719343
MDMin:   75 21:28:08    -2395.642308        0.666642
MDMin:   76 21:28:10    -2395.647424        0.612063
MDMin:   77 21:28:12    -2395.652555        0.592228
MDMin:   78 21:28:14    -2395.657634        0.583558
MDMin:   79 21:28:16    -2395.662580        0.578764
MDMin:   80 21:28:18    -2395.667241        0.580660
MDMin:   81 21:28:20    -2395.671200        0.845337
MDMin:   82 21:28:22    -2395.673547        0.750756
MDMin:   83 21:28:24    -2395.674841        0.610709
MDMin:   84 21:28:26    -2395.676250        0.622603
MDMin:   85 21:28:28    -2395.677781        0.638872
MDMin:   86 21:28:30    -2395.679414        0.660682
MDMin:   87 21:28:32    -2395.681124        0.689228
MDMin:   88 21:28:34    -2395.682889        0.725481
MDMin:   89 21:28:36    -2395.684684        0.769652
MDMin:   90 21:28:38    -2395.686490        0.820376
MDMin:   91 21:28:40    -2395.688287        0.873767
MDMin:   92 21:28:42    -2395.690063        0.923148
MDMin:   93 21:28:44    -2395.691808        0.960381
MDMin:   94 21:28:46    -2395.693515        0.978327
MDMin:   95 21:28:48    -2395.695176        1.031160
MDMin:   96 21:28:50    -2395.696783        1.123679
MDMin:   97 21:28:52    -2395.698326        1.227182
MDMin:   98 21:28:54    -2395.699794        1.329784
MDMin:   99 21:28:56    -2395.701169        1.403496
MDMin:  100 21:28:58    -2395.702408        1.416321
MDMin:  101 21:29:00    -2395.703419        1.395280
MDMin:  102 21:29:01    -2395.704147        1.471715
MDMin:  103 21:29:02    -2395.704750        1.529981
MDMin:  104 21:29:04    -2395.705380        1.579346
MDMin:  105 21:29:05    -2395.706061        1.609943
MDMin:  106 21:29:06    -2395.706801        1.604154
MDMin:  107 21:29:08    -2395.707604        1.544989
MDMin:  108 21:29:09    -2395.708477        1.428950
MDMin:  109 21:29:10    -2395.709424        1.271003
MDMin:  110 21:29:12    -2395.710433        1.214911
MDMin:  111 21:29:13    -2395.711450        1.323122
MDMin:  112 21:29:14    -2395.712329        1.426041
MDMin:  113 21:29:16    -2395.712920        1.491688
MDMin:  114 21:29:17    -2395.713401        1.534568
MDMin:  115 21:29:18    -2395.713898        1.561956
MDMin:  116 21:29:19    -2395.714444        1.566540
MDMin:  117 21:29:21    -2395.715044        1.538936
MDMin:  118 21:29:23    -2395.715705        1.474445
MDMin:  119 21:29:25    -2395.716431        1.374215
MDMin:  120 21:29:26    -2395.717229        1.244683
MDMin:  121 21:29:28    -2395.718100        1.096354
MDMin:  122 21:29:30    -2395.719046        0.942459
MDMin:  123 21:29:32    -2395.720047        0.892806
MDMin:  124 21:29:33    -2395.721018        0.880604
MDMin:  125 21:29:35    -2395.721738        0.868845
MDMin:  126 21:29:37    -2395.722191        0.860817
MDMin:  127 21:29:39    -2395.722649        0.852703
MDMin:  128 21:29:41    -2395.723174        0.843569
MDMin:  129 21:29:43    -2395.723774        0.833465
MDMin:  130 21:29:45    -2395.724454        0.822555
MDMin:  131 21:29:47    -2395.725220        0.811090
MDMin:  132 21:29:48    -2395.726078        0.799389
MDMin:  133 21:29:50    -2395.727038        0.787845
MDMin:  134 21:29:52    -2395.728107        0.776913
MDMin:  135 21:29:54    -2395.729294        0.767130
MDMin:  136 21:29:56    -2395.730602        0.759136
MDMin:  137 21:29:58    -2395.731997        0.753679
MDMin:  138 21:30:00    -2395.733231        0.809791
MDMin:  139 21:30:02    -2395.733655        0.750862
MDMin:  140 21:30:04    -2395.733970        0.751200
MDMin:  141 21:30:06    -2395.734310        0.752353
MDMin:  142 21:30:08    -2395.734693        0.754727
MDMin:  143 21:30:10    -2395.735120        0.758842
MDMin:  144 21:30:12    -2395.735591        0.765388
MDMin:  145 21:30:15    -2395.736107        0.775273
MDMin:  146 21:30:16    -2395.736668        0.789718
MDMin:  147 21:30:18    -2395.737275        0.810341
MDMin:  148 21:30:20    -2395.737927        0.839271
MDMin:  149 21:30:22    -2395.738623        0.879100
MDMin:  150 21:30:24    -2395.739361        0.932541
MDMin:  151 21:30:26    -2395.740137        1.000904
MDMin:  152 21:30:28    -2395.740941        1.080928
MDMin:  153 21:30:30    -2395.741745        1.159846
MDMin:  154 21:30:32    -2395.742489        1.217551
MDMin:  155 21:30:34    -2395.743097        1.244365
MDMin:  156 21:30:36    -2395.743599        1.249812
MDMin:  157 21:30:38    -2395.744090        1.240746
MDMin:  158 21:30:40    -2395.744627        1.216740
MDMin:  159 21:30:42    -2395.745227        1.176379
MDMin:  160 21:30:44    -2395.745900        1.119977
MDMin:  161 21:30:46    -2395.746653        1.050890
MDMin:  162 21:30:48    -2395.747494        0.974800
MDMin:  163 21:30:50    -2395.748426        0.898160
MDMin:  164 21:30:52    -2395.749446        0.873416
MDMin:  165 21:30:54    -2395.750524        0.863176
MDMin:  166 21:30:56    -2395.751563        0.851347
MDMin:  167 21:30:58    -2395.752414        0.841031
MDMin:  168 21:31:00    -2395.753124        0.832313
MDMin:  169 21:31:01    -2395.753840        0.823605
MDMin:  170 21:31:03    -2395.754641        0.814092
MDMin:  171 21:31:06    -2395.755548        0.803664
MDMin:  172 21:31:07    -2395.756578        0.792343
MDMin:  173 21:31:09    -2395.757743        0.780294
MDMin:  174 21:31:11    -2395.759059        0.767795
MDMin:  175 21:31:13    -2395.760534        0.755400
MDMin:  176 21:31:15    -2395.762174        0.751225
MDMin:  177 21:31:17    -2395.763936        0.764636
MDMin:  178 21:31:19    -2395.765683        0.776180
MDMin:  179 21:31:21    -2395.767157        0.784502
MDMin:  180 21:31:23    -2395.768372        0.790435
MDMin:  181 21:31:25    -2395.769572        0.795558
MDMin:  182 21:31:27    -2395.770908        0.800463
MDMin:  183 21:31:29    -2395.772420        0.805025
MDMin:  184 21:31:32    -2395.774135        0.808966
MDMin:  185 21:31:33    -2395.776069        0.812069
MDMin:  186 21:31:35    -2395.778241        0.838307
MDMin:  187 21:31:37    -2395.780660        0.896132
MDMin:  188 21:31:39    -2395.783334        0.971528
MDMin:  189 21:31:41    -2395.786254        1.058452
MDMin:  190 21:31:43    -2395.789416        1.140541
MDMin:  191 21:31:45    -2395.792794        1.192658
MDMin:  192 21:31:47    -2395.796368        1.192652
MDMin:  193 21:31:49    -2395.800003        1.135896
MDMin:  194 21:31:50    -2395.803490        1.046393
MDMin:  195 21:31:52    -2395.806691        0.955429
MDMin:  196 21:31:54    -2395.809961        0.867340
MDMin:  197 21:31:56    -2395.813556        0.812003
MDMin:  198 21:31:58    -2395.817682        0.813238
MDMin:  199 21:32:00    -2395.822436        0.815101
MDMin:  200 21:32:02    -2395.827946        0.817977
MDMin:  201 21:32:04    -2395.834297        0.822225
MDMin:  202 21:32:06    -2395.841624        0.828425
MDMin:  203 21:32:08    -2395.849966        0.836985
MDMin:  204 21:32:10    -2395.859388        0.848009
MDMin:  205 21:32:12    -2395.869741        0.861227
MDMin:  206 21:32:14    -2395.881018        0.876439
MDMin:  207 21:32:16    -2395.893213        0.893403
MDMin:  208 21:32:18    -2395.906867        0.912616
MDMin:  209 21:32:20    -2395.922540        0.934505
MDMin:  210 21:32:22    -2395.941112        0.959680
MDMin:  211 21:32:24    -2395.963415        0.988215
MDMin:  212 21:32:26    -2395.990569        1.019926
MDMin:  213 21:32:28    -2396.023733        1.054022
MDMin:  214 21:32:30    -2396.064265        1.089547
MDMin:  215 21:32:32    -2396.113256        1.125370
MDMin:  216 21:32:34    -2396.171242        1.160169
MDMin:  217 21:32:36    -2396.237250        1.191219
MDMin:  218 21:32:38    -2396.308238        1.214785
MDMin:  219 21:32:40    -2396.370787        1.217372
MDMin:  220 21:32:41    -2396.386161        1.234025
MDMin:  221 21:32:43    -2396.402249        1.289118
MDMin:  222 21:32:45    -2396.418895        1.250953
MDMin:  223 21:32:47    -2396.427999        1.053183
MDMin:  224 21:32:49    -2396.433728        1.191461
MDMin:  225 21:32:51    -2396.437894        0.927147
MDMin:  226 21:32:53    -2396.441402        0.895159
MDMin:  227 21:32:55    -2396.445276        0.861014
MDMin:  228 21:32:57    -2396.449675        0.823601
MDMin:  229 21:32:59    -2396.454616        0.814487
MDMin:  230 21:33:01    -2396.460086        0.850169
MDMin:  231 21:33:03    -2396.464393        0.888556
MDMin:  232 21:33:05    -2396.470393        0.915625
MDMin:  233 21:33:07    -2396.475890        0.917494
MDMin:  234 21:33:09    -2396.480921        0.879676
MDMin:  235 21:33:11    -2396.485482        0.807053
MDMin:  236 21:33:13    -2396.489299        1.076902
MDMin:  237 21:33:15    -2396.491485        0.811981
MDMin:  238 21:33:17    -2396.492841        0.667839
MDMin:  239 21:33:19    -2396.494425        0.642655
MDMin:  240 21:33:21    -2396.496268        0.616153
MDMin:  241 21:33:22    -2396.498411        0.589440
MDMin:  242 21:33:24    -2396.500917        0.563662
MDMin:  243 21:33:26    -2396.503883        0.539868
MDMin:  244 21:33:28    -2396.507444        0.518854
MDMin:  245 21:33:30    -2396.511790        0.501040
MDMin:  246 21:33:32    -2396.517179        0.486368
MDMin:  247 21:33:34    -2396.523947        0.474297
MDMin:  248 21:33:36    -2396.532518        0.463899
MDMin:  249 21:33:37    -2396.543392        0.454084
MDMin:  250 21:33:39    -2396.557092        0.469525
MDMin:  251 21:33:41    -2396.573956        0.483237
MDMin:  252 21:33:43    -2396.593258        0.637057
MDMin:  253 21:33:45    -2396.608743        1.050205
MDMin:  254 21:33:47    -2396.613277        0.425280
MDMin:  255 21:33:49    -2396.619048        0.434760
MDMin:  256 21:33:51    -2396.625484        0.449101
MDMin:  257 21:33:52    -2396.632669        0.466742
MDMin:  258 21:33:54    -2396.636730        0.488559
MDMin:  259 21:33:56    -2396.640048        0.514338
MDMin:  260 21:33:58    -2396.643660        0.543391
MDMin:  261 21:34:00    -2396.647663        0.575746
MDMin:  262 21:34:02    -2396.652037        0.610868
MDMin:  263 21:34:04    -2396.656689        0.646333
MDMin:  264 21:34:06    -2396.661669        0.679426
MDMin:  265 21:34:08    -2396.666919        0.707096
MDMin:  266 21:34:10    -2396.672465        0.727363
MDMin:  267 21:34:11    -2396.678300        0.739384
MDMin:  268 21:34:14    -2396.684468        0.742719
MDMin:  269 21:34:16    -2396.691035        0.736262
MDMin:  270 21:34:18    -2396.698421        0.776750
MDMin:  271 21:34:20    -2396.720947        0.701351
MDMin:  272 21:34:22    -2396.723632        0.681707
MDMin:  273 21:34:24    -2396.726056        0.661292
MDMin:  274 21:34:25    -2396.728707        0.639975
MDMin:  275 21:34:27    -2396.731602        0.617414
MDMin:  276 21:34:29    -2396.734889        0.593564
MDMin:  277 21:34:31    -2396.738552        0.568789
MDMin:  278 21:34:33    -2396.742600        0.543840
MDMin:  279 21:34:35    -2396.746920        0.519777
MDMin:  280 21:34:37    -2396.751338        0.497792
MDMin:  281 21:34:39    -2396.755648        0.478483
MDMin:  282 21:34:41    -2396.759800        0.461193
MDMin:  283 21:34:43    -2396.763924        0.444704
MDMin:  284 21:34:45    -2396.768207        0.428220
MDMin:  285 21:34:47    -2396.772761        0.411394
MDMin:  286 21:34:49    -2396.777631        0.394107
MDMin:  287 21:34:51    -2396.782809        0.382182
MDMin:  288 21:34:52    -2396.788236        0.392897
MDMin:  289 21:34:54    -2396.793805        0.406557
MDMin:  290 21:34:56    -2396.799398        0.422818
MDMin:  291 21:34:58    -2396.804947        0.441509
MDMin:  292 21:35:00    -2396.810483        0.462574
MDMin:  293 21:35:02    -2396.816095        0.486330
MDMin:  294 21:35:04    -2396.821877        0.512944
MDMin:  295 21:35:06    -2396.827892        0.542343
MDMin:  296 21:35:08    -2396.834171        0.573873
MDMin:  297 21:35:09    -2396.840715        0.606247
MDMin:  298 21:35:12    -2396.847506        0.637421
MDMin:  299 21:35:14    -2396.854508        0.664847
MDMin:  300 21:35:16    -2396.861690        0.685877
MDMin:  301 21:35:18    -2396.869030        0.698356
MDMin:  302 21:35:20    -2396.876534        0.700967
MDMin:  303 21:35:22    -2396.884219        0.693390
MDMin:  304 21:35:24    -2396.892107        0.676282
MDMin:  305 21:35:26    -2396.900201        0.651199
MDMin:  306 21:35:28    -2396.908488        0.620333
MDMin:  307 21:35:29    -2396.916922        0.586121
MDMin:  308 21:35:31    -2396.925448        0.550781
MDMin:  309 21:35:33    -2396.934006        0.516000
MDMin:  310 21:35:35    -2396.942556        0.498972
MDMin:  311 21:35:37    -2396.951072        0.503028
MDMin:  312 21:35:39    -2396.959555        0.506814
MDMin:  313 21:35:40    -2396.968002        0.508347
MDMin:  314 21:35:42    -2396.976414        0.510112
MDMin:  315 21:35:44    -2396.984776        0.510084
MDMin:  316 21:35:46    -2396.993077        0.510891
MDMin:  317 21:35:48    -2397.001302        0.510412
MDMin:  318 21:35:50    -2397.009461        0.511414
MDMin:  319 21:35:53    -2397.017565        0.512872
MDMin:  320 21:35:55    -2397.025648        0.514259
MDMin:  321 21:35:57    -2397.033735        0.516315
MDMin:  322 21:35:59    -2397.041860        0.518880
MDMin:  323 21:36:01    -2397.050040        0.522698
MDMin:  324 21:36:03    -2397.058307        0.529218
MDMin:  325 21:36:04    -2397.066685        0.535978
MDMin:  326 21:36:06    -2397.075224        0.545832
MDMin:  327 21:36:08    -2397.083976        0.556286
MDMin:  328 21:36:10    -2397.093016        0.570329
MDMin:  329 21:36:12    -2397.102417        0.585460
MDMin:  330 21:36:14    -2397.112274        0.604805
MDMin:  331 21:36:16    -2397.122689        0.625815
MDMin:  332 21:36:18    -2397.133792        0.653028
MDMin:  333 21:36:20    -2397.145736        0.682707
MDMin:  334 21:36:22    -2397.158727        0.719401
MDMin:  335 21:36:24    -2397.173011        0.757578
MDMin:  336 21:36:26    -2397.188902        0.806545
MDMin:  337 21:36:27    -2397.206780        0.855380
MDMin:  338 21:36:29    -2397.227109        0.917605
MDMin:  339 21:36:31    -2397.250428        0.980648
MDMin:  340 21:36:33    -2397.277353        1.049645
MDMin:  341 21:36:35    -2397.308531        1.123336
MDMin:  342 21:36:37    -2397.344557        1.191133
MDMin:  343 21:36:39    -2397.385815        1.253844
MDMin:  344 21:36:41    -2397.432228        1.293400
MDMin:  345 21:36:43    -2397.482897        1.304213
MDMin:  346 21:36:44    -2397.535843        1.268808
MDMin:  347 21:36:46    -2397.587891        1.184081
MDMin:  348 21:36:48    -2397.635478        1.056964
MDMin:  349 21:36:50    -2397.675575        0.950496
MDMin:  350 21:36:52    -2397.707167        0.879456
MDMin:  351 21:36:54    -2397.723833        0.795432
MDMin:  352 21:36:56    -2397.729175        0.699081
MDMin:  353 21:36:58    -2397.733286        0.697003
MDMin:  354 21:37:00    -2397.737532        0.730159
MDMin:  355 21:37:02    -2397.741356        0.692468
MDMin:  356 21:37:04    -2397.744772        0.679034
MDMin:  357 21:37:06    -2397.747529        0.654198
MDMin:  358 21:37:08    -2397.749632        0.622345
MDMin:  359 21:37:10    -2397.751555        0.583849
MDMin:  360 21:37:12    -2397.753445        0.618695
MDMin:  361 21:37:14    -2397.755325        0.661377
MDMin:  362 21:37:16    -2397.757154        0.624145
MDMin:  363 21:37:18    -2397.759021        0.625366
MDMin:  364 21:37:20    -2397.760930        0.607541
MDMin:  365 21:37:22    -2397.762834        0.506115
MDMin:  366 21:37:24    -2397.764899        0.514844
MDMin:  367 21:37:26    -2397.766875        0.573626
MDMin:  368 21:37:28    -2397.768570        0.539971
MDMin:  369 21:37:30    -2397.769787        0.576444
MDMin:  370 21:37:31    -2397.770598        0.544264
MDMin:  371 21:37:33    -2397.771459        0.506186
MDMin:  372 21:37:35    -2397.772359        0.489364
MDMin:  373 21:37:37    -2397.773248        0.482535
MDMin:  374 21:37:39    -2397.774068        0.492812
MDMin:  375 21:37:42    -2397.774917        0.510917
MDMin:  376 21:37:44    -2397.775777        0.535603
MDMin:  377 21:37:46    -2397.776676        0.570934
MDMin:  378 21:37:48    -2397.777612        0.611571
MDMin:  379 21:37:50    -2397.778585        0.656942
MDMin:  380 21:37:52    -2397.779595        0.704818
MDMin:  381 21:37:53    -2397.780087        1.832055
MDMin:  382 21:37:55    -2397.780988        0.761858
MDMin:  383 21:37:57    -2397.781324        0.771752
MDMin:  384 21:37:59    -2397.781727        0.781110
MDMin:  385 21:38:01    -2397.782198        0.787917
MDMin:  386 21:38:03    -2397.782736        0.789490
MDMin:  387 21:38:04    -2397.782464        1.747865
MDMin:  388 21:38:06    -2397.783590        0.777621
MDMin:  389 21:38:07    -2397.783862        0.797644
MDMin:  390 21:38:08    -2397.784205        0.821604
MDMin:  391 21:38:09    -2397.784619        0.848424
MDMin:  392 21:38:10    -2397.784233        1.702022
MDMin:  393 21:38:11    -2397.785328        0.884787
MDMin:  394 21:38:13    -2397.785581        0.893859
MDMin:  395 21:38:14    -2397.785908        0.902295
MDMin:  396 21:38:16    -2397.786310        0.907378
MDMin:  397 21:38:18    -2397.785255        1.671216
MDMin:  398 21:38:20    -2397.787014        0.901838
MDMin:  399 21:38:22    -2397.787275        0.895272
MDMin:  400 21:38:24    -2397.787612        0.888618
MDMin:  401 21:38:26    -2397.787259        1.641670
MDMin:  402 21:38:28    -2397.788240        0.906231
MDMin:  403 21:38:30    -2397.788491        0.911097
MDMin:  404 21:38:32    -2397.788822        0.915677
MDMin:  405 21:38:34    -2397.788754        1.620068
MDMin:  406 21:38:36    -2397.789446        0.918364
MDMin:  407 21:38:38    -2397.789701        0.917146
MDMin:  408 21:38:40    -2397.790038        0.913512
MDMin:  409 21:38:42    -2397.790094        1.602844
MDMin:  410 21:38:44    -2397.790674        0.900350
MDMin:  411 21:38:46    -2397.790930        0.893029
MDMin:  412 21:38:48    -2397.791273        0.881550
MDMin:  413 21:38:50    -2397.791344        1.589094
MDMin:  414 21:38:52    -2397.791915        0.855348
MDMin:  415 21:38:54    -2397.792168        0.844065
MDMin:  416 21:38:56    -2397.792510        0.827941
MDMin:  417 21:38:58    -2397.792491        1.578429
MDMin:  418 21:39:00    -2397.793147        0.795730
MDMin:  419 21:39:02    -2397.793391        0.783325
MDMin:  420 21:39:04    -2397.793726        0.765999
MDMin:  421 21:39:05    -2397.793519        1.570449
MDMin:  422 21:39:07    -2397.794350        0.732871
MDMin:  423 21:39:09    -2397.794585        0.720594
MDMin:  424 21:39:11    -2397.794913        0.703256
MDMin:  425 21:39:13    -2397.794433        1.564637
MDMin:  426 21:39:15    -2397.795524        0.669837
MDMin:  427 21:39:17    -2397.795754        0.657354
MDMin:  428 21:39:19    -2397.795706        1.550893
MDMin:  429 21:39:21    -2397.796242        0.629595
MDMin:  430 21:39:23    -2397.796455        0.617451
MDMin:  431 21:39:25    -2397.796636        1.541277
MDMin:  432 21:39:26    -2397.796926        0.589290
MDMin:  433 21:39:28    -2397.797139        0.601411
MDMin:  434 21:39:30    -2397.797449        0.620996
MDMin:  435 21:39:32    -2397.797136        1.543546
MDMin:  436 21:39:34    -2397.798047        0.659928
MDMin:  437 21:39:36    -2397.798284        0.675279
MDMin:  438 21:39:38    -2397.798129        1.533428
MDMin:  439 21:39:40    -2397.798799        0.708984
MDMin:  440 21:39:42    -2397.799032        0.723798
MDMin:  441 21:39:44    -2397.798938        1.525940
MDMin:  442 21:39:46    -2397.799551        0.756456
MDMin:  443 21:39:48    -2397.799794        0.770907
MDMin:  444 21:39:50    -2397.799702        1.519397
MDMin:  445 21:39:52    -2397.800336        0.801858
MDMin:  446 21:39:54    -2397.800546        1.502888
MDMin:  447 21:39:56    -2397.800772        0.824370
MDMin:  448 21:39:58    -2397.801020        0.835447
MDMin:  449 21:40:00    -2397.801133        1.500682
MDMin:  450 21:40:02    -2397.801585        0.857301
MDMin:  451 21:40:04    -2397.801791        1.485190
MDMin:  452 21:40:06    -2397.802042        0.870796
MDMin:  453 21:40:08    -2397.802263        1.472922
MDMin:  454 21:40:10    -2397.802480        0.879910
MDMin:  455 21:40:12    -2397.802656        1.461856
MDMin:  456 21:40:14    -2397.802803        1.441970
MDMin:  457 21:40:16    -2397.802754        1.411871
MDMin:  458 21:40:18    -2397.802332        1.372754
MDMin:  459 21:40:20    -2397.795370        0.990973
MDMin:  460 21:40:22    -2397.788293        0.954660
MDMin:  461 21:40:24    -2397.779996        0.914613
MDMin:  462 21:40:26    -2397.770631        0.871853
MDMin:  463 21:40:28    -2397.760362        0.827287
MDMin:  464 21:40:30    -2397.749336        0.781700
MDMin:  465 21:40:32    -2397.737650        0.760588
MDMin:  466 21:40:34    -2397.725325        0.731450
MDMin:  467 21:40:36    -2397.712278        0.676423
MDMin:  468 21:40:38    -2397.698307        0.622220
MDMin:  469 21:40:40    -2397.683088        0.581329
MDMin:  470 21:40:42    -2397.666323        0.536978
MDMin:  471 21:40:44    -2397.647611        0.538348
MDMin:  472 21:40:46    -2397.626719        0.536980
MDMin:  473 21:40:48    -2397.603521        0.532747
MDMin:  474 21:40:50    -2397.578381        0.525348
MDMin:  475 21:40:51    -2397.552686        0.514567
MDMin:  476 21:40:54    -2397.528833        0.500028
MDMin:  477 21:40:56    -2397.510071        0.481961
MDMin:  478 21:40:57    -2397.500127        0.461938
MDMin:  479 21:40:59    -2397.503004        0.450986
MDMin:  480 21:41:02    -2397.523472        0.544047
MDMin:  481 21:41:04    -2397.566293        0.650684
MDMin:  482 21:41:06    -2397.628776        0.679239
MDMin:  483 21:41:08    -2397.694097        1.272623
MDMin:  484 21:41:10    -2397.714720        0.845108
MDMin:  485 21:41:12    -2397.717583        0.673065
MDMin:  486 21:41:14    -2397.722659        0.628829
MDMin:  487 21:41:16    -2397.729997        0.610717
MDMin:  488 21:41:18    -2397.739138        0.579830
MDMin:  489 21:41:19    -2397.748912        0.536868
MDMin:  490 21:41:21    -2397.746747        0.556980
MDMin:  491 21:41:23    -2397.748492        0.522044
MDMin:  492 21:41:25    -2397.749403        0.548038
MDMin:  493 21:41:26    -2397.747807        0.513900
MDMin:  494 21:41:28    -2397.748667        0.508164
MDMin:  495 21:41:29    -2397.749078        0.559541
MDMin:  496 21:41:30    -2397.748005        0.498662
MDMin:  497 21:41:32    -2397.748852        0.493128
MDMin:  498 21:41:33    -2397.749003        0.566884
MDMin:  499 21:41:35    -2397.748146        0.484319
MDMin:  500 21:41:36    -2397.748940        0.479239
MDMin:  501 21:41:38    -2397.748974        0.571689
MDMin:  502 21:41:39    -2397.748186        0.474131
MDMin:  503 21:41:41    -2397.748928        0.472389
MDMin:  504 21:41:43    -2397.748965        0.581645
MDMin:  505 21:41:44    -2397.748132        0.469850
MDMin:  506 21:41:46    -2397.748829        0.468175
MDMin:  507 21:41:47    -2397.748976        0.596618
MDMin:  508 21:41:49    -2397.747995        0.465720
MDMin:  509 21:41:50    -2397.748653        0.464105
MDMin:  510 21:41:52    -2397.749009        0.610352
MDMin:  511 21:41:54    -2397.747784        0.461723
MDMin:  512 21:41:56    -2397.748408        0.460160
MDMin:  513 21:41:58    -2397.749066        0.623016
MDMin:  514 21:42:00    -2397.747508        0.457842
MDMin:  515 21:42:03    -2397.748101        0.456324
MDMin:  516 21:42:05    -2397.749009        0.453963
MDMin:  517 21:42:07    -2397.746679        0.651074
MDMin:  518 21:42:09    -2397.748116        0.450878
MDMin:  519 21:42:11    -2397.748694        0.449331
MDMin:  520 21:42:13    -2397.747266        0.660250
MDMin:  521 21:42:15    -2397.747728        0.447054
MDMin:  522 21:42:17    -2397.748249        0.445629
MDMin:  523 21:42:19    -2397.747556        0.669271
MDMin:  524 21:42:21    -2397.747254        0.443473
MDMin:  525 21:42:23    -2397.747749        0.442087
MDMin:  526 21:42:25    -2397.747822        0.677819
MDMin:  527 21:42:27    -2397.746730        0.439968
MDMin:  528 21:42:29    -2397.747205        0.438607
MDMin:  529 21:42:31    -2397.747939        0.436466
MDMin:  530 21:42:33    -2397.745839        0.700060
MDMin:  531 21:42:35    -2397.746905        0.433586
MDMin:  532 21:42:37    -2397.747371        0.432180
MDMin:  533 21:42:38    -2397.746577        0.706016
MDMin:  534 21:42:41    -2397.746302        0.430026
MDMin:  535 21:42:43    -2397.746725        0.428711
MDMin:  536 21:42:44    -2397.747017        0.712281
MDMin:  537 21:42:46    -2397.745636        0.426637
MDMin:  538 21:42:48    -2397.746040        0.425343
MDMin:  539 21:42:49    -2397.746669        0.423297
MDMin:  540 21:42:50    -2397.745311        0.731331
MDMin:  541 21:42:52    -2397.745548        0.420460
MDMin:  542 21:42:54    -2397.745946        0.419112
MDMin:  543 21:42:56    -2397.746156        0.735451
MDMin:  544 21:42:57    -2397.744816        0.416965
MDMin:  545 21:42:59    -2397.745178        0.415692
MDMin:  546 21:43:01    -2397.745742        0.413679
MDMin:  547 21:43:03    -2397.744675        0.752426
MDMin:  548 21:43:05    -2397.744570        0.410824
MDMin:  549 21:43:07    -2397.744925        0.409496
MDMin:  550 21:43:09    -2397.745467        0.407433
MDMin:  551 21:43:12    -2397.743607        0.767405
MDMin:  552 21:43:14    -2397.744267        0.404488
MDMin:  553 21:43:16    -2397.744599        0.403162
MDMin:  554 21:43:17    -2397.744666        0.769417
MDMin:  555 21:43:19    -2397.743418        0.400959
MDMin:  556 21:43:21    -2397.743719        0.399707
MDMin:  557 21:43:23    -2397.744188        0.397725
MDMin:  558 21:43:25    -2397.743494        0.783665
MDMin:  559 21:43:27    -2397.742950        0.394803
MDMin:  560 21:43:29    -2397.743245        0.393488
MDMin:  561 21:43:31    -2397.743695        0.391444
MDMin:  562 21:43:33    -2397.742699        0.796196
MDMin:  563 21:43:35    -2397.742435        0.389754
MDMin:  564 21:43:37    -2397.742711        0.390082
MDMin:  565 21:43:39    -2397.743131        0.390586
MDMin:  566 21:43:41    -2397.742053        0.807677
MDMin:  567 21:43:43    -2397.741853        0.391570
MDMin:  568 21:43:45    -2397.742110        0.391901
MDMin:  569 21:43:47    -2397.742501        0.392409
MDMin:  570 21:43:49    -2397.741519        0.818305
MDMin:  571 21:43:51    -2397.741208        0.393404
MDMin:  572 21:43:53    -2397.741447        0.393739
MDMin:  573 21:43:55    -2397.741810        0.394254
MDMin:  574 21:43:58    -2397.741082        0.828193
MDMin:  575 21:44:00    -2397.740504        0.395263
MDMin:  576 21:44:02    -2397.740726        0.395604
MDMin:  577 21:44:03    -2397.741063        0.396128
MDMin:  578 21:44:04    -2397.740731        0.837428
MDMin:  579 21:44:05    -2397.739746        0.397155
MDMin:  580 21:44:07    -2397.739952        0.397503
MDMin:  581 21:44:08    -2397.740265        0.398039
MDMin:  582 21:44:10    -2397.740458        0.846077
MDMin:  583 21:44:12    -2397.738938        0.399090
MDMin:  584 21:44:14    -2397.739129        0.399447
MDMin:  585 21:44:16    -2397.739419        0.399996
MDMin:  586 21:44:18    -2397.739803        0.400735
MDMin:  587 21:44:20    -2397.738266        0.866083
MDMin:  588 21:44:22    -2397.738388        0.402036
MDMin:  589 21:44:24    -2397.738569        0.402423
MDMin:  590 21:44:26    -2397.738837        0.403007
MDMin:  591 21:44:28    -2397.738576        0.871786
MDMin:  592 21:44:30    -2397.737495        0.404140
MDMin:  593 21:44:32    -2397.737653        0.404523
MDMin:  594 21:44:34    -2397.737893        0.405109
MDMin:  595 21:44:36    -2397.738211        0.405900
MDMin:  596 21:44:38    -2397.736792        0.889403
MDMin:  597 21:44:40    -2397.736784        0.407296
MDMin:  598 21:44:42    -2397.736932        0.407716
MDMin:  599 21:44:44    -2397.737153        0.408347
MDMin:  600 21:44:45    -2397.737326        0.893604
MDMin:  601 21:44:47    -2397.735809        0.409575
MDMin:  602 21:44:49    -2397.735938        0.409993
MDMin:  603 21:44:51    -2397.736134        0.410632
MDMin:  604 21:44:53    -2397.736393        0.411495
MDMin:  605 21:44:55    -2397.735841        0.909540
MDMin:  606 21:44:57    -2397.734961        0.413027
MDMin:  607 21:44:59    -2397.735082        0.413491
MDMin:  608 21:45:01    -2397.735261        0.414189
MDMin:  609 21:45:03    -2397.735498        0.415123
MDMin:  610 21:45:06    -2397.734822        0.923310
MDMin:  611 21:45:08    -2397.734063        0.416772
MDMin:  612 21:45:10    -2397.734171        0.417270
MDMin:  613 21:45:12    -2397.734330        0.418015
MDMin:  614 21:45:14    -2397.734540        0.419011
MDMin:  615 21:45:16    -2397.734031        0.935852
MDMin:  616 21:45:18    -2397.733112        0.420772
MDMin:  617 21:45:20    -2397.733207        0.421307
MDMin:  618 21:45:22    -2397.733346        0.422105
MDMin:  619 21:45:25    -2397.733531        0.423175
MDMin:  620 21:45:27    -2397.733415        0.947426
MDMin:  621 21:45:29    -2397.732112        0.425070
MDMin:  622 21:45:31    -2397.732195        0.425648
MDMin:  623 21:45:33    -2397.732316        0.426509
MDMin:  624 21:45:35    -2397.732479        0.427661
MDMin:  625 21:45:37    -2397.732683        0.429114
MDMin:  626 21:45:38    -2397.731168        0.969710
MDMin:  627 21:45:40    -2397.731185        0.431538
MDMin:  628 21:45:42    -2397.731259        0.432211
MDMin:  629 21:45:44    -2397.731367        0.433193
MDMin:  630 21:45:46    -2397.731510        0.434493
MDMin:  631 21:45:48    -2397.731322        0.977476
MDMin:  632 21:45:50    -2397.730117        0.436773
MDMin:  633 21:45:52    -2397.730176        0.437468
MDMin:  634 21:45:54    -2397.730264        0.438490
MDMin:  635 21:45:56    -2397.730383        0.439849
MDMin:  636 21:45:58    -2397.730535        0.441554
MDMin:  637 21:46:00    -2397.729665        0.996898
MDMin:  638 21:46:02    -2397.729074        0.444388
MDMin:  639 21:46:04    -2397.729126        0.445182
MDMin:  640 21:46:06    -2397.729202        0.446327
MDMin:  641 21:46:08    -2397.729305        0.447831
MDMin:  642 21:46:10    -2397.729439        0.449700
MDMin:  643 21:46:12    -2397.728601        1.013553
MDMin:  644 21:46:14    -2397.727997        0.452789
MDMin:  645 21:46:16    -2397.728039        0.453655
MDMin:  646 21:46:18    -2397.728102        0.454895
MDMin:  647 21:46:19    -2397.728188        0.456516
MDMin:  648 21:46:20    -2397.728301        0.458526
MDMin:  649 21:46:22    -2397.727859        1.028598
MDMin:  650 21:46:23    -2397.726884        0.461827
MDMin:  651 21:46:24    -2397.726917        0.462754
MDMin:  652 21:46:25    -2397.726967        0.464071
MDMin:  653 21:46:26    -2397.727037        0.465779
MDMin:  654 21:46:28    -2397.727131        0.467879
MDMin:  655 21:46:30    -2397.727255        0.470368
MDMin:  656 21:46:32    -2397.725801        1.053880
MDMin:  657 21:46:34    -2397.725791        0.474248
MDMin:  658 21:46:36    -2397.725818        0.475262
MDMin:  659 21:46:38    -2397.725858        0.476659
MDMin:  660 21:46:40    -2397.725917        0.478435
MDMin:  661 21:46:41    -2397.725999        0.480576
MDMin:  662 21:46:43    -2397.726036        1.064072
MDMin:  663 21:46:45    -2397.724636        0.483982
MDMin:  664 21:46:47    -2397.724651        0.484929
MDMin:  665 21:46:49    -2397.724677        0.486235
MDMin:  666 21:46:51    -2397.724718        0.487885
MDMin:  667 21:46:54    -2397.724779        0.489854
MDMin:  668 21:46:56    -2397.724865        0.492108
MDMin:  669 21:46:58    -2397.724734        1.085856
MDMin:  670 21:47:00    -2397.723454        0.495465
MDMin:  671 21:47:02    -2397.723463        0.496329
MDMin:  672 21:47:04    -2397.723481        0.497479
MDMin:  673 21:47:06    -2397.723511        0.498884
MDMin:  674 21:47:08    -2397.723560        0.500501
MDMin:  675 21:47:10    -2397.723634        0.502273
MDMin:  676 21:47:12    -2397.723737        0.504125
MDMin:  677 21:47:14    -2397.722677        1.116146
MDMin:  678 21:47:16    -2397.722285        0.506536
MDMin:  679 21:47:19    -2397.722287        0.507076
MDMin:  680 21:47:21    -2397.722296        0.507740
MDMin:  681 21:47:23    -2397.722316        0.508479
MDMin:  682 21:47:25    -2397.722354        0.509230
MDMin:  683 21:47:27    -2397.722416        0.509911
MDMin:  684 21:47:29    -2397.722506        0.510429
MDMin:  685 21:47:31    -2397.721620        1.141644
MDMin:  686 21:47:33    -2397.721074        0.510660
MDMin:  687 21:47:35    -2397.721065        0.510612
MDMin:  688 21:47:37    -2397.721060        0.510482
MDMin:  689 21:47:39    -2397.721065        0.510211
MDMin:  690 21:47:41    -2397.721085        0.509733
MDMin:  691 21:47:43    -2397.721127        0.508966
MDMin:  692 21:47:45    -2397.721196        0.507820
MDMin:  693 21:47:47    -2397.721130        1.164197
MDMin:  694 21:47:49    -2397.719767        0.505517
MDMin:  695 21:47:51    -2397.719745        0.504790
MDMin:  696 21:47:53    -2397.719725        0.503782
MDMin:  697 21:47:55    -2397.719711        0.502443
MDMin:  698 21:47:57    -2397.719712        0.500716
MDMin:  699 21:47:59    -2397.719733        0.498538
MDMin:  700 21:48:01    -2397.719781        0.495838
MDMin:  701 21:48:03    -2397.719859        0.492544
MDMin:  702 21:48:05    -2397.719848        1.195844
MDMin:  703 21:48:07    -2397.718346        0.493216
MDMin:  704 21:48:09    -2397.718308        0.498724
MDMin:  705 21:48:11    -2397.718271        0.506022
MDMin:  706 21:48:13    -2397.718241        0.515402
MDMin:  707 21:48:15    -2397.718226        0.527276
MDMin:  708 21:48:17    -2397.718233        0.542219
MDMin:  709 21:48:19    -2397.718267        0.561029
MDMin:  710 21:48:21    -2397.718333        0.584823
MDMin:  711 21:48:23    -2397.718433        0.615150
MDMin:  712 21:48:24    -2397.718410        1.232834
MDMin:  713 21:48:26    -2397.716727        0.673338
MDMin:  714 21:48:28    -2397.716661        0.694245
MDMin:  715 21:48:30    -2397.716599        0.721732
MDMin:  716 21:48:33    -2397.716549        0.757250
MDMin:  717 21:48:34    -2397.716520        0.802626
MDMin:  718 21:48:37    -2397.716517        0.859934
MDMin:  719 21:48:39    -2397.716546        0.931111
MDMin:  720 21:48:41    -2397.716608        1.017036
MDMin:  721 21:48:43    -2397.716704        1.115755
MDMin:  722 21:48:45    -2397.716833        1.219801
MDMin:  723 21:48:47    -2397.716993        1.313565
MDMin:  724 21:48:49    -2397.716561        1.373482
MDMin:  725 21:48:51    -2397.714534        1.382097
MDMin:  726 21:48:53    -2397.714358        1.364817
MDMin:  727 21:48:55    -2397.714213        1.317260
MDMin:  728 21:48:57    -2397.714118        1.239620
MDMin:  729 21:48:59    -2397.714088        1.140507
MDMin:  730 21:49:00    -2397.714141        1.034318
MDMin:  731 21:49:02    -2397.714290        0.934363
MDMin:  732 21:49:03    -2397.714546        0.847081
MDMin:  733 21:49:04    -2397.714908        0.893992
MDMin:  734 21:49:06    -2397.715367        1.000800
MDMin:  735 21:49:07    -2397.715865        1.314603
MDMin:  736 21:49:08    -2397.712588        1.172519
MDMin:  737 21:49:10    -2397.712404        1.206886
MDMin:  738 21:49:12    -2397.712290        1.214107
MDMin:  739 21:49:14    -2397.712262        1.182841
MDMin:  740 21:49:16    -2397.712327        1.110503
MDMin:  741 21:49:18    -2397.712488        1.008320
MDMin:  742 21:49:20    -2397.712747        0.898321
MDMin:  743 21:49:22    -2397.713096        0.800735
MDMin:  744 21:49:24    -2397.713520        0.759001
MDMin:  745 21:49:26    -2397.714000        0.820615
MDMin:  746 21:49:28    -2397.714512        0.898742
MDMin:  747 21:49:30    -2397.715034        0.979030
MDMin:  748 21:49:32    -2397.713188        1.355726
MDMin:  749 21:49:34    -2397.711953        1.027540
MDMin:  750 21:49:36    -2397.711590        1.009618
MDMin:  751 21:49:38    -2397.711281        0.972363
MDMin:  752 21:49:40    -2397.711046        0.916707
MDMin:  753 21:49:42    -2397.710887        0.847578
MDMin:  754 21:49:44    -2397.710803        0.772241
MDMin:  755 21:49:46    -2397.710786        0.714058
MDMin:  756 21:49:48    -2397.710829        0.742603
MDMin:  757 21:49:50    -2397.710919        0.778149
MDMin:  758 21:49:52    -2397.711047        0.816639
MDMin:  759 21:49:54    -2397.711204        0.847096
MDMin:  760 21:49:56    -2397.711385        0.853988
MDMin:  761 21:49:58    -2397.711583        0.826959
MDMin:  762 21:50:00    -2397.711784        0.774823
MDMin:  763 21:50:02    -2397.711918        0.744240
MDMin:  764 21:50:04    -2397.711980        0.748853
MDMin:  765 21:50:06    -2397.712057        0.751262
MDMin:  766 21:50:08    -2397.711754        1.389331
MDMin:  767 21:50:10    -2397.710702        0.745323
MDMin:  768 21:50:11    -2397.710640        0.738915
MDMin:  769 21:50:13    -2397.710576        0.728196
MDMin:  770 21:50:15    -2397.710516        0.711676
MDMin:  771 21:50:17    -2397.710465        0.688020
MDMin:  772 21:50:19    -2397.710428        0.656461
MDMin:  773 21:50:21    -2397.710410        0.617278
MDMin:  774 21:50:23    -2397.710417        0.572135
MDMin:  775 21:50:25    -2397.710453        0.524024
MDMin:  776 21:50:27    -2397.710520        0.476683
MDMin:  777 21:50:29    -2397.710621        0.441185
MDMin:  778 21:50:31    -2397.710758        0.443870
MDMin:  779 21:50:33    -2397.710931        0.446206
MDMin:  780 21:50:35    -2397.711138        0.448114
MDMin:  781 21:50:37    -2397.710313        1.400136
MDMin:  782 21:50:39    -2397.709209        0.449667
MDMin:  783 21:50:41    -2397.709075        0.449735
MDMin:  784 21:50:43    -2397.708940        0.449787
MDMin:  785 21:50:45    -2397.708812        0.449816
MDMin:  786 21:50:47    -2397.708700        0.449817
MDMin:  787 21:50:49    -2397.708610        0.449785
MDMin:  788 21:50:51    -2397.708545        0.449714
MDMin:  789 21:50:53    -2397.708509        0.449601
MDMin:  790 21:50:55    -2397.708502        0.449441
MDMin:  791 21:50:56    -2397.708526        0.449227
MDMin:  792 21:50:58    -2397.708580        0.448950
MDMin:  793 21:51:00    -2397.708663        0.448592
MDMin:  794 21:51:02    -2397.708774        0.448124
MDMin:  795 21:51:05    -2397.708913        0.447503
MDMin:  796 21:51:07    -2397.709077        0.446664
MDMin:  797 21:51:09    -2397.709267        0.445517
MDMin:  798 21:51:11    -2397.709480        0.443945
MDMin:  799 21:51:13    -2397.709715        0.441797
MDMin:  800 21:51:15    -2397.709970        0.438884
MDMin:  801 21:51:17    -2397.710243        0.434977
MDMin:  802 21:51:19    -2397.710531        0.429808
MDMin:  803 21:51:21    -2397.710829        0.423067
MDMin:  804 21:51:23    -2397.711133        0.414433
MDMin:  805 21:51:25    -2397.711437        0.403600
MDMin:  806 21:51:27    -2397.711730        0.390462
MDMin:  807 21:51:29    -2397.711979        0.652995
MDMin:  808 21:51:31    -2397.712051        0.460054
MDMin:  809 21:51:33    -2397.712066        0.374292
MDMin:  810 21:51:35    -2397.712089        0.374221
MDMin:  811 21:51:37    -2397.712119        0.374117
MDMin:  812 21:51:39    -2397.712153        0.373971
MDMin:  813 21:51:42    -2397.712192        0.373773
MDMin:  814 21:51:43    -2397.712235        0.373508
MDMin:  815 21:51:45    -2397.712278        0.373163
MDMin:  816 21:51:48    -2397.712323        0.372722
MDMin:  817 21:51:50    -2397.712365        0.372169
MDMin:  818 21:51:52    -2397.712403        0.371488
MDMin:  819 21:51:53    -2397.712434        0.370668
MDMin:  820 21:51:56    -2397.712453        0.369698
MDMin:  821 21:51:58    -2397.712457        0.368576
MDMin:  822 21:52:00    -2397.712439        0.367308
MDMin:  823 21:52:01    -2397.712393        0.365905
MDMin:  824 21:52:03    -2397.712309        0.364385
MDMin:  825 21:52:05    -2397.712177        0.362771
MDMin:  826 21:52:07    -2397.711983        0.361092
MDMin:  827 21:52:09    -2397.711711        0.359376
MDMin:  828 21:52:11    -2397.711339        0.357648
MDMin:  829 21:52:13    -2397.710840        0.355925
MDMin:  830 21:52:15    -2397.710181        0.354214
MDMin:  831 21:52:17    -2397.709326        0.352507
MDMin:  832 21:52:19    -2397.708269        0.370257
MDMin:  833 21:52:21    -2397.707397        0.637592
MDMin:  834 21:52:23    -2397.707200        0.349274
MDMin:  835 21:52:25    -2397.706890        0.348835
MDMin:  836 21:52:27    -2397.706493        0.348299
MDMin:  837 21:52:29    -2397.706012        0.347680
MDMin:  838 21:52:31    -2397.705437        0.346979
MDMin:  839 21:52:33    -2397.704753        0.346191
MDMin:  840 21:52:35    -2397.703946        0.345312
MDMin:  841 21:52:37    -2397.703000        0.344330
MDMin:  842 21:52:39    -2397.701894        0.343231
MDMin:  843 21:52:41    -2397.700605        0.341993
MDMin:  844 21:52:43    -2397.699111        0.340590
MDMin:  845 21:52:45    -2397.697386        0.338988
MDMin:  846 21:52:47    -2397.695403        0.337146
MDMin:  847 21:52:48    -2397.693137        0.335013
MDMin:  848 21:52:50    -2397.690568        0.332534
MDMin:  849 21:52:52    -2397.687678        0.329644
MDMin:  850 21:52:54    -2397.684463        0.326275
MDMin:  851 21:52:56    -2397.680934        0.322367
MDMin:  852 21:52:58    -2397.677127        0.317859
MDMin:  853 21:53:00    -2397.673139        0.312739
MDMin:  854 21:53:02    -2397.669343        0.422100
MDMin:  855 21:53:04    -2397.667122        0.476529
MDMin:  856 21:53:06    -2397.666363        0.302708
MDMin:  857 21:53:07    -2397.665354        0.301020
MDMin:  858 21:53:09    -2397.664200        0.299018
MDMin:  859 21:53:11    -2397.662916        0.297176
MDMin:  860 21:53:13    -2397.661524        0.296727
MDMin:  861 21:53:15    -2397.660050        0.296211
MDMin:  862 21:53:17    -2397.658530        0.295625
MDMin:  863 21:53:19    -2397.657010        0.294970
MDMin:  864 21:53:21    -2397.655549        0.294248
MDMin:  865 21:53:23    -2397.654221        0.293467
MDMin:  866 21:53:26    -2397.653118        0.292639
MDMin:  867 21:53:28    -2397.652352        0.291779
MDMin:  868 21:53:30    -2397.652059        0.290904
MDMin:  869 21:53:32    -2397.652402        0.290036
MDMin:  870 21:53:34    -2397.653565        0.289201
MDMin:  871 21:53:35    -2397.655760        0.288421
MDMin:  872 21:53:37    -2397.659215        0.287720
MDMin:  873 21:53:39    -2397.664163        0.287118
MDMin:  874 21:53:41    -2397.670822        0.286626
MDMin:  875 21:53:43    -2397.679323        0.292904
MDMin:  876 21:53:45    -2397.689474        0.302136
MDMin:  877 21:53:47    -2397.699896        0.373664
MDMin:  878 21:53:49    -2397.706440        0.632245
MDMin:  879 21:53:51    -2397.707955        0.294261
MDMin:  880 21:53:53    -2397.709889        0.295348
MDMin:  881 21:53:55    -2397.711838        0.296087
MDMin:  882 21:53:57    -2397.713664        0.296166
MDMin:  883 21:53:59    -2397.715264        0.295238
MDMin:  884 21:54:01    -2397.716614        0.292995
MDMin:  885 21:54:03    -2397.717794        0.289274
MDMin:  886 21:54:06    -2397.718950        0.284883
MDMin:  887 21:54:08    -2397.720223        0.284752
MDMin:  888 21:54:10    -2397.721695        0.284598
MDMin:  889 21:54:13    -2397.723280        0.600232
MDMin:  890 21:54:15    -2397.722947        0.284254
MDMin:  891 21:54:17    -2397.723582        0.521425
MDMin:  892 21:54:19    -2397.722955        0.291884
MDMin:  893 21:54:21    -2397.723446        0.289211
MDMin:  894 21:54:23    -2397.722978        0.496188
MDMin:  895 21:54:25    -2397.723374        0.296992
MDMin:  896 21:54:27    -2397.722978        0.476788
MDMin:  897 21:54:30    -2397.723217        0.303259
MDMin:  898 21:54:32    -2397.722943        0.462863
MDMin:  899 21:54:34    -2397.723039        0.309046
MDMin:  900 21:54:36    -2397.722902        0.450702
MDMin:  901 21:54:39    -2397.722857        0.314523
MDMin:  902 21:54:41    -2397.722859        0.439471
MDMin:  903 21:54:43    -2397.722681        0.319716
MDMin:  904 21:54:45    -2397.722816        0.428934
MDMin:  905 21:54:47    -2397.722512        0.324636
MDMin:  906 21:54:49    -2397.722772        0.418984
MDMin:  907 21:54:51    -2397.722353        0.329295
MDMin:  908 21:54:53    -2397.722728        0.409551
MDMin:  909 21:54:55    -2397.722205        0.333703
MDMin:  910 21:54:57    -2397.722683        0.400578
MDMin:  911 21:54:58    -2397.722069        0.337875
MDMin:  912 21:55:00    -2397.722625        0.333903
MDMin:  913 21:55:02    -2397.722088        0.396143
MDMin:  914 21:55:04    -2397.722463        0.381716
MDMin:  915 21:55:05    -2397.721344        0.352310
MDMin:  916 21:55:07    -2397.722185        0.346293
MDMin:  917 21:55:09    -2397.721861        0.372440
MDMin:  918 21:55:11    -2397.722281        0.357090
MDMin:  919 21:55:12    -2397.720961        0.363941
MDMin:  920 21:55:13    -2397.721898        0.357223
MDMin:  921 21:55:14    -2397.721654        0.349246
MDMin:  922 21:55:15    -2397.722085        0.334284
MDMin:  923 21:55:17    -2397.720759        0.373418
MDMin:  924 21:55:18    -2397.721746        0.366311
MDMin:  925 21:55:20    -2397.721423        0.328427
MDMin:  926 21:55:22    -2397.721860        0.313882
MDMin:  927 21:55:24    -2397.720690        0.381214
MDMin:  928 21:55:25    -2397.721710        0.373804
MDMin:  929 21:55:26    -2397.721156        0.309797
MDMin:  930 21:55:28    -2397.721599        0.304251
MDMin:  931 21:55:29    -2397.720731        0.387626
MDMin:  932 21:55:31    -2397.721657        0.307155
MDMin:  933 21:55:33    -2397.720989        0.387819
MDMin:  934 21:55:35    -2397.721586        0.309295
MDMin:  935 21:55:38    -2397.721093        0.388844
MDMin:  936 21:55:40    -2397.721491        0.311225
MDMin:  937 21:55:41    -2397.721175        0.389951
MDMin:  938 21:55:43    -2397.721388        0.313100
MDMin:  939 21:55:44    -2397.721258        0.391015
MDMin:  940 21:55:45    -2397.721281        0.314949
MDMin:  941 21:55:46    -2397.721345        0.392016
MDMin:  942 21:55:47    -2397.721169        0.316772
MDMin:  943 21:55:49    -2397.721438        0.392951
MDMin:  944 21:55:51    -2397.721053        0.318568
MDMin:  945 21:55:52    -2397.721372        0.319472
MDMin:  946 21:55:53    -2397.720502        0.403719
MDMin:  947 21:55:55    -2397.721328        0.321906
MDMin:  948 21:55:56    -2397.720775        0.403295
MDMin:  949 21:55:57    -2397.721215        0.323713
MDMin:  950 21:55:59    -2397.720947        0.403466
MDMin:  951 21:56:00    -2397.721087        0.325380
MDMin:  952 21:56:01    -2397.721102        0.403717
MDMin:  953 21:56:02    -2397.720952        0.326989
MDMin:  954 21:56:04    -2397.721256        0.403955
MDMin:  955 21:56:05    -2397.720811        0.328552
MDMin:  956 21:56:07    -2397.721133        0.329336
MDMin:  957 21:56:09    -2397.720417        0.413492
MDMin:  958 21:56:10    -2397.721055        0.331397
MDMin:  959 21:56:12    -2397.720751        0.412401
MDMin:  960 21:56:13    -2397.720916        0.332904
MDMin:  961 21:56:15    -2397.720976        0.411983
MDMin:  962 21:56:16    -2397.720760        0.334264
MDMin:  963 21:56:18    -2397.721085        0.334935
MDMin:  964 21:56:20    -2397.720207        0.420624
MDMin:  965 21:56:22    -2397.720983        0.336653
MDMin:  966 21:56:24    -2397.720590        0.419045
MDMin:  967 21:56:26    -2397.720825        0.337879
MDMin:  968 21:56:29    -2397.720856        0.418201
MDMin:  969 21:56:31    -2397.720651        0.338955
MDMin:  970 21:56:33    -2397.720977        0.339475
MDMin:  971 21:56:35    -2397.720150        0.426122
MDMin:  972 21:56:37    -2397.720850        0.340762
MDMin:  973 21:56:39    -2397.720572        0.424140
MDMin:  974 21:56:41    -2397.720671        0.341633
MDMin:  975 21:56:43    -2397.720872        0.422936
MDMin:  976 21:56:45    -2397.720478        0.342354
MDMin:  977 21:56:47    -2397.720806        0.342686
MDMin:  978 21:56:49    -2397.720223        0.430266
MDMin:  979 21:56:51    -2397.720652        0.343442
MDMin:  980 21:56:53    -2397.720677        0.427935
MDMin:  981 21:56:55    -2397.720452        0.343877
MDMin:  982 21:56:57    -2397.720787        0.344043
MDMin:  983 21:56:59    -2397.720089        0.434632
MDMin:  984 21:57:01    -2397.720613        0.344336
MDMin:  985 21:57:03    -2397.720583        0.431934
MDMin:  986 21:57:05    -2397.720397        0.344384
MDMin:  987 21:57:07    -2397.720733        0.344352
MDMin:  988 21:57:09    -2397.720042        0.438130
MDMin:  989 21:57:11    -2397.720538        0.344116
MDMin:  990 21:57:13    -2397.720566        0.435134
MDMin:  991 21:57:15    -2397.720305        0.343729
MDMin:  992 21:57:17    -2397.720643        0.343475
MDMin:  993 21:57:19    -2397.720068        0.440902
MDMin:  994 21:57:21    -2397.720425        0.342654
MDMin:  995 21:57:23    -2397.720617        0.437639
MDMin:  996 21:57:25    -2397.720173        0.341787
MDMin:  997 21:57:27    -2397.720513        0.341289
MDMin:  998 21:57:29    -2397.720159        0.443034
MDMin:  999 21:57:30    -2397.720272        0.339835
MDMin:  1000 21:57:32    -2397.720641        0.339114
MDMin:  1001 21:57:34    -2397.719819        0.447475
MDMin:  1002 21:57:36    -2397.720389        0.337134
MDMin:  1003 21:57:37    -2397.720460        0.443439
MDMin:  1004 21:57:39    -2397.720107        0.335357
MDMin:  1005 21:57:40    -2397.720451        0.334405
MDMin:  1006 21:57:41    -2397.720082        0.448035
MDMin:  1007 21:57:43    -2397.720169        0.331813
MDMin:  1008 21:57:45    -2397.720542        0.330587
MDMin:  1009 21:57:47    -2397.719820        0.451720
MDMin:  1010 21:57:49    -2397.720246        0.327400
MDMin:  1011 21:57:51    -2397.720509        0.447195
MDMin:  1012 21:57:53    -2397.719929        0.324670
MDMin:  1013 21:57:55    -2397.720276        0.323245
MDMin:  1014 21:57:57    -2397.720198        0.451180
MDMin:  1015 21:57:59    -2397.719950        0.319498
MDMin:  1016 21:58:01    -2397.720327        0.317759
MDMin:  1017 21:58:03    -2397.720001        0.454266
MDMin:  1018 21:58:05    -2397.719983        0.313374
MDMin:  1019 21:58:07    -2397.720369        0.311396
MDMin:  1020 21:58:09    -2397.719866        0.456805
MDMin:  1021 21:58:11    -2397.720006        0.306495
MDMin:  1022 21:58:12    -2397.720395        0.304305
MDMin:  1023 21:58:14    -2397.719776        0.458930
MDMin:  1024 21:58:15    -2397.720012        0.298945
MDMin:  1025 21:58:17    -2397.720402        0.296560
MDMin:  1026 21:58:19    -2397.719723        0.460706
MDMin:  1027 21:58:21    -2397.719998        0.290779
MDMin:  1028 21:58:23    -2397.720389        0.288213
MDMin:  1029 21:58:25    -2397.719705        0.462172
MDMin:  1030 21:58:27    -2397.719964        0.282049
MDMin:  1031 21:58:29    -2397.720357        0.279317
MDMin:  1032 21:58:31    -2397.719717        0.463355
MDMin:  1033 21:58:33    -2397.719910        0.272808
MDMin:  1034 21:58:35    -2397.720304        0.269927
MDMin:  1035 21:58:37    -2397.719758        0.464279
MDMin:  1036 21:58:39    -2397.719834        0.263115
MDMin:  1037 21:58:41    -2397.720231        0.260104
MDMin:  1038 21:58:43    -2397.719825        0.464959
MDMin:  1039 21:58:45    -2397.719737        0.253035
MDMin:  1040 21:58:47    -2397.720136        0.249912
MDMin:  1041 21:58:49    -2397.719917        0.465410
MDMin:  1042 21:58:50    -2397.719619        0.248206
MDMin:  1043 21:58:51    -2397.720020        0.247636
MDMin:  1044 21:58:52    -2397.720031        0.465644
MDMin:  1045 21:58:54    -2397.719479        0.246304
MDMin:  1046 21:58:55    -2397.719882        0.248843
MDMin:  1047 21:58:56    -2397.720166        0.465669
MDMin:  1048 21:58:57    -2397.719317        0.255267
MDMin:  1049 21:58:58    -2397.719722        0.258017
MDMin:  1050 21:58:59    -2397.720250        0.261666
MDMin:  1051 21:59:01    -2397.719366        0.473671
MDMin:  1052 21:59:02    -2397.719602        0.269092
MDMin:  1053 21:59:04    -2397.720047        0.271936
MDMin:  1054 21:59:06    -2397.719770        0.471492
MDMin:  1055 21:59:08    -2397.719403        0.278018
MDMin:  1056 21:59:10    -2397.719822        0.280475
MDMin:  1057 21:59:12    -2397.720081        0.469947
MDMin:  1058 21:59:14    -2397.719163        0.285780
MDMin:  1059 21:59:16    -2397.719575        0.287939
MDMin:  1060 21:59:18    -2397.720103        0.290697
MDMin:  1061 21:59:20    -2397.719456        0.476443
MDMin:  1062 21:59:22    -2397.719351        0.295923
MDMin:  1063 21:59:24    -2397.719799        0.297762
MDMin:  1064 21:59:26    -2397.719973        0.473145
MDMin:  1065 21:59:27    -2397.719063        0.301341
MDMin:  1066 21:59:29    -2397.719484        0.302617
MDMin:  1067 21:59:31    -2397.720016        0.304139
MDMin:  1068 21:59:33    -2397.719491        0.478385
MDMin:  1069 21:59:35    -2397.719190        0.306525
MDMin:  1070 21:59:37    -2397.719638        0.307108
MDMin:  1071 21:59:39    -2397.720095        0.474204
MDMin:  1072 21:59:41    -2397.718842        0.307795
MDMin:  1073 21:59:43    -2397.719260        0.307769
MDMin:  1074 21:59:45    -2397.719785        0.307584
MDMin:  1075 21:59:47    -2397.719717        0.478550
MDMin:  1076 21:59:49    -2397.718901        0.306378
MDMin:  1077 21:59:51    -2397.719342        0.305480
MDMin:  1078 21:59:53    -2397.719887        0.304176
MDMin:  1079 21:59:55    -2397.719517        0.481292
MDMin:  1080 21:59:57    -2397.718954        0.300705
MDMin:  1081 21:59:59    -2397.719396        0.298923
MDMin:  1082 22:00:01    -2397.719939        0.296541
MDMin:  1083 22:00:02    -2397.719436        0.482954
MDMin:  1084 22:00:04    -2397.718977        0.291091
MDMin:  1085 22:00:06    -2397.719411        0.288614
MDMin:  1086 22:00:08    -2397.719943        0.285418
MDMin:  1087 22:00:10    -2397.719437        0.483850
MDMin:  1088 22:00:13    -2397.718964        0.278618
MDMin:  1089 22:00:15    -2397.719385        0.275732
MDMin:  1090 22:00:17    -2397.719902        0.272083
MDMin:  1091 22:00:19    -2397.719496        0.484175
MDMin:  1092 22:00:21    -2397.718915        0.264665
MDMin:  1093 22:00:23    -2397.719322        0.261653
MDMin:  1094 22:00:25    -2397.719823        0.257893
MDMin:  1095 22:00:27    -2397.719597        0.484055
MDMin:  1096 22:00:29    -2397.718830        0.250478
MDMin:  1097 22:00:31    -2397.719224        0.247559
MDMin:  1098 22:00:33    -2397.719709        0.243943
MDMin:  1099 22:00:35    -2397.719727        0.483576
MDMin:  1100 22:00:37    -2397.718713        0.242372
MDMin:  1101 22:00:39    -2397.719093        0.242483
MDMin:  1102 22:00:41    -2397.719563        0.242626
MDMin:  1103 22:00:43    -2397.719882        0.482795
MDMin:  1104 22:00:45    -2397.718565        0.242917
MDMin:  1105 22:00:47    -2397.718932        0.243034
MDMin:  1106 22:00:49    -2397.719388        0.243184
MDMin:  1107 22:00:51    -2397.719929        0.243371
MDMin:  1108 22:00:53    -2397.719339        0.488325
MDMin:  1109 22:00:55    -2397.718830        0.243728
MDMin:  1110 22:00:57    -2397.719209        0.243861
MDMin:  1111 22:00:59    -2397.719672        0.244028
MDMin:  1112 22:01:01    -2397.719746        0.485069
MDMin:  1113 22:01:03    -2397.718634        0.244355
MDMin:  1114 22:01:05    -2397.718981        0.244480
MDMin:  1115 22:01:07    -2397.719411        0.244640
MDMin:  1116 22:01:09    -2397.719922        0.244835
MDMin:  1117 22:01:11    -2397.719401        0.488711
MDMin:  1118 22:01:13    -2397.718801        0.245198
MDMin:  1119 22:01:15    -2397.719154        0.245328
MDMin:  1120 22:01:17    -2397.719585        0.245492
MDMin:  1121 22:01:19    -2397.719872        0.484570
MDMin:  1122 22:01:21    -2397.718536        0.245805
MDMin:  1123 22:01:23    -2397.718858        0.245922
MDMin:  1124 22:01:25    -2397.719258        0.246071
MDMin:  1125 22:01:27    -2397.719734        0.246251
MDMin:  1126 22:01:29    -2397.719639        0.487101
MDMin:  1127 22:01:31    -2397.718600        0.246579
MDMin:  1128 22:01:33    -2397.718928        0.246694
MDMin:  1129 22:01:35    -2397.719331        0.246837
MDMin:  1130 22:01:37    -2397.719807        0.247009
MDMin:  1131 22:01:39    -2397.719573        0.487880
MDMin:  1132 22:01:41    -2397.718639        0.247312
MDMin:  1133 22:01:43    -2397.718959        0.247414
MDMin:  1134 22:01:45    -2397.719351        0.247541
MDMin:  1135 22:01:47    -2397.719812        0.247691
MDMin:  1136 22:01:48    -2397.719602        0.487645
MDMin:  1137 22:01:50    -2397.718628        0.247949
MDMin:  1138 22:01:52    -2397.718936        0.248033
MDMin:  1139 22:01:54    -2397.719313        0.248136
MDMin:  1140 22:01:56    -2397.719757        0.248256
MDMin:  1141 22:01:58    -2397.719689        0.486726
MDMin:  1142 22:02:00    -2397.718561        0.248456
MDMin:  1143 22:02:02    -2397.718856        0.248518
MDMin:  1144 22:02:04    -2397.719219        0.248593
MDMin:  1145 22:02:06    -2397.719647        0.248678
MDMin:  1146 22:02:08    -2397.719817        0.485269
MDMin:  1147 22:02:10    -2397.718438        0.248809
MDMin:  1148 22:02:12    -2397.718723        0.248845
MDMin:  1149 22:02:14    -2397.719072        0.248886
MDMin:  1150 22:02:16    -2397.719483        0.248930
MDMin:  1151 22:02:18    -2397.719953        0.248972
MDMin:  1152 22:02:20    -2397.719501        0.488097
MDMin:  1153 22:02:22    -2397.718617        0.249009
MDMin:  1154 22:02:24    -2397.718906        0.249005
MDMin:  1155 22:02:26    -2397.719254        0.248994
MDMin:  1156 22:02:28    -2397.719661        0.248973
MDMin:  1157 22:02:30    -2397.719861        0.483876
MDMin:  1158 22:02:32    -2397.718388        0.248899
MDMin:  1159 22:02:33    -2397.718651        0.248857
MDMin:  1160 22:02:35    -2397.718974        0.248798
MDMin:  1161 22:02:37    -2397.719352        0.248719
MDMin:  1162 22:02:39    -2397.719783        0.248613
MDMin:  1163 22:02:41    -2397.719729        0.484561
MDMin:  1164 22:02:43    -2397.718398        0.248378
MDMin:  1165 22:02:45    -2397.718661        0.248275
MDMin:  1166 22:02:47    -2397.718979        0.248141
MDMin:  1167 22:02:49    -2397.719349        0.247969
MDMin:  1168 22:02:51    -2397.719769        0.247752
MDMin:  1169 22:02:53    -2397.719771        0.483115
MDMin:  1170 22:02:55    -2397.718328        0.247317
MDMin:  1171 22:02:57    -2397.718581        0.247144
MDMin:  1172 22:02:59    -2397.718885        0.246922
MDMin:  1173 22:03:01    -2397.719237        0.246645
MDMin:  1174 22:03:03    -2397.719635        0.246306
MDMin:  1175 22:03:05    -2397.719906        0.481655
MDMin:  1176 22:03:07    -2397.718155        0.245653
MDMin:  1177 22:03:09    -2397.718395        0.245403
MDMin:  1178 22:03:11    -2397.718683        0.245086
MDMin:  1179 22:03:13    -2397.719015        0.244695
MDMin:  1180 22:03:15    -2397.719390        0.244222
MDMin:  1181 22:03:17    -2397.719804        0.243656
MDMin:  1182 22:03:19    -2397.719771        0.488210
MDMin:  1183 22:03:21    -2397.718151        0.242611
MDMin:  1184 22:03:23    -2397.718388        0.242230
MDMin:  1185 22:03:25    -2397.718666        0.241757
MDMin:  1186 22:03:27    -2397.718984        0.241182
MDMin:  1187 22:03:29    -2397.719339        0.240497
MDMin:  1188 22:03:31    -2397.719729        0.239690
MDMin:  1189 22:03:33    -2397.719862        0.493072
MDMin:  1190 22:03:35    -2397.717985        0.238240
MDMin:  1191 22:03:37    -2397.718207        0.237724
MDMin:  1192 22:03:39    -2397.718465        0.237090
MDMin:  1193 22:03:41    -2397.718758        0.236328
MDMin:  1194 22:03:43    -2397.719084        0.235428
MDMin:  1195 22:03:45    -2397.719438        0.234379
MDMin:  1196 22:03:47    -2397.719820        0.233167
MDMin:  1197 22:03:49    -2397.719813        0.500335
MDMin:  1198 22:03:51    -2397.717864        0.231064
MDMin:  1199 22:03:53    -2397.718074        0.230347
MDMin:  1200 22:03:55    -2397.718314        0.229478
MDMin:  1201 22:03:57    -2397.718582        0.228451
MDMin:  1202 22:03:59    -2397.718875        0.227253
MDMin:  1203 22:04:01    -2397.719193        0.225876
MDMin:  1204 22:04:04    -2397.719530        0.224307
MDMin:  1205 22:04:06    -2397.719886        0.223388
MDMin:  1206 22:04:08    -2397.719799        0.508755
MDMin:  1207 22:04:10    -2397.717664        0.223765
MDMin:  1208 22:04:12    -2397.717855        0.223874
MDMin:  1209 22:04:14    -2397.718069        0.224001
MDMin:  1210 22:04:15    -2397.718302        0.224144
MDMin:  1211 22:04:18    -2397.718555        0.224301
MDMin:  1212 22:04:20    -2397.718823        0.224471
MDMin:  1213 22:04:22    -2397.719105        0.224650
MDMin:  1214 22:04:24    -2397.719398        0.224833
MDMin:  1215 22:04:26    -2397.719699        0.225015
MDMin:  1216 22:04:28    -2397.719933        0.517443
MDMin:  1217 22:04:30    -2397.717182        0.225240
MDMin:  1218 22:04:32    -2397.717347        0.225282
MDMin:  1219 22:04:34    -2397.717525        0.225323
MDMin:  1220 22:04:35    -2397.717716        0.225361
MDMin:  1221 22:04:36    -2397.717917        0.225393
MDMin:  1222 22:04:38    -2397.718125        0.225412
MDMin:  1223 22:04:41    -2397.718340        0.225416
MDMin:  1224 22:04:43    -2397.718559        0.225399
MDMin:  1225 22:04:45    -2397.718779        0.225355
MDMin:  1226 22:04:47    -2397.719000        0.225277
MDMin:  1227 22:04:48    -2397.719220        0.225161
MDMin:  1228 22:04:50    -2397.719440        0.225003
MDMin:  1229 22:04:52    -2397.719661        0.224797
MDMin:  1230 22:04:54    -2397.719884        0.224545
MDMin:  1231 22:04:56    -2397.719968        0.538522
MDMin:  1232 22:04:58    -2397.716316        0.224071
MDMin:  1233 22:05:00    -2397.716485        0.223897
MDMin:  1234 22:05:02    -2397.716647        0.223701
MDMin:  1235 22:05:04    -2397.716806        0.223484
MDMin:  1236 22:05:06    -2397.716965        0.223250
MDMin:  1237 22:05:08    -2397.717124        0.222999
MDMin:  1238 22:05:10    -2397.717284        0.222736
MDMin:  1239 22:05:12    -2397.717446        0.222463
MDMin:  1240 22:05:14    -2397.717613        0.222184
MDMin:  1241 22:05:16    -2397.717791        0.221901
MDMin:  1242 22:05:18    -2397.717986        0.221619
MDMin:  1243 22:05:20    -2397.718206        0.221341
MDMin:  1244 22:05:22    -2397.718465        0.221067
MDMin:  1245 22:05:24    -2397.718777        0.220798
MDMin:  1246 22:05:26    -2397.719164        0.220531
MDMin:  1247 22:05:28    -2397.719653        0.220258
MDMin:  1248 22:05:30    -2397.720279        0.219967
MDMin:  1249 22:05:32    -2397.721088        0.219637
MDMin:  1250 22:05:34    -2397.721369        0.602812
MDMin:  1251 22:05:36    -2397.716938        0.219013
MDMin:  1252 22:05:38    -2397.717508        0.218793
MDMin:  1253 22:05:40    -2397.718123        0.218538
MDMin:  1254 22:05:42    -2397.718805        0.218245
MDMin:  1255 22:05:44    -2397.719577        0.217908
MDMin:  1256 22:05:46    -2397.720465        0.217519
MDMin:  1257 22:05:48    -2397.721498        0.217066
MDMin:  1258 22:05:50    -2397.722711        0.216535
MDMin:  1259 22:05:52    -2397.722947        0.634318
MDMin:  1260 22:05:54    -2397.720488        0.215626
MDMin:  1261 22:05:56    -2397.721074        0.215358
MDMin:  1262 22:05:58    -2397.721775        0.216805
MDMin:  1263 22:06:00    -2397.722604        0.220826
MDMin:  1264 22:06:02    -2397.723573        0.225524
MDMin:  1265 22:06:04    -2397.723776        0.637897
MDMin:  1266 22:06:06    -2397.722185        0.225137
MDMin:  1267 22:06:08    -2397.722665        0.227064
MDMin:  1268 22:06:10    -2397.723278        0.229531
MDMin:  1269 22:06:12    -2397.724029        0.232541
MDMin:  1270 22:06:14    -2397.724286        0.637241
MDMin:  1271 22:06:16    -2397.722907        0.231172
MDMin:  1272 22:06:18    -2397.723333        0.232649
MDMin:  1273 22:06:20    -2397.723897        0.234599
MDMin:  1274 22:06:22    -2397.724605        0.237012
MDMin:  1275 22:06:24    -2397.724687        0.638715
MDMin:  1276 22:06:26    -2397.723545        0.235004
MDMin:  1277 22:06:28    -2397.723959        0.236215
MDMin:  1278 22:06:30    -2397.724516        0.237825
MDMin:  1279 22:06:32    -2397.725030        0.633754
MDMin:  1280 22:06:33    -2397.723536        0.235427
MDMin:  1281 22:06:35    -2397.723918        0.236385
MDMin:  1282 22:06:36    -2397.724444        0.237683
MDMin:  1283 22:06:38    -2397.725113        0.239293
MDMin:  1284 22:06:40    -2397.725358        0.635879
MDMin:  1285 22:06:42    -2397.724069        0.236227
MDMin:  1286 22:06:44    -2397.724465        0.236998
MDMin:  1287 22:06:46    -2397.725004        0.238014
MDMin:  1288 22:06:48    -2397.725676        0.630217
MDMin:  1289 22:06:49    -2397.724000        0.234694
MDMin:  1290 22:06:51    -2397.724366        0.235239
MDMin:  1291 22:06:54    -2397.724872        0.235959
MDMin:  1292 22:06:56    -2397.725515        0.236810
MDMin:  1293 22:06:58    -2397.725991        0.630237
MDMin:  1294 22:06:59    -2397.724414        0.232652
MDMin:  1295 22:07:01    -2397.724786        0.232957
MDMin:  1296 22:07:03    -2397.725291        0.233327
MDMin:  1297 22:07:05    -2397.725924        0.233709
MDMin:  1298 22:07:08    -2397.726321        0.627217
MDMin:  1299 22:07:10    -2397.724753        0.228839
MDMin:  1300 22:07:12    -2397.725106        0.228851
MDMin:  1301 22:07:14    -2397.725583        0.228812
MDMin:  1302 22:07:16    -2397.726178        0.228667
MDMin:  1303 22:07:18    -2397.726646        0.621890
MDMin:  1304 22:07:19    -2397.724933        0.223168
MDMin:  1305 22:07:21    -2397.725261        0.222879
MDMin:  1306 22:07:23    -2397.725701        0.222425
MDMin:  1307 22:07:25    -2397.726245        0.221750
MDMin:  1308 22:07:27    -2397.726884        0.220776
MDMin:  1309 22:07:29    -2397.726985        0.617260
MDMin:  1310 22:07:31    -2397.725412        0.217440
MDMin:  1311 22:07:33    -2397.725714        0.217169
MDMin:  1312 22:07:36    -2397.726110        0.216870
MDMin:  1313 22:07:38    -2397.726588        0.216601
MDMin:  1314 22:07:40    -2397.727136        0.216431
MDMin:  1315 22:07:42    -2397.727333        0.606341
MDMin:  1316 22:07:44    -2397.725483        0.219030
MDMin:  1317 22:07:46    -2397.725736        0.218883
MDMin:  1318 22:07:48    -2397.726061        0.218754
MDMin:  1319 22:07:50    -2397.726444        0.218701
MDMin:  1320 22:07:52    -2397.726873        0.218794
MDMin:  1321 22:07:54    -2397.727331        0.219108
MDMin:  1322 22:07:56    -2397.727689        0.590396
MDMin:  1323 22:07:58    -2397.725286        0.222696
MDMin:  1324 22:08:00    -2397.725474        0.222786
MDMin:  1325 22:08:02    -2397.725702        0.222984
MDMin:  1326 22:08:04    -2397.725957        0.223352
MDMin:  1327 22:08:05    -2397.726223        0.223965
MDMin:  1328 22:08:08    -2397.726483        0.224909
MDMin:  1329 22:08:09    -2397.726717        0.226278
MDMin:  1330 22:08:10    -2397.726905        0.228172
MDMin:  1331 22:08:12    -2397.727027        0.230701
MDMin:  1332 22:08:14    -2397.727062        0.233988
MDMin:  1333 22:08:16    -2397.726991        0.238172
MDMin:  1334 22:08:18    -2397.726797        0.243418
MDMin:  1335 22:08:20    -2397.726465        0.249926
MDMin:  1336 22:08:21    -2397.725985        0.257941
MDMin:  1337 22:08:23    -2397.725351        0.267753
MDMin:  1338 22:08:24    -2397.724561        0.279699
MDMin:  1339 22:08:26    -2397.723618        0.294137
MDMin:  1340 22:08:28    -2397.722531        0.311397
MDMin:  1341 22:08:30    -2397.721310        0.331678
MDMin:  1342 22:08:32    -2397.719972        0.354861
MDMin:  1343 22:08:34    -2397.718535        0.380216
MDMin:  1344 22:08:36    -2397.717020        0.405913
MDMin:  1345 22:08:38    -2397.715451        0.428538
MDMin:  1346 22:08:40    -2397.713849        0.442670
MDMin:  1347 22:08:42    -2397.712238        0.441126
MDMin:  1348 22:08:44    -2397.710639        0.416876
MDMin:  1349 22:08:46    -2397.709078        0.420794
MDMin:  1350 22:08:48    -2397.707594        0.437834
MDMin:  1351 22:08:49    -2397.706247        0.449619
MDMin:  1352 22:08:51    -2397.705119        0.455100
MDMin:  1353 22:08:52    -2397.704303        0.454443
MDMin:  1354 22:08:53    -2397.703870        0.448764
MDMin:  1355 22:08:54    -2397.703819        0.439857
MDMin:  1356 22:08:56    -2397.704061        0.430139
MDMin:  1357 22:08:57    -2397.704473        0.422652
MDMin:  1358 22:08:58    -2397.705002        0.420727
MDMin:  1359 22:09:00    -2397.705641        0.427061
MDMin:  1360 22:09:02    -2397.706349        0.442109
MDMin:  1361 22:09:04    -2397.706974        0.966320
MDMin:  1362 22:09:06    -2397.707096        0.462885
MDMin:  1363 22:09:08    -2397.707242        0.466844
MDMin:  1364 22:09:10    -2397.707409        0.471127
MDMin:  1365 22:09:11    -2397.707596        0.475353
MDMin:  1366 22:09:13    -2397.707804        0.478890
MDMin:  1367 22:09:14    -2397.708031        0.480767
MDMin:  1368 22:09:15    -2397.708275        0.479598
MDMin:  1369 22:09:17    -2397.708537        0.473551
MDMin:  1370 22:09:19    -2397.708815        0.469938
MDMin:  1371 22:09:20    -2397.709108        0.482529
MDMin:  1372 22:09:21    -2397.709415        0.495196
MDMin:  1373 22:09:23    -2397.709737        0.507258
MDMin:  1374 22:09:24    -2397.710072        0.517906
MDMin:  1375 22:09:25    -2397.710421        0.526336
MDMin:  1376 22:09:26    -2397.710783        0.531904
MDMin:  1377 22:09:28    -2397.711162        0.534236
MDMin:  1378 22:09:29    -2397.711558        0.533185
MDMin:  1379 22:09:30    -2397.711977        0.528779
MDMin:  1380 22:09:31    -2397.712424        0.521168
MDMin:  1381 22:09:32    -2397.712906        0.510774
MDMin:  1382 22:09:34    -2397.713415        0.498701
MDMin:  1383 22:09:35    -2397.713833        0.743486
MDMin:  1384 22:09:36    -2397.713964        0.485335
MDMin:  1385 22:09:37    -2397.714135        0.481454
MDMin:  1386 22:09:39    -2397.714333        0.477416
MDMin:  1387 22:09:40    -2397.714560        0.473402
MDMin:  1388 22:09:41    -2397.714819        0.469659
MDMin:  1389 22:09:42    -2397.714637        0.466486
MDMin:  1390 22:09:43    -2397.713995        0.464235
MDMin:  1391 22:09:45    -2397.713422        0.463274
MDMin:  1392 22:09:46    -2397.712942        0.463992
MDMin:  1393 22:09:47    -2397.712573        0.466721
MDMin:  1394 22:09:48    -2397.712328        0.474131
MDMin:  1395 22:09:49    -2397.712217        0.491452
MDMin:  1396 22:09:51    -2397.712238        0.512980
MDMin:  1397 22:09:53    -2397.712382        0.539863
MDMin:  1398 22:09:54    -2397.712626        0.573521
MDMin:  1399 22:09:56    -2397.712935        0.615379
MDMin:  1400 22:09:57    -2397.713255        0.665175
MDMin:  1401 22:09:58    -2397.713519        0.716280
MDMin:  1402 22:10:00    -2397.713688        0.756907
MDMin:  1403 22:10:02    -2397.713817        0.793279
MDMin:  1404 22:10:03    -2397.713943        0.834635
MDMin:  1405 22:10:04    -2397.714070        0.882510
MDMin:  1406 22:10:06    -2397.714195        0.936050
MDMin:  1407 22:10:07    -2397.714316        0.992302
MDMin:  1408 22:10:09    -2397.714433        1.045411
MDMin:  1409 22:10:11    -2397.714543        1.086377
MDMin:  1410 22:10:13    -2397.714649        1.104843
MDMin:  1411 22:10:15    -2397.714752        1.093154
MDMin:  1412 22:10:16    -2397.714853        1.073539
MDMin:  1413 22:10:18    -2397.714952        1.198091
MDMin:  1414 22:10:19    -2397.715051        1.309611
MDMin:  1415 22:10:21    -2397.715149        1.366056
MDMin:  1416 22:10:23    -2397.715249        1.327479
MDMin:  1417 22:10:25    -2397.715351        1.191970
MDMin:  1418 22:10:27    -2397.715455        1.010781
MDMin:  1419 22:10:29    -2397.715551        0.877010
MDMin:  1420 22:10:31    -2397.715608        0.886989
MDMin:  1421 22:10:33    -2397.715639        0.891708
MDMin:  1422 22:10:35    -2397.715675        0.897057
MDMin:  1423 22:10:37    -2397.715715        0.902930
MDMin:  1424 22:10:39    -2397.715759        0.909239
MDMin:  1425 22:10:41    -2397.715807        0.915720
MDMin:  1426 22:10:43    -2397.715858        0.921711
MDMin:  1427 22:10:45    -2397.715911        0.925875
MDMin:  1428 22:10:47    -2397.715966        0.925980
MDMin:  1429 22:10:49    -2397.716022        0.918915
MDMin:  1430 22:10:51    -2397.716078        0.901110
MDMin:  1431 22:10:53    -2397.716134        0.869459
MDMin:  1432 22:10:55    -2397.716188        0.822660
MDMin:  1433 22:10:57    -2397.716240        0.762642
MDMin:  1434 22:10:59    -2397.716289        0.695094
MDMin:  1435 22:11:01    -2397.716332        0.628010
MDMin:  1436 22:11:03    -2397.716367        0.569623
MDMin:  1437 22:11:05    -2397.716387        0.926332
MDMin:  1438 22:11:07    -2397.716391        0.522620
MDMin:  1439 22:11:09    -2397.716396        0.510409
MDMin:  1440 22:11:11    -2397.716400        0.497356
MDMin:  1441 22:11:13    -2397.716403        0.483689
MDMin:  1442 22:11:15    -2397.716405        0.469678
MDMin:  1443 22:11:17    -2397.716404        0.461669
MDMin:  1444 22:11:19    -2397.716400        0.467067
MDMin:  1445 22:11:21    -2397.716391        0.472077
MDMin:  1446 22:11:23    -2397.716377        0.476392
MDMin:  1447 22:11:25    -2397.716357        0.479642
MDMin:  1448 22:11:28    -2397.716330        0.481397
MDMin:  1449 22:11:30    -2397.716293        0.481180
MDMin:  1450 22:11:32    -2397.716247        0.478518
MDMin:  1451 22:11:34    -2397.716191        0.473108
MDMin:  1452 22:11:36    -2397.716129        0.513195
MDMin:  1453 22:11:38    -2397.716083        0.572678
MDMin:  1454 22:11:40    -2397.716058        0.455831
MDMin:  1455 22:11:41    -2397.716030        0.451748
MDMin:  1456 22:11:43    -2397.715996        0.446840
MDMin:  1457 22:11:45    -2397.715957        0.441054
MDMin:  1458 22:11:47    -2397.715912        0.434371
MDMin:  1459 22:11:49    -2397.715860        0.434734
MDMin:  1460 22:11:50    -2397.715802        0.444261
MDMin:  1461 22:11:52    -2397.715736        0.455062
MDMin:  1462 22:11:54    -2397.715663        0.466938
MDMin:  1463 22:11:56    -2397.715582        0.479502
MDMin:  1464 22:11:58    -2397.715493        0.492107
MDMin:  1465 22:12:00    -2397.715396        0.503798
MDMin:  1466 22:12:02    -2397.715292        0.513314
MDMin:  1467 22:12:04    -2397.715182        0.519149
MDMin:  1468 22:12:06    -2397.715065        0.519755
MDMin:  1469 22:12:08    -2397.714943        0.513988
MDMin:  1470 22:12:10    -2397.714824        0.502340
MDMin:  1471 22:12:12    -2397.714734        0.718668
MDMin:  1472 22:12:14    -2397.714697        0.484919
MDMin:  1473 22:12:16    -2397.714658        0.479044
MDMin:  1474 22:12:18    -2397.714615        0.472046
MDMin:  1475 22:12:19    -2397.714567        0.463953
MDMin:  1476 22:12:21    -2397.714514        0.457449
MDMin:  1477 22:12:23    -2397.714457        0.464098
MDMin:  1478 22:12:25    -2397.714397        0.471360
MDMin:  1479 22:12:27    -2397.714334        0.479157
MDMin:  1480 22:12:29    -2397.714269        0.487363
MDMin:  1481 22:12:31    -2397.714203        0.495791
MDMin:  1482 22:12:33    -2397.714137        0.504183
MDMin:  1483 22:12:35    -2397.714071        0.512180
MDMin:  1484 22:12:37    -2397.714007        0.519296
MDMin:  1485 22:12:38    -2397.713947        0.524924
MDMin:  1486 22:12:40    -2397.713892        0.528351
MDMin:  1487 22:12:42    -2397.713843        0.528819
MDMin:  1488 22:12:44    -2397.713803        0.525844
MDMin:  1489 22:12:46    -2397.713778        0.734537
MDMin:  1490 22:12:48    -2397.713770        0.518224
MDMin:  1491 22:12:50    -2397.713763        0.515196
MDMin:  1492 22:12:52    -2397.713756        0.511318
MDMin:  1493 22:12:55    -2397.713749        0.506431
MDMin:  1494 22:12:57    -2397.713743        0.500373
MDMin:  1495 22:12:59    -2397.713740        0.492976
MDMin:  1496 22:13:01    -2397.713738        0.484058
MDMin:  1497 22:13:03    -2397.713740        0.473472
MDMin:  1498 22:13:05    -2397.713746        0.461103
MDMin:  1499 22:13:07    -2397.713757        0.446892
MDMin:  1500 22:13:09    -2397.713774        0.430858
MDMin:  1501 22:13:11    -2397.713798        0.413126
MDMin:  1502 22:13:13    -2397.713830        0.398790
MDMin:  1503 22:13:15    -2397.713871        0.398627
MDMin:  1504 22:13:17    -2397.713921        0.398057
MDMin:  1505 22:13:19    -2397.713980        0.401597
MDMin:  1506 22:13:21    -2397.714041        0.558446
MDMin:  1507 22:13:23    -2397.714075        0.416761
MDMin:  1508 22:13:25    -2397.714094        0.408295
MDMin:  1509 22:13:27    -2397.714118        0.409378
MDMin:  1510 22:13:29    -2397.714145        0.410593
MDMin:  1511 22:13:31    -2397.714176        0.411915
MDMin:  1512 22:13:33    -2397.714213        0.413314
MDMin:  1513 22:13:35    -2397.714254        0.414748
MDMin:  1514 22:13:37    -2397.714301        0.417692
MDMin:  1515 22:13:39    -2397.714352        0.426407
MDMin:  1516 22:13:41    -2397.714409        0.434724
MDMin:  1517 22:13:44    -2397.714472        0.442032
MDMin:  1518 22:13:45    -2397.714540        0.447579
MDMin:  1519 22:13:47    -2397.714613        0.450499
MDMin:  1520 22:13:49    -2397.714690        0.449907
MDMin:  1521 22:13:51    -2397.714772        0.447558
MDMin:  1522 22:13:53    -2397.714857        0.458138
MDMin:  1523 22:13:55    -2397.714944        0.469062
MDMin:  1524 22:13:57    -2397.715032        0.479736
MDMin:  1525 22:13:59    -2397.715120        0.489441
MDMin:  1526 22:14:01    -2397.715206        0.497381
MDMin:  1527 22:14:03    -2397.715287        0.502697
MDMin:  1528 22:14:05    -2397.715352        0.742065
MDMin:  1529 22:14:07    -2397.715375        0.504678
MDMin:  1530 22:14:08    -2397.715393        0.504401
MDMin:  1531 22:14:10    -2397.715413        0.503820
MDMin:  1532 22:14:13    -2397.715435        0.502812
MDMin:  1533 22:14:15    -2397.715459        0.501239
MDMin:  1534 22:14:16    -2397.715486        0.498936
MDMin:  1535 22:14:18    -2397.715514        0.495723
MDMin:  1536 22:14:20    -2397.715543        0.491425
MDMin:  1537 22:14:22    -2397.715574        0.485870
MDMin:  1538 22:14:24    -2397.715606        0.478899
MDMin:  1539 22:14:26    -2397.715639        0.470386
MDMin:  1540 22:14:28    -2397.715673        0.460256
MDMin:  1541 22:14:30    -2397.715709        0.448517
MDMin:  1542 22:14:32    -2397.715745        0.435275
MDMin:  1543 22:14:34    -2397.715783        0.420746
MDMin:  1544 22:14:36    -2397.715823        0.405226
MDMin:  1545 22:14:38    -2397.715864        0.389021
MDMin:  1546 22:14:40    -2397.715907        0.376246
MDMin:  1547 22:14:42    -2397.715950        0.374081
MDMin:  1548 22:14:44    -2397.715985        0.714052
MDMin:  1549 22:14:46    -2397.715996        0.371830
MDMin:  1550 22:14:48    -2397.716009        0.371184
MDMin:  1551 22:14:50    -2397.716024        0.370499
MDMin:  1552 22:14:52    -2397.716041        0.369801
MDMin:  1553 22:14:54    -2397.716060        0.369121
MDMin:  1554 22:14:56    -2397.716081        0.368496
MDMin:  1555 22:14:58    -2397.716103        0.367971
MDMin:  1556 22:15:00    -2397.716128        0.367600
MDMin:  1557 22:15:02    -2397.716155        0.367450
MDMin:  1558 22:15:04    -2397.716184        0.367608
MDMin:  1559 22:15:06    -2397.716215        0.368194
MDMin:  1560 22:15:08    -2397.716248        0.370399
MDMin:  1561 22:15:10    -2397.716282        0.385988
MDMin:  1562 22:15:12    -2397.716319        0.403787
MDMin:  1563 22:15:14    -2397.716356        0.422093
MDMin:  1564 22:15:16    -2397.716389        0.461526
MDMin:  1565 22:15:18    -2397.716408        0.446819
MDMin:  1566 22:15:20    -2397.716421        0.452392
MDMin:  1567 22:15:22    -2397.716435        0.458367
MDMin:  1568 22:15:24    -2397.716451        0.464625
MDMin:  1569 22:15:26    -2397.716469        0.470838
MDMin:  1570 22:15:29    -2397.716489        0.476554
MDMin:  1571 22:15:31    -2397.716511        0.481188
MDMin:  1572 22:15:33    -2397.716535        0.484022
MDMin:  1573 22:15:34    -2397.716561        0.484231
MDMin:  1574 22:15:36    -2397.716589        0.480954
MDMin:  1575 22:15:37    -2397.716619        0.473415
MDMin:  1576 22:15:39    -2397.716651        0.461075
MDMin:  1577 22:15:40    -2397.716685        0.458099
MDMin:  1578 22:15:42    -2397.716721        0.465017
MDMin:  1579 22:15:44    -2397.716760        0.470366
MDMin:  1580 22:15:46    -2397.716802        0.473521
MDMin:  1581 22:15:48    -2397.716845        0.474000
MDMin:  1582 22:15:50    -2397.716886        0.504717
MDMin:  1583 22:15:52    -2397.716910        0.469503
MDMin:  1584 22:15:54    -2397.716923        0.467929
MDMin:  1585 22:15:56    -2397.716938        0.465820
MDMin:  1586 22:15:58    -2397.716956        0.463118
MDMin:  1587 22:16:00    -2397.716976        0.459720
MDMin:  1588 22:16:02    -2397.716999        0.455531
MDMin:  1589 22:16:04    -2397.717025        0.450462
MDMin:  1590 22:16:06    -2397.717054        0.444444
MDMin:  1591 22:16:08    -2397.717085        0.437440
MDMin:  1592 22:16:10    -2397.717121        0.429450
MDMin:  1593 22:16:12    -2397.717160        0.420510
MDMin:  1594 22:16:14    -2397.717202        0.410686
MDMin:  1595 22:16:15    -2397.717250        0.400033
MDMin:  1596 22:16:17    -2397.717301        0.388538
MDMin:  1597 22:16:19    -2397.717358        0.376016
MDMin:  1598 22:16:21    -2397.717421        0.362014
MDMin:  1599 22:16:23    -2397.717489        0.353398
MDMin:  1600 22:16:25    -2397.717553        0.508158
MDMin:  1601 22:16:27    -2397.717580        0.348345
MDMin:  1602 22:16:29    -2397.717598        0.347206
MDMin:  1603 22:16:31    -2397.717619        0.345817
MDMin:  1604 22:16:33    -2397.717644        0.344165
MDMin:  1605 22:16:35    -2397.717672        0.342222
MDMin:  1606 22:16:37    -2397.717705        0.339955
MDMin:  1607 22:16:39    -2397.717741        0.337327
MDMin:  1608 22:16:41    -2397.717782        0.334295
MDMin:  1609 22:16:43    -2397.717828        0.330823
MDMin:  1610 22:16:45    -2397.717879        0.326881
MDMin:  1611 22:16:47    -2397.717935        0.322469
MDMin:  1612 22:16:49    -2397.717997        0.317630
MDMin:  1613 22:16:51    -2397.718065        0.312478
MDMin:  1614 22:16:53    -2397.718140        0.307223
MDMin:  1615 22:16:55    -2397.718221        0.302192
MDMin:  1616 22:16:57    -2397.718309        0.310169
MDMin:  1617 22:16:59    -2397.718404        0.321905
MDMin:  1618 22:17:01    -2397.718502        0.337365
MDMin:  1619 22:17:03    -2397.718589        0.424321
MDMin:  1620 22:17:05    -2397.718623        0.360456
MDMin:  1621 22:17:07    -2397.718651        0.366195
MDMin:  1622 22:17:09    -2397.718682        0.373013
MDMin:  1623 22:17:11    -2397.718718        0.380989
MDMin:  1624 22:17:13    -2397.718757        0.390120
MDMin:  1625 22:17:15    -2397.718802        0.400330
MDMin:  1626 22:17:17    -2397.718850        0.411435
MDMin:  1627 22:17:20    -2397.718902        0.423106
MDMin:  1628 22:17:22    -2397.718959        0.434824
MDMin:  1629 22:17:24    -2397.719019        0.445848
MDMin:  1630 22:17:26    -2397.719084        0.455202
MDMin:  1631 22:17:28    -2397.719152        0.461713
MDMin:  1632 22:17:30    -2397.719225        0.464108
MDMin:  1633 22:17:32    -2397.719301        0.461195
MDMin:  1634 22:17:34    -2397.719382        0.452111
MDMin:  1635 22:17:37    -2397.719467        0.436566
MDMin:  1636 22:17:39    -2397.719556        0.415002
MDMin:  1637 22:17:41    -2397.719649        0.406564
MDMin:  1638 22:17:43    -2397.719747        0.413404
MDMin:  1639 22:17:45    -2397.719847        0.418019
MDMin:  1640 22:17:47    -2397.719940        0.420143
MDMin:  1641 22:17:49    -2397.719998        0.420352
MDMin:  1642 22:17:52    -2397.720030        0.420131
MDMin:  1643 22:17:54    -2397.720066        0.419670
MDMin:  1644 22:17:56    -2397.720108        0.418887
MDMin:  1645 22:17:58    -2397.720155        0.417697
MDMin:  1646 22:18:00    -2397.720208        0.416019
MDMin:  1647 22:18:02    -2397.720265        0.413780
MDMin:  1648 22:18:04    -2397.720328        0.410921
MDMin:  1649 22:18:06    -2397.720397        0.407405
MDMin:  1650 22:18:08    -2397.720471        0.403218
MDMin:  1651 22:18:10    -2397.720551        0.398381
MDMin:  1652 22:18:12    -2397.720637        0.392941
MDMin:  1653 22:18:14    -2397.720729        0.386953
MDMin:  1654 22:18:16    -2397.720827        0.380450
MDMin:  1655 22:18:18    -2397.720931        0.373386
MDMin:  1656 22:18:20    -2397.721042        0.365560
MDMin:  1657 22:18:22    -2397.721160        0.356526
MDMin:  1658 22:18:24    -2397.721285        0.366003
MDMin:  1659 22:18:26    -2397.721414        0.377779
MDMin:  1660 22:18:28    -2397.721527        0.562498
MDMin:  1661 22:18:30    -2397.721503        0.390240
MDMin:  1662 22:18:32    -2397.721459        0.392616
MDMin:  1663 22:18:34    -2397.721504        0.395306
MDMin:  1664 22:18:35    -2397.721459        0.398288
MDMin:  1665 22:18:37    -2397.721398        0.401460
MDMin:  1666 22:18:39    -2397.721472        0.404812
MDMin:  1667 22:18:42    -2397.721384        0.408313
MDMin:  1668 22:18:44    -2397.721356        0.411817
MDMin:  1669 22:18:46    -2397.721439        0.415279
MDMin:  1670 22:18:48    -2397.721256        0.418566
MDMin:  1671 22:18:50    -2397.721399        0.421591
MDMin:  1672 22:18:52    -2397.721251        0.424254
MDMin:  1673 22:18:54    -2397.721301        0.426346
MDMin:  1674 22:18:56    -2397.721271        0.427733
MDMin:  1675 22:18:58    -2397.721240        0.428261
MDMin:  1676 22:19:00    -2397.721245        0.427803
MDMin:  1677 22:19:02    -2397.721215        0.426257
MDMin:  1678 22:19:04    -2397.721171        0.423556
MDMin:  1679 22:19:06    -2397.721227        0.419689
MDMin:  1680 22:19:08    -2397.721057        0.414776
MDMin:  1681 22:19:09    -2397.721306        0.409598
MDMin:  1682 22:19:11    -2397.721172        0.407100
MDMin:  1683 22:19:13    -2397.721234        0.405716
MDMin:  1684 22:19:15    -2397.721309        0.403958
MDMin:  1685 22:19:17    -2397.721271        0.401870
MDMin:  1686 22:19:19    -2397.721224        0.399504
MDMin:  1687 22:19:21    -2397.721305        0.396846
MDMin:  1688 22:19:23    -2397.721123        0.393932
MDMin:  1689 22:19:25    -2397.721243        0.390760
MDMin:  1690 22:19:27    -2397.721264        0.387292
MDMin:  1691 22:19:28    -2397.721094        0.383666
MDMin:  1692 22:19:30    -2397.721232        0.379891
MDMin:  1693 22:19:32    -2397.721245        0.375960
MDMin:  1694 22:19:34    -2397.721029        0.372072
MDMin:  1695 22:19:36    -2397.721175        0.368261
MDMin:  1696 22:19:38    -2397.721256        0.374458
MDMin:  1697 22:19:40    -2397.720919        0.391506
MDMin:  1698 22:19:42    -2397.721070        0.407830
MDMin:  1699 22:19:44    -2397.721201        0.422333
MDMin:  1700 22:19:46    -2397.721220        0.433296
MDMin:  1701 22:19:48    -2397.720838        0.438742
MDMin:  1702 22:19:50    -2397.720980        0.437424
MDMin:  1703 22:19:51    -2397.721098        0.428262
MDMin:  1704 22:19:53    -2397.721195        0.410944
MDMin:  1705 22:19:55    -2397.721202        0.386309
MDMin:  1706 22:19:57    -2397.720677        0.365348
MDMin:  1707 22:19:59    -2397.720793        0.370516
MDMin:  1708 22:20:01    -2397.720852        0.374320
MDMin:  1709 22:20:03    -2397.720873        0.376085
MDMin:  1710 22:20:05    -2397.720896        0.378167
MDMin:  1711 22:20:07    -2397.720920        0.380611
MDMin:  1712 22:20:09    -2397.720944        0.383429
MDMin:  1713 22:20:10    -2397.720966        0.386630
MDMin:  1714 22:20:12    -2397.720987        0.390215
MDMin:  1715 22:20:14    -2397.721005        0.394173
MDMin:  1716 22:20:16    -2397.721019        0.398485
MDMin:  1717 22:20:18    -2397.721030        0.403139
MDMin:  1718 22:20:20    -2397.721036        0.408104
MDMin:  1719 22:20:22    -2397.721036        0.413336
MDMin:  1720 22:20:24    -2397.721032        0.418777
MDMin:  1721 22:20:26    -2397.721021        0.424363
MDMin:  1722 22:20:28    -2397.721005        0.430023
MDMin:  1723 22:20:30    -2397.720982        0.435686
MDMin:  1724 22:20:32    -2397.720954        0.441281
MDMin:  1725 22:20:34    -2397.720919        0.446744
MDMin:  1726 22:20:36    -2397.720878        0.452004
MDMin:  1727 22:20:38    -2397.720833        0.456876
MDMin:  1728 22:20:40    -2397.720794        0.480026
MDMin:  1729 22:20:42    -2397.720778        0.461567
MDMin:  1730 22:20:44    -2397.720762        0.462769
MDMin:  1731 22:20:45    -2397.720743        0.464181
MDMin:  1732 22:20:47    -2397.720721        0.465817
MDMin:  1733 22:20:50    -2397.720697        0.467688
MDMin:  1734 22:20:51    -2397.720669        0.469808
MDMin:  1735 22:20:53    -2397.720638        0.472192
MDMin:  1736 22:20:55    -2397.720604        0.474855
MDMin:  1737 22:20:57    -2397.720566        0.477811
MDMin:  1738 22:20:59    -2397.720526        0.481070
MDMin:  1739 22:21:01    -2397.720481        0.484624
MDMin:  1740 22:21:03    -2397.720433        0.488426
MDMin:  1741 22:21:05    -2397.720382        0.492364
MDMin:  1742 22:21:07    -2397.720327        0.496231
MDMin:  1743 22:21:09    -2397.720268        0.499682
MDMin:  1744 22:21:11    -2397.720207        0.502207
MDMin:  1745 22:21:13    -2397.720144        0.503132
MDMin:  1746 22:21:15    -2397.720087        0.501994
MDMin:  1747 22:21:17    -2397.720056        0.500252
MDMin:  1748 22:21:19    -2397.720037        0.498794
MDMin:  1749 22:21:20    -2397.720014        0.496802
MDMin:  1750 22:21:21    -2397.719989        0.494120
MDMin:  1751 22:21:23    -2397.719960        0.490554
MDMin:  1752 22:21:24    -2397.719928        0.485873
MDMin:  1753 22:21:26    -2397.719893        0.479802
MDMin:  1754 22:21:28    -2397.719854        0.472026
MDMin:  1755 22:21:30    -2397.719812        0.462187
MDMin:  1756 22:21:32    -2397.719766        0.449882
MDMin:  1757 22:21:34    -2397.719716        0.434673
MDMin:  1758 22:21:35    -2397.719662        0.416094
MDMin:  1759 22:21:37    -2397.719603        0.393768
MDMin:  1760 22:21:38    -2397.719540        0.367337
MDMin:  1761 22:21:40    -2397.719470        0.336508
MDMin:  1762 22:21:42    -2397.719393        0.301161
MDMin:  1763 22:21:44    -2397.719308        0.271365
MDMin:  1764 22:21:45    -2397.719213        0.237648
MDMin:  1765 22:21:46    -2397.719117        0.479516
MDMin:  1766 22:21:48    -2397.719100        0.218466
MDMin:  1767 22:21:50    -2397.719078        0.215988
MDMin:  1768 22:21:52    -2397.719052        0.213251
MDMin:  1769 22:21:54    -2397.719022        0.210324
MDMin:  1770 22:21:56    -2397.718989        0.207306
MDMin:  1771 22:21:58    -2397.718951        0.204339
MDMin:  1772 22:22:00    -2397.718909        0.201614
MDMin:  1773 22:22:02    -2397.718863        0.199386
MDMin:  1774 22:22:04    -2397.718812        0.197976
MDMin:  1775 22:22:06    -2397.718757        0.197765
MDMin:  1776 22:22:08    -2397.718699        0.199178
MDMin:  1777 22:22:10    -2397.718638        0.202626
MDMin:  1778 22:22:12    -2397.718577        0.208339
MDMin:  1779 22:22:14    -2397.718521        0.215496
MDMin:  1780 22:22:16    -2397.718489        0.220642
MDMin:  1781 22:22:18    -2397.718470        0.223933
MDMin:  1782 22:22:20    -2397.718449        0.227931
MDMin:  1783 22:22:22    -2397.718426        0.232811
MDMin:  1784 22:22:24    -2397.718400        0.238688
MDMin:  1785 22:22:26    -2397.718371        0.245673
MDMin:  1786 22:22:28    -2397.718341        0.253871
MDMin:  1787 22:22:30    -2397.718308        0.263371
MDMin:  1788 22:22:32    -2397.718273        0.274234
MDMin:  1789 22:22:33    -2397.718237        0.286480
MDMin:  1790 22:22:35    -2397.718199        0.300065
MDMin:  1791 22:22:37    -2397.718160        0.314856
MDMin:  1792 22:22:39    -2397.718119        0.330609
MDMin:  1793 22:22:41    -2397.718077        0.346928
MDMin:  1794 22:22:43    -2397.718033        0.363231
MDMin:  1795 22:22:45    -2397.717989        0.378724
MDMin:  1796 22:22:47    -2397.717943        0.392378
MDMin:  1797 22:22:49    -2397.717896        0.402955
MDMin:  1798 22:22:51    -2397.717847        0.409074
MDMin:  1799 22:22:53    -2397.717797        0.409374
MDMin:  1800 22:22:55    -2397.717744        0.402784
MDMin:  1801 22:22:57    -2397.717691        0.389083
MDMin:  1802 22:22:59    -2397.717641        0.370799
MDMin:  1803 22:23:01    -2397.717609        0.357253
MDMin:  1804 22:23:03    -2397.717594        0.350214
MDMin:  1805 22:23:05    -2397.717575        0.341595
MDMin:  1806 22:23:07    -2397.717554        0.331392
MDMin:  1807 22:23:09    -2397.717530        0.319583
MDMin:  1808 22:23:11    -2397.717503        0.306204
MDMin:  1809 22:23:13    -2397.717474        0.291365
MDMin:  1810 22:23:15    -2397.717441        0.275252
MDMin:  1811 22:23:17    -2397.717406        0.258125
MDMin:  1812 22:23:19    -2397.717369        0.240303
MDMin:  1813 22:23:21    -2397.717328        0.222137
MDMin:  1814 22:23:23    -2397.717285        0.203981
MDMin:  1815 22:23:25    -2397.717239        0.186170
MDMin:  1816 22:23:27    -2397.717191        0.179658
MDMin:  1817 22:23:29    -2397.717139        0.177608
MDMin:  1818 22:23:31    -2397.717086        0.175838
MDMin:  1819 22:23:32    -2397.717030        0.177184
MDMin:  1820 22:23:34    -2397.716974        0.177084
MDMin:  1821 22:23:36    -2397.716934        0.300196
MDMin:  1822 22:23:38    -2397.716924        0.175615
MDMin:  1823 22:23:39    -2397.716909        0.174962
MDMin:  1824 22:23:41    -2397.716892        0.174122
MDMin:  1825 22:23:42    -2397.716873        0.173060
MDMin:  1826 22:23:43    -2397.716851        0.171733
MDMin:  1827 22:23:44    -2397.716826        0.170099
MDMin:  1828 22:23:45    -2397.716799        0.168113
MDMin:  1829 22:23:47    -2397.716770        0.165729
MDMin:  1830 22:23:48    -2397.716737        0.162903
MDMin:  1831 22:23:49    -2397.716702        0.159596
MDMin:  1832 22:23:51    -2397.716664        0.155773
MDMin:  1833 22:23:52    -2397.716623        0.151408
MDMin:  1834 22:23:53    -2397.716578        0.146484
