       Step     Time          Energy          fmax
MDMin:    0 21:37:58    -2394.075328        6.955982
MDMin:    1 21:38:00    -2394.076633        6.868271
MDMin:    2 21:38:02    -2394.080590        6.378909
MDMin:    3 21:38:04    -2394.087446        5.533156
MDMin:    4 21:38:06    -2394.097816        5.462888
MDMin:    5 21:38:07    -2394.112895        4.019037
MDMin:    6 21:38:08    -2394.135120        3.371266
MDMin:    7 21:38:10    -2394.156270        3.161208
MDMin:    8 21:38:12    -2394.170744        1.871244
MDMin:    9 21:38:14    -2394.190299        1.408050
MDMin:   10 21:38:15    -2394.217830        1.673910
MDMin:   11 21:38:17    -2394.254149        1.682192
MDMin:   12 21:38:18    -2394.302440        1.251674
MDMin:   13 21:38:20    -2394.362519        3.412041
MDMin:   14 21:38:21    -2394.371198        1.395858
MDMin:   15 21:38:23    -2394.387554        0.866381
MDMin:   16 21:38:25    -2394.409664        0.894026
MDMin:   17 21:38:26    -2394.437489        0.928118
MDMin:   18 21:38:28    -2394.472119        0.969272
MDMin:   19 21:38:30    -2394.514907        1.017888
MDMin:   20 21:38:32    -2394.567439        1.073826
MDMin:   21 21:38:33    -2394.631448        1.135969
MDMin:   22 21:38:35    -2394.708613        1.201777
MDMin:   23 21:38:37    -2394.800218        1.267371
MDMin:   24 21:38:38    -2394.874218        1.524255
MDMin:   25 21:38:40    -2394.932110        1.547307
MDMin:   26 21:38:42    -2395.005183        1.538113
MDMin:   27 21:38:44    -2395.101854        1.407786
MDMin:   28 21:38:45    -2395.238434        1.621331
MDMin:   29 21:38:47    -2395.429033        1.891464
MDMin:   30 21:38:49    -2395.666088        2.013814
MDMin:   31 21:38:51    -2395.850062        1.841015
MDMin:   32 21:38:53    -2395.985475        1.424881
MDMin:   33 21:38:55    -2396.147609        1.479188
MDMin:   34 21:38:57    -2396.359291        1.723842
MDMin:   35 21:38:58    -2396.599535        1.752593
MDMin:   36 21:39:00    -2396.792381        1.455550
MDMin:   37 21:39:02    -2396.861877        1.055305
MDMin:   38 21:39:04    -2396.920683        0.672674
MDMin:   39 21:39:06    -2396.967368        2.803221
MDMin:   40 21:39:07    -2396.970623        1.234292
MDMin:   41 21:39:09    -2396.976962        0.503049
MDMin:   42 21:39:10    -2396.984968        0.493998
MDMin:   43 21:39:12    -2396.994092        0.484012
MDMin:   44 21:39:14    -2397.004222        0.473296
MDMin:   45 21:39:16    -2397.015251        0.462016
MDMin:   46 21:39:18    -2397.027073        0.450317
MDMin:   47 21:39:20    -2397.039578        0.438324
MDMin:   48 21:39:22    -2397.052657        0.426146
MDMin:   49 21:39:24    -2397.066203        0.413883
MDMin:   50 21:39:26    -2397.080112        0.401623
MDMin:   51 21:39:28    -2397.094284        0.389448
MDMin:   52 21:39:30    -2397.108626        0.377430
MDMin:   53 21:39:32    -2397.123043        0.365635
MDMin:   54 21:39:34    -2397.137409        0.354753
MDMin:   55 21:39:36    -2397.150817        0.501480
MDMin:   56 21:39:38    -2397.157665        0.994545
MDMin:   57 21:39:40    -2397.159294        0.334964
MDMin:   58 21:39:42    -2397.161625        0.332342
MDMin:   59 21:39:44    -2397.164248        0.329375
MDMin:   60 21:39:46    -2397.167179        0.326043
MDMin:   61 21:39:47    -2397.170403        0.322359
MDMin:   62 21:39:49    -2397.173902        0.318338
MDMin:   63 21:39:50    -2397.177657        0.314002
MDMin:   64 21:39:51    -2397.181650        0.309369
MDMin:   65 21:39:52    -2397.185859        0.304463
MDMin:   66 21:39:55    -2397.190265        0.299305
MDMin:   67 21:39:57    -2397.194847        0.294128
MDMin:   68 21:39:59    -2397.199584        0.288831
MDMin:   69 21:40:00    -2397.204448        0.283378
MDMin:   70 21:40:02    -2397.209362        0.277854
MDMin:   71 21:40:03    -2397.213970        0.452105
MDMin:   72 21:40:04    -2397.217007        0.571279
MDMin:   73 21:40:05    -2397.218251        0.267811
MDMin:   74 21:40:06    -2397.219725        0.266142
MDMin:   75 21:40:07    -2397.221412        0.264240
MDMin:   76 21:40:10    -2397.223305        0.262123
MDMin:   77 21:40:12    -2397.225397        0.259804
MDMin:   78 21:40:13    -2397.227683        0.257295
MDMin:   79 21:40:15    -2397.230156        0.254611
MDMin:   80 21:40:17    -2397.232810        0.251765
MDMin:   81 21:40:19    -2397.235637        0.253507
MDMin:   82 21:40:21    -2397.238634        0.256075
MDMin:   83 21:40:22    -2397.241795        0.258283
MDMin:   84 21:40:24    -2397.245116        0.259966
MDMin:   85 21:40:26    -2397.248596        0.260934
MDMin:   86 21:40:27    -2397.252233        0.260977
MDMin:   87 21:40:29    -2397.256028        0.259872
MDMin:   88 21:40:31    -2397.259974        0.257396
MDMin:   89 21:40:33    -2397.263997        0.265717
MDMin:   90 21:40:34    -2397.267469        0.645541
MDMin:   91 21:40:36    -2397.268638        0.247125
MDMin:   92 21:40:38    -2397.269657        0.245502
MDMin:   93 21:40:40    -2397.270846        0.243504
MDMin:   94 21:40:42    -2397.272209        0.241086
MDMin:   95 21:40:44    -2397.273744        0.238202
MDMin:   96 21:40:46    -2397.275454        0.234802
MDMin:   97 21:40:48    -2397.277340        0.230837
MDMin:   98 21:40:49    -2397.279403        0.226263
MDMin:   99 21:40:51    -2397.281647        0.221042
MDMin:  100 21:40:53    -2397.284072        0.215469
MDMin:  101 21:40:55    -2397.286685        0.216104
MDMin:  102 21:40:56    -2397.289488        0.216892
MDMin:  103 21:40:57    -2397.292347        0.219813
MDMin:  104 21:40:59    -2397.294998        0.220153
MDMin:  105 21:41:00    -2397.297863        0.220777
MDMin:  106 21:41:01    -2397.300958        0.221596
MDMin:  107 21:41:03    -2397.304295        0.222593
MDMin:  108 21:41:05    -2397.307832        0.249800
MDMin:  109 21:41:07    -2397.311097        0.530705
MDMin:  110 21:41:09    -2397.312587        0.301964
MDMin:  111 21:41:11    -2397.313513        0.228752
MDMin:  112 21:41:13    -2397.314621        0.230041
MDMin:  113 21:41:14    -2397.315912        0.231542
MDMin:  114 21:41:16    -2397.317391        0.233258
MDMin:  115 21:41:18    -2397.319066        0.235191
MDMin:  116 21:41:19    -2397.320944        0.237342
MDMin:  117 21:41:21    -2397.323033        0.239711
MDMin:  118 21:41:23    -2397.325340        0.242295
MDMin:  119 21:41:25    -2397.327876        0.245087
MDMin:  120 21:41:27    -2397.330650        0.248075
MDMin:  121 21:41:29    -2397.333672        0.251242
MDMin:  122 21:41:31    -2397.336951        0.254563
MDMin:  123 21:41:32    -2397.340495        0.258005
MDMin:  124 21:41:33    -2397.344313        0.261524
MDMin:  125 21:41:34    -2397.348409        0.265066
MDMin:  126 21:41:35    -2397.352785        0.269385
MDMin:  127 21:41:37    -2397.357297        0.278893
MDMin:  128 21:41:39    -2397.361349        0.283714
MDMin:  129 21:41:40    -2397.365443        0.291055
MDMin:  130 21:41:42    -2397.369114        0.502629
MDMin:  131 21:41:44    -2397.371066        0.403528
MDMin:  132 21:41:47    -2397.372088        0.302188
MDMin:  133 21:41:48    -2397.373299        0.304366
MDMin:  134 21:41:50    -2397.374686        0.307987
MDMin:  135 21:41:52    -2397.376246        0.312092
MDMin:  136 21:41:55    -2397.377973        0.316674
MDMin:  137 21:41:56    -2397.379863        0.321721
MDMin:  138 21:41:58    -2397.381908        0.327215
MDMin:  139 21:42:00    -2397.384102        0.333128
MDMin:  140 21:42:03    -2397.386439        0.339419
MDMin:  141 21:42:04    -2397.388910        0.346034
MDMin:  142 21:42:05    -2397.391510        0.352897
MDMin:  143 21:42:07    -2397.394232        0.359904
MDMin:  144 21:42:08    -2397.397071        0.366923
MDMin:  145 21:42:10    -2397.400023        0.373782
MDMin:  146 21:42:12    -2397.403090        0.380269
MDMin:  147 21:42:14    -2397.406273        0.386131
MDMin:  148 21:42:16    -2397.409582        0.392263
MDMin:  149 21:42:18    -2397.413030        0.397331
MDMin:  150 21:42:20    -2397.416637        0.400965
MDMin:  151 21:42:21    -2397.420388        0.402887
MDMin:  152 21:42:23    -2397.424018        0.555743
MDMin:  153 21:42:25    -2397.426303        0.586013
MDMin:  154 21:42:28    -2397.427312        0.401839
MDMin:  155 21:42:29    -2397.428594        0.401131
MDMin:  156 21:42:31    -2397.430098        0.400174
MDMin:  157 21:42:33    -2397.431840        0.398925
MDMin:  158 21:42:35    -2397.433841        0.397491
MDMin:  159 21:42:36    -2397.436129        0.399170
MDMin:  160 21:42:38    -2397.438741        0.400768
MDMin:  161 21:42:39    -2397.441727        0.402250
MDMin:  162 21:42:41    -2397.445158        0.403599
MDMin:  163 21:42:42    -2397.449131        0.404823
MDMin:  164 21:42:44    -2397.453781        0.410570
MDMin:  165 21:42:45    -2397.459300        0.418597
MDMin:  166 21:42:46    -2397.465961        0.427096
MDMin:  167 21:42:47    -2397.474156        0.447774
MDMin:  168 21:42:49    -2397.484432        0.500541
MDMin:  169 21:42:50    -2397.496272        0.541848
MDMin:  170 21:42:51    -2397.505770        0.612813
MDMin:  171 21:42:53    -2397.517340        0.688535
MDMin:  172 21:42:54    -2397.531294        0.758373
MDMin:  173 21:42:56    -2397.547260        0.807964
MDMin:  174 21:42:57    -2397.558879        0.898818
MDMin:  175 21:42:58    -2397.565450        0.903892
MDMin:  176 21:43:00    -2397.572068        0.892156
MDMin:  177 21:43:01    -2397.579312        0.863046
MDMin:  178 21:43:02    -2397.587314        0.874294
MDMin:  179 21:43:03    -2397.591524        0.905323
MDMin:  180 21:43:05    -2397.595771        0.916570
MDMin:  181 21:43:07    -2397.600502        0.898683
MDMin:  182 21:43:09    -2397.605735        0.943027
MDMin:  183 21:43:11    -2397.611477        0.980771
MDMin:  184 21:43:14    -2397.617723        0.977040
MDMin:  185 21:43:16    -2397.624430        0.935000
MDMin:  186 21:43:18    -2397.631349        0.911107
MDMin:  187 21:43:20    -2397.637585        0.858918
MDMin:  188 21:43:22    -2397.641646        0.800422
MDMin:  189 21:43:24    -2397.644678        0.802105
MDMin:  190 21:43:26    -2397.648035        0.800839
MDMin:  191 21:43:28    -2397.651835        0.793276
MDMin:  192 21:43:30    -2397.656089        0.776811
MDMin:  193 21:43:31    -2397.660793        0.748814
MDMin:  194 21:43:34    -2397.665930        0.707188
MDMin:  195 21:43:36    -2397.671456        0.651178
MDMin:  196 21:43:38    -2397.677261        0.582323
MDMin:  197 21:43:39    -2397.683057        0.505849
MDMin:  198 21:43:41    -2397.686038        0.576098
MDMin:  199 21:43:42    -2397.687159        0.438941
MDMin:  200 21:43:44    -2397.688011        0.389188
MDMin:  201 21:43:46    -2397.687937        0.375467
MDMin:  202 21:43:48    -2397.689342        0.367952
MDMin:  203 21:43:50    -2397.688983        0.360118
MDMin:  204 21:43:52    -2397.690835        0.352051
MDMin:  205 21:43:53    -2397.690178        0.344005
MDMin:  206 21:43:54    -2397.692198        0.336043
MDMin:  207 21:43:56    -2397.692893        0.327616
MDMin:  208 21:43:57    -2397.693255        0.319822
MDMin:  209 21:43:59    -2397.694452        0.312522
MDMin:  210 21:44:00    -2397.694326        0.305923
MDMin:  211 21:44:01    -2397.695895        0.299855
MDMin:  212 21:44:02    -2397.695351        0.294447
MDMin:  213 21:44:04    -2397.697199        0.289521
MDMin:  214 21:44:05    -2397.696295        0.285157
MDMin:  215 21:44:06    -2397.698010        0.281183
MDMin:  216 21:44:07    -2397.698589        0.277061
MDMin:  217 21:44:09    -2397.698598        0.273519
MDMin:  218 21:44:10    -2397.699588        0.270292
MDMin:  219 21:44:12    -2397.699169        0.267467
MDMin:  220 21:44:13    -2397.700469        0.264848
MDMin:  221 21:44:15    -2397.699700        0.262506
MDMin:  222 21:44:17    -2397.700897        0.260292
MDMin:  223 21:44:20    -2397.701355        0.260699
MDMin:  224 21:44:21    -2397.701222        0.255665
MDMin:  225 21:44:23    -2397.702045        0.256739
MDMin:  226 21:44:25    -2397.701553        0.251618
MDMin:  227 21:44:27    -2397.702495        0.249710
MDMin:  228 21:44:29    -2397.702731        0.260769
MDMin:  229 21:44:31    -2397.702701        0.245492
MDMin:  230 21:44:33    -2397.703303        0.256528
MDMin:  231 21:44:36    -2397.702929        0.241574
MDMin:  232 21:44:38    -2397.703699        0.239656
MDMin:  233 21:44:39    -2397.703874        0.259729
MDMin:  234 21:44:41    -2397.703846        0.235291
MDMin:  235 21:44:42    -2397.704376        0.255376
MDMin:  236 21:44:43    -2397.704021        0.231136
MDMin:  237 21:44:45    -2397.704673        0.229077
MDMin:  238 21:44:46    -2397.704886        0.257950
MDMin:  239 21:44:48    -2397.704790        0.224372
MDMin:  240 21:44:49    -2397.705351        0.253480
MDMin:  241 21:44:50    -2397.704935        0.219896
MDMin:  242 21:44:52    -2397.705504        0.217684
MDMin:  243 21:44:53    -2397.705838        0.255506
MDMin:  244 21:44:54    -2397.705605        0.212667
MDMin:  245 21:44:56    -2397.706117        0.210226
MDMin:  246 21:44:57    -2397.706329        0.255541
MDMin:  247 21:44:59    -2397.706189        0.204792
MDMin:  248 21:45:01    -2397.706652        0.202180
MDMin:  249 21:45:03    -2397.706841        0.254093
MDMin:  250 21:45:05    -2397.706708        0.196466
MDMin:  251 21:45:07    -2397.707131        0.193748
MDMin:  252 21:45:09    -2397.707393        0.251491
MDMin:  253 21:45:11    -2397.707177        0.190914
MDMin:  254 21:45:13    -2397.707566        0.192634
MDMin:  255 21:45:15    -2397.707872        0.194698
MDMin:  256 21:45:17    -2397.708087        0.250186
MDMin:  257 21:45:18    -2397.707894        0.199475
MDMin:  258 21:45:20    -2397.708221        0.201855
MDMin:  259 21:45:22    -2397.708458        0.204660
MDMin:  260 21:45:24    -2397.708639        0.207942
MDMin:  261 21:45:26    -2397.708793        0.211765
MDMin:  262 21:45:28    -2397.708942        0.216197
MDMin:  263 21:45:31    -2397.709098        0.221321
MDMin:  264 21:45:32    -2397.709260        0.227235
MDMin:  265 21:45:34    -2397.709428        0.234058
MDMin:  266 21:45:35    -2397.709599        0.241939
MDMin:  267 21:45:37    -2397.709768        0.251068
MDMin:  268 21:45:38    -2397.709935        0.261696
MDMin:  269 21:45:39    -2397.710097        0.274151
MDMin:  270 21:45:40    -2397.710253        0.288902
MDMin:  271 21:45:41    -2397.710403        0.318333
MDMin:  272 21:45:43    -2397.710545        0.355943
MDMin:  273 21:45:44    -2397.710678        0.401777
MDMin:  274 21:45:45    -2397.710803        0.455407
MDMin:  275 21:45:46    -2397.710919        0.513887
MDMin:  276 21:45:48    -2397.711025        0.570292
MDMin:  277 21:45:49    -2397.711124        0.613308
MDMin:  278 21:45:50    -2397.711215        0.637364
MDMin:  279 21:45:51    -2397.711300        0.749114
MDMin:  280 21:45:53    -2397.711379        0.885927
MDMin:  281 21:45:55    -2397.711452        1.033295
MDMin:  282 21:45:57    -2397.711520        1.148500
MDMin:  283 21:45:59    -2397.711585        1.170155
MDMin:  284 21:46:01    -2397.711648        1.065897
MDMin:  285 21:46:03    -2397.711714        0.875313
MDMin:  286 21:46:05    -2397.711780        0.723537
MDMin:  287 21:46:07    -2397.711842        0.818200
MDMin:  288 21:46:09    -2397.711882        0.905224
MDMin:  289 21:46:11    -2397.711896        0.942417
MDMin:  290 21:46:13    -2397.711912        0.990577
MDMin:  291 21:46:15    -2397.711931        1.048466
MDMin:  292 21:46:17    -2397.711951        1.114441
MDMin:  293 21:46:19    -2397.711972        1.183794
MDMin:  294 21:46:21    -2397.711995        1.247461
MDMin:  295 21:46:23    -2397.712020        1.291684
MDMin:  296 21:46:25    -2397.712045        1.300039
MDMin:  297 21:46:27    -2397.712073        1.258827
MDMin:  298 21:46:29    -2397.712102        1.164350
MDMin:  299 21:46:31    -2397.712134        1.027977
MDMin:  300 21:46:34    -2397.712169        0.962426
MDMin:  301 21:46:36    -2397.712205        1.039117
MDMin:  302 21:46:38    -2397.712244        1.118496
MDMin:  303 21:46:39    -2397.712284        1.185397
MDMin:  304 21:46:41    -2397.712325        1.213050
MDMin:  305 21:46:43    -2397.712368        1.174081
MDMin:  306 21:46:45    -2397.712413        1.061076
MDMin:  307 21:46:46    -2397.712463        0.896304
MDMin:  308 21:46:47    -2397.712518        0.718927
MDMin:  309 21:46:49    -2397.712578        0.623942
MDMin:  310 21:46:50    -2397.712633        0.875913
MDMin:  311 21:46:52    -2397.712645        0.590415
MDMin:  312 21:46:53    -2397.712659        0.584205
MDMin:  313 21:46:54    -2397.712675        0.577403
MDMin:  314 21:46:55    -2397.712694        0.570171
MDMin:  315 21:46:57    -2397.712715        0.562705
MDMin:  316 21:46:59    -2397.712738        0.555217
MDMin:  317 21:47:00    -2397.712764        0.547923
MDMin:  318 21:47:02    -2397.712792        0.541011
MDMin:  319 21:47:03    -2397.712822        0.534601
MDMin:  320 21:47:04    -2397.712854        0.528693
MDMin:  321 21:47:05    -2397.712889        0.523108
MDMin:  322 21:47:07    -2397.712925        0.517448
MDMin:  323 21:47:09    -2397.712964        0.511065
MDMin:  324 21:47:11    -2397.713005        0.503084
MDMin:  325 21:47:13    -2397.713048        0.492497
MDMin:  326 21:47:15    -2397.713093        0.478503
MDMin:  327 21:47:17    -2397.713135        0.462188
MDMin:  328 21:47:18    -2397.713159        0.458910
MDMin:  329 21:47:20    -2397.713169        0.447291
MDMin:  330 21:47:22    -2397.713181        0.441409
MDMin:  331 21:47:24    -2397.713196        0.434309
MDMin:  332 21:47:26    -2397.713212        0.425912
MDMin:  333 21:47:27    -2397.713231        0.416174
MDMin:  334 21:47:29    -2397.713252        0.405096
MDMin:  335 21:47:30    -2397.713275        0.392745
MDMin:  336 21:47:32    -2397.713299        0.379272
MDMin:  337 21:47:34    -2397.713326        0.364921
MDMin:  338 21:47:36    -2397.713355        0.350027
MDMin:  339 21:47:38    -2397.713386        0.337531
MDMin:  340 21:47:40    -2397.713418        0.334851
MDMin:  341 21:47:42    -2397.713453        0.332597
MDMin:  342 21:47:44    -2397.713489        0.330956
MDMin:  343 21:47:46    -2397.713527        0.331861
MDMin:  344 21:47:48    -2397.713567        0.337620
MDMin:  345 21:47:50    -2397.713609        0.338294
MDMin:  346 21:47:51    -2397.713651        0.334667
MDMin:  347 21:47:53    -2397.713688        0.512168
MDMin:  348 21:47:54    -2397.713704        0.339942
MDMin:  349 21:47:55    -2397.713714        0.341136
MDMin:  350 21:47:57    -2397.713726        0.342673
MDMin:  351 21:47:58    -2397.713740        0.344610
MDMin:  352 21:47:59    -2397.713756        0.347004
MDMin:  353 21:48:02    -2397.713774        0.349908
MDMin:  354 21:48:03    -2397.713793        0.353360
MDMin:  355 21:48:05    -2397.713815        0.357370
MDMin:  356 21:48:06    -2397.713838        0.361899
MDMin:  357 21:48:08    -2397.713863        0.366839
MDMin:  358 21:48:09    -2397.713890        0.371977
MDMin:  359 21:48:11    -2397.713920        0.376967
MDMin:  360 21:48:13    -2397.713952        0.381308
MDMin:  361 21:48:15    -2397.713986        0.384337
MDMin:  362 21:48:17    -2397.714023        0.385265
MDMin:  363 21:48:19    -2397.714064        0.383261
MDMin:  364 21:48:21    -2397.714108        0.377594
MDMin:  365 21:48:23    -2397.714156        0.367809
MDMin:  366 21:48:25    -2397.714209        0.353952
MDMin:  367 21:48:27    -2397.714264        0.337408
MDMin:  368 21:48:29    -2397.714302        0.518820
MDMin:  369 21:48:30    -2397.714308        0.324000
MDMin:  370 21:48:32    -2397.714318        0.320963
MDMin:  371 21:48:34    -2397.714332        0.316920
MDMin:  372 21:48:35    -2397.714348        0.312118
MDMin:  373 21:48:37    -2397.714368        0.306574
MDMin:  374 21:48:38    -2397.714390        0.300316
MDMin:  375 21:48:39    -2397.714415        0.293392
MDMin:  376 21:48:40    -2397.714444        0.285873
MDMin:  377 21:48:41    -2397.714477        0.277857
MDMin:  378 21:48:44    -2397.714513        0.269469
MDMin:  379 21:48:46    -2397.714554        0.260856
MDMin:  380 21:48:48    -2397.714599        0.252181
MDMin:  381 21:48:49    -2397.714649        0.252709
MDMin:  382 21:48:51    -2397.714705        0.254723
MDMin:  383 21:48:53    -2397.714767        0.257345
MDMin:  384 21:48:55    -2397.714835        0.260741
MDMin:  385 21:48:57    -2397.714910        0.265101
MDMin:  386 21:48:59    -2397.714993        0.270613
MDMin:  387 21:49:01    -2397.715083        0.277386
MDMin:  388 21:49:03    -2397.715176        0.285078
MDMin:  389 21:49:05    -2397.715243        0.465654
MDMin:  390 21:49:07    -2397.715257        0.291889
MDMin:  391 21:49:09    -2397.715280        0.293726
MDMin:  392 21:49:11    -2397.715306        0.295965
MDMin:  393 21:49:13    -2397.715338        0.298580
MDMin:  394 21:49:15    -2397.715374        0.301560
MDMin:  395 21:49:17    -2397.715414        0.304875
MDMin:  396 21:49:19    -2397.715459        0.308464
MDMin:  397 21:49:21    -2397.715438        1.512650
MDMin:  398 21:49:23    -2397.715472        0.312884
MDMin:  399 21:49:25    -2397.715484        0.313668
MDMin:  400 21:49:27    -2397.715501        0.314735
MDMin:  401 21:49:30    -2397.715523        0.316059
MDMin:  402 21:49:32    -2397.715550        0.317602
MDMin:  403 21:49:34    -2397.715581        0.319307
MDMin:  404 21:49:36    -2397.715617        0.321096
MDMin:  405 21:49:38    -2397.715658        0.322866
MDMin:  406 21:49:40    -2397.715703        0.324486
MDMin:  407 21:49:41    -2397.715737        1.502189
MDMin:  408 21:49:44    -2397.715714        0.325975
MDMin:  409 21:49:45    -2397.715728        0.326169
MDMin:  410 21:49:47    -2397.715746        0.326381
MDMin:  411 21:49:49    -2397.715770        0.326555
MDMin:  412 21:49:51    -2397.715799        0.326616
MDMin:  413 21:49:54    -2397.715833        0.326469
MDMin:  414 21:49:56    -2397.715871        0.326004
MDMin:  415 21:49:57    -2397.715914        0.325091
MDMin:  416 21:49:59    -2397.715961        0.323592
MDMin:  417 21:50:01    -2397.716013        0.326689
MDMin:  418 21:50:03    -2397.716069        0.329676
MDMin:  419 21:50:05    -2397.716129        0.330458
MDMin:  420 21:50:06    -2397.716193        0.328055
MDMin:  421 21:50:08    -2397.716261        0.321410
MDMin:  422 21:50:10    -2397.716332        0.335384
MDMin:  423 21:50:12    -2397.716407        0.357081
MDMin:  424 21:50:14    -2397.716485        0.377844
MDMin:  425 21:50:16    -2397.716567        0.396114
MDMin:  426 21:50:17    -2397.716653        0.410129
MDMin:  427 21:50:19    -2397.716743        0.418028
MDMin:  428 21:50:20    -2397.716838        0.418004
MDMin:  429 21:50:22    -2397.716939        0.408221
MDMin:  430 21:50:24    -2397.717047        0.387102
MDMin:  431 21:50:27    -2397.717164        0.354395
MDMin:  432 21:50:29    -2397.717291        0.350035
MDMin:  433 21:50:31    -2397.717431        0.369056
MDMin:  434 21:50:33    -2397.717582        0.389368
MDMin:  435 21:50:36    -2397.717745        0.409157
MDMin:  436 21:50:38    -2397.717919        0.424966
MDMin:  437 21:50:41    -2397.718101        0.431341
MDMin:  438 21:50:43    -2397.718293        0.421828
MDMin:  439 21:50:45    -2397.718493        0.392201
MDMin:  440 21:50:48    -2397.718699        0.345653
MDMin:  441 21:50:50    -2397.718833        0.819405
MDMin:  442 21:50:52    -2397.718836        0.758322
MDMin:  443 21:50:54    -2397.718845        0.582192
MDMin:  444 21:50:56    -2397.718861        0.325370
MDMin:  445 21:50:58    -2397.718887        0.316509
MDMin:  446 21:51:00    -2397.718921        0.317249
MDMin:  447 21:51:02    -2397.718962        0.318309
MDMin:  448 21:51:04    -2397.719008        0.319760
MDMin:  449 21:51:05    -2397.719060        0.321713
MDMin:  450 21:51:07    -2397.719119        0.324292
MDMin:  451 21:51:09    -2397.719183        0.327626
MDMin:  452 21:51:11    -2397.719254        0.331832
MDMin:  453 21:51:14    -2397.719331        0.336995
MDMin:  454 21:51:16    -2397.719414        0.343131
MDMin:  455 21:51:18    -2397.719503        0.350131
MDMin:  456 21:51:20    -2397.719598        0.357697
MDMin:  457 21:51:22    -2397.719699        0.365265
MDMin:  458 21:51:24    -2397.719805        0.371934
MDMin:  459 21:51:26    -2397.719917        0.376438
MDMin:  460 21:51:28    -2397.720034        0.377202
MDMin:  461 21:51:29    -2397.720156        0.372588
MDMin:  462 21:51:31    -2397.720014        0.361688
MDMin:  463 21:51:33    -2397.719816        0.353842
MDMin:  464 21:51:35    -2397.719888        0.342681
MDMin:  465 21:51:37    -2397.719954        0.336252
MDMin:  466 21:51:39    -2397.719939        0.328432
MDMin:  467 21:51:41    -2397.719832        0.319443
MDMin:  468 21:51:42    -2397.719924        0.309036
MDMin:  469 21:51:43    -2397.719718        0.297475
MDMin:  470 21:51:45    -2397.719844        0.284610
MDMin:  471 21:51:47    -2397.719847        0.270287
MDMin:  472 21:51:48    -2397.719715        0.281102
MDMin:  473 21:51:50    -2397.719833        0.296624
MDMin:  474 21:51:52    -2397.719613        0.313075
MDMin:  475 21:51:54    -2397.719801        0.330772
MDMin:  476 21:51:56    -2397.719736        0.350295
MDMin:  477 21:51:58    -2397.719680        0.371104
MDMin:  478 21:51:59    -2397.719720        0.393581
MDMin:  479 21:52:01    -2397.719599        0.417561
MDMin:  480 21:52:03    -2397.719708        0.443120
MDMin:  481 21:52:05    -2397.719549        0.469661
MDMin:  482 21:52:07    -2397.719697        0.496310
MDMin:  483 21:52:09    -2397.719532        0.520947
MDMin:  484 21:52:11    -2397.719696        0.540671
MDMin:  485 21:52:13    -2397.719570        0.553746
MDMin:  486 21:52:14    -2397.719698        0.562558
MDMin:  487 21:52:15    -2397.719567        0.569293
MDMin:  488 21:52:17    -2397.719686        0.573921
MDMin:  489 21:52:18    -2397.719554        0.575555
MDMin:  490 21:52:20    -2397.719672        0.573043
MDMin:  491 21:52:22    -2397.719543        0.565154
MDMin:  492 21:52:24    -2397.719655        0.550721
MDMin:  493 21:52:27    -2397.719534        0.528832
MDMin:  494 21:52:29    -2397.719637        0.498955
MDMin:  495 21:52:31    -2397.719528        0.461133
MDMin:  496 21:52:33    -2397.719617        0.455371
MDMin:  497 21:52:35    -2397.719524        0.494996
MDMin:  498 21:52:37    -2397.719596        0.525620
MDMin:  499 21:52:39    -2397.719530        0.544111
MDMin:  500 21:52:41    -2397.719584        0.549137
MDMin:  501 21:52:44    -2397.719573        0.544013
MDMin:  502 21:52:46    -2397.719586        0.534747
MDMin:  503 21:52:48    -2397.719583        0.522760
MDMin:  504 21:52:50    -2397.719571        0.507295
MDMin:  505 21:52:53    -2397.719573        0.487696
MDMin:  506 21:52:55    -2397.719553        0.463556
MDMin:  507 21:52:57    -2397.719561        0.434830
MDMin:  508 21:52:59    -2397.719532        0.401971
MDMin:  509 21:53:01    -2397.719547        0.366234
MDMin:  510 21:53:04    -2397.719512        0.329987
MDMin:  511 21:53:06    -2397.719553        0.297420
MDMin:  512 21:53:08    -2397.719516        0.277607
MDMin:  513 21:53:10    -2397.719565        0.272147
MDMin:  514 21:53:12    -2397.719498        0.266646
MDMin:  515 21:53:14    -2397.719554        0.260540
MDMin:  516 21:53:16    -2397.719496        0.253706
MDMin:  517 21:53:18    -2397.719539        0.246150
MDMin:  518 21:53:20    -2397.719491        0.237911
MDMin:  519 21:53:22    -2397.719523        0.229049
MDMin:  520 21:53:24    -2397.719481        0.219647
MDMin:  521 21:53:26    -2397.719507        0.209793
MDMin:  522 21:53:28    -2397.719470        0.199643
MDMin:  523 21:53:29    -2397.719494        0.189459
MDMin:  524 21:53:30    -2397.719473        0.179923
MDMin:  525 21:53:32    -2397.719502        0.172179
MDMin:  526 21:53:34    -2397.719511        0.166493
MDMin:  527 21:53:36    -2397.719504        0.161347
MDMin:  528 21:53:37    -2397.719498        0.156010
MDMin:  529 21:53:39    -2397.719496        0.150331
MDMin:  530 21:53:41    -2397.719479        0.144334
