       Step     Time          Energy          fmax
MDMin:    0 14:54:40    -2393.594110        8.766574
MDMin:    1 14:54:41    -2393.596631        8.684035
MDMin:    2 14:54:43    -2393.602014        8.107957
MDMin:    3 14:54:44    -2393.610521        7.955410
MDMin:    4 14:54:45    -2393.621679        7.933598
MDMin:    5 14:54:46    -2393.635253        5.565276
MDMin:    6 14:54:47    -2393.651493        5.967244
MDMin:    7 14:54:49    -2393.669002        5.387237
MDMin:    8 14:54:50    -2393.688676        2.624899
MDMin:    9 14:54:52    -2393.712720        2.374299
MDMin:   10 14:54:53    -2393.740716        2.996981
MDMin:   11 14:54:54    -2393.773160        2.873375
MDMin:   12 14:54:56    -2393.811962        2.186893
MDMin:   13 14:54:58    -2393.863722        1.342826
MDMin:   14 14:54:59    -2393.928817        2.589367
MDMin:   15 14:55:01    -2393.977034        2.521642
MDMin:   16 14:55:03    -2394.001029        1.417683
MDMin:   17 14:55:05    -2394.031228        1.481753
MDMin:   18 14:55:07    -2394.069353        1.562299
MDMin:   19 14:55:09    -2394.117011        1.653263
MDMin:   20 14:55:11    -2394.176226        1.731762
MDMin:   21 14:55:13    -2394.249640        1.751660
MDMin:   22 14:55:14    -2394.340945        1.665624
MDMin:   23 14:55:16    -2394.455837        1.542601
MDMin:   24 14:55:17    -2394.603511        1.627383
MDMin:   25 14:55:19    -2394.797133        1.788238
MDMin:   26 14:55:20    -2395.039286        1.828731
MDMin:   27 14:55:22    -2395.187224        1.629696
MDMin:   28 14:55:23    -2395.256334        1.104086
MDMin:   29 14:55:24    -2395.286508        1.000922
MDMin:   30 14:55:25    -2395.302483        1.014336
MDMin:   31 14:55:27    -2395.318350        0.966280
MDMin:   32 14:55:28    -2395.333977        1.068813
MDMin:   33 14:55:30    -2395.342565        1.874187
MDMin:   34 14:55:32    -2395.342803        1.775278
MDMin:   35 14:55:33    -2395.343531        1.471626
MDMin:   36 14:55:35    -2395.344852        0.968165
MDMin:   37 14:55:36    -2395.346926        0.870494
MDMin:   38 14:55:38    -2395.349683        0.871443
MDMin:   39 14:55:40    -2395.352947        0.874855
MDMin:   40 14:55:42    -2395.356715        0.881978
MDMin:   41 14:55:44    -2395.360996        0.894412
MDMin:   42 14:55:46    -2395.365801        0.914055
MDMin:   43 14:55:48    -2395.371143        0.943084
MDMin:   44 14:55:50    -2395.377030        0.983842
MDMin:   45 14:55:52    -2395.383471        1.038396
MDMin:   46 14:55:53    -2395.390463        1.106148
MDMin:   47 14:55:54    -2395.398005        1.180719
MDMin:   48 14:55:56    -2395.406103        1.247877
MDMin:   49 14:55:58    -2395.414799        1.286987
MDMin:   50 14:56:00    -2395.424218        1.333640
MDMin:   51 14:56:02    -2395.434616        1.352570
MDMin:   52 14:56:03    -2395.446457        1.291396
MDMin:   53 14:56:05    -2395.460439        1.252576
MDMin:   54 14:56:07    -2395.477437        1.145579
MDMin:   55 14:56:08    -2395.498408        0.975671
MDMin:   56 14:56:10    -2395.524369        0.954671
MDMin:   57 14:56:11    -2395.556527        0.841959
MDMin:   58 14:56:12    -2395.596062        0.695627
MDMin:   59 14:56:14    -2395.641274        1.038510
MDMin:   60 14:56:16    -2395.671990        1.758160
MDMin:   61 14:56:17    -2395.675423        1.392596
MDMin:   62 14:56:19    -2395.681248        0.850359
MDMin:   63 14:56:21    -2395.689983        0.839898
MDMin:   64 14:56:23    -2395.701294        0.860569
MDMin:   65 14:56:25    -2395.714929        0.884566
MDMin:   66 14:56:27    -2395.731158        0.910702
MDMin:   67 14:56:28    -2395.750467        0.936910
MDMin:   68 14:56:30    -2395.773642        0.986495
MDMin:   69 14:56:31    -2395.801974        1.077423
MDMin:   70 14:56:32    -2395.837610        1.189796
MDMin:   71 14:56:34    -2395.884214        1.377533
MDMin:   72 14:56:35    -2395.948249        1.635540
MDMin:   73 14:56:36    -2396.041220        1.940480
MDMin:   74 14:56:38    -2396.179535        1.729821
MDMin:   75 14:56:39    -2396.258735        2.445504
MDMin:   76 14:56:42    -2396.298945        1.681764
MDMin:   77 14:56:43    -2396.359000        1.926058
MDMin:   78 14:56:45    -2396.411522        1.320481
MDMin:   79 14:56:47    -2396.474719        1.284581
MDMin:   80 14:56:49    -2396.539466        1.372283
MDMin:   81 14:56:51    -2396.611157        1.438025
MDMin:   82 14:56:52    -2396.661234        1.806012
MDMin:   83 14:56:54    -2396.693946        1.677674
MDMin:   84 14:56:56    -2396.756233        1.510589
MDMin:   85 14:56:57    -2396.778299        1.595542
MDMin:   86 14:56:58    -2396.830355        1.265841
MDMin:   87 14:57:00    -2396.855178        1.199508
MDMin:   88 14:57:02    -2396.893358        1.154868
MDMin:   89 14:57:04    -2396.920581        1.038030
MDMin:   90 14:57:05    -2396.955459        0.958968
MDMin:   91 14:57:07    -2396.985840        0.897849
MDMin:   92 14:57:08    -2397.017095        0.852296
MDMin:   93 14:57:10    -2397.045129        0.797607
MDMin:   94 14:57:12    -2397.071828        0.866140
MDMin:   95 14:57:13    -2397.096453        0.880596
MDMin:   96 14:57:15    -2397.118915        0.770208
MDMin:   97 14:57:16    -2397.137253        0.939573
MDMin:   98 14:57:18    -2397.160132        0.924467
MDMin:   99 14:57:20    -2397.179413        0.903921
MDMin:  100 14:57:21    -2397.200136        0.868360
MDMin:  101 14:57:22    -2397.222468        0.818608
MDMin:  102 14:57:24    -2397.245489        0.754639
MDMin:  103 14:57:26    -2397.267783        0.721091
MDMin:  104 14:57:28    -2397.288009        0.724509
MDMin:  105 14:57:30    -2397.305509        0.707211
MDMin:  106 14:57:32    -2397.320552        0.698716
MDMin:  107 14:57:33    -2397.334010        0.683205
MDMin:  108 14:57:35    -2397.346859        0.635195
MDMin:  109 14:57:36    -2397.359865        0.642871
MDMin:  110 14:57:38    -2397.373115        0.793040
MDMin:  111 14:57:40    -2397.383089        1.587043
MDMin:  112 14:57:42    -2397.385298        0.666705
MDMin:  113 14:57:43    -2397.388281        0.675053
MDMin:  114 14:57:44    -2397.391342        0.682768
MDMin:  115 14:57:45    -2397.394393        0.688602
MDMin:  116 14:57:47    -2397.397302        0.690567
MDMin:  117 14:57:48    -2397.399995        0.686198
MDMin:  118 14:57:50    -2397.402475        0.672995
MDMin:  119 14:57:52    -2397.404789        0.662568
MDMin:  120 14:57:54    -2397.406977        0.672144
MDMin:  121 14:57:55    -2397.409055        0.677330
MDMin:  122 14:57:57    -2397.411027        0.674889
MDMin:  123 14:57:59    -2397.412894        0.661503
MDMin:  124 14:58:01    -2397.414636        0.635951
MDMin:  125 14:58:02    -2397.416102        0.879845
MDMin:  126 14:58:04    -2397.416852        0.639652
MDMin:  127 14:58:05    -2397.417256        0.573056
MDMin:  128 14:58:06    -2397.417736        0.558917
MDMin:  129 14:58:07    -2397.418280        0.542138
MDMin:  130 14:58:08    -2397.418883        0.522653
MDMin:  131 14:58:09    -2397.419543        0.525509
MDMin:  132 14:58:11    -2397.420256        0.532792
MDMin:  133 14:58:12    -2397.421017        0.539640
MDMin:  134 14:58:14    -2397.421824        0.545355
MDMin:  135 14:58:15    -2397.422671        0.549061
MDMin:  136 14:58:16    -2397.423555        0.549821
MDMin:  137 14:58:18    -2397.424469        0.546858
MDMin:  138 14:58:20    -2397.425408        0.539878
MDMin:  139 14:58:22    -2397.426367        0.529320
MDMin:  140 14:58:23    -2397.427337        0.516353
MDMin:  141 14:58:25    -2397.428297        0.502621
MDMin:  142 14:58:27    -2397.429141        0.784998
MDMin:  143 14:58:28    -2397.429524        0.526506
MDMin:  144 14:58:29    -2397.429710        0.483823
MDMin:  145 14:58:30    -2397.429945        0.482262
MDMin:  146 14:58:32    -2397.430216        0.479883
MDMin:  147 14:58:34    -2397.430523        0.476419
MDMin:  148 14:58:35    -2397.430865        0.471564
MDMin:  149 14:58:36    -2397.431240        0.464979
MDMin:  150 14:58:38    -2397.431647        0.458102
MDMin:  151 14:58:40    -2397.432085        0.453072
MDMin:  152 14:58:41    -2397.432553        0.447893
MDMin:  153 14:58:43    -2397.433052        0.442603
MDMin:  154 14:58:44    -2397.433580        0.437233
MDMin:  155 14:58:46    -2397.434137        0.431809
MDMin:  156 14:58:48    -2397.434726        0.426311
MDMin:  157 14:58:50    -2397.435346        0.424612
MDMin:  158 14:58:52    -2397.436000        0.429508
MDMin:  159 14:58:54    -2397.436690        0.433787
MDMin:  160 14:58:56    -2397.437418        0.437530
MDMin:  161 14:58:58    -2397.438184        0.440737
MDMin:  162 14:59:00    -2397.438970        0.443205
MDMin:  163 14:59:01    -2397.439611        0.769024
MDMin:  164 14:59:02    -2397.439803        0.444595
MDMin:  165 14:59:04    -2397.440035        0.444684
MDMin:  166 14:59:06    -2397.440303        0.444641
MDMin:  167 14:59:08    -2397.440610        0.444398
MDMin:  168 14:59:09    -2397.440956        0.443870
MDMin:  169 14:59:11    -2397.441342        0.442958
MDMin:  170 14:59:12    -2397.441769        0.441552
MDMin:  171 14:59:13    -2397.442239        0.439529
MDMin:  172 14:59:15    -2397.442754        0.436768
MDMin:  173 14:59:16    -2397.443313        0.437168
MDMin:  174 14:59:18    -2397.443920        0.440878
MDMin:  175 14:59:20    -2397.444575        0.444021
MDMin:  176 14:59:22    -2397.445279        0.450213
MDMin:  177 14:59:23    -2397.445823        0.460468
MDMin:  178 14:59:25    -2397.446234        0.468333
MDMin:  179 14:59:27    -2397.446532        0.473113
MDMin:  180 14:59:29    -2397.447267        0.474321
MDMin:  181 14:59:31    -2397.447105        0.523337
MDMin:  182 14:59:33    -2397.447596        0.585519
MDMin:  183 14:59:34    -2397.447809        0.465017
MDMin:  184 14:59:36    -2397.448047        0.461448
MDMin:  185 14:59:37    -2397.448307        0.456624
MDMin:  186 14:59:39    -2397.448575        0.450217
MDMin:  187 14:59:41    -2397.448385        0.442169
MDMin:  188 14:59:43    -2397.448712        0.448396
MDMin:  189 14:59:45    -2397.449047        0.457989
MDMin:  190 14:59:47    -2397.449387        0.468315
MDMin:  191 14:59:49    -2397.449635        0.479292
MDMin:  192 14:59:51    -2397.449394        0.490350
MDMin:  193 14:59:53    -2397.449790        0.501770
MDMin:  194 14:59:55    -2397.450179        0.513465
MDMin:  195 14:59:56    -2397.450560        0.525233
MDMin:  196 14:59:57    -2397.450933        0.536827
MDMin:  197 14:59:59    -2397.451299        0.547949
MDMin:  198 15:00:01    -2397.451661        0.558234
MDMin:  199 15:00:02    -2397.452017        0.567216
MDMin:  200 15:00:04    -2397.452353        0.574145
MDMin:  201 15:00:06    -2397.452584        0.784182
MDMin:  202 15:00:07    -2397.452641        0.578146
MDMin:  203 15:00:09    -2397.452723        0.578924
MDMin:  204 15:00:10    -2397.452818        0.579722
MDMin:  205 15:00:12    -2397.452927        0.580491
MDMin:  206 15:00:14    -2397.453048        0.581180
MDMin:  207 15:00:16    -2397.453183        0.581743
MDMin:  208 15:00:18    -2397.453331        0.582150
MDMin:  209 15:00:20    -2397.453492        0.582422
MDMin:  210 15:00:21    -2397.453666        0.582555
MDMin:  211 15:00:23    -2397.453852        0.582513
MDMin:  212 15:00:25    -2397.454052        0.582177
MDMin:  213 15:00:27    -2397.454266        0.581274
MDMin:  214 15:00:28    -2397.454494        0.579243
MDMin:  215 15:00:30    -2397.454737        0.575109
MDMin:  216 15:00:31    -2397.454997        0.567470
MDMin:  217 15:00:33    -2397.455275        0.554578
MDMin:  218 15:00:34    -2397.455572        0.534564
MDMin:  219 15:00:37    -2397.455886        0.506268
MDMin:  220 15:00:38    -2397.456169        0.632860
MDMin:  221 15:00:40    -2397.456270        0.463185
MDMin:  222 15:00:42    -2397.456352        0.453155
MDMin:  223 15:00:44    -2397.456451        0.440899
MDMin:  224 15:00:46    -2397.456566        0.426285
MDMin:  225 15:00:48    -2397.456699        0.409196
MDMin:  226 15:00:50    -2397.456850        0.389580
MDMin:  227 15:00:52    -2397.457020        0.382384
MDMin:  228 15:00:54    -2397.457213        0.384605
MDMin:  229 15:00:55    -2397.457428        0.385260
MDMin:  230 15:00:57    -2397.457669        0.383940
MDMin:  231 15:00:59    -2397.457938        0.380304
MDMin:  232 15:01:01    -2397.458239        0.374125
MDMin:  233 15:01:02    -2397.458576        0.365322
MDMin:  234 15:01:04    -2397.458953        0.361249
MDMin:  235 15:01:06    -2397.459178        0.359631
MDMin:  236 15:01:08    -2397.458425        0.357717
MDMin:  237 15:01:10    -2397.457702        0.355257
MDMin:  238 15:01:12    -2397.457021        0.352259
MDMin:  239 15:01:14    -2397.456410        0.348873
MDMin:  240 15:01:16    -2397.455972        0.462704
MDMin:  241 15:01:18    -2397.455801        0.344503
MDMin:  242 15:01:20    -2397.455633        0.343092
MDMin:  243 15:01:22    -2397.455448        0.341492
MDMin:  244 15:01:24    -2397.455249        0.339709
MDMin:  245 15:01:25    -2397.455038        0.337756
MDMin:  246 15:01:27    -2397.454819        0.335653
MDMin:  247 15:01:29    -2397.454595        0.333432
MDMin:  248 15:01:31    -2397.454368        0.331131
MDMin:  249 15:01:33    -2397.454141        0.328797
MDMin:  250 15:01:35    -2397.453916        0.326486
MDMin:  251 15:01:37    -2397.453698        0.324250
MDMin:  252 15:01:38    -2397.453488        0.322135
MDMin:  253 15:01:39    -2397.453291        0.320169
MDMin:  254 15:01:41    -2397.453121        0.318408
MDMin:  255 15:01:43    -2397.453012        0.340316
MDMin:  256 15:01:45    -2397.452961        0.316473
MDMin:  257 15:01:46    -2397.452907        0.315737
MDMin:  258 15:01:47    -2397.452849        0.314869
MDMin:  259 15:01:49    -2397.452786        0.313833
MDMin:  260 15:01:50    -2397.452721        0.312582
MDMin:  261 15:01:52    -2397.452653        0.311040
MDMin:  262 15:01:54    -2397.452585        0.309110
MDMin:  263 15:01:55    -2397.452517        0.306665
MDMin:  264 15:01:56    -2397.452450        0.303555
MDMin:  265 15:01:57    -2397.452387        0.299619
MDMin:  266 15:01:59    -2397.452327        0.294704
MDMin:  267 15:02:00    -2397.452272        0.288693
MDMin:  268 15:02:01    -2397.452223        0.281547
MDMin:  269 15:02:03    -2397.452181        0.285089
MDMin:  270 15:02:05    -2397.452147        0.294227
MDMin:  271 15:02:07    -2397.452125        0.310866
MDMin:  272 15:02:09    -2397.452114        0.308369
MDMin:  273 15:02:10    -2397.452110        0.311376
MDMin:  274 15:02:12    -2397.452106        0.314923
MDMin:  275 15:02:13    -2397.452102        0.319042
MDMin:  276 15:02:15    -2397.452099        0.323752
MDMin:  277 15:02:16    -2397.452098        0.329071
MDMin:  278 15:02:18    -2397.452099        0.335022
MDMin:  279 15:02:20    -2397.452103        0.341629
MDMin:  280 15:02:22    -2397.452110        0.348940
MDMin:  281 15:02:24    -2397.452121        0.356994
MDMin:  282 15:02:26    -2397.452137        0.365827
MDMin:  283 15:02:28    -2397.452157        0.375469
MDMin:  284 15:02:30    -2397.452182        0.387642
MDMin:  285 15:02:32    -2397.452214        0.404396
MDMin:  286 15:02:33    -2397.452251        0.422102
MDMin:  287 15:02:35    -2397.452295        0.440540
MDMin:  288 15:02:37    -2397.452346        0.459364
MDMin:  289 15:02:38    -2397.452403        0.477995
MDMin:  290 15:02:40    -2397.452465        0.495246
MDMin:  291 15:02:42    -2397.452522        0.508353
MDMin:  292 15:02:43    -2397.452553        0.514338
MDMin:  293 15:02:45    -2397.452576        0.518296
MDMin:  294 15:02:47    -2397.452603        0.522367
MDMin:  295 15:02:48    -2397.452635        0.526355
MDMin:  296 15:02:50    -2397.452672        0.529924
MDMin:  297 15:02:52    -2397.452713        0.532648
MDMin:  298 15:02:54    -2397.452760        0.534017
MDMin:  299 15:02:56    -2397.452812        0.533448
MDMin:  300 15:02:58    -2397.452871        0.530328
MDMin:  301 15:02:59    -2397.452937        0.524071
MDMin:  302 15:03:00    -2397.453010        0.514206
MDMin:  303 15:03:02    -2397.453091        0.500465
MDMin:  304 15:03:04    -2397.453181        0.482840
MDMin:  305 15:03:06    -2397.453281        0.461561
MDMin:  306 15:03:07    -2397.453392        0.437054
MDMin:  307 15:03:09    -2397.453515        0.429372
MDMin:  308 15:03:11    -2397.453642        0.434323
MDMin:  309 15:03:13    -2397.453740        0.579125
MDMin:  310 15:03:15    -2397.453775        0.433185
MDMin:  311 15:03:17    -2397.453819        0.431717
MDMin:  312 15:03:19    -2397.453870        0.429607
MDMin:  313 15:03:21    -2397.453929        0.426689
MDMin:  314 15:03:23    -2397.453998        0.422791
MDMin:  315 15:03:25    -2397.454075        0.417750
MDMin:  316 15:03:26    -2397.454161        0.411415
MDMin:  317 15:03:28    -2397.454258        0.403658
MDMin:  318 15:03:30    -2397.454366        0.394375
MDMin:  319 15:03:32    -2397.454487        0.383484
MDMin:  320 15:03:34    -2397.454621        0.370920
MDMin:  321 15:03:36    -2397.454770        0.356665
MDMin:  322 15:03:38    -2397.454937        0.340772
MDMin:  323 15:03:40    -2397.455124        0.323379
MDMin:  324 15:03:42    -2397.455331        0.304731
MDMin:  325 15:03:44    -2397.455559        0.285417
MDMin:  326 15:03:45    -2397.455770        0.545749
MDMin:  327 15:03:46    -2397.455832        0.264078
MDMin:  328 15:03:47    -2397.455892        0.260522
MDMin:  329 15:03:49    -2397.455963        0.258670
MDMin:  330 15:03:51    -2397.456046        0.256544
MDMin:  331 15:03:52    -2397.456140        0.254148
MDMin:  332 15:03:53    -2397.456248        0.251489
MDMin:  333 15:03:54    -2397.456370        0.248581
MDMin:  334 15:03:56    -2397.456505        0.245443
MDMin:  335 15:03:58    -2397.456461        0.242103
MDMin:  336 15:04:00    -2397.456396        0.238566
MDMin:  337 15:04:02    -2397.456325        0.234908
MDMin:  338 15:04:04    -2397.456247        0.231186
MDMin:  339 15:04:06    -2397.456163        0.227468
MDMin:  340 15:04:07    -2397.456074        0.223831
MDMin:  341 15:04:09    -2397.455979        0.220370
MDMin:  342 15:04:10    -2397.455882        0.217213
MDMin:  343 15:04:11    -2397.455791        0.344324
MDMin:  344 15:04:12    -2397.455751        0.247662
MDMin:  345 15:04:14    -2397.455734        0.213238
MDMin:  346 15:04:17    -2397.455712        0.212726
MDMin:  347 15:04:18    -2397.455686        0.212160
MDMin:  348 15:04:20    -2397.455656        0.211561
MDMin:  349 15:04:22    -2397.455622        0.210951
MDMin:  350 15:04:24    -2397.455585        0.210359
MDMin:  351 15:04:26    -2397.455544        0.209814
MDMin:  352 15:04:28    -2397.455500        0.209350
MDMin:  353 15:04:30    -2397.455454        0.209002
MDMin:  354 15:04:32    -2397.455404        0.208809
MDMin:  355 15:04:33    -2397.455353        0.208811
MDMin:  356 15:04:35    -2397.455299        0.209044
MDMin:  357 15:04:37    -2397.455244        0.209545
MDMin:  358 15:04:39    -2397.455188        0.210340
MDMin:  359 15:04:40    -2397.455131        0.211439
MDMin:  360 15:04:42    -2397.455075        0.212831
MDMin:  361 15:04:43    -2397.455018        0.214466
MDMin:  362 15:04:44    -2397.454963        0.216243
MDMin:  363 15:04:46    -2397.454910        0.217977
MDMin:  364 15:04:48    -2397.454865        0.307640
MDMin:  365 15:04:50    -2397.454845        0.255287
MDMin:  366 15:04:51    -2397.454837        0.219898
MDMin:  367 15:04:53    -2397.454826        0.220065
MDMin:  368 15:04:55    -2397.454814        0.220220
MDMin:  369 15:04:57    -2397.454800        0.220335
MDMin:  370 15:04:59    -2397.454785        0.220373
MDMin:  371 15:05:01    -2397.454769        0.220290
MDMin:  372 15:05:02    -2397.454752        0.220034
MDMin:  373 15:05:04    -2397.454734        0.219543
MDMin:  374 15:05:05    -2397.454715        0.218751
MDMin:  375 15:05:07    -2397.454697        0.217594
MDMin:  376 15:05:09    -2397.454678        0.216009
MDMin:  377 15:05:10    -2397.454660        0.213949
MDMin:  378 15:05:12    -2397.454642        0.211388
MDMin:  379 15:05:13    -2397.454625        0.208330
MDMin:  380 15:05:15    -2397.454610        0.204813
MDMin:  381 15:05:16    -2397.454596        0.200908
MDMin:  382 15:05:18    -2397.454584        0.209952
MDMin:  383 15:05:20    -2397.454574        0.233045
MDMin:  384 15:05:22    -2397.454566        0.258172
MDMin:  385 15:05:24    -2397.454561        0.282439
MDMin:  386 15:05:26    -2397.454558        0.299869
MDMin:  387 15:05:28    -2397.454557        0.364984
MDMin:  388 15:05:30    -2397.454557        0.304903
MDMin:  389 15:05:32    -2397.454557        0.302698
MDMin:  390 15:05:33    -2397.454558        0.298241
MDMin:  391 15:05:34    -2397.454560        0.291255
MDMin:  392 15:05:36    -2397.454562        0.281868
MDMin:  393 15:05:38    -2397.454565        0.270568
MDMin:  394 15:05:40    -2397.454569        0.257988
MDMin:  395 15:05:42    -2397.454575        0.244662
MDMin:  396 15:05:43    -2397.454583        0.230974
MDMin:  397 15:05:45    -2397.454593        0.217218
MDMin:  398 15:05:47    -2397.454605        0.203683
MDMin:  399 15:05:49    -2397.454620        0.190700
MDMin:  400 15:05:50    -2397.454637        0.191372
MDMin:  401 15:05:51    -2397.454652        0.313458
MDMin:  402 15:05:53    -2397.454660        0.178517
MDMin:  403 15:05:55    -2397.454667        0.179151
MDMin:  404 15:05:56    -2397.454677        0.179863
MDMin:  405 15:05:57    -2397.454688        0.180652
MDMin:  406 15:05:59    -2397.454700        0.181510
MDMin:  407 15:06:00    -2397.454715        0.182426
MDMin:  408 15:06:02    -2397.454733        0.183387
MDMin:  409 15:06:03    -2397.454753        0.184371
MDMin:  410 15:06:05    -2397.454776        0.185356
MDMin:  411 15:06:06    -2397.454802        0.186309
MDMin:  412 15:06:07    -2397.454831        0.187191
MDMin:  413 15:06:09    -2397.454865        0.187955
MDMin:  414 15:06:11    -2397.454902        0.188535
MDMin:  415 15:06:13    -2397.454937        0.244996
MDMin:  416 15:06:14    -2397.454960        0.188915
MDMin:  417 15:06:16    -2397.454974        0.188910
MDMin:  418 15:06:17    -2397.454990        0.188874
MDMin:  419 15:06:19    -2397.455009        0.188794
MDMin:  420 15:06:21    -2397.455031        0.188655
MDMin:  421 15:06:23    -2397.455056        0.188435
MDMin:  422 15:06:25    -2397.455085        0.188116
MDMin:  423 15:06:26    -2397.455117        0.187673
MDMin:  424 15:06:27    -2397.455154        0.187084
MDMin:  425 15:06:28    -2397.455195        0.186326
MDMin:  426 15:06:30    -2397.455240        0.185379
MDMin:  427 15:06:31    -2397.455291        0.184227
MDMin:  428 15:06:33    -2397.455347        0.182862
MDMin:  429 15:06:35    -2397.455409        0.181292
MDMin:  430 15:06:37    -2397.455476        0.179560
MDMin:  431 15:06:39    -2397.455541        0.233440
MDMin:  432 15:06:41    -2397.455580        0.195418
MDMin:  433 15:06:42    -2397.455601        0.176294
MDMin:  434 15:06:43    -2397.455626        0.175646
MDMin:  435 15:06:44    -2397.455655        0.174907
MDMin:  436 15:06:46    -2397.455689        0.174081
MDMin:  437 15:06:47    -2397.455727        0.173173
MDMin:  438 15:06:49    -2397.455771        0.172193
MDMin:  439 15:06:51    -2397.455819        0.171151
MDMin:  440 15:06:53    -2397.455873        0.170061
MDMin:  441 15:06:54    -2397.455933        0.168938
MDMin:  442 15:06:56    -2397.455998        0.167802
MDMin:  443 15:06:57    -2397.456070        0.166675
MDMin:  444 15:06:59    -2397.456149        0.165582
MDMin:  445 15:07:00    -2397.456234        0.164544
MDMin:  446 15:07:02    -2397.456327        0.163584
MDMin:  447 15:07:04    -2397.456427        0.162719
MDMin:  448 15:07:05    -2397.456535        0.161961
MDMin:  449 15:07:06    -2397.456651        0.161313
MDMin:  450 15:07:08    -2397.456774        0.160772
MDMin:  451 15:07:09    -2397.456892        0.253473
MDMin:  452 15:07:10    -2397.456956        0.243735
MDMin:  453 15:07:12    -2397.456978        0.160028
MDMin:  454 15:07:14    -2397.457009        0.159921
MDMin:  455 15:07:16    -2397.457045        0.159799
MDMin:  456 15:07:18    -2397.457088        0.159665
MDMin:  457 15:07:19    -2397.457137        0.159518
MDMin:  458 15:07:21    -2397.457192        0.159359
MDMin:  459 15:07:22    -2397.457253        0.159185
MDMin:  460 15:07:23    -2397.457238        0.158992
MDMin:  461 15:07:24    -2397.457222        0.159222
MDMin:  462 15:07:26    -2397.457205        0.160098
MDMin:  463 15:07:28    -2397.457189        0.161044
MDMin:  464 15:07:30    -2397.457173        0.162054
MDMin:  465 15:07:32    -2397.457156        0.163120
MDMin:  466 15:07:34    -2397.457139        0.164228
MDMin:  467 15:07:35    -2397.457123        0.169129
MDMin:  468 15:07:36    -2397.457106        0.186168
MDMin:  469 15:07:37    -2397.457089        0.205895
MDMin:  470 15:07:39    -2397.457071        0.228119
MDMin:  471 15:07:41    -2397.457054        0.251850
MDMin:  472 15:07:44    -2397.457037        0.274529
MDMin:  473 15:07:46    -2397.457020        0.291305
MDMin:  474 15:07:48    -2397.457005        0.296475
MDMin:  475 15:07:50    -2397.456993        0.315784
MDMin:  476 15:07:52    -2397.456987        0.287328
MDMin:  477 15:07:53    -2397.456981        0.281787
MDMin:  478 15:07:55    -2397.456974        0.274583
MDMin:  479 15:07:57    -2397.456967        0.265783
MDMin:  480 15:07:59    -2397.456958        0.255649
MDMin:  481 15:08:00    -2397.456950        0.244516
MDMin:  482 15:08:02    -2397.456940        0.232714
MDMin:  483 15:08:04    -2397.456930        0.220528
MDMin:  484 15:08:06    -2397.456919        0.208210
MDMin:  485 15:08:07    -2397.456907        0.195993
MDMin:  486 15:08:09    -2397.456896        0.184104
MDMin:  487 15:08:11    -2397.456883        0.182083
MDMin:  488 15:08:12    -2397.456872        0.193361
MDMin:  489 15:08:13    -2397.456863        0.272179
MDMin:  490 15:08:15    -2397.456859        0.184840
MDMin:  491 15:08:17    -2397.456855        0.185363
MDMin:  492 15:08:19    -2397.456850        0.185977
MDMin:  493 15:08:21    -2397.456845        0.186688
MDMin:  494 15:08:22    -2397.456839        0.187505
MDMin:  495 15:08:24    -2397.456832        0.188432
MDMin:  496 15:08:25    -2397.456826        0.189477
MDMin:  497 15:08:27    -2397.456818        0.190646
MDMin:  498 15:08:29    -2397.456811        0.191942
MDMin:  499 15:08:31    -2397.456803        0.193369
MDMin:  500 15:08:33    -2397.456795        0.194928
MDMin:  501 15:08:35    -2397.456786        0.196614
MDMin:  502 15:08:36    -2397.456778        0.198403
MDMin:  503 15:08:38    -2397.456770        0.200186
MDMin:  504 15:08:40    -2397.456765        0.252855
MDMin:  505 15:08:42    -2397.456762        0.202100
MDMin:  506 15:08:43    -2397.456760        0.202696
MDMin:  507 15:08:45    -2397.456757        0.203381
MDMin:  508 15:08:46    -2397.456754        0.204158
MDMin:  509 15:08:48    -2397.456751        0.205025
MDMin:  510 15:08:49    -2397.456747        0.205979
MDMin:  511 15:08:50    -2397.456744        0.207016
MDMin:  512 15:08:51    -2397.456741        0.208129
MDMin:  513 15:08:53    -2397.456737        0.209309
MDMin:  514 15:08:55    -2397.456734        0.210544
MDMin:  515 15:08:57    -2397.456731        0.211816
MDMin:  516 15:08:58    -2397.456728        0.213102
MDMin:  517 15:09:00    -2397.456726        0.214373
MDMin:  518 15:09:02    -2397.456725        0.215580
MDMin:  519 15:09:03    -2397.456724        0.216626
MDMin:  520 15:09:05    -2397.456724        0.241030
MDMin:  521 15:09:06    -2397.456724        0.217534
MDMin:  522 15:09:08    -2397.456724        0.217746
MDMin:  523 15:09:09    -2397.456725        0.217961
MDMin:  524 15:09:11    -2397.456725        0.218168
MDMin:  525 15:09:12    -2397.456726        0.218347
MDMin:  526 15:09:13    -2397.456728        0.218477
MDMin:  527 15:09:14    -2397.456730        0.218529
MDMin:  528 15:09:16    -2397.456732        0.218470
MDMin:  529 15:09:17    -2397.456735        0.218261
MDMin:  530 15:09:19    -2397.456739        0.217856
MDMin:  531 15:09:21    -2397.456743        0.217203
MDMin:  532 15:09:23    -2397.456749        0.216245
MDMin:  533 15:09:24    -2397.456756        0.214924
MDMin:  534 15:09:25    -2397.456764        0.213198
MDMin:  535 15:09:26    -2397.456773        0.211980
MDMin:  536 15:09:28    -2397.456780        0.231154
MDMin:  537 15:09:30    -2397.456784        0.215521
MDMin:  538 15:09:32    -2397.456788        0.216586
MDMin:  539 15:09:33    -2397.456793        0.217792
MDMin:  540 15:09:35    -2397.456798        0.219149
MDMin:  541 15:09:37    -2397.456805        0.220655
MDMin:  542 15:09:39    -2397.456812        0.222310
MDMin:  543 15:09:40    -2397.456820        0.224110
MDMin:  544 15:09:42    -2397.456830        0.226056
MDMin:  545 15:09:44    -2397.456841        0.228149
MDMin:  546 15:09:46    -2397.456853        0.230392
MDMin:  547 15:09:48    -2397.456866        0.232791
MDMin:  548 15:09:49    -2397.456881        0.235352
MDMin:  549 15:09:51    -2397.456898        0.238078
MDMin:  550 15:09:53    -2397.456916        0.240928
MDMin:  551 15:09:55    -2397.456934        0.243658
MDMin:  552 15:09:57    -2397.456947        0.245565
MDMin:  553 15:09:58    -2397.456955        0.246600
MDMin:  554 15:10:00    -2397.456963        0.247704
MDMin:  555 15:10:02    -2397.456972        0.248973
MDMin:  556 15:10:03    -2397.456983        0.250415
MDMin:  557 15:10:04    -2397.456995        0.252027
MDMin:  558 15:10:06    -2397.457008        0.253803
MDMin:  559 15:10:08    -2397.457023        0.255728
MDMin:  560 15:10:10    -2397.457040        0.257777
MDMin:  561 15:10:12    -2397.457058        0.259914
MDMin:  562 15:10:13    -2397.457077        0.262088
MDMin:  563 15:10:15    -2397.457098        0.264223
MDMin:  564 15:10:17    -2397.457121        0.266221
MDMin:  565 15:10:19    -2397.457146        0.267972
MDMin:  566 15:10:21    -2397.457171        0.269356
MDMin:  567 15:10:23    -2397.457198        0.270261
MDMin:  568 15:10:25    -2397.457223        0.270632
MDMin:  569 15:10:27    -2397.457242        0.270594
MDMin:  570 15:10:28    -2397.457256        0.270415
MDMin:  571 15:10:30    -2397.457269        0.270144
MDMin:  572 15:10:32    -2397.457284        0.272636
MDMin:  573 15:10:34    -2397.457300        0.279893
MDMin:  574 15:10:36    -2397.457318        0.284674
MDMin:  575 15:10:38    -2397.457339        0.285508
MDMin:  576 15:10:40    -2397.457361        0.281303
MDMin:  577 15:10:41    -2397.457386        0.272027
MDMin:  578 15:10:43    -2397.457413        0.264306
MDMin:  579 15:10:44    -2397.457443        0.263041
MDMin:  580 15:10:45    -2397.457475        0.261865
MDMin:  581 15:10:47    -2397.457508        0.260927
MDMin:  582 15:10:48    -2397.457536        0.260369
MDMin:  583 15:10:50    -2397.457552        0.260139
MDMin:  584 15:10:52    -2397.457567        0.260012
MDMin:  585 15:10:54    -2397.457584        0.259960
MDMin:  586 15:10:56    -2397.457603        0.260020
MDMin:  587 15:10:58    -2397.457624        0.260240
MDMin:  588 15:11:00    -2397.457648        0.260674
MDMin:  589 15:11:02    -2397.457674        0.261385
MDMin:  590 15:11:04    -2397.457704        0.262441
MDMin:  591 15:11:06    -2397.457736        0.263916
MDMin:  592 15:11:07    -2397.457771        0.265884
MDMin:  593 15:11:08    -2397.457809        0.268417
MDMin:  594 15:11:10    -2397.457849        0.271530
MDMin:  595 15:11:11    -2397.457888        0.274979
MDMin:  596 15:11:12    -2397.457918        0.277804
MDMin:  597 15:11:13    -2397.457935        0.279515
MDMin:  598 15:11:14    -2397.457953        0.281324
MDMin:  599 15:11:16    -2397.457973        0.283473
MDMin:  600 15:11:18    -2397.457995        0.286014
MDMin:  601 15:11:20    -2397.458021        0.288997
MDMin:  602 15:11:21    -2397.458049        0.292471
MDMin:  603 15:11:23    -2397.458080        0.296491
MDMin:  604 15:11:25    -2397.458114        0.301115
MDMin:  605 15:11:26    -2397.458150        0.306402
MDMin:  606 15:11:27    -2397.458190        0.312409
MDMin:  607 15:11:28    -2397.458233        0.319187
MDMin:  608 15:11:30    -2397.458279        0.326751
MDMin:  609 15:11:31    -2397.458327        0.334975
MDMin:  610 15:11:33    -2397.458373        0.343175
MDMin:  611 15:11:35    -2397.458407        0.349416
MDMin:  612 15:11:36    -2397.458428        0.353241
MDMin:  613 15:11:38    -2397.458450        0.357182
MDMin:  614 15:11:39    -2397.458474        0.361677
MDMin:  615 15:11:40    -2397.458501        0.366783
MDMin:  616 15:11:41    -2397.458495        0.372518
MDMin:  617 15:11:43    -2397.458485        0.378856
MDMin:  618 15:11:44    -2397.458475        0.385844
MDMin:  619 15:11:46    -2397.458466        0.393473
MDMin:  620 15:11:47    -2397.458457        0.401718
MDMin:  621 15:11:49    -2397.458448        0.410541
MDMin:  622 15:11:51    -2397.458439        0.419885
MDMin:  623 15:11:53    -2397.458430        0.429652
MDMin:  624 15:11:55    -2397.458421        0.439615
MDMin:  625 15:11:56    -2397.458412        0.449092
MDMin:  626 15:11:58    -2397.458405        0.456481
MDMin:  627 15:11:59    -2397.458400        0.461121
MDMin:  628 15:12:01    -2397.458396        0.465320
MDMin:  629 15:12:03    -2397.458391        0.469959
MDMin:  630 15:12:04    -2397.458386        0.475158
MDMin:  631 15:12:06    -2397.458380        0.480944
MDMin:  632 15:12:08    -2397.458374        0.487335
MDMin:  633 15:12:09    -2397.458367        0.494353
MDMin:  634 15:12:11    -2397.458359        0.502023
MDMin:  635 15:12:13    -2397.458351        0.510382
MDMin:  636 15:12:14    -2397.458343        0.519471
MDMin:  637 15:12:16    -2397.458334        0.529320
MDMin:  638 15:12:18    -2397.458325        0.539880
MDMin:  639 15:12:20    -2397.458316        0.550845
MDMin:  640 15:12:22    -2397.458308        0.561186
MDMin:  641 15:12:24    -2397.458301        0.569105
MDMin:  642 15:12:25    -2397.458296        0.574869
MDMin:  643 15:12:27    -2397.458292        0.580621
MDMin:  644 15:12:29    -2397.458287        0.587019
MDMin:  645 15:12:31    -2397.458282        0.594182
MDMin:  646 15:12:33    -2397.458276        0.602126
MDMin:  647 15:12:34    -2397.458270        0.610841
MDMin:  648 15:12:36    -2397.458263        0.620305
MDMin:  649 15:12:38    -2397.458256        0.630509
MDMin:  650 15:12:40    -2397.458249        0.641467
MDMin:  651 15:12:42    -2397.458242        0.653213
MDMin:  652 15:12:43    -2397.458234        0.665741
MDMin:  653 15:12:45    -2397.458227        0.678822
MDMin:  654 15:12:47    -2397.458220        0.691577
MDMin:  655 15:12:48    -2397.458215        0.702326
MDMin:  656 15:12:50    -2397.458211        0.710644
MDMin:  657 15:12:51    -2397.458207        0.718383
MDMin:  658 15:12:52    -2397.458203        0.726689
MDMin:  659 15:12:53    -2397.458199        0.735863
MDMin:  660 15:12:54    -2397.458194        0.745900
MDMin:  661 15:12:56    -2397.458190        0.756688
MDMin:  662 15:12:58    -2397.458185        0.768059
MDMin:  663 15:12:59    -2397.458180        0.779827
MDMin:  664 15:13:01    -2397.458175        0.791784
MDMin:  665 15:13:03    -2397.458170        0.803663
MDMin:  666 15:13:05    -2397.458165        0.815028
MDMin:  667 15:13:06    -2397.458161        0.825095
MDMin:  668 15:13:08    -2397.458157        0.832670
MDMin:  669 15:13:10    -2397.458153        0.836539
MDMin:  670 15:13:11    -2397.458150        0.836212
MDMin:  671 15:13:12    -2397.458147        0.831399
MDMin:  672 15:13:14    -2397.458144        0.877738
MDMin:  673 15:13:15    -2397.458142        0.966707
MDMin:  674 15:13:16    -2397.458139        1.071935
MDMin:  675 15:13:18    -2397.458137        1.196019
MDMin:  676 15:13:20    -2397.458134        1.341326
MDMin:  677 15:13:21    -2397.458131        1.514934
MDMin:  678 15:13:23    -2397.458129        1.814842
MDMin:  679 15:13:25    -2397.458127        1.811716
MDMin:  680 15:13:27    -2397.458125        1.692173
MDMin:  681 15:13:28    -2397.458123        1.502908
MDMin:  682 15:13:29    -2397.458121        1.263334
MDMin:  683 15:13:31    -2397.458119        1.113489
MDMin:  684 15:13:32    -2397.458116        1.184186
MDMin:  685 15:13:34    -2397.458114        1.196665
MDMin:  686 15:13:35    -2397.458112        1.140238
MDMin:  687 15:13:36    -2397.458111        1.065233
MDMin:  688 15:13:38    -2397.458111        1.014309
MDMin:  689 15:13:40    -2397.458110        0.942398
MDMin:  690 15:13:41    -2397.458110        0.844913
MDMin:  691 15:13:42    -2397.458109        0.718566
MDMin:  692 15:13:44    -2397.458108        0.662301
MDMin:  693 15:13:46    -2397.458108        0.709137
MDMin:  694 15:13:48    -2397.458107        0.718567
MDMin:  695 15:13:50    -2397.458107        0.683410
MDMin:  696 15:13:52    -2397.458106        0.603549
MDMin:  697 15:13:53    -2397.458106        0.487780
MDMin:  698 15:13:54    -2397.458107        0.616458
MDMin:  699 15:13:55    -2397.458107        0.730655
MDMin:  700 15:13:57    -2397.458108        0.804706
MDMin:  701 15:13:59    -2397.458109        0.840987
MDMin:  702 15:14:01    -2397.458110        0.849086
MDMin:  703 15:14:03    -2397.458111        0.848791
MDMin:  704 15:14:05    -2397.458111        0.846082
MDMin:  705 15:14:07    -2397.458112        0.840195
MDMin:  706 15:14:08    -2397.458113        0.830137
MDMin:  707 15:14:10    -2397.458114        0.814841
MDMin:  708 15:14:11    -2397.458115        0.793114
MDMin:  709 15:14:12    -2397.458116        0.763484
MDMin:  710 15:14:14    -2397.458117        0.817147
MDMin:  711 15:14:15    -2397.458119        0.931517
MDMin:  712 15:14:16    -2397.458121        1.062865
MDMin:  713 15:14:17    -2397.458122        1.215344
MDMin:  714 15:14:19    -2397.458124        1.392243
MDMin:  715 15:14:21    -2397.458126        1.590984
MDMin:  716 15:14:22    -2397.458128        1.750569
MDMin:  717 15:14:23    -2397.458130        1.626615
MDMin:  718 15:14:25    -2397.458132        1.477886
MDMin:  719 15:14:27    -2397.458134        1.305549
MDMin:  720 15:14:28    -2397.458137        1.126453
MDMin:  721 15:14:29    -2397.458140        1.167140
MDMin:  722 15:14:30    -2397.458144        1.213487
MDMin:  723 15:14:32    -2397.458148        1.246811
MDMin:  724 15:14:34    -2397.458152        1.237342
MDMin:  725 15:14:35    -2397.458157        1.171343
MDMin:  726 15:14:37    -2397.458159        1.105136
MDMin:  727 15:14:39    -2397.458161        1.063184
MDMin:  728 15:14:41    -2397.458162        1.005790
MDMin:  729 15:14:42    -2397.458164        0.930756
MDMin:  730 15:14:44    -2397.458167        0.836382
MDMin:  731 15:14:45    -2397.458170        0.722020
MDMin:  732 15:14:46    -2397.458173        0.754910
MDMin:  733 15:14:47    -2397.458177        0.777305
MDMin:  734 15:14:49    -2397.458181        0.779900
MDMin:  735 15:14:50    -2397.458187        0.759947
MDMin:  736 15:14:52    -2397.458193        0.715894
MDMin:  737 15:14:54    -2397.458200        0.648620
MDMin:  738 15:14:55    -2397.458207        0.561961
MDMin:  739 15:14:57    -2397.458215        0.565947
MDMin:  740 15:14:58    -2397.458221        0.650149
MDMin:  741 15:15:00    -2397.458224        0.680902
MDMin:  742 15:15:01    -2397.458227        0.700635
MDMin:  743 15:15:03    -2397.458229        0.721637
MDMin:  744 15:15:05    -2397.458232        0.742931
MDMin:  745 15:15:06    -2397.458236        0.763364
MDMin:  746 15:15:07    -2397.458240        0.781652
MDMin:  747 15:15:09    -2397.458244        0.796387
MDMin:  748 15:15:11    -2397.458249        0.806035
MDMin:  749 15:15:13    -2397.458254        0.808959
MDMin:  750 15:15:15    -2397.458260        0.803403
MDMin:  751 15:15:17    -2397.458266        0.787488
MDMin:  752 15:15:19    -2397.458272        0.759138
MDMin:  753 15:15:20    -2397.458279        0.715927
MDMin:  754 15:15:22    -2397.458287        0.759224
MDMin:  755 15:15:24    -2397.458294        0.893803
MDMin:  756 15:15:25    -2397.458302        1.029734
MDMin:  757 15:15:27    -2397.458311        1.154864
MDMin:  758 15:15:29    -2397.458319        1.239652
MDMin:  759 15:15:31    -2397.458327        1.219001
MDMin:  760 15:15:32    -2397.458336        0.977832
MDMin:  761 15:15:34    -2397.458344        0.987191
MDMin:  762 15:15:36    -2397.458345        0.449706
MDMin:  763 15:15:38    -2397.458346        0.432106
MDMin:  764 15:15:39    -2397.458346        0.554484
MDMin:  765 15:15:41    -2397.458347        0.735494
MDMin:  766 15:15:43    -2397.458348        0.753511
MDMin:  767 15:15:45    -2397.458350        0.826933
MDMin:  768 15:15:47    -2397.458352        1.051973
MDMin:  769 15:15:48    -2397.458355        1.380089
MDMin:  770 15:15:50    -2397.458358        1.682975
MDMin:  771 15:15:52    -2397.458360        1.913733
MDMin:  772 15:15:53    -2397.458364        2.055289
MDMin:  773 15:15:55    -2397.458368        2.109774
MDMin:  774 15:15:56    -2397.458372        2.088457
MDMin:  775 15:15:58    -2397.458377        2.005012
MDMin:  776 15:16:00    -2397.458383        1.872024
MDMin:  777 15:16:02    -2397.458390        1.699709
MDMin:  778 15:16:04    -2397.458398        1.495940
MDMin:  779 15:16:06    -2397.458407        1.267223
MDMin:  780 15:16:07    -2397.458419        1.020517
MDMin:  781 15:16:09    -2397.458433        0.765237
MDMin:  782 15:16:11    -2397.458450        0.703112
MDMin:  783 15:16:13    -2397.458470        0.663670
MDMin:  784 15:16:15    -2397.458495        0.583649
MDMin:  785 15:16:17    -2397.458524        0.479129
MDMin:  786 15:16:19    -2397.458557        0.362557
MDMin:  787 15:16:20    -2397.458590        0.509363
MDMin:  788 15:16:21    -2397.458620        0.645971
MDMin:  789 15:16:23    -2397.458649        0.754592
MDMin:  790 15:16:24    -2397.458675        0.833288
MDMin:  791 15:16:25    -2397.458701        0.878911
MDMin:  792 15:16:27    -2397.458724        0.878756
MDMin:  793 15:16:29    -2397.458740        0.857989
MDMin:  794 15:16:31    -2397.458744        0.846175
MDMin:  795 15:16:33    -2397.458750        0.828250
MDMin:  796 15:16:34    -2397.458757        0.805096
MDMin:  797 15:16:36    -2397.458766        0.775348
MDMin:  798 15:16:37    -2397.458775        0.768997
MDMin:  799 15:16:38    -2397.458785        0.816027
MDMin:  800 15:16:40    -2397.458796        0.861349
MDMin:  801 15:16:41    -2397.458808        0.901225
MDMin:  802 15:16:42    -2397.458821        0.930688
MDMin:  803 15:16:44    -2397.458836        0.943317
MDMin:  804 15:16:46    -2397.458851        0.931571
MDMin:  805 15:16:48    -2397.458868        0.888240
MDMin:  806 15:16:49    -2397.458887        0.809902
MDMin:  807 15:16:51    -2397.458907        0.701177
MDMin:  808 15:16:52    -2397.458930        0.574565
MDMin:  809 15:16:54    -2397.458956        0.444471
MDMin:  810 15:16:56    -2397.458961        0.644731
MDMin:  811 15:16:58    -2397.458958        0.337198
MDMin:  812 15:16:59    -2397.458953        0.318774
MDMin:  813 15:17:01    -2397.458947        0.303294
MDMin:  814 15:17:02    -2397.458941        0.301346
MDMin:  815 15:17:04    -2397.458933        0.299650
MDMin:  816 15:17:06    -2397.458924        0.298484
MDMin:  817 15:17:07    -2397.458915        0.298017
MDMin:  818 15:17:09    -2397.458904        0.297955
MDMin:  819 15:17:11    -2397.458893        0.296869
MDMin:  820 15:17:12    -2397.458880        0.291418
MDMin:  821 15:17:14    -2397.458867        0.276584
MDMin:  822 15:17:15    -2397.458852        0.249165
MDMin:  823 15:17:17    -2397.458836        0.213245
MDMin:  824 15:17:18    -2397.458820        0.220879
MDMin:  825 15:17:20    -2397.458804        0.223631
MDMin:  826 15:17:22    -2397.458798        0.217161
MDMin:  827 15:17:24    -2397.458795        0.213301
MDMin:  828 15:17:26    -2397.458791        0.207646
MDMin:  829 15:17:28    -2397.458787        0.200153
MDMin:  830 15:17:30    -2397.458781        0.190672
MDMin:  831 15:17:32    -2397.458775        0.179301
MDMin:  832 15:17:34    -2397.458767        0.166566
MDMin:  833 15:17:36    -2397.458759        0.153501
MDMin:  834 15:17:37    -2397.458750        0.141488
