Task 6: top_ni__top_mo+top_cr
Step 1: FS minimization
ERROR on proc 0: Cannot open universe log file results/notebook06-Neb-dissociation/7/multi/top_ni__top_mo+top_cr/fs_min.log: No such file or directory (src/lammps.cpp:542)
--------------------------------------------------------------------------
MPI_ABORT was invoked on rank 0 in communicator MPI_COMM_WORLD
with errorcode 1.

NOTE: invoking MPI_ABORT causes Open MPI to kill all MPI processes.
You may or may not see output from other processes, depending on
exactly when Open MPI kills them.
--------------------------------------------------------------------------
Step 2: NEB
/home/akinyemi.az/miniforge3/envs/mace-lammps/lib/python3.11/site-packages/e3nn/o3/_wigner.py:10: FutureWarning: You are using `torch.load` with `weights_only=False` (the current default value), which uses the default pickle module implicitly. It is possible to construct malicious pickle data which will execute arbitrary code during unpickling (See https://github.com/pytorch/pytorch/blob/main/SECURITY.md#untrusted-models for more details). In a future release, the default value for `weights_only` will be flipped to `True`. This limits the functions that could be executed during unpickling. Arbitrary objects will no longer be allowed to be loaded via this mode unless they are explicitly allowlisted by the user via `torch.serialization.add_safe_globals`. We recommend you start setting `weights_only=True` for any use case where you don't have full control of the loaded file. Please open an issue on GitHub for any issues related to this experimental feature.
  _Jd, _W3j_flat, _W3j_indices = torch.load(os.path.join(os.path.dirname(__file__), 'constants.pt'))
Device: cuda
Traceback (most recent call last):
  File "/projects/westgroup/akinyemi.az/mace_lammps/MHI_Nickel/lammps_scripts/notebook06-Neb-dissociation/7/multi/top_ni__top_mo+top_cr/run_neb.py", line 54, in <module>
    E_FS = None
         ^^^^^^^
FileNotFoundError: [Errno 2] No such file or directory: 'results/notebook06-Neb-dissociation/7/multi/top_ni__top_mo+top_cr/fs_min.log'
/home/akinyemi.az/miniforge3/envs/mace-lammps/lib/python3.11/tempfile.py:934: ResourceWarning: Implicitly cleaning up <TemporaryDirectory '/tmp/tmpjcanh525'>
  _warnings.warn(warn_message, ResourceWarning)
Done: top_ni__top_mo+top_cr Thu Jun  4 02:43:32 AM EDT 2026
