       Step     Time          Energy          fmax
MDMin:    0 20:29:22    -2394.022817        6.068867
MDMin:    1 20:29:25    -2394.026509        6.283226
MDMin:    2 20:29:26    -2394.037248        6.849805
MDMin:    3 20:29:28    -2394.052677        7.283335
MDMin:    4 20:29:29    -2394.067009        6.155613
MDMin:    5 20:29:30    -2394.085378        3.730589
MDMin:    6 20:29:32    -2394.108650        4.837109
MDMin:    7 20:29:33    -2394.135243        5.443778
MDMin:    8 20:29:36    -2394.165733        3.245971
MDMin:    9 20:29:38    -2394.205946        1.837287
MDMin:   10 20:29:40    -2394.257410        1.766795
MDMin:   11 20:29:41    -2394.323571        1.729648
MDMin:   12 20:29:43    -2394.398258        1.610033
MDMin:   13 20:29:45    -2394.451613        1.738251
MDMin:   14 20:29:47    -2394.503111        1.804965
MDMin:   15 20:29:49    -2394.551620        1.690768
MDMin:   16 20:29:50    -2394.593614        2.382941
MDMin:   17 20:29:52    -2394.622639        1.673359
MDMin:   18 20:29:53    -2394.646971        1.637988
MDMin:   19 20:29:54    -2394.672115        1.631470
MDMin:   20 20:29:56    -2394.700462        1.648432
MDMin:   21 20:29:58    -2394.733107        1.628693
MDMin:   22 20:30:00    -2394.771897        1.593851
MDMin:   23 20:30:01    -2394.819940        1.565451
MDMin:   24 20:30:03    -2394.882675        1.539652
MDMin:   25 20:30:05    -2394.966663        1.555503
MDMin:   26 20:30:07    -2395.070253        1.652627
MDMin:   27 20:30:09    -2395.163885        1.790070
MDMin:   28 20:30:11    -2395.217616        1.806994
MDMin:   29 20:30:12    -2395.243255        1.726380
MDMin:   30 20:30:14    -2395.260922        1.593901
MDMin:   31 20:30:16    -2395.275739        1.464728
MDMin:   32 20:30:18    -2395.289156        1.320282
MDMin:   33 20:30:21    -2395.301641        1.131624
MDMin:   34 20:30:23    -2395.313383        1.043530
MDMin:   35 20:30:25    -2395.324092        1.037871
MDMin:   36 20:30:26    -2395.333080        0.972037
MDMin:   37 20:30:28    -2395.339311        0.889396
MDMin:   38 20:30:30    -2395.343655        0.820910
MDMin:   39 20:30:31    -2395.347701        0.753933
MDMin:   40 20:30:33    -2395.351962        0.683735
MDMin:   41 20:30:34    -2395.356453        0.613564
MDMin:   42 20:30:36    -2395.361147        0.577705
MDMin:   43 20:30:38    -2395.365977        0.559303
MDMin:   44 20:30:40    -2395.370891        0.555077
MDMin:   45 20:30:42    -2395.375791        0.553212
MDMin:   46 20:30:44    -2395.380576        0.559716
MDMin:   47 20:30:46    -2395.384916        0.569499
MDMin:   48 20:30:48    -2395.388253        0.673718
MDMin:   49 20:30:50    -2395.390319        0.585858
MDMin:   50 20:30:51    -2395.392203        0.592212
MDMin:   51 20:30:53    -2395.394175        0.598992
MDMin:   52 20:30:54    -2395.396284        0.606154
MDMin:   53 20:30:55    -2395.398513        0.613253
MDMin:   54 20:30:57    -2395.400856        0.622660
MDMin:   55 20:30:59    -2395.403295        0.658716
MDMin:   56 20:31:01    -2395.405825        0.696145
MDMin:   57 20:31:03    -2395.408434        0.728974
MDMin:   58 20:31:04    -2395.411132        0.748507
MDMin:   59 20:31:06    -2395.413914        0.745952
MDMin:   60 20:31:07    -2395.416787        0.718554
MDMin:   61 20:31:09    -2395.419614        0.675552
MDMin:   62 20:31:10    -2395.422038        0.678724
MDMin:   63 20:31:12    -2395.423518        0.611415
MDMin:   64 20:31:14    -2395.424767        0.592088
MDMin:   65 20:31:16    -2395.426103        0.571964
MDMin:   66 20:31:17    -2395.427590        0.550381
MDMin:   67 20:31:19    -2395.429227        0.538563
MDMin:   68 20:31:21    -2395.431023        0.531923
MDMin:   69 20:31:23    -2395.432979        0.525470
MDMin:   70 20:31:25    -2395.435103        0.519313
MDMin:   71 20:31:27    -2395.437399        0.513526
MDMin:   72 20:31:29    -2395.439878        0.508093
MDMin:   73 20:31:31    -2395.442542        0.502934
MDMin:   74 20:31:32    -2395.445406        0.497832
MDMin:   75 20:31:34    -2395.448435        0.492548
MDMin:   76 20:31:35    -2395.451568        0.486873
MDMin:   77 20:31:37    -2395.454377        0.552485
MDMin:   78 20:31:38    -2395.456404        0.536268
MDMin:   79 20:31:39    -2395.457936        0.474165
MDMin:   80 20:31:41    -2395.459574        0.470534
MDMin:   81 20:31:42    -2395.461229        0.466300
MDMin:   82 20:31:43    -2395.462596        0.461383
MDMin:   83 20:31:45    -2395.464265        0.475861
MDMin:   84 20:31:46    -2395.466213        0.504462
MDMin:   85 20:31:47    -2395.468082        0.540858
MDMin:   86 20:31:49    -2395.470140        0.585199
MDMin:   87 20:31:52    -2395.472569        0.636565
MDMin:   88 20:31:53    -2395.475176        0.691479
MDMin:   89 20:31:55    -2395.477964        0.741572
MDMin:   90 20:31:57    -2395.480884        0.773770
MDMin:   91 20:31:59    -2395.483650        0.773923
MDMin:   92 20:32:00    -2395.487085        0.736022
MDMin:   93 20:32:02    -2395.490797        0.668857
MDMin:   94 20:32:04    -2395.494744        0.593108
MDMin:   95 20:32:05    -2395.498538        0.616884
MDMin:   96 20:32:06    -2395.501574        0.752221
MDMin:   97 20:32:08    -2395.503729        0.542262
MDMin:   98 20:32:09    -2395.505865        0.549521
MDMin:   99 20:32:11    -2395.508216        0.557304
MDMin:  100 20:32:13    -2395.510849        0.565740
MDMin:  101 20:32:14    -2395.513775        0.574766
MDMin:  102 20:32:15    -2395.517017        0.584346
MDMin:  103 20:32:17    -2395.520587        0.594373
MDMin:  104 20:32:19    -2395.524508        0.604750
MDMin:  105 20:32:21    -2395.528796        0.615404
MDMin:  106 20:32:22    -2395.533478        0.626727
MDMin:  107 20:32:23    -2395.538572        0.638752
MDMin:  108 20:32:24    -2395.544111        0.651388
MDMin:  109 20:32:26    -2395.550091        0.664367
MDMin:  110 20:32:29    -2395.556509        0.677271
MDMin:  111 20:32:31    -2395.563141        0.690881
MDMin:  112 20:32:33    -2395.569597        0.765765
MDMin:  113 20:32:34    -2395.575178        0.737647
MDMin:  114 20:32:36    -2395.580179        0.746664
MDMin:  115 20:32:38    -2395.585346        0.750457
MDMin:  116 20:32:40    -2395.591119        0.749687
MDMin:  117 20:32:42    -2395.597666        0.763140
MDMin:  118 20:32:44    -2395.605164        0.834263
MDMin:  119 20:32:47    -2395.613781        0.912310
MDMin:  120 20:32:49    -2395.623769        0.989234
MDMin:  121 20:32:50    -2395.635471        1.051235
MDMin:  122 20:32:51    -2395.649451        1.083128
MDMin:  123 20:32:53    -2395.666567        1.076096
MDMin:  124 20:32:54    -2395.688152        1.031373
MDMin:  125 20:32:55    -2395.716097        0.983640
MDMin:  126 20:32:56    -2395.753022        1.072099
MDMin:  127 20:32:58    -2395.801929        1.118803
MDMin:  128 20:32:59    -2395.865174        1.195102
MDMin:  129 20:33:01    -2395.940478        1.247625
MDMin:  130 20:33:02    -2396.017631        1.228703
MDMin:  131 20:33:03    -2396.075488        1.173238
MDMin:  132 20:33:05    -2396.110237        1.118291
MDMin:  133 20:33:06    -2396.141454        1.059359
MDMin:  134 20:33:07    -2396.172387        0.989028
MDMin:  135 20:33:08    -2396.202270        0.909013
MDMin:  136 20:33:10    -2396.230366        0.868163
MDMin:  137 20:33:12    -2396.255966        0.870794
MDMin:  138 20:33:14    -2396.271114        0.836916
MDMin:  139 20:33:16    -2396.282554        0.765642
MDMin:  140 20:33:18    -2396.292509        0.668165
MDMin:  141 20:33:19    -2396.300799        0.651917
MDMin:  142 20:33:21    -2396.307042        1.095017
MDMin:  143 20:33:23    -2396.310353        0.639881
MDMin:  144 20:33:24    -2396.312785        0.628960
MDMin:  145 20:33:26    -2396.315319        0.621946
MDMin:  146 20:33:27    -2396.318018        0.612240
MDMin:  147 20:33:29    -2396.320851        0.600346
MDMin:  148 20:33:30    -2396.323800        0.604373
MDMin:  149 20:33:32    -2396.326844        0.613444
MDMin:  150 20:33:33    -2396.329974        0.627238
MDMin:  151 20:33:35    -2396.333179        0.644698
MDMin:  152 20:33:37    -2396.336458        0.667317
MDMin:  153 20:33:39    -2396.339805        0.694987
MDMin:  154 20:33:41    -2396.343225        0.730107
MDMin:  155 20:33:43    -2396.346707        0.769544
MDMin:  156 20:33:45    -2396.350253        0.816709
MDMin:  157 20:33:46    -2396.353750        0.859077
MDMin:  158 20:33:47    -2396.356976        0.920206
MDMin:  159 20:33:48    -2396.359091        0.929561
MDMin:  160 20:33:50    -2396.360429        0.949671
MDMin:  161 20:33:52    -2396.361856        0.968583
MDMin:  162 20:33:54    -2396.363439        0.989650
MDMin:  163 20:33:57    -2396.365178        1.011923
MDMin:  164 20:33:59    -2396.367071        1.033685
MDMin:  165 20:34:02    -2396.369118        1.051378
MDMin:  166 20:34:03    -2396.371321        1.058977
MDMin:  167 20:34:05    -2396.373684        1.047038
MDMin:  168 20:34:07    -2396.376218        1.002510
MDMin:  169 20:34:09    -2396.378936        0.911890
MDMin:  170 20:34:11    -2396.381863        0.771475
MDMin:  171 20:34:13    -2396.385023        0.713938
MDMin:  172 20:34:15    -2396.388443        0.692682
MDMin:  173 20:34:17    -2396.392139        0.676590
MDMin:  174 20:34:18    -2396.396114        0.690053
MDMin:  175 20:34:19    -2396.400261        0.724413
MDMin:  176 20:34:21    -2396.404052        1.106629
MDMin:  177 20:34:22    -2396.406073        0.796018
MDMin:  178 20:34:23    -2396.407327        0.788849
MDMin:  179 20:34:24    -2396.408814        0.810305
MDMin:  180 20:34:26    -2396.410508        0.832539
MDMin:  181 20:34:28    -2396.412413        0.853890
MDMin:  182 20:34:30    -2396.414533        0.872172
MDMin:  183 20:34:32    -2396.416873        0.884911
MDMin:  184 20:34:34    -2396.419437        0.889865
MDMin:  185 20:34:36    -2396.422231        0.885646
MDMin:  186 20:34:38    -2396.425258        0.910165
MDMin:  187 20:34:40    -2396.428524        0.933915
MDMin:  188 20:34:42    -2396.432040        0.939580
MDMin:  189 20:34:45    -2396.435827        0.919670
MDMin:  190 20:34:47    -2396.439918        0.881768
MDMin:  191 20:34:49    -2396.444343        0.845724
MDMin:  192 20:34:51    -2396.449122        0.827446
MDMin:  193 20:34:53    -2396.454267        0.824464
MDMin:  194 20:34:55    -2396.459787        0.837281
MDMin:  195 20:34:57    -2396.463244        0.848655
MDMin:  196 20:34:59    -2396.465647        0.902596
MDMin:  197 20:35:01    -2396.467496        1.236231
MDMin:  198 20:35:03    -2396.468156        0.966980
MDMin:  199 20:35:05    -2396.468587        0.973280
MDMin:  200 20:35:07    -2396.469099        0.993600
MDMin:  201 20:35:09    -2396.469675        1.023158
MDMin:  202 20:35:11    -2396.470024        1.059374
MDMin:  203 20:35:13    -2396.470302        1.100042
MDMin:  204 20:35:15    -2396.470619        1.145331
MDMin:  205 20:35:17    -2396.470977        1.192181
MDMin:  206 20:35:19    -2396.471380        1.236467
MDMin:  207 20:35:21    -2396.471831        1.274528
MDMin:  208 20:35:23    -2396.472332        1.304712
MDMin:  209 20:35:25    -2396.472889        1.325436
MDMin:  210 20:35:27    -2396.473508        1.326626
MDMin:  211 20:35:28    -2396.474196        1.279728
MDMin:  212 20:35:30    -2396.474967        1.239703
MDMin:  213 20:35:32    -2396.475840        1.401974
MDMin:  214 20:35:34    -2396.476162        1.510382
MDMin:  215 20:35:36    -2396.476782        1.498431
MDMin:  216 20:35:38    -2396.477353        1.344915
MDMin:  217 20:35:40    -2396.477365        1.077386
MDMin:  218 20:35:42    -2396.478057        0.764124
MDMin:  219 20:35:43    -2396.478828        0.590031
MDMin:  220 20:35:45    -2396.479637        0.399912
MDMin:  221 20:35:46    -2396.480458        0.388645
MDMin:  222 20:35:49    -2396.480909        0.537454
MDMin:  223 20:35:51    -2396.480954        0.380842
MDMin:  224 20:35:53    -2396.481022        0.379710
MDMin:  225 20:35:55    -2396.481114        0.378163
MDMin:  226 20:35:57    -2396.481211        0.387169
MDMin:  227 20:35:58    -2396.481010        0.374284
MDMin:  228 20:36:00    -2396.481142        0.372116
MDMin:  229 20:36:02    -2396.481292        0.369583
MDMin:  230 20:36:03    -2396.481462        0.366667
MDMin:  231 20:36:05    -2396.481652        0.363345
MDMin:  232 20:36:06    -2396.481860        0.359591
MDMin:  233 20:36:08    -2396.482040        0.408041
MDMin:  234 20:36:10    -2396.481654        0.351661
MDMin:  235 20:36:12    -2396.481871        0.347804
MDMin:  236 20:36:13    -2396.482106        0.352014
MDMin:  237 20:36:15    -2396.482358        0.359430
MDMin:  238 20:36:17    -2396.482627        0.367861
MDMin:  239 20:36:18    -2396.482913        0.377374
MDMin:  240 20:36:19    -2396.483104        0.421771
MDMin:  241 20:36:21    -2396.482643        0.396937
MDMin:  242 20:36:22    -2396.482921        0.405882
MDMin:  243 20:36:23    -2396.483214        0.415835
MDMin:  244 20:36:24    -2396.483525        0.426779
MDMin:  245 20:36:25    -2396.483851        0.438621
MDMin:  246 20:36:27    -2396.484123        0.451118
MDMin:  247 20:36:29    -2396.483627        0.460931
MDMin:  248 20:36:31    -2396.483953        0.469792
MDMin:  249 20:36:32    -2396.484297        0.478182
MDMin:  250 20:36:34    -2396.484662        0.485215
MDMin:  251 20:36:35    -2396.485048        0.489669
MDMin:  252 20:36:37    -2396.485445        0.490034
MDMin:  253 20:36:38    -2396.484931        0.486100
MDMin:  254 20:36:40    -2396.485356        0.478299
MDMin:  255 20:36:42    -2396.485809        0.465667
MDMin:  256 20:36:44    -2396.486296        0.447683
MDMin:  257 20:36:46    -2396.486822        0.424302
MDMin:  258 20:36:48    -2396.487394        0.396051
MDMin:  259 20:36:50    -2396.488021        0.368137
MDMin:  260 20:36:52    -2396.488714        0.357960
MDMin:  261 20:36:54    -2396.489485        0.345065
MDMin:  262 20:36:56    -2396.490348        0.329862
MDMin:  263 20:36:58    -2396.491320        0.326848
MDMin:  264 20:37:00    -2396.492420        0.330235
MDMin:  265 20:37:02    -2396.493672        0.333767
MDMin:  266 20:37:04    -2396.495104        0.337557
MDMin:  267 20:37:06    -2396.496750        0.341716
MDMin:  268 20:37:08    -2396.498655        0.346323
MDMin:  269 20:37:09    -2396.500882        0.351412
MDMin:  270 20:37:11    -2396.503516        0.361603
MDMin:  271 20:37:13    -2396.506677        0.393110
MDMin:  272 20:37:15    -2396.510537        0.426914
MDMin:  273 20:37:17    -2396.515338        0.462930
MDMin:  274 20:37:19    -2396.521411        0.502469
MDMin:  275 20:37:20    -2396.529173        0.537763
MDMin:  276 20:37:22    -2396.539043        0.564671
MDMin:  277 20:37:23    -2396.551058        0.586045
MDMin:  278 20:37:24    -2396.564113        0.603676
MDMin:  279 20:37:25    -2396.576610        0.616932
MDMin:  280 20:37:27    -2396.588888        0.587819
MDMin:  281 20:37:28    -2396.601549        0.665261
MDMin:  282 20:37:30    -2396.613470        0.737562
MDMin:  283 20:37:32    -2396.621693        0.766013
MDMin:  284 20:37:34    -2396.625213        0.773577
MDMin:  285 20:37:36    -2396.628853        0.778851
MDMin:  286 20:37:37    -2396.632553        0.782595
MDMin:  287 20:37:39    -2396.636365        0.785144
MDMin:  288 20:37:41    -2396.640278        0.786802
MDMin:  289 20:37:43    -2396.644233        0.787900
MDMin:  290 20:37:44    -2396.648136        0.788743
MDMin:  291 20:37:46    -2396.651914        0.789517
MDMin:  292 20:37:48    -2396.655572        0.790275
MDMin:  293 20:37:50    -2396.659172        0.790970
MDMin:  294 20:37:52    -2396.662785        0.791478
MDMin:  295 20:37:53    -2396.666448        0.791623
MDMin:  296 20:37:54    -2396.670160        0.791403
MDMin:  297 20:37:56    -2396.673882        0.790882
MDMin:  298 20:37:57    -2396.677567        0.790216
MDMin:  299 20:37:59    -2396.681182        0.807659
MDMin:  300 20:38:00    -2396.684732        0.843297
MDMin:  301 20:38:01    -2396.688249        0.882627
MDMin:  302 20:38:03    -2396.691770        0.927173
MDMin:  303 20:38:05    -2396.695311        0.978509
MDMin:  304 20:38:07    -2396.698872        1.037974
MDMin:  305 20:38:09    -2396.702436        1.106437
MDMin:  306 20:38:11    -2396.705989        1.184075
MDMin:  307 20:38:13    -2396.709526        1.270283
MDMin:  308 20:38:15    -2396.713057        1.363518
MDMin:  309 20:38:17    -2396.716601        1.460898
MDMin:  310 20:38:19    -2396.720182        1.557666
MDMin:  311 20:38:21    -2396.723825        1.647019
MDMin:  312 20:38:23    -2396.727555        1.720771
MDMin:  313 20:38:24    -2396.731397        1.771183
MDMin:  314 20:38:26    -2396.735372        1.793556
MDMin:  315 20:38:28    -2396.739495        1.788464
MDMin:  316 20:38:30    -2396.743762        1.761817
MDMin:  317 20:38:31    -2396.748150        1.722219
MDMin:  318 20:38:33    -2396.752618        1.677444
MDMin:  319 20:38:35    -2396.757132        1.632447
MDMin:  320 20:38:36    -2396.761671        1.589426
MDMin:  321 20:38:39    -2396.766228        1.588277
MDMin:  322 20:38:41    -2396.770810        1.670481
MDMin:  323 20:38:43    -2396.775418        1.766690
MDMin:  324 20:38:44    -2396.780056        1.878227
MDMin:  325 20:38:46    -2396.784725        2.004566
MDMin:  326 20:38:48    -2396.789431        2.142823
MDMin:  327 20:38:50    -2396.794185        2.287967
MDMin:  328 20:38:52    -2396.799009        2.434263
MDMin:  329 20:38:54    -2396.803927        2.577975
MDMin:  330 20:38:55    -2396.808971        2.719863
MDMin:  331 20:38:57    -2396.814164        2.865558
MDMin:  332 20:38:59    -2396.819512        3.023312
MDMin:  333 20:39:01    -2396.825009        3.202310
MDMin:  334 20:39:03    -2396.830621        3.410803
MDMin:  335 20:39:04    -2396.836295        3.669318
MDMin:  336 20:39:05    -2396.841938        4.103606
MDMin:  337 20:39:07    -2396.847356        1.586784
MDMin:  338 20:39:09    -2396.847706        2.624629
MDMin:  339 20:39:11    -2396.848564        2.052535
MDMin:  340 20:39:12    -2396.848884        3.477745
MDMin:  341 20:39:13    -2396.849705        2.469565
MDMin:  342 20:39:15    -2396.851324        1.434085
MDMin:  343 20:39:16    -2396.854053        0.833924
MDMin:  344 20:39:17    -2396.856391        1.922604
MDMin:  345 20:39:19    -2396.857724        3.021987
MDMin:  346 20:39:20    -2396.859106        5.676645
MDMin:  347 20:39:22    -2396.860011        5.450456
MDMin:  348 20:39:24    -2396.861515        5.191161
MDMin:  349 20:39:25    -2396.863681        4.923383
MDMin:  350 20:39:27    -2396.866571        4.641256
MDMin:  351 20:39:29    -2396.870271        4.333189
MDMin:  352 20:39:30    -2396.874894        3.986810
MDMin:  353 20:39:32    -2396.880603        3.593043
MDMin:  354 20:39:34    -2396.887618        3.150109
MDMin:  355 20:39:36    -2396.896233        2.666291
MDMin:  356 20:39:38    -2396.906806        2.173993
MDMin:  357 20:39:40    -2396.919672        1.752851
MDMin:  358 20:39:42    -2396.934762        1.524906
MDMin:  359 20:39:44    -2396.951231        1.526189
MDMin:  360 20:39:46    -2396.968220        1.669996
MDMin:  361 20:39:47    -2396.985116        1.879348
MDMin:  362 20:39:48    -2397.001408        2.106949
MDMin:  363 20:39:49    -2397.022308        2.289175
MDMin:  364 20:39:51    -2397.045931        2.379825
MDMin:  365 20:39:52    -2397.062770        2.387617
MDMin:  366 20:39:53    -2397.074851        2.341148
MDMin:  367 20:39:55    -2397.086022        2.272337
MDMin:  368 20:39:57    -2397.096693        2.201405
MDMin:  369 20:39:59    -2397.107050        2.137116
MDMin:  370 20:40:01    -2397.117226        2.081453
MDMin:  371 20:40:03    -2397.127261        2.034360
MDMin:  372 20:40:05    -2397.137084        1.995362
MDMin:  373 20:40:07    -2397.146692        1.964368
MDMin:  374 20:40:09    -2397.155985        1.941032
MDMin:  375 20:40:11    -2397.164982        1.925288
MDMin:  376 20:40:13    -2397.173618        1.916823
MDMin:  377 20:40:15    -2397.181934        1.915841
MDMin:  378 20:40:17    -2397.189895        1.922612
MDMin:  379 20:40:19    -2397.197545        1.937775
MDMin:  380 20:40:20    -2397.204869        1.961845
MDMin:  381 20:40:23    -2397.211917        1.995976
MDMin:  382 20:40:25    -2397.218689        2.041355
MDMin:  383 20:40:27    -2397.225244        2.100063
MDMin:  384 20:40:28    -2397.231592        2.174572
MDMin:  385 20:40:30    -2397.237793        2.268849
MDMin:  386 20:40:33    -2397.243861        2.388160
MDMin:  387 20:40:35    -2397.249857        2.541002
MDMin:  388 20:40:37    -2397.255789        2.740216
MDMin:  389 20:40:38    -2397.261721        3.008662
MDMin:  390 20:40:39    -2397.267639        3.389655
MDMin:  391 20:40:41    -2397.273570        3.994732
MDMin:  392 20:40:42    -2397.279283        2.485497
MDMin:  393 20:40:43    -2397.279913        3.494554
MDMin:  394 20:40:44    -2397.281062        3.006174
MDMin:  395 20:40:46    -2397.282594        1.952771
MDMin:  396 20:40:48    -2397.284404        1.723710
MDMin:  397 20:40:50    -2397.285836        2.731617
MDMin:  398 20:40:52    -2397.287429        3.917785
MDMin:  399 20:40:53    -2397.289097        1.489242
MDMin:  400 20:40:54    -2397.290239        3.233557
MDMin:  401 20:40:56    -2397.290644        3.740378
MDMin:  402 20:40:58    -2397.291423        3.591451
MDMin:  403 20:41:00    -2397.292786        3.220359
MDMin:  404 20:41:02    -2397.294818        3.201007
MDMin:  405 20:41:03    -2397.297624        2.982284
MDMin:  406 20:41:05    -2397.301281        2.470771
MDMin:  407 20:41:07    -2397.305691        1.771920
MDMin:  408 20:41:09    -2397.310520        1.507033
MDMin:  409 20:41:10    -2397.315256        1.847491
MDMin:  410 20:41:12    -2397.319777        2.288617
MDMin:  411 20:41:14    -2397.324208        2.773280
MDMin:  412 20:41:16    -2397.328575        3.415394
MDMin:  413 20:41:18    -2397.332673        4.286228
MDMin:  414 20:41:20    -2397.335696        4.206312
MDMin:  415 20:41:22    -2397.339210        4.042075
MDMin:  416 20:41:24    -2397.327577        6.715285
MDMin:  417 20:41:27    -2397.282451        6.615418
MDMin:  418 20:41:29    -2397.212613        6.479645
MDMin:  419 20:41:31    -2397.115280        6.302779
MDMin:  420 20:41:33    -2396.988112        6.080124
MDMin:  421 20:41:35    -2396.829648        5.819669
MDMin:  422 20:41:37    -2396.644127        5.542128
MDMin:  423 20:41:39    -2396.443010        5.263202
MDMin:  424 20:41:40    -2396.238863        4.973583
MDMin:  425 20:41:42    -2396.046293        4.657580
MDMin:  426 20:41:44    -2395.880483        4.333590
MDMin:  427 20:41:46    -2395.744781        4.021631
MDMin:  428 20:41:48    -2395.642740        3.721744
MDMin:  429 20:41:50    -2395.586698        3.470606
MDMin:  430 20:41:52    -2395.557131        3.234024
MDMin:  431 20:41:54    -2395.543464        3.017848
MDMin:  432 20:41:56    -2395.537049        2.808061
MDMin:  433 20:41:58    -2395.535010        2.594429
MDMin:  434 20:42:00    -2395.536735        2.398414
MDMin:  435 20:42:02    -2395.541407        2.221970
MDMin:  436 20:42:04    -2395.548361        2.063500
MDMin:  437 20:42:06    -2395.556898        1.919676
MDMin:  438 20:42:07    -2395.566231        1.787644
MDMin:  439 20:42:09    -2395.575999        1.692859
MDMin:  440 20:42:10    -2395.586800        1.664723
MDMin:  441 20:42:12    -2395.600246        1.640549
MDMin:  442 20:42:14    -2395.618845        1.623008
MDMin:  443 20:42:16    -2395.645853        1.613012
MDMin:  444 20:42:19    -2395.685353        1.609161
MDMin:  445 20:42:20    -2395.743893        1.605205
MDMin:  446 20:42:22    -2395.832943        1.616837
MDMin:  447 20:42:23    -2395.978350        1.716020
MDMin:  448 20:42:26    -2396.244926        2.371791
MDMin:  449 20:42:27    -2396.512977        3.047224
MDMin:  450 20:42:30    -2396.545331        1.937471
MDMin:  451 20:42:32    -2396.590294        1.522360
MDMin:  452 20:42:33    -2396.645557        1.501422
MDMin:  453 20:42:35    -2396.695347        1.491804
MDMin:  454 20:42:37    -2396.740053        1.479447
MDMin:  455 20:42:39    -2396.780239        1.459777
MDMin:  456 20:42:40    -2396.817366        1.446071
MDMin:  457 20:42:42    -2396.852546        1.461045
MDMin:  458 20:42:44    -2396.888611        1.495139
MDMin:  459 20:42:46    -2396.927019        1.500424
MDMin:  460 20:42:47    -2396.970797        1.438175
MDMin:  461 20:42:49    -2397.021068        1.397403
MDMin:  462 20:42:51    -2397.080018        1.477751
MDMin:  463 20:42:53    -2397.147442        1.510045
MDMin:  464 20:42:55    -2397.219395        1.482953
MDMin:  465 20:42:56    -2397.287919        1.385124
MDMin:  466 20:42:58    -2397.344621        1.264669
MDMin:  467 20:42:59    -2397.387829        1.167439
MDMin:  468 20:43:00    -2397.419261        1.129274
MDMin:  469 20:43:01    -2397.443012        1.079059
MDMin:  470 20:43:03    -2397.460930        1.029856
MDMin:  471 20:43:04    -2397.476128        0.984987
MDMin:  472 20:43:05    -2397.489838        0.966279
MDMin:  473 20:43:06    -2397.503281        0.996285
MDMin:  474 20:43:08    -2397.516480        1.023007
MDMin:  475 20:43:11    -2397.529530        1.041612
MDMin:  476 20:43:12    -2397.542097        1.046702
MDMin:  477 20:43:14    -2397.554095        1.034650
MDMin:  478 20:43:16    -2397.565250        1.001915
MDMin:  479 20:43:18    -2397.575289        0.945783
MDMin:  480 20:43:20    -2397.583806        0.871858
MDMin:  481 20:43:22    -2397.590884        0.845450
MDMin:  482 20:43:24    -2397.596195        0.875703
MDMin:  483 20:43:26    -2397.600119        0.920008
MDMin:  484 20:43:28    -2397.602636        0.970235
MDMin:  485 20:43:31    -2397.604338        1.029321
MDMin:  486 20:43:33    -2397.605245        1.092676
MDMin:  487 20:43:35    -2397.605579        1.156909
MDMin:  488 20:43:37    -2397.605272        1.211571
MDMin:  489 20:43:39    -2397.604374        1.244559
MDMin:  490 20:43:41    -2397.602807        1.243109
MDMin:  491 20:43:43    -2397.600576        1.198205
MDMin:  492 20:43:45    -2397.597644        1.109460
MDMin:  493 20:43:47    -2397.594045        1.131091
MDMin:  494 20:43:49    -2397.589761        1.300714
MDMin:  495 20:43:51    -2397.584953        1.477741
MDMin:  496 20:43:53    -2397.579739        1.561350
MDMin:  497 20:43:55    -2397.574006        1.483216
MDMin:  498 20:43:57    -2397.567566        1.315575
MDMin:  499 20:43:59    -2397.560573        1.168741
MDMin:  500 20:44:01    -2397.553019        1.060701
MDMin:  501 20:44:03    -2397.545605        1.050676
MDMin:  502 20:44:05    -2397.538345        1.158348
MDMin:  503 20:44:07    -2397.531742        1.235907
MDMin:  504 20:44:09    -2397.525113        1.248600
MDMin:  505 20:44:10    -2397.518452        1.249474
MDMin:  506 20:44:11    -2397.511216        1.278223
MDMin:  507 20:44:13    -2397.504455        1.246212
MDMin:  508 20:44:14    -2397.496636        1.131544
MDMin:  509 20:44:16    -2397.487661        0.978618
MDMin:  510 20:44:18    -2397.477674        0.953212
MDMin:  511 20:44:20    -2397.467628        1.232158
MDMin:  512 20:44:23    -2397.457623        1.094131
MDMin:  513 20:44:25    -2397.447129        1.131392
MDMin:  514 20:44:27    -2397.436691        1.189418
MDMin:  515 20:44:28    -2397.425846        0.671382
MDMin:  516 20:44:29    -2397.413880        0.801937
MDMin:  517 20:44:31    -2397.402716        1.007172
MDMin:  518 20:44:32    -2397.391180        0.667460
MDMin:  519 20:44:33    -2397.379004        0.688636
MDMin:  520 20:44:35    -2397.366630        0.708101
MDMin:  521 20:44:37    -2397.354431        0.725037
MDMin:  522 20:44:39    -2397.342052        0.737830
MDMin:  523 20:44:41    -2397.330069        0.744597
MDMin:  524 20:44:43    -2397.317808        0.743610
MDMin:  525 20:44:46    -2397.305858        0.734107
MDMin:  526 20:44:48    -2397.293331        0.716708
MDMin:  527 20:44:50    -2397.280934        0.693723
MDMin:  528 20:44:52    -2397.267738        0.667764
MDMin:  529 20:44:54    -2397.254439        0.641737
MDMin:  530 20:44:57    -2397.240171        0.628122
MDMin:  531 20:44:59    -2397.225769        0.630724
MDMin:  532 20:45:01    -2397.210506        0.631767
MDMin:  533 20:45:03    -2397.195419        0.631649
MDMin:  534 20:45:05    -2397.179757        0.629854
MDMin:  535 20:45:07    -2397.164638        0.627044
MDMin:  536 20:45:09    -2397.150021        0.623082
MDMin:  537 20:45:11    -2397.134501        0.617624
MDMin:  538 20:45:13    -2397.118870        0.610495
MDMin:  539 20:45:15    -2397.105997        1.322009
MDMin:  540 20:45:17    -2397.100298        1.227391
MDMin:  541 20:45:19    -2397.093498        1.207567
MDMin:  542 20:45:21    -2397.085858        1.148390
MDMin:  543 20:45:23    -2397.077481        1.049012
MDMin:  544 20:45:25    -2397.068493        0.941168
MDMin:  545 20:45:26    -2397.059397        0.845434
MDMin:  546 20:45:27    -2397.051238        0.756303
MDMin:  547 20:45:28    -2397.045738        0.670674
MDMin:  548 20:45:30    -2397.045643        0.744812
MDMin:  549 20:45:33    -2397.054712        0.832209
MDMin:  550 20:45:35    -2397.076418        0.895487
MDMin:  551 20:45:37    -2397.110369        0.886615
MDMin:  552 20:45:39    -2397.149928        0.790057
MDMin:  553 20:45:41    -2397.187178        0.659906
MDMin:  554 20:45:43    -2397.219519        0.614948
MDMin:  555 20:45:45    -2397.247292        0.628233
MDMin:  556 20:45:47    -2397.269926        0.651159
MDMin:  557 20:45:50    -2397.283996        0.675229
MDMin:  558 20:45:51    -2397.288738        0.698884
MDMin:  559 20:45:53    -2397.288959        0.720278
MDMin:  560 20:45:55    -2397.286105        0.737396
MDMin:  561 20:45:56    -2397.281531        0.830540
MDMin:  562 20:45:58    -2397.277724        1.666107
MDMin:  563 20:45:59    -2397.276929        0.750664
MDMin:  564 20:46:00    -2397.275684        0.750323
MDMin:  565 20:46:02    -2397.274188        0.749566
MDMin:  566 20:46:05    -2397.272435        0.748211
MDMin:  567 20:46:07    -2397.270427        0.746049
MDMin:  568 20:46:08    -2397.268176        0.742848
MDMin:  569 20:46:10    -2397.265702        0.738363
MDMin:  570 20:46:12    -2397.263035        0.732356
MDMin:  571 20:46:14    -2397.260220        0.724610
MDMin:  572 20:46:16    -2397.257308        0.714974
MDMin:  573 20:46:18    -2397.254363        0.703400
MDMin:  574 20:46:20    -2397.251454        0.690006
MDMin:  575 20:46:22    -2397.248656        0.675149
MDMin:  576 20:46:25    -2397.246137        0.659973
MDMin:  577 20:46:27    -2397.243756        0.644143
MDMin:  578 20:46:29    -2397.241609        0.628493
MDMin:  579 20:46:30    -2397.239794        0.613666
MDMin:  580 20:46:32    -2397.238438        0.599936
MDMin:  581 20:46:34    -2397.237722        0.587272
MDMin:  582 20:46:36    -2397.237974        0.617529
MDMin:  583 20:46:38    -2397.239103        1.196861
MDMin:  584 20:46:40    -2397.239743        0.565041
MDMin:  585 20:46:42    -2397.240710        0.562012
MDMin:  586 20:46:44    -2397.242085        0.558807
MDMin:  587 20:46:46    -2397.244049        0.555513
MDMin:  588 20:46:47    -2397.246830        0.552252
MDMin:  589 20:46:48    -2397.250744        0.549158
MDMin:  590 20:46:50    -2397.256199        0.551743
MDMin:  591 20:46:52    -2397.263691        0.563557
MDMin:  592 20:46:54    -2397.273746        0.577181
MDMin:  593 20:46:56    -2397.286780        0.592567
MDMin:  594 20:46:57    -2397.302871        0.609560
MDMin:  595 20:46:59    -2397.321544        0.627873
MDMin:  596 20:47:01    -2397.341678        0.647016
MDMin:  597 20:47:03    -2397.361714        0.666143
MDMin:  598 20:47:04    -2397.374453        0.683525
MDMin:  599 20:47:06    -2397.376639        0.716754
MDMin:  600 20:47:07    -2397.378018        0.701591
MDMin:  601 20:47:09    -2397.379098        0.706924
MDMin:  602 20:47:10    -2397.380140        0.711735
MDMin:  603 20:47:12    -2397.381183        0.715990
MDMin:  604 20:47:14    -2397.382221        0.719328
MDMin:  605 20:47:16    -2397.383245        0.721316
MDMin:  606 20:47:18    -2397.384246        0.721475
MDMin:  607 20:47:19    -2397.385214        0.719342
MDMin:  608 20:47:21    -2397.386136        0.714528
MDMin:  609 20:47:23    -2397.386997        0.706839
MDMin:  610 20:47:25    -2397.387752        0.696741
MDMin:  611 20:47:27    -2397.388339        0.704858
MDMin:  612 20:47:29    -2397.388715        0.677375
MDMin:  613 20:47:30    -2397.389005        0.669677
MDMin:  614 20:47:31    -2397.389293        0.661082
MDMin:  615 20:47:33    -2397.389590        0.651140
MDMin:  616 20:47:34    -2397.389893        0.639757
MDMin:  617 20:47:35    -2397.390196        0.626908
MDMin:  618 20:47:37    -2397.390495        0.612683
MDMin:  619 20:47:38    -2397.390784        0.597269
MDMin:  620 20:47:39    -2397.391059        0.581019
MDMin:  621 20:47:40    -2397.391315        0.564427
MDMin:  622 20:47:42    -2397.391549        0.548226
MDMin:  623 20:47:43    -2397.391752        0.533437
MDMin:  624 20:47:44    -2397.391908        0.597874
MDMin:  625 20:47:46    -2397.392009        0.514251
MDMin:  626 20:47:47    -2397.392091        0.508323
MDMin:  627 20:47:48    -2397.392175        0.502515
MDMin:  628 20:47:50    -2397.392265        0.496578
MDMin:  629 20:47:52    -2397.392364        0.493590
MDMin:  630 20:47:54    -2397.392473        0.503595
MDMin:  631 20:47:56    -2397.392594        0.514787
MDMin:  632 20:47:59    -2397.392731        0.527090
MDMin:  633 20:48:01    -2397.392887        0.540266
MDMin:  634 20:48:03    -2397.393066        0.553759
MDMin:  635 20:48:05    -2397.393273        0.566480
MDMin:  636 20:48:06    -2397.393508        0.576680
MDMin:  637 20:48:08    -2397.393758        0.582454
MDMin:  638 20:48:10    -2397.393986        0.583507
MDMin:  639 20:48:12    -2397.394175        0.581883
MDMin:  640 20:48:14    -2397.394365        0.578446
MDMin:  641 20:48:16    -2397.394579        0.572881
MDMin:  642 20:48:18    -2397.394825        0.573299
MDMin:  643 20:48:20    -2397.395108        0.584010
MDMin:  644 20:48:22    -2397.395433        0.595329
MDMin:  645 20:48:24    -2397.395804        0.606966
MDMin:  646 20:48:26    -2397.396225        0.618519
MDMin:  647 20:48:28    -2397.396700        0.629473
MDMin:  648 20:48:30    -2397.397228        0.639198
MDMin:  649 20:48:31    -2397.397798        0.646977
MDMin:  650 20:48:32    -2397.398367        0.652116
MDMin:  651 20:48:34    -2397.398859        0.654602
MDMin:  652 20:48:36    -2397.399260        0.655463
MDMin:  653 20:48:38    -2397.399649        0.655506
MDMin:  654 20:48:40    -2397.400074        0.654798
MDMin:  655 20:48:42    -2397.400553        0.653160
MDMin:  656 20:48:44    -2397.401091        0.650372
MDMin:  657 20:48:45    -2397.401696        0.646213
MDMin:  658 20:48:47    -2397.402371        0.640481
MDMin:  659 20:48:50    -2397.403124        0.633012
MDMin:  660 20:48:52    -2397.403958        0.623721
MDMin:  661 20:48:53    -2397.404869        0.612697
MDMin:  662 20:48:55    -2397.405825        0.600507
MDMin:  663 20:48:57    -2397.406734        0.588646
MDMin:  664 20:48:58    -2397.407461        0.579144
MDMin:  665 20:49:00    -2397.408069        0.571240
MDMin:  666 20:49:02    -2397.408713        0.562943
MDMin:  667 20:49:04    -2397.409434        0.553734
MDMin:  668 20:49:06    -2397.410248        0.543526
MDMin:  669 20:49:08    -2397.411163        0.532338
MDMin:  670 20:49:11    -2397.412187        0.520263
MDMin:  671 20:49:13    -2397.413326        0.507462
MDMin:  672 20:49:14    -2397.414586        0.494183
MDMin:  673 20:49:16    -2397.415964        0.485330
MDMin:  674 20:49:18    -2397.417444        0.498495
MDMin:  675 20:49:20    -2397.418969        0.511473
MDMin:  676 20:49:22    -2397.420378        0.522467
MDMin:  677 20:49:24    -2397.421493        0.530102
MDMin:  678 20:49:26    -2397.422421        0.535521
MDMin:  679 20:49:27    -2397.423355        0.539960
MDMin:  680 20:49:29    -2397.424369        0.543389
MDMin:  681 20:49:30    -2397.425481        0.545199
MDMin:  682 20:49:31    -2397.426695        0.544548
MDMin:  683 20:49:33    -2397.428012        0.540552
MDMin:  684 20:49:34    -2397.429431        0.532506
MDMin:  685 20:49:36    -2397.430950        0.520167
MDMin:  686 20:49:38    -2397.432559        0.504036
MDMin:  687 20:49:40    -2397.434238        0.489532
MDMin:  688 20:49:42    -2397.435927        0.495800
MDMin:  689 20:49:45    -2397.437491        0.514515
MDMin:  690 20:49:47    -2397.438730        0.509510
MDMin:  691 20:49:49    -2397.439708        0.516557
MDMin:  692 20:49:51    -2397.440681        0.523484
MDMin:  693 20:49:53    -2397.441731        0.530846
MDMin:  694 20:49:55    -2397.442875        0.538660
MDMin:  695 20:49:56    -2397.444118        0.546809
MDMin:  696 20:49:58    -2397.445459        0.555098
MDMin:  697 20:50:00    -2397.446899        0.563274
MDMin:  698 20:50:02    -2397.448432        0.571027
MDMin:  699 20:50:04    -2397.450049        0.578000
MDMin:  700 20:50:06    -2397.451721        0.583773
MDMin:  701 20:50:07    -2397.453376        0.587921
MDMin:  702 20:50:09    -2397.454837        0.590168
MDMin:  703 20:50:11    -2397.455958        0.590950
MDMin:  704 20:50:13    -2397.456911        0.591022
MDMin:  705 20:50:14    -2397.457879        0.590594
MDMin:  706 20:50:16    -2397.458920        0.589583
MDMin:  707 20:50:17    -2397.460049        0.587844
MDMin:  708 20:50:19    -2397.461268        0.585217
MDMin:  709 20:50:21    -2397.462575        0.581539
MDMin:  710 20:50:23    -2397.463966        0.576663
MDMin:  711 20:50:25    -2397.465433        0.570466
MDMin:  712 20:50:27    -2397.466960        0.562907
MDMin:  713 20:50:29    -2397.468511        0.554116
MDMin:  714 20:50:31    -2397.469995        0.544726
MDMin:  715 20:50:33    -2397.471261        0.540749
MDMin:  716 20:50:35    -2397.472231        0.528924
MDMin:  717 20:50:37    -2397.473080        0.522465
MDMin:  718 20:50:39    -2397.473957        0.515546
MDMin:  719 20:50:41    -2397.474900        0.507856
MDMin:  720 20:50:43    -2397.475913        0.499321
MDMin:  721 20:50:45    -2397.476996        0.500149
MDMin:  722 20:50:47    -2397.478144        0.508416
MDMin:  723 20:50:48    -2397.479353        0.515327
MDMin:  724 20:50:49    -2397.480614        0.519542
MDMin:  725 20:50:51    -2397.481915        0.519450
MDMin:  726 20:50:52    -2397.483229        0.513685
MDMin:  727 20:50:54    -2397.484495        0.502279
MDMin:  728 20:50:56    -2397.485582        0.556352
MDMin:  729 20:50:58    -2397.486409        0.475563
MDMin:  730 20:50:59    -2397.487124        0.463581
MDMin:  731 20:51:01    -2397.487293        0.833136
MDMin:  732 20:51:02    -2397.487602        0.770120
MDMin:  733 20:51:04    -2397.487941        0.704930
MDMin:  734 20:51:05    -2397.488303        0.639499
MDMin:  735 20:51:07    -2397.488684        0.575596
MDMin:  736 20:51:09    -2397.489081        0.514879
MDMin:  737 20:51:11    -2397.489492        0.458759
MDMin:  738 20:51:12    -2397.489920        0.449626
MDMin:  739 20:51:14    -2397.490368        0.451626
MDMin:  740 20:51:16    -2397.490838        0.451810
MDMin:  741 20:51:17    -2397.491333        0.449821
MDMin:  742 20:51:19    -2397.491855        0.451458
MDMin:  743 20:51:20    -2397.492405        0.462360
MDMin:  744 20:51:22    -2397.492981        0.474009
MDMin:  745 20:51:25    -2397.493582        0.486021
MDMin:  746 20:51:27    -2397.494206        0.497881
MDMin:  747 20:51:28    -2397.494849        0.508960
MDMin:  748 20:51:30    -2397.495509        0.518538
MDMin:  749 20:51:31    -2397.496179        0.525830
MDMin:  750 20:51:33    -2397.496833        0.580929
MDMin:  751 20:51:35    -2397.497299        1.244078
MDMin:  752 20:51:36    -2397.497369        0.565030
MDMin:  753 20:51:37    -2397.497484        0.529916
MDMin:  754 20:51:39    -2397.497627        0.529348
MDMin:  755 20:51:40    -2397.497793        0.528511
MDMin:  756 20:51:42    -2397.497980        0.527319
MDMin:  757 20:51:44    -2397.498189        0.525672
MDMin:  758 20:51:47    -2397.498420        0.523457
MDMin:  759 20:51:49    -2397.498672        0.520551
MDMin:  760 20:51:51    -2397.498944        0.516822
MDMin:  761 20:51:53    -2397.499236        0.512138
MDMin:  762 20:51:54    -2397.499549        0.506376
MDMin:  763 20:51:56    -2397.499881        0.499421
MDMin:  764 20:51:58    -2397.500232        0.502159
MDMin:  765 20:52:00    -2397.500603        0.501012
MDMin:  766 20:52:02    -2397.500994        0.492617
MDMin:  767 20:52:04    -2397.501405        0.475519
MDMin:  768 20:52:05    -2397.501838        0.449837
MDMin:  769 20:52:06    -2397.502294        0.428816
MDMin:  770 20:52:08    -2397.502773        0.412268
MDMin:  771 20:52:10    -2397.503277        0.394703
MDMin:  772 20:52:12    -2397.503807        0.398169
MDMin:  773 20:52:13    -2397.504364        0.406623
MDMin:  774 20:52:15    -2397.504947        0.411825
MDMin:  775 20:52:17    -2397.505144        0.625586
MDMin:  776 20:52:18    -2397.505221        0.924308
MDMin:  777 20:52:20    -2397.505232        0.553089
MDMin:  778 20:52:22    -2397.505251        0.410804
MDMin:  779 20:52:24    -2397.505277        0.409968
MDMin:  780 20:52:26    -2397.505309        0.408792
MDMin:  781 20:52:28    -2397.505346        0.407206
MDMin:  782 20:52:30    -2397.505389        0.405134
MDMin:  783 20:52:32    -2397.505437        0.402508
MDMin:  784 20:52:34    -2397.505491        0.399277
MDMin:  785 20:52:36    -2397.505551        0.395421
MDMin:  786 20:52:38    -2397.505616        0.390959
MDMin:  787 20:52:40    -2397.505686        0.389049
MDMin:  788 20:52:43    -2397.505761        0.392096
MDMin:  789 20:52:45    -2397.505841        0.395613
MDMin:  790 20:52:46    -2397.505925        0.399624
MDMin:  791 20:52:47    -2397.506014        0.404134
MDMin:  792 20:52:50    -2397.506107        0.409123
MDMin:  793 20:52:52    -2397.506204        0.414537
MDMin:  794 20:52:54    -2397.506304        0.420274
MDMin:  795 20:52:55    -2397.506408        0.432266
MDMin:  796 20:52:57    -2397.506515        0.449621
MDMin:  797 20:52:59    -2397.506625        0.466615
MDMin:  798 20:53:00    -2397.506739        0.481201
MDMin:  799 20:53:02    -2397.506856        0.489750
MDMin:  800 20:53:03    -2397.506977        0.487135
MDMin:  801 20:53:05    -2397.507097        0.469517
MDMin:  802 20:53:06    -2397.507193        0.911645
MDMin:  803 20:53:08    -2397.507218        0.445330
MDMin:  804 20:53:10    -2397.507251        0.444152
MDMin:  805 20:53:12    -2397.507288        0.442628
MDMin:  806 20:53:14    -2397.507331        0.440680
MDMin:  807 20:53:16    -2397.507379        0.438220
MDMin:  808 20:53:18    -2397.507433        0.435149
MDMin:  809 20:53:20    -2397.507492        0.431360
MDMin:  810 20:53:22    -2397.507556        0.426742
MDMin:  811 20:53:24    -2397.507627        0.421185
MDMin:  812 20:53:26    -2397.507704        0.414583
MDMin:  813 20:53:27    -2397.507787        0.406847
MDMin:  814 20:53:29    -2397.507877        0.397906
MDMin:  815 20:53:30    -2397.507973        0.387721
MDMin:  816 20:53:32    -2397.508077        0.376289
MDMin:  817 20:53:34    -2397.508189        0.364907
MDMin:  818 20:53:36    -2397.508309        0.367280
MDMin:  819 20:53:38    -2397.508436        0.368194
MDMin:  820 20:53:40    -2397.508572        0.367223
MDMin:  821 20:53:42    -2397.508709        0.425166
MDMin:  822 20:53:45    -2397.508808        0.688830
MDMin:  823 20:53:47    -2397.508835        0.360023
MDMin:  824 20:53:49    -2397.508873        0.358524
MDMin:  825 20:53:50    -2397.508917        0.356673
MDMin:  826 20:53:52    -2397.508966        0.354433
MDMin:  827 20:53:54    -2397.509022        0.351784
MDMin:  828 20:53:56    -2397.509083        0.353616
MDMin:  829 20:53:58    -2397.509151        0.361113
MDMin:  830 20:54:00    -2397.509225        0.369817
MDMin:  831 20:54:01    -2397.509304        0.379780
MDMin:  832 20:54:02    -2397.509390        0.391007
MDMin:  833 20:54:03    -2397.509482        0.403445
MDMin:  834 20:54:05    -2397.509580        0.416956
MDMin:  835 20:54:06    -2397.509684        0.431275
MDMin:  836 20:54:08    -2397.509794        0.445904
MDMin:  837 20:54:10    -2397.509909        0.459926
MDMin:  838 20:54:12    -2397.510030        0.471710
MDMin:  839 20:54:13    -2397.510156        0.478633
MDMin:  840 20:54:15    -2397.510287        0.477118
MDMin:  841 20:54:16    -2397.510422        0.463751
MDMin:  842 20:54:18    -2397.510552        0.450454
MDMin:  843 20:54:19    -2397.510640        0.559019
MDMin:  844 20:54:20    -2397.510676        0.408349
MDMin:  845 20:54:22    -2397.510719        0.396464
MDMin:  846 20:54:24    -2397.510769        0.382521
MDMin:  847 20:54:26    -2397.510825        0.366566
MDMin:  848 20:54:27    -2397.510888        0.354273
MDMin:  849 20:54:29    -2397.510956        0.355708
MDMin:  850 20:54:31    -2397.511031        0.357195
MDMin:  851 20:54:32    -2397.511113        0.358678
MDMin:  852 20:54:33    -2397.511201        0.360079
MDMin:  853 20:54:35    -2397.511295        0.361298
MDMin:  854 20:54:37    -2397.511397        0.362205
MDMin:  855 20:54:39    -2397.511505        0.362641
MDMin:  856 20:54:41    -2397.511620        0.362419
MDMin:  857 20:54:43    -2397.511741        0.361318
MDMin:  858 20:54:45    -2397.511870        0.359099
MDMin:  859 20:54:47    -2397.512003        0.355579
MDMin:  860 20:54:49    -2397.512133        0.383366
MDMin:  861 20:54:51    -2397.512220        0.530931
MDMin:  862 20:54:53    -2397.512253        0.345469
MDMin:  863 20:54:55    -2397.512292        0.343440
MDMin:  864 20:54:57    -2397.512338        0.341010
MDMin:  865 20:54:58    -2397.512389        0.338141
MDMin:  866 20:55:00    -2397.512446        0.334791
MDMin:  867 20:55:02    -2397.512509        0.330920
MDMin:  868 20:55:03    -2397.512578        0.326490
MDMin:  869 20:55:05    -2397.512652        0.321469
MDMin:  870 20:55:06    -2397.512732        0.316704
MDMin:  871 20:55:08    -2397.512818        0.320244
MDMin:  872 20:55:09    -2397.512909        0.329510
MDMin:  873 20:55:12    -2397.513005        0.340373
MDMin:  874 20:55:13    -2397.513106        0.352871
MDMin:  875 20:55:15    -2397.513212        0.366961
MDMin:  876 20:55:17    -2397.513322        0.382497
MDMin:  877 20:55:19    -2397.513437        0.399188
MDMin:  878 20:55:21    -2397.513556        0.416507
MDMin:  879 20:55:23    -2397.513679        0.433484
MDMin:  880 20:55:25    -2397.513804        0.448323
MDMin:  881 20:55:27    -2397.513930        0.457985
MDMin:  882 20:55:28    -2397.514038        0.548735
MDMin:  883 20:55:30    -2397.514089        0.457231
MDMin:  884 20:55:32    -2397.514123        0.454598
MDMin:  885 20:55:34    -2397.514163        0.450425
MDMin:  886 20:55:36    -2397.514209        0.444214
MDMin:  887 20:55:38    -2397.514259        0.435425
MDMin:  888 20:55:39    -2397.514315        0.423554
MDMin:  889 20:55:41    -2397.514377        0.408226
MDMin:  890 20:55:43    -2397.514444        0.389302
MDMin:  891 20:55:45    -2397.514517        0.366973
MDMin:  892 20:55:47    -2397.514596        0.341804
MDMin:  893 20:55:49    -2397.514681        0.314688
MDMin:  894 20:55:50    -2397.514771        0.286689
MDMin:  895 20:55:52    -2397.514868        0.277819
MDMin:  896 20:55:54    -2397.514972        0.280031
MDMin:  897 20:55:55    -2397.515082        0.282425
MDMin:  898 20:55:57    -2397.515199        0.284945
MDMin:  899 20:55:59    -2397.515323        0.287507
MDMin:  900 20:56:01    -2397.515455        0.289991
MDMin:  901 20:56:03    -2397.515591        0.292192
MDMin:  902 20:56:05    -2397.515706        0.556630
MDMin:  903 20:56:07    -2397.515742        0.293787
MDMin:  904 20:56:09    -2397.515783        0.294017
MDMin:  905 20:56:11    -2397.515829        0.294238
MDMin:  906 20:56:12    -2397.515881        0.294428
MDMin:  907 20:56:14    -2397.515938        0.294558
MDMin:  908 20:56:15    -2397.516001        0.294591
MDMin:  909 20:56:17    -2397.516070        0.294485
MDMin:  910 20:56:19    -2397.516144        0.294187
MDMin:  911 20:56:20    -2397.516224        0.293641
MDMin:  912 20:56:22    -2397.516310        0.292777
MDMin:  913 20:56:24    -2397.516402        0.291524
MDMin:  914 20:56:26    -2397.516500        0.289801
MDMin:  915 20:56:28    -2397.516603        0.287520
MDMin:  916 20:56:30    -2397.516712        0.284604
MDMin:  917 20:56:31    -2397.516827        0.280980
MDMin:  918 20:56:33    -2397.516946        0.276648
MDMin:  919 20:56:35    -2397.517055        0.360244
MDMin:  920 20:56:37    -2397.517116        0.308825
MDMin:  921 20:56:39    -2397.517145        0.267868
MDMin:  922 20:56:41    -2397.517181        0.266124
MDMin:  923 20:56:43    -2397.517222        0.264080
MDMin:  924 20:56:45    -2397.517268        0.261718
MDMin:  925 20:56:47    -2397.517320        0.259105
MDMin:  926 20:56:48    -2397.517376        0.266069
MDMin:  927 20:56:50    -2397.517438        0.274083
MDMin:  928 20:56:52    -2397.517504        0.283222
MDMin:  929 20:56:55    -2397.517576        0.293544
MDMin:  930 20:56:56    -2397.517653        0.305081
MDMin:  931 20:56:58    -2397.517734        0.317828
MDMin:  932 20:57:01    -2397.517820        0.331730
MDMin:  933 20:57:03    -2397.517910        0.346669
MDMin:  934 20:57:05    -2397.518005        0.362449
MDMin:  935 20:57:07    -2397.518104        0.378761
MDMin:  936 20:57:09    -2397.518206        0.395112
MDMin:  937 20:57:11    -2397.518312        0.410684
MDMin:  938 20:57:13    -2397.518422        0.424120
MDMin:  939 20:57:15    -2397.518535        0.433290
MDMin:  940 20:57:17    -2397.518648        0.435409
MDMin:  941 20:57:19    -2397.518750        0.429258
MDMin:  942 20:57:21    -2397.518810        0.421669
MDMin:  943 20:57:23    -2397.518844        0.415951
MDMin:  944 20:57:25    -2397.518884        0.408498
MDMin:  945 20:57:26    -2397.518928        0.398800
MDMin:  946 20:57:27    -2397.518978        0.386524
MDMin:  947 20:57:29    -2397.519033        0.371446
MDMin:  948 20:57:30    -2397.519094        0.353505
MDMin:  949 20:57:32    -2397.519160        0.332861
MDMin:  950 20:57:34    -2397.519233        0.309920
MDMin:  951 20:57:35    -2397.519311        0.285305
MDMin:  952 20:57:37    -2397.519396        0.259777
MDMin:  953 20:57:39    -2397.519487        0.257072
MDMin:  954 20:57:41    -2397.519585        0.255925
MDMin:  955 20:57:42    -2397.519691        0.253711
MDMin:  956 20:57:44    -2397.519803        0.250502
MDMin:  957 20:57:46    -2397.519923        0.246462
MDMin:  958 20:57:47    -2397.520045        0.241935
MDMin:  959 20:57:49    -2397.520143        0.420038
MDMin:  960 20:57:51    -2397.520174        0.236835
MDMin:  961 20:57:53    -2397.520213        0.235278
MDMin:  962 20:57:55    -2397.520257        0.233547
MDMin:  963 20:57:56    -2397.520307        0.231660
MDMin:  964 20:57:58    -2397.520362        0.229635
MDMin:  965 20:57:59    -2397.520422        0.227495
MDMin:  966 20:58:01    -2397.520488        0.225265
MDMin:  967 20:58:03    -2397.520560        0.222971
MDMin:  968 20:58:05    -2397.520637        0.220639
MDMin:  969 20:58:06    -2397.520719        0.218787
MDMin:  970 20:58:08    -2397.520807        0.218458
MDMin:  971 20:58:10    -2397.520901        0.217982
MDMin:  972 20:58:12    -2397.520999        0.217322
MDMin:  973 20:58:14    -2397.521104        0.216438
MDMin:  974 20:58:15    -2397.521213        0.215285
MDMin:  975 20:58:17    -2397.521323        0.213848
MDMin:  976 20:58:19    -2397.521416        0.306899
MDMin:  977 20:58:21    -2397.521460        0.211536
MDMin:  978 20:58:22    -2397.521497        0.210803
MDMin:  979 20:58:24    -2397.521539        0.209951
MDMin:  980 20:58:25    -2397.521585        0.208955
MDMin:  981 20:58:27    -2397.521637        0.207794
MDMin:  982 20:58:29    -2397.521694        0.206447
MDMin:  983 20:58:31    -2397.521756        0.204886
MDMin:  984 20:58:32    -2397.521823        0.203078
MDMin:  985 20:58:34    -2397.521896        0.200981
MDMin:  986 20:58:36    -2397.521974        0.198553
MDMin:  987 20:58:38    -2397.522057        0.195746
MDMin:  988 20:58:40    -2397.522145        0.192511
MDMin:  989 20:58:42    -2397.522239        0.188794
MDMin:  990 20:58:45    -2397.522339        0.184547
MDMin:  991 20:58:47    -2397.522442        0.182345
MDMin:  992 20:58:49    -2397.522545        0.180382
MDMin:  993 20:58:52    -2397.522627        0.277627
MDMin:  994 20:58:54    -2397.522666        0.178160
MDMin:  995 20:58:56    -2397.522704        0.177495
MDMin:  996 20:58:58    -2397.522746        0.176758
MDMin:  997 20:59:00    -2397.522793        0.175952
MDMin:  998 20:59:02    -2397.522846        0.175086
MDMin:  999 20:59:04    -2397.522903        0.174169
MDMin:  1000 20:59:06    -2397.522966        0.173214
MDMin:  1001 20:59:07    -2397.523035        0.172230
MDMin:  1002 20:59:09    -2397.523109        0.171229
MDMin:  1003 20:59:11    -2397.523188        0.170222
MDMin:  1004 20:59:13    -2397.523273        0.169215
MDMin:  1005 20:59:14    -2397.523363        0.168216
MDMin:  1006 20:59:16    -2397.523459        0.167227
MDMin:  1007 20:59:18    -2397.523560        0.166247
MDMin:  1008 20:59:20    -2397.523666        0.165275
MDMin:  1009 20:59:22    -2397.523773        0.166302
MDMin:  1010 20:59:24    -2397.523863        0.247792
MDMin:  1011 20:59:26    -2397.523912        0.168101
MDMin:  1012 20:59:28    -2397.523951        0.168665
MDMin:  1013 20:59:30    -2397.523994        0.169320
MDMin:  1014 20:59:32    -2397.524042        0.170092
MDMin:  1015 20:59:33    -2397.524096        0.170994
MDMin:  1016 20:59:36    -2397.524155        0.172045
MDMin:  1017 20:59:38    -2397.524219        0.173264
MDMin:  1018 20:59:40    -2397.524288        0.174672
MDMin:  1019 20:59:42    -2397.524363        0.176293
MDMin:  1020 20:59:44    -2397.524442        0.178153
MDMin:  1021 20:59:46    -2397.524527        0.181107
MDMin:  1022 20:59:48    -2397.524617        0.184870
MDMin:  1023 20:59:49    -2397.524712        0.188859
MDMin:  1024 20:59:51    -2397.524811        0.193058
MDMin:  1025 20:59:52    -2397.524915        0.197436
MDMin:  1026 20:59:53    -2397.525020        0.201891
MDMin:  1027 20:59:54    -2397.525119        0.206069
MDMin:  1028 20:59:56    -2397.525191        0.214969
MDMin:  1029 20:59:57    -2397.525236        0.211018
MDMin:  1030 20:59:58    -2397.525282        0.212960
MDMin:  1031 21:00:00    -2397.525333        0.215108
MDMin:  1032 21:00:02    -2397.525389        0.217474
MDMin:  1033 21:00:04    -2397.525451        0.220059
MDMin:  1034 21:00:05    -2397.525518        0.222860
MDMin:  1035 21:00:06    -2397.525590        0.225874
MDMin:  1036 21:00:08    -2397.525667        0.229101
MDMin:  1037 21:00:09    -2397.525749        0.232535
MDMin:  1038 21:00:11    -2397.525836        0.237966
MDMin:  1039 21:00:12    -2397.525928        0.244419
MDMin:  1040 21:00:14    -2397.526025        0.251702
MDMin:  1041 21:00:16    -2397.526127        0.259919
MDMin:  1042 21:00:18    -2397.526232        0.269156
MDMin:  1043 21:00:20    -2397.526339        0.279356
MDMin:  1044 21:00:21    -2397.526440        0.289865
MDMin:  1045 21:00:22    -2397.526522        0.298893
MDMin:  1046 21:00:24    -2397.526579        0.305505
MDMin:  1047 21:00:27    -2397.526631        0.311803
MDMin:  1048 21:00:29    -2397.526687        0.318857
MDMin:  1049 21:00:31    -2397.526748        0.326897
MDMin:  1050 21:00:33    -2397.526815        0.336006
MDMin:  1051 21:00:34    -2397.526887        0.346212
MDMin:  1052 21:00:36    -2397.526965        0.357479
MDMin:  1053 21:00:38    -2397.527048        0.369672
MDMin:  1054 21:00:40    -2397.527136        0.382502
MDMin:  1055 21:00:42    -2397.527230        0.395460
MDMin:  1056 21:00:43    -2397.527330        0.407759
MDMin:  1057 21:00:45    -2397.527435        0.418291
MDMin:  1058 21:00:47    -2397.527546        0.425671
MDMin:  1059 21:00:49    -2397.527660        0.428484
MDMin:  1060 21:00:51    -2397.527768        0.426236
MDMin:  1061 21:00:53    -2397.527850        0.421334
MDMin:  1062 21:00:55    -2397.527906        0.416591
MDMin:  1063 21:00:57    -2397.527961        0.410916
MDMin:  1064 21:00:59    -2397.528023        0.403545
MDMin:  1065 21:01:01    -2397.528092        0.394120
MDMin:  1066 21:01:03    -2397.528170        0.382382
MDMin:  1067 21:01:04    -2397.528257        0.368204
MDMin:  1068 21:01:05    -2397.528353        0.351583
MDMin:  1069 21:01:07    -2397.528459        0.332662
MDMin:  1070 21:01:09    -2397.528576        0.311720
MDMin:  1071 21:01:11    -2397.528703        0.289330
MDMin:  1072 21:01:13    -2397.528836        0.274328
MDMin:  1073 21:01:15    -2397.528955        0.272755
MDMin:  1074 21:01:16    -2397.529021        0.271779
MDMin:  1075 21:01:18    -2397.529071        0.270987
MDMin:  1076 21:01:19    -2397.529129        0.270062
MDMin:  1077 21:01:20    -2397.529194        0.268973
MDMin:  1078 21:01:21    -2397.529268        0.267703
MDMin:  1079 21:01:23    -2397.529349        0.266234
MDMin:  1080 21:01:24    -2397.529440        0.264542
MDMin:  1081 21:01:26    -2397.529540        0.262603
MDMin:  1082 21:01:29    -2397.529649        0.260392
MDMin:  1083 21:01:31    -2397.529767        0.257876
MDMin:  1084 21:01:32    -2397.529895        0.255023
MDMin:  1085 21:01:33    -2397.529978        0.251796
MDMin:  1086 21:01:34    -2397.530097        0.248160
MDMin:  1087 21:01:36    -2397.530219        0.244089
MDMin:  1088 21:01:38    -2397.530340        0.239669
MDMin:  1089 21:01:39    -2397.530446        0.235539
MDMin:  1090 21:01:41    -2397.530502        0.233198
MDMin:  1091 21:01:42    -2397.530542        0.231541
MDMin:  1092 21:01:43    -2397.530586        0.229634
MDMin:  1093 21:01:45    -2397.530636        0.227438
MDMin:  1094 21:01:48    -2397.530691        0.224937
MDMin:  1095 21:01:50    -2397.530753        0.222114
MDMin:  1096 21:01:51    -2397.530819        0.218950
MDMin:  1097 21:01:53    -2397.530892        0.215427
MDMin:  1098 21:01:55    -2397.530970        0.211526
MDMin:  1099 21:01:57    -2397.531054        0.207232
MDMin:  1100 21:01:59    -2397.531144        0.202535
MDMin:  1101 21:02:01    -2397.531240        0.197440
MDMin:  1102 21:02:03    -2397.531341        0.191954
MDMin:  1103 21:02:04    -2397.531449        0.198880
MDMin:  1104 21:02:06    -2397.531563        0.207800
MDMin:  1105 21:02:08    -2397.531682        0.217625
MDMin:  1106 21:02:10    -2397.531807        0.228334
MDMin:  1107 21:02:12    -2397.531937        0.239743
MDMin:  1108 21:02:14    -2397.532061        0.250946
MDMin:  1109 21:02:16    -2397.532152        0.259175
MDMin:  1110 21:02:17    -2397.532199        0.263539
MDMin:  1111 21:02:19    -2397.532249        0.268078
MDMin:  1112 21:02:20    -2397.532305        0.273199
MDMin:  1113 21:02:21    -2397.532368        0.278913
MDMin:  1114 21:02:23    -2397.532438        0.285210
MDMin:  1115 21:02:25    -2397.532514        0.292069
MDMin:  1116 21:02:27    -2397.532597        0.299460
MDMin:  1117 21:02:29    -2397.532688        0.307337
MDMin:  1118 21:02:31    -2397.532786        0.315634
MDMin:  1119 21:02:33    -2397.532891        0.324247
MDMin:  1120 21:02:35    -2397.533004        0.333015
MDMin:  1121 21:02:38    -2397.533125        0.341673
MDMin:  1122 21:02:39    -2397.533255        0.349800
MDMin:  1123 21:02:41    -2397.533393        0.356750
MDMin:  1124 21:02:43    -2397.533540        0.361584
MDMin:  1125 21:02:45    -2397.533698        0.363079
MDMin:  1126 21:02:47    -2397.533863        0.359934
MDMin:  1127 21:02:48    -2397.534025        0.351882
MDMin:  1128 21:02:49    -2397.534145        0.342994
MDMin:  1129 21:02:52    -2397.534210        0.337308
MDMin:  1130 21:02:54    -2397.534281        0.330573
MDMin:  1131 21:02:55    -2397.534361        0.322244
MDMin:  1132 21:02:57    -2397.534452        0.312139
MDMin:  1133 21:02:59    -2397.534555        0.300153
MDMin:  1134 21:03:01    -2397.534670        0.286273
MDMin:  1135 21:03:03    -2397.534799        0.270600
MDMin:  1136 21:03:04    -2397.534941        0.258592
MDMin:  1137 21:03:06    -2397.535100        0.257218
MDMin:  1138 21:03:07    -2397.535276        0.254788
MDMin:  1139 21:03:08    -2397.535471        0.251206
MDMin:  1140 21:03:09    -2397.535688        0.246434
MDMin:  1141 21:03:11    -2397.535927        0.240539
MDMin:  1142 21:03:13    -2397.536183        0.233869
MDMin:  1143 21:03:15    -2397.536409        0.284923
MDMin:  1144 21:03:17    -2397.536508        0.225305
MDMin:  1145 21:03:19    -2397.536598        0.222968
MDMin:  1146 21:03:21    -2397.536702        0.220306
MDMin:  1147 21:03:23    -2397.536823        0.217316
MDMin:  1148 21:03:25    -2397.536961        0.214012
MDMin:  1149 21:03:27    -2397.537117        0.210415
MDMin:  1150 21:03:29    -2397.537292        0.206556
MDMin:  1151 21:03:31    -2397.537489        0.202468
MDMin:  1152 21:03:33    -2397.537710        0.198195
MDMin:  1153 21:03:35    -2397.537956        0.193783
MDMin:  1154 21:03:37    -2397.538230        0.189280
MDMin:  1155 21:03:39    -2397.538536        0.184738
MDMin:  1156 21:03:41    -2397.538876        0.180206
MDMin:  1157 21:03:43    -2397.539254        0.175733
MDMin:  1158 21:03:45    -2397.539673        0.171382
MDMin:  1159 21:03:47    -2397.540123        0.167298
MDMin:  1160 21:03:50    -2397.540518        0.231775
MDMin:  1161 21:03:52    -2397.540695        0.162820
MDMin:  1162 21:03:54    -2397.540859        0.161656
MDMin:  1163 21:03:56    -2397.541049        0.160377
MDMin:  1164 21:03:58    -2397.541267        0.158987
MDMin:  1165 21:03:59    -2397.541515        0.157496
MDMin:  1166 21:04:01    -2397.541795        0.155918
MDMin:  1167 21:04:02    -2397.542109        0.154265
MDMin:  1168 21:04:03    -2397.542462        0.152548
MDMin:  1169 21:04:04    -2397.542856        0.150777
MDMin:  1170 21:04:06    -2397.543295        0.148962
