       Step     Time          Energy          fmax
MDMin:    0 10:49:18    -2397.347633        0.146415
MDMin:    1 10:49:20    -2397.347632        0.146358
MDMin:    2 10:49:22    -2397.347632        0.146187
MDMin:    3 10:49:24    -2397.347631        0.145902
MDMin:    4 10:49:26    -2397.347630        0.145504
MDMin:    5 10:49:28    -2397.347629        0.144992
MDMin:    6 10:49:29    -2397.347627        0.144367
MDMin:    7 10:49:31    -2397.347625        0.143630
MDMin:    8 10:49:32    -2397.347623        0.142782
MDMin:    9 10:49:34    -2397.347620        0.141823
MDMin:   10 10:49:35    -2397.347617        0.140754
MDMin:   11 10:49:37    -2397.347614        0.139577
MDMin:   12 10:49:39    -2397.347610        0.138293
MDMin:   13 10:49:40    -2397.347607        0.136902
MDMin:   14 10:49:42    -2397.347603        0.135407
MDMin:   15 10:49:43    -2397.347598        0.133810
MDMin:   16 10:49:44    -2397.347594        0.132111
MDMin:   17 10:49:45    -2397.347589        0.130314
MDMin:   18 10:49:47    -2397.347583        0.128419
MDMin:   19 10:49:48    -2397.347578        0.126431
MDMin:   20 10:49:50    -2397.347572        0.124351
MDMin:   21 10:49:52    -2397.347566        0.122181
MDMin:   22 10:49:53    -2397.347560        0.119926
MDMin:   23 10:49:54    -2397.347554        0.117588
MDMin:   24 10:49:56    -2397.347547        0.115170
MDMin:   25 10:49:58    -2397.347540        0.112675
MDMin:   26 10:50:00    -2397.347533        0.110109
MDMin:   27 10:50:02    -2397.347526        0.107473
MDMin:   28 10:50:04    -2397.347518        0.107755
MDMin:   29 10:50:05    -2397.347510        0.108096
MDMin:   30 10:50:07    -2397.347502        0.108452
MDMin:   31 10:50:09    -2397.347494        0.108824
MDMin:   32 10:50:10    -2397.347486        0.109211
MDMin:   33 10:50:12    -2397.347478        0.109614
MDMin:   34 10:50:14    -2397.347469        0.110034
MDMin:   35 10:50:15    -2397.347461        0.110470
MDMin:   36 10:50:17    -2397.347452        0.110922
MDMin:   37 10:50:19    -2397.347443        0.111391
MDMin:   38 10:50:21    -2397.347434        0.111876
MDMin:   39 10:50:23    -2397.347425        0.112378
MDMin:   40 10:50:25    -2397.347416        0.112895
MDMin:   41 10:50:26    -2397.347407        0.113429
MDMin:   42 10:50:28    -2397.347398        0.113979
MDMin:   43 10:50:30    -2397.347389        0.114544
MDMin:   44 10:50:31    -2397.347379        0.115125
MDMin:   45 10:50:33    -2397.347370        0.115720
MDMin:   46 10:50:34    -2397.347361        0.116328
MDMin:   47 10:50:35    -2397.347352        0.116950
MDMin:   48 10:50:36    -2397.347343        0.117584
MDMin:   49 10:50:37    -2397.347334        0.120076
MDMin:   50 10:50:39    -2397.347325        0.122794
MDMin:   51 10:50:40    -2397.347316        0.125641
MDMin:   52 10:50:41    -2397.347307        0.128622
MDMin:   53 10:50:43    -2397.347298        0.131741
MDMin:   54 10:50:45    -2397.347289        0.135003
MDMin:   55 10:50:46    -2397.347281        0.138411
MDMin:   56 10:50:48    -2397.347272        0.141971
MDMin:   57 10:50:50    -2397.347264        0.145684
MDMin:   58 10:50:51    -2397.347256        0.149554
MDMin:   59 10:50:52    -2397.347248        0.153584
MDMin:   60 10:50:53    -2397.347240        0.157776
MDMin:   61 10:50:55    -2397.347232        0.162131
MDMin:   62 10:50:57    -2397.347224        0.166648
MDMin:   63 10:50:59    -2397.347217        0.171328
MDMin:   64 10:51:01    -2397.347210        0.176169
MDMin:   65 10:51:03    -2397.347203        0.181168
MDMin:   66 10:51:05    -2397.347196        0.186322
MDMin:   67 10:51:07    -2397.347189        0.191624
MDMin:   68 10:51:08    -2397.347182        0.197069
MDMin:   69 10:51:10    -2397.347176        0.202647
MDMin:   70 10:51:11    -2397.347170        0.208350
MDMin:   71 10:51:13    -2397.347164        0.214164
MDMin:   72 10:51:15    -2397.347158        0.220076
MDMin:   73 10:51:16    -2397.347152        0.226069
MDMin:   74 10:51:18    -2397.347147        0.232121
MDMin:   75 10:51:19    -2397.347141        0.238205
MDMin:   76 10:51:21    -2397.347136        0.244287
MDMin:   77 10:51:23    -2397.347131        0.250320
MDMin:   78 10:51:24    -2397.347126        0.256243
MDMin:   79 10:51:26    -2397.347122        0.261969
MDMin:   80 10:51:28    -2397.347117        0.267381
MDMin:   81 10:51:30    -2397.347113        0.272319
MDMin:   82 10:51:32    -2397.347109        0.276570
MDMin:   83 10:51:34    -2397.347104        0.279860
MDMin:   84 10:51:35    -2397.347100        0.281854
MDMin:   85 10:51:37    -2397.347097        0.282176
MDMin:   86 10:51:39    -2397.347093        0.280453
MDMin:   87 10:51:41    -2397.347089        0.276410
MDMin:   88 10:51:42    -2397.347086        0.269988
MDMin:   89 10:51:44    -2397.347082        0.264950
MDMin:   90 10:51:46    -2397.347079        0.264525
MDMin:   91 10:51:47    -2397.347075        0.263067
MDMin:   92 10:51:49    -2397.347072        0.261052
MDMin:   93 10:51:51    -2397.347068        0.258649
MDMin:   94 10:51:52    -2397.347065        0.255733
MDMin:   95 10:51:54    -2397.347062        0.252053
MDMin:   96 10:51:55    -2397.347059        0.247406
MDMin:   97 10:51:57    -2397.347055        0.241702
MDMin:   98 10:51:59    -2397.347052        0.234962
MDMin:   99 10:52:01    -2397.347049        0.227275
MDMin:  100 10:52:03    -2397.347046        0.218766
MDMin:  101 10:52:05    -2397.347043        0.209567
MDMin:  102 10:52:07    -2397.347040        0.210738
MDMin:  103 10:52:08    -2397.347038        0.212238
MDMin:  104 10:52:10    -2397.347035        0.213280
MDMin:  105 10:52:11    -2397.347032        0.213627
MDMin:  106 10:52:13    -2397.347029        0.213088
MDMin:  107 10:52:14    -2397.347027        0.211518
MDMin:  108 10:52:16    -2397.347024        0.208826
MDMin:  109 10:52:18    -2397.347022        0.204974
MDMin:  110 10:52:20    -2397.347019        0.199976
MDMin:  111 10:52:22    -2397.347017        0.193898
MDMin:  112 10:52:24    -2397.347015        0.186853
MDMin:  113 10:52:25    -2397.347012        0.178998
MDMin:  114 10:52:26    -2397.347010        0.170517
MDMin:  115 10:52:28    -2397.347008        0.161612
MDMin:  116 10:52:29    -2397.347006        0.152486
MDMin:  117 10:52:31    -2397.347004        0.143336
MDMin:  118 10:52:32    -2397.347002        0.134339
MDMin:  119 10:52:33    -2397.347000        0.125641
MDMin:  120 10:52:35    -2397.346998        0.119949
MDMin:  121 10:52:36    -2397.346996        0.118417
MDMin:  122 10:52:39    -2397.346995        0.116767
MDMin:  123 10:52:40    -2397.346993        0.115070
MDMin:  124 10:52:42    -2397.346992        0.113177
MDMin:  125 10:52:43    -2397.346990        0.112129
MDMin:  126 10:52:45    -2397.346989        0.159286
MDMin:  127 10:52:46    -2397.346988        0.245825
MDMin:  128 10:52:47    -2397.346987        0.151915
MDMin:  129 10:52:49    -2397.346987        0.106426
MDMin:  130 10:52:50    -2397.346987        0.105907
MDMin:  131 10:52:52    -2397.346986        0.105356
MDMin:  132 10:52:53    -2397.346986        0.104789
MDMin:  133 10:52:55    -2397.346986        0.104207
MDMin:  134 10:52:57    -2397.346985        0.103610
MDMin:  135 10:52:59    -2397.346985        0.102997
MDMin:  136 10:53:00    -2397.346985        0.102370
MDMin:  137 10:53:03    -2397.346984        0.101729
MDMin:  138 10:53:04    -2397.346984        0.101072
MDMin:  139 10:53:06    -2397.346984        0.100401
MDMin:  140 10:53:07    -2397.346983        0.099716
MDMin:  141 10:53:09    -2397.346983        0.099017
MDMin:  142 10:53:10    -2397.346983        0.098304
MDMin:  143 10:53:11    -2397.346982        0.097578
MDMin:  144 10:53:13    -2397.346982        0.096839
MDMin:  145 10:53:14    -2397.346982        0.096087
MDMin:  146 10:53:16    -2397.346981        0.095322
MDMin:  147 10:53:18    -2397.346981        0.094545
MDMin:  148 10:53:19    -2397.346981        0.093803
MDMin:  149 10:53:21    -2397.346980        0.093912
MDMin:  150 10:53:22    -2397.346980        0.094023
MDMin:  151 10:53:24    -2397.346980        0.094135
MDMin:  152 10:53:26    -2397.346980        0.094250
MDMin:  153 10:53:28    -2397.346979        0.094368
MDMin:  154 10:53:30    -2397.346979        0.094488
MDMin:  155 10:53:32    -2397.346979        0.094611
MDMin:  156 10:53:34    -2397.346979        0.094736
MDMin:  157 10:53:35    -2397.346978        0.094865
MDMin:  158 10:53:37    -2397.346978        0.094997
MDMin:  159 10:53:39    -2397.346978        0.095132
MDMin:  160 10:53:41    -2397.346978        0.095271
MDMin:  161 10:53:43    -2397.346977        0.095414
MDMin:  162 10:53:45    -2397.346977        0.095561
MDMin:  163 10:53:46    -2397.346977        0.095712
MDMin:  164 10:53:47    -2397.346977        0.095868
MDMin:  165 10:53:49    -2397.346976        0.096028
MDMin:  166 10:53:50    -2397.346976        0.096193
MDMin:  167 10:53:52    -2397.346976        0.096363
MDMin:  168 10:53:53    -2397.346976        0.096538
MDMin:  169 10:53:54    -2397.346976        0.096718
MDMin:  170 10:53:55    -2397.346976        0.096903
MDMin:  171 10:53:57    -2397.346975        0.097094
MDMin:  172 10:53:59    -2397.346975        0.097291
MDMin:  173 10:54:01    -2397.346975        0.097493
MDMin:  174 10:54:03    -2397.346975        0.097700
MDMin:  175 10:54:05    -2397.346975        0.097912
MDMin:  176 10:54:07    -2397.346975        0.098129
MDMin:  177 10:54:09    -2397.346975        0.098350
MDMin:  178 10:54:10    -2397.346975        0.098576
MDMin:  179 10:54:12    -2397.346974        0.098805
MDMin:  180 10:54:14    -2397.346974        0.099038
MDMin:  181 10:54:16    -2397.346974        0.099273
MDMin:  182 10:54:17    -2397.346974        0.099510
MDMin:  183 10:54:19    -2397.346974        0.099748
MDMin:  184 10:54:21    -2397.346974        0.099985
MDMin:  185 10:54:23    -2397.346974        0.100221
MDMin:  186 10:54:25    -2397.346974        0.100455
MDMin:  187 10:54:27    -2397.346974        0.100685
MDMin:  188 10:54:29    -2397.346974        0.100909
MDMin:  189 10:54:31    -2397.346974        0.101127
MDMin:  190 10:54:32    -2397.346974        0.101335
MDMin:  191 10:54:34    -2397.346974        0.101537
MDMin:  192 10:54:35    -2397.346974        0.101717
MDMin:  193 10:54:36    -2397.346974        0.101905
MDMin:  194 10:54:37    -2397.346974        0.102029
MDMin:  195 10:54:39    -2397.346974        0.102241
MDMin:  196 10:54:40    -2397.346974        0.102199
MDMin:  197 10:54:41    -2397.346974        0.102662
MDMin:  198 10:54:43    -2397.346974        0.101901
MDMin:  199 10:54:45    -2397.346974        0.103870
MDMin:  200 10:54:47    -2397.346974        0.099633
MDMin:  201 10:54:49    -2397.346974        0.117132
MDMin:  202 10:54:51    -2397.346974        0.099562
MDMin:  203 10:54:53    -2397.346974        0.102904
MDMin:  204 10:54:54    -2397.346974        0.102411
MDMin:  205 10:54:56    -2397.346974        0.102456
MDMin:  206 10:54:57    -2397.346974        0.102417
MDMin:  207 10:54:59    -2397.346974        0.102388
MDMin:  208 10:55:00    -2397.346974        0.102351
MDMin:  209 10:55:02    -2397.346974        0.102310
MDMin:  210 10:55:03    -2397.346974        0.102264
MDMin:  211 10:55:05    -2397.346974        0.102212
MDMin:  212 10:55:06    -2397.346974        0.102155
MDMin:  213 10:55:08    -2397.346974        0.102092
MDMin:  214 10:55:09    -2397.346974        0.102022
MDMin:  215 10:55:11    -2397.346974        0.101946
MDMin:  216 10:55:13    -2397.346974        0.101864
MDMin:  217 10:55:15    -2397.346974        0.101774
MDMin:  218 10:55:16    -2397.346974        0.101676
MDMin:  219 10:55:17    -2397.346974        0.101571
MDMin:  220 10:55:19    -2397.346974        0.101458
MDMin:  221 10:55:21    -2397.346974        0.101338
MDMin:  222 10:55:23    -2397.346974        0.101208
MDMin:  223 10:55:24    -2397.346974        0.101070
MDMin:  224 10:55:26    -2397.346974        0.100924
MDMin:  225 10:55:28    -2397.346974        0.100769
MDMin:  226 10:55:30    -2397.346974        0.100604
MDMin:  227 10:55:32    -2397.346974        0.100430
MDMin:  228 10:55:34    -2397.346974        0.100247
MDMin:  229 10:55:35    -2397.346974        0.100055
MDMin:  230 10:55:36    -2397.346974        0.099853
MDMin:  231 10:55:37    -2397.346974        0.099641
MDMin:  232 10:55:38    -2397.346974        0.099420
MDMin:  233 10:55:40    -2397.346974        0.099190
MDMin:  234 10:55:42    -2397.346974        0.098950
MDMin:  235 10:55:44    -2397.346974        0.098700
MDMin:  236 10:55:45    -2397.346974        0.098441
MDMin:  237 10:55:46    -2397.346974        0.098173
MDMin:  238 10:55:48    -2397.346974        0.097896
MDMin:  239 10:55:50    -2397.346974        0.097611
MDMin:  240 10:55:51    -2397.346975        0.097316
MDMin:  241 10:55:52    -2397.346975        0.097013
MDMin:  242 10:55:53    -2397.346975        0.096703
MDMin:  243 10:55:54    -2397.346975        0.096384
MDMin:  244 10:55:56    -2397.346975        0.096058
MDMin:  245 10:55:57    -2397.346975        0.095725
MDMin:  246 10:55:58    -2397.346975        0.095385
MDMin:  247 10:55:59    -2397.346975        0.095040
MDMin:  248 10:56:01    -2397.346975        0.094688
MDMin:  249 10:56:02    -2397.346975        0.094331
MDMin:  250 10:56:04    -2397.346975        0.093969
MDMin:  251 10:56:06    -2397.346975        0.093604
MDMin:  252 10:56:07    -2397.346975        0.093234
MDMin:  253 10:56:09    -2397.346975        0.092861
MDMin:  254 10:56:11    -2397.346975        0.092485
MDMin:  255 10:56:12    -2397.346975        0.092107
MDMin:  256 10:56:14    -2397.346975        0.091727
MDMin:  257 10:56:16    -2397.346975        0.091345
MDMin:  258 10:56:18    -2397.346975        0.090963
MDMin:  259 10:56:19    -2397.346975        0.090581
MDMin:  260 10:56:21    -2397.346975        0.090199
MDMin:  261 10:56:23    -2397.346975        0.089817
MDMin:  262 10:56:24    -2397.346975        0.089437
MDMin:  263 10:56:26    -2397.346975        0.089059
MDMin:  264 10:56:28    -2397.346975        0.088683
MDMin:  265 10:56:29    -2397.346975        0.088309
MDMin:  266 10:56:31    -2397.346976        0.087941
MDMin:  267 10:56:33    -2397.346976        0.087571
MDMin:  268 10:56:35    -2397.346976        0.087217
MDMin:  269 10:56:36    -2397.346976        0.086847
MDMin:  270 10:56:37    -2397.346976        0.086520
MDMin:  271 10:56:39    -2397.346976        0.086133
MDMin:  272 10:56:40    -2397.346976        0.092932
MDMin:  273 10:56:42    -2397.346976        0.106793
MDMin:  274 10:56:44    -2397.346976        0.121012
MDMin:  275 10:56:46    -2397.346976        0.085399
MDMin:  276 10:56:48    -2397.346976        0.085009
MDMin:  277 10:56:49    -2397.346976        0.084881
MDMin:  278 10:56:51    -2397.346976        0.084803
MDMin:  279 10:56:52    -2397.346976        0.084862
MDMin:  280 10:56:54    -2397.346976        0.084923
MDMin:  281 10:56:55    -2397.346976        0.084987
MDMin:  282 10:56:57    -2397.346976        0.085053
MDMin:  283 10:56:59    -2397.346976        0.085122
MDMin:  284 10:57:01    -2397.346976        0.085194
MDMin:  285 10:57:02    -2397.346976        0.085269
MDMin:  286 10:57:04    -2397.346976        0.086294
MDMin:  287 10:57:06    -2397.346976        0.087418
MDMin:  288 10:57:08    -2397.346976        0.088587
MDMin:  289 10:57:09    -2397.346976        0.089803
MDMin:  290 10:57:11    -2397.346976        0.091070
MDMin:  291 10:57:12    -2397.346976        0.092388
MDMin:  292 10:57:14    -2397.346976        0.093761
MDMin:  293 10:57:15    -2397.346976        0.095189
MDMin:  294 10:57:18    -2397.346976        0.096677
MDMin:  295 10:57:19    -2397.346976        0.098226
MDMin:  296 10:57:21    -2397.346976        0.099840
MDMin:  297 10:57:22    -2397.346976        0.101520
MDMin:  298 10:57:24    -2397.346976        0.103270
MDMin:  299 10:57:25    -2397.346976        0.105093
MDMin:  300 10:57:27    -2397.346976        0.106992
MDMin:  301 10:57:28    -2397.346976        0.108970
MDMin:  302 10:57:29    -2397.346976        0.111031
MDMin:  303 10:57:31    -2397.346976        0.113178
MDMin:  304 10:57:32    -2397.346976        0.115414
MDMin:  305 10:57:33    -2397.346977        0.117744
MDMin:  306 10:57:35    -2397.346977        0.120171
MDMin:  307 10:57:37    -2397.346977        0.122698
MDMin:  308 10:57:38    -2397.346977        0.125330
MDMin:  309 10:57:40    -2397.346977        0.128071
MDMin:  310 10:57:42    -2397.346977        0.130924
MDMin:  311 10:57:44    -2397.346977        0.133892
MDMin:  312 10:57:46    -2397.346977        0.136980
MDMin:  313 10:57:47    -2397.346977        0.140191
MDMin:  314 10:57:49    -2397.346977        0.143529
MDMin:  315 10:57:51    -2397.346977        0.146996
MDMin:  316 10:57:53    -2397.346977        0.150596
MDMin:  317 10:57:55    -2397.346977        0.154330
MDMin:  318 10:57:57    -2397.346977        0.158202
MDMin:  319 10:57:59    -2397.346977        0.162211
MDMin:  320 10:58:00    -2397.346977        0.166359
MDMin:  321 10:58:02    -2397.346977        0.170646
MDMin:  322 10:58:03    -2397.346977        0.175070
MDMin:  323 10:58:04    -2397.346977        0.179629
MDMin:  324 10:58:06    -2397.346977        0.184320
MDMin:  325 10:58:07    -2397.346977        0.189139
MDMin:  326 10:58:08    -2397.346977        0.194078
MDMin:  327 10:58:10    -2397.346977        0.199130
MDMin:  328 10:58:12    -2397.346977        0.204285
MDMin:  329 10:58:14    -2397.346977        0.209532
MDMin:  330 10:58:16    -2397.346977        0.214856
MDMin:  331 10:58:17    -2397.346977        0.220241
MDMin:  332 10:58:19    -2397.346977        0.225669
MDMin:  333 10:58:21    -2397.346977        0.231119
MDMin:  334 10:58:23    -2397.346977        0.236567
MDMin:  335 10:58:25    -2397.346977        0.241986
MDMin:  336 10:58:26    -2397.346977        0.247348
MDMin:  337 10:58:28    -2397.346977        0.252620
MDMin:  338 10:58:29    -2397.346977        0.257768
MDMin:  339 10:58:31    -2397.346977        0.262755
MDMin:  340 10:58:32    -2397.346977        0.267541
MDMin:  341 10:58:34    -2397.346977        0.272074
MDMin:  342 10:58:36    -2397.346977        0.276303
MDMin:  343 10:58:37    -2397.346978        0.280180
MDMin:  344 10:58:39    -2397.346978        0.283656
MDMin:  345 10:58:41    -2397.346978        0.286678
MDMin:  346 10:58:43    -2397.346978        0.289197
MDMin:  347 10:58:45    -2397.346978        0.291160
MDMin:  348 10:58:47    -2397.346978        0.292517
MDMin:  349 10:58:48    -2397.346978        0.293219
MDMin:  350 10:58:49    -2397.346978        0.293217
MDMin:  351 10:58:51    -2397.346978        0.292466
MDMin:  352 10:58:52    -2397.346978        0.290922
MDMin:  353 10:58:53    -2397.346978        0.288546
MDMin:  354 10:58:55    -2397.346978        0.285302
MDMin:  355 10:58:56    -2397.346978        0.281158
MDMin:  356 10:58:58    -2397.346978        0.276086
MDMin:  357 10:59:01    -2397.346978        0.270068
MDMin:  358 10:59:02    -2397.346978        0.263088
MDMin:  359 10:59:04    -2397.346978        0.255137
MDMin:  360 10:59:05    -2397.346978        0.246214
MDMin:  361 10:59:06    -2397.346978        0.236325
MDMin:  362 10:59:08    -2397.346978        0.225490
MDMin:  363 10:59:09    -2397.346978        0.213739
MDMin:  364 10:59:11    -2397.346978        0.201123
MDMin:  365 10:59:13    -2397.346978        0.187711
MDMin:  366 10:59:15    -2397.346978        0.173602
MDMin:  367 10:59:17    -2397.346978        0.158924
MDMin:  368 10:59:19    -2397.346978        0.143846
MDMin:  369 10:59:21    -2397.346978        0.128580
MDMin:  370 10:59:23    -2397.346978        0.114743
MDMin:  371 10:59:25    -2397.346978        0.115853
MDMin:  372 10:59:27    -2397.346978        0.117020
MDMin:  373 10:59:28    -2397.346978        0.118224
MDMin:  374 10:59:29    -2397.346978        0.119494
MDMin:  375 10:59:31    -2397.346978        0.120711
MDMin:  376 10:59:33    -2397.346978        0.122153
MDMin:  377 10:59:34    -2397.346979        0.122946
MDMin:  378 10:59:35    -2397.346979        0.216322
MDMin:  379 10:59:37    -2397.346979        0.124520
MDMin:  380 10:59:38    -2397.346979        0.124651
MDMin:  381 10:59:40    -2397.346979        0.124905
MDMin:  382 10:59:41    -2397.346979        0.125177
MDMin:  383 10:59:43    -2397.346979        0.125455
MDMin:  384 10:59:45    -2397.346979        0.125739
MDMin:  385 10:59:47    -2397.346979        0.126027
MDMin:  386 10:59:48    -2397.346979        0.126320
MDMin:  387 10:59:49    -2397.346979        0.126617
MDMin:  388 10:59:51    -2397.346979        0.126917
MDMin:  389 10:59:53    -2397.346979        0.127221
MDMin:  390 10:59:55    -2397.346979        0.127527
MDMin:  391 10:59:57    -2397.346979        0.127835
MDMin:  392 10:59:58    -2397.346979        0.128144
MDMin:  393 10:59:59    -2397.346979        0.128454
MDMin:  394 11:00:01    -2397.346979        0.128765
MDMin:  395 11:00:03    -2397.346979        0.129074
MDMin:  396 11:00:05    -2397.346979        0.129382
MDMin:  397 11:00:07    -2397.346979        0.129689
MDMin:  398 11:00:08    -2397.346979        0.129992
MDMin:  399 11:00:10    -2397.346979        0.130291
MDMin:  400 11:00:12    -2397.346979        0.130586
MDMin:  401 11:00:14    -2397.346979        0.130876
MDMin:  402 11:00:16    -2397.346979        0.131159
MDMin:  403 11:00:18    -2397.346979        0.131434
MDMin:  404 11:00:20    -2397.346979        0.131702
MDMin:  405 11:00:22    -2397.346979        0.131959
MDMin:  406 11:00:24    -2397.346979        0.132207
MDMin:  407 11:00:26    -2397.346979        0.132443
MDMin:  408 11:00:28    -2397.346979        0.132666
MDMin:  409 11:00:30    -2397.346979        0.132875
MDMin:  410 11:00:32    -2397.346979        0.133070
MDMin:  411 11:00:33    -2397.346979        0.133248
MDMin:  412 11:00:35    -2397.346979        0.133409
MDMin:  413 11:00:37    -2397.346979        0.133551
MDMin:  414 11:00:39    -2397.346979        0.133673
MDMin:  415 11:00:41    -2397.346979        0.133774
MDMin:  416 11:00:43    -2397.346979        0.133853
MDMin:  417 11:00:44    -2397.346979        0.133907
MDMin:  418 11:00:46    -2397.346979        0.133937
MDMin:  419 11:00:47    -2397.346979        0.133939
MDMin:  420 11:00:49    -2397.346979        0.133914
MDMin:  421 11:00:51    -2397.346979        0.133860
MDMin:  422 11:00:53    -2397.346979        0.133775
MDMin:  423 11:00:54    -2397.346979        0.133658
MDMin:  424 11:00:55    -2397.346979        0.133508
MDMin:  425 11:00:57    -2397.346979        0.133324
MDMin:  426 11:00:59    -2397.346979        0.133103
MDMin:  427 11:01:01    -2397.346979        0.132846
MDMin:  428 11:01:02    -2397.346979        0.132550
MDMin:  429 11:01:04    -2397.346979        0.132215
MDMin:  430 11:01:06    -2397.346979        0.131839
MDMin:  431 11:01:08    -2397.346979        0.131424
MDMin:  432 11:01:09    -2397.346979        0.130975
MDMin:  433 11:01:10    -2397.346979        0.130491
MDMin:  434 11:01:12    -2397.346979        0.129975
MDMin:  435 11:01:13    -2397.346980        0.129426
MDMin:  436 11:01:15    -2397.346980        0.128846
MDMin:  437 11:01:17    -2397.346980        0.128235
MDMin:  438 11:01:19    -2397.346980        0.127594
MDMin:  439 11:01:21    -2397.346980        0.126921
MDMin:  440 11:01:23    -2397.346980        0.126222
MDMin:  441 11:01:25    -2397.346980        0.125492
MDMin:  442 11:01:27    -2397.346980        0.124738
MDMin:  443 11:01:29    -2397.346980        0.123953
MDMin:  444 11:01:31    -2397.346980        0.123149
MDMin:  445 11:01:33    -2397.346980        0.122312
MDMin:  446 11:01:35    -2397.346980        0.121463
MDMin:  447 11:01:37    -2397.346980        0.120577
MDMin:  448 11:01:40    -2397.346980        0.119692
MDMin:  449 11:01:42    -2397.346980        0.118755
MDMin:  450 11:01:43    -2397.346980        0.117850
MDMin:  451 11:01:45    -2397.346980        0.116854
MDMin:  452 11:01:47    -2397.346980        0.115959
MDMin:  453 11:01:48    -2397.346980        0.114877
MDMin:  454 11:01:49    -2397.346980        0.114063
MDMin:  455 11:01:50    -2397.346980        0.112832
MDMin:  456 11:01:52    -2397.346980        0.112329
MDMin:  457 11:01:54    -2397.346980        0.110948
MDMin:  458 11:01:55    -2397.346980        0.111890
MDMin:  459 11:01:57    -2397.346980        0.112193
MDMin:  460 11:01:59    -2397.346980        0.120895
MDMin:  461 11:02:01    -2397.346980        0.128742
MDMin:  462 11:02:03    -2397.346980        0.125987
MDMin:  463 11:02:05    -2397.346980        0.110233
MDMin:  464 11:02:06    -2397.346980        0.106416
MDMin:  465 11:02:08    -2397.346980        0.105022
MDMin:  466 11:02:09    -2397.346980        0.104555
MDMin:  467 11:02:11    -2397.346980        0.104008
MDMin:  468 11:02:13    -2397.346980        0.103528
MDMin:  469 11:02:14    -2397.346980        0.103027
MDMin:  470 11:02:16    -2397.346980        0.102534
MDMin:  471 11:02:18    -2397.346980        0.102038
MDMin:  472 11:02:20    -2397.346980        0.101543
MDMin:  473 11:02:21    -2397.346980        0.101048
MDMin:  474 11:02:23    -2397.346980        0.100554
MDMin:  475 11:02:24    -2397.346980        0.100062
MDMin:  476 11:02:25    -2397.346980        0.099571
MDMin:  477 11:02:26    -2397.346980        0.099083
MDMin:  478 11:02:27    -2397.346980        0.098599
MDMin:  479 11:02:29    -2397.346980        0.098118
MDMin:  480 11:02:30    -2397.346980        0.097641
MDMin:  481 11:02:31    -2397.346980        0.097170
MDMin:  482 11:02:33    -2397.346980        0.096704
MDMin:  483 11:02:35    -2397.346980        0.096245
MDMin:  484 11:02:36    -2397.346980        0.095793
MDMin:  485 11:02:37    -2397.346981        0.095349
MDMin:  486 11:02:39    -2397.346981        0.094914
MDMin:  487 11:02:40    -2397.346981        0.096665
MDMin:  488 11:02:42    -2397.346981        0.098752
MDMin:  489 11:02:43    -2397.346981        0.100919
MDMin:  490 11:02:44    -2397.346981        0.103167
MDMin:  491 11:02:46    -2397.346981        0.105495
MDMin:  492 11:02:47    -2397.346981        0.107901
MDMin:  493 11:02:49    -2397.346981        0.110384
MDMin:  494 11:02:50    -2397.346981        0.112942
MDMin:  495 11:02:52    -2397.346981        0.115572
MDMin:  496 11:02:53    -2397.346981        0.118269
MDMin:  497 11:02:54    -2397.346981        0.121028
MDMin:  498 11:02:56    -2397.346981        0.123845
MDMin:  499 11:02:57    -2397.346981        0.126712
MDMin:  500 11:02:58    -2397.346981        0.129623
MDMin:  501 11:03:00    -2397.346981        0.132568
MDMin:  502 11:03:02    -2397.346981        0.135540
MDMin:  503 11:03:04    -2397.346981        0.138530
MDMin:  504 11:03:06    -2397.346981        0.141528
MDMin:  505 11:03:08    -2397.346981        0.144527
MDMin:  506 11:03:09    -2397.346981        0.147519
MDMin:  507 11:03:10    -2397.346981        0.150497
MDMin:  508 11:03:12    -2397.346981        0.153457
MDMin:  509 11:03:14    -2397.346981        0.156397
MDMin:  510 11:03:15    -2397.346981        0.159316
MDMin:  511 11:03:17    -2397.346981        0.162209
MDMin:  512 11:03:19    -2397.346981        0.165066
MDMin:  513 11:03:20    -2397.346981        0.167854
MDMin:  514 11:03:21    -2397.346981        0.170531
MDMin:  515 11:03:23    -2397.346981        0.173055
MDMin:  516 11:03:24    -2397.346981        0.175441
MDMin:  517 11:03:26    -2397.346981        0.177757
MDMin:  518 11:03:28    -2397.346981        0.180087
MDMin:  519 11:03:29    -2397.346981        0.182470
MDMin:  520 11:03:31    -2397.346981        0.184927
MDMin:  521 11:03:32    -2397.346981        0.187454
MDMin:  522 11:03:34    -2397.346981        0.197668
MDMin:  523 11:03:36    -2397.346981        0.209317
MDMin:  524 11:03:37    -2397.346981        0.221312
MDMin:  525 11:03:38    -2397.346981        0.233578
MDMin:  526 11:03:40    -2397.346981        0.246011
MDMin:  527 11:03:41    -2397.346981        0.258476
MDMin:  528 11:03:43    -2397.346981        0.270799
MDMin:  529 11:03:44    -2397.346981        0.282770
MDMin:  530 11:03:45    -2397.346981        0.294147
MDMin:  531 11:03:47    -2397.346981        0.304666
MDMin:  532 11:03:48    -2397.346981        0.314066
MDMin:  533 11:03:50    -2397.346981        0.322114
MDMin:  534 11:03:52    -2397.346981        0.328644
MDMin:  535 11:03:54    -2397.346981        0.333585
MDMin:  536 11:03:56    -2397.346981        0.336975
MDMin:  537 11:03:58    -2397.346981        0.338950
MDMin:  538 11:04:00    -2397.346981        0.339700
MDMin:  539 11:04:02    -2397.346981        0.339421
MDMin:  540 11:04:03    -2397.346981        0.338270
MDMin:  541 11:04:05    -2397.346981        0.336346
MDMin:  542 11:04:06    -2397.346981        0.333700
MDMin:  543 11:04:08    -2397.346981        0.330355
MDMin:  544 11:04:10    -2397.346981        0.326325
MDMin:  545 11:04:12    -2397.346981        0.321626
MDMin:  546 11:04:13    -2397.346981        0.316282
MDMin:  547 11:04:15    -2397.346981        0.310322
MDMin:  548 11:04:17    -2397.346981        0.303781
MDMin:  549 11:04:18    -2397.346981        0.303833
MDMin:  550 11:04:20    -2397.346981        0.305285
MDMin:  551 11:04:22    -2397.346981        0.305618
MDMin:  552 11:04:24    -2397.346981        0.304844
MDMin:  553 11:04:25    -2397.346981        0.307900
MDMin:  554 11:04:27    -2397.346981        0.312549
MDMin:  555 11:04:28    -2397.346982        0.316145
MDMin:  556 11:04:30    -2397.346982        0.318629
MDMin:  557 11:04:32    -2397.346982        0.319940
MDMin:  558 11:04:34    -2397.346982        0.320015
MDMin:  559 11:04:35    -2397.346982        0.318786
MDMin:  560 11:04:37    -2397.346982        0.316187
MDMin:  561 11:04:38    -2397.346982        0.312147
MDMin:  562 11:04:40    -2397.346982        0.306599
MDMin:  563 11:04:41    -2397.346982        0.299477
MDMin:  564 11:04:43    -2397.346982        0.290725
MDMin:  565 11:04:45    -2397.346982        0.280295
MDMin:  566 11:04:46    -2397.346982        0.268163
MDMin:  567 11:04:48    -2397.346982        0.254333
MDMin:  568 11:04:49    -2397.346982        0.238855
MDMin:  569 11:04:51    -2397.346982        0.221838
MDMin:  570 11:04:52    -2397.346982        0.203473
MDMin:  571 11:04:54    -2397.346982        0.184047
MDMin:  572 11:04:55    -2397.346982        0.163957
MDMin:  573 11:04:57    -2397.346982        0.145998
MDMin:  574 11:04:58    -2397.346982        0.133193
MDMin:  575 11:05:00    -2397.346982        0.127193
MDMin:  576 11:05:01    -2397.346982        0.128923
MDMin:  577 11:05:03    -2397.346982        0.130756
MDMin:  578 11:05:04    -2397.346982        0.132490
MDMin:  579 11:05:06    -2397.346982        0.134566
MDMin:  580 11:05:07    -2397.346982        0.135740
MDMin:  581 11:05:09    -2397.346982        0.139303
MDMin:  582 11:05:11    -2397.346982        0.140765
MDMin:  583 11:05:13    -2397.346982        0.151908
MDMin:  584 11:05:14    -2397.346982        0.178756
MDMin:  585 11:05:16    -2397.346982        0.232582
MDMin:  586 11:05:17    -2397.346982        0.348787
MDMin:  587 11:05:19    -2397.346982        0.171792
MDMin:  588 11:05:21    -2397.346982        0.145484
MDMin:  589 11:05:23    -2397.346982        0.146080
MDMin:  590 11:05:25    -2397.346982        0.146331
MDMin:  591 11:05:26    -2397.346982        0.146590
MDMin:  592 11:05:28    -2397.346982        0.146849
MDMin:  593 11:05:29    -2397.346982        0.147107
MDMin:  594 11:05:31    -2397.346982        0.147364
MDMin:  595 11:05:32    -2397.346982        0.147618
MDMin:  596 11:05:33    -2397.346982        0.147869
MDMin:  597 11:05:35    -2397.346982        0.148116
MDMin:  598 11:05:36    -2397.346982        0.148358
MDMin:  599 11:05:37    -2397.346982        0.148593
MDMin:  600 11:05:39    -2397.346982        0.148821
MDMin:  601 11:05:40    -2397.346982        0.149040
MDMin:  602 11:05:41    -2397.346982        0.149250
MDMin:  603 11:05:43    -2397.346982        0.149450
MDMin:  604 11:05:44    -2397.346982        0.149638
MDMin:  605 11:05:46    -2397.346982        0.149813
MDMin:  606 11:05:47    -2397.346982        0.149974
MDMin:  607 11:05:48    -2397.346982        0.150121
MDMin:  608 11:05:50    -2397.346982        0.150252
MDMin:  609 11:05:51    -2397.346982        0.150369
MDMin:  610 11:05:52    -2397.346982        0.150468
MDMin:  611 11:05:53    -2397.346982        0.150551
MDMin:  612 11:05:55    -2397.346982        0.150615
MDMin:  613 11:05:56    -2397.346982        0.150660
MDMin:  614 11:05:57    -2397.346982        0.150685
MDMin:  615 11:05:58    -2397.346982        0.150689
MDMin:  616 11:06:00    -2397.346982        0.150672
MDMin:  617 11:06:01    -2397.346982        0.150633
MDMin:  618 11:06:03    -2397.346982        0.150571
MDMin:  619 11:06:04    -2397.346982        0.150487
MDMin:  620 11:06:06    -2397.346982        0.150380
MDMin:  621 11:06:07    -2397.346982        0.150249
MDMin:  622 11:06:08    -2397.346982        0.150094
MDMin:  623 11:06:10    -2397.346983        0.149917
MDMin:  624 11:06:12    -2397.346983        0.149715
MDMin:  625 11:06:14    -2397.346983        0.149491
MDMin:  626 11:06:16    -2397.346983        0.149244
MDMin:  627 11:06:18    -2397.346983        0.148976
MDMin:  628 11:06:20    -2397.346983        0.148686
MDMin:  629 11:06:22    -2397.346983        0.148376
MDMin:  630 11:06:24    -2397.346983        0.148046
MDMin:  631 11:06:25    -2397.346983        0.147699
MDMin:  632 11:06:27    -2397.346983        0.147335
MDMin:  633 11:06:28    -2397.346983        0.146956
MDMin:  634 11:06:29    -2397.346983        0.146563
MDMin:  635 11:06:30    -2397.346983        0.146160
MDMin:  636 11:06:32    -2397.346983        0.145748
MDMin:  637 11:06:34    -2397.346983        0.145330
MDMin:  638 11:06:36    -2397.346983        0.144906
MDMin:  639 11:06:38    -2397.346983        0.144482
MDMin:  640 11:06:40    -2397.346983        0.144056
MDMin:  641 11:06:42    -2397.346983        0.143638
MDMin:  642 11:06:43    -2397.346983        0.143218
MDMin:  643 11:06:45    -2397.346983        0.142821
MDMin:  644 11:06:46    -2397.346983        0.142412
MDMin:  645 11:06:47    -2397.346983        0.142060
MDMin:  646 11:06:49    -2397.346983        0.141645
MDMin:  647 11:06:50    -2397.346983        0.141406
MDMin:  648 11:06:52    -2397.346983        0.140883
MDMin:  649 11:06:53    -2397.346983        0.141002
MDMin:  650 11:06:55    -2397.346983        0.139884
MDMin:  651 11:06:56    -2397.346983        0.141472
MDMin:  652 11:06:58    -2397.346983        0.137475
MDMin:  653 11:06:59    -2397.346983        0.146322
MDMin:  654 11:07:01    -2397.346983        0.130465
MDMin:  655 11:07:02    -2397.346983        0.176627
MDMin:  656 11:07:04    -2397.346983        0.175035
MDMin:  657 11:07:06    -2397.346983        0.142426
MDMin:  658 11:07:08    -2397.346983        0.139050
MDMin:  659 11:07:09    -2397.346983        0.139336
MDMin:  660 11:07:11    -2397.346983        0.139240
MDMin:  661 11:07:12    -2397.346983        0.139203
MDMin:  662 11:07:14    -2397.346983        0.139164
MDMin:  663 11:07:16    -2397.346983        0.139134
MDMin:  664 11:07:18    -2397.346983        0.139109
MDMin:  665 11:07:19    -2397.346983        0.139092
MDMin:  666 11:07:21    -2397.346983        0.139081
MDMin:  667 11:07:22    -2397.346983        0.139076
MDMin:  668 11:07:24    -2397.346983        0.139078
MDMin:  669 11:07:25    -2397.346983        0.139087
MDMin:  670 11:07:26    -2397.346983        0.139102
MDMin:  671 11:07:27    -2397.346983        0.139124
MDMin:  672 11:07:29    -2397.346983        0.139152
MDMin:  673 11:07:31    -2397.346983        0.139187
MDMin:  674 11:07:32    -2397.346983        0.139227
MDMin:  675 11:07:33    -2397.346983        0.139275
MDMin:  676 11:07:35    -2397.346983        0.139328
MDMin:  677 11:07:37    -2397.346983        0.139387
MDMin:  678 11:07:38    -2397.346983        0.139452
MDMin:  679 11:07:40    -2397.346983        0.139523
MDMin:  680 11:07:41    -2397.346983        0.139600
MDMin:  681 11:07:43    -2397.346983        0.139688
MDMin:  682 11:07:44    -2397.346983        0.139787
MDMin:  683 11:07:46    -2397.346983        0.139899
MDMin:  684 11:07:48    -2397.346983        0.140025
MDMin:  685 11:07:49    -2397.346983        0.140165
MDMin:  686 11:07:51    -2397.346983        0.140322
MDMin:  687 11:07:52    -2397.346983        0.140497
MDMin:  688 11:07:53    -2397.346983        0.140690
MDMin:  689 11:07:54    -2397.346983        0.140903
MDMin:  690 11:07:55    -2397.346983        0.141137
MDMin:  691 11:07:56    -2397.346983        0.141393
MDMin:  692 11:07:58    -2397.346983        0.141673
MDMin:  693 11:08:00    -2397.346983        0.141978
MDMin:  694 11:08:02    -2397.346983        0.142309
MDMin:  695 11:08:04    -2397.346983        0.142668
MDMin:  696 11:08:05    -2397.346983        0.143057
MDMin:  697 11:08:07    -2397.346983        0.143477
MDMin:  698 11:08:08    -2397.346984        0.143930
MDMin:  699 11:08:10    -2397.346984        0.144418
MDMin:  700 11:08:11    -2397.346984        0.144943
MDMin:  701 11:08:13    -2397.346984        0.145507
MDMin:  702 11:08:15    -2397.346984        0.146112
MDMin:  703 11:08:16    -2397.346984        0.146762
MDMin:  704 11:08:18    -2397.346984        0.147457
MDMin:  705 11:08:19    -2397.346984        0.148201
MDMin:  706 11:08:21    -2397.346984        0.148997
MDMin:  707 11:08:22    -2397.346984        0.149848
MDMin:  708 11:08:24    -2397.346984        0.150756
MDMin:  709 11:08:26    -2397.346984        0.151727
MDMin:  710 11:08:28    -2397.346984        0.152760
MDMin:  711 11:08:29    -2397.346984        0.153863
MDMin:  712 11:08:31    -2397.346984        0.155040
MDMin:  713 11:08:33    -2397.346984        0.156285
MDMin:  714 11:08:35    -2397.346984        0.157629
MDMin:  715 11:08:37    -2397.346984        0.159014
MDMin:  716 11:08:38    -2397.346984        0.160584
MDMin:  717 11:08:40    -2397.346984        0.162050
MDMin:  718 11:08:42    -2397.346984        0.164014
MDMin:  719 11:08:43    -2397.346984        0.165296
MDMin:  720 11:08:45    -2397.346984        0.168127
MDMin:  721 11:08:47    -2397.346984        0.168356
MDMin:  722 11:08:48    -2397.346984        0.171176
MDMin:  723 11:08:49    -2397.346984        0.171074
MDMin:  724 11:08:51    -2397.346984        0.172227
MDMin:  725 11:08:53    -2397.346984        0.173108
MDMin:  726 11:08:55    -2397.346984        0.174104
MDMin:  727 11:08:56    -2397.346984        0.175134
MDMin:  728 11:08:57    -2397.346984        0.176218
MDMin:  729 11:08:59    -2397.346984        0.177352
MDMin:  730 11:09:00    -2397.346984        0.178540
MDMin:  731 11:09:01    -2397.346984        0.179783
MDMin:  732 11:09:03    -2397.346984        0.181083
MDMin:  733 11:09:04    -2397.346984        0.182442
MDMin:  734 11:09:05    -2397.346984        0.183861
MDMin:  735 11:09:07    -2397.346984        0.185342
MDMin:  736 11:09:09    -2397.346984        0.186887
MDMin:  737 11:09:11    -2397.346984        0.188498
MDMin:  738 11:09:13    -2397.346984        0.190178
MDMin:  739 11:09:15    -2397.346984        0.191927
MDMin:  740 11:09:17    -2397.346984        0.193748
MDMin:  741 11:09:19    -2397.346984        0.195642
MDMin:  742 11:09:21    -2397.346984        0.197611
MDMin:  743 11:09:23    -2397.346984        0.199656
MDMin:  744 11:09:25    -2397.346984        0.201778
MDMin:  745 11:09:27    -2397.346984        0.203979
MDMin:  746 11:09:28    -2397.346984        0.206259
MDMin:  747 11:09:30    -2397.346984        0.208618
MDMin:  748 11:09:31    -2397.346984        0.211055
MDMin:  749 11:09:33    -2397.346984        0.213571
MDMin:  750 11:09:35    -2397.346984        0.216164
MDMin:  751 11:09:36    -2397.346984        0.218832
MDMin:  752 11:09:38    -2397.346984        0.221573
MDMin:  753 11:09:40    -2397.346984        0.224383
MDMin:  754 11:09:42    -2397.346984        0.227258
MDMin:  755 11:09:44    -2397.346984        0.230194
MDMin:  756 11:09:46    -2397.346984        0.233185
MDMin:  757 11:09:47    -2397.346984        0.236223
MDMin:  758 11:09:48    -2397.346984        0.239301
MDMin:  759 11:09:49    -2397.346984        0.242411
MDMin:  760 11:09:50    -2397.346984        0.245543
MDMin:  761 11:09:52    -2397.346984        0.248691
MDMin:  762 11:09:54    -2397.346984        0.251841
MDMin:  763 11:09:56    -2397.346984        0.254983
MDMin:  764 11:09:58    -2397.346984        0.258103
MDMin:  765 11:10:00    -2397.346984        0.261187
MDMin:  766 11:10:02    -2397.346984        0.264221
MDMin:  767 11:10:04    -2397.346984        0.267189
MDMin:  768 11:10:06    -2397.346984        0.270076
MDMin:  769 11:10:07    -2397.346984        0.272865
MDMin:  770 11:10:09    -2397.346984        0.275541
MDMin:  771 11:10:10    -2397.346984        0.278088
MDMin:  772 11:10:12    -2397.346984        0.280491
MDMin:  773 11:10:14    -2397.346984        0.282733
MDMin:  774 11:10:16    -2397.346984        0.284802
MDMin:  775 11:10:17    -2397.346984        0.286682
MDMin:  776 11:10:19    -2397.346984        0.288360
MDMin:  777 11:10:21    -2397.346984        0.289823
MDMin:  778 11:10:22    -2397.346984        0.291058
MDMin:  779 11:10:23    -2397.346984        0.292051
MDMin:  780 11:10:25    -2397.346984        0.292791
MDMin:  781 11:10:26    -2397.346984        0.293265
MDMin:  782 11:10:27    -2397.346984        0.293463
MDMin:  783 11:10:28    -2397.346984        0.293369
MDMin:  784 11:10:30    -2397.346984        0.292971
MDMin:  785 11:10:31    -2397.346984        0.292254
MDMin:  786 11:10:32    -2397.346984        0.291200
MDMin:  787 11:10:34    -2397.346984        0.289790
MDMin:  788 11:10:35    -2397.346984        0.288002
MDMin:  789 11:10:37    -2397.346984        0.285812
MDMin:  790 11:10:38    -2397.346984        0.283192
MDMin:  791 11:10:40    -2397.346984        0.280112
MDMin:  792 11:10:42    -2397.346984        0.276540
MDMin:  793 11:10:43    -2397.346984        0.272441
MDMin:  794 11:10:45    -2397.346984        0.267780
MDMin:  795 11:10:46    -2397.346984        0.262521
MDMin:  796 11:10:47    -2397.346984        0.256631
MDMin:  797 11:10:49    -2397.346984        0.250081
MDMin:  798 11:10:50    -2397.346984        0.242847
MDMin:  799 11:10:51    -2397.346984        0.234917
MDMin:  800 11:10:53    -2397.346984        0.226290
MDMin:  801 11:10:55    -2397.346984        0.216981
MDMin:  802 11:10:57    -2397.346984        0.207027
MDMin:  803 11:10:59    -2397.346985        0.196484
MDMin:  804 11:11:00    -2397.346985        0.185434
MDMin:  805 11:11:02    -2397.346985        0.173984
MDMin:  806 11:11:04    -2397.346985        0.162260
MDMin:  807 11:11:05    -2397.346985        0.150406
MDMin:  808 11:11:07    -2397.346985        0.144521
MDMin:  809 11:11:08    -2397.346985        0.140252
MDMin:  810 11:11:09    -2397.346985        0.135522
MDMin:  811 11:11:10    -2397.346985        0.130376
MDMin:  812 11:11:11    -2397.346985        0.124889
MDMin:  813 11:11:13    -2397.346985        0.119106
MDMin:  814 11:11:15    -2397.346985        0.113167
MDMin:  815 11:11:17    -2397.346985        0.106976
MDMin:  816 11:11:19    -2397.346985        0.101103
MDMin:  817 11:11:20    -2397.346985        0.094100
MDMin:  818 11:11:22    -2397.346985        0.090981
MDMin:  819 11:11:23    -2397.346985        0.085524
MDMin:  820 11:11:25    -2397.346985        0.126214
MDMin:  821 11:11:27    -2397.346985        0.171239
MDMin:  822 11:11:28    -2397.346985        0.139466
MDMin:  823 11:11:30    -2397.346985        0.111954
MDMin:  824 11:11:31    -2397.346985        0.090628
MDMin:  825 11:11:33    -2397.346985        0.078307
MDMin:  826 11:11:35    -2397.346985        0.076284
MDMin:  827 11:11:37    -2397.346985        0.075140
MDMin:  828 11:11:38    -2397.346985        0.074412
MDMin:  829 11:11:40    -2397.346985        0.073858
MDMin:  830 11:11:41    -2397.346985        0.073366
MDMin:  831 11:11:42    -2397.346985        0.072887
MDMin:  832 11:11:44    -2397.346985        0.072400
MDMin:  833 11:11:45    -2397.346985        0.071900
MDMin:  834 11:11:47    -2397.346985        0.071384
MDMin:  835 11:11:49    -2397.346985        0.070851
MDMin:  836 11:11:50    -2397.346985        0.070302
MDMin:  837 11:11:52    -2397.346985        0.069735
MDMin:  838 11:11:53    -2397.346985        0.069153
MDMin:  839 11:11:55    -2397.346985        0.068555
MDMin:  840 11:11:56    -2397.346985        0.067940
MDMin:  841 11:11:57    -2397.346985        0.067310
MDMin:  842 11:11:59    -2397.346985        0.066665
MDMin:  843 11:12:00    -2397.346985        0.066005
MDMin:  844 11:12:02    -2397.346985        0.065330
MDMin:  845 11:12:04    -2397.346985        0.064641
MDMin:  846 11:12:05    -2397.346985        0.064090
MDMin:  847 11:12:07    -2397.346985        0.063665
MDMin:  848 11:12:08    -2397.346985        0.063238
MDMin:  849 11:12:10    -2397.346985        0.062811
MDMin:  850 11:12:12    -2397.346985        0.062383
MDMin:  851 11:12:13    -2397.346985        0.061955
MDMin:  852 11:12:15    -2397.346985        0.061527
MDMin:  853 11:12:16    -2397.346985        0.061101
MDMin:  854 11:12:17    -2397.346985        0.060676
MDMin:  855 11:12:19    -2397.346985        0.060254
MDMin:  856 11:12:20    -2397.346985        0.059834
MDMin:  857 11:12:22    -2397.346985        0.059418
MDMin:  858 11:12:23    -2397.346985        0.059005
MDMin:  859 11:12:24    -2397.346985        0.058597
MDMin:  860 11:12:26    -2397.346985        0.058194
MDMin:  861 11:12:28    -2397.346985        0.057796
MDMin:  862 11:12:29    -2397.346985        0.057404
MDMin:  863 11:12:31    -2397.346985        0.057018
MDMin:  864 11:12:32    -2397.346985        0.056639
MDMin:  865 11:12:33    -2397.346985        0.056268
MDMin:  866 11:12:35    -2397.346985        0.055904
MDMin:  867 11:12:36    -2397.346985        0.055549
MDMin:  868 11:12:38    -2397.346985        0.055202
MDMin:  869 11:12:39    -2397.346985        0.054864
MDMin:  870 11:12:40    -2397.346985        0.054535
MDMin:  871 11:12:42    -2397.346985        0.054216
MDMin:  872 11:12:43    -2397.346985        0.053907
MDMin:  873 11:12:44    -2397.346985        0.053609
MDMin:  874 11:12:45    -2397.346985        0.053321
MDMin:  875 11:12:47    -2397.346985        0.053044
MDMin:  876 11:12:48    -2397.346985        0.052778
MDMin:  877 11:12:49    -2397.346985        0.052524
MDMin:  878 11:12:51    -2397.346985        0.052282
MDMin:  879 11:12:52    -2397.346985        0.052051
MDMin:  880 11:12:53    -2397.346985        0.051833
MDMin:  881 11:12:55    -2397.346985        0.051626
MDMin:  882 11:12:56    -2397.346985        0.051432
MDMin:  883 11:12:57    -2397.346985        0.051251
MDMin:  884 11:12:59    -2397.346985        0.051082
MDMin:  885 11:13:00    -2397.346985        0.050925
MDMin:  886 11:13:02    -2397.346985        0.050782
MDMin:  887 11:13:03    -2397.346985        0.050651
MDMin:  888 11:13:04    -2397.346985        0.050533
MDMin:  889 11:13:06    -2397.346985        0.050427
MDMin:  890 11:13:07    -2397.346985        0.050335
MDMin:  891 11:13:08    -2397.346985        0.050254
MDMin:  892 11:13:09    -2397.346985        0.050189
MDMin:  893 11:13:10    -2397.346985        0.050129
MDMin:  894 11:13:12    -2397.346985        0.050104
MDMin:  895 11:13:13    -2397.346985        0.051233
MDMin:  896 11:13:14    -2397.346985        0.066861
MDMin:  897 11:13:15    -2397.346985        0.050030
MDMin:  898 11:13:16    -2397.346985        0.050040
MDMin:  899 11:13:18    -2397.346985        0.050034
MDMin:  900 11:13:20    -2397.346985        0.050032
MDMin:  901 11:13:22    -2397.346985        0.050031
MDMin:  902 11:13:24    -2397.346985        0.050030
MDMin:  903 11:13:25    -2397.346985        0.050032
MDMin:  904 11:13:27    -2397.346985        0.050034
MDMin:  905 11:13:29    -2397.346985        0.050038
MDMin:  906 11:13:31    -2397.346985        0.050043
MDMin:  907 11:13:33    -2397.346985        0.050050
MDMin:  908 11:13:35    -2397.346985        0.050059
MDMin:  909 11:13:37    -2397.346985        0.050069
MDMin:  910 11:13:38    -2397.346985        0.050081
MDMin:  911 11:13:40    -2397.346985        0.050094
MDMin:  912 11:13:42    -2397.346985        0.050109
MDMin:  913 11:13:44    -2397.346985        0.050127
MDMin:  914 11:13:46    -2397.346985        0.050146
MDMin:  915 11:13:47    -2397.346985        0.050167
MDMin:  916 11:13:49    -2397.346985        0.050190
MDMin:  917 11:13:51    -2397.346985        0.050215
MDMin:  918 11:13:53    -2397.346985        0.050242
MDMin:  919 11:13:54    -2397.346985        0.050271
MDMin:  920 11:13:56    -2397.346985        0.050303
MDMin:  921 11:13:58    -2397.346985        0.050336
MDMin:  922 11:14:00    -2397.346986        0.050372
MDMin:  923 11:14:01    -2397.346986        0.050411
MDMin:  924 11:14:03    -2397.346986        0.050451
MDMin:  925 11:14:05    -2397.346986        0.050494
MDMin:  926 11:14:07    -2397.346986        0.050540
MDMin:  927 11:14:08    -2397.346986        0.050588
MDMin:  928 11:14:11    -2397.346986        0.050638
MDMin:  929 11:14:12    -2397.346986        0.050691
MDMin:  930 11:14:14    -2397.346986        0.050746
MDMin:  931 11:14:15    -2397.346986        0.050804
MDMin:  932 11:14:17    -2397.346986        0.050865
MDMin:  933 11:14:19    -2397.346986        0.050928
MDMin:  934 11:14:21    -2397.346986        0.050994
MDMin:  935 11:14:23    -2397.346986        0.051062
MDMin:  936 11:14:24    -2397.346986        0.051133
MDMin:  937 11:14:25    -2397.346986        0.051207
MDMin:  938 11:14:27    -2397.346986        0.051283
MDMin:  939 11:14:29    -2397.346986        0.051362
MDMin:  940 11:14:31    -2397.346986        0.051444
MDMin:  941 11:14:33    -2397.346986        0.051528
MDMin:  942 11:14:35    -2397.346986        0.051615
MDMin:  943 11:14:37    -2397.346986        0.051705
MDMin:  944 11:14:39    -2397.346986        0.051797
MDMin:  945 11:14:40    -2397.346986        0.051892
MDMin:  946 11:14:43    -2397.346986        0.051990
MDMin:  947 11:14:44    -2397.346986        0.052090
MDMin:  948 11:14:46    -2397.346986        0.052194
MDMin:  949 11:14:48    -2397.346986        0.052299
MDMin:  950 11:14:50    -2397.346986        0.052408
MDMin:  951 11:14:51    -2397.346986        0.052517
MDMin:  952 11:14:52    -2397.346986        0.052634
MDMin:  953 11:14:54    -2397.346986        0.052743
MDMin:  954 11:14:56    -2397.346986        0.052871
MDMin:  955 11:14:57    -2397.346986        0.052973
MDMin:  956 11:14:59    -2397.346986        0.053127
MDMin:  957 11:15:00    -2397.346986        0.053198
MDMin:  958 11:15:02    -2397.346986        0.053418
MDMin:  959 11:15:03    -2397.346986        0.053381
MDMin:  960 11:15:04    -2397.346986        0.053811
MDMin:  961 11:15:06    -2397.346986        0.053398
MDMin:  962 11:15:08    -2397.346986        0.054542
MDMin:  963 11:15:10    -2397.346986        0.054241
MDMin:  964 11:15:11    -2397.346986        0.056503
MDMin:  965 11:15:13    -2397.346986        0.057428
MDMin:  966 11:15:15    -2397.346986        0.063089
MDMin:  967 11:15:17    -2397.346986        0.067983
MDMin:  968 11:15:19    -2397.346986        0.082033
MDMin:  969 11:15:21    -2397.346986        0.080340
MDMin:  970 11:15:23    -2397.346986        0.070519
MDMin:  971 11:15:24    -2397.346986        0.058139
MDMin:  972 11:15:26    -2397.346986        0.056353
MDMin:  973 11:15:27    -2397.346986        0.054657
MDMin:  974 11:15:28    -2397.346986        0.055275
MDMin:  975 11:15:30    -2397.346986        0.055141
MDMin:  976 11:15:32    -2397.346986        0.055281
MDMin:  977 11:15:34    -2397.346986        0.055319
MDMin:  978 11:15:36    -2397.346986        0.055400
MDMin:  979 11:15:38    -2397.346986        0.055464
MDMin:  980 11:15:40    -2397.346986        0.055537
MDMin:  981 11:15:42    -2397.346986        0.055608
MDMin:  982 11:15:44    -2397.346986        0.055682
MDMin:  983 11:15:45    -2397.346986        0.055756
MDMin:  984 11:15:47    -2397.346986        0.055831
MDMin:  985 11:15:48    -2397.346986        0.055908
MDMin:  986 11:15:49    -2397.346986        0.055985
MDMin:  987 11:15:51    -2397.346986        0.056064
MDMin:  988 11:15:53    -2397.346986        0.056143
MDMin:  989 11:15:55    -2397.346986        0.056223
MDMin:  990 11:15:56    -2397.346986        0.056305
MDMin:  991 11:15:57    -2397.346986        0.056387
MDMin:  992 11:15:58    -2397.346986        0.056470
MDMin:  993 11:16:00    -2397.346986        0.056554
MDMin:  994 11:16:01    -2397.346986        0.056639
MDMin:  995 11:16:02    -2397.346986        0.056724
MDMin:  996 11:16:04    -2397.346986        0.056810
MDMin:  997 11:16:05    -2397.346986        0.056897
MDMin:  998 11:16:06    -2397.346986        0.056985
MDMin:  999 11:16:08    -2397.346986        0.057073
MDMin:  1000 11:16:09    -2397.346986        0.057161
MDMin:  1001 11:16:11    -2397.346986        0.057251
MDMin:  1002 11:16:12    -2397.346986        0.057340
MDMin:  1003 11:16:14    -2397.346986        0.057430
MDMin:  1004 11:16:15    -2397.346986        0.057521
MDMin:  1005 11:16:17    -2397.346986        0.057612
MDMin:  1006 11:16:19    -2397.346986        0.057703
MDMin:  1007 11:16:20    -2397.346986        0.057794
MDMin:  1008 11:16:21    -2397.346986        0.057886
MDMin:  1009 11:16:23    -2397.346986        0.057977
MDMin:  1010 11:16:25    -2397.346986        0.058069
MDMin:  1011 11:16:26    -2397.346986        0.058161
MDMin:  1012 11:16:28    -2397.346986        0.058252
MDMin:  1013 11:16:29    -2397.346986        0.058344
MDMin:  1014 11:16:31    -2397.346986        0.058435
MDMin:  1015 11:16:33    -2397.346986        0.058526
MDMin:  1016 11:16:35    -2397.346986        0.058617
MDMin:  1017 11:16:37    -2397.346986        0.058707
MDMin:  1018 11:16:38    -2397.346986        0.058797
MDMin:  1019 11:16:41    -2397.346986        0.058886
MDMin:  1020 11:16:42    -2397.346986        0.058975
MDMin:  1021 11:16:43    -2397.346986        0.059063
MDMin:  1022 11:16:45    -2397.346986        0.059150
MDMin:  1023 11:16:47    -2397.346986        0.059236
MDMin:  1024 11:16:48    -2397.346986        0.059322
MDMin:  1025 11:16:50    -2397.346986        0.059405
MDMin:  1026 11:16:51    -2397.346986        0.059490
MDMin:  1027 11:16:52    -2397.346986        0.059569
MDMin:  1028 11:16:53    -2397.346986        0.059654
MDMin:  1029 11:16:55    -2397.346986        0.059725
MDMin:  1030 11:16:56    -2397.346986        0.059817
MDMin:  1031 11:16:58    -2397.346986        0.059866
MDMin:  1032 11:17:00    -2397.346986        0.059978
MDMin:  1033 11:17:02    -2397.346986        0.059979
MDMin:  1034 11:17:04    -2397.346986        0.060098
MDMin:  1035 11:17:06    -2397.346986        0.060081
MDMin:  1036 11:17:07    -2397.346986        0.060145
MDMin:  1037 11:17:09    -2397.346986        0.060165
MDMin:  1038 11:17:11    -2397.346986        0.060205
MDMin:  1039 11:17:13    -2397.346986        0.060235
MDMin:  1040 11:17:15    -2397.346986        0.060270
MDMin:  1041 11:17:17    -2397.346986        0.060305
MDMin:  1042 11:17:19    -2397.346986        0.060348
MDMin:  1043 11:17:21    -2397.346986        0.060393
MDMin:  1044 11:17:23    -2397.346986        0.060436
MDMin:  1045 11:17:25    -2397.346986        0.060480
MDMin:  1046 11:17:27    -2397.346986        0.060524
MDMin:  1047 11:17:29    -2397.346986        0.060567
MDMin:  1048 11:17:31    -2397.346986        0.060610
MDMin:  1049 11:17:33    -2397.346986        0.060653
MDMin:  1050 11:17:34    -2397.346986        0.060696
MDMin:  1051 11:17:36    -2397.346986        0.060738
MDMin:  1052 11:17:37    -2397.346986        0.060780
MDMin:  1053 11:17:39    -2397.346986        0.060822
MDMin:  1054 11:17:40    -2397.346986        0.060862
MDMin:  1055 11:17:42    -2397.346986        0.060903
MDMin:  1056 11:17:44    -2397.346986        0.060942
MDMin:  1057 11:17:45    -2397.346986        0.060981
MDMin:  1058 11:17:47    -2397.346986        0.061019
MDMin:  1059 11:17:49    -2397.346986        0.061056
MDMin:  1060 11:17:50    -2397.346986        0.061093
MDMin:  1061 11:17:51    -2397.346987        0.061128
MDMin:  1062 11:17:52    -2397.346987        0.061163
MDMin:  1063 11:17:54    -2397.346987        0.061196
MDMin:  1064 11:17:56    -2397.346987        0.061230
MDMin:  1065 11:17:58    -2397.346987        0.061262
MDMin:  1066 11:17:59    -2397.346987        0.061294
MDMin:  1067 11:18:00    -2397.346987        0.061325
MDMin:  1068 11:18:02    -2397.346987        0.061355
MDMin:  1069 11:18:04    -2397.346987        0.061385
MDMin:  1070 11:18:05    -2397.346987        0.061413
MDMin:  1071 11:18:06    -2397.346987        0.061441
MDMin:  1072 11:18:08    -2397.346987        0.061469
MDMin:  1073 11:18:09    -2397.346987        0.061496
MDMin:  1074 11:18:11    -2397.346987        0.061522
MDMin:  1075 11:18:12    -2397.346987        0.061547
MDMin:  1076 11:18:14    -2397.346987        0.061572
MDMin:  1077 11:18:15    -2397.346987        0.061596
MDMin:  1078 11:18:17    -2397.346987        0.061619
MDMin:  1079 11:18:19    -2397.346987        0.061642
MDMin:  1080 11:18:21    -2397.346987        0.061663
MDMin:  1081 11:18:23    -2397.346987        0.061684
MDMin:  1082 11:18:24    -2397.346987        0.061704
MDMin:  1083 11:18:26    -2397.346987        0.061724
MDMin:  1084 11:18:28    -2397.346987        0.061742
MDMin:  1085 11:18:30    -2397.346987        0.061761
MDMin:  1086 11:18:32    -2397.346987        0.061775
MDMin:  1087 11:18:34    -2397.346987        0.061796
MDMin:  1088 11:18:35    -2397.346987        0.061802
MDMin:  1089 11:18:37    -2397.346987        0.061833
MDMin:  1090 11:18:39    -2397.346987        0.061818
MDMin:  1091 11:18:41    -2397.346987        0.061878
MDMin:  1092 11:18:42    -2397.346987        0.061809
MDMin:  1093 11:18:43    -2397.346987        0.062182
MDMin:  1094 11:18:45    -2397.346987        0.061814
MDMin:  1095 11:18:46    -2397.346987        0.061908
MDMin:  1096 11:18:47    -2397.346987        0.061863
MDMin:  1097 11:18:49    -2397.346987        0.061888
MDMin:  1098 11:18:50    -2397.346987        0.061881
MDMin:  1099 11:18:51    -2397.346987        0.061889
MDMin:  1100 11:18:53    -2397.346987        0.061889
MDMin:  1101 11:18:54    -2397.346987        0.061894
MDMin:  1102 11:18:55    -2397.346987        0.061896
MDMin:  1103 11:18:56    -2397.346987        0.061899
MDMin:  1104 11:18:58    -2397.346987        0.061901
MDMin:  1105 11:19:00    -2397.346987        0.061903
MDMin:  1106 11:19:02    -2397.346987        0.061905
MDMin:  1107 11:19:04    -2397.346987        0.061907
MDMin:  1108 11:19:06    -2397.346987        0.061909
MDMin:  1109 11:19:07    -2397.346987        0.061911
MDMin:  1110 11:19:09    -2397.346987        0.061912
MDMin:  1111 11:19:11    -2397.346987        0.061913
MDMin:  1112 11:19:12    -2397.346987        0.061914
MDMin:  1113 11:19:14    -2397.346987        0.061915
MDMin:  1114 11:19:15    -2397.346987        0.061916
MDMin:  1115 11:19:16    -2397.346987        0.061916
MDMin:  1116 11:19:18    -2397.346987        0.061916
MDMin:  1117 11:19:19    -2397.346987        0.061916
MDMin:  1118 11:19:21    -2397.346987        0.061916
MDMin:  1119 11:19:22    -2397.346987        0.061916
MDMin:  1120 11:19:24    -2397.346987        0.061915
MDMin:  1121 11:19:25    -2397.346987        0.061915
MDMin:  1122 11:19:27    -2397.346987        0.061914
MDMin:  1123 11:19:28    -2397.346987        0.061913
MDMin:  1124 11:19:30    -2397.346987        0.061912
MDMin:  1125 11:19:32    -2397.346987        0.061911
MDMin:  1126 11:19:34    -2397.346987        0.061910
MDMin:  1127 11:19:36    -2397.346987        0.061908
MDMin:  1128 11:19:37    -2397.346987        0.061907
MDMin:  1129 11:19:38    -2397.346987        0.061906
MDMin:  1130 11:19:40    -2397.346987        0.061905
MDMin:  1131 11:19:42    -2397.346987        0.061906
MDMin:  1132 11:19:43    -2397.346987        0.061907
MDMin:  1133 11:19:45    -2397.346987        0.061910
MDMin:  1134 11:19:47    -2397.346987        0.061915
MDMin:  1135 11:19:49    -2397.346987        0.061922
MDMin:  1136 11:19:51    -2397.346987        0.061930
MDMin:  1137 11:19:52    -2397.346987        0.061941
MDMin:  1138 11:19:54    -2397.346987        0.061952
MDMin:  1139 11:19:55    -2397.346987        0.061969
MDMin:  1140 11:19:57    -2397.346987        0.061983
MDMin:  1141 11:19:59    -2397.346987        0.062007
MDMin:  1142 11:20:01    -2397.346987        0.062021
MDMin:  1143 11:20:03    -2397.346987        0.062059
MDMin:  1144 11:20:05    -2397.346987        0.062064
MDMin:  1145 11:20:06    -2397.346987        0.062133
MDMin:  1146 11:20:08    -2397.346987        0.062100
MDMin:  1147 11:20:09    -2397.346987        0.062245
MDMin:  1148 11:20:11    -2397.346987        0.062110
MDMin:  1149 11:20:13    -2397.346987        0.062599
MDMin:  1150 11:20:15    -2397.346987        0.062186
MDMin:  1151 11:20:17    -2397.346987        0.062328
MDMin:  1152 11:20:18    -2397.346987        0.062293
MDMin:  1153 11:20:20    -2397.346987        0.062345
MDMin:  1154 11:20:21    -2397.346987        0.062358
MDMin:  1155 11:20:22    -2397.346987        0.062393
MDMin:  1156 11:20:24    -2397.346987        0.062419
MDMin:  1157 11:20:25    -2397.346987        0.062452
MDMin:  1158 11:20:27    -2397.346987        0.062484
MDMin:  1159 11:20:29    -2397.346987        0.062520
MDMin:  1160 11:20:30    -2397.346987        0.062556
MDMin:  1161 11:20:32    -2397.346987        0.062595
MDMin:  1162 11:20:34    -2397.346987        0.062636
MDMin:  1163 11:20:36    -2397.346987        0.062680
MDMin:  1164 11:20:38    -2397.346987        0.062725
MDMin:  1165 11:20:40    -2397.346987        0.062773
MDMin:  1166 11:20:42    -2397.346987        0.062823
MDMin:  1167 11:20:44    -2397.346987        0.062876
MDMin:  1168 11:20:46    -2397.346987        0.062932
MDMin:  1169 11:20:48    -2397.346987        0.062990
MDMin:  1170 11:20:50    -2397.346987        0.063052
MDMin:  1171 11:20:52    -2397.346987        0.063116
MDMin:  1172 11:20:53    -2397.346987        0.063183
MDMin:  1173 11:20:55    -2397.346987        0.063254
MDMin:  1174 11:20:56    -2397.346987        0.063328
MDMin:  1175 11:20:59    -2397.346987        0.063405
MDMin:  1176 11:21:01    -2397.346987        0.063486
MDMin:  1177 11:21:02    -2397.346987        0.063571
MDMin:  1178 11:21:04    -2397.346987        0.063660
MDMin:  1179 11:21:06    -2397.346987        0.063753
MDMin:  1180 11:21:08    -2397.346987        0.063851
MDMin:  1181 11:21:10    -2397.346987        0.063953
MDMin:  1182 11:21:11    -2397.346987        0.064059
MDMin:  1183 11:21:12    -2397.346987        0.064171
MDMin:  1184 11:21:15    -2397.346987        0.064287
MDMin:  1185 11:21:17    -2397.346987        0.064409
MDMin:  1186 11:21:18    -2397.346987        0.064536
MDMin:  1187 11:21:20    -2397.346987        0.064669
MDMin:  1188 11:21:23    -2397.346987        0.064808
MDMin:  1189 11:21:24    -2397.346987        0.064953
MDMin:  1190 11:21:26    -2397.346987        0.065104
MDMin:  1191 11:21:27    -2397.346987        0.065264
MDMin:  1192 11:21:28    -2397.346987        0.065427
MDMin:  1193 11:21:30    -2397.346987        0.065602
MDMin:  1194 11:21:32    -2397.346987        0.065779
MDMin:  1195 11:21:34    -2397.346987        0.065972
MDMin:  1196 11:21:35    -2397.346987        0.066160
MDMin:  1197 11:21:37    -2397.346987        0.066378
MDMin:  1198 11:21:39    -2397.346987        0.066569
MDMin:  1199 11:21:41    -2397.346987        0.066828
MDMin:  1200 11:21:42    -2397.346987        0.066998
MDMin:  1201 11:21:44    -2397.346987        0.067338
MDMin:  1202 11:21:46    -2397.346987        0.067414
MDMin:  1203 11:21:47    -2397.346987        0.067902
MDMin:  1204 11:21:49    -2397.346987        0.067785
MDMin:  1205 11:21:51    -2397.346987        0.068269
MDMin:  1206 11:21:52    -2397.346987        0.068216
MDMin:  1207 11:21:54    -2397.346987        0.068475
MDMin:  1208 11:21:56    -2397.346987        0.068579
MDMin:  1209 11:21:57    -2397.346987        0.068765
MDMin:  1210 11:21:59    -2397.346987        0.068919
MDMin:  1211 11:22:00    -2397.346987        0.069100
MDMin:  1212 11:22:02    -2397.346987        0.069276
MDMin:  1213 11:22:03    -2397.346987        0.069465
MDMin:  1214 11:22:05    -2397.346987        0.069657
MDMin:  1215 11:22:07    -2397.346987        0.069859
MDMin:  1216 11:22:09    -2397.346987        0.070066
MDMin:  1217 11:22:11    -2397.346987        0.070282
MDMin:  1218 11:22:13    -2397.346987        0.070505
MDMin:  1219 11:22:15    -2397.346987        0.070737
MDMin:  1220 11:22:17    -2397.346987        0.070977
MDMin:  1221 11:22:19    -2397.346987        0.071226
MDMin:  1222 11:22:20    -2397.346987        0.071483
MDMin:  1223 11:22:22    -2397.346987        0.071750
MDMin:  1224 11:22:24    -2397.346987        0.072027
MDMin:  1225 11:22:26    -2397.346987        0.072313
MDMin:  1226 11:22:28    -2397.346987        0.072610
MDMin:  1227 11:22:29    -2397.346987        0.072918
MDMin:  1228 11:22:31    -2397.346987        0.073237
MDMin:  1229 11:22:33    -2397.346987        0.073567
MDMin:  1230 11:22:35    -2397.346987        0.073909
MDMin:  1231 11:22:37    -2397.346987        0.074264
MDMin:  1232 11:22:39    -2397.346987        0.074632
MDMin:  1233 11:22:40    -2397.346987        0.075013
MDMin:  1234 11:22:42    -2397.346987        0.075407
MDMin:  1235 11:22:43    -2397.346987        0.075816
MDMin:  1236 11:22:44    -2397.346987        0.076240
MDMin:  1237 11:22:45    -2397.346987        0.076679
MDMin:  1238 11:22:47    -2397.346987        0.077134
MDMin:  1239 11:22:48    -2397.346987        0.077606
MDMin:  1240 11:22:50    -2397.346987        0.078095
MDMin:  1241 11:22:51    -2397.346987        0.078602
MDMin:  1242 11:22:53    -2397.346987        0.079126
MDMin:  1243 11:22:55    -2397.346987        0.079671
MDMin:  1244 11:22:57    -2397.346987        0.080235
MDMin:  1245 11:22:59    -2397.346987        0.080820
MDMin:  1246 11:23:00    -2397.346987        0.081425
MDMin:  1247 11:23:02    -2397.346987        0.082055
MDMin:  1248 11:23:04    -2397.346987        0.082704
MDMin:  1249 11:23:05    -2397.346987        0.083382
MDMin:  1250 11:23:06    -2397.346987        0.084077
MDMin:  1251 11:23:08    -2397.346987        0.084810
MDMin:  1252 11:23:10    -2397.346987        0.085551
MDMin:  1253 11:23:12    -2397.346987        0.086345
MDMin:  1254 11:23:14    -2397.346988        0.087129
MDMin:  1255 11:23:15    -2397.346988        0.088001
MDMin:  1256 11:23:17    -2397.346988        0.088811
MDMin:  1257 11:23:18    -2397.346988        0.089790
MDMin:  1258 11:23:20    -2397.346988        0.090576
MDMin:  1259 11:23:22    -2397.346988        0.091713
MDMin:  1260 11:23:24    -2397.346988        0.092339
MDMin:  1261 11:23:25    -2397.346988        0.093616
MDMin:  1262 11:23:27    -2397.346988        0.093959
MDMin:  1263 11:23:29    -2397.346988        0.095031
MDMin:  1264 11:23:30    -2397.346988        0.095434
MDMin:  1265 11:23:32    -2397.346988        0.096234
MDMin:  1266 11:23:34    -2397.346988        0.096820
MDMin:  1267 11:23:36    -2397.346988        0.097556
MDMin:  1268 11:23:38    -2397.346988        0.098239
MDMin:  1269 11:23:40    -2397.346988        0.098990
MDMin:  1270 11:23:42    -2397.346988        0.099737
MDMin:  1271 11:23:44    -2397.346988        0.100527
MDMin:  1272 11:23:45    -2397.346988        0.101331
MDMin:  1273 11:23:47    -2397.346988        0.102168
MDMin:  1274 11:23:49    -2397.346988        0.103027
MDMin:  1275 11:23:50    -2397.346988        0.103918
MDMin:  1276 11:23:51    -2397.346988        0.104834
MDMin:  1277 11:23:52    -2397.346988        0.105781
MDMin:  1278 11:23:54    -2397.346988        0.106756
MDMin:  1279 11:23:55    -2397.346988        0.107766
MDMin:  1280 11:23:56    -2397.346988        0.108810
MDMin:  1281 11:23:58    -2397.346988        0.109893
MDMin:  1282 11:23:59    -2397.346988        0.111015
MDMin:  1283 11:24:01    -2397.346988        0.112179
MDMin:  1284 11:24:03    -2397.346988        0.113386
MDMin:  1285 11:24:05    -2397.346988        0.114641
MDMin:  1286 11:24:07    -2397.346988        0.115943
MDMin:  1287 11:24:08    -2397.346988        0.117297
MDMin:  1288 11:24:10    -2397.346988        0.118703
MDMin:  1289 11:24:12    -2397.346988        0.120165
MDMin:  1290 11:24:14    -2397.346988        0.121684
MDMin:  1291 11:24:16    -2397.346988        0.123264
MDMin:  1292 11:24:17    -2397.346988        0.124907
MDMin:  1293 11:24:19    -2397.346988        0.126615
MDMin:  1294 11:24:21    -2397.346988        0.128391
MDMin:  1295 11:24:23    -2397.346988        0.130238
MDMin:  1296 11:24:25    -2397.346988        0.132159
MDMin:  1297 11:24:28    -2397.346988        0.134157
MDMin:  1298 11:24:30    -2397.346988        0.136235
MDMin:  1299 11:24:31    -2397.346988        0.138396
MDMin:  1300 11:24:33    -2397.346988        0.140642
MDMin:  1301 11:24:34    -2397.346988        0.142979
MDMin:  1302 11:24:36    -2397.346988        0.145408
MDMin:  1303 11:24:38    -2397.346988        0.147934
MDMin:  1304 11:24:39    -2397.346988        0.150560
MDMin:  1305 11:24:41    -2397.346988        0.153290
MDMin:  1306 11:24:43    -2397.346988        0.156127
MDMin:  1307 11:24:45    -2397.346988        0.159075
MDMin:  1308 11:24:46    -2397.346988        0.162138
MDMin:  1309 11:24:47    -2397.346988        0.165321
MDMin:  1310 11:24:49    -2397.346988        0.168627
MDMin:  1311 11:24:50    -2397.346988        0.172061
MDMin:  1312 11:24:51    -2397.346988        0.175626
MDMin:  1313 11:24:53    -2397.346988        0.179328
MDMin:  1314 11:24:54    -2397.346988        0.183170
MDMin:  1315 11:24:56    -2397.346988        0.187158
MDMin:  1316 11:24:58    -2397.346988        0.191296
MDMin:  1317 11:25:00    -2397.346988        0.195589
MDMin:  1318 11:25:02    -2397.346988        0.200042
MDMin:  1319 11:25:04    -2397.346988        0.204661
MDMin:  1320 11:25:05    -2397.346988        0.209449
MDMin:  1321 11:25:07    -2397.346988        0.214415
MDMin:  1322 11:25:09    -2397.346988        0.219562
MDMin:  1323 11:25:11    -2397.346988        0.224898
MDMin:  1324 11:25:13    -2397.346988        0.230429
MDMin:  1325 11:25:14    -2397.346988        0.236161
MDMin:  1326 11:25:16    -2397.346988        0.242102
MDMin:  1327 11:25:18    -2397.346988        0.248258
MDMin:  1328 11:25:20    -2397.346988        0.254639
MDMin:  1329 11:25:22    -2397.346988        0.261252
MDMin:  1330 11:25:23    -2397.346988        0.268106
MDMin:  1331 11:25:24    -2397.346988        0.275211
MDMin:  1332 11:25:26    -2397.346988        0.282576
MDMin:  1333 11:25:27    -2397.346988        0.290212
MDMin:  1334 11:25:29    -2397.346988        0.298129
MDMin:  1335 11:25:30    -2397.346988        0.306340
MDMin:  1336 11:25:31    -2397.346988        0.314856
MDMin:  1337 11:25:32    -2397.346988        0.323689
MDMin:  1338 11:25:34    -2397.346988        0.332854
MDMin:  1339 11:25:35    -2397.346988        0.342362
MDMin:  1340 11:25:36    -2397.346988        0.352227
MDMin:  1341 11:25:37    -2397.346988        0.362463
MDMin:  1342 11:25:38    -2397.346988        0.373083
MDMin:  1343 11:25:40    -2397.346988        0.384100
MDMin:  1344 11:25:41    -2397.346988        0.395528
MDMin:  1345 11:25:43    -2397.346988        0.407379
MDMin:  1346 11:25:45    -2397.346988        0.419663
MDMin:  1347 11:25:47    -2397.346988        0.432392
MDMin:  1348 11:25:49    -2397.346988        0.445573
MDMin:  1349 11:25:50    -2397.346988        0.459213
MDMin:  1350 11:25:52    -2397.346988        0.473318
MDMin:  1351 11:25:54    -2397.346988        0.487891
MDMin:  1352 11:25:56    -2397.346988        0.502938
MDMin:  1353 11:25:58    -2397.346988        0.518458
MDMin:  1354 11:25:59    -2397.346988        0.534452
MDMin:  1355 11:26:01    -2397.346988        0.550915
MDMin:  1356 11:26:03    -2397.346988        0.567842
MDMin:  1357 11:26:05    -2397.346988        0.585229
MDMin:  1358 11:26:07    -2397.346988        0.603069
MDMin:  1359 11:26:08    -2397.346988        0.621365
MDMin:  1360 11:26:10    -2397.346988        0.640126
MDMin:  1361 11:26:12    -2397.346988        0.659353
MDMin:  1362 11:26:14    -2397.346988        0.679066
MDMin:  1363 11:26:16    -2397.346988        0.699296
MDMin:  1364 11:26:17    -2397.346988        0.720089
MDMin:  1365 11:26:19    -2397.346988        0.741519
MDMin:  1366 11:26:21    -2397.346988        0.763691
MDMin:  1367 11:26:23    -2397.346988        0.786759
MDMin:  1368 11:26:25    -2397.346988        0.810940
MDMin:  1369 11:26:27    -2397.346988        0.836541
MDMin:  1370 11:26:29    -2397.346988        0.864002
MDMin:  1371 11:26:30    -2397.346988        0.893969
MDMin:  1372 11:26:31    -2397.346988        0.927431
MDMin:  1373 11:26:33    -2397.346988        0.966019
MDMin:  1374 11:26:34    -2397.346988        1.012763
MDMin:  1375 11:26:35    -2397.346988        1.074479
MDMin:  1376 11:26:37    -2397.346988        1.176517
MDMin:  1377 11:26:39    -2397.346988        2.547047
MDMin:  1378 11:26:41    -2397.346988        2.774800
MDMin:  1379 11:26:43    -2397.346988        2.876371
MDMin:  1380 11:26:44    -2397.346988        2.923901
MDMin:  1381 11:26:46    -2397.346988        2.937708
MDMin:  1382 11:26:47    -2397.346988        2.928005
MDMin:  1383 11:26:49    -2397.346988        2.901406
MDMin:  1384 11:26:51    -2397.346988        2.862502
MDMin:  1385 11:26:53    -2397.346988        2.814452
MDMin:  1386 11:26:55    -2397.346988        2.759347
MDMin:  1387 11:26:57    -2397.346988        2.698541
MDMin:  1388 11:26:58    -2397.346988        2.632913
MDMin:  1389 11:26:59    -2397.346988        2.563085
MDMin:  1390 11:27:01    -2397.346988        2.489541
MDMin:  1391 11:27:02    -2397.346988        2.412702
MDMin:  1392 11:27:03    -2397.346988        2.332943
MDMin:  1393 11:27:05    -2397.346988        2.250583
MDMin:  1394 11:27:07    -2397.346988        2.165870
MDMin:  1395 11:27:09    -2397.346988        2.078957
MDMin:  1396 11:27:10    -2397.346988        1.989896
MDMin:  1397 11:27:11    -2397.346988        1.898650
MDMin:  1398 11:27:12    -2397.346988        1.805232
MDMin:  1399 11:27:15    -2397.346988        1.709657
MDMin:  1400 11:27:16    -2397.346988        1.611952
MDMin:  1401 11:27:17    -2397.346988        1.512710
MDMin:  1402 11:27:19    -2397.346988        1.412589
MDMin:  1403 11:27:20    -2397.346988        1.312266
MDMin:  1404 11:27:21    -2397.346988        1.212485
MDMin:  1405 11:27:23    -2397.346988        1.113994
MDMin:  1406 11:27:25    -2397.346988        1.017477
MDMin:  1407 11:27:27    -2397.346988        0.923498
MDMin:  1408 11:27:28    -2397.346988        0.832457
MDMin:  1409 11:27:30    -2397.346988        0.744636
MDMin:  1410 11:27:31    -2397.346988        0.660250
MDMin:  1411 11:27:33    -2397.346988        0.579513
MDMin:  1412 11:27:35    -2397.346988        0.502576
MDMin:  1413 11:27:37    -2397.346988        0.429855
MDMin:  1414 11:27:39    -2397.346988        0.361507
MDMin:  1415 11:27:41    -2397.346988        0.306773
MDMin:  1416 11:27:43    -2397.346988        0.269607
MDMin:  1417 11:27:45    -2397.346988        0.230567
MDMin:  1418 11:27:46    -2397.346988        0.267115
MDMin:  1419 11:27:48    -2397.346988        0.494631
MDMin:  1420 11:27:49    -2397.346988        0.487843
MDMin:  1421 11:27:51    -2397.346988        0.467754
MDMin:  1422 11:27:52    -2397.346988        0.435225
MDMin:  1423 11:27:53    -2397.346988        0.391738
MDMin:  1424 11:27:55    -2397.346988        0.343515
MDMin:  1425 11:27:56    -2397.346988        0.303261
MDMin:  1426 11:27:57    -2397.346988        0.260390
MDMin:  1427 11:27:58    -2397.346988        0.217886
MDMin:  1428 11:28:00    -2397.346988        0.179838
MDMin:  1429 11:28:02    -2397.346988        0.156344
MDMin:  1430 11:28:04    -2397.346988        0.156467
MDMin:  1431 11:28:05    -2397.346988        0.155676
MDMin:  1432 11:28:07    -2397.346988        0.157869
MDMin:  1433 11:28:08    -2397.346988        0.160549
MDMin:  1434 11:28:10    -2397.346988        0.161618
MDMin:  1435 11:28:12    -2397.346988        0.161747
MDMin:  1436 11:28:13    -2397.346988        0.161369
MDMin:  1437 11:28:14    -2397.346988        0.160733
MDMin:  1438 11:28:15    -2397.346988        0.159965
MDMin:  1439 11:28:17    -2397.346988        0.159128
MDMin:  1440 11:28:19    -2397.346988        0.158247
MDMin:  1441 11:28:21    -2397.346988        0.157333
MDMin:  1442 11:28:23    -2397.346988        0.156391
MDMin:  1443 11:28:24    -2397.346988        0.155421
MDMin:  1444 11:28:26    -2397.346988        0.154424
MDMin:  1445 11:28:27    -2397.346988        0.153399
MDMin:  1446 11:28:28    -2397.346988        0.152347
MDMin:  1447 11:28:30    -2397.346988        0.151266
MDMin:  1448 11:28:31    -2397.346988        0.150157
MDMin:  1449 11:28:32    -2397.346988        0.149019
MDMin:  1450 11:28:34    -2397.346988        0.147850
MDMin:  1451 11:28:36    -2397.346988        0.146651
MDMin:  1452 11:28:37    -2397.346988        0.145420
MDMin:  1453 11:28:39    -2397.346988        0.144157
MDMin:  1454 11:28:41    -2397.346988        0.142860
MDMin:  1455 11:28:42    -2397.346988        0.141529
MDMin:  1456 11:28:43    -2397.346988        0.140162
MDMin:  1457 11:28:44    -2397.346988        0.138757
MDMin:  1458 11:28:46    -2397.346988        0.137314
MDMin:  1459 11:28:47    -2397.346988        0.135831
MDMin:  1460 11:28:49    -2397.346988        0.134306
MDMin:  1461 11:28:51    -2397.346988        0.132738
MDMin:  1462 11:28:53    -2397.346988        0.131126
MDMin:  1463 11:28:55    -2397.346988        0.129468
MDMin:  1464 11:28:57    -2397.346988        0.127762
MDMin:  1465 11:28:58    -2397.346988        0.126007
MDMin:  1466 11:29:00    -2397.346988        0.124202
MDMin:  1467 11:29:01    -2397.346988        0.122345
MDMin:  1468 11:29:03    -2397.346988        0.120434
MDMin:  1469 11:29:04    -2397.346988        0.118477
MDMin:  1470 11:29:06    -2397.346988        0.116478
MDMin:  1471 11:29:08    -2397.346988        0.114436
MDMin:  1472 11:29:09    -2397.346988        0.112353
MDMin:  1473 11:29:11    -2397.346988        0.110228
MDMin:  1474 11:29:13    -2397.346988        0.108064
MDMin:  1475 11:29:15    -2397.346988        0.105861
MDMin:  1476 11:29:16    -2397.346988        0.103622
MDMin:  1477 11:29:17    -2397.346988        0.101347
MDMin:  1478 11:29:19    -2397.346988        0.099043
MDMin:  1479 11:29:21    -2397.346988        0.096707
MDMin:  1480 11:29:23    -2397.346988        0.094350
MDMin:  1481 11:29:25    -2397.346988        0.091967
MDMin:  1482 11:29:27    -2397.346988        0.089569
MDMin:  1483 11:29:28    -2397.346988        0.087179
MDMin:  1484 11:29:29    -2397.346988        0.084699
MDMin:  1485 11:29:31    -2397.346988        0.082609
MDMin:  1486 11:29:33    -2397.346988        0.079504
MDMin:  1487 11:29:34    -2397.346988        0.082814
MDMin:  1488 11:29:36    -2397.346988        0.085786
MDMin:  1489 11:29:37    -2397.346988        0.114641
MDMin:  1490 11:29:39    -2397.346988        0.083116
MDMin:  1491 11:29:41    -2397.346988        0.074795
MDMin:  1492 11:29:43    -2397.346988        0.073152
MDMin:  1493 11:29:45    -2397.346988        0.072499
MDMin:  1494 11:29:47    -2397.346988        0.072010
MDMin:  1495 11:29:48    -2397.346988        0.071543
MDMin:  1496 11:29:50    -2397.346988        0.071072
MDMin:  1497 11:29:51    -2397.346988        0.070592
MDMin:  1498 11:29:53    -2397.346988        0.070103
MDMin:  1499 11:29:55    -2397.346988        0.069606
MDMin:  1500 11:29:57    -2397.346988        0.069102
MDMin:  1501 11:29:58    -2397.346988        0.068590
MDMin:  1502 11:30:00    -2397.346988        0.068071
MDMin:  1503 11:30:01    -2397.346988        0.067547
MDMin:  1504 11:30:03    -2397.346988        0.067016
MDMin:  1505 11:30:04    -2397.346988        0.066480
MDMin:  1506 11:30:05    -2397.346988        0.065940
MDMin:  1507 11:30:07    -2397.346988        0.065395
MDMin:  1508 11:30:08    -2397.346988        0.064847
MDMin:  1509 11:30:10    -2397.346988        0.064296
MDMin:  1510 11:30:12    -2397.346988        0.063743
MDMin:  1511 11:30:14    -2397.346988        0.063189
MDMin:  1512 11:30:16    -2397.346988        0.062633
MDMin:  1513 11:30:17    -2397.346988        0.062077
MDMin:  1514 11:30:19    -2397.346988        0.061521
MDMin:  1515 11:30:20    -2397.346988        0.060967
MDMin:  1516 11:30:21    -2397.346988        0.060415
MDMin:  1517 11:30:22    -2397.346988        0.059865
MDMin:  1518 11:30:24    -2397.346988        0.059318
MDMin:  1519 11:30:25    -2397.346988        0.058775
MDMin:  1520 11:30:27    -2397.346988        0.058237
MDMin:  1521 11:30:29    -2397.346988        0.057704
MDMin:  1522 11:30:31    -2397.346988        0.057177
MDMin:  1523 11:30:32    -2397.346988        0.056657
MDMin:  1524 11:30:34    -2397.346988        0.056145
MDMin:  1525 11:30:36    -2397.346988        0.055641
MDMin:  1526 11:30:37    -2397.346988        0.055145
MDMin:  1527 11:30:39    -2397.346988        0.054659
MDMin:  1528 11:30:40    -2397.346988        0.054183
MDMin:  1529 11:30:42    -2397.346988        0.053718
MDMin:  1530 11:30:43    -2397.346988        0.053264
MDMin:  1531 11:30:44    -2397.346988        0.052822
MDMin:  1532 11:30:45    -2397.346988        0.052392
MDMin:  1533 11:30:47    -2397.346988        0.051974
MDMin:  1534 11:30:49    -2397.346988        0.051570
MDMin:  1535 11:30:50    -2397.346988        0.051179
MDMin:  1536 11:30:52    -2397.346988        0.050802
MDMin:  1537 11:30:53    -2397.346988        0.050439
MDMin:  1538 11:30:54    -2397.346988        0.050091
MDMin:  1539 11:30:55    -2397.346988        0.049757
