       Step     Time          Energy          fmax
MDMin:    0 10:36:21    -2393.694342        7.237100
MDMin:    1 10:36:23    -2393.698579        7.080526
MDMin:    2 10:36:25    -2393.710814        7.428485
MDMin:    3 10:36:26    -2393.729721        7.532313
MDMin:    4 10:36:27    -2393.753845        7.496243
MDMin:    5 10:36:29    -2393.782111        6.719692
MDMin:    6 10:36:31    -2393.814249        7.162908
MDMin:    7 10:36:32    -2393.849936        4.915999
MDMin:    8 10:36:34    -2393.892911        6.178903
MDMin:    9 10:36:36    -2393.942802        3.244478
MDMin:   10 10:36:38    -2394.019393        4.841261
MDMin:   11 10:36:40    -2394.121621        3.535962
MDMin:   12 10:36:42    -2394.281469        1.764887
MDMin:   13 10:36:44    -2394.514906        2.193589
MDMin:   14 10:36:46    -2394.691472        3.057510
MDMin:   15 10:36:47    -2394.829332        3.390568
MDMin:   16 10:36:49    -2395.002655        3.149746
MDMin:   17 10:36:51    -2395.231911        2.586594
MDMin:   18 10:36:53    -2395.519624        2.128258
MDMin:   19 10:36:54    -2395.831639        1.810518
MDMin:   20 10:36:56    -2395.973048        1.922673
MDMin:   21 10:36:57    -2396.081443        1.737954
MDMin:   22 10:36:58    -2396.188909        1.426976
MDMin:   23 10:37:00    -2396.283132        1.357804
MDMin:   24 10:37:01    -2396.325106        1.257860
MDMin:   25 10:37:02    -2396.359898        1.231941
MDMin:   26 10:37:04    -2396.400960        1.253298
MDMin:   27 10:37:05    -2396.449778        1.291069
MDMin:   28 10:37:07    -2396.507948        1.345464
MDMin:   29 10:37:08    -2396.577387        1.412288
MDMin:   30 10:37:10    -2396.659789        1.478165
MDMin:   31 10:37:12    -2396.755421        1.517954
MDMin:   32 10:37:13    -2396.861424        1.498227
MDMin:   33 10:37:14    -2396.970666        1.390294
MDMin:   34 10:37:15    -2397.034997        1.186837
MDMin:   35 10:37:17    -2397.081951        0.946990
MDMin:   36 10:37:18    -2397.111564        0.727842
MDMin:   37 10:37:20    -2397.131599        0.730038
MDMin:   38 10:37:22    -2397.146677        1.273638
MDMin:   39 10:37:23    -2397.149594        0.695373
MDMin:   40 10:37:24    -2397.154116        0.526603
MDMin:   41 10:37:26    -2397.159581        0.522565
MDMin:   42 10:37:27    -2397.165886        0.517911
MDMin:   43 10:37:29    -2397.173031        0.512624
MDMin:   44 10:37:30    -2397.181012        0.506685
MDMin:   45 10:37:32    -2397.189822        0.500068
MDMin:   46 10:37:33    -2397.199450        0.492737
MDMin:   47 10:37:34    -2397.209883        0.484800
MDMin:   48 10:37:35    -2397.221105        0.479124
MDMin:   49 10:37:37    -2397.233102        0.476529
MDMin:   50 10:37:38    -2397.245861        0.488436
MDMin:   51 10:37:40    -2397.259382        0.498712
MDMin:   52 10:37:42    -2397.273679        0.506329
MDMin:   53 10:37:44    -2397.288791        0.510601
MDMin:   54 10:37:46    -2397.304773        0.511310
MDMin:   55 10:37:47    -2397.317709        0.963358
MDMin:   56 10:37:48    -2397.318550        0.956656
MDMin:   57 10:37:50    -2397.319399        0.945356
MDMin:   58 10:37:52    -2397.320289        0.927354
MDMin:   59 10:37:54    -2397.321229        0.901477
MDMin:   60 10:37:56    -2397.322218        0.867580
MDMin:   61 10:37:58    -2397.323253        0.826885
MDMin:   62 10:38:00    -2397.324320        0.782160
MDMin:   63 10:38:02    -2397.325385        0.737414
MDMin:   64 10:38:04    -2397.326387        0.773946
MDMin:   65 10:38:06    -2397.327270        0.815779
MDMin:   66 10:38:08    -2397.328054        0.848427
MDMin:   67 10:38:09    -2397.328815        0.874657
MDMin:   68 10:38:10    -2397.329608        0.895270
MDMin:   69 10:38:12    -2397.330455        0.909001
MDMin:   70 10:38:14    -2397.331365        0.913794
MDMin:   71 10:38:15    -2397.332342        0.907316
MDMin:   72 10:38:16    -2397.333387        0.887271
MDMin:   73 10:38:18    -2397.334499        0.875215
MDMin:   74 10:38:19    -2397.335670        0.920238
MDMin:   75 10:38:20    -2397.336882        0.955118
MDMin:   76 10:38:22    -2397.338087        0.975763
MDMin:   77 10:38:24    -2397.338798        0.980873
MDMin:   78 10:38:26    -2397.339584        0.974598
MDMin:   79 10:38:28    -2397.340246        0.960808
MDMin:   80 10:38:29    -2397.340645        0.939511
MDMin:   81 10:38:30    -2397.341372        0.909126
MDMin:   82 10:38:32    -2397.341660        0.865824
MDMin:   83 10:38:34    -2397.342503        0.813725
MDMin:   84 10:38:36    -2397.342787        0.753894
MDMin:   85 10:38:37    -2397.343623        0.690569
MDMin:   86 10:38:39    -2397.343765        0.627188
MDMin:   87 10:38:41    -2397.344609        0.584417
MDMin:   88 10:38:42    -2397.345002        0.556037
MDMin:   89 10:38:44    -2397.345424        0.557794
MDMin:   90 10:38:46    -2397.346027        0.558861
MDMin:   91 10:38:47    -2397.346017        0.559241
MDMin:   92 10:38:49    -2397.346639        0.558962
MDMin:   93 10:38:50    -2397.347046        0.731014
MDMin:   94 10:38:52    -2397.345875        0.556333
MDMin:   95 10:38:53    -2397.346659        0.553924
MDMin:   96 10:38:54    -2397.346555        0.550064
MDMin:   97 10:38:55    -2397.347003        0.545063
MDMin:   98 10:38:57    -2397.347487        0.537603
MDMin:   99 10:38:58    -2397.348010        0.526620
MDMin:  100 10:39:00    -2397.348528        0.730622
MDMin:  101 10:39:01    -2397.347383        0.520084
MDMin:  102 10:39:02    -2397.347905        0.538319
MDMin:  103 10:39:03    -2397.348237        0.554851
MDMin:  104 10:39:05    -2397.348596        0.571619
MDMin:  105 10:39:06    -2397.348985        0.587179
MDMin:  106 10:39:07    -2397.349402        0.599478
MDMin:  107 10:39:08    -2397.349353        0.739878
MDMin:  108 10:39:09    -2397.348879        0.604541
MDMin:  109 10:39:11    -2397.349085        0.598862
MDMin:  110 10:39:13    -2397.349335        0.588632
MDMin:  111 10:39:14    -2397.349606        0.572206
MDMin:  112 10:39:15    -2397.349902        0.580464
MDMin:  113 10:39:17    -2397.350046        0.725871
MDMin:  114 10:39:19    -2397.349898        0.601252
MDMin:  115 10:39:21    -2397.350054        0.607873
MDMin:  116 10:39:23    -2397.350227        0.615142
MDMin:  117 10:39:25    -2397.350418        0.622902
MDMin:  118 10:39:27    -2397.350571        0.719172
MDMin:  119 10:39:29    -2397.350362        0.635662
MDMin:  120 10:39:31    -2397.350468        0.639880
MDMin:  121 10:39:33    -2397.350588        0.644562
MDMin:  122 10:39:35    -2397.350723        0.649637
MDMin:  123 10:39:37    -2397.350871        0.655163
MDMin:  124 10:39:38    -2397.350697        0.723378
MDMin:  125 10:39:40    -2397.350781        0.664852
MDMin:  126 10:39:42    -2397.350858        0.668399
MDMin:  127 10:39:44    -2397.350945        0.672527
MDMin:  128 10:39:46    -2397.351042        0.677232
MDMin:  129 10:39:47    -2397.350926        0.715592
MDMin:  130 10:39:49    -2397.350923        0.685910
MDMin:  131 10:39:50    -2397.350974        0.689238
MDMin:  132 10:39:52    -2397.351032        0.692987
MDMin:  133 10:39:53    -2397.351097        0.696984
MDMin:  134 10:39:55    -2397.351145        0.709411
MDMin:  135 10:39:56    -2397.350956        0.703126
MDMin:  136 10:39:57    -2397.350987        0.704837
MDMin:  137 10:39:59    -2397.351022        0.706011
MDMin:  138 10:40:00    -2397.351062        0.706034
MDMin:  139 10:40:01    -2397.351107        0.704044
MDMin:  140 10:40:03    -2397.351155        0.698891
MDMin:  141 10:40:04    -2397.351073        0.719903
MDMin:  142 10:40:06    -2397.350980        0.679902
MDMin:  143 10:40:07    -2397.350988        0.668560
MDMin:  144 10:40:09    -2397.350998        0.653174
MDMin:  145 10:40:11    -2397.351009        0.632995
MDMin:  146 10:40:12    -2397.351024        0.607471
MDMin:  147 10:40:14    -2397.351041        0.582910
MDMin:  148 10:40:16    -2397.351060        0.598350
MDMin:  149 10:40:18    -2397.350920        0.730548
MDMin:  150 10:40:20    -2397.350864        0.627931
MDMin:  151 10:40:21    -2397.350839        0.640283
MDMin:  152 10:40:23    -2397.350813        0.654550
MDMin:  153 10:40:24    -2397.350790        0.670859
MDMin:  154 10:40:26    -2397.350769        0.689265
MDMin:  155 10:40:27    -2397.350751        0.709677
MDMin:  156 10:40:29    -2397.350737        0.731763
MDMin:  157 10:40:31    -2397.350726        0.754859
MDMin:  158 10:40:33    -2397.350718        0.777894
MDMin:  159 10:40:35    -2397.350713        0.799390
MDMin:  160 10:40:37    -2397.350711        0.817557
MDMin:  161 10:40:39    -2397.350712        0.830515
MDMin:  162 10:40:41    -2397.350685        0.836994
MDMin:  163 10:40:42    -2397.350550        0.836780
MDMin:  164 10:40:43    -2397.350472        0.832930
MDMin:  165 10:40:45    -2397.350402        0.824699
MDMin:  166 10:40:47    -2397.350340        0.810813
MDMin:  167 10:40:49    -2397.350287        0.789772
MDMin:  168 10:40:51    -2397.350243        0.760367
MDMin:  169 10:40:53    -2397.350207        0.723045
MDMin:  170 10:40:54    -2397.350179        0.681252
MDMin:  171 10:40:56    -2397.350161        0.643827
MDMin:  172 10:40:58    -2397.350149        0.614444
MDMin:  173 10:41:00    -2397.350139        0.586200
MDMin:  174 10:41:02    -2397.350130        0.579953
MDMin:  175 10:41:04    -2397.350120        0.583489
MDMin:  176 10:41:06    -2397.350111        0.587072
MDMin:  177 10:41:07    -2397.350100        0.590896
MDMin:  178 10:41:09    -2397.350090        0.595341
MDMin:  179 10:41:10    -2397.350078        0.601000
MDMin:  180 10:41:12    -2397.350064        0.608718
MDMin:  181 10:41:13    -2397.350048        0.619421
MDMin:  182 10:41:14    -2397.350030        0.633718
MDMin:  183 10:41:15    -2397.350009        0.650493
MDMin:  184 10:41:16    -2397.349990        0.667118
MDMin:  185 10:41:18    -2397.349972        0.682930
MDMin:  186 10:41:20    -2397.349952        0.700099
MDMin:  187 10:41:22    -2397.349930        0.719801
MDMin:  188 10:41:24    -2397.349903        0.742324
MDMin:  189 10:41:26    -2397.349871        0.767129
MDMin:  190 10:41:27    -2397.349834        0.793007
MDMin:  191 10:41:29    -2397.349791        0.817821
MDMin:  192 10:41:30    -2397.349741        0.838739
MDMin:  193 10:41:31    -2397.349684        0.852581
MDMin:  194 10:41:32    -2397.349618        0.856841
MDMin:  195 10:41:33    -2397.349545        0.850666
MDMin:  196 10:41:35    -2397.349465        0.835560
MDMin:  197 10:41:36    -2397.349382        0.815508
MDMin:  198 10:41:37    -2397.349305        0.795590
MDMin:  199 10:41:39    -2397.349242        0.779420
MDMin:  200 10:41:40    -2397.349184        0.765154
MDMin:  201 10:41:41    -2397.349124        0.750626
MDMin:  202 10:41:43    -2397.349058        0.734970
MDMin:  203 10:41:45    -2397.348984        0.729709
MDMin:  204 10:41:46    -2397.348903        0.731448
MDMin:  205 10:41:48    -2397.348815        0.731410
MDMin:  206 10:41:49    -2397.348719        0.729331
MDMin:  207 10:41:51    -2397.348617        0.724993
MDMin:  208 10:41:53    -2397.348510        0.718304
MDMin:  209 10:41:54    -2397.348407        0.709761
MDMin:  210 10:41:56    -2397.348321        0.701043
MDMin:  211 10:41:58    -2397.348260        0.693991
MDMin:  212 10:42:00    -2397.348205        0.687090
MDMin:  213 10:42:01    -2397.348147        0.679327
MDMin:  214 10:42:03    -2397.348083        0.670392
MDMin:  215 10:42:05    -2397.348013        0.660230
MDMin:  216 10:42:07    -2397.347937        0.648877
MDMin:  217 10:42:09    -2397.347857        0.636558
MDMin:  218 10:42:11    -2397.347772        0.623725
MDMin:  219 10:42:12    -2397.347686        0.611226
MDMin:  220 10:42:14    -2397.347602        0.600376
MDMin:  221 10:42:15    -2397.347532        0.592905
MDMin:  222 10:42:17    -2397.347485        0.588974
MDMin:  223 10:42:19    -2397.347446        0.586619
MDMin:  224 10:42:21    -2397.347406        0.585210
MDMin:  225 10:42:22    -2397.347363        0.585090
MDMin:  226 10:42:23    -2397.347317        0.586809
MDMin:  227 10:42:25    -2397.347269        0.590971
MDMin:  228 10:42:27    -2397.347220        0.598127
MDMin:  229 10:42:28    -2397.347170        0.608579
MDMin:  230 10:42:30    -2397.347121        0.622117
MDMin:  231 10:42:31    -2397.347073        0.637643
MDMin:  232 10:42:32    -2397.347028        0.652983
MDMin:  233 10:42:34    -2397.346987        0.665060
MDMin:  234 10:42:35    -2397.346954        0.671381
MDMin:  235 10:42:37    -2397.346929        0.672239
MDMin:  236 10:42:39    -2397.346911        0.670264
MDMin:  237 10:42:40    -2397.346896        0.666461
MDMin:  238 10:42:42    -2397.346881        0.660679
MDMin:  239 10:42:44    -2397.346866        0.652855
MDMin:  240 10:42:46    -2397.346852        0.643150
MDMin:  241 10:42:47    -2397.346839        0.631966
MDMin:  242 10:42:49    -2397.346828        0.619815
MDMin:  243 10:42:51    -2397.346819        0.607255
MDMin:  244 10:42:53    -2397.346813        0.594790
MDMin:  245 10:42:55    -2397.346810        0.583047
MDMin:  246 10:42:56    -2397.346811        0.572956
MDMin:  247 10:42:58    -2397.346812        0.565755
MDMin:  248 10:42:59    -2397.346815        0.560615
MDMin:  249 10:43:01    -2397.346818        0.555769
MDMin:  250 10:43:03    -2397.346823        0.550799
MDMin:  251 10:43:05    -2397.346829        0.545756
MDMin:  252 10:43:06    -2397.346837        0.540766
MDMin:  253 10:43:07    -2397.346847        0.535994
MDMin:  254 10:43:09    -2397.346860        0.531600
MDMin:  255 10:43:10    -2397.346875        0.527775
MDMin:  256 10:43:11    -2397.346894        0.524647
MDMin:  257 10:43:13    -2397.346915        0.522225
MDMin:  258 10:43:14    -2397.346937        0.520470
MDMin:  259 10:43:15    -2397.346955        0.519250
MDMin:  260 10:43:17    -2397.346969        0.518325
MDMin:  261 10:43:19    -2397.346982        0.517315
MDMin:  262 10:43:21    -2397.346998        0.515990
MDMin:  263 10:43:22    -2397.347016        0.514127
MDMin:  264 10:43:24    -2397.347037        0.511407
MDMin:  265 10:43:25    -2397.347060        0.507397
MDMin:  266 10:43:27    -2397.347086        0.501520
MDMin:  267 10:43:28    -2397.347115        0.493091
MDMin:  268 10:43:30    -2397.347148        0.481365
MDMin:  269 10:43:32    -2397.347184        0.465784
MDMin:  270 10:43:33    -2397.347222        0.446467
MDMin:  271 10:43:34    -2397.347260        0.425823
MDMin:  272 10:43:36    -2397.347289        0.408876
MDMin:  273 10:43:37    -2397.347310        0.396380
MDMin:  274 10:43:38    -2397.347331        0.383695
MDMin:  275 10:43:39    -2397.347356        0.376079
MDMin:  276 10:43:40    -2397.347383        0.377793
MDMin:  277 10:43:42    -2397.347414        0.377944
MDMin:  278 10:43:44    -2397.347450        0.376028
MDMin:  279 10:43:45    -2397.347489        0.371565
MDMin:  280 10:43:46    -2397.347533        0.364163
MDMin:  281 10:43:47    -2397.347581        0.353633
MDMin:  282 10:43:48    -2397.347634        0.340153
MDMin:  283 10:43:50    -2397.347688        0.325079
MDMin:  284 10:43:52    -2397.347732        0.382113
MDMin:  285 10:43:54    -2397.347758        0.304538
MDMin:  286 10:43:56    -2397.347783        0.297036
MDMin:  287 10:43:58    -2397.347812        0.288564
MDMin:  288 10:43:59    -2397.347845        0.279001
MDMin:  289 10:44:00    -2397.347883        0.271754
MDMin:  290 10:44:02    -2397.347925        0.269178
MDMin:  291 10:44:04    -2397.347973        0.266092
MDMin:  292 10:44:06    -2397.348026        0.262475
MDMin:  293 10:44:07    -2397.348085        0.258337
MDMin:  294 10:44:09    -2397.348150        0.253724
MDMin:  295 10:44:11    -2397.348221        0.248767
MDMin:  296 10:44:12    -2397.348293        0.268399
MDMin:  297 10:44:13    -2397.348351        0.323762
MDMin:  298 10:44:15    -2397.348381        0.238078
MDMin:  299 10:44:16    -2397.348411        0.236179
MDMin:  300 10:44:18    -2397.348446        0.234082
MDMin:  301 10:44:20    -2397.348485        0.231806
MDMin:  302 10:44:21    -2397.348530        0.229382
MDMin:  303 10:44:23    -2397.348580        0.226852
MDMin:  304 10:44:24    -2397.348635        0.224261
MDMin:  305 10:44:25    -2397.348697        0.221667
MDMin:  306 10:44:27    -2397.348764        0.219132
MDMin:  307 10:44:28    -2397.348837        0.216724
MDMin:  308 10:44:30    -2397.348916        0.214518
MDMin:  309 10:44:32    -2397.349002        0.212595
MDMin:  310 10:44:34    -2397.349092        0.211043
MDMin:  311 10:44:36    -2397.349180        0.242821
MDMin:  312 10:44:37    -2397.349244        0.294738
MDMin:  313 10:44:39    -2397.349280        0.214869
MDMin:  314 10:44:41    -2397.349317        0.219477
MDMin:  315 10:44:42    -2397.349360        0.224875
MDMin:  316 10:44:43    -2397.349408        0.231164
MDMin:  317 10:44:45    -2397.349462        0.238427
MDMin:  318 10:44:47    -2397.349520        0.246753
MDMin:  319 10:44:48    -2397.349585        0.256226
MDMin:  320 10:44:49    -2397.349654        0.266915
MDMin:  321 10:44:51    -2397.349729        0.278850
MDMin:  322 10:44:53    -2397.349809        0.291973
MDMin:  323 10:44:55    -2397.349895        0.306047
MDMin:  324 10:44:57    -2397.349985        0.320496
MDMin:  325 10:44:59    -2397.350079        0.334120
MDMin:  326 10:45:01    -2397.350178        0.344749
MDMin:  327 10:45:03    -2397.350281        0.349147
MDMin:  328 10:45:04    -2397.350385        0.344480
MDMin:  329 10:45:05    -2397.350478        0.332823
MDMin:  330 10:45:06    -2397.350542        0.322149
MDMin:  331 10:45:07    -2397.350591        0.313664
MDMin:  332 10:45:09    -2397.350642        0.304602
MDMin:  333 10:45:11    -2397.350700        0.294744
MDMin:  334 10:45:13    -2397.350764        0.284405
MDMin:  335 10:45:15    -2397.350836        0.273964
MDMin:  336 10:45:17    -2397.350916        0.263744
MDMin:  337 10:45:19    -2397.351003        0.253984
MDMin:  338 10:45:20    -2397.351099        0.244804
MDMin:  339 10:45:21    -2397.351203        0.244933
MDMin:  340 10:45:23    -2397.351315        0.244437
MDMin:  341 10:45:24    -2397.351435        0.243069
MDMin:  342 10:45:26    -2397.351557        0.240863
MDMin:  343 10:45:28    -2397.351659        0.268278
MDMin:  344 10:45:30    -2397.351723        0.236635
MDMin:  345 10:45:32    -2397.351780        0.234907
MDMin:  346 10:45:34    -2397.351844        0.232859
MDMin:  347 10:45:36    -2397.351917        0.230402
MDMin:  348 10:45:38    -2397.351999        0.227484
MDMin:  349 10:45:40    -2397.352090        0.224063
MDMin:  350 10:45:42    -2397.352192        0.220102
MDMin:  351 10:45:44    -2397.352305        0.215573
MDMin:  352 10:45:45    -2397.352430        0.210465
MDMin:  353 10:45:47    -2397.352567        0.204786
MDMin:  354 10:45:48    -2397.352716        0.198590
MDMin:  355 10:45:49    -2397.352876        0.192062
MDMin:  356 10:45:50    -2397.353032        0.222695
MDMin:  357 10:45:52    -2397.352952        0.213289
MDMin:  358 10:45:54    -2397.352905        0.192212
MDMin:  359 10:45:56    -2397.352854        0.193191
MDMin:  360 10:45:58    -2397.352794        0.194249
MDMin:  361 10:46:00    -2397.352724        0.195378
MDMin:  362 10:46:01    -2397.352643        0.196566
MDMin:  363 10:46:03    -2397.352551        0.197802
MDMin:  364 10:46:04    -2397.352447        0.199073
MDMin:  365 10:46:05    -2397.352330        0.200371
MDMin:  366 10:46:06    -2397.352200        0.201689
MDMin:  367 10:46:08    -2397.352058        0.203024
MDMin:  368 10:46:09    -2397.351903        0.204374
MDMin:  369 10:46:10    -2397.351737        0.205729
MDMin:  370 10:46:11    -2397.351571        0.207016
MDMin:  371 10:46:13    -2397.351438        0.253729
MDMin:  372 10:46:14    -2397.351364        0.208471
MDMin:  373 10:46:16    -2397.351294        0.208936
MDMin:  374 10:46:18    -2397.351215        0.209474
MDMin:  375 10:46:20    -2397.351127        0.210098
MDMin:  376 10:46:22    -2397.351029        0.210820
MDMin:  377 10:46:23    -2397.350922        0.211652
MDMin:  378 10:46:24    -2397.350806        0.212611
MDMin:  379 10:46:26    -2397.350680        0.213716
MDMin:  380 10:46:27    -2397.350546        0.214992
MDMin:  381 10:46:29    -2397.350404        0.216469
MDMin:  382 10:46:30    -2397.350255        0.218179
MDMin:  383 10:46:32    -2397.350099        0.220155
MDMin:  384 10:46:34    -2397.349942        0.222392
MDMin:  385 10:46:36    -2397.349795        0.229197
MDMin:  386 10:46:37    -2397.349691        0.232157
MDMin:  387 10:46:39    -2397.349632        0.227481
MDMin:  388 10:46:41    -2397.349570        0.228609
MDMin:  389 10:46:42    -2397.349502        0.229949
MDMin:  390 10:46:43    -2397.349427        0.231532
MDMin:  391 10:46:45    -2397.349345        0.233385
MDMin:  392 10:46:47    -2397.349257        0.235540
MDMin:  393 10:46:48    -2397.349163        0.238030
MDMin:  394 10:46:50    -2397.349064        0.240889
MDMin:  395 10:46:52    -2397.348961        0.244156
MDMin:  396 10:46:53    -2397.348855        0.247865
MDMin:  397 10:46:55    -2397.348746        0.252052
MDMin:  398 10:46:56    -2397.348635        0.256736
MDMin:  399 10:46:58    -2397.348524        0.261902
MDMin:  400 10:46:59    -2397.348417        0.267346
MDMin:  401 10:47:01    -2397.348327        0.272345
MDMin:  402 10:47:03    -2397.348270        0.275630
MDMin:  403 10:47:05    -2397.348230        0.278050
MDMin:  404 10:47:07    -2397.348187        0.280682
MDMin:  405 10:47:09    -2397.348141        0.283675
MDMin:  406 10:47:11    -2397.348091        0.287038
MDMin:  407 10:47:13    -2397.348038        0.290769
MDMin:  408 10:47:14    -2397.347983        0.294848
MDMin:  409 10:47:15    -2397.347925        0.299242
MDMin:  410 10:47:17    -2397.347866        0.303902
MDMin:  411 10:47:18    -2397.347806        0.308755
MDMin:  412 10:47:19    -2397.347746        0.313704
MDMin:  413 10:47:21    -2397.347685        0.318624
MDMin:  414 10:47:23    -2397.347626        0.323346
MDMin:  415 10:47:24    -2397.347568        0.327654
MDMin:  416 10:47:26    -2397.347514        0.331280
MDMin:  417 10:47:27    -2397.347465        0.333929
MDMin:  418 10:47:29    -2397.347426        0.335392
MDMin:  419 10:47:31    -2397.347399        0.335995
MDMin:  420 10:47:32    -2397.347376        0.336222
MDMin:  421 10:47:34    -2397.347352        0.336165
MDMin:  422 10:47:35    -2397.347328        0.335744
MDMin:  423 10:47:36    -2397.347302        0.334840
MDMin:  424 10:47:38    -2397.347276        0.333305
MDMin:  425 10:47:40    -2397.347249        0.330965
MDMin:  426 10:47:42    -2397.347221        0.345450
MDMin:  427 10:47:44    -2397.347194        0.369585
MDMin:  428 10:47:46    -2397.347167        0.397297
MDMin:  429 10:47:48    -2397.347141        0.428519
MDMin:  430 10:47:50    -2397.347117        0.462289
MDMin:  431 10:47:52    -2397.347095        0.496095
MDMin:  432 10:47:54    -2397.347078        0.525164
MDMin:  433 10:47:55    -2397.347066        0.547400
MDMin:  434 10:47:56    -2397.347055        0.566629
MDMin:  435 10:47:57    -2397.347045        0.585577
MDMin:  436 10:47:59    -2397.347034        0.604366
MDMin:  437 10:48:00    -2397.347024        0.622319
MDMin:  438 10:48:01    -2397.347013        0.638410
MDMin:  439 10:48:02    -2397.347002        0.651545
MDMin:  440 10:48:04    -2397.346992        0.660680
MDMin:  441 10:48:06    -2397.346982        0.665025
MDMin:  442 10:48:08    -2397.346973        0.664194
MDMin:  443 10:48:10    -2397.346965        0.658481
MDMin:  444 10:48:12    -2397.346959        0.649515
MDMin:  445 10:48:14    -2397.346955        0.640541
MDMin:  446 10:48:15    -2397.346953        0.633214
MDMin:  447 10:48:17    -2397.346951        0.625677
MDMin:  448 10:48:18    -2397.346949        0.617111
MDMin:  449 10:48:20    -2397.346947        0.607366
MDMin:  450 10:48:22    -2397.346946        0.596507
MDMin:  451 10:48:23    -2397.346946        0.584645
MDMin:  452 10:48:24    -2397.346947        0.572002
MDMin:  453 10:48:26    -2397.346949        0.558824
MDMin:  454 10:48:27    -2397.346953        0.545276
MDMin:  455 10:48:28    -2397.346958        0.531611
MDMin:  456 10:48:30    -2397.346964        0.519129
MDMin:  457 10:48:32    -2397.346970        0.509943
MDMin:  458 10:48:34    -2397.346974        0.503049
MDMin:  459 10:48:35    -2397.346979        0.495717
MDMin:  460 10:48:37    -2397.346986        0.487260
MDMin:  461 10:48:39    -2397.346993        0.477384
MDMin:  462 10:48:41    -2397.347002        0.465820
MDMin:  463 10:48:43    -2397.347014        0.452239
MDMin:  464 10:48:44    -2397.347027        0.436290
MDMin:  465 10:48:46    -2397.347043        0.417605
MDMin:  466 10:48:48    -2397.347063        0.395970
MDMin:  467 10:48:49    -2397.347085        0.371623
MDMin:  468 10:48:50    -2397.347110        0.346751
MDMin:  469 10:48:51    -2397.347130        0.327664
MDMin:  470 10:48:53    -2397.347141        0.317126
MDMin:  471 10:48:54    -2397.347154        0.306282
MDMin:  472 10:48:55    -2397.347169        0.294011
MDMin:  473 10:48:57    -2397.347187        0.280280
MDMin:  474 10:48:58    -2397.347207        0.267440
MDMin:  475 10:48:59    -2397.347232        0.260205
MDMin:  476 10:49:01    -2397.347260        0.251470
MDMin:  477 10:49:02    -2397.347293        0.241079
MDMin:  478 10:49:03    -2397.347331        0.228949
MDMin:  479 10:49:04    -2397.347376        0.215096
MDMin:  480 10:49:06    -2397.347426        0.199875
MDMin:  481 10:49:08    -2397.347478        0.238388
MDMin:  482 10:49:10    -2397.347514        0.243841
MDMin:  483 10:49:12    -2397.347530        0.170886
MDMin:  484 10:49:14    -2397.347550        0.165825
MDMin:  485 10:49:15    -2397.347573        0.160039
MDMin:  486 10:49:16    -2397.347601        0.153555
MDMin:  487 10:49:18    -2397.347633        0.146415
